[32mStart prefilling replay buffer[0m
[32mStart Stochastic DHPG (state observations, lax bisimulation) training[0m
----------------------------------------------
|              Train/Steps |        6.41e+05 |
|         Loss/Loss_critic |            0.02 |
|          Loss/Loss_actor |           -9.81 |
|          Loss/Loss_alpha |           0.103 |
|                SAC/Alpha |         0.00328 |
|           SAC/LogPi_mean |           -10.3 |
|              SAC/Q1_mean |            9.75 |
|              SAC/Q2_mean |            9.74 |
|       HPG/Lax_bisim_loss |            14.4 |
|      HPG/Transition_loss |            4.74 |
|          HPG/Reward_loss |          0.0267 |
| HPG/Abstract_critic_loss |             nan |
|  HPG/Abstract_actor_loss |             nan |
|         HPG/Lifting_loss |             nan |
|    HPG/Value_equivalence |             nan |
|     HPG/Abstract_Q1_mean |             nan |
|     HPG/Abstract_Q2_mean |             nan |
|         Norm/actor_model |              31 |
|        Norm/critic_model |            61.5 |
|       Norm/state_encoder |            60.2 |
|              Eval/Return |         2.5e-10 |
----------------------------------------------
WARNING:tensorboardX.x2num:NaN or Inf found in input tensor.
WARNING:tensorboardX.x2num:NaN or Inf found in input tensor.
WARNING:tensorboardX.x2num:NaN or Inf found in input tensor.
WARNING:tensorboardX.x2num:NaN or Inf found in input tensor.
WARNING:tensorboardX.x2num:NaN or Inf found in input tensor.
WARNING:tensorboardX.x2num:NaN or Inf found in input tensor.
