E0901 18:15:06.828580 1073410 cuda_executor.cc:1526] Could not get kernel mode driver version: (INVALID_ARGUMENT: Version does not match the format X.Y.Z)
E0901 18:15:06.837351 1073301 cuda_executor.cc:1526] Could not get kernel mode driver version: (INVALID_ARGUMENT: Version does not match the format X.Y.Z)
[32mStart prefilling replay buffer[0m
[32mStart SAC training[0m
[32m{'log_freq': 1000, 'save_freq': 1000000, 'eval_episode_freq': 10, 'hidden_size': 256, 'lr': 0.001, 'max_grad_norm': 0.0, 'gamma': 0.99, 'update_tau': 0.005, 'train_per_step': 8, 'episode_length': 1000, 'warmup_samples': 8192, 'max_replay_size': 4000000, 'batch_size': 512, 'total_env_steps': 5000000, 'init_temperature': 0.1, 'nstep': 3, 'bootstrap_on_truncation': True, 'rep_lr_scale': 1.0, 'vis_feq': 100000, 'n_vis_frames': 4, 'num_envs': 128, 'grad_steps': 50, 'transfer_freq': 10, 'transfer_steps': 8, 'reward_scaling': 1.0, 'num_eval_envs': 128, 'target_entropy': -3.0}[0m
[32m[nstep] nstep=3 bootstrap_on_truncation=True (discount from the buffer already contains gamma^nstep)[0m
-----------------------------------------------------------------
|                                 Train/Steps |        1.36e+05 |
|                            Loss/Loss_critic |           0.108 |
|                             Loss/Loss_actor |             -11 |
|                             Loss/Loss_alpha |        -0.00828 |
|               Loss/Loss_state_action_metric |           0.631 |
|                      Loss/Loss_state_metric |            0.38 |
|             Loss/Loss_state_action_to_state |         0.00171 |
|                           Loss/Act_rep_loss |           0.005 |
|                                   SAC/Alpha |          0.0134 |
|                              SAC/LogPi_mean |            3.68 |
|                                 SAC/Q1_mean |            10.8 |
|                                 SAC/Q2_mean |            10.8 |
|                            Norm/actor_model |            44.8 |
|                           Norm/critic_model |            51.6 |
|              Norm/state_action_metric_model |            31.3 |
|                     Norm/state_metric_model |            30.3 |
|        Norm/state_action_state_metric_model |            31.1 |
|                  Metric/self_state_distance |         0.00478 |
|                 Metric/cross_state_distance |            1.85 |
|           Metric/self_state_action_distance |          0.0169 |
|          Metric/cross_state_action_distance |            2.17 |
|             Metric/avg_self_state_asymmetry |               0 |
|            Metric/avg_cross_state_asymmetry |           0.025 |
|                Metric/avg_self_sa_asymmetry |               0 |
|               Metric/avg_cross_sa_asymmetry |          0.0323 |
|  Metric/self_state_action_to_state_distance |         0.00214 |
| Metric/cross_state_action_to_state_distance |            2.18 |
|                   Metric/h_lambda_diff_self |           0.015 |
|                  Metric/h_lambda_diff_cross |          0.0417 |
|                                 Eval/Return |             494 |
-----------------------------------------------------------------
-----------------------------------------------------------------
|                                 Train/Steps |        2.64e+05 |
|                            Loss/Loss_critic |            0.19 |
|                             Loss/Loss_actor |           -29.4 |
|                             Loss/Loss_alpha |        0.000947 |
|               Loss/Loss_state_action_metric |            1.58 |
|                      Loss/Loss_state_metric |           0.748 |
|             Loss/Loss_state_action_to_state |         0.00125 |
|                           Loss/Act_rep_loss |          0.0039 |
|                                   SAC/Alpha |          0.0213 |
|                              SAC/LogPi_mean |            2.76 |
|                                 SAC/Q1_mean |            29.4 |
|                                 SAC/Q2_mean |            29.3 |
|                            Norm/actor_model |            60.3 |
|                           Norm/critic_model |            67.9 |
|              Norm/state_action_metric_model |            33.6 |
|                     Norm/state_metric_model |            34.1 |
|        Norm/state_action_state_metric_model |            32.9 |
|                  Metric/self_state_distance |         0.00185 |
|                 Metric/cross_state_distance |             2.2 |
|           Metric/self_state_action_distance |          0.0173 |
|          Metric/cross_state_action_distance |            2.99 |
|             Metric/avg_self_state_asymmetry |               0 |
|            Metric/avg_cross_state_asymmetry |          0.0391 |
|                Metric/avg_self_sa_asymmetry |               0 |
|               Metric/avg_cross_sa_asymmetry |          0.0327 |
|  Metric/self_state_action_to_state_distance |         0.00264 |
| Metric/cross_state_action_to_state_distance |            2.97 |
|                   Metric/h_lambda_diff_self |          0.0152 |
|                  Metric/h_lambda_diff_cross |          0.0491 |
|                                 Eval/Return |             733 |
-----------------------------------------------------------------
-----------------------------------------------------------------
|                                 Train/Steps |        3.92e+05 |
|                            Loss/Loss_critic |           0.149 |
|                             Loss/Loss_actor |           -43.9 |
|                             Loss/Loss_alpha |         0.00817 |
|               Loss/Loss_state_action_metric |             1.5 |
|                      Loss/Loss_state_metric |           0.789 |
|             Loss/Loss_state_action_to_state |         0.00109 |
|                           Loss/Act_rep_loss |         0.00131 |
|                                   SAC/Alpha |          0.0238 |
|                              SAC/LogPi_mean |            2.52 |
|                                 SAC/Q1_mean |            43.8 |
|                                 SAC/Q2_mean |            43.9 |
|                            Norm/actor_model |              70 |
|                           Norm/critic_model |            79.1 |
|              Norm/state_action_metric_model |              36 |
|                     Norm/state_metric_model |            39.2 |
|        Norm/state_action_state_metric_model |            34.9 |
|                  Metric/self_state_distance |         0.00267 |
|                 Metric/cross_state_distance |            2.22 |
|           Metric/self_state_action_distance |          0.0121 |
|          Metric/cross_state_action_distance |            2.97 |
|             Metric/avg_self_state_asymmetry |               0 |
|            Metric/avg_cross_state_asymmetry |          0.0207 |
|                Metric/avg_self_sa_asymmetry |               0 |
|               Metric/avg_cross_sa_asymmetry |           0.023 |
|  Metric/self_state_action_to_state_distance |         0.00292 |
| Metric/cross_state_action_to_state_distance |            2.96 |
|                   Metric/h_lambda_diff_self |           0.011 |
|                  Metric/h_lambda_diff_cross |          0.0453 |
|                                 Eval/Return |             790 |
-----------------------------------------------------------------
-----------------------------------------------------------------
|                                 Train/Steps |         5.2e+05 |
|                            Loss/Loss_critic |           0.187 |
|                             Loss/Loss_actor |           -54.8 |
|                             Loss/Loss_alpha |         0.00265 |
|               Loss/Loss_state_action_metric |            1.61 |
|                      Loss/Loss_state_metric |           0.788 |
|             Loss/Loss_state_action_to_state |        0.000884 |
|                           Loss/Act_rep_loss |        0.000131 |
|                                   SAC/Alpha |          0.0224 |
|                              SAC/LogPi_mean |            2.92 |
|                                 SAC/Q1_mean |            54.7 |
|                                 SAC/Q2_mean |            54.8 |
|                            Norm/actor_model |            77.3 |
|                           Norm/critic_model |            87.1 |
|              Norm/state_action_metric_model |            38.6 |
|                     Norm/state_metric_model |            43.6 |
|        Norm/state_action_state_metric_model |            37.2 |
|                  Metric/self_state_distance |         0.00149 |
|                 Metric/cross_state_distance |            2.17 |
|           Metric/self_state_action_distance |         0.00696 |
|          Metric/cross_state_action_distance |             2.9 |
|             Metric/avg_self_state_asymmetry |               0 |
|            Metric/avg_cross_state_asymmetry |          0.0189 |
|                Metric/avg_self_sa_asymmetry |               0 |
|               Metric/avg_cross_sa_asymmetry |          0.0235 |
|  Metric/self_state_action_to_state_distance |         0.00124 |
| Metric/cross_state_action_to_state_distance |             2.9 |
|                   Metric/h_lambda_diff_self |         0.00653 |
|                  Metric/h_lambda_diff_cross |          0.0414 |
|                                 Eval/Return |             814 |
-----------------------------------------------------------------
-----------------------------------------------------------------
|                                 Train/Steps |        6.48e+05 |
|                            Loss/Loss_critic |           0.146 |
|                             Loss/Loss_actor |             -62 |
|                             Loss/Loss_alpha |        -0.00405 |
|               Loss/Loss_state_action_metric |            1.47 |
|                      Loss/Loss_state_metric |            0.72 |
|             Loss/Loss_state_action_to_state |          0.0006 |
|                           Loss/Act_rep_loss |        4.56e-06 |
|                                   SAC/Alpha |          0.0215 |
|                              SAC/LogPi_mean |            3.29 |
|                                 SAC/Q1_mean |            61.9 |
|                                 SAC/Q2_mean |            61.9 |
|                            Norm/actor_model |            83.2 |
|                           Norm/critic_model |            93.3 |
|              Norm/state_action_metric_model |            41.1 |
|                     Norm/state_metric_model |            48.2 |
|        Norm/state_action_state_metric_model |            39.9 |
|                  Metric/self_state_distance |         0.00137 |
|                 Metric/cross_state_distance |            2.09 |
|           Metric/self_state_action_distance |         0.00364 |
|          Metric/cross_state_action_distance |            2.76 |
|             Metric/avg_self_state_asymmetry |               0 |
|            Metric/avg_cross_state_asymmetry |          0.0235 |
|                Metric/avg_self_sa_asymmetry |               0 |
|               Metric/avg_cross_sa_asymmetry |          0.0193 |
|  Metric/self_state_action_to_state_distance |        9.62e-05 |
| Metric/cross_state_action_to_state_distance |            2.76 |
|                   Metric/h_lambda_diff_self |         0.00355 |
|                  Metric/h_lambda_diff_cross |          0.0256 |
|                                 Eval/Return |             845 |
-----------------------------------------------------------------
-----------------------------------------------------------------
|                                 Train/Steps |        7.76e+05 |
|                            Loss/Loss_critic |           0.155 |
|                             Loss/Loss_actor |           -65.5 |
|                             Loss/Loss_alpha |         0.00463 |
|               Loss/Loss_state_action_metric |             1.3 |
|                      Loss/Loss_state_metric |           0.636 |
|             Loss/Loss_state_action_to_state |        0.000688 |
|                           Loss/Act_rep_loss |        5.41e-06 |
|                                   SAC/Alpha |          0.0212 |
|                              SAC/LogPi_mean |            2.89 |
|                                 SAC/Q1_mean |            65.5 |
|                                 SAC/Q2_mean |            65.5 |
|                            Norm/actor_model |            88.1 |
|                           Norm/critic_model |            98.8 |
|              Norm/state_action_metric_model |            43.6 |
|                     Norm/state_metric_model |            53.2 |
|        Norm/state_action_state_metric_model |            42.2 |
|                  Metric/self_state_distance |          0.0019 |
|                 Metric/cross_state_distance |            2.06 |
|           Metric/self_state_action_distance |         0.00221 |
|          Metric/cross_state_action_distance |            2.63 |
|             Metric/avg_self_state_asymmetry |               0 |
|            Metric/avg_cross_state_asymmetry |          0.0285 |
|                Metric/avg_self_sa_asymmetry |               0 |
|               Metric/avg_cross_sa_asymmetry |          0.0181 |
|  Metric/self_state_action_to_state_distance |         0.00167 |
| Metric/cross_state_action_to_state_distance |            2.65 |
|                   Metric/h_lambda_diff_self |         0.00274 |
|                  Metric/h_lambda_diff_cross |          0.0417 |
|                                 Eval/Return |             863 |
-----------------------------------------------------------------
-----------------------------------------------------------------
|                                 Train/Steps |        9.04e+05 |
|                            Loss/Loss_critic |           0.127 |
|                             Loss/Loss_actor |           -69.8 |
|                             Loss/Loss_alpha |         -0.0031 |
|               Loss/Loss_state_action_metric |            1.16 |
|                      Loss/Loss_state_metric |           0.547 |
|             Loss/Loss_state_action_to_state |        0.000385 |
|                           Loss/Act_rep_loss |        1.61e-05 |
|                                   SAC/Alpha |          0.0211 |
|                              SAC/LogPi_mean |            2.93 |
|                                 SAC/Q1_mean |            69.8 |
|                                 SAC/Q2_mean |            69.9 |
|                            Norm/actor_model |            92.4 |
|                           Norm/critic_model |             104 |
|              Norm/state_action_metric_model |            46.3 |
|                     Norm/state_metric_model |              58 |
|        Norm/state_action_state_metric_model |            44.6 |
|                  Metric/self_state_distance |         0.00173 |
|                 Metric/cross_state_distance |            1.88 |
|           Metric/self_state_action_distance |         0.00578 |
|          Metric/cross_state_action_distance |            2.55 |
|             Metric/avg_self_state_asymmetry |               0 |
|            Metric/avg_cross_state_asymmetry |          0.0171 |
|                Metric/avg_self_sa_asymmetry |               0 |
|               Metric/avg_cross_sa_asymmetry |          0.0175 |
|  Metric/self_state_action_to_state_distance |        0.000792 |
| Metric/cross_state_action_to_state_distance |            2.55 |
|                   Metric/h_lambda_diff_self |         0.00517 |
|                  Metric/h_lambda_diff_cross |          0.0249 |
|                                 Eval/Return |             878 |
-----------------------------------------------------------------
-----------------------------------------------------------------
|                                 Train/Steps |        1.03e+06 |
|                            Loss/Loss_critic |           0.114 |
|                             Loss/Loss_actor |           -72.3 |
|                             Loss/Loss_alpha |         0.00474 |
|               Loss/Loss_state_action_metric |            1.22 |
|                      Loss/Loss_state_metric |           0.479 |
|             Loss/Loss_state_action_to_state |        0.000358 |
|                           Loss/Act_rep_loss |        3.01e-05 |
|                                   SAC/Alpha |          0.0218 |
|                              SAC/LogPi_mean |            2.74 |
|                                 SAC/Q1_mean |            72.3 |
|                                 SAC/Q2_mean |            72.3 |
|                            Norm/actor_model |            96.4 |
|                           Norm/critic_model |             108 |
|              Norm/state_action_metric_model |            48.7 |
|                     Norm/state_metric_model |            62.3 |
|        Norm/state_action_state_metric_model |            46.8 |
|                  Metric/self_state_distance |          0.0017 |
|                 Metric/cross_state_distance |            1.82 |
|           Metric/self_state_action_distance |         0.00603 |
|          Metric/cross_state_action_distance |            2.45 |
|             Metric/avg_self_state_asymmetry |               0 |
|            Metric/avg_cross_state_asymmetry |          0.0216 |
|                Metric/avg_self_sa_asymmetry |               0 |
|               Metric/avg_cross_sa_asymmetry |          0.0178 |
|  Metric/self_state_action_to_state_distance |         0.00104 |
| Metric/cross_state_action_to_state_distance |            2.44 |
|                   Metric/h_lambda_diff_self |         0.00544 |
|                  Metric/h_lambda_diff_cross |          0.0284 |
|                                 Eval/Return |             892 |
-----------------------------------------------------------------
[32mSaving model …[0m
[32mDone.[0m
[32mSaving model …[0m
[32mDone.[0m
-----------------------------------------------------------------
|                                 Train/Steps |        1.16e+06 |
|                            Loss/Loss_critic |           0.112 |
|                             Loss/Loss_actor |           -73.8 |
|                             Loss/Loss_alpha |       -0.000616 |
|               Loss/Loss_state_action_metric |            1.14 |
|                      Loss/Loss_state_metric |           0.423 |
|             Loss/Loss_state_action_to_state |        0.000406 |
|                           Loss/Act_rep_loss |               0 |
|                                   SAC/Alpha |          0.0211 |
|                              SAC/LogPi_mean |            3.04 |
|                                 SAC/Q1_mean |            73.8 |
|                                 SAC/Q2_mean |            73.8 |
|                            Norm/actor_model |             100 |
|                           Norm/critic_model |             112 |
|              Norm/state_action_metric_model |            51.2 |
|                     Norm/state_metric_model |            66.9 |
|        Norm/state_action_state_metric_model |            48.9 |
|                  Metric/self_state_distance |         0.00208 |
|                 Metric/cross_state_distance |            1.71 |
|           Metric/self_state_action_distance |         0.00256 |
|          Metric/cross_state_action_distance |            2.44 |
|             Metric/avg_self_state_asymmetry |               0 |
|            Metric/avg_cross_state_asymmetry |          0.0203 |
|                Metric/avg_self_sa_asymmetry |               0 |
|               Metric/avg_cross_sa_asymmetry |           0.028 |
|  Metric/self_state_action_to_state_distance |        0.000471 |
| Metric/cross_state_action_to_state_distance |            2.45 |
|                   Metric/h_lambda_diff_self |         0.00227 |
|                  Metric/h_lambda_diff_cross |          0.0291 |
|                                 Eval/Return |             895 |
-----------------------------------------------------------------
-----------------------------------------------------------------
|                                 Train/Steps |        1.29e+06 |
|                            Loss/Loss_critic |           0.189 |
|                             Loss/Loss_actor |           -75.4 |
|                             Loss/Loss_alpha |         0.00186 |
|               Loss/Loss_state_action_metric |           0.939 |
|                      Loss/Loss_state_metric |           0.456 |
|             Loss/Loss_state_action_to_state |        0.000354 |
|                           Loss/Act_rep_loss |         3.5e-06 |
|                                   SAC/Alpha |           0.022 |
|                              SAC/LogPi_mean |            2.93 |
|                                 SAC/Q1_mean |            75.4 |
|                                 SAC/Q2_mean |            75.4 |
|                            Norm/actor_model |             104 |
|                           Norm/critic_model |             116 |
|              Norm/state_action_metric_model |            53.5 |
|                     Norm/state_metric_model |            70.7 |
|        Norm/state_action_state_metric_model |              51 |
|                  Metric/self_state_distance |        0.000711 |
|                 Metric/cross_state_distance |            1.78 |
|           Metric/self_state_action_distance |         0.00186 |
|          Metric/cross_state_action_distance |            2.43 |
|             Metric/avg_self_state_asymmetry |               0 |
|            Metric/avg_cross_state_asymmetry |          0.0119 |
|                Metric/avg_self_sa_asymmetry |               0 |
|               Metric/avg_cross_sa_asymmetry |          0.0212 |
|  Metric/self_state_action_to_state_distance |        0.000375 |
| Metric/cross_state_action_to_state_distance |             2.4 |
|                   Metric/h_lambda_diff_self |          0.0017 |
|                  Metric/h_lambda_diff_cross |          0.0356 |
|                                 Eval/Return |             903 |
-----------------------------------------------------------------
-----------------------------------------------------------------
|                                 Train/Steps |        1.42e+06 |
|                            Loss/Loss_critic |           0.122 |
|                             Loss/Loss_actor |           -77.5 |
|                             Loss/Loss_alpha |        -0.00136 |
|               Loss/Loss_state_action_metric |            1.04 |
|                      Loss/Loss_state_metric |            0.49 |
|             Loss/Loss_state_action_to_state |        0.000601 |
|                           Loss/Act_rep_loss |        3.91e-05 |
|                                   SAC/Alpha |          0.0222 |
|                              SAC/LogPi_mean |            2.87 |
|                                 SAC/Q1_mean |            77.6 |
|                                 SAC/Q2_mean |            77.5 |
|                            Norm/actor_model |             107 |
|                           Norm/critic_model |             120 |
|              Norm/state_action_metric_model |            55.7 |
|                     Norm/state_metric_model |            74.4 |
|        Norm/state_action_state_metric_model |            53.1 |
|                  Metric/self_state_distance |        0.000604 |
|                 Metric/cross_state_distance |            1.77 |
|           Metric/self_state_action_distance |         0.00125 |
|          Metric/cross_state_action_distance |            2.45 |
|             Metric/avg_self_state_asymmetry |               0 |
|            Metric/avg_cross_state_asymmetry |          0.0169 |
|                Metric/avg_self_sa_asymmetry |               0 |
|               Metric/avg_cross_sa_asymmetry |          0.0159 |
|  Metric/self_state_action_to_state_distance |        0.000236 |
| Metric/cross_state_action_to_state_distance |            2.43 |
|                   Metric/h_lambda_diff_self |         0.00117 |
|                  Metric/h_lambda_diff_cross |          0.0305 |
|                                 Eval/Return |             906 |
-----------------------------------------------------------------
-----------------------------------------------------------------
|                                 Train/Steps |        1.54e+06 |
|                            Loss/Loss_critic |           0.115 |
|                             Loss/Loss_actor |           -78.6 |
|                             Loss/Loss_alpha |         0.00132 |
|               Loss/Loss_state_action_metric |            1.25 |
|                      Loss/Loss_state_metric |           0.451 |
|             Loss/Loss_state_action_to_state |        0.000349 |
|                           Loss/Act_rep_loss |        8.75e-06 |
|                                   SAC/Alpha |          0.0215 |
|                              SAC/LogPi_mean |            3.12 |
|                                 SAC/Q1_mean |            78.6 |
|                                 SAC/Q2_mean |            78.6 |
|                            Norm/actor_model |             110 |
|                           Norm/critic_model |             124 |
|              Norm/state_action_metric_model |            57.8 |
|                     Norm/state_metric_model |            77.9 |
|        Norm/state_action_state_metric_model |            55.2 |
|                  Metric/self_state_distance |           0.002 |
|                 Metric/cross_state_distance |            1.76 |
|           Metric/self_state_action_distance |          0.0032 |
|          Metric/cross_state_action_distance |            2.39 |
|             Metric/avg_self_state_asymmetry |               0 |
|            Metric/avg_cross_state_asymmetry |          0.0134 |
|                Metric/avg_self_sa_asymmetry |               0 |
|               Metric/avg_cross_sa_asymmetry |          0.0153 |
|  Metric/self_state_action_to_state_distance |        0.000116 |
| Metric/cross_state_action_to_state_distance |            2.38 |
|                   Metric/h_lambda_diff_self |         0.00308 |
|                  Metric/h_lambda_diff_cross |          0.0202 |
|                                 Eval/Return |             906 |
-----------------------------------------------------------------
-----------------------------------------------------------------
|                                 Train/Steps |        1.67e+06 |
|                            Loss/Loss_critic |          0.0914 |
|                             Loss/Loss_actor |           -79.4 |
|                             Loss/Loss_alpha |         0.00186 |
|               Loss/Loss_state_action_metric |            1.03 |
|                      Loss/Loss_state_metric |           0.427 |
|             Loss/Loss_state_action_to_state |        0.000606 |
|                           Loss/Act_rep_loss |        3.92e-06 |
|                                   SAC/Alpha |          0.0201 |
|                              SAC/LogPi_mean |            2.96 |
|                                 SAC/Q1_mean |            79.4 |
|                                 SAC/Q2_mean |            79.4 |
|                            Norm/actor_model |             113 |
|                           Norm/critic_model |             128 |
|              Norm/state_action_metric_model |              60 |
|                     Norm/state_metric_model |            80.5 |
|        Norm/state_action_state_metric_model |            57.2 |
|                  Metric/self_state_distance |        0.000136 |
|                 Metric/cross_state_distance |            1.72 |
|           Metric/self_state_action_distance |         0.00167 |
|          Metric/cross_state_action_distance |            2.38 |
|             Metric/avg_self_state_asymmetry |               0 |
|            Metric/avg_cross_state_asymmetry |          0.0146 |
|                Metric/avg_self_sa_asymmetry |               0 |
|               Metric/avg_cross_sa_asymmetry |          0.0181 |
|  Metric/self_state_action_to_state_distance |        0.000997 |
| Metric/cross_state_action_to_state_distance |            2.36 |
|                   Metric/h_lambda_diff_self |         0.00189 |
|                  Metric/h_lambda_diff_cross |          0.0264 |
|                                 Eval/Return |             906 |
-----------------------------------------------------------------
-----------------------------------------------------------------
|                                 Train/Steps |         1.8e+06 |
|                            Loss/Loss_critic |           0.116 |
|                             Loss/Loss_actor |           -80.1 |
|                             Loss/Loss_alpha |        -0.00442 |
|               Loss/Loss_state_action_metric |            1.09 |
|                      Loss/Loss_state_metric |           0.466 |
|             Loss/Loss_state_action_to_state |        0.000649 |
|                           Loss/Act_rep_loss |         0.00108 |
|                                   SAC/Alpha |           0.021 |
|                              SAC/LogPi_mean |            2.98 |
|                                 SAC/Q1_mean |            80.1 |
|                                 SAC/Q2_mean |            80.2 |
|                            Norm/actor_model |             116 |
|                           Norm/critic_model |             132 |
|              Norm/state_action_metric_model |            61.9 |
|                     Norm/state_metric_model |            83.4 |
|        Norm/state_action_state_metric_model |            59.2 |
|                  Metric/self_state_distance |        0.000489 |
|                 Metric/cross_state_distance |             1.7 |
|           Metric/self_state_action_distance |         0.00217 |
|          Metric/cross_state_action_distance |            2.36 |
|             Metric/avg_self_state_asymmetry |               0 |
|            Metric/avg_cross_state_asymmetry |          0.0111 |
|                Metric/avg_self_sa_asymmetry |               0 |
|               Metric/avg_cross_sa_asymmetry |          0.0161 |
|  Metric/self_state_action_to_state_distance |        0.000128 |
| Metric/cross_state_action_to_state_distance |            2.36 |
|                   Metric/h_lambda_diff_self |         0.00207 |
|                  Metric/h_lambda_diff_cross |          0.0233 |
|                                 Eval/Return |             909 |
-----------------------------------------------------------------
-----------------------------------------------------------------
|                                 Train/Steps |        1.93e+06 |
|                            Loss/Loss_critic |           0.103 |
|                             Loss/Loss_actor |           -81.9 |
|                             Loss/Loss_alpha |         0.00294 |
|               Loss/Loss_state_action_metric |            1.14 |
|                      Loss/Loss_state_metric |           0.461 |
|             Loss/Loss_state_action_to_state |        0.000283 |
|                           Loss/Act_rep_loss |        0.000731 |
|                                   SAC/Alpha |          0.0202 |
|                              SAC/LogPi_mean |             2.9 |
|                                 SAC/Q1_mean |            81.9 |
|                                 SAC/Q2_mean |            81.9 |
|                            Norm/actor_model |             119 |
|                           Norm/critic_model |             135 |
|              Norm/state_action_metric_model |            63.7 |
|                     Norm/state_metric_model |            86.3 |
|        Norm/state_action_state_metric_model |            61.1 |
|                  Metric/self_state_distance |        0.000652 |
|                 Metric/cross_state_distance |            1.71 |
|           Metric/self_state_action_distance |         0.00219 |
|          Metric/cross_state_action_distance |            2.38 |
|             Metric/avg_self_state_asymmetry |               0 |
|            Metric/avg_cross_state_asymmetry |           0.013 |
|                Metric/avg_self_sa_asymmetry |               0 |
|               Metric/avg_cross_sa_asymmetry |          0.0186 |
|  Metric/self_state_action_to_state_distance |        6.68e-05 |
| Metric/cross_state_action_to_state_distance |            2.38 |
|                   Metric/h_lambda_diff_self |         0.00214 |
|                  Metric/h_lambda_diff_cross |           0.027 |
|                                 Eval/Return |             903 |
-----------------------------------------------------------------
-----------------------------------------------------------------
|                                 Train/Steps |        2.06e+06 |
|                            Loss/Loss_critic |          0.0796 |
|                             Loss/Loss_actor |           -82.8 |
|                             Loss/Loss_alpha |        8.04e-05 |
|               Loss/Loss_state_action_metric |            1.18 |
|                      Loss/Loss_state_metric |           0.398 |
|             Loss/Loss_state_action_to_state |        0.000424 |
|                           Loss/Act_rep_loss |        0.000741 |
|                                   SAC/Alpha |          0.0186 |
|                              SAC/LogPi_mean |            3.12 |
|                                 SAC/Q1_mean |            82.8 |
|                                 SAC/Q2_mean |            82.9 |
|                            Norm/actor_model |             122 |
|                           Norm/critic_model |             139 |
|              Norm/state_action_metric_model |            65.5 |
|                     Norm/state_metric_model |            88.9 |
|        Norm/state_action_state_metric_model |            62.9 |
|                  Metric/self_state_distance |        0.000658 |
|                 Metric/cross_state_distance |            1.66 |
|           Metric/self_state_action_distance |         0.00258 |
|          Metric/cross_state_action_distance |            2.37 |
|             Metric/avg_self_state_asymmetry |               0 |
|            Metric/avg_cross_state_asymmetry |          0.0112 |
|                Metric/avg_self_sa_asymmetry |               0 |
|               Metric/avg_cross_sa_asymmetry |          0.0172 |
|  Metric/self_state_action_to_state_distance |        0.000497 |
| Metric/cross_state_action_to_state_distance |            2.36 |
|                   Metric/h_lambda_diff_self |         0.00225 |
|                  Metric/h_lambda_diff_cross |          0.0195 |
|                                 Eval/Return |             905 |
-----------------------------------------------------------------
[32mSaving model …[0m
[32mDone.[0m
[32mSaving model …[0m
[32mDone.[0m
-----------------------------------------------------------------
|                                 Train/Steps |        2.18e+06 |
|                            Loss/Loss_critic |           0.129 |
|                             Loss/Loss_actor |           -84.1 |
|                             Loss/Loss_alpha |         -0.0046 |
|               Loss/Loss_state_action_metric |           0.904 |
|                      Loss/Loss_state_metric |           0.354 |
|             Loss/Loss_state_action_to_state |        0.000402 |
|                           Loss/Act_rep_loss |          0.0013 |
|                                   SAC/Alpha |          0.0182 |
|                              SAC/LogPi_mean |            3.11 |
|                                 SAC/Q1_mean |            84.1 |
|                                 SAC/Q2_mean |            84.2 |
|                            Norm/actor_model |             125 |
|                           Norm/critic_model |             143 |
|              Norm/state_action_metric_model |            66.9 |
|                     Norm/state_metric_model |            91.5 |
|        Norm/state_action_state_metric_model |            64.5 |
|                  Metric/self_state_distance |        0.000576 |
|                 Metric/cross_state_distance |            1.65 |
|           Metric/self_state_action_distance |         0.00521 |
|          Metric/cross_state_action_distance |             2.2 |
|             Metric/avg_self_state_asymmetry |               0 |
|            Metric/avg_cross_state_asymmetry |          0.0121 |
|                Metric/avg_self_sa_asymmetry |               0 |
|               Metric/avg_cross_sa_asymmetry |          0.0166 |
|  Metric/self_state_action_to_state_distance |        0.000583 |
| Metric/cross_state_action_to_state_distance |             2.2 |
|                   Metric/h_lambda_diff_self |         0.00503 |
|                  Metric/h_lambda_diff_cross |          0.0227 |
|                                 Eval/Return |             911 |
-----------------------------------------------------------------
-----------------------------------------------------------------
|                                 Train/Steps |        2.31e+06 |
|                            Loss/Loss_critic |          0.0688 |
|                             Loss/Loss_actor |           -85.2 |
|                             Loss/Loss_alpha |        -0.00191 |
|               Loss/Loss_state_action_metric |           0.616 |
|                      Loss/Loss_state_metric |           0.264 |
|             Loss/Loss_state_action_to_state |         0.00028 |
|                           Loss/Act_rep_loss |        0.000438 |
|                                   SAC/Alpha |          0.0183 |
|                              SAC/LogPi_mean |            3.05 |
|                                 SAC/Q1_mean |            85.4 |
|                                 SAC/Q2_mean |            85.2 |
|                            Norm/actor_model |             127 |
|                           Norm/critic_model |             146 |
|              Norm/state_action_metric_model |            68.5 |
|                     Norm/state_metric_model |              94 |
|        Norm/state_action_state_metric_model |              66 |
|                  Metric/self_state_distance |        0.000125 |
|                 Metric/cross_state_distance |            1.53 |
|           Metric/self_state_action_distance |        0.000811 |
|          Metric/cross_state_action_distance |             2.1 |
|             Metric/avg_self_state_asymmetry |               0 |
|            Metric/avg_cross_state_asymmetry |          0.0101 |
|                Metric/avg_self_sa_asymmetry |               0 |
|               Metric/avg_cross_sa_asymmetry |          0.0158 |
|  Metric/self_state_action_to_state_distance |          0.0006 |
| Metric/cross_state_action_to_state_distance |            2.09 |
|                   Metric/h_lambda_diff_self |        0.000661 |
|                  Metric/h_lambda_diff_cross |          0.0237 |
|                                 Eval/Return |             914 |
-----------------------------------------------------------------
-----------------------------------------------------------------
|                                 Train/Steps |        2.44e+06 |
|                            Loss/Loss_critic |           0.107 |
|                             Loss/Loss_actor |           -85.3 |
|                             Loss/Loss_alpha |        -0.00383 |
|               Loss/Loss_state_action_metric |            1.04 |
|                      Loss/Loss_state_metric |           0.326 |
|             Loss/Loss_state_action_to_state |         0.00085 |
|                           Loss/Act_rep_loss |        0.000608 |
|                                   SAC/Alpha |           0.017 |
|                              SAC/LogPi_mean |            3.08 |
|                                 SAC/Q1_mean |            85.3 |
|                                 SAC/Q2_mean |            85.3 |
|                            Norm/actor_model |             130 |
|                           Norm/critic_model |             150 |
|              Norm/state_action_metric_model |            70.2 |
|                     Norm/state_metric_model |            96.4 |
|        Norm/state_action_state_metric_model |            67.8 |
|                  Metric/self_state_distance |         0.00136 |
|                 Metric/cross_state_distance |             1.6 |
|           Metric/self_state_action_distance |         0.00168 |
|          Metric/cross_state_action_distance |            2.22 |
|             Metric/avg_self_state_asymmetry |               0 |
|            Metric/avg_cross_state_asymmetry |          0.0102 |
|                Metric/avg_self_sa_asymmetry |               0 |
|               Metric/avg_cross_sa_asymmetry |          0.0155 |
|  Metric/self_state_action_to_state_distance |         0.00134 |
| Metric/cross_state_action_to_state_distance |             2.2 |
|                   Metric/h_lambda_diff_self |         0.00181 |
|                  Metric/h_lambda_diff_cross |          0.0253 |
|                                 Eval/Return |             910 |
-----------------------------------------------------------------
-----------------------------------------------------------------
|                                 Train/Steps |        2.57e+06 |
|                            Loss/Loss_critic |           0.084 |
|                             Loss/Loss_actor |           -85.8 |
|                             Loss/Loss_alpha |         0.00272 |
|               Loss/Loss_state_action_metric |           0.799 |
|                      Loss/Loss_state_metric |           0.374 |
|             Loss/Loss_state_action_to_state |        0.000293 |
|                           Loss/Act_rep_loss |         0.00031 |
|                                   SAC/Alpha |          0.0156 |
|                              SAC/LogPi_mean |            2.85 |
|                                 SAC/Q1_mean |            85.8 |
|                                 SAC/Q2_mean |            85.8 |
|                            Norm/actor_model |             133 |
|                           Norm/critic_model |             153 |
|              Norm/state_action_metric_model |            71.7 |
|                     Norm/state_metric_model |            98.9 |
|        Norm/state_action_state_metric_model |            69.3 |
|                  Metric/self_state_distance |        0.000678 |
|                 Metric/cross_state_distance |            1.63 |
|           Metric/self_state_action_distance |         0.00146 |
|          Metric/cross_state_action_distance |            2.21 |
|             Metric/avg_self_state_asymmetry |               0 |
|            Metric/avg_cross_state_asymmetry |         0.00994 |
|                Metric/avg_self_sa_asymmetry |               0 |
|               Metric/avg_cross_sa_asymmetry |          0.0152 |
|  Metric/self_state_action_to_state_distance |        0.000182 |
| Metric/cross_state_action_to_state_distance |            2.21 |
|                   Metric/h_lambda_diff_self |         0.00141 |
|                  Metric/h_lambda_diff_cross |           0.023 |
|                                 Eval/Return |             912 |
-----------------------------------------------------------------
-----------------------------------------------------------------
|                                 Train/Steps |         2.7e+06 |
|                            Loss/Loss_critic |           0.059 |
|                             Loss/Loss_actor |           -86.9 |
|                             Loss/Loss_alpha |        -0.00232 |
|               Loss/Loss_state_action_metric |             0.8 |
|                      Loss/Loss_state_metric |           0.343 |
|             Loss/Loss_state_action_to_state |        0.000231 |
|                           Loss/Act_rep_loss |        0.000975 |
|                                   SAC/Alpha |          0.0159 |
|                              SAC/LogPi_mean |            3.14 |
|                                 SAC/Q1_mean |              87 |
|                                 SAC/Q2_mean |            86.9 |
|                            Norm/actor_model |             135 |
|                           Norm/critic_model |             156 |
|              Norm/state_action_metric_model |            73.3 |
|                     Norm/state_metric_model |             101 |
|        Norm/state_action_state_metric_model |            70.8 |
|                  Metric/self_state_distance |         0.00191 |
|                 Metric/cross_state_distance |            1.55 |
|           Metric/self_state_action_distance |         0.00169 |
|          Metric/cross_state_action_distance |            2.08 |
|             Metric/avg_self_state_asymmetry |               0 |
|            Metric/avg_cross_state_asymmetry |         0.00997 |
|                Metric/avg_self_sa_asymmetry |               0 |
|               Metric/avg_cross_sa_asymmetry |          0.0149 |
|  Metric/self_state_action_to_state_distance |        0.000654 |
| Metric/cross_state_action_to_state_distance |            2.09 |
|                   Metric/h_lambda_diff_self |         0.00162 |
|                  Metric/h_lambda_diff_cross |           0.018 |
|                                 Eval/Return |             916 |
-----------------------------------------------------------------
-----------------------------------------------------------------
|                                 Train/Steps |        2.82e+06 |
|                            Loss/Loss_critic |           0.132 |
|                             Loss/Loss_actor |           -85.6 |
|                             Loss/Loss_alpha |         -0.0037 |
|               Loss/Loss_state_action_metric |           0.969 |
|                      Loss/Loss_state_metric |           0.405 |
|             Loss/Loss_state_action_to_state |        0.000306 |
|                           Loss/Act_rep_loss |        0.000228 |
|                                   SAC/Alpha |          0.0155 |
|                              SAC/LogPi_mean |            3.37 |
|                                 SAC/Q1_mean |            85.6 |
|                                 SAC/Q2_mean |            85.6 |
|                            Norm/actor_model |             138 |
|                           Norm/critic_model |             159 |
|              Norm/state_action_metric_model |            74.8 |
|                     Norm/state_metric_model |             103 |
|        Norm/state_action_state_metric_model |            72.4 |
|                  Metric/self_state_distance |         0.00019 |
|                 Metric/cross_state_distance |            1.66 |
|           Metric/self_state_action_distance |         0.00138 |
|          Metric/cross_state_action_distance |            2.24 |
|             Metric/avg_self_state_asymmetry |               0 |
|            Metric/avg_cross_state_asymmetry |          0.0104 |
|                Metric/avg_self_sa_asymmetry |               0 |
|               Metric/avg_cross_sa_asymmetry |          0.0153 |
|  Metric/self_state_action_to_state_distance |        2.58e-06 |
| Metric/cross_state_action_to_state_distance |            2.23 |
|                   Metric/h_lambda_diff_self |         0.00138 |
|                  Metric/h_lambda_diff_cross |          0.0153 |
|                                 Eval/Return |             916 |
-----------------------------------------------------------------
-----------------------------------------------------------------
|                                 Train/Steps |        2.95e+06 |
|                            Loss/Loss_critic |          0.0748 |
|                             Loss/Loss_actor |           -85.8 |
|                             Loss/Loss_alpha |        -0.00737 |
|               Loss/Loss_state_action_metric |            1.14 |
|                      Loss/Loss_state_metric |           0.428 |
|             Loss/Loss_state_action_to_state |        0.000203 |
|                           Loss/Act_rep_loss |        4.76e-05 |
|                                   SAC/Alpha |          0.0143 |
|                              SAC/LogPi_mean |            3.36 |
|                                 SAC/Q1_mean |            85.8 |
|                                 SAC/Q2_mean |            85.8 |
|                            Norm/actor_model |             141 |
|                           Norm/critic_model |             162 |
|              Norm/state_action_metric_model |            76.2 |
|                     Norm/state_metric_model |             106 |
|        Norm/state_action_state_metric_model |            73.8 |
|                  Metric/self_state_distance |         0.00036 |
|                 Metric/cross_state_distance |            1.72 |
|           Metric/self_state_action_distance |         0.00125 |
|          Metric/cross_state_action_distance |            2.29 |
|             Metric/avg_self_state_asymmetry |               0 |
|            Metric/avg_cross_state_asymmetry |         0.00998 |
|                Metric/avg_self_sa_asymmetry |               0 |
|               Metric/avg_cross_sa_asymmetry |          0.0138 |
|  Metric/self_state_action_to_state_distance |         0.00148 |
| Metric/cross_state_action_to_state_distance |            2.29 |
|                   Metric/h_lambda_diff_self |         0.00222 |
|                  Metric/h_lambda_diff_cross |          0.0244 |
|                                 Eval/Return |             913 |
-----------------------------------------------------------------
-----------------------------------------------------------------
|                                 Train/Steps |        3.08e+06 |
|                            Loss/Loss_critic |           0.138 |
|                             Loss/Loss_actor |           -87.3 |
|                             Loss/Loss_alpha |         0.00105 |
|               Loss/Loss_state_action_metric |            1.15 |
|                      Loss/Loss_state_metric |           0.422 |
|             Loss/Loss_state_action_to_state |        0.000193 |
|                           Loss/Act_rep_loss |        0.000601 |
|                                   SAC/Alpha |          0.0145 |
|                              SAC/LogPi_mean |            2.85 |
|                                 SAC/Q1_mean |            87.4 |
|                                 SAC/Q2_mean |            87.3 |
|                            Norm/actor_model |             143 |
|                           Norm/critic_model |             166 |
|              Norm/state_action_metric_model |            77.7 |
|                     Norm/state_metric_model |             107 |
|        Norm/state_action_state_metric_model |            75.3 |
|                  Metric/self_state_distance |         0.00109 |
|                 Metric/cross_state_distance |            1.65 |
|           Metric/self_state_action_distance |          0.0016 |
|          Metric/cross_state_action_distance |            2.23 |
|             Metric/avg_self_state_asymmetry |               0 |
|            Metric/avg_cross_state_asymmetry |         0.00807 |
|                Metric/avg_self_sa_asymmetry |               0 |
|               Metric/avg_cross_sa_asymmetry |          0.0134 |
|  Metric/self_state_action_to_state_distance |        0.000185 |
| Metric/cross_state_action_to_state_distance |            2.22 |
|                   Metric/h_lambda_diff_self |         0.00148 |
|                  Metric/h_lambda_diff_cross |          0.0173 |
|                                 Eval/Return |             916 |
-----------------------------------------------------------------
[32mSaving model …[0m
[32mDone.[0m
[32mSaving model …[0m
[32mDone.[0m
-----------------------------------------------------------------
|                                 Train/Steps |        3.21e+06 |
|                            Loss/Loss_critic |          0.0818 |
|                             Loss/Loss_actor |           -86.9 |
|                             Loss/Loss_alpha |         0.00305 |
|               Loss/Loss_state_action_metric |           0.947 |
|                      Loss/Loss_state_metric |           0.382 |
|             Loss/Loss_state_action_to_state |        0.000249 |
|                           Loss/Act_rep_loss |         0.00282 |
|                                   SAC/Alpha |          0.0141 |
|                              SAC/LogPi_mean |            2.71 |
|                                 SAC/Q1_mean |            86.9 |
|                                 SAC/Q2_mean |            86.9 |
|                            Norm/actor_model |             145 |
|                           Norm/critic_model |             169 |
|              Norm/state_action_metric_model |            79.1 |
|                     Norm/state_metric_model |             109 |
|        Norm/state_action_state_metric_model |            76.8 |
|                  Metric/self_state_distance |        0.000722 |
|                 Metric/cross_state_distance |            1.59 |
|           Metric/self_state_action_distance |         0.00121 |
|          Metric/cross_state_action_distance |            2.24 |
|             Metric/avg_self_state_asymmetry |               0 |
|            Metric/avg_cross_state_asymmetry |         0.00922 |
|                Metric/avg_self_sa_asymmetry |               0 |
|               Metric/avg_cross_sa_asymmetry |          0.0155 |
|  Metric/self_state_action_to_state_distance |        0.000347 |
| Metric/cross_state_action_to_state_distance |            2.25 |
|                   Metric/h_lambda_diff_self |         0.00115 |
|                  Metric/h_lambda_diff_cross |          0.0213 |
|                                 Eval/Return |             917 |
-----------------------------------------------------------------
