E0826 17:19:45.283808  582593 cuda_executor.cc:1526] Could not get kernel mode driver version: (INVALID_ARGUMENT: Version does not match the format X.Y.Z)
E0826 17:19:45.292428  582483 cuda_executor.cc:1526] Could not get kernel mode driver version: (INVALID_ARGUMENT: Version does not match the format X.Y.Z)
[32m[harness] num_envs=128 total_env_steps=5000000 batch=512 train_per_step=8 UTD=0.0625 seed=8192 transitions log_every=128000 transitions normalize_obs=True[0m
[32m[algorithm] lr=0.001 tau=0.005 nstep=3 update_every=2 stddev=linear(1.0,0.1,500000) origin=8192 bootstrap_on_truncation=True matching_dims=True[0m
[32mStart prefilling replay buffer[0m
[32m[baseline] untrained deterministic return = 0.1 +/- 0.6  (over 128 episodes, 0 gradient steps)[0m
[32mStart DHPG training[0m
------------------------------------------------
|                Train/Steps |        1.36e+05 |
|           Loss/Loss_critic |           0.484 |
|  Loss/Loss_abstract_critic |           0.598 |
| Loss/Loss_lax_bisimulation |            4.02 |
|       Loss/Loss_transition |            1.96 |
|           Loss/Loss_reward |          0.0793 |
|            Loss/Loss_actor |           -4.56 |
|         DHPG/Q_actual_mean |            1.88 |
|       DHPG/Q_abstract_mean |            2.08 |
|     DHPG/Value_equivalence |             0.5 |
|           Norm/actor_model |            37.3 |
|          Norm/critic_model |            43.2 |
| Norm/abstract_critic_model |            19.5 |
|   Norm/state_encoder_model |            51.6 |
|  Norm/action_encoder_model |            40.9 |
|                Eval/Return |             459 |
------------------------------------------------
------------------------------------------------
|                Train/Steps |        2.64e+05 |
|           Loss/Loss_critic |           0.878 |
|  Loss/Loss_abstract_critic |            1.24 |
| Loss/Loss_lax_bisimulation |            3.94 |
|       Loss/Loss_transition |            1.89 |
|           Loss/Loss_reward |           0.163 |
|            Loss/Loss_actor |             -24 |
|         DHPG/Q_actual_mean |            12.6 |
|       DHPG/Q_abstract_mean |            10.6 |
|     DHPG/Value_equivalence |            2.13 |
|           Norm/actor_model |            48.8 |
|          Norm/critic_model |              59 |
| Norm/abstract_critic_model |            24.3 |
|   Norm/state_encoder_model |            72.3 |
|  Norm/action_encoder_model |              56 |
|                Eval/Return |             576 |
------------------------------------------------
------------------------------------------------
|                Train/Steps |        3.92e+05 |
|           Loss/Loss_critic |            1.09 |
|  Loss/Loss_abstract_critic |            1.44 |
| Loss/Loss_lax_bisimulation |            7.74 |
|       Loss/Loss_transition |            2.15 |
|           Loss/Loss_reward |           0.158 |
|            Loss/Loss_actor |           -47.7 |
|         DHPG/Q_actual_mean |              24 |
|       DHPG/Q_abstract_mean |            22.7 |
|     DHPG/Value_equivalence |            1.38 |
|           Norm/actor_model |            57.4 |
|          Norm/critic_model |            68.9 |
| Norm/abstract_critic_model |            27.9 |
|   Norm/state_encoder_model |            92.4 |
|  Norm/action_encoder_model |            66.9 |
|                Eval/Return |             619 |
------------------------------------------------
------------------------------------------------
|                Train/Steps |         5.2e+05 |
|           Loss/Loss_critic |            1.47 |
|  Loss/Loss_abstract_critic |            1.46 |
| Loss/Loss_lax_bisimulation |            8.51 |
|       Loss/Loss_transition |            2.24 |
|           Loss/Loss_reward |           0.187 |
|            Loss/Loss_actor |             -71 |
|         DHPG/Q_actual_mean |            35.2 |
|       DHPG/Q_abstract_mean |            34.1 |
|     DHPG/Value_equivalence |            1.21 |
|           Norm/actor_model |            64.3 |
|          Norm/critic_model |              77 |
| Norm/abstract_critic_model |            30.4 |
|   Norm/state_encoder_model |             111 |
|  Norm/action_encoder_model |            75.9 |
|                Eval/Return |             627 |
------------------------------------------------
------------------------------------------------
|                Train/Steps |        6.48e+05 |
|           Loss/Loss_critic |            1.73 |
|  Loss/Loss_abstract_critic |             2.1 |
| Loss/Loss_lax_bisimulation |            6.89 |
|       Loss/Loss_transition |             2.4 |
|           Loss/Loss_reward |           0.158 |
|            Loss/Loss_actor |           -88.8 |
|         DHPG/Q_actual_mean |            44.1 |
|       DHPG/Q_abstract_mean |            43.8 |
|     DHPG/Value_equivalence |           0.657 |
|           Norm/actor_model |            70.3 |
|          Norm/critic_model |            84.3 |
| Norm/abstract_critic_model |            32.8 |
|   Norm/state_encoder_model |             126 |
|  Norm/action_encoder_model |            83.6 |
|                Eval/Return |             749 |
------------------------------------------------
------------------------------------------------
|                Train/Steps |        7.76e+05 |
|           Loss/Loss_critic |            1.58 |
|  Loss/Loss_abstract_critic |            1.69 |
| Loss/Loss_lax_bisimulation |            7.97 |
|       Loss/Loss_transition |            2.21 |
|           Loss/Loss_reward |           0.138 |
|            Loss/Loss_actor |            -103 |
|         DHPG/Q_actual_mean |            51.2 |
|       DHPG/Q_abstract_mean |            51.6 |
|     DHPG/Value_equivalence |           0.698 |
|           Norm/actor_model |            75.8 |
|          Norm/critic_model |            91.1 |
| Norm/abstract_critic_model |              35 |
|   Norm/state_encoder_model |             139 |
|  Norm/action_encoder_model |            90.8 |
|                Eval/Return |             778 |
------------------------------------------------
------------------------------------------------
|                Train/Steps |        9.04e+05 |
|           Loss/Loss_critic |            1.97 |
|  Loss/Loss_abstract_critic |            2.45 |
| Loss/Loss_lax_bisimulation |             6.5 |
|       Loss/Loss_transition |            2.24 |
|           Loss/Loss_reward |            0.14 |
|            Loss/Loss_actor |            -116 |
|         DHPG/Q_actual_mean |            57.1 |
|       DHPG/Q_abstract_mean |            57.4 |
|     DHPG/Value_equivalence |           0.737 |
|           Norm/actor_model |              81 |
|          Norm/critic_model |            97.7 |
| Norm/abstract_critic_model |            36.9 |
|   Norm/state_encoder_model |             150 |
|  Norm/action_encoder_model |            97.5 |
|                Eval/Return |             832 |
------------------------------------------------
------------------------------------------------
|                Train/Steps |        1.03e+06 |
|           Loss/Loss_critic |            2.55 |
|  Loss/Loss_abstract_critic |            2.69 |
| Loss/Loss_lax_bisimulation |            5.63 |
|       Loss/Loss_transition |            2.25 |
|           Loss/Loss_reward |           0.182 |
|            Loss/Loss_actor |            -127 |
|         DHPG/Q_actual_mean |            62.5 |
|       DHPG/Q_abstract_mean |            63.5 |
|     DHPG/Value_equivalence |            1.12 |
|           Norm/actor_model |            85.8 |
|          Norm/critic_model |             104 |
| Norm/abstract_critic_model |            38.8 |
|   Norm/state_encoder_model |             159 |
|  Norm/action_encoder_model |             104 |
|                Eval/Return |             862 |
------------------------------------------------
[32mSaving model …[0m
[32mDone.[0m
[32mSaving model …[0m
[32mDone.[0m
------------------------------------------------
|                Train/Steps |        1.16e+06 |
|           Loss/Loss_critic |            2.32 |
|  Loss/Loss_abstract_critic |            2.21 |
| Loss/Loss_lax_bisimulation |            6.89 |
|       Loss/Loss_transition |            2.26 |
|           Loss/Loss_reward |            0.12 |
|            Loss/Loss_actor |            -137 |
|         DHPG/Q_actual_mean |            67.6 |
|       DHPG/Q_abstract_mean |            67.7 |
|     DHPG/Value_equivalence |           0.779 |
|           Norm/actor_model |            90.5 |
|          Norm/critic_model |             110 |
| Norm/abstract_critic_model |            40.6 |
|   Norm/state_encoder_model |             167 |
|  Norm/action_encoder_model |             110 |
|                Eval/Return |             915 |
------------------------------------------------
------------------------------------------------
|                Train/Steps |        1.29e+06 |
|           Loss/Loss_critic |            2.69 |
|  Loss/Loss_abstract_critic |            2.61 |
| Loss/Loss_lax_bisimulation |            7.77 |
|       Loss/Loss_transition |            2.24 |
|           Loss/Loss_reward |           0.161 |
|            Loss/Loss_actor |            -147 |
|         DHPG/Q_actual_mean |            72.3 |
|       DHPG/Q_abstract_mean |              73 |
|     DHPG/Value_equivalence |           0.834 |
|           Norm/actor_model |            94.8 |
|          Norm/critic_model |             116 |
| Norm/abstract_critic_model |            42.2 |
|   Norm/state_encoder_model |             175 |
|  Norm/action_encoder_model |             116 |
|                Eval/Return |             921 |
------------------------------------------------
------------------------------------------------
|                Train/Steps |        1.42e+06 |
|           Loss/Loss_critic |             3.1 |
|  Loss/Loss_abstract_critic |            3.02 |
| Loss/Loss_lax_bisimulation |            7.39 |
|       Loss/Loss_transition |            2.26 |
|           Loss/Loss_reward |           0.129 |
|            Loss/Loss_actor |            -154 |
|         DHPG/Q_actual_mean |            76.4 |
|       DHPG/Q_abstract_mean |            77.1 |
|     DHPG/Value_equivalence |            0.99 |
|           Norm/actor_model |            98.8 |
|          Norm/critic_model |             121 |
| Norm/abstract_critic_model |            43.9 |
|   Norm/state_encoder_model |             182 |
|  Norm/action_encoder_model |             121 |
|                Eval/Return |             932 |
------------------------------------------------
------------------------------------------------
|                Train/Steps |        1.54e+06 |
|           Loss/Loss_critic |            3.27 |
|  Loss/Loss_abstract_critic |            2.98 |
| Loss/Loss_lax_bisimulation |            5.93 |
|       Loss/Loss_transition |            2.16 |
|           Loss/Loss_reward |           0.133 |
|            Loss/Loss_actor |            -161 |
|         DHPG/Q_actual_mean |            80.1 |
|       DHPG/Q_abstract_mean |            79.9 |
|     DHPG/Value_equivalence |           0.739 |
|           Norm/actor_model |             103 |
|          Norm/critic_model |             125 |
| Norm/abstract_critic_model |            46.1 |
|   Norm/state_encoder_model |             187 |
|  Norm/action_encoder_model |             126 |
|                Eval/Return |             941 |
------------------------------------------------
------------------------------------------------
|                Train/Steps |        1.67e+06 |
|           Loss/Loss_critic |            2.81 |
|  Loss/Loss_abstract_critic |            2.81 |
| Loss/Loss_lax_bisimulation |            6.91 |
|       Loss/Loss_transition |            2.16 |
|           Loss/Loss_reward |           0.096 |
|            Loss/Loss_actor |            -166 |
|         DHPG/Q_actual_mean |            82.4 |
|       DHPG/Q_abstract_mean |            82.7 |
|     DHPG/Value_equivalence |            0.74 |
|           Norm/actor_model |             106 |
|          Norm/critic_model |             130 |
| Norm/abstract_critic_model |            48.7 |
|   Norm/state_encoder_model |             193 |
|  Norm/action_encoder_model |             132 |
|                Eval/Return |             911 |
------------------------------------------------
------------------------------------------------
|                Train/Steps |         1.8e+06 |
|           Loss/Loss_critic |            2.23 |
|  Loss/Loss_abstract_critic |            2.42 |
| Loss/Loss_lax_bisimulation |            6.63 |
|       Loss/Loss_transition |            2.14 |
|           Loss/Loss_reward |           0.156 |
|            Loss/Loss_actor |            -170 |
|         DHPG/Q_actual_mean |            84.5 |
|       DHPG/Q_abstract_mean |              84 |
|     DHPG/Value_equivalence |           0.827 |
|           Norm/actor_model |             110 |
|          Norm/critic_model |             134 |
| Norm/abstract_critic_model |            51.3 |
|   Norm/state_encoder_model |             198 |
|  Norm/action_encoder_model |             136 |
|                Eval/Return |             943 |
------------------------------------------------
------------------------------------------------
|                Train/Steps |        1.93e+06 |
|           Loss/Loss_critic |            2.61 |
|  Loss/Loss_abstract_critic |            2.75 |
| Loss/Loss_lax_bisimulation |            6.47 |
|       Loss/Loss_transition |            2.15 |
|           Loss/Loss_reward |           0.119 |
|            Loss/Loss_actor |            -173 |
|         DHPG/Q_actual_mean |              86 |
|       DHPG/Q_abstract_mean |            85.5 |
|     DHPG/Value_equivalence |           0.886 |
|           Norm/actor_model |             113 |
|          Norm/critic_model |             138 |
| Norm/abstract_critic_model |            53.9 |
|   Norm/state_encoder_model |             203 |
|  Norm/action_encoder_model |             141 |
|                Eval/Return |             954 |
------------------------------------------------
------------------------------------------------
|                Train/Steps |        2.06e+06 |
|           Loss/Loss_critic |            2.56 |
|  Loss/Loss_abstract_critic |            2.54 |
| Loss/Loss_lax_bisimulation |            6.47 |
|       Loss/Loss_transition |            2.12 |
|           Loss/Loss_reward |           0.117 |
|            Loss/Loss_actor |            -176 |
|         DHPG/Q_actual_mean |            87.6 |
|       DHPG/Q_abstract_mean |              87 |
|     DHPG/Value_equivalence |               1 |
|           Norm/actor_model |             116 |
|          Norm/critic_model |             142 |
| Norm/abstract_critic_model |            56.4 |
|   Norm/state_encoder_model |             207 |
|  Norm/action_encoder_model |             146 |
|                Eval/Return |             948 |
------------------------------------------------
[32mSaving model …[0m
[32mDone.[0m
[32mSaving model …[0m
[32mDone.[0m
------------------------------------------------
|                Train/Steps |        2.18e+06 |
|           Loss/Loss_critic |               3 |
|  Loss/Loss_abstract_critic |            3.25 |
| Loss/Loss_lax_bisimulation |            7.34 |
|       Loss/Loss_transition |             2.2 |
|           Loss/Loss_reward |           0.112 |
|            Loss/Loss_actor |            -178 |
|         DHPG/Q_actual_mean |            88.1 |
|       DHPG/Q_abstract_mean |            87.5 |
|     DHPG/Value_equivalence |           0.767 |
|           Norm/actor_model |             119 |
|          Norm/critic_model |             145 |
| Norm/abstract_critic_model |              58 |
|   Norm/state_encoder_model |             212 |
|  Norm/action_encoder_model |             150 |
|                Eval/Return |             962 |
------------------------------------------------
------------------------------------------------
|                Train/Steps |        2.31e+06 |
|           Loss/Loss_critic |            2.46 |
|  Loss/Loss_abstract_critic |            3.15 |
| Loss/Loss_lax_bisimulation |            5.86 |
|       Loss/Loss_transition |            2.15 |
|           Loss/Loss_reward |           0.105 |
|            Loss/Loss_actor |            -180 |
|         DHPG/Q_actual_mean |            89.9 |
|       DHPG/Q_abstract_mean |            89.1 |
|     DHPG/Value_equivalence |           0.851 |
|           Norm/actor_model |             122 |
|          Norm/critic_model |             149 |
| Norm/abstract_critic_model |            59.9 |
|   Norm/state_encoder_model |             216 |
|  Norm/action_encoder_model |             154 |
|                Eval/Return |             963 |
------------------------------------------------
------------------------------------------------
|                Train/Steps |        2.44e+06 |
|           Loss/Loss_critic |            2.11 |
|  Loss/Loss_abstract_critic |            2.41 |
| Loss/Loss_lax_bisimulation |            6.35 |
|       Loss/Loss_transition |            2.14 |
|           Loss/Loss_reward |          0.0973 |
|            Loss/Loss_actor |            -180 |
|         DHPG/Q_actual_mean |            90.5 |
|       DHPG/Q_abstract_mean |              90 |
|     DHPG/Value_equivalence |           0.754 |
|           Norm/actor_model |             124 |
|          Norm/critic_model |             152 |
| Norm/abstract_critic_model |            61.2 |
|   Norm/state_encoder_model |             220 |
|  Norm/action_encoder_model |             159 |
|                Eval/Return |             964 |
------------------------------------------------
------------------------------------------------
|                Train/Steps |        2.57e+06 |
|           Loss/Loss_critic |            2.23 |
|  Loss/Loss_abstract_critic |            2.75 |
| Loss/Loss_lax_bisimulation |            6.22 |
|       Loss/Loss_transition |            2.18 |
|           Loss/Loss_reward |          0.0885 |
|            Loss/Loss_actor |            -181 |
|         DHPG/Q_actual_mean |            91.2 |
|       DHPG/Q_abstract_mean |            90.3 |
|     DHPG/Value_equivalence |           0.911 |
|           Norm/actor_model |             127 |
|          Norm/critic_model |             156 |
| Norm/abstract_critic_model |            62.8 |
|   Norm/state_encoder_model |             224 |
|  Norm/action_encoder_model |             163 |
|                Eval/Return |             974 |
------------------------------------------------
------------------------------------------------
|                Train/Steps |         2.7e+06 |
|           Loss/Loss_critic |            2.29 |
|  Loss/Loss_abstract_critic |             2.4 |
| Loss/Loss_lax_bisimulation |            5.97 |
|       Loss/Loss_transition |             2.1 |
|           Loss/Loss_reward |           0.086 |
|            Loss/Loss_actor |            -184 |
|         DHPG/Q_actual_mean |            92.1 |
|       DHPG/Q_abstract_mean |            91.3 |
|     DHPG/Value_equivalence |           0.847 |
|           Norm/actor_model |             130 |
|          Norm/critic_model |             159 |
| Norm/abstract_critic_model |            63.7 |
|   Norm/state_encoder_model |             228 |
|  Norm/action_encoder_model |             167 |
|                Eval/Return |             976 |
------------------------------------------------
------------------------------------------------
|                Train/Steps |        2.82e+06 |
|           Loss/Loss_critic |            2.88 |
|  Loss/Loss_abstract_critic |            3.11 |
| Loss/Loss_lax_bisimulation |            6.78 |
|       Loss/Loss_transition |            2.13 |
|           Loss/Loss_reward |           0.117 |
|            Loss/Loss_actor |            -184 |
|         DHPG/Q_actual_mean |            91.6 |
|       DHPG/Q_abstract_mean |            90.9 |
|     DHPG/Value_equivalence |           0.979 |
|           Norm/actor_model |             132 |
|          Norm/critic_model |             162 |
| Norm/abstract_critic_model |              65 |
|   Norm/state_encoder_model |             232 |
|  Norm/action_encoder_model |             170 |
|                Eval/Return |             965 |
------------------------------------------------
------------------------------------------------
|                Train/Steps |        2.95e+06 |
|           Loss/Loss_critic |            2.29 |
|  Loss/Loss_abstract_critic |            2.32 |
| Loss/Loss_lax_bisimulation |             5.5 |
|       Loss/Loss_transition |             2.1 |
|           Loss/Loss_reward |          0.0942 |
|            Loss/Loss_actor |            -186 |
|         DHPG/Q_actual_mean |            92.4 |
|       DHPG/Q_abstract_mean |            91.7 |
|     DHPG/Value_equivalence |            0.83 |
|           Norm/actor_model |             134 |
|          Norm/critic_model |             165 |
| Norm/abstract_critic_model |            66.3 |
|   Norm/state_encoder_model |             236 |
|  Norm/action_encoder_model |             174 |
|                Eval/Return |             968 |
------------------------------------------------
------------------------------------------------
|                Train/Steps |        3.08e+06 |
|           Loss/Loss_critic |            1.73 |
|  Loss/Loss_abstract_critic |             2.1 |
| Loss/Loss_lax_bisimulation |            5.78 |
|       Loss/Loss_transition |            2.03 |
|           Loss/Loss_reward |          0.0815 |
|            Loss/Loss_actor |            -185 |
|         DHPG/Q_actual_mean |              93 |
|       DHPG/Q_abstract_mean |            92.3 |
|     DHPG/Value_equivalence |           0.831 |
|           Norm/actor_model |             137 |
|          Norm/critic_model |             169 |
| Norm/abstract_critic_model |            67.5 |
|   Norm/state_encoder_model |             240 |
|  Norm/action_encoder_model |             178 |
|                Eval/Return |             973 |
------------------------------------------------
[32mSaving model …[0m
[32mDone.[0m
[32mSaving model …[0m
[32mDone.[0m
------------------------------------------------
|                Train/Steps |        3.21e+06 |
|           Loss/Loss_critic |            1.79 |
|  Loss/Loss_abstract_critic |            1.95 |
| Loss/Loss_lax_bisimulation |            6.35 |
|       Loss/Loss_transition |            2.01 |
|           Loss/Loss_reward |          0.0953 |
|            Loss/Loss_actor |            -187 |
|         DHPG/Q_actual_mean |            92.9 |
|       DHPG/Q_abstract_mean |            92.5 |
|     DHPG/Value_equivalence |           0.676 |
|           Norm/actor_model |             139 |
|          Norm/critic_model |             172 |
| Norm/abstract_critic_model |            68.9 |
|   Norm/state_encoder_model |             244 |
|  Norm/action_encoder_model |             181 |
|                Eval/Return |             969 |
------------------------------------------------
------------------------------------------------
|                Train/Steps |        3.34e+06 |
|           Loss/Loss_critic |            2.01 |
|  Loss/Loss_abstract_critic |            2.04 |
| Loss/Loss_lax_bisimulation |            5.81 |
|       Loss/Loss_transition |            2.11 |
|           Loss/Loss_reward |             0.1 |
|            Loss/Loss_actor |            -187 |
|         DHPG/Q_actual_mean |            93.4 |
|       DHPG/Q_abstract_mean |            93.1 |
|     DHPG/Value_equivalence |           0.618 |
|           Norm/actor_model |             141 |
|          Norm/critic_model |             175 |
| Norm/abstract_critic_model |            70.5 |
|   Norm/state_encoder_model |             247 |
|  Norm/action_encoder_model |             185 |
|                Eval/Return |             973 |
------------------------------------------------
------------------------------------------------
|                Train/Steps |        3.46e+06 |
|           Loss/Loss_critic |            2.24 |
|  Loss/Loss_abstract_critic |            2.51 |
| Loss/Loss_lax_bisimulation |             5.7 |
|       Loss/Loss_transition |            2.04 |
|           Loss/Loss_reward |           0.113 |
|            Loss/Loss_actor |            -188 |
|         DHPG/Q_actual_mean |            93.6 |
|       DHPG/Q_abstract_mean |            93.4 |
|     DHPG/Value_equivalence |           0.625 |
|           Norm/actor_model |             143 |
|          Norm/critic_model |             177 |
| Norm/abstract_critic_model |            72.1 |
|   Norm/state_encoder_model |             251 |
|  Norm/action_encoder_model |             188 |
|                Eval/Return |             978 |
------------------------------------------------
------------------------------------------------
|                Train/Steps |        3.59e+06 |
|           Loss/Loss_critic |            2.03 |
|  Loss/Loss_abstract_critic |            2.24 |
| Loss/Loss_lax_bisimulation |            7.38 |
|       Loss/Loss_transition |            2.07 |
|           Loss/Loss_reward |           0.101 |
|            Loss/Loss_actor |            -188 |
|         DHPG/Q_actual_mean |              94 |
|       DHPG/Q_abstract_mean |            93.9 |
|     DHPG/Value_equivalence |           0.536 |
|           Norm/actor_model |             145 |
|          Norm/critic_model |             180 |
| Norm/abstract_critic_model |            73.1 |
|   Norm/state_encoder_model |             255 |
|  Norm/action_encoder_model |             191 |
|                Eval/Return |             979 |
------------------------------------------------
------------------------------------------------
|                Train/Steps |        3.72e+06 |
|           Loss/Loss_critic |            2.12 |
|  Loss/Loss_abstract_critic |            2.73 |
| Loss/Loss_lax_bisimulation |            6.03 |
|       Loss/Loss_transition |            2.06 |
|           Loss/Loss_reward |           0.104 |
|            Loss/Loss_actor |            -189 |
|         DHPG/Q_actual_mean |            94.2 |
|       DHPG/Q_abstract_mean |            94.2 |
|     DHPG/Value_equivalence |            0.53 |
|           Norm/actor_model |             147 |
|          Norm/critic_model |             183 |
| Norm/abstract_critic_model |            74.1 |
|   Norm/state_encoder_model |             258 |
|  Norm/action_encoder_model |             194 |
|                Eval/Return |             976 |
------------------------------------------------
------------------------------------------------
|                Train/Steps |        3.85e+06 |
|           Loss/Loss_critic |            1.45 |
|  Loss/Loss_abstract_critic |            1.26 |
| Loss/Loss_lax_bisimulation |            6.01 |
|       Loss/Loss_transition |            1.84 |
|           Loss/Loss_reward |          0.0882 |
|            Loss/Loss_actor |            -189 |
|         DHPG/Q_actual_mean |            94.4 |
|       DHPG/Q_abstract_mean |              94 |
|     DHPG/Value_equivalence |           0.532 |
|           Norm/actor_model |             149 |
|          Norm/critic_model |             186 |
| Norm/abstract_critic_model |            75.3 |
|   Norm/state_encoder_model |             262 |
|  Norm/action_encoder_model |             197 |
|                Eval/Return |             977 |
------------------------------------------------
------------------------------------------------
|                Train/Steps |        3.98e+06 |
|           Loss/Loss_critic |             2.1 |
|  Loss/Loss_abstract_critic |            2.48 |
| Loss/Loss_lax_bisimulation |            5.42 |
|       Loss/Loss_transition |            1.94 |
|           Loss/Loss_reward |          0.0804 |
|            Loss/Loss_actor |            -191 |
|         DHPG/Q_actual_mean |            94.9 |
|       DHPG/Q_abstract_mean |            94.4 |
|     DHPG/Value_equivalence |           0.744 |
|           Norm/actor_model |             151 |
|          Norm/critic_model |             189 |
| Norm/abstract_critic_model |            76.2 |
|   Norm/state_encoder_model |             265 |
|  Norm/action_encoder_model |             200 |
|                Eval/Return |             979 |
------------------------------------------------
------------------------------------------------
|                Train/Steps |         4.1e+06 |
|           Loss/Loss_critic |            1.23 |
|  Loss/Loss_abstract_critic |            1.13 |
| Loss/Loss_lax_bisimulation |            4.26 |
|       Loss/Loss_transition |            1.92 |
|           Loss/Loss_reward |          0.0763 |
|            Loss/Loss_actor |            -191 |
|         DHPG/Q_actual_mean |            95.4 |
|       DHPG/Q_abstract_mean |            95.2 |
|     DHPG/Value_equivalence |           0.497 |
|           Norm/actor_model |             153 |
|          Norm/critic_model |             191 |
| Norm/abstract_critic_model |              77 |
|   Norm/state_encoder_model |             268 |
|  Norm/action_encoder_model |             203 |
|                Eval/Return |             979 |
------------------------------------------------
[32mSaving model …[0m
[32mDone.[0m
[32mSaving model …[0m
[32mDone.[0m
------------------------------------------------
|                Train/Steps |        4.23e+06 |
|           Loss/Loss_critic |            1.31 |
|  Loss/Loss_abstract_critic |            1.07 |
| Loss/Loss_lax_bisimulation |            4.04 |
|       Loss/Loss_transition |             1.8 |
|           Loss/Loss_reward |          0.0739 |
|            Loss/Loss_actor |            -192 |
|         DHPG/Q_actual_mean |            95.8 |
|       DHPG/Q_abstract_mean |            95.5 |
|     DHPG/Value_equivalence |           0.491 |
|           Norm/actor_model |             155 |
|          Norm/critic_model |             193 |
| Norm/abstract_critic_model |              78 |
|   Norm/state_encoder_model |             271 |
|  Norm/action_encoder_model |             206 |
|                Eval/Return |             982 |
------------------------------------------------
------------------------------------------------
|                Train/Steps |        4.36e+06 |
|           Loss/Loss_critic |           0.791 |
|  Loss/Loss_abstract_critic |           0.899 |
| Loss/Loss_lax_bisimulation |            2.99 |
|       Loss/Loss_transition |            1.87 |
|           Loss/Loss_reward |          0.0762 |
|            Loss/Loss_actor |            -193 |
|         DHPG/Q_actual_mean |            96.3 |
|       DHPG/Q_abstract_mean |            95.8 |
|     DHPG/Value_equivalence |           0.617 |
|           Norm/actor_model |             157 |
|          Norm/critic_model |             195 |
| Norm/abstract_critic_model |            78.7 |
|   Norm/state_encoder_model |             274 |
|  Norm/action_encoder_model |             209 |
|                Eval/Return |             981 |
------------------------------------------------
------------------------------------------------
|                Train/Steps |        4.49e+06 |
|           Loss/Loss_critic |            1.14 |
|  Loss/Loss_abstract_critic |            1.02 |
| Loss/Loss_lax_bisimulation |            2.56 |
|       Loss/Loss_transition |            1.76 |
|           Loss/Loss_reward |          0.0552 |
|            Loss/Loss_actor |            -193 |
|         DHPG/Q_actual_mean |            96.6 |
|       DHPG/Q_abstract_mean |            96.2 |
|     DHPG/Value_equivalence |           0.471 |
|           Norm/actor_model |             159 |
|          Norm/critic_model |             197 |
| Norm/abstract_critic_model |            79.2 |
|   Norm/state_encoder_model |             276 |
|  Norm/action_encoder_model |             211 |
|                Eval/Return |             967 |
------------------------------------------------
------------------------------------------------
|                Train/Steps |        4.62e+06 |
|           Loss/Loss_critic |            1.03 |
|  Loss/Loss_abstract_critic |           0.955 |
| Loss/Loss_lax_bisimulation |            2.14 |
|       Loss/Loss_transition |            1.74 |
|           Loss/Loss_reward |          0.0566 |
|            Loss/Loss_actor |            -194 |
|         DHPG/Q_actual_mean |            97.1 |
|       DHPG/Q_abstract_mean |            96.5 |
|     DHPG/Value_equivalence |           0.578 |
|           Norm/actor_model |             160 |
|          Norm/critic_model |             199 |
| Norm/abstract_critic_model |            79.6 |
|   Norm/state_encoder_model |             279 |
|  Norm/action_encoder_model |             213 |
|                Eval/Return |             983 |
------------------------------------------------
------------------------------------------------
|                Train/Steps |        4.74e+06 |
|           Loss/Loss_critic |           0.574 |
|  Loss/Loss_abstract_critic |           0.573 |
| Loss/Loss_lax_bisimulation |            2.38 |
|       Loss/Loss_transition |            1.65 |
|           Loss/Loss_reward |          0.0576 |
|            Loss/Loss_actor |            -194 |
|         DHPG/Q_actual_mean |            97.3 |
|       DHPG/Q_abstract_mean |            96.7 |
|     DHPG/Value_equivalence |           0.492 |
|           Norm/actor_model |             162 |
|          Norm/critic_model |             201 |
| Norm/abstract_critic_model |              80 |
|   Norm/state_encoder_model |             282 |
|  Norm/action_encoder_model |             216 |
|                Eval/Return |             984 |
------------------------------------------------
------------------------------------------------
|                Train/Steps |        4.87e+06 |
|           Loss/Loss_critic |           0.544 |
|  Loss/Loss_abstract_critic |           0.507 |
| Loss/Loss_lax_bisimulation |            2.81 |
|       Loss/Loss_transition |            1.61 |
|           Loss/Loss_reward |          0.0434 |
|            Loss/Loss_actor |            -195 |
|         DHPG/Q_actual_mean |            97.3 |
|       DHPG/Q_abstract_mean |              97 |
|     DHPG/Value_equivalence |             0.4 |
|           Norm/actor_model |             164 |
|          Norm/critic_model |             203 |
| Norm/abstract_critic_model |            80.5 |
|   Norm/state_encoder_model |             285 |
|  Norm/action_encoder_model |             218 |
|                Eval/Return |             983 |
------------------------------------------------
------------------------------------------------
|                Train/Steps |           5e+06 |
|           Loss/Loss_critic |           0.356 |
|  Loss/Loss_abstract_critic |           0.514 |
| Loss/Loss_lax_bisimulation |            2.46 |
|       Loss/Loss_transition |            1.66 |
|           Loss/Loss_reward |           0.041 |
|            Loss/Loss_actor |            -195 |
|         DHPG/Q_actual_mean |            97.6 |
|       DHPG/Q_abstract_mean |            97.2 |
|     DHPG/Value_equivalence |           0.385 |
|           Norm/actor_model |             166 |
|          Norm/critic_model |             205 |
| Norm/abstract_critic_model |            81.1 |
|   Norm/state_encoder_model |             288 |
|  Norm/action_encoder_model |             220 |
|                Eval/Return |             983 |
------------------------------------------------
[32mSaving model …[0m
[32mDone.[0m
[32mSaving model …[0m
[32mDone.[0m
