E0826 17:05:45.195778  579180 cuda_executor.cc:1526] Could not get kernel mode driver version: (INVALID_ARGUMENT: Version does not match the format X.Y.Z)
E0826 17:05:45.204438  579071 cuda_executor.cc:1526] Could not get kernel mode driver version: (INVALID_ARGUMENT: Version does not match the format X.Y.Z)
[32mStart prefilling replay buffer[0m
[32mStart SAC training[0m
[32m{'log_freq': 1000, 'save_freq': 1000000, 'eval_episode_freq': 10, 'hidden_size': 256, 'lr': 0.001, 'max_grad_norm': 0.0, 'gamma': 0.99, 'update_tau': 0.005, 'train_per_step': 8, 'episode_length': 1000, 'warmup_samples': 8192, 'max_replay_size': 4000000, 'batch_size': 512, 'total_env_steps': 5000000, 'init_temperature': 1.0, 'num_envs': 128, 'num_eval_envs': 128, 'reward_scaling': 1.0, 'target_entropy': -1.0}[0m
---------------------------------------
|       Train/Steps |        1.36e+05 |
|  Loss/Loss_critic |         0.00126 |
|   Loss/Loss_actor |           -17.8 |
|   Loss/Loss_alpha |           0.348 |
|         SAC/Alpha |           0.147 |
|    SAC/LogPi_mean |           -1.36 |
|       SAC/Q1_mean |            17.6 |
|       SAC/Q2_mean |            17.6 |
|  Norm/actor_model |            22.6 |
| Norm/critic_model |            47.5 |
|       Eval/Return |          0.0312 |
---------------------------------------
---------------------------------------
|       Train/Steps |        2.64e+05 |
|  Loss/Loss_critic |        9.84e-05 |
|   Loss/Loss_actor |           -14.4 |
|   Loss/Loss_alpha |          0.0565 |
|         SAC/Alpha |          0.0247 |
|    SAC/LogPi_mean |           -1.32 |
|       SAC/Q1_mean |            14.4 |
|       SAC/Q2_mean |            14.4 |
|  Norm/actor_model |            24.2 |
| Norm/critic_model |            49.8 |
|       Eval/Return |               0 |
---------------------------------------
---------------------------------------
|       Train/Steps |        3.92e+05 |
|  Loss/Loss_critic |         0.00164 |
|   Loss/Loss_actor |             -10 |
|   Loss/Loss_alpha |         0.00865 |
|         SAC/Alpha |         0.00422 |
|    SAC/LogPi_mean |           -1.06 |
|       SAC/Q1_mean |              10 |
|       SAC/Q2_mean |              10 |
|  Norm/actor_model |            28.7 |
| Norm/critic_model |            53.4 |
|       Eval/Return |           0.164 |
---------------------------------------
---------------------------------------
|       Train/Steps |         5.2e+05 |
|  Loss/Loss_critic |        0.000566 |
|   Loss/Loss_actor |           -6.97 |
|   Loss/Loss_alpha |       -4.02e-05 |
|         SAC/Alpha |         0.00149 |
|    SAC/LogPi_mean |           0.914 |
|       SAC/Q1_mean |            6.96 |
|       SAC/Q2_mean |            6.96 |
|  Norm/actor_model |            36.7 |
| Norm/critic_model |            60.1 |
|       Eval/Return |            1.86 |
---------------------------------------
---------------------------------------
|       Train/Steps |        6.48e+05 |
|  Loss/Loss_critic |         0.00629 |
|   Loss/Loss_actor |            -6.3 |
|   Loss/Loss_alpha |        -0.00172 |
|         SAC/Alpha |         0.00875 |
|    SAC/LogPi_mean |            1.24 |
|       SAC/Q1_mean |            6.23 |
|       SAC/Q2_mean |            6.22 |
|  Norm/actor_model |            43.7 |
| Norm/critic_model |              69 |
|       Eval/Return |            9.42 |
---------------------------------------
---------------------------------------
|       Train/Steps |        7.76e+05 |
|  Loss/Loss_critic |            0.01 |
|   Loss/Loss_actor |           -7.66 |
|   Loss/Loss_alpha |        -0.00277 |
|         SAC/Alpha |          0.0181 |
|    SAC/LogPi_mean |             1.2 |
|       SAC/Q1_mean |            7.56 |
|       SAC/Q2_mean |            7.57 |
|  Norm/actor_model |            48.8 |
| Norm/critic_model |            75.7 |
|       Eval/Return |             289 |
---------------------------------------
---------------------------------------
|       Train/Steps |        9.04e+05 |
|  Loss/Loss_critic |         0.00396 |
|   Loss/Loss_actor |           -10.5 |
|   Loss/Loss_alpha |       -0.000462 |
|         SAC/Alpha |           0.027 |
|    SAC/LogPi_mean |               1 |
|       SAC/Q1_mean |            10.3 |
|       SAC/Q2_mean |            10.3 |
|  Norm/actor_model |            53.9 |
| Norm/critic_model |            81.4 |
|       Eval/Return |             332 |
---------------------------------------
---------------------------------------
|       Train/Steps |        1.03e+06 |
|  Loss/Loss_critic |          0.0146 |
|   Loss/Loss_actor |           -14.1 |
|   Loss/Loss_alpha |        -0.00323 |
|         SAC/Alpha |          0.0333 |
|    SAC/LogPi_mean |             1.1 |
|       SAC/Q1_mean |              14 |
|       SAC/Q2_mean |              14 |
|  Norm/actor_model |            58.1 |
| Norm/critic_model |            86.5 |
|       Eval/Return |             349 |
---------------------------------------
[32mSaving model …[0m
[32mDone.[0m
[32mSaving model …[0m
[32mDone.[0m
---------------------------------------
|       Train/Steps |        1.16e+06 |
|  Loss/Loss_critic |         0.00729 |
|   Loss/Loss_actor |             -17 |
|   Loss/Loss_alpha |          0.0056 |
|         SAC/Alpha |          0.0371 |
|    SAC/LogPi_mean |           0.887 |
|       SAC/Q1_mean |            16.9 |
|       SAC/Q2_mean |            16.9 |
|  Norm/actor_model |            62.3 |
| Norm/critic_model |            91.2 |
|       Eval/Return |             411 |
---------------------------------------
---------------------------------------
|       Train/Steps |        1.29e+06 |
|  Loss/Loss_critic |          0.0105 |
|   Loss/Loss_actor |           -19.4 |
|   Loss/Loss_alpha |        -0.00104 |
|         SAC/Alpha |          0.0426 |
|    SAC/LogPi_mean |           0.956 |
|       SAC/Q1_mean |            19.3 |
|       SAC/Q2_mean |            19.3 |
|  Norm/actor_model |            66.6 |
| Norm/critic_model |            95.8 |
|       Eval/Return |             413 |
---------------------------------------
---------------------------------------
|       Train/Steps |        1.42e+06 |
|  Loss/Loss_critic |          0.0143 |
|   Loss/Loss_actor |           -22.1 |
|   Loss/Loss_alpha |         1.6e-05 |
|         SAC/Alpha |           0.047 |
|    SAC/LogPi_mean |           0.973 |
|       SAC/Q1_mean |              22 |
|       SAC/Q2_mean |              22 |
|  Norm/actor_model |            70.5 |
| Norm/critic_model |             100 |
|       Eval/Return |             436 |
---------------------------------------
---------------------------------------
|       Train/Steps |        1.54e+06 |
|  Loss/Loss_critic |          0.0183 |
|   Loss/Loss_actor |           -23.9 |
|   Loss/Loss_alpha |          0.0064 |
|         SAC/Alpha |          0.0542 |
|    SAC/LogPi_mean |           0.933 |
|       SAC/Q1_mean |            23.8 |
|       SAC/Q2_mean |            23.9 |
|  Norm/actor_model |            74.1 |
| Norm/critic_model |             105 |
|       Eval/Return |             488 |
---------------------------------------
---------------------------------------
|       Train/Steps |        1.67e+06 |
|  Loss/Loss_critic |          0.0253 |
|   Loss/Loss_actor |           -25.5 |
|   Loss/Loss_alpha |         0.00915 |
|         SAC/Alpha |          0.0582 |
|    SAC/LogPi_mean |            1.02 |
|       SAC/Q1_mean |            25.4 |
|       SAC/Q2_mean |            25.4 |
|  Norm/actor_model |            77.8 |
| Norm/critic_model |             110 |
|       Eval/Return |             483 |
---------------------------------------
---------------------------------------
|       Train/Steps |         1.8e+06 |
|  Loss/Loss_critic |           0.032 |
|   Loss/Loss_actor |           -26.7 |
|   Loss/Loss_alpha |         0.00523 |
|         SAC/Alpha |          0.0639 |
|    SAC/LogPi_mean |           0.931 |
|       SAC/Q1_mean |            26.7 |
|       SAC/Q2_mean |            26.7 |
|  Norm/actor_model |            81.2 |
| Norm/critic_model |             116 |
|       Eval/Return |             472 |
---------------------------------------
---------------------------------------
|       Train/Steps |        1.93e+06 |
|  Loss/Loss_critic |          0.0417 |
|   Loss/Loss_actor |           -28.3 |
|   Loss/Loss_alpha |          0.0051 |
|         SAC/Alpha |          0.0747 |
|    SAC/LogPi_mean |           0.888 |
|       SAC/Q1_mean |            28.3 |
|       SAC/Q2_mean |            28.3 |
|  Norm/actor_model |              85 |
| Norm/critic_model |             123 |
|       Eval/Return |             549 |
---------------------------------------
---------------------------------------
|       Train/Steps |        2.06e+06 |
|  Loss/Loss_critic |           0.117 |
|   Loss/Loss_actor |           -29.9 |
|   Loss/Loss_alpha |          0.0066 |
|         SAC/Alpha |           0.085 |
|    SAC/LogPi_mean |           0.971 |
|       SAC/Q1_mean |            29.8 |
|       SAC/Q2_mean |            29.8 |
|  Norm/actor_model |              89 |
| Norm/critic_model |             129 |
|       Eval/Return |             598 |
---------------------------------------
[32mSaving model …[0m
[32mDone.[0m
[32mSaving model …[0m
[32mDone.[0m
---------------------------------------
|       Train/Steps |        2.18e+06 |
|  Loss/Loss_critic |          0.0788 |
|   Loss/Loss_actor |           -31.8 |
|   Loss/Loss_alpha |        -0.00139 |
|         SAC/Alpha |          0.0957 |
|    SAC/LogPi_mean |            1.03 |
|       SAC/Q1_mean |            31.8 |
|       SAC/Q2_mean |            31.8 |
|  Norm/actor_model |            93.1 |
| Norm/critic_model |             136 |
|       Eval/Return |             701 |
---------------------------------------
---------------------------------------
|       Train/Steps |        2.31e+06 |
|  Loss/Loss_critic |           0.142 |
|   Loss/Loss_actor |           -35.4 |
|   Loss/Loss_alpha |        -0.00446 |
|         SAC/Alpha |           0.111 |
|    SAC/LogPi_mean |           0.925 |
|       SAC/Q1_mean |            35.2 |
|       SAC/Q2_mean |            35.2 |
|  Norm/actor_model |              97 |
| Norm/critic_model |             143 |
|       Eval/Return |             717 |
---------------------------------------
---------------------------------------
|       Train/Steps |        2.44e+06 |
|  Loss/Loss_critic |           0.174 |
|   Loss/Loss_actor |           -39.7 |
|   Loss/Loss_alpha |         -0.0114 |
|         SAC/Alpha |           0.128 |
|    SAC/LogPi_mean |           0.966 |
|       SAC/Q1_mean |            39.7 |
|       SAC/Q2_mean |            39.7 |
|  Norm/actor_model |             101 |
| Norm/critic_model |             151 |
|       Eval/Return |             878 |
---------------------------------------
---------------------------------------
|       Train/Steps |        2.57e+06 |
|  Loss/Loss_critic |           0.182 |
|   Loss/Loss_actor |           -44.1 |
|   Loss/Loss_alpha |         -0.0204 |
|         SAC/Alpha |           0.134 |
|    SAC/LogPi_mean |               1 |
|       SAC/Q1_mean |            44.1 |
|       SAC/Q2_mean |            44.1 |
|  Norm/actor_model |             105 |
| Norm/critic_model |             158 |
|       Eval/Return |             824 |
---------------------------------------
---------------------------------------
|       Train/Steps |         2.7e+06 |
|  Loss/Loss_critic |           0.195 |
|   Loss/Loss_actor |             -48 |
|   Loss/Loss_alpha |         -0.0248 |
|         SAC/Alpha |           0.139 |
|    SAC/LogPi_mean |            1.18 |
|       SAC/Q1_mean |            47.9 |
|       SAC/Q2_mean |            47.9 |
|  Norm/actor_model |             109 |
| Norm/critic_model |             165 |
|       Eval/Return |             882 |
---------------------------------------
---------------------------------------
|       Train/Steps |        2.82e+06 |
|  Loss/Loss_critic |           0.269 |
|   Loss/Loss_actor |           -50.3 |
|   Loss/Loss_alpha |          0.0177 |
|         SAC/Alpha |           0.138 |
|    SAC/LogPi_mean |            1.05 |
|       SAC/Q1_mean |            50.1 |
|       SAC/Q2_mean |            50.1 |
|  Norm/actor_model |             112 |
| Norm/critic_model |             171 |
|       Eval/Return |             902 |
---------------------------------------
---------------------------------------
|       Train/Steps |        2.95e+06 |
|  Loss/Loss_critic |           0.208 |
|   Loss/Loss_actor |           -55.2 |
|   Loss/Loss_alpha |          0.0303 |
|         SAC/Alpha |           0.142 |
|    SAC/LogPi_mean |             0.9 |
|       SAC/Q1_mean |            55.1 |
|       SAC/Q2_mean |            55.1 |
|  Norm/actor_model |             115 |
| Norm/critic_model |             176 |
|       Eval/Return |             905 |
---------------------------------------
---------------------------------------
|       Train/Steps |        3.08e+06 |
|  Loss/Loss_critic |           0.197 |
|   Loss/Loss_actor |           -58.4 |
|   Loss/Loss_alpha |          0.0197 |
|         SAC/Alpha |           0.136 |
|    SAC/LogPi_mean |           0.857 |
|       SAC/Q1_mean |            58.2 |
|       SAC/Q2_mean |            58.2 |
|  Norm/actor_model |             119 |
| Norm/critic_model |             181 |
|       Eval/Return |             892 |
---------------------------------------
[32mSaving model …[0m
[32mDone.[0m
[32mSaving model …[0m
[32mDone.[0m
---------------------------------------
|       Train/Steps |        3.21e+06 |
|  Loss/Loss_critic |           0.131 |
|   Loss/Loss_actor |             -61 |
|   Loss/Loss_alpha |          0.0157 |
|         SAC/Alpha |           0.133 |
|    SAC/LogPi_mean |            0.89 |
|       SAC/Q1_mean |            60.9 |
|       SAC/Q2_mean |            60.9 |
|  Norm/actor_model |             122 |
| Norm/critic_model |             186 |
|       Eval/Return |             909 |
---------------------------------------
---------------------------------------
|       Train/Steps |        3.34e+06 |
|  Loss/Loss_critic |           0.276 |
|   Loss/Loss_actor |           -63.6 |
|   Loss/Loss_alpha |         -0.0202 |
|         SAC/Alpha |           0.135 |
|    SAC/LogPi_mean |             1.1 |
|       SAC/Q1_mean |            63.6 |
|       SAC/Q2_mean |            63.6 |
|  Norm/actor_model |             126 |
| Norm/critic_model |             191 |
|       Eval/Return |             915 |
---------------------------------------
---------------------------------------
|       Train/Steps |        3.46e+06 |
|  Loss/Loss_critic |           0.216 |
|   Loss/Loss_actor |           -65.6 |
|   Loss/Loss_alpha |          0.0128 |
|         SAC/Alpha |            0.13 |
|    SAC/LogPi_mean |           0.876 |
|       SAC/Q1_mean |            65.5 |
|       SAC/Q2_mean |            65.6 |
|  Norm/actor_model |             129 |
| Norm/critic_model |             196 |
|       Eval/Return |             896 |
---------------------------------------
---------------------------------------
|       Train/Steps |        3.59e+06 |
|  Loss/Loss_critic |           0.321 |
|   Loss/Loss_actor |           -67.2 |
|   Loss/Loss_alpha |         -0.0178 |
|         SAC/Alpha |           0.125 |
|    SAC/LogPi_mean |            1.22 |
|       SAC/Q1_mean |              67 |
|       SAC/Q2_mean |            66.9 |
|  Norm/actor_model |             132 |
| Norm/critic_model |             201 |
|       Eval/Return |             914 |
---------------------------------------
---------------------------------------
|       Train/Steps |        3.72e+06 |
|  Loss/Loss_critic |           0.303 |
|   Loss/Loss_actor |           -69.9 |
|   Loss/Loss_alpha |          0.0119 |
|         SAC/Alpha |            0.12 |
|    SAC/LogPi_mean |           0.918 |
|       SAC/Q1_mean |            69.7 |
|       SAC/Q2_mean |            69.7 |
|  Norm/actor_model |             135 |
| Norm/critic_model |             206 |
|       Eval/Return |             906 |
---------------------------------------
---------------------------------------
|       Train/Steps |        3.85e+06 |
|  Loss/Loss_critic |           0.143 |
|   Loss/Loss_actor |           -70.1 |
|   Loss/Loss_alpha |         0.00669 |
|         SAC/Alpha |            0.12 |
|    SAC/LogPi_mean |            1.04 |
|       SAC/Q1_mean |              70 |
|       SAC/Q2_mean |            69.9 |
|  Norm/actor_model |             139 |
| Norm/critic_model |             210 |
|       Eval/Return |             920 |
---------------------------------------
---------------------------------------
|       Train/Steps |        3.98e+06 |
|  Loss/Loss_critic |           0.266 |
|   Loss/Loss_actor |           -72.5 |
|   Loss/Loss_alpha |         -0.0147 |
|         SAC/Alpha |           0.116 |
|    SAC/LogPi_mean |            0.95 |
|       SAC/Q1_mean |            72.4 |
|       SAC/Q2_mean |            72.4 |
|  Norm/actor_model |             141 |
| Norm/critic_model |             215 |
|       Eval/Return |             917 |
---------------------------------------
---------------------------------------
|       Train/Steps |         4.1e+06 |
|  Loss/Loss_critic |           0.115 |
|   Loss/Loss_actor |           -74.2 |
|   Loss/Loss_alpha |         0.00329 |
|         SAC/Alpha |           0.117 |
|    SAC/LogPi_mean |            1.01 |
|       SAC/Q1_mean |            74.1 |
|       SAC/Q2_mean |            74.1 |
|  Norm/actor_model |             144 |
| Norm/critic_model |             219 |
|       Eval/Return |             904 |
---------------------------------------
[32mSaving model …[0m
[32mDone.[0m
[32mSaving model …[0m
[32mDone.[0m
---------------------------------------
|       Train/Steps |        4.23e+06 |
|  Loss/Loss_critic |           0.166 |
|   Loss/Loss_actor |           -74.9 |
|   Loss/Loss_alpha |         -0.0117 |
|         SAC/Alpha |           0.117 |
|    SAC/LogPi_mean |            1.05 |
|       SAC/Q1_mean |              75 |
|       SAC/Q2_mean |              75 |
|  Norm/actor_model |             147 |
| Norm/critic_model |             223 |
|       Eval/Return |             916 |
---------------------------------------
---------------------------------------
|       Train/Steps |        4.36e+06 |
|  Loss/Loss_critic |           0.271 |
|   Loss/Loss_actor |             -77 |
|   Loss/Loss_alpha |         0.00342 |
|         SAC/Alpha |           0.113 |
|    SAC/LogPi_mean |           0.929 |
|       SAC/Q1_mean |            76.9 |
|       SAC/Q2_mean |            76.9 |
|  Norm/actor_model |             150 |
| Norm/critic_model |             228 |
|       Eval/Return |             911 |
---------------------------------------
---------------------------------------
|       Train/Steps |        4.49e+06 |
|  Loss/Loss_critic |          0.0613 |
|   Loss/Loss_actor |             -78 |
|   Loss/Loss_alpha |        -0.00391 |
|         SAC/Alpha |           0.108 |
|    SAC/LogPi_mean |           0.925 |
|       SAC/Q1_mean |              78 |
|       SAC/Q2_mean |              78 |
|  Norm/actor_model |             153 |
| Norm/critic_model |             232 |
|       Eval/Return |             920 |
---------------------------------------
---------------------------------------
|       Train/Steps |        4.62e+06 |
|  Loss/Loss_critic |           0.235 |
|   Loss/Loss_actor |           -79.4 |
|   Loss/Loss_alpha |         0.00589 |
|         SAC/Alpha |           0.107 |
|    SAC/LogPi_mean |           0.909 |
|       SAC/Q1_mean |            79.4 |
|       SAC/Q2_mean |            79.3 |
|  Norm/actor_model |             155 |
| Norm/critic_model |             236 |
|       Eval/Return |             920 |
---------------------------------------
---------------------------------------
|       Train/Steps |        4.74e+06 |
|  Loss/Loss_critic |           0.201 |
|   Loss/Loss_actor |           -80.6 |
|   Loss/Loss_alpha |        -0.00741 |
|         SAC/Alpha |          0.0989 |
|    SAC/LogPi_mean |            1.01 |
|       SAC/Q1_mean |            80.6 |
|       SAC/Q2_mean |            80.6 |
|  Norm/actor_model |             158 |
| Norm/critic_model |             240 |
|       Eval/Return |             928 |
---------------------------------------
---------------------------------------
|       Train/Steps |        4.87e+06 |
|  Loss/Loss_critic |            0.11 |
|   Loss/Loss_actor |           -82.1 |
|   Loss/Loss_alpha |         0.00465 |
|         SAC/Alpha |          0.0898 |
|    SAC/LogPi_mean |           0.968 |
|       SAC/Q1_mean |            82.1 |
|       SAC/Q2_mean |            82.1 |
|  Norm/actor_model |             161 |
| Norm/critic_model |             244 |
|       Eval/Return |             929 |
---------------------------------------
---------------------------------------
|       Train/Steps |           5e+06 |
|  Loss/Loss_critic |           0.155 |
|   Loss/Loss_actor |           -82.7 |
|   Loss/Loss_alpha |         0.00453 |
|         SAC/Alpha |          0.0825 |
|    SAC/LogPi_mean |           0.868 |
|       SAC/Q1_mean |            82.6 |
|       SAC/Q2_mean |            82.6 |
|  Norm/actor_model |             163 |
| Norm/critic_model |             248 |
|       Eval/Return |             922 |
---------------------------------------
[32mSaving model …[0m
[32mDone.[0m
[32mSaving model …[0m
[32mDone.[0m
