E0906 00:15:32.520486  864012 cuda_executor.cc:1526] Could not get kernel mode driver version: (INVALID_ARGUMENT: Version does not match the format X.Y.Z)
E0906 00:15:32.529086  863903 cuda_executor.cc:1526] Could not get kernel mode driver version: (INVALID_ARGUMENT: Version does not match the format X.Y.Z)
[32mStart prefilling replay buffer[0m
[32mStart SAC training[0m
[32m{'log_freq': 1000, 'save_freq': 1000000, 'eval_episode_freq': 10, 'hidden_size': 256, 'lr': 0.001, 'max_grad_norm': 0.0, 'gamma': 0.99, 'update_tau': 0.005, 'train_per_step': 8, 'episode_length': 1000, 'warmup_samples': 8192, 'max_replay_size': 4000000, 'batch_size': 512, 'total_env_steps': 5000000, 'init_temperature': 0.1, 'nstep': 3, 'bootstrap_on_truncation': True, 'rep_lr_scale': 1.5, 'n_act_samples': 5, 'act_eps': 0.1, 'aug_weight': 1.0, 'vis_feq': 100000, 'n_vis_frames': 4, 'num_envs': 128, 'grad_steps': 50, 'transfer_freq': 10, 'transfer_steps': 8, 'reward_scaling': 1.0, 'num_eval_envs': 128, 'target_entropy': -0.5}[0m
[32m[nstep] nstep=3 bootstrap_on_truncation=True (discount from the buffer already contains gamma^nstep)[0m
[32m[epsball] n_act_samples=5 act_eps=0.1 aug_weight=1.0[0m
-----------------------------------------------------------------
|                                 Train/Steps |        1.36e+05 |
|                            Loss/Loss_critic |        6.09e-07 |
|                             Loss/Loss_actor |          -0.161 |
|                             Loss/Loss_alpha |          0.0018 |
|               Loss/Loss_state_action_metric |         0.00822 |
|                      Loss/Loss_state_metric |          0.0034 |
|             Loss/Loss_state_action_to_state |        7.13e-05 |
|                           Loss/Act_rep_loss |           0.197 |
|                                   SAC/Alpha |         0.00154 |
|                              SAC/LogPi_mean |          -0.645 |
|                                 SAC/Q1_mean |            0.16 |
|                                 SAC/Q2_mean |            0.16 |
|                            Norm/actor_model |            19.9 |
|                           Norm/critic_model |            23.2 |
|              Norm/state_action_metric_model |            30.4 |
|                     Norm/state_metric_model |            30.9 |
|        Norm/state_action_state_metric_model |            30.2 |
|                  Metric/self_state_distance |         0.00513 |
|                 Metric/cross_state_distance |           0.891 |
|           Metric/self_state_action_distance |         0.00723 |
|          Metric/cross_state_action_distance |           0.874 |
|             Metric/avg_self_state_asymmetry |               0 |
|            Metric/avg_cross_state_asymmetry |         0.00179 |
|                Metric/avg_self_sa_asymmetry |               0 |
|               Metric/avg_cross_sa_asymmetry |         0.00295 |
|  Metric/self_state_action_to_state_distance |         0.00457 |
| Metric/cross_state_action_to_state_distance |           0.878 |
|                   Metric/h_lambda_diff_self |         0.00327 |
|                  Metric/h_lambda_diff_cross |          0.0049 |
|                                 Eval/Return |               0 |
-----------------------------------------------------------------
-----------------------------------------------------------------
|                                 Train/Steps |        2.64e+05 |
|                            Loss/Loss_critic |        1.29e-08 |
|                             Loss/Loss_actor |         -0.0505 |
|                             Loss/Loss_alpha |        6.12e-05 |
|               Loss/Loss_state_action_metric |         0.00899 |
|                      Loss/Loss_state_metric |         0.00419 |
|             Loss/Loss_state_action_to_state |        9.25e-05 |
|                           Loss/Act_rep_loss |           0.227 |
|                                   SAC/Alpha |        7.99e-05 |
|                              SAC/LogPi_mean |          -0.249 |
|                                 SAC/Q1_mean |          0.0505 |
|                                 SAC/Q2_mean |          0.0505 |
|                            Norm/actor_model |            26.4 |
|                           Norm/critic_model |            23.2 |
|              Norm/state_action_metric_model |            32.2 |
|                     Norm/state_metric_model |            32.2 |
|        Norm/state_action_state_metric_model |            32.6 |
|                  Metric/self_state_distance |         0.00319 |
|                 Metric/cross_state_distance |            0.87 |
|           Metric/self_state_action_distance |         0.00443 |
|          Metric/cross_state_action_distance |           0.865 |
|             Metric/avg_self_state_asymmetry |               0 |
|            Metric/avg_cross_state_asymmetry |         0.00559 |
|                Metric/avg_self_sa_asymmetry |               0 |
|               Metric/avg_cross_sa_asymmetry |         0.00239 |
|  Metric/self_state_action_to_state_distance |         0.00654 |
| Metric/cross_state_action_to_state_distance |           0.864 |
|                   Metric/h_lambda_diff_self |         0.00411 |
|                  Metric/h_lambda_diff_cross |         0.00511 |
|                                 Eval/Return |               0 |
-----------------------------------------------------------------
-----------------------------------------------------------------
|                                 Train/Steps |        3.92e+05 |
|                            Loss/Loss_critic |        8.76e-09 |
|                             Loss/Loss_actor |         -0.0145 |
|                             Loss/Loss_alpha |       -2.52e-06 |
|               Loss/Loss_state_action_metric |          0.0135 |
|                      Loss/Loss_state_metric |         0.00394 |
|             Loss/Loss_state_action_to_state |        0.000576 |
|                           Loss/Act_rep_loss |           0.217 |
|                                   SAC/Alpha |        3.45e-05 |
|                              SAC/LogPi_mean |           0.455 |
|                                 SAC/Q1_mean |          0.0145 |
|                                 SAC/Q2_mean |          0.0145 |
|                            Norm/actor_model |            31.5 |
|                           Norm/critic_model |            23.2 |
|              Norm/state_action_metric_model |            33.1 |
|                     Norm/state_metric_model |            33.5 |
|        Norm/state_action_state_metric_model |            35.3 |
|                  Metric/self_state_distance |         0.00499 |
|                 Metric/cross_state_distance |           0.882 |
|           Metric/self_state_action_distance |         0.00141 |
|          Metric/cross_state_action_distance |           0.866 |
|             Metric/avg_self_state_asymmetry |               0 |
|            Metric/avg_cross_state_asymmetry |         0.00157 |
|                Metric/avg_self_sa_asymmetry |               0 |
|               Metric/avg_cross_sa_asymmetry |         0.00211 |
|  Metric/self_state_action_to_state_distance |         0.00224 |
| Metric/cross_state_action_to_state_distance |           0.865 |
|                   Metric/h_lambda_diff_self |         0.00118 |
|                  Metric/h_lambda_diff_cross |         0.00328 |
|                                 Eval/Return |               0 |
-----------------------------------------------------------------
-----------------------------------------------------------------
|                                 Train/Steps |         5.2e+05 |
|                            Loss/Loss_critic |         8.6e-05 |
|                             Loss/Loss_actor |        -0.00442 |
|                             Loss/Loss_alpha |        -7.4e-05 |
|               Loss/Loss_state_action_metric |         0.00633 |
|                      Loss/Loss_state_metric |         0.00156 |
|             Loss/Loss_state_action_to_state |        0.000116 |
|                           Loss/Act_rep_loss |            0.16 |
|                                   SAC/Alpha |        5.43e-05 |
|                              SAC/LogPi_mean |             1.8 |
|                                 SAC/Q1_mean |         0.00552 |
|                                 SAC/Q2_mean |         0.00486 |
|                            Norm/actor_model |              35 |
|                           Norm/critic_model |            25.3 |
|              Norm/state_action_metric_model |            35.1 |
|                     Norm/state_metric_model |            34.6 |
|        Norm/state_action_state_metric_model |            38.7 |
|                  Metric/self_state_distance |         0.00385 |
|                 Metric/cross_state_distance |           0.918 |
|           Metric/self_state_action_distance |         0.00119 |
|          Metric/cross_state_action_distance |           0.907 |
|             Metric/avg_self_state_asymmetry |               0 |
|            Metric/avg_cross_state_asymmetry |         0.00151 |
|                Metric/avg_self_sa_asymmetry |               0 |
|               Metric/avg_cross_sa_asymmetry |         0.00392 |
|  Metric/self_state_action_to_state_distance |         0.00228 |
| Metric/cross_state_action_to_state_distance |           0.907 |
|                   Metric/h_lambda_diff_self |         0.00209 |
|                  Metric/h_lambda_diff_cross |         0.00593 |
|                                 Eval/Return |               0 |
-----------------------------------------------------------------
-----------------------------------------------------------------
|                                 Train/Steps |        6.48e+05 |
|                            Loss/Loss_critic |         0.00267 |
|                             Loss/Loss_actor |         -0.0313 |
|                             Loss/Loss_alpha |        2.44e-05 |
|               Loss/Loss_state_action_metric |          0.0659 |
|                      Loss/Loss_state_metric |         0.00362 |
|             Loss/Loss_state_action_to_state |         0.00191 |
|                           Loss/Act_rep_loss |            0.17 |
|                                   SAC/Alpha |        0.000737 |
|                              SAC/LogPi_mean |           0.532 |
|                                 SAC/Q1_mean |           0.033 |
|                                 SAC/Q2_mean |          0.0313 |
|                            Norm/actor_model |              39 |
|                           Norm/critic_model |            34.9 |
|              Norm/state_action_metric_model |            38.7 |
|                     Norm/state_metric_model |            38.2 |
|        Norm/state_action_state_metric_model |            43.3 |
|                  Metric/self_state_distance |         0.00515 |
|                 Metric/cross_state_distance |           0.908 |
|           Metric/self_state_action_distance |          0.0112 |
|          Metric/cross_state_action_distance |           0.904 |
|             Metric/avg_self_state_asymmetry |               0 |
|            Metric/avg_cross_state_asymmetry |         0.00627 |
|                Metric/avg_self_sa_asymmetry |               0 |
|               Metric/avg_cross_sa_asymmetry |          0.0122 |
|  Metric/self_state_action_to_state_distance |           0.004 |
| Metric/cross_state_action_to_state_distance |           0.897 |
|                   Metric/h_lambda_diff_self |         0.00855 |
|                  Metric/h_lambda_diff_cross |          0.0139 |
|                                 Eval/Return |            9.62 |
-----------------------------------------------------------------
-----------------------------------------------------------------
|                                 Train/Steps |        7.76e+05 |
|                            Loss/Loss_critic |          0.0123 |
|                             Loss/Loss_actor |          -0.285 |
|                             Loss/Loss_alpha |        7.41e-06 |
|               Loss/Loss_state_action_metric |           0.407 |
|                      Loss/Loss_state_metric |          0.0519 |
|             Loss/Loss_state_action_to_state |          0.0101 |
|                           Loss/Act_rep_loss |          0.0833 |
|                                   SAC/Alpha |        0.000657 |
|                              SAC/LogPi_mean |           0.546 |
|                                 SAC/Q1_mean |           0.295 |
|                                 SAC/Q2_mean |           0.291 |
|                            Norm/actor_model |            44.5 |
|                           Norm/critic_model |            45.1 |
|              Norm/state_action_metric_model |            46.4 |
|                     Norm/state_metric_model |            42.3 |
|        Norm/state_action_state_metric_model |            47.7 |
|                  Metric/self_state_distance |         0.00772 |
|                 Metric/cross_state_distance |            1.03 |
|           Metric/self_state_action_distance |          0.0292 |
|          Metric/cross_state_action_distance |            1.05 |
|             Metric/avg_self_state_asymmetry |               0 |
|            Metric/avg_cross_state_asymmetry |          0.0167 |
|                Metric/avg_self_sa_asymmetry |               0 |
|               Metric/avg_cross_sa_asymmetry |          0.0309 |
|  Metric/self_state_action_to_state_distance |          0.0114 |
| Metric/cross_state_action_to_state_distance |            1.03 |
|                   Metric/h_lambda_diff_self |           0.023 |
|                  Metric/h_lambda_diff_cross |          0.0479 |
|                                 Eval/Return |            51.1 |
-----------------------------------------------------------------
-----------------------------------------------------------------
|                                 Train/Steps |        9.04e+05 |
|                            Loss/Loss_critic |            0.16 |
|                             Loss/Loss_actor |          -0.827 |
|                             Loss/Loss_alpha |       -0.000254 |
|               Loss/Loss_state_action_metric |           0.337 |
|                      Loss/Loss_state_metric |          0.0646 |
|             Loss/Loss_state_action_to_state |          0.0181 |
|                           Loss/Act_rep_loss |          0.0522 |
|                                   SAC/Alpha |         0.00164 |
|                              SAC/LogPi_mean |           0.656 |
|                                 SAC/Q1_mean |           0.872 |
|                                 SAC/Q2_mean |           0.847 |
|                            Norm/actor_model |            50.1 |
|                           Norm/critic_model |              57 |
|              Norm/state_action_metric_model |              55 |
|                     Norm/state_metric_model |            45.7 |
|        Norm/state_action_state_metric_model |            52.5 |
|                  Metric/self_state_distance |          0.0103 |
|                 Metric/cross_state_distance |            1.08 |
|           Metric/self_state_action_distance |          0.0335 |
|          Metric/cross_state_action_distance |            1.08 |
|             Metric/avg_self_state_asymmetry |               0 |
|            Metric/avg_cross_state_asymmetry |          0.0422 |
|                Metric/avg_self_sa_asymmetry |               0 |
|               Metric/avg_cross_sa_asymmetry |          0.0402 |
|  Metric/self_state_action_to_state_distance |          0.0145 |
| Metric/cross_state_action_to_state_distance |            1.07 |
|                   Metric/h_lambda_diff_self |          0.0246 |
|                  Metric/h_lambda_diff_cross |          0.0511 |
|                                 Eval/Return |            78.7 |
-----------------------------------------------------------------
-----------------------------------------------------------------
|                                 Train/Steps |        1.03e+06 |
|                            Loss/Loss_critic |           0.111 |
|                             Loss/Loss_actor |           -6.82 |
|                             Loss/Loss_alpha |       -0.000348 |
|               Loss/Loss_state_action_metric |            2.86 |
|                      Loss/Loss_state_metric |           0.554 |
|             Loss/Loss_state_action_to_state |          0.0202 |
|                           Loss/Act_rep_loss |          0.0283 |
|                                   SAC/Alpha |         0.00541 |
|                              SAC/LogPi_mean |            0.51 |
|                                 SAC/Q1_mean |             6.9 |
|                                 SAC/Q2_mean |             6.8 |
|                            Norm/actor_model |            55.4 |
|                           Norm/critic_model |              69 |
|              Norm/state_action_metric_model |            62.9 |
|                     Norm/state_metric_model |              50 |
|        Norm/state_action_state_metric_model |            58.3 |
|                  Metric/self_state_distance |          0.0246 |
|                 Metric/cross_state_distance |            1.53 |
|           Metric/self_state_action_distance |          0.0544 |
|          Metric/cross_state_action_distance |             1.9 |
|             Metric/avg_self_state_asymmetry |               0 |
|            Metric/avg_cross_state_asymmetry |          0.0706 |
|                Metric/avg_self_sa_asymmetry |               0 |
|               Metric/avg_cross_sa_asymmetry |          0.0531 |
|  Metric/self_state_action_to_state_distance |          0.0266 |
| Metric/cross_state_action_to_state_distance |            1.86 |
|                   Metric/h_lambda_diff_self |          0.0337 |
|                  Metric/h_lambda_diff_cross |           0.073 |
|                                 Eval/Return |               0 |
-----------------------------------------------------------------
[32mSaving model …[0m
[32mDone.[0m
[32mSaving model …[0m
[32mDone.[0m
-----------------------------------------------------------------
|                                 Train/Steps |        1.16e+06 |
|                            Loss/Loss_critic |           0.111 |
|                             Loss/Loss_actor |           -5.77 |
|                             Loss/Loss_alpha |       -0.000552 |
|               Loss/Loss_state_action_metric |            1.99 |
|                      Loss/Loss_state_metric |           0.424 |
|             Loss/Loss_state_action_to_state |          0.0153 |
|                           Loss/Act_rep_loss |          0.0301 |
|                                   SAC/Alpha |         0.00905 |
|                              SAC/LogPi_mean |           0.537 |
|                                 SAC/Q1_mean |            5.78 |
|                                 SAC/Q2_mean |            5.78 |
|                            Norm/actor_model |            60.1 |
|                           Norm/critic_model |            77.2 |
|              Norm/state_action_metric_model |            69.5 |
|                     Norm/state_metric_model |            54.4 |
|        Norm/state_action_state_metric_model |              65 |
|                  Metric/self_state_distance |          0.0199 |
|                 Metric/cross_state_distance |            1.43 |
|           Metric/self_state_action_distance |          0.0571 |
|          Metric/cross_state_action_distance |            1.69 |
|             Metric/avg_self_state_asymmetry |               0 |
|            Metric/avg_cross_state_asymmetry |          0.0643 |
|                Metric/avg_self_sa_asymmetry |               0 |
|               Metric/avg_cross_sa_asymmetry |          0.0412 |
|  Metric/self_state_action_to_state_distance |          0.0196 |
| Metric/cross_state_action_to_state_distance |            1.67 |
|                   Metric/h_lambda_diff_self |          0.0409 |
|                  Metric/h_lambda_diff_cross |           0.052 |
|                                 Eval/Return |               0 |
-----------------------------------------------------------------
-----------------------------------------------------------------
|                                 Train/Steps |        1.29e+06 |
|                            Loss/Loss_critic |           0.123 |
|                             Loss/Loss_actor |           -5.98 |
|                             Loss/Loss_alpha |        -0.00136 |
|               Loss/Loss_state_action_metric |            1.69 |
|                      Loss/Loss_state_metric |           0.386 |
|             Loss/Loss_state_action_to_state |         0.00605 |
|                           Loss/Act_rep_loss |          0.0521 |
|                                   SAC/Alpha |          0.0108 |
|                              SAC/LogPi_mean |           0.697 |
|                                 SAC/Q1_mean |            6.02 |
|                                 SAC/Q2_mean |            5.98 |
|                            Norm/actor_model |            65.1 |
|                           Norm/critic_model |            84.1 |
|              Norm/state_action_metric_model |            76.1 |
|                     Norm/state_metric_model |            58.5 |
|        Norm/state_action_state_metric_model |            71.3 |
|                  Metric/self_state_distance |           0.017 |
|                 Metric/cross_state_distance |            1.37 |
|           Metric/self_state_action_distance |          0.0309 |
|          Metric/cross_state_action_distance |            1.58 |
|             Metric/avg_self_state_asymmetry |               0 |
|            Metric/avg_cross_state_asymmetry |           0.048 |
|                Metric/avg_self_sa_asymmetry |               0 |
|               Metric/avg_cross_sa_asymmetry |          0.0443 |
|  Metric/self_state_action_to_state_distance |          0.0162 |
| Metric/cross_state_action_to_state_distance |            1.57 |
|                   Metric/h_lambda_diff_self |          0.0192 |
|                  Metric/h_lambda_diff_cross |          0.0434 |
|                                 Eval/Return |             618 |
-----------------------------------------------------------------
-----------------------------------------------------------------
|                                 Train/Steps |        1.42e+06 |
|                            Loss/Loss_critic |           0.106 |
|                             Loss/Loss_actor |           -12.7 |
|                             Loss/Loss_alpha |       -0.000554 |
|               Loss/Loss_state_action_metric |            3.12 |
|                      Loss/Loss_state_metric |           0.685 |
|             Loss/Loss_state_action_to_state |          0.0189 |
|                           Loss/Act_rep_loss |          0.0494 |
|                                   SAC/Alpha |          0.0112 |
|                              SAC/LogPi_mean |           0.498 |
|                                 SAC/Q1_mean |            12.7 |
|                                 SAC/Q2_mean |            12.6 |
|                            Norm/actor_model |            69.5 |
|                           Norm/critic_model |            89.9 |
|              Norm/state_action_metric_model |            83.1 |
|                     Norm/state_metric_model |            62.7 |
|        Norm/state_action_state_metric_model |            77.3 |
|                  Metric/self_state_distance |          0.0239 |
|                 Metric/cross_state_distance |             1.7 |
|           Metric/self_state_action_distance |          0.0582 |
|          Metric/cross_state_action_distance |            2.13 |
|             Metric/avg_self_state_asymmetry |               0 |
|            Metric/avg_cross_state_asymmetry |          0.0564 |
|                Metric/avg_self_sa_asymmetry |               0 |
|               Metric/avg_cross_sa_asymmetry |          0.0435 |
|  Metric/self_state_action_to_state_distance |          0.0192 |
| Metric/cross_state_action_to_state_distance |            2.12 |
|                   Metric/h_lambda_diff_self |          0.0413 |
|                  Metric/h_lambda_diff_cross |          0.0521 |
|                                 Eval/Return |             202 |
-----------------------------------------------------------------
-----------------------------------------------------------------
|                                 Train/Steps |        1.54e+06 |
|                            Loss/Loss_critic |          0.0764 |
|                             Loss/Loss_actor |           -15.6 |
|                             Loss/Loss_alpha |        0.000578 |
|               Loss/Loss_state_action_metric |            4.19 |
|                      Loss/Loss_state_metric |           0.978 |
|             Loss/Loss_state_action_to_state |          0.0121 |
|                           Loss/Act_rep_loss |          0.0313 |
|                                   SAC/Alpha |          0.0115 |
|                              SAC/LogPi_mean |           0.491 |
|                                 SAC/Q1_mean |            15.7 |
|                                 SAC/Q2_mean |            15.7 |
|                            Norm/actor_model |            74.5 |
|                           Norm/critic_model |            94.8 |
|              Norm/state_action_metric_model |            89.9 |
|                     Norm/state_metric_model |            67.4 |
|        Norm/state_action_state_metric_model |            84.3 |
|                  Metric/self_state_distance |           0.031 |
|                 Metric/cross_state_distance |            1.92 |
|           Metric/self_state_action_distance |          0.0444 |
|          Metric/cross_state_action_distance |            2.45 |
|             Metric/avg_self_state_asymmetry |               0 |
|            Metric/avg_cross_state_asymmetry |          0.0653 |
|                Metric/avg_self_sa_asymmetry |               0 |
|               Metric/avg_cross_sa_asymmetry |          0.0629 |
|  Metric/self_state_action_to_state_distance |          0.0172 |
| Metric/cross_state_action_to_state_distance |            2.44 |
|                   Metric/h_lambda_diff_self |          0.0297 |
|                  Metric/h_lambda_diff_cross |          0.0602 |
|                                 Eval/Return |             663 |
-----------------------------------------------------------------
-----------------------------------------------------------------
|                                 Train/Steps |        1.67e+06 |
|                            Loss/Loss_critic |           0.124 |
|                             Loss/Loss_actor |           -20.1 |
|                             Loss/Loss_alpha |       -1.32e-05 |
|               Loss/Loss_state_action_metric |            5.14 |
|                      Loss/Loss_state_metric |            1.36 |
|             Loss/Loss_state_action_to_state |          0.0109 |
|                           Loss/Act_rep_loss |            0.05 |
|                                   SAC/Alpha |          0.0155 |
|                              SAC/LogPi_mean |           0.531 |
|                                 SAC/Q1_mean |            20.1 |
|                                 SAC/Q2_mean |            20.1 |
|                            Norm/actor_model |            79.2 |
|                           Norm/critic_model |            99.5 |
|              Norm/state_action_metric_model |            95.5 |
|                     Norm/state_metric_model |              72 |
|        Norm/state_action_state_metric_model |            91.2 |
|                  Metric/self_state_distance |          0.0355 |
|                 Metric/cross_state_distance |            2.13 |
|           Metric/self_state_action_distance |          0.0567 |
|          Metric/cross_state_action_distance |            2.91 |
|             Metric/avg_self_state_asymmetry |               0 |
|            Metric/avg_cross_state_asymmetry |          0.0688 |
|                Metric/avg_self_sa_asymmetry |               0 |
|               Metric/avg_cross_sa_asymmetry |          0.0439 |
|  Metric/self_state_action_to_state_distance |          0.0196 |
| Metric/cross_state_action_to_state_distance |            2.89 |
|                   Metric/h_lambda_diff_self |           0.039 |
|                  Metric/h_lambda_diff_cross |          0.0439 |
|                                 Eval/Return |             736 |
-----------------------------------------------------------------
-----------------------------------------------------------------
|                                 Train/Steps |         1.8e+06 |
|                            Loss/Loss_critic |           0.102 |
|                             Loss/Loss_actor |           -22.5 |
|                             Loss/Loss_alpha |        0.000214 |
|               Loss/Loss_state_action_metric |             5.5 |
|                      Loss/Loss_state_metric |            1.22 |
|             Loss/Loss_state_action_to_state |          0.0103 |
|                           Loss/Act_rep_loss |          0.0417 |
|                                   SAC/Alpha |          0.0172 |
|                              SAC/LogPi_mean |           0.457 |
|                                 SAC/Q1_mean |            22.5 |
|                                 SAC/Q2_mean |            22.5 |
|                            Norm/actor_model |            84.1 |
|                           Norm/critic_model |             104 |
|              Norm/state_action_metric_model |             101 |
|                     Norm/state_metric_model |            76.7 |
|        Norm/state_action_state_metric_model |            97.6 |
|                  Metric/self_state_distance |          0.0371 |
|                 Metric/cross_state_distance |             2.2 |
|           Metric/self_state_action_distance |          0.0714 |
|          Metric/cross_state_action_distance |            2.85 |
|             Metric/avg_self_state_asymmetry |               0 |
|            Metric/avg_cross_state_asymmetry |          0.0552 |
|                Metric/avg_self_sa_asymmetry |               0 |
|               Metric/avg_cross_sa_asymmetry |          0.0451 |
|  Metric/self_state_action_to_state_distance |          0.0274 |
| Metric/cross_state_action_to_state_distance |            2.85 |
|                   Metric/h_lambda_diff_self |          0.0514 |
|                  Metric/h_lambda_diff_cross |          0.0532 |
|                                 Eval/Return |             756 |
-----------------------------------------------------------------
-----------------------------------------------------------------
|                                 Train/Steps |        1.93e+06 |
|                            Loss/Loss_critic |           0.134 |
|                             Loss/Loss_actor |           -25.3 |
|                             Loss/Loss_alpha |        0.000551 |
|               Loss/Loss_state_action_metric |            6.58 |
|                      Loss/Loss_state_metric |            1.44 |
|             Loss/Loss_state_action_to_state |         0.00862 |
|                           Loss/Act_rep_loss |          0.0409 |
|                                   SAC/Alpha |          0.0223 |
|                              SAC/LogPi_mean |           0.466 |
|                                 SAC/Q1_mean |            25.3 |
|                                 SAC/Q2_mean |            25.2 |
|                            Norm/actor_model |            87.9 |
|                           Norm/critic_model |             109 |
|              Norm/state_action_metric_model |             106 |
|                     Norm/state_metric_model |              81 |
|        Norm/state_action_state_metric_model |             104 |
|                  Metric/self_state_distance |          0.0395 |
|                 Metric/cross_state_distance |            2.49 |
|           Metric/self_state_action_distance |          0.0593 |
|          Metric/cross_state_action_distance |            3.31 |
|             Metric/avg_self_state_asymmetry |               0 |
|            Metric/avg_cross_state_asymmetry |           0.062 |
|                Metric/avg_self_sa_asymmetry |               0 |
|               Metric/avg_cross_sa_asymmetry |          0.0493 |
|  Metric/self_state_action_to_state_distance |          0.0185 |
| Metric/cross_state_action_to_state_distance |            3.31 |
|                   Metric/h_lambda_diff_self |           0.043 |
|                  Metric/h_lambda_diff_cross |          0.0396 |
|                                 Eval/Return |             752 |
-----------------------------------------------------------------
-----------------------------------------------------------------
|                                 Train/Steps |        2.06e+06 |
|                            Loss/Loss_critic |           0.161 |
|                             Loss/Loss_actor |           -30.3 |
|                             Loss/Loss_alpha |        0.000805 |
|               Loss/Loss_state_action_metric |            6.79 |
|                      Loss/Loss_state_metric |             1.6 |
|             Loss/Loss_state_action_to_state |          0.0189 |
|                           Loss/Act_rep_loss |          0.0493 |
|                                   SAC/Alpha |          0.0229 |
|                              SAC/LogPi_mean |           0.543 |
|                                 SAC/Q1_mean |            30.3 |
|                                 SAC/Q2_mean |            30.2 |
|                            Norm/actor_model |            91.4 |
|                           Norm/critic_model |             112 |
|              Norm/state_action_metric_model |             111 |
|                     Norm/state_metric_model |            85.4 |
|        Norm/state_action_state_metric_model |             110 |
|                  Metric/self_state_distance |          0.0428 |
|                 Metric/cross_state_distance |            2.53 |
|           Metric/self_state_action_distance |           0.056 |
|          Metric/cross_state_action_distance |            3.39 |
|             Metric/avg_self_state_asymmetry |               0 |
|            Metric/avg_cross_state_asymmetry |          0.0862 |
|                Metric/avg_self_sa_asymmetry |               0 |
|               Metric/avg_cross_sa_asymmetry |           0.061 |
|  Metric/self_state_action_to_state_distance |          0.0255 |
| Metric/cross_state_action_to_state_distance |             3.4 |
|                   Metric/h_lambda_diff_self |          0.0356 |
|                  Metric/h_lambda_diff_cross |          0.0592 |
|                                 Eval/Return |             748 |
-----------------------------------------------------------------
[32mSaving model …[0m
[32mDone.[0m
[32mSaving model …[0m
[32mDone.[0m
-----------------------------------------------------------------
|                                 Train/Steps |        2.18e+06 |
|                            Loss/Loss_critic |           0.218 |
|                             Loss/Loss_actor |           -31.9 |
|                             Loss/Loss_alpha |        0.000983 |
|               Loss/Loss_state_action_metric |            7.12 |
|                      Loss/Loss_state_metric |            1.55 |
|             Loss/Loss_state_action_to_state |         0.00961 |
|                           Loss/Act_rep_loss |          0.0431 |
|                                   SAC/Alpha |          0.0224 |
|                              SAC/LogPi_mean |            0.48 |
|                                 SAC/Q1_mean |            31.9 |
|                                 SAC/Q2_mean |              32 |
|                            Norm/actor_model |            95.3 |
|                           Norm/critic_model |             116 |
|              Norm/state_action_metric_model |             117 |
|                     Norm/state_metric_model |            90.3 |
|        Norm/state_action_state_metric_model |             117 |
|                  Metric/self_state_distance |          0.0342 |
|                 Metric/cross_state_distance |            2.61 |
|           Metric/self_state_action_distance |          0.0731 |
|          Metric/cross_state_action_distance |            3.59 |
|             Metric/avg_self_state_asymmetry |               0 |
|            Metric/avg_cross_state_asymmetry |          0.0737 |
|                Metric/avg_self_sa_asymmetry |               0 |
|               Metric/avg_cross_sa_asymmetry |          0.0545 |
|  Metric/self_state_action_to_state_distance |          0.0297 |
| Metric/cross_state_action_to_state_distance |            3.58 |
|                   Metric/h_lambda_diff_self |          0.0467 |
|                  Metric/h_lambda_diff_cross |          0.0584 |
|                                 Eval/Return |             763 |
-----------------------------------------------------------------
-----------------------------------------------------------------
|                                 Train/Steps |        2.31e+06 |
|                            Loss/Loss_critic |           0.126 |
|                             Loss/Loss_actor |             -35 |
|                             Loss/Loss_alpha |        -0.00113 |
|               Loss/Loss_state_action_metric |            7.99 |
|                      Loss/Loss_state_metric |            1.75 |
|             Loss/Loss_state_action_to_state |          0.0112 |
|                           Loss/Act_rep_loss |          0.0362 |
|                                   SAC/Alpha |          0.0275 |
|                              SAC/LogPi_mean |           0.483 |
|                                 SAC/Q1_mean |              35 |
|                                 SAC/Q2_mean |            35.1 |
|                            Norm/actor_model |            98.9 |
|                           Norm/critic_model |             119 |
|              Norm/state_action_metric_model |             123 |
|                     Norm/state_metric_model |            95.3 |
|        Norm/state_action_state_metric_model |             123 |
|                  Metric/self_state_distance |          0.0321 |
|                 Metric/cross_state_distance |            2.69 |
|           Metric/self_state_action_distance |          0.0551 |
|          Metric/cross_state_action_distance |            3.79 |
|             Metric/avg_self_state_asymmetry |               0 |
|            Metric/avg_cross_state_asymmetry |          0.0875 |
|                Metric/avg_self_sa_asymmetry |               0 |
|               Metric/avg_cross_sa_asymmetry |          0.0694 |
|  Metric/self_state_action_to_state_distance |          0.0248 |
| Metric/cross_state_action_to_state_distance |            3.79 |
|                   Metric/h_lambda_diff_self |          0.0335 |
|                  Metric/h_lambda_diff_cross |          0.0657 |
|                                 Eval/Return |             754 |
-----------------------------------------------------------------
-----------------------------------------------------------------
|                                 Train/Steps |        2.44e+06 |
|                            Loss/Loss_critic |           0.147 |
|                             Loss/Loss_actor |           -39.7 |
|                             Loss/Loss_alpha |         0.00135 |
|               Loss/Loss_state_action_metric |            7.76 |
|                      Loss/Loss_state_metric |            1.87 |
|             Loss/Loss_state_action_to_state |            0.02 |
|                           Loss/Act_rep_loss |          0.0328 |
|                                   SAC/Alpha |          0.0256 |
|                              SAC/LogPi_mean |            0.48 |
|                                 SAC/Q1_mean |            39.7 |
|                                 SAC/Q2_mean |            39.6 |
|                            Norm/actor_model |             103 |
|                           Norm/critic_model |             122 |
|              Norm/state_action_metric_model |             128 |
|                     Norm/state_metric_model |             101 |
|        Norm/state_action_state_metric_model |             128 |
|                  Metric/self_state_distance |          0.0355 |
|                 Metric/cross_state_distance |            2.82 |
|           Metric/self_state_action_distance |          0.0478 |
|          Metric/cross_state_action_distance |            3.97 |
|             Metric/avg_self_state_asymmetry |               0 |
|            Metric/avg_cross_state_asymmetry |           0.118 |
|                Metric/avg_self_sa_asymmetry |               0 |
|               Metric/avg_cross_sa_asymmetry |          0.0681 |
|  Metric/self_state_action_to_state_distance |          0.0276 |
| Metric/cross_state_action_to_state_distance |            3.94 |
|                   Metric/h_lambda_diff_self |          0.0262 |
|                  Metric/h_lambda_diff_cross |           0.094 |
|                                 Eval/Return |             759 |
-----------------------------------------------------------------
-----------------------------------------------------------------
|                                 Train/Steps |        2.57e+06 |
|                            Loss/Loss_critic |           0.157 |
|                             Loss/Loss_actor |           -44.6 |
|                             Loss/Loss_alpha |        0.000316 |
|               Loss/Loss_state_action_metric |            8.76 |
|                      Loss/Loss_state_metric |            2.18 |
|             Loss/Loss_state_action_to_state |           0.013 |
|                           Loss/Act_rep_loss |          0.0214 |
|                                   SAC/Alpha |          0.0239 |
|                              SAC/LogPi_mean |            0.52 |
|                                 SAC/Q1_mean |            44.6 |
|                                 SAC/Q2_mean |            44.6 |
|                            Norm/actor_model |             107 |
|                           Norm/critic_model |             126 |
|              Norm/state_action_metric_model |             132 |
|                     Norm/state_metric_model |             105 |
|        Norm/state_action_state_metric_model |             133 |
|                  Metric/self_state_distance |          0.0238 |
|                 Metric/cross_state_distance |            3.06 |
|           Metric/self_state_action_distance |             0.1 |
|          Metric/cross_state_action_distance |            4.14 |
|             Metric/avg_self_state_asymmetry |               0 |
|            Metric/avg_cross_state_asymmetry |          0.0795 |
|                Metric/avg_self_sa_asymmetry |               0 |
|               Metric/avg_cross_sa_asymmetry |          0.0805 |
|  Metric/self_state_action_to_state_distance |          0.0197 |
| Metric/cross_state_action_to_state_distance |            4.07 |
|                   Metric/h_lambda_diff_self |          0.0824 |
|                  Metric/h_lambda_diff_cross |          0.0926 |
|                                 Eval/Return |             735 |
-----------------------------------------------------------------
-----------------------------------------------------------------
|                                 Train/Steps |         2.7e+06 |
|                            Loss/Loss_critic |           0.176 |
|                             Loss/Loss_actor |           -45.2 |
|                             Loss/Loss_alpha |        -0.00344 |
|               Loss/Loss_state_action_metric |            7.83 |
|                      Loss/Loss_state_metric |             1.9 |
|             Loss/Loss_state_action_to_state |         0.00829 |
|                           Loss/Act_rep_loss |          0.0465 |
|                                   SAC/Alpha |          0.0246 |
|                              SAC/LogPi_mean |           0.605 |
|                                 SAC/Q1_mean |            45.1 |
|                                 SAC/Q2_mean |            45.2 |
|                            Norm/actor_model |             110 |
|                           Norm/critic_model |             130 |
|              Norm/state_action_metric_model |             136 |
|                     Norm/state_metric_model |             110 |
|        Norm/state_action_state_metric_model |             136 |
|                  Metric/self_state_distance |          0.0329 |
|                 Metric/cross_state_distance |            2.86 |
|           Metric/self_state_action_distance |          0.0477 |
|          Metric/cross_state_action_distance |            3.79 |
|             Metric/avg_self_state_asymmetry |               0 |
|            Metric/avg_cross_state_asymmetry |           0.106 |
|                Metric/avg_self_sa_asymmetry |               0 |
|               Metric/avg_cross_sa_asymmetry |          0.0583 |
|  Metric/self_state_action_to_state_distance |          0.0147 |
| Metric/cross_state_action_to_state_distance |            3.78 |
|                   Metric/h_lambda_diff_self |          0.0355 |
|                  Metric/h_lambda_diff_cross |          0.0536 |
|                                 Eval/Return |             693 |
-----------------------------------------------------------------
-----------------------------------------------------------------
|                                 Train/Steps |        2.82e+06 |
|                            Loss/Loss_critic |           0.112 |
|                             Loss/Loss_actor |           -46.2 |
|                             Loss/Loss_alpha |         0.00242 |
|               Loss/Loss_state_action_metric |            8.96 |
|                      Loss/Loss_state_metric |            1.97 |
|             Loss/Loss_state_action_to_state |          0.0149 |
|                           Loss/Act_rep_loss |          0.0311 |
|                                   SAC/Alpha |          0.0229 |
|                              SAC/LogPi_mean |           0.395 |
|                                 SAC/Q1_mean |            46.1 |
|                                 SAC/Q2_mean |            46.2 |
|                            Norm/actor_model |             114 |
|                           Norm/critic_model |             132 |
|              Norm/state_action_metric_model |             139 |
|                     Norm/state_metric_model |             114 |
|        Norm/state_action_state_metric_model |             140 |
|                  Metric/self_state_distance |          0.0357 |
|                 Metric/cross_state_distance |            3.02 |
|           Metric/self_state_action_distance |           0.053 |
|          Metric/cross_state_action_distance |            4.28 |
|             Metric/avg_self_state_asymmetry |               0 |
|            Metric/avg_cross_state_asymmetry |          0.0745 |
|                Metric/avg_self_sa_asymmetry |               0 |
|               Metric/avg_cross_sa_asymmetry |          0.0534 |
|  Metric/self_state_action_to_state_distance |          0.0185 |
| Metric/cross_state_action_to_state_distance |            4.26 |
|                   Metric/h_lambda_diff_self |          0.0357 |
|                  Metric/h_lambda_diff_cross |            0.06 |
|                                 Eval/Return |             759 |
-----------------------------------------------------------------
-----------------------------------------------------------------
|                                 Train/Steps |        2.95e+06 |
|                            Loss/Loss_critic |           0.196 |
|                             Loss/Loss_actor |           -47.6 |
|                             Loss/Loss_alpha |        -0.00355 |
|               Loss/Loss_state_action_metric |            8.97 |
|                      Loss/Loss_state_metric |            2.41 |
|             Loss/Loss_state_action_to_state |         0.00536 |
|                           Loss/Act_rep_loss |          0.0362 |
|                                   SAC/Alpha |          0.0302 |
|                              SAC/LogPi_mean |             0.6 |
|                                 SAC/Q1_mean |            47.6 |
|                                 SAC/Q2_mean |            47.7 |
|                            Norm/actor_model |             117 |
|                           Norm/critic_model |             135 |
|              Norm/state_action_metric_model |             143 |
|                     Norm/state_metric_model |             119 |
|        Norm/state_action_state_metric_model |             143 |
|                  Metric/self_state_distance |          0.0235 |
|                 Metric/cross_state_distance |            2.96 |
|           Metric/self_state_action_distance |          0.0503 |
|          Metric/cross_state_action_distance |            4.15 |
|             Metric/avg_self_state_asymmetry |               0 |
|            Metric/avg_cross_state_asymmetry |          0.0697 |
|                Metric/avg_self_sa_asymmetry |               0 |
|               Metric/avg_cross_sa_asymmetry |          0.0494 |
|  Metric/self_state_action_to_state_distance |          0.0133 |
| Metric/cross_state_action_to_state_distance |            4.15 |
|                   Metric/h_lambda_diff_self |          0.0374 |
|                  Metric/h_lambda_diff_cross |          0.0408 |
|                                 Eval/Return |             754 |
-----------------------------------------------------------------
-----------------------------------------------------------------
|                                 Train/Steps |        3.08e+06 |
|                            Loss/Loss_critic |           0.114 |
|                             Loss/Loss_actor |           -49.9 |
|                             Loss/Loss_alpha |         0.00409 |
|               Loss/Loss_state_action_metric |            8.56 |
|                      Loss/Loss_state_metric |            2.01 |
|             Loss/Loss_state_action_to_state |         0.00602 |
|                           Loss/Act_rep_loss |           0.038 |
|                                   SAC/Alpha |          0.0313 |
|                              SAC/LogPi_mean |           0.386 |
|                                 SAC/Q1_mean |              50 |
|                                 SAC/Q2_mean |              50 |
|                            Norm/actor_model |             120 |
|                           Norm/critic_model |             138 |
|              Norm/state_action_metric_model |             146 |
|                     Norm/state_metric_model |             123 |
|        Norm/state_action_state_metric_model |             146 |
|                  Metric/self_state_distance |          0.0348 |
|                 Metric/cross_state_distance |            2.88 |
|           Metric/self_state_action_distance |          0.0468 |
|          Metric/cross_state_action_distance |            3.97 |
|             Metric/avg_self_state_asymmetry |               0 |
|            Metric/avg_cross_state_asymmetry |          0.0701 |
|                Metric/avg_self_sa_asymmetry |               0 |
|               Metric/avg_cross_sa_asymmetry |          0.0495 |
|  Metric/self_state_action_to_state_distance |          0.0108 |
| Metric/cross_state_action_to_state_distance |            3.95 |
|                   Metric/h_lambda_diff_self |          0.0366 |
|                  Metric/h_lambda_diff_cross |           0.057 |
|                                 Eval/Return |             761 |
-----------------------------------------------------------------
[32mSaving model …[0m
[32mDone.[0m
[32mSaving model …[0m
[32mDone.[0m
-----------------------------------------------------------------
|                                 Train/Steps |        3.21e+06 |
|                            Loss/Loss_critic |           0.182 |
|                             Loss/Loss_actor |           -47.5 |
|                             Loss/Loss_alpha |       -0.000595 |
|               Loss/Loss_state_action_metric |            7.84 |
|                      Loss/Loss_state_metric |            1.88 |
|             Loss/Loss_state_action_to_state |         0.00661 |
|                           Loss/Act_rep_loss |          0.0298 |
|                                   SAC/Alpha |          0.0248 |
|                              SAC/LogPi_mean |           0.441 |
|                                 SAC/Q1_mean |            47.5 |
|                                 SAC/Q2_mean |            47.5 |
|                            Norm/actor_model |             123 |
|                           Norm/critic_model |             140 |
|              Norm/state_action_metric_model |             149 |
|                     Norm/state_metric_model |             128 |
|        Norm/state_action_state_metric_model |             150 |
|                  Metric/self_state_distance |          0.0299 |
|                 Metric/cross_state_distance |            2.86 |
|           Metric/self_state_action_distance |            0.04 |
|          Metric/cross_state_action_distance |             3.8 |
|             Metric/avg_self_state_asymmetry |               0 |
|            Metric/avg_cross_state_asymmetry |          0.0848 |
|                Metric/avg_self_sa_asymmetry |               0 |
|               Metric/avg_cross_sa_asymmetry |           0.055 |
|  Metric/self_state_action_to_state_distance |          0.0158 |
| Metric/cross_state_action_to_state_distance |            3.78 |
|                   Metric/h_lambda_diff_self |          0.0251 |
|                  Metric/h_lambda_diff_cross |          0.0489 |
|                                 Eval/Return |             763 |
-----------------------------------------------------------------
-----------------------------------------------------------------
|                                 Train/Steps |        3.34e+06 |
|                            Loss/Loss_critic |           0.128 |
|                             Loss/Loss_actor |           -54.3 |
|                             Loss/Loss_alpha |       -0.000125 |
|               Loss/Loss_state_action_metric |             8.1 |
|                      Loss/Loss_state_metric |            2.46 |
|             Loss/Loss_state_action_to_state |         0.00917 |
|                           Loss/Act_rep_loss |          0.0283 |
|                                   SAC/Alpha |          0.0204 |
|                              SAC/LogPi_mean |           0.515 |
|                                 SAC/Q1_mean |            54.4 |
|                                 SAC/Q2_mean |            54.3 |
|                            Norm/actor_model |             127 |
|                           Norm/critic_model |             142 |
|              Norm/state_action_metric_model |             153 |
|                     Norm/state_metric_model |             133 |
|        Norm/state_action_state_metric_model |             153 |
|                  Metric/self_state_distance |          0.0299 |
|                 Metric/cross_state_distance |            3.02 |
|           Metric/self_state_action_distance |          0.0504 |
|          Metric/cross_state_action_distance |            4.06 |
|             Metric/avg_self_state_asymmetry |               0 |
|            Metric/avg_cross_state_asymmetry |          0.0723 |
|                Metric/avg_self_sa_asymmetry |               0 |
|               Metric/avg_cross_sa_asymmetry |          0.0617 |
|  Metric/self_state_action_to_state_distance |          0.0257 |
| Metric/cross_state_action_to_state_distance |            4.05 |
|                   Metric/h_lambda_diff_self |          0.0279 |
|                  Metric/h_lambda_diff_cross |          0.0515 |
|                                 Eval/Return |             767 |
-----------------------------------------------------------------
-----------------------------------------------------------------
|                                 Train/Steps |        3.46e+06 |
|                            Loss/Loss_critic |           0.135 |
|                             Loss/Loss_actor |           -51.2 |
|                             Loss/Loss_alpha |         0.00117 |
|               Loss/Loss_state_action_metric |            7.89 |
|                      Loss/Loss_state_metric |            1.94 |
|             Loss/Loss_state_action_to_state |         0.00919 |
|                           Loss/Act_rep_loss |          0.0269 |
|                                   SAC/Alpha |          0.0203 |
|                              SAC/LogPi_mean |           0.487 |
|                                 SAC/Q1_mean |            51.2 |
|                                 SAC/Q2_mean |            51.2 |
|                            Norm/actor_model |             129 |
|                           Norm/critic_model |             145 |
|              Norm/state_action_metric_model |             156 |
|                     Norm/state_metric_model |             137 |
|        Norm/state_action_state_metric_model |             157 |
|                  Metric/self_state_distance |          0.0276 |
|                 Metric/cross_state_distance |            2.87 |
|           Metric/self_state_action_distance |          0.0666 |
|          Metric/cross_state_action_distance |            3.94 |
|             Metric/avg_self_state_asymmetry |               0 |
|            Metric/avg_cross_state_asymmetry |          0.0828 |
|                Metric/avg_self_sa_asymmetry |               0 |
|               Metric/avg_cross_sa_asymmetry |          0.0513 |
|  Metric/self_state_action_to_state_distance |          0.0134 |
| Metric/cross_state_action_to_state_distance |            3.92 |
|                   Metric/h_lambda_diff_self |          0.0543 |
|                  Metric/h_lambda_diff_cross |          0.0438 |
|                                 Eval/Return |             660 |
-----------------------------------------------------------------
-----------------------------------------------------------------
|                                 Train/Steps |        3.59e+06 |
|                            Loss/Loss_critic |           0.171 |
|                             Loss/Loss_actor |           -52.7 |
|                             Loss/Loss_alpha |        -0.00181 |
|               Loss/Loss_state_action_metric |            9.13 |
|                      Loss/Loss_state_metric |            2.08 |
|             Loss/Loss_state_action_to_state |          0.0124 |
|                           Loss/Act_rep_loss |           0.025 |
|                                   SAC/Alpha |          0.0177 |
|                              SAC/LogPi_mean |           0.613 |
|                                 SAC/Q1_mean |            52.7 |
|                                 SAC/Q2_mean |            52.7 |
|                            Norm/actor_model |             132 |
|                           Norm/critic_model |             146 |
|              Norm/state_action_metric_model |             159 |
|                     Norm/state_metric_model |             141 |
|        Norm/state_action_state_metric_model |             160 |
|                  Metric/self_state_distance |          0.0242 |
|                 Metric/cross_state_distance |            3.04 |
|           Metric/self_state_action_distance |           0.054 |
|          Metric/cross_state_action_distance |            4.13 |
|             Metric/avg_self_state_asymmetry |               0 |
|            Metric/avg_cross_state_asymmetry |          0.0789 |
|                Metric/avg_self_sa_asymmetry |               0 |
|               Metric/avg_cross_sa_asymmetry |          0.0586 |
|  Metric/self_state_action_to_state_distance |          0.0129 |
| Metric/cross_state_action_to_state_distance |             4.1 |
|                   Metric/h_lambda_diff_self |          0.0418 |
|                  Metric/h_lambda_diff_cross |          0.0471 |
|                                 Eval/Return |             767 |
-----------------------------------------------------------------
-----------------------------------------------------------------
|                                 Train/Steps |        3.72e+06 |
|                            Loss/Loss_critic |           0.181 |
|                             Loss/Loss_actor |             -55 |
|                             Loss/Loss_alpha |         0.00178 |
|               Loss/Loss_state_action_metric |            9.33 |
|                      Loss/Loss_state_metric |            1.76 |
|             Loss/Loss_state_action_to_state |         0.00985 |
|                           Loss/Act_rep_loss |          0.0278 |
|                                   SAC/Alpha |          0.0188 |
|                              SAC/LogPi_mean |           0.456 |
|                                 SAC/Q1_mean |            55.1 |
|                                 SAC/Q2_mean |              55 |
|                            Norm/actor_model |             135 |
|                           Norm/critic_model |             148 |
|              Norm/state_action_metric_model |             163 |
|                     Norm/state_metric_model |             146 |
|        Norm/state_action_state_metric_model |             164 |
|                  Metric/self_state_distance |           0.028 |
|                 Metric/cross_state_distance |            2.83 |
|           Metric/self_state_action_distance |          0.0469 |
|          Metric/cross_state_action_distance |            3.99 |
|             Metric/avg_self_state_asymmetry |               0 |
|            Metric/avg_cross_state_asymmetry |          0.0858 |
|                Metric/avg_self_sa_asymmetry |               0 |
|               Metric/avg_cross_sa_asymmetry |          0.0501 |
|  Metric/self_state_action_to_state_distance |          0.0155 |
| Metric/cross_state_action_to_state_distance |            3.98 |
|                   Metric/h_lambda_diff_self |          0.0332 |
|                  Metric/h_lambda_diff_cross |          0.0505 |
|                                 Eval/Return |             767 |
-----------------------------------------------------------------
-----------------------------------------------------------------
|                                 Train/Steps |        3.85e+06 |
|                            Loss/Loss_critic |            0.14 |
|                             Loss/Loss_actor |           -57.7 |
|                             Loss/Loss_alpha |        -0.00232 |
|               Loss/Loss_state_action_metric |            9.02 |
|                      Loss/Loss_state_metric |            2.16 |
|             Loss/Loss_state_action_to_state |           0.012 |
|                           Loss/Act_rep_loss |          0.0264 |
|                                   SAC/Alpha |          0.0211 |
|                              SAC/LogPi_mean |           0.538 |
|                                 SAC/Q1_mean |            57.8 |
|                                 SAC/Q2_mean |            57.7 |
|                            Norm/actor_model |             138 |
|                           Norm/critic_model |             150 |
|              Norm/state_action_metric_model |             166 |
|                     Norm/state_metric_model |             150 |
|        Norm/state_action_state_metric_model |             167 |
|                  Metric/self_state_distance |          0.0252 |
|                 Metric/cross_state_distance |             3.1 |
|           Metric/self_state_action_distance |          0.0512 |
|          Metric/cross_state_action_distance |            4.15 |
|             Metric/avg_self_state_asymmetry |               0 |
|            Metric/avg_cross_state_asymmetry |          0.0797 |
|                Metric/avg_self_sa_asymmetry |               0 |
|               Metric/avg_cross_sa_asymmetry |          0.0598 |
|  Metric/self_state_action_to_state_distance |         0.00969 |
| Metric/cross_state_action_to_state_distance |            4.12 |
|                   Metric/h_lambda_diff_self |          0.0417 |
|                  Metric/h_lambda_diff_cross |          0.0497 |
|                                 Eval/Return |             773 |
-----------------------------------------------------------------
-----------------------------------------------------------------
|                                 Train/Steps |        3.98e+06 |
|                            Loss/Loss_critic |           0.122 |
|                             Loss/Loss_actor |           -55.3 |
|                             Loss/Loss_alpha |        -0.00101 |
|               Loss/Loss_state_action_metric |            9.49 |
|                      Loss/Loss_state_metric |            2.16 |
|             Loss/Loss_state_action_to_state |         0.00828 |
|                           Loss/Act_rep_loss |          0.0172 |
|                                   SAC/Alpha |          0.0187 |
|                              SAC/LogPi_mean |           0.533 |
|                                 SAC/Q1_mean |            55.3 |
|                                 SAC/Q2_mean |            55.3 |
|                            Norm/actor_model |             141 |
|                           Norm/critic_model |             150 |
|              Norm/state_action_metric_model |             170 |
|                     Norm/state_metric_model |             154 |
|        Norm/state_action_state_metric_model |             170 |
|                  Metric/self_state_distance |          0.0212 |
|                 Metric/cross_state_distance |            3.04 |
|           Metric/self_state_action_distance |          0.0455 |
|          Metric/cross_state_action_distance |            4.25 |
|             Metric/avg_self_state_asymmetry |               0 |
|            Metric/avg_cross_state_asymmetry |          0.0761 |
|                Metric/avg_self_sa_asymmetry |               0 |
|               Metric/avg_cross_sa_asymmetry |          0.0486 |
|  Metric/self_state_action_to_state_distance |          0.0134 |
| Metric/cross_state_action_to_state_distance |            4.24 |
|                   Metric/h_lambda_diff_self |          0.0328 |
|                  Metric/h_lambda_diff_cross |          0.0446 |
|                                 Eval/Return |             775 |
-----------------------------------------------------------------
-----------------------------------------------------------------
|                                 Train/Steps |         4.1e+06 |
|                            Loss/Loss_critic |          0.0964 |
|                             Loss/Loss_actor |           -60.8 |
|                             Loss/Loss_alpha |       -0.000311 |
|               Loss/Loss_state_action_metric |            9.46 |
|                      Loss/Loss_state_metric |            2.46 |
|             Loss/Loss_state_action_to_state |         0.00813 |
|                           Loss/Act_rep_loss |          0.0166 |
|                                   SAC/Alpha |          0.0193 |
|                              SAC/LogPi_mean |           0.563 |
|                                 SAC/Q1_mean |            60.8 |
|                                 SAC/Q2_mean |            60.7 |
|                            Norm/actor_model |             143 |
|                           Norm/critic_model |             152 |
|              Norm/state_action_metric_model |             173 |
|                     Norm/state_metric_model |             159 |
|        Norm/state_action_state_metric_model |             174 |
|                  Metric/self_state_distance |           0.026 |
|                 Metric/cross_state_distance |            3.01 |
|           Metric/self_state_action_distance |           0.043 |
|          Metric/cross_state_action_distance |            4.35 |
|             Metric/avg_self_state_asymmetry |               0 |
|            Metric/avg_cross_state_asymmetry |           0.131 |
|                Metric/avg_self_sa_asymmetry |               0 |
|               Metric/avg_cross_sa_asymmetry |          0.0687 |
|  Metric/self_state_action_to_state_distance |          0.0164 |
| Metric/cross_state_action_to_state_distance |            4.33 |
|                   Metric/h_lambda_diff_self |          0.0284 |
|                  Metric/h_lambda_diff_cross |          0.0489 |
|                                 Eval/Return |             771 |
-----------------------------------------------------------------
[32mSaving model …[0m
[32mDone.[0m
[32mSaving model …[0m
[32mDone.[0m
-----------------------------------------------------------------
|                                 Train/Steps |        4.23e+06 |
|                            Loss/Loss_critic |          0.0825 |
|                             Loss/Loss_actor |           -60.8 |
|                             Loss/Loss_alpha |        -0.00189 |
|               Loss/Loss_state_action_metric |            8.86 |
|                      Loss/Loss_state_metric |            2.45 |
|             Loss/Loss_state_action_to_state |          0.0081 |
|                           Loss/Act_rep_loss |          0.0255 |
|                                   SAC/Alpha |          0.0153 |
|                              SAC/LogPi_mean |           0.559 |
|                                 SAC/Q1_mean |            60.8 |
|                                 SAC/Q2_mean |            60.8 |
|                            Norm/actor_model |             145 |
|                           Norm/critic_model |             153 |
|              Norm/state_action_metric_model |             176 |
|                     Norm/state_metric_model |             163 |
|        Norm/state_action_state_metric_model |             177 |
|                  Metric/self_state_distance |          0.0131 |
|                 Metric/cross_state_distance |            3.21 |
|           Metric/self_state_action_distance |          0.0492 |
|          Metric/cross_state_action_distance |            4.25 |
|             Metric/avg_self_state_asymmetry |               0 |
|            Metric/avg_cross_state_asymmetry |          0.0738 |
|                Metric/avg_self_sa_asymmetry |               0 |
|               Metric/avg_cross_sa_asymmetry |          0.0464 |
|  Metric/self_state_action_to_state_distance |          0.0148 |
| Metric/cross_state_action_to_state_distance |            4.24 |
|                   Metric/h_lambda_diff_self |          0.0359 |
|                  Metric/h_lambda_diff_cross |          0.0436 |
|                                 Eval/Return |             775 |
-----------------------------------------------------------------
-----------------------------------------------------------------
|                                 Train/Steps |        4.36e+06 |
|                            Loss/Loss_critic |          0.0828 |
|                             Loss/Loss_actor |           -64.7 |
|                             Loss/Loss_alpha |       -0.000168 |
|               Loss/Loss_state_action_metric |            8.66 |
|                      Loss/Loss_state_metric |            2.59 |
|             Loss/Loss_state_action_to_state |         0.00992 |
|                           Loss/Act_rep_loss |          0.0251 |
|                                   SAC/Alpha |          0.0159 |
|                              SAC/LogPi_mean |           0.488 |
|                                 SAC/Q1_mean |            64.7 |
|                                 SAC/Q2_mean |            64.7 |
|                            Norm/actor_model |             148 |
|                           Norm/critic_model |             154 |
|              Norm/state_action_metric_model |             179 |
|                     Norm/state_metric_model |             166 |
|        Norm/state_action_state_metric_model |             180 |
|                  Metric/self_state_distance |          0.0194 |
|                 Metric/cross_state_distance |            3.05 |
|           Metric/self_state_action_distance |          0.0546 |
|          Metric/cross_state_action_distance |            4.18 |
|             Metric/avg_self_state_asymmetry |               0 |
|            Metric/avg_cross_state_asymmetry |          0.0738 |
|                Metric/avg_self_sa_asymmetry |               0 |
|               Metric/avg_cross_sa_asymmetry |          0.0438 |
|  Metric/self_state_action_to_state_distance |          0.0217 |
| Metric/cross_state_action_to_state_distance |            4.18 |
|                   Metric/h_lambda_diff_self |          0.0356 |
|                  Metric/h_lambda_diff_cross |          0.0507 |
|                                 Eval/Return |             775 |
-----------------------------------------------------------------
-----------------------------------------------------------------
|                                 Train/Steps |        4.49e+06 |
|                            Loss/Loss_critic |          0.0861 |
|                             Loss/Loss_actor |           -70.2 |
|                             Loss/Loss_alpha |       -0.000585 |
|               Loss/Loss_state_action_metric |            8.73 |
|                      Loss/Loss_state_metric |            2.28 |
|             Loss/Loss_state_action_to_state |         0.00494 |
|                           Loss/Act_rep_loss |          0.0181 |
|                                   SAC/Alpha |          0.0163 |
|                              SAC/LogPi_mean |           0.474 |
|                                 SAC/Q1_mean |            70.2 |
|                                 SAC/Q2_mean |            70.2 |
|                            Norm/actor_model |             150 |
|                           Norm/critic_model |             155 |
|              Norm/state_action_metric_model |             182 |
|                     Norm/state_metric_model |             169 |
|        Norm/state_action_state_metric_model |             183 |
|                  Metric/self_state_distance |          0.0179 |
|                 Metric/cross_state_distance |            2.92 |
|           Metric/self_state_action_distance |          0.0232 |
|          Metric/cross_state_action_distance |               4 |
|             Metric/avg_self_state_asymmetry |               0 |
|            Metric/avg_cross_state_asymmetry |           0.077 |
|                Metric/avg_self_sa_asymmetry |               0 |
|               Metric/avg_cross_sa_asymmetry |          0.0417 |
|  Metric/self_state_action_to_state_distance |          0.0131 |
| Metric/cross_state_action_to_state_distance |            3.99 |
|                   Metric/h_lambda_diff_self |          0.0133 |
|                  Metric/h_lambda_diff_cross |          0.0323 |
|                                 Eval/Return |             778 |
-----------------------------------------------------------------
-----------------------------------------------------------------
|                                 Train/Steps |        4.62e+06 |
|                            Loss/Loss_critic |          0.0917 |
|                             Loss/Loss_actor |           -70.6 |
|                             Loss/Loss_alpha |         0.00106 |
|               Loss/Loss_state_action_metric |            8.48 |
|                      Loss/Loss_state_metric |            2.15 |
|             Loss/Loss_state_action_to_state |         0.00854 |
|                           Loss/Act_rep_loss |          0.0194 |
|                                   SAC/Alpha |          0.0142 |
|                              SAC/LogPi_mean |           0.444 |
|                                 SAC/Q1_mean |            70.6 |
|                                 SAC/Q2_mean |            70.7 |
|                            Norm/actor_model |             153 |
|                           Norm/critic_model |             156 |
|              Norm/state_action_metric_model |             184 |
|                     Norm/state_metric_model |             172 |
|        Norm/state_action_state_metric_model |             186 |
|                  Metric/self_state_distance |          0.0175 |
|                 Metric/cross_state_distance |            3.06 |
|           Metric/self_state_action_distance |          0.0216 |
|          Metric/cross_state_action_distance |            4.12 |
|             Metric/avg_self_state_asymmetry |               0 |
|            Metric/avg_cross_state_asymmetry |          0.0587 |
|                Metric/avg_self_sa_asymmetry |               0 |
|               Metric/avg_cross_sa_asymmetry |           0.044 |
|  Metric/self_state_action_to_state_distance |          0.0105 |
| Metric/cross_state_action_to_state_distance |             4.1 |
|                   Metric/h_lambda_diff_self |           0.015 |
|                  Metric/h_lambda_diff_cross |          0.0353 |
|                                 Eval/Return |             776 |
-----------------------------------------------------------------
-----------------------------------------------------------------
|                                 Train/Steps |        4.74e+06 |
|                            Loss/Loss_critic |          0.0627 |
|                             Loss/Loss_actor |           -72.1 |
|                             Loss/Loss_alpha |       -0.000131 |
|               Loss/Loss_state_action_metric |            9.06 |
|                      Loss/Loss_state_metric |             2.3 |
|             Loss/Loss_state_action_to_state |         0.00508 |
|                           Loss/Act_rep_loss |          0.0128 |
|                                   SAC/Alpha |           0.013 |
|                              SAC/LogPi_mean |           0.535 |
|                                 SAC/Q1_mean |            72.2 |
|                                 SAC/Q2_mean |            72.2 |
|                            Norm/actor_model |             155 |
|                           Norm/critic_model |             157 |
|              Norm/state_action_metric_model |             187 |
|                     Norm/state_metric_model |             175 |
|        Norm/state_action_state_metric_model |             189 |
|                  Metric/self_state_distance |          0.0203 |
|                 Metric/cross_state_distance |            3.15 |
|           Metric/self_state_action_distance |          0.0449 |
|          Metric/cross_state_action_distance |            4.01 |
|             Metric/avg_self_state_asymmetry |               0 |
|            Metric/avg_cross_state_asymmetry |           0.059 |
|                Metric/avg_self_sa_asymmetry |               0 |
|               Metric/avg_cross_sa_asymmetry |          0.0355 |
|  Metric/self_state_action_to_state_distance |          0.0126 |
| Metric/cross_state_action_to_state_distance |            4.01 |
|                   Metric/h_lambda_diff_self |          0.0349 |
|                  Metric/h_lambda_diff_cross |          0.0384 |
|                                 Eval/Return |             773 |
-----------------------------------------------------------------
-----------------------------------------------------------------
|                                 Train/Steps |        4.87e+06 |
|                            Loss/Loss_critic |          0.0558 |
|                             Loss/Loss_actor |             -76 |
|                             Loss/Loss_alpha |        -0.00099 |
|               Loss/Loss_state_action_metric |            8.84 |
|                      Loss/Loss_state_metric |            1.81 |
|             Loss/Loss_state_action_to_state |         0.00878 |
|                           Loss/Act_rep_loss |          0.0236 |
|                                   SAC/Alpha |          0.0109 |
|                              SAC/LogPi_mean |           0.604 |
|                                 SAC/Q1_mean |              76 |
|                                 SAC/Q2_mean |              76 |
|                            Norm/actor_model |             157 |
|                           Norm/critic_model |             159 |
|              Norm/state_action_metric_model |             190 |
|                     Norm/state_metric_model |             178 |
|        Norm/state_action_state_metric_model |             192 |
|                  Metric/self_state_distance |           0.014 |
|                 Metric/cross_state_distance |            2.78 |
|           Metric/self_state_action_distance |           0.029 |
|          Metric/cross_state_action_distance |            3.75 |
|             Metric/avg_self_state_asymmetry |               0 |
|            Metric/avg_cross_state_asymmetry |          0.0682 |
|                Metric/avg_self_sa_asymmetry |               0 |
|               Metric/avg_cross_sa_asymmetry |          0.0422 |
|  Metric/self_state_action_to_state_distance |          0.0128 |
| Metric/cross_state_action_to_state_distance |            3.73 |
|                   Metric/h_lambda_diff_self |          0.0191 |
|                  Metric/h_lambda_diff_cross |          0.0338 |
|                                 Eval/Return |             746 |
-----------------------------------------------------------------
-----------------------------------------------------------------
|                                 Train/Steps |           5e+06 |
|                            Loss/Loss_critic |          0.0729 |
|                             Loss/Loss_actor |           -76.8 |
|                             Loss/Loss_alpha |       -0.000282 |
|               Loss/Loss_state_action_metric |            9.72 |
|                      Loss/Loss_state_metric |            1.89 |
|             Loss/Loss_state_action_to_state |          0.0126 |
|                           Loss/Act_rep_loss |          0.0151 |
|                                   SAC/Alpha |         0.00929 |
|                              SAC/LogPi_mean |           0.467 |
|                                 SAC/Q1_mean |            76.9 |
|                                 SAC/Q2_mean |            76.9 |
|                            Norm/actor_model |             159 |
|                           Norm/critic_model |             160 |
|              Norm/state_action_metric_model |             192 |
|                     Norm/state_metric_model |             182 |
|        Norm/state_action_state_metric_model |             195 |
|                  Metric/self_state_distance |          0.0058 |
|                 Metric/cross_state_distance |            2.92 |
|           Metric/self_state_action_distance |          0.0314 |
|          Metric/cross_state_action_distance |            3.81 |
|             Metric/avg_self_state_asymmetry |               0 |
|            Metric/avg_cross_state_asymmetry |          0.0685 |
|                Metric/avg_self_sa_asymmetry |               0 |
|               Metric/avg_cross_sa_asymmetry |          0.0484 |
|  Metric/self_state_action_to_state_distance |         0.00365 |
| Metric/cross_state_action_to_state_distance |            3.78 |
|                   Metric/h_lambda_diff_self |          0.0278 |
|                  Metric/h_lambda_diff_cross |           0.061 |
|                                 Eval/Return |             774 |
-----------------------------------------------------------------
[32mSaving model …[0m
[32mDone.[0m
[32mSaving model …[0m
[32mDone.[0m
