E0906 00:41:09.958228  867835 cuda_executor.cc:1526] Could not get kernel mode driver version: (INVALID_ARGUMENT: Version does not match the format X.Y.Z)
E0906 00:41:09.967837  867726 cuda_executor.cc:1526] Could not get kernel mode driver version: (INVALID_ARGUMENT: Version does not match the format X.Y.Z)
[32mStart prefilling replay buffer[0m
[32mStart SAC training[0m
[32m{'log_freq': 1000, 'save_freq': 1000000, 'eval_episode_freq': 10, 'hidden_size': 256, 'lr': 0.001, 'max_grad_norm': 0.0, 'gamma': 0.99, 'update_tau': 0.005, 'train_per_step': 8, 'episode_length': 1000, 'warmup_samples': 8192, 'max_replay_size': 4000000, 'batch_size': 512, 'total_env_steps': 5000000, 'init_temperature': 0.1, 'nstep': 3, 'bootstrap_on_truncation': True, 'rep_lr_scale': 1.5, 'n_act_samples': 5, 'act_eps': 0.1, 'aug_weight': 1.0, 'vis_feq': 100000, 'n_vis_frames': 4, 'num_envs': 128, 'grad_steps': 50, 'transfer_freq': 10, 'transfer_steps': 8, 'reward_scaling': 1.0, 'num_eval_envs': 128, 'target_entropy': -3.0}[0m
[32m[nstep] nstep=3 bootstrap_on_truncation=True (discount from the buffer already contains gamma^nstep)[0m
[32m[epsball] n_act_samples=5 act_eps=0.1 aug_weight=1.0[0m
-----------------------------------------------------------------
|                                 Train/Steps |        1.36e+05 |
|                            Loss/Loss_critic |           0.116 |
|                             Loss/Loss_actor |             -10 |
|                             Loss/Loss_alpha |        -0.00599 |
|               Loss/Loss_state_action_metric |            2.67 |
|                      Loss/Loss_state_metric |           0.869 |
|             Loss/Loss_state_action_to_state |         0.00517 |
|                           Loss/Act_rep_loss |         0.00603 |
|                                   SAC/Alpha |          0.0124 |
|                              SAC/LogPi_mean |            3.33 |
|                                 SAC/Q1_mean |            9.88 |
|                                 SAC/Q2_mean |            9.89 |
|                            Norm/actor_model |            45.3 |
|                           Norm/critic_model |            51.5 |
|              Norm/state_action_metric_model |            31.4 |
|                     Norm/state_metric_model |            30.5 |
|        Norm/state_action_state_metric_model |            31.4 |
|                  Metric/self_state_distance |          0.0166 |
|                 Metric/cross_state_distance |            2.35 |
|           Metric/self_state_action_distance |          0.0278 |
|          Metric/cross_state_action_distance |            2.62 |
|             Metric/avg_self_state_asymmetry |               0 |
|            Metric/avg_cross_state_asymmetry |          0.0302 |
|                Metric/avg_self_sa_asymmetry |               0 |
|               Metric/avg_cross_sa_asymmetry |          0.0409 |
|  Metric/self_state_action_to_state_distance |         0.00448 |
| Metric/cross_state_action_to_state_distance |            2.62 |
|                   Metric/h_lambda_diff_self |          0.0235 |
|                  Metric/h_lambda_diff_cross |          0.0575 |
|                                 Eval/Return |             548 |
-----------------------------------------------------------------
-----------------------------------------------------------------
|                                 Train/Steps |        2.64e+05 |
|                            Loss/Loss_critic |            0.17 |
|                             Loss/Loss_actor |           -29.1 |
|                             Loss/Loss_alpha |         0.00853 |
|               Loss/Loss_state_action_metric |            8.18 |
|                      Loss/Loss_state_metric |            2.49 |
|             Loss/Loss_state_action_to_state |         0.00407 |
|                           Loss/Act_rep_loss |         0.00171 |
|                                   SAC/Alpha |          0.0229 |
|                              SAC/LogPi_mean |             2.4 |
|                                 SAC/Q1_mean |            29.1 |
|                                 SAC/Q2_mean |            29.1 |
|                            Norm/actor_model |            59.9 |
|                           Norm/critic_model |            68.4 |
|              Norm/state_action_metric_model |            34.2 |
|                     Norm/state_metric_model |            32.6 |
|        Norm/state_action_state_metric_model |            33.4 |
|                  Metric/self_state_distance |         0.00996 |
|                 Metric/cross_state_distance |             3.6 |
|           Metric/self_state_action_distance |          0.0126 |
|          Metric/cross_state_action_distance |            4.24 |
|             Metric/avg_self_state_asymmetry |               0 |
|            Metric/avg_cross_state_asymmetry |          0.0538 |
|                Metric/avg_self_sa_asymmetry |               0 |
|               Metric/avg_cross_sa_asymmetry |          0.0387 |
|  Metric/self_state_action_to_state_distance |         0.00663 |
| Metric/cross_state_action_to_state_distance |             4.2 |
|                   Metric/h_lambda_diff_self |          0.0116 |
|                  Metric/h_lambda_diff_cross |          0.0591 |
|                                 Eval/Return |             789 |
-----------------------------------------------------------------
-----------------------------------------------------------------
|                                 Train/Steps |        3.92e+05 |
|                            Loss/Loss_critic |           0.157 |
|                             Loss/Loss_actor |           -45.9 |
|                             Loss/Loss_alpha |       -0.000437 |
|               Loss/Loss_state_action_metric |            7.19 |
|                      Loss/Loss_state_metric |             2.4 |
|             Loss/Loss_state_action_to_state |         0.00362 |
|                           Loss/Act_rep_loss |        0.000581 |
|                                   SAC/Alpha |          0.0259 |
|                              SAC/LogPi_mean |            2.86 |
|                                 SAC/Q1_mean |            45.8 |
|                                 SAC/Q2_mean |            45.8 |
|                            Norm/actor_model |            69.1 |
|                           Norm/critic_model |            79.9 |
|              Norm/state_action_metric_model |            37.4 |
|                     Norm/state_metric_model |            35.3 |
|        Norm/state_action_state_metric_model |            36.1 |
|                  Metric/self_state_distance |         0.00503 |
|                 Metric/cross_state_distance |             3.5 |
|           Metric/self_state_action_distance |         0.00731 |
|          Metric/cross_state_action_distance |            4.03 |
|             Metric/avg_self_state_asymmetry |               0 |
|            Metric/avg_cross_state_asymmetry |           0.026 |
|                Metric/avg_self_sa_asymmetry |               0 |
|               Metric/avg_cross_sa_asymmetry |          0.0325 |
|  Metric/self_state_action_to_state_distance |         0.00123 |
| Metric/cross_state_action_to_state_distance |            4.04 |
|                   Metric/h_lambda_diff_self |         0.00643 |
|                  Metric/h_lambda_diff_cross |          0.0432 |
|                                 Eval/Return |             843 |
-----------------------------------------------------------------
-----------------------------------------------------------------
|                                 Train/Steps |         5.2e+05 |
|                            Loss/Loss_critic |           0.212 |
|                             Loss/Loss_actor |           -56.8 |
|                             Loss/Loss_alpha |          0.0118 |
|               Loss/Loss_state_action_metric |            7.88 |
|                      Loss/Loss_state_metric |            2.31 |
|             Loss/Loss_state_action_to_state |         0.00631 |
|                           Loss/Act_rep_loss |        0.000318 |
|                                   SAC/Alpha |          0.0247 |
|                              SAC/LogPi_mean |             2.7 |
|                                 SAC/Q1_mean |              57 |
|                                 SAC/Q2_mean |            56.7 |
|                            Norm/actor_model |            76.6 |
|                           Norm/critic_model |              88 |
|              Norm/state_action_metric_model |            40.9 |
|                     Norm/state_metric_model |            38.2 |
|        Norm/state_action_state_metric_model |            39.1 |
|                  Metric/self_state_distance |         0.00699 |
|                 Metric/cross_state_distance |            3.49 |
|           Metric/self_state_action_distance |         0.00694 |
|          Metric/cross_state_action_distance |            4.09 |
|             Metric/avg_self_state_asymmetry |               0 |
|            Metric/avg_cross_state_asymmetry |          0.0303 |
|                Metric/avg_self_sa_asymmetry |               0 |
|               Metric/avg_cross_sa_asymmetry |          0.0301 |
|  Metric/self_state_action_to_state_distance |         0.00116 |
| Metric/cross_state_action_to_state_distance |            4.07 |
|                   Metric/h_lambda_diff_self |         0.00611 |
|                  Metric/h_lambda_diff_cross |          0.0497 |
|                                 Eval/Return |             847 |
-----------------------------------------------------------------
-----------------------------------------------------------------
|                                 Train/Steps |        6.48e+05 |
|                            Loss/Loss_critic |           0.363 |
|                             Loss/Loss_actor |           -65.2 |
|                             Loss/Loss_alpha |        -0.00342 |
|               Loss/Loss_state_action_metric |            7.82 |
|                      Loss/Loss_state_metric |            2.36 |
|             Loss/Loss_state_action_to_state |         0.00189 |
|                           Loss/Act_rep_loss |        8.64e-06 |
|                                   SAC/Alpha |          0.0232 |
|                              SAC/LogPi_mean |            3.21 |
|                                 SAC/Q1_mean |            65.2 |
|                                 SAC/Q2_mean |            65.3 |
|                            Norm/actor_model |            82.8 |
|                           Norm/critic_model |            94.3 |
|              Norm/state_action_metric_model |            44.6 |
|                     Norm/state_metric_model |            40.9 |
|        Norm/state_action_state_metric_model |              42 |
|                  Metric/self_state_distance |         0.00225 |
|                 Metric/cross_state_distance |            3.44 |
|           Metric/self_state_action_distance |          0.0069 |
|          Metric/cross_state_action_distance |            3.95 |
|             Metric/avg_self_state_asymmetry |               0 |
|            Metric/avg_cross_state_asymmetry |          0.0211 |
|                Metric/avg_self_sa_asymmetry |               0 |
|               Metric/avg_cross_sa_asymmetry |          0.0262 |
|  Metric/self_state_action_to_state_distance |         0.00039 |
| Metric/cross_state_action_to_state_distance |            3.93 |
|                   Metric/h_lambda_diff_self |         0.00652 |
|                  Metric/h_lambda_diff_cross |          0.0363 |
|                                 Eval/Return |             876 |
-----------------------------------------------------------------
-----------------------------------------------------------------
|                                 Train/Steps |        7.76e+05 |
|                            Loss/Loss_critic |           0.175 |
|                             Loss/Loss_actor |           -68.9 |
|                             Loss/Loss_alpha |         0.00137 |
|               Loss/Loss_state_action_metric |            7.09 |
|                      Loss/Loss_state_metric |            2.12 |
|             Loss/Loss_state_action_to_state |         0.00259 |
|                           Loss/Act_rep_loss |        0.000193 |
|                                   SAC/Alpha |          0.0222 |
|                              SAC/LogPi_mean |            3.09 |
|                                 SAC/Q1_mean |            68.8 |
|                                 SAC/Q2_mean |            68.8 |
|                            Norm/actor_model |            88.3 |
|                           Norm/critic_model |            99.9 |
|              Norm/state_action_metric_model |            48.1 |
|                     Norm/state_metric_model |            43.7 |
|        Norm/state_action_state_metric_model |            44.9 |
|                  Metric/self_state_distance |         0.00644 |
|                 Metric/cross_state_distance |             3.3 |
|           Metric/self_state_action_distance |         0.00419 |
|          Metric/cross_state_action_distance |            3.77 |
|             Metric/avg_self_state_asymmetry |               0 |
|            Metric/avg_cross_state_asymmetry |           0.019 |
|                Metric/avg_self_sa_asymmetry |               0 |
|               Metric/avg_cross_sa_asymmetry |          0.0247 |
|  Metric/self_state_action_to_state_distance |         0.00133 |
| Metric/cross_state_action_to_state_distance |            3.78 |
|                   Metric/h_lambda_diff_self |          0.0037 |
|                  Metric/h_lambda_diff_cross |          0.0339 |
|                                 Eval/Return |             889 |
-----------------------------------------------------------------
-----------------------------------------------------------------
|                                 Train/Steps |        9.04e+05 |
|                            Loss/Loss_critic |           0.132 |
|                             Loss/Loss_actor |           -72.6 |
|                             Loss/Loss_alpha |        0.000637 |
|               Loss/Loss_state_action_metric |            7.51 |
|                      Loss/Loss_state_metric |            2.12 |
|             Loss/Loss_state_action_to_state |         0.00193 |
|                           Loss/Act_rep_loss |        7.35e-06 |
|                                   SAC/Alpha |          0.0219 |
|                              SAC/LogPi_mean |            2.95 |
|                                 SAC/Q1_mean |            72.6 |
|                                 SAC/Q2_mean |            72.5 |
|                            Norm/actor_model |              93 |
|                           Norm/critic_model |             105 |
|              Norm/state_action_metric_model |            51.7 |
|                     Norm/state_metric_model |            46.3 |
|        Norm/state_action_state_metric_model |            47.9 |
|                  Metric/self_state_distance |         0.00138 |
|                 Metric/cross_state_distance |            3.29 |
|           Metric/self_state_action_distance |         0.00768 |
|          Metric/cross_state_action_distance |            3.78 |
|             Metric/avg_self_state_asymmetry |               0 |
|            Metric/avg_cross_state_asymmetry |          0.0213 |
|                Metric/avg_self_sa_asymmetry |               0 |
|               Metric/avg_cross_sa_asymmetry |          0.0226 |
|  Metric/self_state_action_to_state_distance |        0.000813 |
| Metric/cross_state_action_to_state_distance |            3.79 |
|                   Metric/h_lambda_diff_self |         0.00731 |
|                  Metric/h_lambda_diff_cross |          0.0411 |
|                                 Eval/Return |             888 |
-----------------------------------------------------------------
-----------------------------------------------------------------
|                                 Train/Steps |        1.03e+06 |
|                            Loss/Loss_critic |           0.182 |
|                             Loss/Loss_actor |           -75.2 |
|                             Loss/Loss_alpha |        0.000316 |
|               Loss/Loss_state_action_metric |            7.35 |
|                      Loss/Loss_state_metric |            2.01 |
|             Loss/Loss_state_action_to_state |         0.00153 |
|                           Loss/Act_rep_loss |        4.41e-05 |
|                                   SAC/Alpha |          0.0211 |
|                              SAC/LogPi_mean |            2.76 |
|                                 SAC/Q1_mean |            75.1 |
|                                 SAC/Q2_mean |            75.2 |
|                            Norm/actor_model |            97.3 |
|                           Norm/critic_model |             109 |
|              Norm/state_action_metric_model |              55 |
|                     Norm/state_metric_model |              49 |
|        Norm/state_action_state_metric_model |            50.8 |
|                  Metric/self_state_distance |         0.00214 |
|                 Metric/cross_state_distance |            3.21 |
|           Metric/self_state_action_distance |         0.00223 |
|          Metric/cross_state_action_distance |            3.68 |
|             Metric/avg_self_state_asymmetry |               0 |
|            Metric/avg_cross_state_asymmetry |          0.0233 |
|                Metric/avg_self_sa_asymmetry |               0 |
|               Metric/avg_cross_sa_asymmetry |          0.0242 |
|  Metric/self_state_action_to_state_distance |        0.000486 |
| Metric/cross_state_action_to_state_distance |            3.68 |
|                   Metric/h_lambda_diff_self |         0.00193 |
|                  Metric/h_lambda_diff_cross |          0.0373 |
|                                 Eval/Return |             901 |
-----------------------------------------------------------------
[32mSaving model …[0m
[32mDone.[0m
[32mSaving model …[0m
[32mDone.[0m
-----------------------------------------------------------------
|                                 Train/Steps |        1.16e+06 |
|                            Loss/Loss_critic |           0.131 |
|                             Loss/Loss_actor |           -77.5 |
|                             Loss/Loss_alpha |         0.00488 |
|               Loss/Loss_state_action_metric |            6.55 |
|                      Loss/Loss_state_metric |            1.89 |
|             Loss/Loss_state_action_to_state |         0.00118 |
|                           Loss/Act_rep_loss |         0.00037 |
|                                   SAC/Alpha |          0.0213 |
|                              SAC/LogPi_mean |             2.7 |
|                                 SAC/Q1_mean |            77.6 |
|                                 SAC/Q2_mean |            77.5 |
|                            Norm/actor_model |             102 |
|                           Norm/critic_model |             114 |
|              Norm/state_action_metric_model |            58.2 |
|                     Norm/state_metric_model |            51.8 |
|        Norm/state_action_state_metric_model |            53.5 |
|                  Metric/self_state_distance |         0.00159 |
|                 Metric/cross_state_distance |             3.1 |
|           Metric/self_state_action_distance |          0.0033 |
|          Metric/cross_state_action_distance |             3.6 |
|             Metric/avg_self_state_asymmetry |               0 |
|            Metric/avg_cross_state_asymmetry |          0.0189 |
|                Metric/avg_self_sa_asymmetry |               0 |
|               Metric/avg_cross_sa_asymmetry |            0.02 |
|  Metric/self_state_action_to_state_distance |         0.00229 |
| Metric/cross_state_action_to_state_distance |            3.59 |
|                   Metric/h_lambda_diff_self |         0.00263 |
|                  Metric/h_lambda_diff_cross |          0.0305 |
|                                 Eval/Return |             905 |
-----------------------------------------------------------------
-----------------------------------------------------------------
|                                 Train/Steps |        1.29e+06 |
|                            Loss/Loss_critic |           0.104 |
|                             Loss/Loss_actor |           -78.9 |
|                             Loss/Loss_alpha |       -0.000291 |
|               Loss/Loss_state_action_metric |            5.62 |
|                      Loss/Loss_state_metric |            1.84 |
|             Loss/Loss_state_action_to_state |         0.00165 |
|                           Loss/Act_rep_loss |        0.000123 |
|                                   SAC/Alpha |           0.021 |
|                              SAC/LogPi_mean |             3.2 |
|                                 SAC/Q1_mean |            78.9 |
|                                 SAC/Q2_mean |            78.9 |
|                            Norm/actor_model |             106 |
|                           Norm/critic_model |             118 |
|              Norm/state_action_metric_model |            61.2 |
|                     Norm/state_metric_model |              55 |
|        Norm/state_action_state_metric_model |            56.3 |
|                  Metric/self_state_distance |         0.00144 |
|                 Metric/cross_state_distance |            3.09 |
|           Metric/self_state_action_distance |         0.00357 |
|          Metric/cross_state_action_distance |            3.54 |
|             Metric/avg_self_state_asymmetry |               0 |
|            Metric/avg_cross_state_asymmetry |          0.0189 |
|                Metric/avg_self_sa_asymmetry |               0 |
|               Metric/avg_cross_sa_asymmetry |          0.0282 |
|  Metric/self_state_action_to_state_distance |         0.00269 |
| Metric/cross_state_action_to_state_distance |            3.53 |
|                   Metric/h_lambda_diff_self |         0.00419 |
|                  Metric/h_lambda_diff_cross |          0.0305 |
|                                 Eval/Return |             910 |
-----------------------------------------------------------------
-----------------------------------------------------------------
|                                 Train/Steps |        1.42e+06 |
|                            Loss/Loss_critic |           0.203 |
|                             Loss/Loss_actor |           -81.3 |
|                             Loss/Loss_alpha |        -0.00156 |
|               Loss/Loss_state_action_metric |             5.6 |
|                      Loss/Loss_state_metric |            1.77 |
|             Loss/Loss_state_action_to_state |         0.00227 |
|                           Loss/Act_rep_loss |        0.000473 |
|                                   SAC/Alpha |          0.0202 |
|                              SAC/LogPi_mean |            2.95 |
|                                 SAC/Q1_mean |            81.3 |
|                                 SAC/Q2_mean |            81.3 |
|                            Norm/actor_model |             109 |
|                           Norm/critic_model |             122 |
|              Norm/state_action_metric_model |            63.9 |
|                     Norm/state_metric_model |            58.5 |
|        Norm/state_action_state_metric_model |            58.8 |
|                  Metric/self_state_distance |         0.00104 |
|                 Metric/cross_state_distance |            2.99 |
|           Metric/self_state_action_distance |         0.00203 |
|          Metric/cross_state_action_distance |            3.46 |
|             Metric/avg_self_state_asymmetry |               0 |
|            Metric/avg_cross_state_asymmetry |          0.0178 |
|                Metric/avg_self_sa_asymmetry |               0 |
|               Metric/avg_cross_sa_asymmetry |           0.021 |
|  Metric/self_state_action_to_state_distance |         0.00127 |
| Metric/cross_state_action_to_state_distance |            3.43 |
|                   Metric/h_lambda_diff_self |         0.00222 |
|                  Metric/h_lambda_diff_cross |          0.0408 |
|                                 Eval/Return |             903 |
-----------------------------------------------------------------
-----------------------------------------------------------------
|                                 Train/Steps |        1.54e+06 |
|                            Loss/Loss_critic |           0.166 |
|                             Loss/Loss_actor |           -81.6 |
|                             Loss/Loss_alpha |        -0.00623 |
|               Loss/Loss_state_action_metric |            7.09 |
|                      Loss/Loss_state_metric |            1.83 |
|             Loss/Loss_state_action_to_state |         0.00168 |
|                           Loss/Act_rep_loss |        0.000298 |
|                                   SAC/Alpha |          0.0202 |
|                              SAC/LogPi_mean |            3.25 |
|                                 SAC/Q1_mean |            81.7 |
|                                 SAC/Q2_mean |            81.7 |
|                            Norm/actor_model |             113 |
|                           Norm/critic_model |             126 |
|              Norm/state_action_metric_model |            66.4 |
|                     Norm/state_metric_model |              62 |
|        Norm/state_action_state_metric_model |            61.1 |
|                  Metric/self_state_distance |          0.0031 |
|                 Metric/cross_state_distance |            3.02 |
|           Metric/self_state_action_distance |         0.00111 |
|          Metric/cross_state_action_distance |            3.47 |
|             Metric/avg_self_state_asymmetry |               0 |
|            Metric/avg_cross_state_asymmetry |          0.0178 |
|                Metric/avg_self_sa_asymmetry |               0 |
|               Metric/avg_cross_sa_asymmetry |          0.0206 |
|  Metric/self_state_action_to_state_distance |        0.000543 |
| Metric/cross_state_action_to_state_distance |            3.46 |
|                   Metric/h_lambda_diff_self |         0.00099 |
|                  Metric/h_lambda_diff_cross |          0.0302 |
|                                 Eval/Return |             905 |
-----------------------------------------------------------------
-----------------------------------------------------------------
|                                 Train/Steps |        1.67e+06 |
|                            Loss/Loss_critic |          0.0826 |
|                             Loss/Loss_actor |           -81.7 |
|                             Loss/Loss_alpha |          0.0013 |
|               Loss/Loss_state_action_metric |            6.28 |
|                      Loss/Loss_state_metric |            1.82 |
|             Loss/Loss_state_action_to_state |         0.00108 |
|                           Loss/Act_rep_loss |        0.000138 |
|                                   SAC/Alpha |          0.0195 |
|                              SAC/LogPi_mean |            2.84 |
|                                 SAC/Q1_mean |            81.7 |
|                                 SAC/Q2_mean |            81.7 |
|                            Norm/actor_model |             116 |
|                           Norm/critic_model |             130 |
|              Norm/state_action_metric_model |              69 |
|                     Norm/state_metric_model |              66 |
|        Norm/state_action_state_metric_model |            63.5 |
|                  Metric/self_state_distance |        0.000504 |
|                 Metric/cross_state_distance |            3.05 |
|           Metric/self_state_action_distance |         0.00315 |
|          Metric/cross_state_action_distance |            3.45 |
|             Metric/avg_self_state_asymmetry |               0 |
|            Metric/avg_cross_state_asymmetry |          0.0179 |
|                Metric/avg_self_sa_asymmetry |               0 |
|               Metric/avg_cross_sa_asymmetry |          0.0201 |
|  Metric/self_state_action_to_state_distance |         0.00103 |
| Metric/cross_state_action_to_state_distance |            3.45 |
|                   Metric/h_lambda_diff_self |         0.00304 |
|                  Metric/h_lambda_diff_cross |          0.0261 |
|                                 Eval/Return |             907 |
-----------------------------------------------------------------
-----------------------------------------------------------------
|                                 Train/Steps |         1.8e+06 |
|                            Loss/Loss_critic |          0.0769 |
|                             Loss/Loss_actor |           -82.8 |
|                             Loss/Loss_alpha |         -0.0033 |
|               Loss/Loss_state_action_metric |            5.78 |
|                      Loss/Loss_state_metric |            1.72 |
|             Loss/Loss_state_action_to_state |         0.00175 |
|                           Loss/Act_rep_loss |         0.00212 |
|                                   SAC/Alpha |          0.0191 |
|                              SAC/LogPi_mean |            3.05 |
|                                 SAC/Q1_mean |            82.7 |
|                                 SAC/Q2_mean |            82.8 |
|                            Norm/actor_model |             120 |
|                           Norm/critic_model |             134 |
|              Norm/state_action_metric_model |            71.3 |
|                     Norm/state_metric_model |            71.1 |
|        Norm/state_action_state_metric_model |            65.8 |
|                  Metric/self_state_distance |        0.000351 |
|                 Metric/cross_state_distance |            2.96 |
|           Metric/self_state_action_distance |         0.00189 |
|          Metric/cross_state_action_distance |            3.35 |
|             Metric/avg_self_state_asymmetry |               0 |
|            Metric/avg_cross_state_asymmetry |          0.0208 |
|                Metric/avg_self_sa_asymmetry |               0 |
|               Metric/avg_cross_sa_asymmetry |          0.0201 |
|  Metric/self_state_action_to_state_distance |        6.41e-05 |
| Metric/cross_state_action_to_state_distance |            3.36 |
|                   Metric/h_lambda_diff_self |         0.00186 |
|                  Metric/h_lambda_diff_cross |          0.0272 |
|                                 Eval/Return |             910 |
-----------------------------------------------------------------
-----------------------------------------------------------------
|                                 Train/Steps |        1.93e+06 |
|                            Loss/Loss_critic |           0.123 |
|                             Loss/Loss_actor |           -84.5 |
|                             Loss/Loss_alpha |        0.000197 |
|               Loss/Loss_state_action_metric |            6.49 |
|                      Loss/Loss_state_metric |            1.77 |
|             Loss/Loss_state_action_to_state |         0.00106 |
|                           Loss/Act_rep_loss |        0.000543 |
|                                   SAC/Alpha |          0.0187 |
|                              SAC/LogPi_mean |            3.01 |
|                                 SAC/Q1_mean |            84.5 |
|                                 SAC/Q2_mean |            84.6 |
|                            Norm/actor_model |             123 |
|                           Norm/critic_model |             137 |
|              Norm/state_action_metric_model |            73.5 |
|                     Norm/state_metric_model |            75.2 |
|        Norm/state_action_state_metric_model |            67.9 |
|                  Metric/self_state_distance |        0.000782 |
|                 Metric/cross_state_distance |            2.95 |
|           Metric/self_state_action_distance |         0.00273 |
|          Metric/cross_state_action_distance |            3.34 |
|             Metric/avg_self_state_asymmetry |               0 |
|            Metric/avg_cross_state_asymmetry |          0.0156 |
|                Metric/avg_self_sa_asymmetry |               0 |
|               Metric/avg_cross_sa_asymmetry |          0.0197 |
|  Metric/self_state_action_to_state_distance |        0.000892 |
| Metric/cross_state_action_to_state_distance |            3.34 |
|                   Metric/h_lambda_diff_self |         0.00243 |
|                  Metric/h_lambda_diff_cross |          0.0346 |
|                                 Eval/Return |             906 |
-----------------------------------------------------------------
-----------------------------------------------------------------
|                                 Train/Steps |        2.06e+06 |
|                            Loss/Loss_critic |           0.197 |
|                             Loss/Loss_actor |           -84.5 |
|                             Loss/Loss_alpha |        -0.00149 |
|               Loss/Loss_state_action_metric |             6.8 |
|                      Loss/Loss_state_metric |            1.75 |
|             Loss/Loss_state_action_to_state |         0.00165 |
|                           Loss/Act_rep_loss |        9.29e-05 |
|                                   SAC/Alpha |          0.0173 |
|                              SAC/LogPi_mean |            2.98 |
|                                 SAC/Q1_mean |            84.5 |
|                                 SAC/Q2_mean |            84.5 |
|                            Norm/actor_model |             126 |
|                           Norm/critic_model |             141 |
|              Norm/state_action_metric_model |            75.8 |
|                     Norm/state_metric_model |              79 |
|        Norm/state_action_state_metric_model |            70.1 |
|                  Metric/self_state_distance |         0.00156 |
|                 Metric/cross_state_distance |            2.88 |
|           Metric/self_state_action_distance |         0.00248 |
|          Metric/cross_state_action_distance |            3.43 |
|             Metric/avg_self_state_asymmetry |               0 |
|            Metric/avg_cross_state_asymmetry |           0.017 |
|                Metric/avg_self_sa_asymmetry |               0 |
|               Metric/avg_cross_sa_asymmetry |          0.0204 |
|  Metric/self_state_action_to_state_distance |         0.00052 |
| Metric/cross_state_action_to_state_distance |            3.42 |
|                   Metric/h_lambda_diff_self |         0.00204 |
|                  Metric/h_lambda_diff_cross |          0.0257 |
|                                 Eval/Return |             907 |
-----------------------------------------------------------------
[32mSaving model …[0m
[32mDone.[0m
[32mSaving model …[0m
[32mDone.[0m
-----------------------------------------------------------------
|                                 Train/Steps |        2.18e+06 |
|                            Loss/Loss_critic |          0.0949 |
|                             Loss/Loss_actor |           -85.7 |
|                             Loss/Loss_alpha |        -0.00911 |
|               Loss/Loss_state_action_metric |            5.45 |
|                      Loss/Loss_state_metric |            1.49 |
|             Loss/Loss_state_action_to_state |         0.00233 |
|                           Loss/Act_rep_loss |        3.93e-05 |
|                                   SAC/Alpha |          0.0162 |
|                              SAC/LogPi_mean |            3.47 |
|                                 SAC/Q1_mean |            85.7 |
|                                 SAC/Q2_mean |            85.8 |
|                            Norm/actor_model |             128 |
|                           Norm/critic_model |             144 |
|              Norm/state_action_metric_model |            77.8 |
|                     Norm/state_metric_model |            82.5 |
|        Norm/state_action_state_metric_model |            72.2 |
|                  Metric/self_state_distance |        0.000946 |
|                 Metric/cross_state_distance |            2.77 |
|           Metric/self_state_action_distance |         0.00282 |
|          Metric/cross_state_action_distance |            3.16 |
|             Metric/avg_self_state_asymmetry |               0 |
|            Metric/avg_cross_state_asymmetry |          0.0149 |
|                Metric/avg_self_sa_asymmetry |               0 |
|               Metric/avg_cross_sa_asymmetry |          0.0217 |
|  Metric/self_state_action_to_state_distance |        0.000559 |
| Metric/cross_state_action_to_state_distance |            3.16 |
|                   Metric/h_lambda_diff_self |         0.00242 |
|                  Metric/h_lambda_diff_cross |          0.0281 |
|                                 Eval/Return |             913 |
-----------------------------------------------------------------
-----------------------------------------------------------------
|                                 Train/Steps |        2.31e+06 |
|                            Loss/Loss_critic |           0.103 |
|                             Loss/Loss_actor |           -86.4 |
|                             Loss/Loss_alpha |       -0.000631 |
|               Loss/Loss_state_action_metric |            4.72 |
|                      Loss/Loss_state_metric |            1.47 |
|             Loss/Loss_state_action_to_state |         0.00115 |
|                           Loss/Act_rep_loss |         0.00016 |
|                                   SAC/Alpha |          0.0157 |
|                              SAC/LogPi_mean |            3.15 |
|                                 SAC/Q1_mean |            86.4 |
|                                 SAC/Q2_mean |            86.4 |
|                            Norm/actor_model |             131 |
|                           Norm/critic_model |             148 |
|              Norm/state_action_metric_model |            80.1 |
|                     Norm/state_metric_model |            85.6 |
|        Norm/state_action_state_metric_model |            74.4 |
|                  Metric/self_state_distance |          0.0012 |
|                 Metric/cross_state_distance |            2.73 |
|           Metric/self_state_action_distance |         0.00304 |
|          Metric/cross_state_action_distance |            3.12 |
|             Metric/avg_self_state_asymmetry |               0 |
|            Metric/avg_cross_state_asymmetry |          0.0142 |
|                Metric/avg_self_sa_asymmetry |               0 |
|               Metric/avg_cross_sa_asymmetry |          0.0193 |
|  Metric/self_state_action_to_state_distance |        0.000311 |
| Metric/cross_state_action_to_state_distance |            3.13 |
|                   Metric/h_lambda_diff_self |         0.00277 |
|                  Metric/h_lambda_diff_cross |          0.0278 |
|                                 Eval/Return |             911 |
-----------------------------------------------------------------
-----------------------------------------------------------------
|                                 Train/Steps |        2.44e+06 |
|                            Loss/Loss_critic |          0.0573 |
|                             Loss/Loss_actor |           -87.3 |
|                             Loss/Loss_alpha |         0.00101 |
|               Loss/Loss_state_action_metric |            5.82 |
|                      Loss/Loss_state_metric |            1.55 |
|             Loss/Loss_state_action_to_state |         0.00138 |
|                           Loss/Act_rep_loss |        7.86e-05 |
|                                   SAC/Alpha |          0.0147 |
|                              SAC/LogPi_mean |            2.83 |
|                                 SAC/Q1_mean |            87.3 |
|                                 SAC/Q2_mean |            87.4 |
|                            Norm/actor_model |             134 |
|                           Norm/critic_model |             151 |
|              Norm/state_action_metric_model |            81.9 |
|                     Norm/state_metric_model |            88.4 |
|        Norm/state_action_state_metric_model |            76.3 |
|                  Metric/self_state_distance |         0.00291 |
|                 Metric/cross_state_distance |            2.75 |
|           Metric/self_state_action_distance |         0.00119 |
|          Metric/cross_state_action_distance |            3.13 |
|             Metric/avg_self_state_asymmetry |               0 |
|            Metric/avg_cross_state_asymmetry |           0.016 |
|                Metric/avg_self_sa_asymmetry |               0 |
|               Metric/avg_cross_sa_asymmetry |          0.0214 |
|  Metric/self_state_action_to_state_distance |         0.00258 |
| Metric/cross_state_action_to_state_distance |            3.11 |
|                   Metric/h_lambda_diff_self |         0.00269 |
|                  Metric/h_lambda_diff_cross |          0.0319 |
|                                 Eval/Return |             915 |
-----------------------------------------------------------------
-----------------------------------------------------------------
|                                 Train/Steps |        2.57e+06 |
|                            Loss/Loss_critic |          0.0707 |
|                             Loss/Loss_actor |           -88.1 |
|                             Loss/Loss_alpha |         0.00792 |
|               Loss/Loss_state_action_metric |               5 |
|                      Loss/Loss_state_metric |            1.59 |
|             Loss/Loss_state_action_to_state |        0.000754 |
|                           Loss/Act_rep_loss |        0.000241 |
|                                   SAC/Alpha |          0.0135 |
|                              SAC/LogPi_mean |            2.15 |
|                                 SAC/Q1_mean |            88.1 |
|                                 SAC/Q2_mean |            88.2 |
|                            Norm/actor_model |             137 |
|                           Norm/critic_model |             155 |
|              Norm/state_action_metric_model |              84 |
|                     Norm/state_metric_model |            90.9 |
|        Norm/state_action_state_metric_model |            78.2 |
|                  Metric/self_state_distance |         0.00524 |
|                 Metric/cross_state_distance |            2.74 |
|           Metric/self_state_action_distance |         0.00151 |
|          Metric/cross_state_action_distance |            3.13 |
|             Metric/avg_self_state_asymmetry |               0 |
|            Metric/avg_cross_state_asymmetry |          0.0163 |
|                Metric/avg_self_sa_asymmetry |               0 |
|               Metric/avg_cross_sa_asymmetry |          0.0172 |
|  Metric/self_state_action_to_state_distance |        0.000216 |
| Metric/cross_state_action_to_state_distance |            3.13 |
|                   Metric/h_lambda_diff_self |         0.00136 |
|                  Metric/h_lambda_diff_cross |          0.0335 |
|                                 Eval/Return |             911 |
-----------------------------------------------------------------
-----------------------------------------------------------------
|                                 Train/Steps |         2.7e+06 |
|                            Loss/Loss_critic |          0.0665 |
|                             Loss/Loss_actor |           -88.2 |
|                             Loss/Loss_alpha |        8.78e-05 |
|               Loss/Loss_state_action_metric |            4.94 |
|                      Loss/Loss_state_metric |            1.41 |
|             Loss/Loss_state_action_to_state |        0.000972 |
|                           Loss/Act_rep_loss |               0 |
|                                   SAC/Alpha |          0.0134 |
|                              SAC/LogPi_mean |            2.83 |
|                                 SAC/Q1_mean |            88.2 |
|                                 SAC/Q2_mean |            88.2 |
|                            Norm/actor_model |             140 |
|                           Norm/critic_model |             158 |
|              Norm/state_action_metric_model |            86.2 |
|                     Norm/state_metric_model |            93.3 |
|        Norm/state_action_state_metric_model |            80.1 |
|                  Metric/self_state_distance |         0.00241 |
|                 Metric/cross_state_distance |            2.58 |
|           Metric/self_state_action_distance |        0.000624 |
|          Metric/cross_state_action_distance |            2.93 |
|             Metric/avg_self_state_asymmetry |               0 |
|            Metric/avg_cross_state_asymmetry |           0.014 |
|                Metric/avg_self_sa_asymmetry |               0 |
|               Metric/avg_cross_sa_asymmetry |          0.0203 |
|  Metric/self_state_action_to_state_distance |        0.000305 |
| Metric/cross_state_action_to_state_distance |            2.92 |
|                   Metric/h_lambda_diff_self |        0.000794 |
|                  Metric/h_lambda_diff_cross |           0.026 |
|                                 Eval/Return |             914 |
-----------------------------------------------------------------
-----------------------------------------------------------------
|                                 Train/Steps |        2.82e+06 |
|                            Loss/Loss_critic |           0.161 |
|                             Loss/Loss_actor |           -86.6 |
|                             Loss/Loss_alpha |        -0.00213 |
|               Loss/Loss_state_action_metric |            5.88 |
|                      Loss/Loss_state_metric |            1.62 |
|             Loss/Loss_state_action_to_state |        0.000877 |
|                           Loss/Act_rep_loss |         1.8e-05 |
|                                   SAC/Alpha |          0.0129 |
|                              SAC/LogPi_mean |            3.02 |
|                                 SAC/Q1_mean |            86.7 |
|                                 SAC/Q2_mean |            86.6 |
|                            Norm/actor_model |             142 |
|                           Norm/critic_model |             161 |
|              Norm/state_action_metric_model |            88.1 |
|                     Norm/state_metric_model |            95.7 |
|        Norm/state_action_state_metric_model |              82 |
|                  Metric/self_state_distance |         0.00092 |
|                 Metric/cross_state_distance |            2.78 |
|           Metric/self_state_action_distance |         0.00101 |
|          Metric/cross_state_action_distance |            3.16 |
|             Metric/avg_self_state_asymmetry |               0 |
|            Metric/avg_cross_state_asymmetry |          0.0124 |
|                Metric/avg_self_sa_asymmetry |               0 |
|               Metric/avg_cross_sa_asymmetry |          0.0192 |
|  Metric/self_state_action_to_state_distance |        3.01e-06 |
| Metric/cross_state_action_to_state_distance |            3.16 |
|                   Metric/h_lambda_diff_self |         0.00101 |
|                  Metric/h_lambda_diff_cross |          0.0264 |
|                                 Eval/Return |             915 |
-----------------------------------------------------------------
-----------------------------------------------------------------
|                                 Train/Steps |        2.95e+06 |
|                            Loss/Loss_critic |           0.061 |
|                             Loss/Loss_actor |           -87.5 |
|                             Loss/Loss_alpha |       -0.000827 |
|               Loss/Loss_state_action_metric |            6.21 |
|                      Loss/Loss_state_metric |            1.62 |
|             Loss/Loss_state_action_to_state |         0.00106 |
|                           Loss/Act_rep_loss |               0 |
|                                   SAC/Alpha |           0.012 |
|                              SAC/LogPi_mean |            3.23 |
|                                 SAC/Q1_mean |            87.6 |
|                                 SAC/Q2_mean |            87.5 |
|                            Norm/actor_model |             145 |
|                           Norm/critic_model |             164 |
|              Norm/state_action_metric_model |            90.1 |
|                     Norm/state_metric_model |            98.1 |
|        Norm/state_action_state_metric_model |            83.9 |
|                  Metric/self_state_distance |        0.000533 |
|                 Metric/cross_state_distance |            2.84 |
|           Metric/self_state_action_distance |         0.00453 |
|          Metric/cross_state_action_distance |            3.17 |
|             Metric/avg_self_state_asymmetry |               0 |
|            Metric/avg_cross_state_asymmetry |          0.0133 |
|                Metric/avg_self_sa_asymmetry |               0 |
|               Metric/avg_cross_sa_asymmetry |          0.0195 |
|  Metric/self_state_action_to_state_distance |         0.00057 |
| Metric/cross_state_action_to_state_distance |            3.17 |
|                   Metric/h_lambda_diff_self |         0.00411 |
|                  Metric/h_lambda_diff_cross |          0.0251 |
|                                 Eval/Return |             918 |
-----------------------------------------------------------------
-----------------------------------------------------------------
|                                 Train/Steps |        3.08e+06 |
|                            Loss/Loss_critic |            3.06 |
|                             Loss/Loss_actor |           -89.2 |
|                             Loss/Loss_alpha |        -0.00113 |
|               Loss/Loss_state_action_metric |            5.91 |
|                      Loss/Loss_state_metric |            1.48 |
|             Loss/Loss_state_action_to_state |         0.00293 |
|                           Loss/Act_rep_loss |        5.33e-05 |
|                                   SAC/Alpha |          0.0122 |
|                              SAC/LogPi_mean |            3.06 |
|                                 SAC/Q1_mean |            89.2 |
|                                 SAC/Q2_mean |            89.2 |
|                            Norm/actor_model |             147 |
|                           Norm/critic_model |             167 |
|              Norm/state_action_metric_model |              92 |
|                     Norm/state_metric_model |             100 |
|        Norm/state_action_state_metric_model |            85.8 |
|                  Metric/self_state_distance |         0.00178 |
|                 Metric/cross_state_distance |            2.65 |
|           Metric/self_state_action_distance |         0.00168 |
|          Metric/cross_state_action_distance |            2.98 |
|             Metric/avg_self_state_asymmetry |               0 |
|            Metric/avg_cross_state_asymmetry |          0.0125 |
|                Metric/avg_self_sa_asymmetry |               0 |
|               Metric/avg_cross_sa_asymmetry |          0.0191 |
|  Metric/self_state_action_to_state_distance |          0.0038 |
| Metric/cross_state_action_to_state_distance |            2.97 |
|                   Metric/h_lambda_diff_self |         0.00486 |
|                  Metric/h_lambda_diff_cross |          0.0269 |
|                                 Eval/Return |             915 |
-----------------------------------------------------------------
[32mSaving model …[0m
[32mDone.[0m
[32mSaving model …[0m
[32mDone.[0m
-----------------------------------------------------------------
|                                 Train/Steps |        3.21e+06 |
|                            Loss/Loss_critic |          0.0766 |
|                             Loss/Loss_actor |           -87.8 |
|                             Loss/Loss_alpha |        -0.00724 |
|               Loss/Loss_state_action_metric |            5.45 |
|                      Loss/Loss_state_metric |            1.59 |
|             Loss/Loss_state_action_to_state |          0.0012 |
|                           Loss/Act_rep_loss |               0 |
|                                   SAC/Alpha |          0.0116 |
|                              SAC/LogPi_mean |            3.67 |
|                                 SAC/Q1_mean |            87.8 |
|                                 SAC/Q2_mean |            87.9 |
|                            Norm/actor_model |             150 |
|                           Norm/critic_model |             170 |
|              Norm/state_action_metric_model |            93.9 |
|                     Norm/state_metric_model |             103 |
|        Norm/state_action_state_metric_model |            87.7 |
|                  Metric/self_state_distance |         0.00119 |
|                 Metric/cross_state_distance |            2.79 |
|           Metric/self_state_action_distance |         0.00192 |
|          Metric/cross_state_action_distance |            3.16 |
|             Metric/avg_self_state_asymmetry |               0 |
|            Metric/avg_cross_state_asymmetry |          0.0132 |
|                Metric/avg_self_sa_asymmetry |               0 |
|               Metric/avg_cross_sa_asymmetry |          0.0202 |
|  Metric/self_state_action_to_state_distance |        0.000233 |
| Metric/cross_state_action_to_state_distance |            3.17 |
|                   Metric/h_lambda_diff_self |          0.0018 |
|                  Metric/h_lambda_diff_cross |          0.0263 |
|                                 Eval/Return |             916 |
-----------------------------------------------------------------
-----------------------------------------------------------------
|                                 Train/Steps |        3.34e+06 |
|                            Loss/Loss_critic |          0.0523 |
|                             Loss/Loss_actor |           -89.3 |
|                             Loss/Loss_alpha |        -0.00406 |
|               Loss/Loss_state_action_metric |            5.99 |
|                      Loss/Loss_state_metric |            1.56 |
|             Loss/Loss_state_action_to_state |           0.004 |
|                           Loss/Act_rep_loss |        0.000131 |
|                                   SAC/Alpha |          0.0118 |
|                              SAC/LogPi_mean |            3.32 |
|                                 SAC/Q1_mean |            89.3 |
|                                 SAC/Q2_mean |            89.3 |
|                            Norm/actor_model |             152 |
|                           Norm/critic_model |             173 |
|              Norm/state_action_metric_model |            95.7 |
|                     Norm/state_metric_model |             105 |
|        Norm/state_action_state_metric_model |            89.4 |
|                  Metric/self_state_distance |        0.000358 |
|                 Metric/cross_state_distance |            2.76 |
|           Metric/self_state_action_distance |        0.000878 |
|          Metric/cross_state_action_distance |            3.13 |
|             Metric/avg_self_state_asymmetry |               0 |
|            Metric/avg_cross_state_asymmetry |          0.0135 |
|                Metric/avg_self_sa_asymmetry |               0 |
|               Metric/avg_cross_sa_asymmetry |          0.0186 |
|  Metric/self_state_action_to_state_distance |        6.95e-06 |
| Metric/cross_state_action_to_state_distance |            3.14 |
|                   Metric/h_lambda_diff_self |        0.000871 |
|                  Metric/h_lambda_diff_cross |          0.0236 |
|                                 Eval/Return |             914 |
-----------------------------------------------------------------
-----------------------------------------------------------------
|                                 Train/Steps |        3.46e+06 |
|                            Loss/Loss_critic |          0.0832 |
|                             Loss/Loss_actor |           -89.5 |
|                             Loss/Loss_alpha |        0.000111 |
|               Loss/Loss_state_action_metric |            4.65 |
|                      Loss/Loss_state_metric |            1.39 |
|             Loss/Loss_state_action_to_state |        0.000746 |
|                           Loss/Act_rep_loss |        1.03e-05 |
|                                   SAC/Alpha |          0.0111 |
|                              SAC/LogPi_mean |            2.82 |
|                                 SAC/Q1_mean |            89.6 |
|                                 SAC/Q2_mean |            89.5 |
|                            Norm/actor_model |             154 |
|                           Norm/critic_model |             176 |
|              Norm/state_action_metric_model |            97.5 |
|                     Norm/state_metric_model |             107 |
|        Norm/state_action_state_metric_model |            91.1 |
|                  Metric/self_state_distance |          0.0012 |
|                 Metric/cross_state_distance |             2.6 |
|           Metric/self_state_action_distance |        0.000947 |
|          Metric/cross_state_action_distance |            2.95 |
|             Metric/avg_self_state_asymmetry |               0 |
|            Metric/avg_cross_state_asymmetry |          0.0125 |
|                Metric/avg_self_sa_asymmetry |               0 |
|               Metric/avg_cross_sa_asymmetry |           0.018 |
|  Metric/self_state_action_to_state_distance |        0.000158 |
| Metric/cross_state_action_to_state_distance |            2.95 |
|                   Metric/h_lambda_diff_self |        0.000895 |
|                  Metric/h_lambda_diff_cross |          0.0269 |
|                                 Eval/Return |             918 |
-----------------------------------------------------------------
-----------------------------------------------------------------
|                                 Train/Steps |        3.59e+06 |
|                            Loss/Loss_critic |          0.0479 |
|                             Loss/Loss_actor |           -89.9 |
|                             Loss/Loss_alpha |        0.000413 |
|               Loss/Loss_state_action_metric |            4.79 |
|                      Loss/Loss_state_metric |            1.44 |
|             Loss/Loss_state_action_to_state |        0.000953 |
|                           Loss/Act_rep_loss |         5.8e-06 |
|                                   SAC/Alpha |          0.0116 |
|                              SAC/LogPi_mean |            3.18 |
|                                 SAC/Q1_mean |            89.8 |
|                                 SAC/Q2_mean |              90 |
|                            Norm/actor_model |             156 |
|                           Norm/critic_model |             179 |
|              Norm/state_action_metric_model |            99.2 |
|                     Norm/state_metric_model |             109 |
|        Norm/state_action_state_metric_model |              93 |
|                  Metric/self_state_distance |         0.00057 |
|                 Metric/cross_state_distance |            2.66 |
|           Metric/self_state_action_distance |        0.000936 |
|          Metric/cross_state_action_distance |            2.98 |
|             Metric/avg_self_state_asymmetry |               0 |
|            Metric/avg_cross_state_asymmetry |          0.0112 |
|                Metric/avg_self_sa_asymmetry |               0 |
|               Metric/avg_cross_sa_asymmetry |          0.0186 |
|  Metric/self_state_action_to_state_distance |        7.84e-05 |
| Metric/cross_state_action_to_state_distance |            2.99 |
|                   Metric/h_lambda_diff_self |        0.000881 |
|                  Metric/h_lambda_diff_cross |          0.0275 |
|                                 Eval/Return |             917 |
-----------------------------------------------------------------
-----------------------------------------------------------------
|                                 Train/Steps |        3.72e+06 |
|                            Loss/Loss_critic |          0.0973 |
|                             Loss/Loss_actor |           -89.2 |
|                             Loss/Loss_alpha |         -0.0014 |
|               Loss/Loss_state_action_metric |            4.43 |
|                      Loss/Loss_state_metric |            1.41 |
|             Loss/Loss_state_action_to_state |          0.0012 |
|                           Loss/Act_rep_loss |               0 |
|                                   SAC/Alpha |          0.0112 |
|                              SAC/LogPi_mean |             2.9 |
|                                 SAC/Q1_mean |            89.2 |
|                                 SAC/Q2_mean |            89.3 |
|                            Norm/actor_model |             158 |
|                           Norm/critic_model |             182 |
|              Norm/state_action_metric_model |             101 |
|                     Norm/state_metric_model |             111 |
|        Norm/state_action_state_metric_model |            94.6 |
|                  Metric/self_state_distance |         0.00196 |
|                 Metric/cross_state_distance |            2.65 |
|           Metric/self_state_action_distance |        0.000265 |
|          Metric/cross_state_action_distance |            2.97 |
|             Metric/avg_self_state_asymmetry |               0 |
|            Metric/avg_cross_state_asymmetry |          0.0127 |
|                Metric/avg_self_sa_asymmetry |               0 |
|               Metric/avg_cross_sa_asymmetry |          0.0175 |
|  Metric/self_state_action_to_state_distance |         0.00025 |
| Metric/cross_state_action_to_state_distance |            2.95 |
|                   Metric/h_lambda_diff_self |        0.000249 |
|                  Metric/h_lambda_diff_cross |          0.0288 |
|                                 Eval/Return |             917 |
-----------------------------------------------------------------
-----------------------------------------------------------------
|                                 Train/Steps |        3.85e+06 |
|                            Loss/Loss_critic |          0.0522 |
|                             Loss/Loss_actor |           -89.6 |
|                             Loss/Loss_alpha |        -0.00246 |
|               Loss/Loss_state_action_metric |            4.55 |
|                      Loss/Loss_state_metric |            1.39 |
|             Loss/Loss_state_action_to_state |         0.00131 |
|                           Loss/Act_rep_loss |        7.94e-06 |
|                                   SAC/Alpha |          0.0111 |
|                              SAC/LogPi_mean |            3.34 |
|                                 SAC/Q1_mean |            89.6 |
|                                 SAC/Q2_mean |            89.6 |
|                            Norm/actor_model |             161 |
|                           Norm/critic_model |             185 |
|              Norm/state_action_metric_model |             103 |
|                     Norm/state_metric_model |             113 |
|        Norm/state_action_state_metric_model |            96.3 |
|                  Metric/self_state_distance |        0.000668 |
|                 Metric/cross_state_distance |            2.56 |
|           Metric/self_state_action_distance |        0.000551 |
|          Metric/cross_state_action_distance |            2.91 |
|             Metric/avg_self_state_asymmetry |               0 |
|            Metric/avg_cross_state_asymmetry |          0.0115 |
|                Metric/avg_self_sa_asymmetry |               0 |
|               Metric/avg_cross_sa_asymmetry |          0.0164 |
|  Metric/self_state_action_to_state_distance |        8.56e-05 |
| Metric/cross_state_action_to_state_distance |             2.9 |
|                   Metric/h_lambda_diff_self |        0.000563 |
|                  Metric/h_lambda_diff_cross |          0.0241 |
|                                 Eval/Return |             920 |
-----------------------------------------------------------------
-----------------------------------------------------------------
|                                 Train/Steps |        3.98e+06 |
|                            Loss/Loss_critic |          0.0444 |
|                             Loss/Loss_actor |           -90.5 |
|                             Loss/Loss_alpha |         0.00126 |
|               Loss/Loss_state_action_metric |            5.74 |
|                      Loss/Loss_state_metric |            1.41 |
|             Loss/Loss_state_action_to_state |         0.00167 |
|                           Loss/Act_rep_loss |        1.97e-06 |
|                                   SAC/Alpha |          0.0109 |
|                              SAC/LogPi_mean |            2.92 |
|                                 SAC/Q1_mean |            90.4 |
|                                 SAC/Q2_mean |            90.5 |
|                            Norm/actor_model |             163 |
|                           Norm/critic_model |             188 |
|              Norm/state_action_metric_model |             104 |
|                     Norm/state_metric_model |             115 |
|        Norm/state_action_state_metric_model |            97.9 |
|                  Metric/self_state_distance |        0.000241 |
|                 Metric/cross_state_distance |            2.66 |
|           Metric/self_state_action_distance |         0.00132 |
|          Metric/cross_state_action_distance |            2.99 |
|             Metric/avg_self_state_asymmetry |               0 |
|            Metric/avg_cross_state_asymmetry |          0.0133 |
|                Metric/avg_self_sa_asymmetry |               0 |
|               Metric/avg_cross_sa_asymmetry |          0.0159 |
|  Metric/self_state_action_to_state_distance |        0.000361 |
| Metric/cross_state_action_to_state_distance |            2.99 |
|                   Metric/h_lambda_diff_self |         0.00117 |
|                  Metric/h_lambda_diff_cross |          0.0215 |
|                                 Eval/Return |             903 |
-----------------------------------------------------------------
-----------------------------------------------------------------
|                                 Train/Steps |         4.1e+06 |
|                            Loss/Loss_critic |          0.0589 |
|                             Loss/Loss_actor |           -92.4 |
|                             Loss/Loss_alpha |        -0.00041 |
|               Loss/Loss_state_action_metric |            3.65 |
|                      Loss/Loss_state_metric |            1.05 |
|             Loss/Loss_state_action_to_state |        0.000804 |
|                           Loss/Act_rep_loss |        3.63e-06 |
|                                   SAC/Alpha |         0.00957 |
|                              SAC/LogPi_mean |            2.98 |
|                                 SAC/Q1_mean |            92.4 |
|                                 SAC/Q2_mean |            92.5 |
|                            Norm/actor_model |             165 |
|                           Norm/critic_model |             190 |
|              Norm/state_action_metric_model |             106 |
|                     Norm/state_metric_model |             117 |
|        Norm/state_action_state_metric_model |            99.6 |
|                  Metric/self_state_distance |        0.000166 |
|                 Metric/cross_state_distance |            2.34 |
|           Metric/self_state_action_distance |        0.000999 |
|          Metric/cross_state_action_distance |            2.64 |
|             Metric/avg_self_state_asymmetry |               0 |
|            Metric/avg_cross_state_asymmetry |          0.0105 |
|                Metric/avg_self_sa_asymmetry |               0 |
|               Metric/avg_cross_sa_asymmetry |          0.0181 |
|  Metric/self_state_action_to_state_distance |        0.000914 |
| Metric/cross_state_action_to_state_distance |            2.62 |
|                   Metric/h_lambda_diff_self |         0.00131 |
|                  Metric/h_lambda_diff_cross |          0.0273 |
|                                 Eval/Return |             918 |
-----------------------------------------------------------------
[32mSaving model …[0m
[32mDone.[0m
[32mSaving model …[0m
[32mDone.[0m
-----------------------------------------------------------------
|                                 Train/Steps |        4.23e+06 |
|                            Loss/Loss_critic |          0.0431 |
|                             Loss/Loss_actor |           -92.4 |
|                             Loss/Loss_alpha |        -0.00263 |
|               Loss/Loss_state_action_metric |            6.44 |
|                      Loss/Loss_state_metric |            1.44 |
|             Loss/Loss_state_action_to_state |        0.000492 |
|                           Loss/Act_rep_loss |        5.35e-06 |
|                                   SAC/Alpha |         0.00891 |
|                              SAC/LogPi_mean |            3.36 |
|                                 SAC/Q1_mean |            92.4 |
|                                 SAC/Q2_mean |            92.5 |
|                            Norm/actor_model |             166 |
|                           Norm/critic_model |             192 |
|              Norm/state_action_metric_model |             107 |
|                     Norm/state_metric_model |             119 |
|        Norm/state_action_state_metric_model |             101 |
|                  Metric/self_state_distance |        0.000406 |
|                 Metric/cross_state_distance |            2.56 |
|           Metric/self_state_action_distance |        0.000646 |
|          Metric/cross_state_action_distance |            2.87 |
|             Metric/avg_self_state_asymmetry |               0 |
|            Metric/avg_cross_state_asymmetry |          0.0096 |
|                Metric/avg_self_sa_asymmetry |               0 |
|               Metric/avg_cross_sa_asymmetry |          0.0156 |
|  Metric/self_state_action_to_state_distance |         0.00061 |
| Metric/cross_state_action_to_state_distance |            2.86 |
|                   Metric/h_lambda_diff_self |        0.000905 |
|                  Metric/h_lambda_diff_cross |          0.0207 |
|                                 Eval/Return |             918 |
-----------------------------------------------------------------
-----------------------------------------------------------------
|                                 Train/Steps |        4.36e+06 |
|                            Loss/Loss_critic |          0.0303 |
|                             Loss/Loss_actor |           -92.9 |
|                             Loss/Loss_alpha |        -0.00238 |
|               Loss/Loss_state_action_metric |            4.82 |
|                      Loss/Loss_state_metric |            1.31 |
|             Loss/Loss_state_action_to_state |        0.000634 |
|                           Loss/Act_rep_loss |        1.07e-05 |
|                                   SAC/Alpha |          0.0079 |
|                              SAC/LogPi_mean |            3.21 |
|                                 SAC/Q1_mean |              93 |
|                                 SAC/Q2_mean |            92.9 |
|                            Norm/actor_model |             168 |
|                           Norm/critic_model |             193 |
|              Norm/state_action_metric_model |             109 |
|                     Norm/state_metric_model |             121 |
|        Norm/state_action_state_metric_model |             102 |
|                  Metric/self_state_distance |        0.000364 |
|                 Metric/cross_state_distance |            2.47 |
|           Metric/self_state_action_distance |         0.00041 |
|          Metric/cross_state_action_distance |            2.75 |
|             Metric/avg_self_state_asymmetry |               0 |
|            Metric/avg_cross_state_asymmetry |         0.00871 |
|                Metric/avg_self_sa_asymmetry |               0 |
|               Metric/avg_cross_sa_asymmetry |          0.0165 |
|  Metric/self_state_action_to_state_distance |        1.69e-06 |
| Metric/cross_state_action_to_state_distance |            2.75 |
|                   Metric/h_lambda_diff_self |        0.000408 |
|                  Metric/h_lambda_diff_cross |          0.0196 |
|                                 Eval/Return |             922 |
-----------------------------------------------------------------
-----------------------------------------------------------------
|                                 Train/Steps |        4.49e+06 |
|                            Loss/Loss_critic |          0.0258 |
|                             Loss/Loss_actor |           -94.4 |
|                             Loss/Loss_alpha |        -0.00041 |
|               Loss/Loss_state_action_metric |            4.17 |
|                      Loss/Loss_state_metric |            1.07 |
|             Loss/Loss_state_action_to_state |        0.000676 |
|                           Loss/Act_rep_loss |        2.54e-06 |
|                                   SAC/Alpha |         0.00729 |
|                              SAC/LogPi_mean |            2.81 |
|                                 SAC/Q1_mean |            94.5 |
|                                 SAC/Q2_mean |            94.4 |
|                            Norm/actor_model |             170 |
|                           Norm/critic_model |             195 |
|              Norm/state_action_metric_model |             110 |
|                     Norm/state_metric_model |             123 |
|        Norm/state_action_state_metric_model |             103 |
|                  Metric/self_state_distance |        0.000656 |
|                 Metric/cross_state_distance |            2.27 |
|           Metric/self_state_action_distance |         0.00103 |
|          Metric/cross_state_action_distance |            2.49 |
|             Metric/avg_self_state_asymmetry |               0 |
|            Metric/avg_cross_state_asymmetry |         0.00803 |
|                Metric/avg_self_sa_asymmetry |               0 |
|               Metric/avg_cross_sa_asymmetry |          0.0159 |
|  Metric/self_state_action_to_state_distance |        0.000272 |
| Metric/cross_state_action_to_state_distance |             2.5 |
|                   Metric/h_lambda_diff_self |         0.00102 |
|                  Metric/h_lambda_diff_cross |           0.025 |
|                                 Eval/Return |             921 |
-----------------------------------------------------------------
-----------------------------------------------------------------
|                                 Train/Steps |        4.62e+06 |
|                            Loss/Loss_critic |          0.0177 |
|                             Loss/Loss_actor |           -94.5 |
|                             Loss/Loss_alpha |        0.000122 |
|               Loss/Loss_state_action_metric |            3.59 |
|                      Loss/Loss_state_metric |           0.956 |
|             Loss/Loss_state_action_to_state |         0.00042 |
|                           Loss/Act_rep_loss |        5.41e-05 |
|                                   SAC/Alpha |           0.007 |
|                              SAC/LogPi_mean |            2.77 |
|                                 SAC/Q1_mean |            94.5 |
|                                 SAC/Q2_mean |            94.6 |
|                            Norm/actor_model |             172 |
|                           Norm/critic_model |             197 |
|              Norm/state_action_metric_model |             112 |
|                     Norm/state_metric_model |             124 |
|        Norm/state_action_state_metric_model |             105 |
|                  Metric/self_state_distance |         0.00044 |
|                 Metric/cross_state_distance |            2.17 |
|           Metric/self_state_action_distance |         0.00148 |
|          Metric/cross_state_action_distance |            2.38 |
|             Metric/avg_self_state_asymmetry |               0 |
|            Metric/avg_cross_state_asymmetry |          0.0076 |
|                Metric/avg_self_sa_asymmetry |               0 |
|               Metric/avg_cross_sa_asymmetry |          0.0169 |
|  Metric/self_state_action_to_state_distance |        5.22e-05 |
| Metric/cross_state_action_to_state_distance |            2.39 |
|                   Metric/h_lambda_diff_self |         0.00144 |
|                  Metric/h_lambda_diff_cross |          0.0214 |
|                                 Eval/Return |             877 |
-----------------------------------------------------------------
-----------------------------------------------------------------
|                                 Train/Steps |        4.74e+06 |
|                            Loss/Loss_critic |          0.0271 |
|                             Loss/Loss_actor |           -95.4 |
|                             Loss/Loss_alpha |       -8.23e-05 |
|               Loss/Loss_state_action_metric |            2.42 |
|                      Loss/Loss_state_metric |           0.829 |
|             Loss/Loss_state_action_to_state |        0.000526 |
|                           Loss/Act_rep_loss |        7.14e-06 |
|                                   SAC/Alpha |         0.00602 |
|                              SAC/LogPi_mean |            3.24 |
|                                 SAC/Q1_mean |            95.4 |
|                                 SAC/Q2_mean |            95.5 |
|                            Norm/actor_model |             174 |
|                           Norm/critic_model |             200 |
|              Norm/state_action_metric_model |             113 |
|                     Norm/state_metric_model |             126 |
|        Norm/state_action_state_metric_model |             106 |
|                  Metric/self_state_distance |        0.000322 |
|                 Metric/cross_state_distance |            2.01 |
|           Metric/self_state_action_distance |         0.00086 |
|          Metric/cross_state_action_distance |            2.18 |
|             Metric/avg_self_state_asymmetry |               0 |
|            Metric/avg_cross_state_asymmetry |         0.00869 |
|                Metric/avg_self_sa_asymmetry |               0 |
|               Metric/avg_cross_sa_asymmetry |          0.0133 |
|  Metric/self_state_action_to_state_distance |        3.23e-06 |
| Metric/cross_state_action_to_state_distance |            2.19 |
|                   Metric/h_lambda_diff_self |        0.000861 |
|                  Metric/h_lambda_diff_cross |          0.0209 |
|                                 Eval/Return |             920 |
-----------------------------------------------------------------
-----------------------------------------------------------------
|                                 Train/Steps |        4.87e+06 |
|                            Loss/Loss_critic |          0.0268 |
|                             Loss/Loss_actor |           -94.4 |
|                             Loss/Loss_alpha |        0.000303 |
|               Loss/Loss_state_action_metric |            3.69 |
|                      Loss/Loss_state_metric |            1.07 |
|             Loss/Loss_state_action_to_state |        0.000513 |
|                           Loss/Act_rep_loss |               0 |
|                                   SAC/Alpha |         0.00621 |
|                              SAC/LogPi_mean |            3.01 |
|                                 SAC/Q1_mean |            94.4 |
|                                 SAC/Q2_mean |            94.4 |
|                            Norm/actor_model |             175 |
|                           Norm/critic_model |             202 |
|              Norm/state_action_metric_model |             115 |
|                     Norm/state_metric_model |             128 |
|        Norm/state_action_state_metric_model |             107 |
|                  Metric/self_state_distance |        0.000505 |
|                 Metric/cross_state_distance |            2.22 |
|           Metric/self_state_action_distance |         0.00128 |
|          Metric/cross_state_action_distance |            2.45 |
|             Metric/avg_self_state_asymmetry |               0 |
|            Metric/avg_cross_state_asymmetry |         0.00727 |
|                Metric/avg_self_sa_asymmetry |               0 |
|               Metric/avg_cross_sa_asymmetry |          0.0157 |
|  Metric/self_state_action_to_state_distance |        0.000339 |
| Metric/cross_state_action_to_state_distance |            2.44 |
|                   Metric/h_lambda_diff_self |         0.00112 |
|                  Metric/h_lambda_diff_cross |          0.0222 |
|                                 Eval/Return |             922 |
-----------------------------------------------------------------
-----------------------------------------------------------------
|                                 Train/Steps |           5e+06 |
|                            Loss/Loss_critic |          0.0261 |
|                             Loss/Loss_actor |           -94.7 |
|                             Loss/Loss_alpha |        0.000387 |
|               Loss/Loss_state_action_metric |            4.47 |
|                      Loss/Loss_state_metric |           0.987 |
|             Loss/Loss_state_action_to_state |          0.0008 |
|                           Loss/Act_rep_loss |        3.25e-05 |
|                                   SAC/Alpha |         0.00546 |
|                              SAC/LogPi_mean |            2.96 |
|                                 SAC/Q1_mean |            94.8 |
|                                 SAC/Q2_mean |            94.8 |
|                            Norm/actor_model |             177 |
|                           Norm/critic_model |             204 |
|              Norm/state_action_metric_model |             116 |
|                     Norm/state_metric_model |             129 |
|        Norm/state_action_state_metric_model |             108 |
|                  Metric/self_state_distance |         0.00048 |
|                 Metric/cross_state_distance |            2.15 |
|           Metric/self_state_action_distance |         0.00112 |
|          Metric/cross_state_action_distance |            2.37 |
|             Metric/avg_self_state_asymmetry |               0 |
|            Metric/avg_cross_state_asymmetry |         0.00721 |
|                Metric/avg_self_sa_asymmetry |               0 |
|               Metric/avg_cross_sa_asymmetry |           0.014 |
|  Metric/self_state_action_to_state_distance |        0.000347 |
| Metric/cross_state_action_to_state_distance |            2.37 |
|                   Metric/h_lambda_diff_self |         0.00117 |
|                  Metric/h_lambda_diff_cross |          0.0173 |
|                                 Eval/Return |             921 |
-----------------------------------------------------------------
[32mSaving model …[0m
[32mDone.[0m
[32mSaving model …[0m
[32mDone.[0m
