E0905 02:35:24.921777  658297 cuda_executor.cc:1526] Could not get kernel mode driver version: (INVALID_ARGUMENT: Version does not match the format X.Y.Z)
E0905 02:35:24.930328  658187 cuda_executor.cc:1526] Could not get kernel mode driver version: (INVALID_ARGUMENT: Version does not match the format X.Y.Z)
[32mStart prefilling replay buffer[0m
[32mStart SAC training[0m
[32m{'log_freq': 1000, 'save_freq': 1000000, 'eval_episode_freq': 10, 'hidden_size': 256, 'lr': 0.001, 'max_grad_norm': 0.0, 'gamma': 0.99, 'update_tau': 0.005, 'train_per_step': 8, 'episode_length': 1000, 'warmup_samples': 8192, 'max_replay_size': 4000000, 'batch_size': 512, 'total_env_steps': 5000000, 'init_temperature': 0.1, 'nstep': 3, 'bootstrap_on_truncation': True, 'rep_lr_scale': 1.5, 'critic_rep_metric_scale': 1.0, 'critic_rep_scale': 0.05, 'vis_feq': 100000, 'n_vis_frames': 4, 'num_envs': 128, 'grad_steps': 50, 'transfer_freq': 10, 'transfer_steps': 8, 'reward_scaling': 1.0, 'num_eval_envs': 128, 'target_entropy': -0.5}[0m
[32m[nstep] nstep=3 bootstrap_on_truncation=True (discount from the buffer already contains gamma^nstep)[0m
-----------------------------------------------------------------
|                                 Train/Steps |        1.36e+05 |
|                            Loss/Loss_critic |           0.484 |
|                             Loss/Loss_actor |           -12.7 |
|                             Loss/Loss_alpha |       -8.91e-05 |
|               Loss/Loss_state_action_metric |            1.63 |
|                      Loss/Loss_state_metric |           0.571 |
|             Loss/Loss_state_action_to_state |          0.0096 |
|                           Loss/Act_rep_loss |          0.0375 |
|                        Loss/Critic_rep_loss |            13.5 |
|                                   SAC/Alpha |          0.0279 |
|                              SAC/LogPi_mean |           0.536 |
|                                 SAC/Q1_mean |            12.5 |
|                                 SAC/Q2_mean |            12.6 |
|                            Norm/actor_model |            46.2 |
|                           Norm/critic_model |            93.4 |
|              Norm/state_action_metric_model |            31.7 |
|                     Norm/state_metric_model |            32.4 |
|        Norm/state_action_state_metric_model |            32.2 |
|                  Metric/self_state_distance |          0.0276 |
|                 Metric/cross_state_distance |            1.69 |
|           Metric/self_state_action_distance |           0.105 |
|          Metric/cross_state_action_distance |            2.29 |
|             Metric/avg_self_state_asymmetry |               0 |
|            Metric/avg_cross_state_asymmetry |          0.0484 |
|                Metric/avg_self_sa_asymmetry |               0 |
|               Metric/avg_cross_sa_asymmetry |          0.0963 |
|  Metric/self_state_action_to_state_distance |          0.0273 |
| Metric/cross_state_action_to_state_distance |             2.3 |
|                   Metric/h_lambda_diff_self |           0.078 |
|                  Metric/h_lambda_diff_cross |            0.11 |
|                                 Eval/Return |           1e+03 |
-----------------------------------------------------------------
-----------------------------------------------------------------
|                                 Train/Steps |        2.64e+05 |
|                            Loss/Loss_critic |           0.237 |
|                             Loss/Loss_actor |           -43.6 |
|                             Loss/Loss_alpha |       -0.000591 |
|               Loss/Loss_state_action_metric |            3.59 |
|                      Loss/Loss_state_metric |            1.47 |
|             Loss/Loss_state_action_to_state |         0.00743 |
|                           Loss/Act_rep_loss |          0.0495 |
|                        Loss/Critic_rep_loss |            36.1 |
|                                   SAC/Alpha |          0.0212 |
|                              SAC/LogPi_mean |           0.575 |
|                                 SAC/Q1_mean |            43.5 |
|                                 SAC/Q2_mean |            43.7 |
|                            Norm/actor_model |            61.5 |
|                           Norm/critic_model |             116 |
|              Norm/state_action_metric_model |            34.4 |
|                     Norm/state_metric_model |            34.9 |
|        Norm/state_action_state_metric_model |            34.8 |
|                  Metric/self_state_distance |          0.0405 |
|                 Metric/cross_state_distance |            2.58 |
|           Metric/self_state_action_distance |          0.0457 |
|          Metric/cross_state_action_distance |            3.85 |
|             Metric/avg_self_state_asymmetry |               0 |
|            Metric/avg_cross_state_asymmetry |          0.0337 |
|                Metric/avg_self_sa_asymmetry |               0 |
|               Metric/avg_cross_sa_asymmetry |          0.0606 |
|  Metric/self_state_action_to_state_distance |          0.0335 |
| Metric/cross_state_action_to_state_distance |            3.77 |
|                   Metric/h_lambda_diff_self |          0.0169 |
|                  Metric/h_lambda_diff_cross |           0.108 |
|                                 Eval/Return |           1e+03 |
-----------------------------------------------------------------
-----------------------------------------------------------------
|                                 Train/Steps |        3.92e+05 |
|                            Loss/Loss_critic |           0.474 |
|                             Loss/Loss_actor |           -62.5 |
|                             Loss/Loss_alpha |        -0.00065 |
|               Loss/Loss_state_action_metric |            2.85 |
|                      Loss/Loss_state_metric |             1.3 |
|             Loss/Loss_state_action_to_state |         0.00586 |
|                           Loss/Act_rep_loss |          0.0438 |
|                        Loss/Critic_rep_loss |            31.8 |
|                                   SAC/Alpha |          0.0157 |
|                              SAC/LogPi_mean |           0.522 |
|                                 SAC/Q1_mean |            62.6 |
|                                 SAC/Q2_mean |            62.5 |
|                            Norm/actor_model |            72.8 |
|                           Norm/critic_model |             132 |
|              Norm/state_action_metric_model |            36.9 |
|                     Norm/state_metric_model |            37.6 |
|        Norm/state_action_state_metric_model |            37.1 |
|                  Metric/self_state_distance |          0.0144 |
|                 Metric/cross_state_distance |            2.37 |
|           Metric/self_state_action_distance |          0.0429 |
|          Metric/cross_state_action_distance |            3.32 |
|             Metric/avg_self_state_asymmetry |               0 |
|            Metric/avg_cross_state_asymmetry |          0.0303 |
|                Metric/avg_self_sa_asymmetry |               0 |
|               Metric/avg_cross_sa_asymmetry |          0.0451 |
|  Metric/self_state_action_to_state_distance |           0.038 |
| Metric/cross_state_action_to_state_distance |            3.27 |
|                   Metric/h_lambda_diff_self |          0.0116 |
|                  Metric/h_lambda_diff_cross |          0.0743 |
|                                 Eval/Return |           1e+03 |
-----------------------------------------------------------------
-----------------------------------------------------------------
|                                 Train/Steps |         5.2e+05 |
|                            Loss/Loss_critic |           0.289 |
|                             Loss/Loss_actor |           -74.4 |
|                             Loss/Loss_alpha |         0.00113 |
|               Loss/Loss_state_action_metric |            2.35 |
|                      Loss/Loss_state_metric |            1.07 |
|             Loss/Loss_state_action_to_state |          0.0044 |
|                           Loss/Act_rep_loss |          0.0198 |
|                        Loss/Critic_rep_loss |            26.6 |
|                                   SAC/Alpha |          0.0158 |
|                              SAC/LogPi_mean |           0.472 |
|                                 SAC/Q1_mean |            74.2 |
|                                 SAC/Q2_mean |            74.3 |
|                            Norm/actor_model |            81.6 |
|                           Norm/critic_model |             141 |
|              Norm/state_action_metric_model |            39.3 |
|                     Norm/state_metric_model |            40.3 |
|        Norm/state_action_state_metric_model |            39.4 |
|                  Metric/self_state_distance |         0.00673 |
|                 Metric/cross_state_distance |            2.13 |
|           Metric/self_state_action_distance |         0.00513 |
|          Metric/cross_state_action_distance |            2.91 |
|             Metric/avg_self_state_asymmetry |               0 |
|            Metric/avg_cross_state_asymmetry |          0.0287 |
|                Metric/avg_self_sa_asymmetry |               0 |
|               Metric/avg_cross_sa_asymmetry |          0.0284 |
|  Metric/self_state_action_to_state_distance |        0.000635 |
| Metric/cross_state_action_to_state_distance |             2.9 |
|                   Metric/h_lambda_diff_self |         0.00476 |
|                  Metric/h_lambda_diff_cross |          0.0528 |
|                                 Eval/Return |           1e+03 |
-----------------------------------------------------------------
-----------------------------------------------------------------
|                                 Train/Steps |        6.48e+05 |
|                            Loss/Loss_critic |            1.04 |
|                             Loss/Loss_actor |           -79.1 |
|                             Loss/Loss_alpha |        -0.00282 |
|               Loss/Loss_state_action_metric |            2.24 |
|                      Loss/Loss_state_metric |           0.951 |
|             Loss/Loss_state_action_to_state |         0.00307 |
|                           Loss/Act_rep_loss |          0.0257 |
|                        Loss/Critic_rep_loss |            25.3 |
|                                   SAC/Alpha |         0.00683 |
|                              SAC/LogPi_mean |           0.923 |
|                                 SAC/Q1_mean |            78.9 |
|                                 SAC/Q2_mean |            79.1 |
|                            Norm/actor_model |            88.9 |
|                           Norm/critic_model |             148 |
|              Norm/state_action_metric_model |            41.9 |
|                     Norm/state_metric_model |            43.2 |
|        Norm/state_action_state_metric_model |            41.6 |
|                  Metric/self_state_distance |         0.00559 |
|                 Metric/cross_state_distance |            2.02 |
|           Metric/self_state_action_distance |          0.0157 |
|          Metric/cross_state_action_distance |            2.68 |
|             Metric/avg_self_state_asymmetry |               0 |
|            Metric/avg_cross_state_asymmetry |          0.0241 |
|                Metric/avg_self_sa_asymmetry |               0 |
|               Metric/avg_cross_sa_asymmetry |          0.0344 |
|  Metric/self_state_action_to_state_distance |         0.00197 |
| Metric/cross_state_action_to_state_distance |            2.68 |
|                   Metric/h_lambda_diff_self |          0.0153 |
|                  Metric/h_lambda_diff_cross |          0.0502 |
|                                 Eval/Return |           1e+03 |
-----------------------------------------------------------------
-----------------------------------------------------------------
|                                 Train/Steps |        7.76e+05 |
|                            Loss/Loss_critic |            0.17 |
|                             Loss/Loss_actor |           -81.9 |
|                             Loss/Loss_alpha |        0.000388 |
|               Loss/Loss_state_action_metric |            2.15 |
|                      Loss/Loss_state_metric |           0.909 |
|             Loss/Loss_state_action_to_state |         0.00171 |
|                           Loss/Act_rep_loss |          0.0428 |
|                        Loss/Critic_rep_loss |            22.5 |
|                                   SAC/Alpha |         0.00758 |
|                              SAC/LogPi_mean |           0.456 |
|                                 SAC/Q1_mean |              82 |
|                                 SAC/Q2_mean |              82 |
|                            Norm/actor_model |            94.7 |
|                           Norm/critic_model |             152 |
|              Norm/state_action_metric_model |            44.4 |
|                     Norm/state_metric_model |            45.7 |
|        Norm/state_action_state_metric_model |            43.7 |
|                  Metric/self_state_distance |         0.00252 |
|                 Metric/cross_state_distance |            1.95 |
|           Metric/self_state_action_distance |         0.00679 |
|          Metric/cross_state_action_distance |            2.63 |
|             Metric/avg_self_state_asymmetry |               0 |
|            Metric/avg_cross_state_asymmetry |          0.0269 |
|                Metric/avg_self_sa_asymmetry |               0 |
|               Metric/avg_cross_sa_asymmetry |          0.0283 |
|  Metric/self_state_action_to_state_distance |         0.00534 |
| Metric/cross_state_action_to_state_distance |            2.62 |
|                   Metric/h_lambda_diff_self |         0.00613 |
|                  Metric/h_lambda_diff_cross |          0.0332 |
|                                 Eval/Return |           1e+03 |
-----------------------------------------------------------------
-----------------------------------------------------------------
|                                 Train/Steps |        9.04e+05 |
|                            Loss/Loss_critic |          0.0929 |
|                             Loss/Loss_actor |           -86.3 |
|                             Loss/Loss_alpha |         0.00123 |
|               Loss/Loss_state_action_metric |             1.6 |
|                      Loss/Loss_state_metric |            0.77 |
|             Loss/Loss_state_action_to_state |         0.00287 |
|                           Loss/Act_rep_loss |          0.0295 |
|                        Loss/Critic_rep_loss |            17.9 |
|                                   SAC/Alpha |          0.0101 |
|                              SAC/LogPi_mean |           0.408 |
|                                 SAC/Q1_mean |            86.3 |
|                                 SAC/Q2_mean |            86.4 |
|                            Norm/actor_model |            99.5 |
|                           Norm/critic_model |             156 |
|              Norm/state_action_metric_model |            46.9 |
|                     Norm/state_metric_model |            48.4 |
|        Norm/state_action_state_metric_model |            45.5 |
|                  Metric/self_state_distance |          0.0017 |
|                 Metric/cross_state_distance |            1.77 |
|           Metric/self_state_action_distance |           0.011 |
|          Metric/cross_state_action_distance |            2.23 |
|             Metric/avg_self_state_asymmetry |               0 |
|            Metric/avg_cross_state_asymmetry |          0.0156 |
|                Metric/avg_self_sa_asymmetry |               0 |
|               Metric/avg_cross_sa_asymmetry |          0.0221 |
|  Metric/self_state_action_to_state_distance |         0.00855 |
| Metric/cross_state_action_to_state_distance |            2.24 |
|                   Metric/h_lambda_diff_self |         0.00828 |
|                  Metric/h_lambda_diff_cross |          0.0362 |
|                                 Eval/Return |           1e+03 |
-----------------------------------------------------------------
-----------------------------------------------------------------
|                                 Train/Steps |        1.03e+06 |
|                            Loss/Loss_critic |           0.524 |
|                             Loss/Loss_actor |           -87.6 |
|                             Loss/Loss_alpha |        -0.00168 |
|               Loss/Loss_state_action_metric |            1.53 |
|                      Loss/Loss_state_metric |           0.647 |
|             Loss/Loss_state_action_to_state |          0.0046 |
|                           Loss/Act_rep_loss |          0.0109 |
|                        Loss/Critic_rep_loss |            16.6 |
|                                   SAC/Alpha |         0.00709 |
|                              SAC/LogPi_mean |           0.757 |
|                                 SAC/Q1_mean |            87.5 |
|                                 SAC/Q2_mean |            87.5 |
|                            Norm/actor_model |             104 |
|                           Norm/critic_model |             160 |
|              Norm/state_action_metric_model |            49.4 |
|                     Norm/state_metric_model |            51.2 |
|        Norm/state_action_state_metric_model |            47.3 |
|                  Metric/self_state_distance |          0.0027 |
|                 Metric/cross_state_distance |            1.75 |
|           Metric/self_state_action_distance |          0.0103 |
|          Metric/cross_state_action_distance |            2.19 |
|             Metric/avg_self_state_asymmetry |               0 |
|            Metric/avg_cross_state_asymmetry |          0.0212 |
|                Metric/avg_self_sa_asymmetry |               0 |
|               Metric/avg_cross_sa_asymmetry |          0.0239 |
|  Metric/self_state_action_to_state_distance |         0.00534 |
| Metric/cross_state_action_to_state_distance |            2.16 |
|                   Metric/h_lambda_diff_self |         0.00701 |
|                  Metric/h_lambda_diff_cross |          0.0538 |
|                                 Eval/Return |             939 |
-----------------------------------------------------------------
[32mSaving model …[0m
[32mDone.[0m
[32mSaving model …[0m
[32mDone.[0m
-----------------------------------------------------------------
|                                 Train/Steps |        1.16e+06 |
|                            Loss/Loss_critic |           0.102 |
|                             Loss/Loss_actor |           -90.9 |
|                             Loss/Loss_alpha |       -0.000422 |
|               Loss/Loss_state_action_metric |            1.07 |
|                      Loss/Loss_state_metric |           0.487 |
|             Loss/Loss_state_action_to_state |         0.00114 |
|                           Loss/Act_rep_loss |          0.0256 |
|                        Loss/Critic_rep_loss |            12.1 |
|                                   SAC/Alpha |         0.00466 |
|                              SAC/LogPi_mean |           0.601 |
|                                 SAC/Q1_mean |            90.8 |
|                                 SAC/Q2_mean |            90.8 |
|                            Norm/actor_model |             108 |
|                           Norm/critic_model |             164 |
|              Norm/state_action_metric_model |            51.8 |
|                     Norm/state_metric_model |            53.2 |
|        Norm/state_action_state_metric_model |            49.3 |
|                  Metric/self_state_distance |         0.00215 |
|                 Metric/cross_state_distance |             1.5 |
|           Metric/self_state_action_distance |         0.00463 |
|          Metric/cross_state_action_distance |            1.82 |
|             Metric/avg_self_state_asymmetry |               0 |
|            Metric/avg_cross_state_asymmetry |           0.019 |
|                Metric/avg_self_sa_asymmetry |               0 |
|               Metric/avg_cross_sa_asymmetry |          0.0154 |
|  Metric/self_state_action_to_state_distance |         0.00158 |
| Metric/cross_state_action_to_state_distance |            1.82 |
|                   Metric/h_lambda_diff_self |         0.00453 |
|                  Metric/h_lambda_diff_cross |            0.02 |
|                                 Eval/Return |           1e+03 |
-----------------------------------------------------------------
-----------------------------------------------------------------
|                                 Train/Steps |        1.29e+06 |
|                            Loss/Loss_critic |           0.173 |
|                             Loss/Loss_actor |           -90.8 |
|                             Loss/Loss_alpha |        0.000611 |
|               Loss/Loss_state_action_metric |            1.08 |
|                      Loss/Loss_state_metric |           0.498 |
|             Loss/Loss_state_action_to_state |         0.00183 |
|                           Loss/Act_rep_loss |         0.00833 |
|                        Loss/Critic_rep_loss |            12.3 |
|                                   SAC/Alpha |         0.00548 |
|                              SAC/LogPi_mean |           0.425 |
|                                 SAC/Q1_mean |            90.8 |
|                                 SAC/Q2_mean |            90.8 |
|                            Norm/actor_model |             112 |
|                           Norm/critic_model |             168 |
|              Norm/state_action_metric_model |            54.1 |
|                     Norm/state_metric_model |            55.2 |
|        Norm/state_action_state_metric_model |            50.7 |
|                  Metric/self_state_distance |        0.000522 |
|                 Metric/cross_state_distance |            1.51 |
|           Metric/self_state_action_distance |        0.000815 |
|          Metric/cross_state_action_distance |            1.85 |
|             Metric/avg_self_state_asymmetry |               0 |
|            Metric/avg_cross_state_asymmetry |          0.0248 |
|                Metric/avg_self_sa_asymmetry |               0 |
|               Metric/avg_cross_sa_asymmetry |          0.0227 |
|  Metric/self_state_action_to_state_distance |         0.00402 |
| Metric/cross_state_action_to_state_distance |            1.82 |
|                   Metric/h_lambda_diff_self |         0.00349 |
|                  Metric/h_lambda_diff_cross |          0.0437 |
|                                 Eval/Return |           1e+03 |
-----------------------------------------------------------------
-----------------------------------------------------------------
|                                 Train/Steps |        1.42e+06 |
|                            Loss/Loss_critic |           0.144 |
|                             Loss/Loss_actor |           -90.2 |
|                             Loss/Loss_alpha |        -0.00184 |
|               Loss/Loss_state_action_metric |            1.39 |
|                      Loss/Loss_state_metric |           0.676 |
|             Loss/Loss_state_action_to_state |         0.00173 |
|                           Loss/Act_rep_loss |          0.0293 |
|                        Loss/Critic_rep_loss |            15.2 |
|                                   SAC/Alpha |         0.00565 |
|                              SAC/LogPi_mean |           0.751 |
|                                 SAC/Q1_mean |            90.1 |
|                                 SAC/Q2_mean |            90.1 |
|                            Norm/actor_model |             115 |
|                           Norm/critic_model |             175 |
|              Norm/state_action_metric_model |            56.3 |
|                     Norm/state_metric_model |            57.7 |
|        Norm/state_action_state_metric_model |            52.1 |
|                  Metric/self_state_distance |         0.00552 |
|                 Metric/cross_state_distance |            1.69 |
|           Metric/self_state_action_distance |          0.0213 |
|          Metric/cross_state_action_distance |            2.07 |
|             Metric/avg_self_state_asymmetry |               0 |
|            Metric/avg_cross_state_asymmetry |          0.0171 |
|                Metric/avg_self_sa_asymmetry |               0 |
|               Metric/avg_cross_sa_asymmetry |          0.0208 |
|  Metric/self_state_action_to_state_distance |         0.00072 |
| Metric/cross_state_action_to_state_distance |            2.07 |
|                   Metric/h_lambda_diff_self |          0.0217 |
|                  Metric/h_lambda_diff_cross |          0.0318 |
|                                 Eval/Return |           1e+03 |
-----------------------------------------------------------------
-----------------------------------------------------------------
|                                 Train/Steps |        1.54e+06 |
|                            Loss/Loss_critic |            1.49 |
|                             Loss/Loss_actor |           -91.3 |
|                             Loss/Loss_alpha |       -0.000193 |
|               Loss/Loss_state_action_metric |            1.26 |
|                      Loss/Loss_state_metric |           0.538 |
|             Loss/Loss_state_action_to_state |         0.00427 |
|                           Loss/Act_rep_loss |          0.0185 |
|                        Loss/Critic_rep_loss |            12.8 |
|                                   SAC/Alpha |         0.00409 |
|                              SAC/LogPi_mean |           0.506 |
|                                 SAC/Q1_mean |            91.2 |
|                                 SAC/Q2_mean |            91.3 |
|                            Norm/actor_model |             119 |
|                           Norm/critic_model |             182 |
|              Norm/state_action_metric_model |            58.4 |
|                     Norm/state_metric_model |            59.5 |
|        Norm/state_action_state_metric_model |            53.8 |
|                  Metric/self_state_distance |        0.000324 |
|                 Metric/cross_state_distance |            1.55 |
|           Metric/self_state_action_distance |           0.012 |
|          Metric/cross_state_action_distance |            1.91 |
|             Metric/avg_self_state_asymmetry |               0 |
|            Metric/avg_cross_state_asymmetry |          0.0127 |
|                Metric/avg_self_sa_asymmetry |               0 |
|               Metric/avg_cross_sa_asymmetry |           0.017 |
|  Metric/self_state_action_to_state_distance |        0.000558 |
| Metric/cross_state_action_to_state_distance |            1.91 |
|                   Metric/h_lambda_diff_self |          0.0121 |
|                  Metric/h_lambda_diff_cross |          0.0433 |
|                                 Eval/Return |           1e+03 |
-----------------------------------------------------------------
-----------------------------------------------------------------
|                                 Train/Steps |        1.67e+06 |
|                            Loss/Loss_critic |           0.055 |
|                             Loss/Loss_actor |           -92.4 |
|                             Loss/Loss_alpha |       -9.79e-05 |
|               Loss/Loss_state_action_metric |            1.07 |
|                      Loss/Loss_state_metric |           0.522 |
|             Loss/Loss_state_action_to_state |         0.00138 |
|                           Loss/Act_rep_loss |          0.0284 |
|                        Loss/Critic_rep_loss |              11 |
|                                   SAC/Alpha |          0.0048 |
|                              SAC/LogPi_mean |           0.619 |
|                                 SAC/Q1_mean |            92.3 |
|                                 SAC/Q2_mean |            92.3 |
|                            Norm/actor_model |             122 |
|                           Norm/critic_model |             187 |
|              Norm/state_action_metric_model |            60.5 |
|                     Norm/state_metric_model |            62.1 |
|        Norm/state_action_state_metric_model |            55.5 |
|                  Metric/self_state_distance |          0.0111 |
|                 Metric/cross_state_distance |            1.51 |
|           Metric/self_state_action_distance |         0.00816 |
|          Metric/cross_state_action_distance |            1.83 |
|             Metric/avg_self_state_asymmetry |               0 |
|            Metric/avg_cross_state_asymmetry |          0.0152 |
|                Metric/avg_self_sa_asymmetry |               0 |
|               Metric/avg_cross_sa_asymmetry |          0.0186 |
|  Metric/self_state_action_to_state_distance |         0.00545 |
| Metric/cross_state_action_to_state_distance |            1.82 |
|                   Metric/h_lambda_diff_self |         0.00541 |
|                  Metric/h_lambda_diff_cross |           0.028 |
|                                 Eval/Return |           1e+03 |
-----------------------------------------------------------------
-----------------------------------------------------------------
|                                 Train/Steps |         1.8e+06 |
|                            Loss/Loss_critic |          0.0469 |
|                             Loss/Loss_actor |           -94.3 |
|                             Loss/Loss_alpha |         0.00042 |
|               Loss/Loss_state_action_metric |           0.824 |
|                      Loss/Loss_state_metric |           0.398 |
|             Loss/Loss_state_action_to_state |        0.000787 |
|                           Loss/Act_rep_loss |          0.0512 |
|                        Loss/Critic_rep_loss |            8.81 |
|                                   SAC/Alpha |         0.00347 |
|                              SAC/LogPi_mean |           0.396 |
|                                 SAC/Q1_mean |            94.3 |
|                                 SAC/Q2_mean |            94.4 |
|                            Norm/actor_model |             125 |
|                           Norm/critic_model |             192 |
|              Norm/state_action_metric_model |            62.4 |
|                     Norm/state_metric_model |            64.2 |
|        Norm/state_action_state_metric_model |              57 |
|                  Metric/self_state_distance |          0.0035 |
|                 Metric/cross_state_distance |            1.39 |
|           Metric/self_state_action_distance |         0.00598 |
|          Metric/cross_state_action_distance |            1.59 |
|             Metric/avg_self_state_asymmetry |               0 |
|            Metric/avg_cross_state_asymmetry |         0.00976 |
|                Metric/avg_self_sa_asymmetry |               0 |
|               Metric/avg_cross_sa_asymmetry |          0.0147 |
|  Metric/self_state_action_to_state_distance |         0.00211 |
| Metric/cross_state_action_to_state_distance |             1.6 |
|                   Metric/h_lambda_diff_self |         0.00477 |
|                  Metric/h_lambda_diff_cross |          0.0212 |
|                                 Eval/Return |             982 |
-----------------------------------------------------------------
-----------------------------------------------------------------
|                                 Train/Steps |        1.93e+06 |
|                            Loss/Loss_critic |          0.0607 |
|                             Loss/Loss_actor |           -93.9 |
|                             Loss/Loss_alpha |       -0.000171 |
|               Loss/Loss_state_action_metric |           0.886 |
|                      Loss/Loss_state_metric |           0.444 |
|             Loss/Loss_state_action_to_state |        0.000732 |
|                           Loss/Act_rep_loss |          0.0261 |
|                        Loss/Critic_rep_loss |            8.74 |
|                                   SAC/Alpha |         0.00382 |
|                              SAC/LogPi_mean |           0.547 |
|                                 SAC/Q1_mean |            93.9 |
|                                 SAC/Q2_mean |            93.9 |
|                            Norm/actor_model |             128 |
|                           Norm/critic_model |             197 |
|              Norm/state_action_metric_model |            64.9 |
|                     Norm/state_metric_model |            66.7 |
|        Norm/state_action_state_metric_model |            58.3 |
|                  Metric/self_state_distance |         0.00191 |
|                 Metric/cross_state_distance |            1.42 |
|           Metric/self_state_action_distance |           0.013 |
|          Metric/cross_state_action_distance |            1.68 |
|             Metric/avg_self_state_asymmetry |               0 |
|            Metric/avg_cross_state_asymmetry |          0.0125 |
|                Metric/avg_self_sa_asymmetry |               0 |
|               Metric/avg_cross_sa_asymmetry |          0.0117 |
|  Metric/self_state_action_to_state_distance |        1.74e-05 |
| Metric/cross_state_action_to_state_distance |            1.67 |
|                   Metric/h_lambda_diff_self |           0.013 |
|                  Metric/h_lambda_diff_cross |           0.018 |
|                                 Eval/Return |           1e+03 |
-----------------------------------------------------------------
-----------------------------------------------------------------
|                                 Train/Steps |        2.06e+06 |
|                            Loss/Loss_critic |           0.158 |
|                             Loss/Loss_actor |             -95 |
|                             Loss/Loss_alpha |        -0.00062 |
|               Loss/Loss_state_action_metric |           0.617 |
|                      Loss/Loss_state_metric |           0.278 |
|             Loss/Loss_state_action_to_state |         0.00173 |
|                           Loss/Act_rep_loss |          0.0218 |
|                        Loss/Critic_rep_loss |            7.38 |
|                                   SAC/Alpha |         0.00388 |
|                              SAC/LogPi_mean |           0.629 |
|                                 SAC/Q1_mean |              95 |
|                                 SAC/Q2_mean |            95.1 |
|                            Norm/actor_model |             131 |
|                           Norm/critic_model |             202 |
|              Norm/state_action_metric_model |            66.5 |
|                     Norm/state_metric_model |            69.2 |
|        Norm/state_action_state_metric_model |            59.9 |
|                  Metric/self_state_distance |         0.00037 |
|                 Metric/cross_state_distance |            1.29 |
|           Metric/self_state_action_distance |         0.00294 |
|          Metric/cross_state_action_distance |            1.46 |
|             Metric/avg_self_state_asymmetry |               0 |
|            Metric/avg_cross_state_asymmetry |          0.0153 |
|                Metric/avg_self_sa_asymmetry |               0 |
|               Metric/avg_cross_sa_asymmetry |          0.0173 |
|  Metric/self_state_action_to_state_distance |        5.73e-05 |
| Metric/cross_state_action_to_state_distance |            1.45 |
|                   Metric/h_lambda_diff_self |         0.00295 |
|                  Metric/h_lambda_diff_cross |          0.0183 |
|                                 Eval/Return |           1e+03 |
-----------------------------------------------------------------
[32mSaving model …[0m
[32mDone.[0m
[32mSaving model …[0m
[32mDone.[0m
-----------------------------------------------------------------
|                                 Train/Steps |        2.18e+06 |
|                            Loss/Loss_critic |          0.0569 |
|                             Loss/Loss_actor |           -94.1 |
|                             Loss/Loss_alpha |        0.000187 |
|               Loss/Loss_state_action_metric |           0.993 |
|                      Loss/Loss_state_metric |           0.451 |
|             Loss/Loss_state_action_to_state |        0.000624 |
|                           Loss/Act_rep_loss |          0.0271 |
|                        Loss/Critic_rep_loss |            9.59 |
|                                   SAC/Alpha |         0.00236 |
|                              SAC/LogPi_mean |           0.455 |
|                                 SAC/Q1_mean |            94.1 |
|                                 SAC/Q2_mean |            94.1 |
|                            Norm/actor_model |             134 |
|                           Norm/critic_model |             207 |
|              Norm/state_action_metric_model |            68.2 |
|                     Norm/state_metric_model |            71.7 |
|        Norm/state_action_state_metric_model |            61.5 |
|                  Metric/self_state_distance |         0.00168 |
|                 Metric/cross_state_distance |            1.42 |
|           Metric/self_state_action_distance |        0.000843 |
|          Metric/cross_state_action_distance |            1.66 |
|             Metric/avg_self_state_asymmetry |               0 |
|            Metric/avg_cross_state_asymmetry |          0.0136 |
|                Metric/avg_self_sa_asymmetry |               0 |
|               Metric/avg_cross_sa_asymmetry |         0.00876 |
|  Metric/self_state_action_to_state_distance |         0.00186 |
| Metric/cross_state_action_to_state_distance |            1.67 |
|                   Metric/h_lambda_diff_self |         0.00149 |
|                  Metric/h_lambda_diff_cross |          0.0165 |
|                                 Eval/Return |           1e+03 |
-----------------------------------------------------------------
-----------------------------------------------------------------
|                                 Train/Steps |        2.31e+06 |
|                            Loss/Loss_critic |          0.0517 |
|                             Loss/Loss_actor |           -96.1 |
|                             Loss/Loss_alpha |         0.00033 |
|               Loss/Loss_state_action_metric |           0.614 |
|                      Loss/Loss_state_metric |           0.271 |
|             Loss/Loss_state_action_to_state |        0.000903 |
|                           Loss/Act_rep_loss |          0.0398 |
|                        Loss/Critic_rep_loss |             5.9 |
|                                   SAC/Alpha |         0.00342 |
|                              SAC/LogPi_mean |           0.381 |
|                                 SAC/Q1_mean |            96.1 |
|                                 SAC/Q2_mean |            96.1 |
|                            Norm/actor_model |             137 |
|                           Norm/critic_model |             212 |
|              Norm/state_action_metric_model |            70.2 |
|                     Norm/state_metric_model |            73.9 |
|        Norm/state_action_state_metric_model |            62.9 |
|                  Metric/self_state_distance |         0.00117 |
|                 Metric/cross_state_distance |            1.26 |
|           Metric/self_state_action_distance |          0.0184 |
|          Metric/cross_state_action_distance |            1.41 |
|             Metric/avg_self_state_asymmetry |               0 |
|            Metric/avg_cross_state_asymmetry |         0.00955 |
|                Metric/avg_self_sa_asymmetry |               0 |
|               Metric/avg_cross_sa_asymmetry |          0.0127 |
|  Metric/self_state_action_to_state_distance |        0.000357 |
| Metric/cross_state_action_to_state_distance |            1.42 |
|                   Metric/h_lambda_diff_self |          0.0183 |
|                  Metric/h_lambda_diff_cross |           0.021 |
|                                 Eval/Return |           1e+03 |
-----------------------------------------------------------------
-----------------------------------------------------------------
|                                 Train/Steps |        2.44e+06 |
|                            Loss/Loss_critic |           0.228 |
|                             Loss/Loss_actor |           -94.7 |
|                             Loss/Loss_alpha |       -0.000387 |
|               Loss/Loss_state_action_metric |            0.84 |
|                      Loss/Loss_state_metric |           0.383 |
|             Loss/Loss_state_action_to_state |          0.0027 |
|                           Loss/Act_rep_loss |          0.0268 |
|                        Loss/Critic_rep_loss |            7.69 |
|                                   SAC/Alpha |         0.00266 |
|                              SAC/LogPi_mean |           0.651 |
|                                 SAC/Q1_mean |            94.8 |
|                                 SAC/Q2_mean |            94.7 |
|                            Norm/actor_model |             139 |
|                           Norm/critic_model |             217 |
|              Norm/state_action_metric_model |            71.9 |
|                     Norm/state_metric_model |            76.2 |
|        Norm/state_action_state_metric_model |            64.6 |
|                  Metric/self_state_distance |         0.00602 |
|                 Metric/cross_state_distance |            1.37 |
|           Metric/self_state_action_distance |         0.00302 |
|          Metric/cross_state_action_distance |             1.6 |
|             Metric/avg_self_state_asymmetry |               0 |
|            Metric/avg_cross_state_asymmetry |          0.0116 |
|                Metric/avg_self_sa_asymmetry |               0 |
|               Metric/avg_cross_sa_asymmetry |          0.0127 |
|  Metric/self_state_action_to_state_distance |        0.000125 |
| Metric/cross_state_action_to_state_distance |            1.63 |
|                   Metric/h_lambda_diff_self |         0.00299 |
|                  Metric/h_lambda_diff_cross |          0.0309 |
|                                 Eval/Return |           1e+03 |
-----------------------------------------------------------------
-----------------------------------------------------------------
|                                 Train/Steps |        2.57e+06 |
|                            Loss/Loss_critic |          0.0669 |
|                             Loss/Loss_actor |           -95.3 |
|                             Loss/Loss_alpha |       -0.000521 |
|               Loss/Loss_state_action_metric |           0.623 |
|                      Loss/Loss_state_metric |           0.298 |
|             Loss/Loss_state_action_to_state |        0.000886 |
|                           Loss/Act_rep_loss |          0.0297 |
|                        Loss/Critic_rep_loss |            7.53 |
|                                   SAC/Alpha |         0.00408 |
|                              SAC/LogPi_mean |           0.554 |
|                                 SAC/Q1_mean |            95.3 |
|                                 SAC/Q2_mean |            95.2 |
|                            Norm/actor_model |             141 |
|                           Norm/critic_model |             222 |
|              Norm/state_action_metric_model |            73.9 |
|                     Norm/state_metric_model |            78.3 |
|        Norm/state_action_state_metric_model |            65.9 |
|                  Metric/self_state_distance |         0.00356 |
|                 Metric/cross_state_distance |            1.29 |
|           Metric/self_state_action_distance |        0.000689 |
|          Metric/cross_state_action_distance |            1.45 |
|             Metric/avg_self_state_asymmetry |               0 |
|            Metric/avg_cross_state_asymmetry |          0.0178 |
|                Metric/avg_self_sa_asymmetry |               0 |
|               Metric/avg_cross_sa_asymmetry |          0.0133 |
|  Metric/self_state_action_to_state_distance |         0.00144 |
| Metric/cross_state_action_to_state_distance |            1.45 |
|                   Metric/h_lambda_diff_self |        0.000939 |
|                  Metric/h_lambda_diff_cross |          0.0183 |
|                                 Eval/Return |           1e+03 |
-----------------------------------------------------------------
-----------------------------------------------------------------
|                                 Train/Steps |         2.7e+06 |
|                            Loss/Loss_critic |          0.0305 |
|                             Loss/Loss_actor |           -95.1 |
|                             Loss/Loss_alpha |       -0.000441 |
|               Loss/Loss_state_action_metric |           0.791 |
|                      Loss/Loss_state_metric |            0.38 |
|             Loss/Loss_state_action_to_state |        0.000598 |
|                           Loss/Act_rep_loss |          0.0243 |
|                        Loss/Critic_rep_loss |            8.07 |
|                                   SAC/Alpha |         0.00392 |
|                              SAC/LogPi_mean |           0.679 |
|                                 SAC/Q1_mean |            95.1 |
|                                 SAC/Q2_mean |            95.1 |
|                            Norm/actor_model |             143 |
|                           Norm/critic_model |             227 |
|              Norm/state_action_metric_model |            75.5 |
|                     Norm/state_metric_model |            80.4 |
|        Norm/state_action_state_metric_model |            67.2 |
|                  Metric/self_state_distance |        0.000449 |
|                 Metric/cross_state_distance |            1.36 |
|           Metric/self_state_action_distance |         0.00503 |
|          Metric/cross_state_action_distance |            1.58 |
|             Metric/avg_self_state_asymmetry |               0 |
|            Metric/avg_cross_state_asymmetry |          0.0121 |
|                Metric/avg_self_sa_asymmetry |               0 |
|               Metric/avg_cross_sa_asymmetry |          0.0111 |
|  Metric/self_state_action_to_state_distance |         0.00227 |
| Metric/cross_state_action_to_state_distance |            1.58 |
|                   Metric/h_lambda_diff_self |         0.00361 |
|                  Metric/h_lambda_diff_cross |          0.0127 |
|                                 Eval/Return |           1e+03 |
-----------------------------------------------------------------
-----------------------------------------------------------------
|                                 Train/Steps |        2.82e+06 |
|                            Loss/Loss_critic |          0.0506 |
|                             Loss/Loss_actor |           -95.7 |
|                             Loss/Loss_alpha |        0.000384 |
|               Loss/Loss_state_action_metric |           0.701 |
|                      Loss/Loss_state_metric |           0.325 |
|             Loss/Loss_state_action_to_state |         0.00143 |
|                           Loss/Act_rep_loss |          0.0287 |
|                        Loss/Critic_rep_loss |            6.57 |
|                                   SAC/Alpha |         0.00302 |
|                              SAC/LogPi_mean |           0.414 |
|                                 SAC/Q1_mean |            95.7 |
|                                 SAC/Q2_mean |            95.7 |
|                            Norm/actor_model |             145 |
|                           Norm/critic_model |             232 |
|              Norm/state_action_metric_model |            77.2 |
|                     Norm/state_metric_model |            82.7 |
|        Norm/state_action_state_metric_model |            68.6 |
|                  Metric/self_state_distance |         0.00623 |
|                 Metric/cross_state_distance |            1.33 |
|           Metric/self_state_action_distance |         0.00594 |
|          Metric/cross_state_action_distance |            1.53 |
|             Metric/avg_self_state_asymmetry |               0 |
|            Metric/avg_cross_state_asymmetry |         0.00909 |
|                Metric/avg_self_sa_asymmetry |               0 |
|               Metric/avg_cross_sa_asymmetry |          0.0112 |
|  Metric/self_state_action_to_state_distance |         0.00392 |
| Metric/cross_state_action_to_state_distance |            1.53 |
|                   Metric/h_lambda_diff_self |         0.00537 |
|                  Metric/h_lambda_diff_cross |          0.0139 |
|                                 Eval/Return |           1e+03 |
-----------------------------------------------------------------
-----------------------------------------------------------------
|                                 Train/Steps |        2.95e+06 |
|                            Loss/Loss_critic |          0.0327 |
|                             Loss/Loss_actor |           -96.8 |
|                             Loss/Loss_alpha |        0.000109 |
|               Loss/Loss_state_action_metric |           0.481 |
|                      Loss/Loss_state_metric |           0.235 |
|             Loss/Loss_state_action_to_state |         0.00182 |
|                           Loss/Act_rep_loss |          0.0277 |
|                        Loss/Critic_rep_loss |            4.89 |
|                                   SAC/Alpha |         0.00154 |
|                              SAC/LogPi_mean |           0.348 |
|                                 SAC/Q1_mean |            96.8 |
|                                 SAC/Q2_mean |            96.9 |
|                            Norm/actor_model |             147 |
|                           Norm/critic_model |             237 |
|              Norm/state_action_metric_model |              79 |
|                     Norm/state_metric_model |            84.2 |
|        Norm/state_action_state_metric_model |            69.9 |
|                  Metric/self_state_distance |        0.000666 |
|                 Metric/cross_state_distance |            1.22 |
|           Metric/self_state_action_distance |          0.0121 |
|          Metric/cross_state_action_distance |            1.34 |
|             Metric/avg_self_state_asymmetry |               0 |
|            Metric/avg_cross_state_asymmetry |           0.009 |
|                Metric/avg_self_sa_asymmetry |               0 |
|               Metric/avg_cross_sa_asymmetry |         0.00974 |
|  Metric/self_state_action_to_state_distance |        0.000123 |
| Metric/cross_state_action_to_state_distance |            1.32 |
|                   Metric/h_lambda_diff_self |          0.0121 |
|                  Metric/h_lambda_diff_cross |          0.0216 |
|                                 Eval/Return |           1e+03 |
-----------------------------------------------------------------
-----------------------------------------------------------------
|                                 Train/Steps |        3.08e+06 |
|                            Loss/Loss_critic |         0.00891 |
|                             Loss/Loss_actor |           -97.2 |
|                             Loss/Loss_alpha |        0.000338 |
|               Loss/Loss_state_action_metric |           0.459 |
|                      Loss/Loss_state_metric |           0.194 |
|             Loss/Loss_state_action_to_state |         0.00186 |
|                           Loss/Act_rep_loss |          0.0318 |
|                        Loss/Critic_rep_loss |            4.24 |
|                                   SAC/Alpha |         0.00134 |
|                              SAC/LogPi_mean |           0.341 |
|                                 SAC/Q1_mean |            97.3 |
|                                 SAC/Q2_mean |            97.2 |
|                            Norm/actor_model |             149 |
|                           Norm/critic_model |             241 |
|              Norm/state_action_metric_model |            80.5 |
|                     Norm/state_metric_model |            86.3 |
|        Norm/state_action_state_metric_model |            71.3 |
|                  Metric/self_state_distance |         0.00212 |
|                 Metric/cross_state_distance |            1.18 |
|           Metric/self_state_action_distance |         0.00412 |
|          Metric/cross_state_action_distance |            1.29 |
|             Metric/avg_self_state_asymmetry |               0 |
|            Metric/avg_cross_state_asymmetry |          0.0104 |
|                Metric/avg_self_sa_asymmetry |               0 |
|               Metric/avg_cross_sa_asymmetry |          0.0125 |
|  Metric/self_state_action_to_state_distance |        0.000317 |
| Metric/cross_state_action_to_state_distance |            1.29 |
|                   Metric/h_lambda_diff_self |         0.00406 |
|                  Metric/h_lambda_diff_cross |          0.0121 |
|                                 Eval/Return |           1e+03 |
-----------------------------------------------------------------
[32mSaving model …[0m
[32mDone.[0m
[32mSaving model …[0m
[32mDone.[0m
-----------------------------------------------------------------
|                                 Train/Steps |        3.21e+06 |
|                            Loss/Loss_critic |          0.0125 |
|                             Loss/Loss_actor |           -96.4 |
|                             Loss/Loss_alpha |       -2.26e-05 |
|               Loss/Loss_state_action_metric |           0.556 |
|                      Loss/Loss_state_metric |           0.264 |
|             Loss/Loss_state_action_to_state |         0.00101 |
|                           Loss/Act_rep_loss |          0.0217 |
|                        Loss/Critic_rep_loss |            5.69 |
|                                   SAC/Alpha |         0.00093 |
|                              SAC/LogPi_mean |            0.49 |
|                                 SAC/Q1_mean |            96.4 |
|                                 SAC/Q2_mean |            96.4 |
|                            Norm/actor_model |             151 |
|                           Norm/critic_model |             247 |
|              Norm/state_action_metric_model |            82.2 |
|                     Norm/state_metric_model |            88.3 |
|        Norm/state_action_state_metric_model |            72.6 |
|                  Metric/self_state_distance |        0.000705 |
|                 Metric/cross_state_distance |            1.25 |
|           Metric/self_state_action_distance |          0.0159 |
|          Metric/cross_state_action_distance |             1.4 |
|             Metric/avg_self_state_asymmetry |               0 |
|            Metric/avg_cross_state_asymmetry |         0.00863 |
|                Metric/avg_self_sa_asymmetry |               0 |
|               Metric/avg_cross_sa_asymmetry |         0.00916 |
|  Metric/self_state_action_to_state_distance |         0.00335 |
| Metric/cross_state_action_to_state_distance |            1.39 |
|                   Metric/h_lambda_diff_self |           0.014 |
|                  Metric/h_lambda_diff_cross |          0.0162 |
|                                 Eval/Return |           1e+03 |
-----------------------------------------------------------------
-----------------------------------------------------------------
|                                 Train/Steps |        3.34e+06 |
|                            Loss/Loss_critic |          0.0344 |
|                             Loss/Loss_actor |           -96.7 |
|                             Loss/Loss_alpha |       -0.000411 |
|               Loss/Loss_state_action_metric |           0.579 |
|                      Loss/Loss_state_metric |           0.268 |
|             Loss/Loss_state_action_to_state |        0.000208 |
|                           Loss/Act_rep_loss |          0.0278 |
|                        Loss/Critic_rep_loss |            5.03 |
|                                   SAC/Alpha |         0.00188 |
|                              SAC/LogPi_mean |             0.7 |
|                                 SAC/Q1_mean |            96.7 |
|                                 SAC/Q2_mean |            96.7 |
|                            Norm/actor_model |             152 |
|                           Norm/critic_model |             253 |
|              Norm/state_action_metric_model |              84 |
|                     Norm/state_metric_model |            89.9 |
|        Norm/state_action_state_metric_model |              74 |
|                  Metric/self_state_distance |         0.00205 |
|                 Metric/cross_state_distance |            1.26 |
|           Metric/self_state_action_distance |         0.00768 |
|          Metric/cross_state_action_distance |            1.39 |
|             Metric/avg_self_state_asymmetry |               0 |
|            Metric/avg_cross_state_asymmetry |         0.00986 |
|                Metric/avg_self_sa_asymmetry |               0 |
|               Metric/avg_cross_sa_asymmetry |          0.0109 |
|  Metric/self_state_action_to_state_distance |        0.000488 |
| Metric/cross_state_action_to_state_distance |             1.4 |
|                   Metric/h_lambda_diff_self |         0.00719 |
|                  Metric/h_lambda_diff_cross |          0.0138 |
|                                 Eval/Return |           1e+03 |
-----------------------------------------------------------------
-----------------------------------------------------------------
|                                 Train/Steps |        3.46e+06 |
|                            Loss/Loss_critic |          0.0357 |
|                             Loss/Loss_actor |           -95.9 |
|                             Loss/Loss_alpha |        -0.00149 |
|               Loss/Loss_state_action_metric |           0.622 |
|                      Loss/Loss_state_metric |            0.29 |
|             Loss/Loss_state_action_to_state |        0.000444 |
|                           Loss/Act_rep_loss |          0.0441 |
|                        Loss/Critic_rep_loss |            6.18 |
|                                   SAC/Alpha |         0.00482 |
|                              SAC/LogPi_mean |           0.594 |
|                                 SAC/Q1_mean |            95.9 |
|                                 SAC/Q2_mean |              96 |
|                            Norm/actor_model |             154 |
|                           Norm/critic_model |             258 |
|              Norm/state_action_metric_model |            85.4 |
|                     Norm/state_metric_model |            91.7 |
|        Norm/state_action_state_metric_model |            75.3 |
|                  Metric/self_state_distance |        9.72e-05 |
|                 Metric/cross_state_distance |            1.29 |
|           Metric/self_state_action_distance |          0.0063 |
|          Metric/cross_state_action_distance |            1.43 |
|             Metric/avg_self_state_asymmetry |               0 |
|            Metric/avg_cross_state_asymmetry |         0.00888 |
|                Metric/avg_self_sa_asymmetry |               0 |
|               Metric/avg_cross_sa_asymmetry |            0.01 |
|  Metric/self_state_action_to_state_distance |         0.00252 |
| Metric/cross_state_action_to_state_distance |            1.44 |
|                   Metric/h_lambda_diff_self |         0.00487 |
|                  Metric/h_lambda_diff_cross |          0.0174 |
|                                 Eval/Return |           1e+03 |
-----------------------------------------------------------------
-----------------------------------------------------------------
|                                 Train/Steps |        3.59e+06 |
|                            Loss/Loss_critic |          0.0168 |
|                             Loss/Loss_actor |           -97.1 |
|                             Loss/Loss_alpha |        1.81e-06 |
|               Loss/Loss_state_action_metric |           0.412 |
|                      Loss/Loss_state_metric |            0.19 |
|             Loss/Loss_state_action_to_state |        0.000249 |
|                           Loss/Act_rep_loss |          0.0447 |
|                        Loss/Critic_rep_loss |            3.89 |
|                                   SAC/Alpha |         0.00214 |
|                              SAC/LogPi_mean |           0.477 |
|                                 SAC/Q1_mean |            97.1 |
|                                 SAC/Q2_mean |            97.1 |
|                            Norm/actor_model |             155 |
|                           Norm/critic_model |             261 |
|              Norm/state_action_metric_model |            86.4 |
|                     Norm/state_metric_model |            93.6 |
|        Norm/state_action_state_metric_model |            76.6 |
|                  Metric/self_state_distance |         0.00219 |
|                 Metric/cross_state_distance |            1.18 |
|           Metric/self_state_action_distance |         0.00617 |
|          Metric/cross_state_action_distance |            1.26 |
|             Metric/avg_self_state_asymmetry |               0 |
|            Metric/avg_cross_state_asymmetry |         0.00686 |
|                Metric/avg_self_sa_asymmetry |               0 |
|               Metric/avg_cross_sa_asymmetry |         0.00672 |
|  Metric/self_state_action_to_state_distance |         0.00492 |
| Metric/cross_state_action_to_state_distance |            1.27 |
|                   Metric/h_lambda_diff_self |         0.00659 |
|                  Metric/h_lambda_diff_cross |          0.0104 |
|                                 Eval/Return |           1e+03 |
-----------------------------------------------------------------
-----------------------------------------------------------------
|                                 Train/Steps |        3.72e+06 |
|                            Loss/Loss_critic |           0.036 |
|                             Loss/Loss_actor |             -97 |
|                             Loss/Loss_alpha |        0.000623 |
|               Loss/Loss_state_action_metric |           0.472 |
|                      Loss/Loss_state_metric |           0.239 |
|             Loss/Loss_state_action_to_state |         0.00115 |
|                           Loss/Act_rep_loss |           0.024 |
|                        Loss/Critic_rep_loss |            4.89 |
|                                   SAC/Alpha |         0.00266 |
|                              SAC/LogPi_mean |           0.236 |
|                                 SAC/Q1_mean |              97 |
|                                 SAC/Q2_mean |            97.1 |
|                            Norm/actor_model |             157 |
|                           Norm/critic_model |             265 |
|              Norm/state_action_metric_model |            87.9 |
|                     Norm/state_metric_model |            95.2 |
|        Norm/state_action_state_metric_model |            77.8 |
|                  Metric/self_state_distance |         0.00294 |
|                 Metric/cross_state_distance |            1.23 |
|           Metric/self_state_action_distance |         0.00957 |
|          Metric/cross_state_action_distance |            1.34 |
|             Metric/avg_self_state_asymmetry |               0 |
|            Metric/avg_cross_state_asymmetry |          0.0121 |
|                Metric/avg_self_sa_asymmetry |               0 |
|               Metric/avg_cross_sa_asymmetry |          0.0113 |
|  Metric/self_state_action_to_state_distance |         0.00356 |
| Metric/cross_state_action_to_state_distance |            1.34 |
|                   Metric/h_lambda_diff_self |         0.00825 |
|                  Metric/h_lambda_diff_cross |          0.0201 |
|                                 Eval/Return |           1e+03 |
-----------------------------------------------------------------
-----------------------------------------------------------------
|                                 Train/Steps |        3.85e+06 |
|                            Loss/Loss_critic |          0.0102 |
|                             Loss/Loss_actor |           -97.5 |
|                             Loss/Loss_alpha |         0.00031 |
|               Loss/Loss_state_action_metric |           0.383 |
|                      Loss/Loss_state_metric |            0.18 |
|             Loss/Loss_state_action_to_state |        0.000201 |
|                           Loss/Act_rep_loss |          0.0413 |
|                        Loss/Critic_rep_loss |            3.93 |
|                                   SAC/Alpha |         0.00287 |
|                              SAC/LogPi_mean |           0.377 |
|                                 SAC/Q1_mean |            97.5 |
|                                 SAC/Q2_mean |            97.5 |
|                            Norm/actor_model |             159 |
|                           Norm/critic_model |             268 |
|              Norm/state_action_metric_model |            89.5 |
|                     Norm/state_metric_model |            97.2 |
|        Norm/state_action_state_metric_model |            79.1 |
|                  Metric/self_state_distance |         0.00311 |
|                 Metric/cross_state_distance |            1.16 |
|           Metric/self_state_action_distance |         0.00233 |
|          Metric/cross_state_action_distance |            1.24 |
|             Metric/avg_self_state_asymmetry |               0 |
|            Metric/avg_cross_state_asymmetry |          0.0101 |
|                Metric/avg_self_sa_asymmetry |               0 |
|               Metric/avg_cross_sa_asymmetry |         0.00624 |
|  Metric/self_state_action_to_state_distance |        0.000282 |
| Metric/cross_state_action_to_state_distance |            1.24 |
|                   Metric/h_lambda_diff_self |         0.00224 |
|                  Metric/h_lambda_diff_cross |          0.0106 |
|                                 Eval/Return |           1e+03 |
-----------------------------------------------------------------
-----------------------------------------------------------------
|                                 Train/Steps |        3.98e+06 |
|                            Loss/Loss_critic |          0.0343 |
|                             Loss/Loss_actor |           -96.8 |
|                             Loss/Loss_alpha |        -0.00051 |
|               Loss/Loss_state_action_metric |           0.533 |
|                      Loss/Loss_state_metric |           0.268 |
|             Loss/Loss_state_action_to_state |        0.000128 |
|                           Loss/Act_rep_loss |          0.0217 |
|                        Loss/Critic_rep_loss |            5.13 |
|                                   SAC/Alpha |          0.0034 |
|                              SAC/LogPi_mean |           0.704 |
|                                 SAC/Q1_mean |            96.8 |
|                                 SAC/Q2_mean |            96.8 |
|                            Norm/actor_model |             160 |
|                           Norm/critic_model |             272 |
|              Norm/state_action_metric_model |            90.9 |
|                     Norm/state_metric_model |            98.9 |
|        Norm/state_action_state_metric_model |            80.6 |
|                  Metric/self_state_distance |        5.09e-05 |
|                 Metric/cross_state_distance |            1.25 |
|           Metric/self_state_action_distance |          0.0092 |
|          Metric/cross_state_action_distance |            1.38 |
|             Metric/avg_self_state_asymmetry |               0 |
|            Metric/avg_cross_state_asymmetry |          0.0073 |
|                Metric/avg_self_sa_asymmetry |               0 |
|               Metric/avg_cross_sa_asymmetry |         0.00857 |
|  Metric/self_state_action_to_state_distance |         0.00097 |
| Metric/cross_state_action_to_state_distance |            1.37 |
|                   Metric/h_lambda_diff_self |         0.00828 |
|                  Metric/h_lambda_diff_cross |          0.0192 |
|                                 Eval/Return |           1e+03 |
-----------------------------------------------------------------
-----------------------------------------------------------------
|                                 Train/Steps |         4.1e+06 |
|                            Loss/Loss_critic |         0.00826 |
|                             Loss/Loss_actor |           -99.5 |
|                             Loss/Loss_alpha |        0.000332 |
|               Loss/Loss_state_action_metric |          0.0741 |
|                      Loss/Loss_state_metric |          0.0375 |
|             Loss/Loss_state_action_to_state |        0.000793 |
|                           Loss/Act_rep_loss |          0.0273 |
|                        Loss/Critic_rep_loss |           0.603 |
|                                   SAC/Alpha |          0.0033 |
|                              SAC/LogPi_mean |           0.449 |
|                                 SAC/Q1_mean |            99.5 |
|                                 SAC/Q2_mean |            99.4 |
|                            Norm/actor_model |             161 |
|                           Norm/critic_model |             272 |
|              Norm/state_action_metric_model |            92.4 |
|                     Norm/state_metric_model |             101 |
|        Norm/state_action_state_metric_model |            81.5 |
|                  Metric/self_state_distance |        0.000778 |
|                 Metric/cross_state_distance |            1.05 |
|           Metric/self_state_action_distance |         0.00141 |
|          Metric/cross_state_action_distance |            1.03 |
|             Metric/avg_self_state_asymmetry |               0 |
|            Metric/avg_cross_state_asymmetry |         0.00944 |
|                Metric/avg_self_sa_asymmetry |               0 |
|               Metric/avg_cross_sa_asymmetry |          0.0103 |
|  Metric/self_state_action_to_state_distance |         0.00022 |
| Metric/cross_state_action_to_state_distance |            1.03 |
|                   Metric/h_lambda_diff_self |         0.00119 |
|                  Metric/h_lambda_diff_cross |          0.0136 |
|                                 Eval/Return |           1e+03 |
-----------------------------------------------------------------
[32mSaving model …[0m
[32mDone.[0m
[32mSaving model …[0m
[32mDone.[0m
-----------------------------------------------------------------
|                                 Train/Steps |        4.23e+06 |
|                            Loss/Loss_critic |          0.0049 |
|                             Loss/Loss_actor |           -99.7 |
|                             Loss/Loss_alpha |       -2.95e-05 |
|               Loss/Loss_state_action_metric |         0.00311 |
|                      Loss/Loss_state_metric |          0.0011 |
|             Loss/Loss_state_action_to_state |        3.53e-05 |
|                           Loss/Act_rep_loss |          0.0779 |
|                        Loss/Critic_rep_loss |         0.00596 |
|                                   SAC/Alpha |          0.0015 |
|                              SAC/LogPi_mean |           0.573 |
|                                 SAC/Q1_mean |            99.8 |
|                                 SAC/Q2_mean |            99.7 |
|                            Norm/actor_model |             162 |
|                           Norm/critic_model |             275 |
|              Norm/state_action_metric_model |              93 |
|                     Norm/state_metric_model |             102 |
|        Norm/state_action_state_metric_model |            82.1 |
|                  Metric/self_state_distance |         0.00182 |
|                 Metric/cross_state_distance |           0.953 |
|           Metric/self_state_action_distance |        0.000836 |
|          Metric/cross_state_action_distance |           0.955 |
|             Metric/avg_self_state_asymmetry |               0 |
|            Metric/avg_cross_state_asymmetry |         0.00371 |
|                Metric/avg_self_sa_asymmetry |               0 |
|               Metric/avg_cross_sa_asymmetry |         0.00541 |
|  Metric/self_state_action_to_state_distance |        0.000379 |
| Metric/cross_state_action_to_state_distance |           0.935 |
|                   Metric/h_lambda_diff_self |         0.00077 |
|                  Metric/h_lambda_diff_cross |            0.02 |
|                                 Eval/Return |           1e+03 |
-----------------------------------------------------------------
-----------------------------------------------------------------
|                                 Train/Steps |        4.36e+06 |
|                            Loss/Loss_critic |         0.00311 |
|                             Loss/Loss_actor |           -99.7 |
|                             Loss/Loss_alpha |        -8.9e-06 |
|               Loss/Loss_state_action_metric |          0.0136 |
|                      Loss/Loss_state_metric |         0.00685 |
|             Loss/Loss_state_action_to_state |        0.000366 |
|                           Loss/Act_rep_loss |          0.0718 |
|                        Loss/Critic_rep_loss |               0 |
|                                   SAC/Alpha |          0.0015 |
|                              SAC/LogPi_mean |             0.5 |
|                                 SAC/Q1_mean |            99.7 |
|                                 SAC/Q2_mean |            99.8 |
|                            Norm/actor_model |             162 |
|                           Norm/critic_model |             276 |
|              Norm/state_action_metric_model |            94.2 |
|                     Norm/state_metric_model |             103 |
|        Norm/state_action_state_metric_model |            83.2 |
|                  Metric/self_state_distance |        0.000174 |
|                 Metric/cross_state_distance |           0.982 |
|           Metric/self_state_action_distance |        0.000524 |
|          Metric/cross_state_action_distance |           0.953 |
|             Metric/avg_self_state_asymmetry |               0 |
|            Metric/avg_cross_state_asymmetry |          0.0067 |
|                Metric/avg_self_sa_asymmetry |               0 |
|               Metric/avg_cross_sa_asymmetry |         0.00644 |
|  Metric/self_state_action_to_state_distance |        0.000279 |
| Metric/cross_state_action_to_state_distance |           0.952 |
|                   Metric/h_lambda_diff_self |        0.000296 |
|                  Metric/h_lambda_diff_cross |          0.0143 |
|                                 Eval/Return |           1e+03 |
-----------------------------------------------------------------
-----------------------------------------------------------------
|                                 Train/Steps |        4.49e+06 |
|                            Loss/Loss_critic |         0.00117 |
|                             Loss/Loss_actor |           -99.7 |
|                             Loss/Loss_alpha |        1.16e-05 |
|               Loss/Loss_state_action_metric |          0.0365 |
|                      Loss/Loss_state_metric |          0.0191 |
|             Loss/Loss_state_action_to_state |        9.83e-05 |
|                           Loss/Act_rep_loss |          0.0854 |
|                        Loss/Critic_rep_loss |           0.201 |
|                                   SAC/Alpha |        0.000481 |
|                              SAC/LogPi_mean |            0.47 |
|                                 SAC/Q1_mean |            99.8 |
|                                 SAC/Q2_mean |            99.7 |
|                            Norm/actor_model |             163 |
|                           Norm/critic_model |             277 |
|              Norm/state_action_metric_model |            95.2 |
|                     Norm/state_metric_model |             105 |
|        Norm/state_action_state_metric_model |            84.1 |
|                  Metric/self_state_distance |         0.00107 |
|                 Metric/cross_state_distance |           0.973 |
|           Metric/self_state_action_distance |         0.00283 |
|          Metric/cross_state_action_distance |           0.976 |
|             Metric/avg_self_state_asymmetry |               0 |
|            Metric/avg_cross_state_asymmetry |         0.00452 |
|                Metric/avg_self_sa_asymmetry |               0 |
|               Metric/avg_cross_sa_asymmetry |         0.00456 |
|  Metric/self_state_action_to_state_distance |        0.000192 |
| Metric/cross_state_action_to_state_distance |           0.969 |
|                   Metric/h_lambda_diff_self |          0.0027 |
|                  Metric/h_lambda_diff_cross |         0.00973 |
|                                 Eval/Return |           1e+03 |
-----------------------------------------------------------------
-----------------------------------------------------------------
|                                 Train/Steps |        4.62e+06 |
|                            Loss/Loss_critic |          0.0125 |
|                             Loss/Loss_actor |           -99.7 |
|                             Loss/Loss_alpha |       -5.33e-05 |
|               Loss/Loss_state_action_metric |          0.0644 |
|                      Loss/Loss_state_metric |         0.00694 |
|             Loss/Loss_state_action_to_state |        0.000501 |
|                           Loss/Act_rep_loss |          0.0828 |
|                        Loss/Critic_rep_loss |           0.158 |
|                                   SAC/Alpha |        0.000654 |
|                              SAC/LogPi_mean |           0.584 |
|                                 SAC/Q1_mean |            99.8 |
|                                 SAC/Q2_mean |            99.7 |
|                            Norm/actor_model |             163 |
|                           Norm/critic_model |             278 |
|              Norm/state_action_metric_model |            96.4 |
|                     Norm/state_metric_model |             107 |
|        Norm/state_action_state_metric_model |            85.1 |
|                  Metric/self_state_distance |        0.000712 |
|                 Metric/cross_state_distance |           0.977 |
|           Metric/self_state_action_distance |           0.002 |
|          Metric/cross_state_action_distance |           0.965 |
|             Metric/avg_self_state_asymmetry |               0 |
|            Metric/avg_cross_state_asymmetry |         0.00402 |
|                Metric/avg_self_sa_asymmetry |               0 |
|               Metric/avg_cross_sa_asymmetry |         0.00615 |
|  Metric/self_state_action_to_state_distance |         0.00194 |
| Metric/cross_state_action_to_state_distance |           0.973 |
|                   Metric/h_lambda_diff_self |         0.00257 |
|                  Metric/h_lambda_diff_cross |          0.0106 |
|                                 Eval/Return |           1e+03 |
-----------------------------------------------------------------
-----------------------------------------------------------------
|                                 Train/Steps |        4.74e+06 |
|                            Loss/Loss_critic |          0.0168 |
|                             Loss/Loss_actor |           -99.6 |
|                             Loss/Loss_alpha |        8.23e-05 |
|               Loss/Loss_state_action_metric |           0.031 |
|                      Loss/Loss_state_metric |         0.00109 |
|             Loss/Loss_state_action_to_state |        0.000116 |
|                           Loss/Act_rep_loss |          0.0536 |
|                        Loss/Critic_rep_loss |           0.159 |
|                                   SAC/Alpha |        0.000539 |
|                              SAC/LogPi_mean |           0.306 |
|                                 SAC/Q1_mean |            99.6 |
|                                 SAC/Q2_mean |            99.6 |
|                            Norm/actor_model |             163 |
|                           Norm/critic_model |             279 |
|              Norm/state_action_metric_model |            97.6 |
|                     Norm/state_metric_model |             109 |
|        Norm/state_action_state_metric_model |            86.2 |
|                  Metric/self_state_distance |         0.00246 |
|                 Metric/cross_state_distance |           0.985 |
|           Metric/self_state_action_distance |         0.00468 |
|          Metric/cross_state_action_distance |           0.961 |
|             Metric/avg_self_state_asymmetry |               0 |
|            Metric/avg_cross_state_asymmetry |           0.003 |
|                Metric/avg_self_sa_asymmetry |               0 |
|               Metric/avg_cross_sa_asymmetry |          0.0065 |
|  Metric/self_state_action_to_state_distance |        0.000868 |
| Metric/cross_state_action_to_state_distance |           0.952 |
|                   Metric/h_lambda_diff_self |         0.00414 |
|                  Metric/h_lambda_diff_cross |          0.0115 |
|                                 Eval/Return |           1e+03 |
-----------------------------------------------------------------
-----------------------------------------------------------------
|                                 Train/Steps |        4.87e+06 |
|                            Loss/Loss_critic |         0.00733 |
|                             Loss/Loss_actor |           -99.5 |
|                             Loss/Loss_alpha |        6.85e-06 |
|               Loss/Loss_state_action_metric |          0.0652 |
|                      Loss/Loss_state_metric |          0.0322 |
|             Loss/Loss_state_action_to_state |        0.000434 |
|                           Loss/Act_rep_loss |          0.0846 |
|                        Loss/Critic_rep_loss |           0.642 |
|                                   SAC/Alpha |        0.000854 |
|                              SAC/LogPi_mean |           0.473 |
|                                 SAC/Q1_mean |            99.5 |
|                                 SAC/Q2_mean |            99.5 |
|                            Norm/actor_model |             164 |
|                           Norm/critic_model |             280 |
|              Norm/state_action_metric_model |            98.6 |
|                     Norm/state_metric_model |             110 |
|        Norm/state_action_state_metric_model |            87.5 |
|                  Metric/self_state_distance |         4.1e-05 |
|                 Metric/cross_state_distance |           0.992 |
|           Metric/self_state_action_distance |         0.00711 |
|          Metric/cross_state_action_distance |               1 |
|             Metric/avg_self_state_asymmetry |               0 |
|            Metric/avg_cross_state_asymmetry |         0.00575 |
|                Metric/avg_self_sa_asymmetry |               0 |
|               Metric/avg_cross_sa_asymmetry |         0.00538 |
|  Metric/self_state_action_to_state_distance |         0.00024 |
| Metric/cross_state_action_to_state_distance |               1 |
|                   Metric/h_lambda_diff_self |          0.0069 |
|                  Metric/h_lambda_diff_cross |         0.00845 |
|                                 Eval/Return |           1e+03 |
-----------------------------------------------------------------
-----------------------------------------------------------------
|                                 Train/Steps |           5e+06 |
|                            Loss/Loss_critic |          0.0241 |
|                             Loss/Loss_actor |           -99.7 |
|                             Loss/Loss_alpha |       -1.08e-05 |
|               Loss/Loss_state_action_metric |           0.135 |
|                      Loss/Loss_state_metric |          0.0521 |
|             Loss/Loss_state_action_to_state |        0.000172 |
|                           Loss/Act_rep_loss |          0.0485 |
|                        Loss/Critic_rep_loss |           0.385 |
|                                   SAC/Alpha |        0.000483 |
|                              SAC/LogPi_mean |           0.483 |
|                                 SAC/Q1_mean |            99.8 |
|                                 SAC/Q2_mean |            99.7 |
|                            Norm/actor_model |             165 |
|                           Norm/critic_model |             281 |
|              Norm/state_action_metric_model |            99.9 |
|                     Norm/state_metric_model |             112 |
|        Norm/state_action_state_metric_model |            88.8 |
|                  Metric/self_state_distance |        0.000907 |
|                 Metric/cross_state_distance |            1.03 |
|           Metric/self_state_action_distance |         0.00446 |
|          Metric/cross_state_action_distance |            1.04 |
|             Metric/avg_self_state_asymmetry |               0 |
|            Metric/avg_cross_state_asymmetry |         0.00401 |
|                Metric/avg_self_sa_asymmetry |               0 |
|               Metric/avg_cross_sa_asymmetry |         0.00984 |
|  Metric/self_state_action_to_state_distance |         0.00169 |
| Metric/cross_state_action_to_state_distance |            1.02 |
|                   Metric/h_lambda_diff_self |         0.00364 |
|                  Metric/h_lambda_diff_cross |          0.0259 |
|                                 Eval/Return |           1e+03 |
-----------------------------------------------------------------
[32mSaving model …[0m
[32mDone.[0m
[32mSaving model …[0m
[32mDone.[0m
