E0905 23:24:14.607179  856600 cuda_executor.cc:1526] Could not get kernel mode driver version: (INVALID_ARGUMENT: Version does not match the format X.Y.Z)
E0905 23:24:14.615853  856489 cuda_executor.cc:1526] Could not get kernel mode driver version: (INVALID_ARGUMENT: Version does not match the format X.Y.Z)
[32mStart prefilling replay buffer[0m
[32mStart SAC training[0m
[32m{'log_freq': 1000, 'save_freq': 1000000, 'eval_episode_freq': 10, 'hidden_size': 256, 'lr': 0.001, 'max_grad_norm': 0.0, 'gamma': 0.99, 'update_tau': 0.005, 'train_per_step': 8, 'episode_length': 1000, 'warmup_samples': 8192, 'max_replay_size': 4000000, 'batch_size': 512, 'total_env_steps': 5000000, 'init_temperature': 0.1, 'nstep': 3, 'bootstrap_on_truncation': True, 'rep_lr_scale': 1.5, 'n_act_samples': 5, 'act_eps': 0.1, 'aug_weight': 1.0, 'vis_feq': 100000, 'n_vis_frames': 4, 'num_envs': 128, 'grad_steps': 50, 'transfer_freq': 10, 'transfer_steps': 8, 'reward_scaling': 1.0, 'num_eval_envs': 128, 'target_entropy': -0.5}[0m
[32m[nstep] nstep=3 bootstrap_on_truncation=True (discount from the buffer already contains gamma^nstep)[0m
[32m[epsball] n_act_samples=5 act_eps=0.1 aug_weight=1.0[0m
-----------------------------------------------------------------
|                                 Train/Steps |        1.36e+05 |
|                            Loss/Loss_critic |          0.0212 |
|                             Loss/Loss_actor |           -8.16 |
|                             Loss/Loss_alpha |         -0.0067 |
|               Loss/Loss_state_action_metric |            2.74 |
|                      Loss/Loss_state_metric |           0.889 |
|             Loss/Loss_state_action_to_state |         0.00554 |
|                           Loss/Act_rep_loss |         0.00848 |
|                                   SAC/Alpha |           0.017 |
|                              SAC/LogPi_mean |           0.849 |
|                                 SAC/Q1_mean |            8.14 |
|                                 SAC/Q2_mean |            8.12 |
|                            Norm/actor_model |            37.6 |
|                           Norm/critic_model |            58.1 |
|              Norm/state_action_metric_model |            30.9 |
|                     Norm/state_metric_model |            31.5 |
|        Norm/state_action_state_metric_model |            30.8 |
|                  Metric/self_state_distance |          0.0359 |
|                 Metric/cross_state_distance |            2.33 |
|           Metric/self_state_action_distance |          0.0762 |
|          Metric/cross_state_action_distance |            2.72 |
|             Metric/avg_self_state_asymmetry |               0 |
|            Metric/avg_cross_state_asymmetry |          0.0367 |
|                Metric/avg_self_sa_asymmetry |               0 |
|               Metric/avg_cross_sa_asymmetry |          0.0502 |
|  Metric/self_state_action_to_state_distance |          0.0288 |
| Metric/cross_state_action_to_state_distance |            2.68 |
|                   Metric/h_lambda_diff_self |          0.0481 |
|                  Metric/h_lambda_diff_cross |          0.0683 |
|                                 Eval/Return |             433 |
-----------------------------------------------------------------
-----------------------------------------------------------------
|                                 Train/Steps |        2.64e+05 |
|                            Loss/Loss_critic |            0.16 |
|                             Loss/Loss_actor |           -34.5 |
|                             Loss/Loss_alpha |        -0.00587 |
|               Loss/Loss_state_action_metric |            8.82 |
|                      Loss/Loss_state_metric |            2.39 |
|             Loss/Loss_state_action_to_state |         0.00504 |
|                           Loss/Act_rep_loss |         0.00742 |
|                                   SAC/Alpha |          0.0738 |
|                              SAC/LogPi_mean |           0.515 |
|                                 SAC/Q1_mean |            34.4 |
|                                 SAC/Q2_mean |            34.4 |
|                            Norm/actor_model |            59.2 |
|                           Norm/critic_model |             112 |
|              Norm/state_action_metric_model |            35.1 |
|                     Norm/state_metric_model |            35.4 |
|        Norm/state_action_state_metric_model |            33.4 |
|                  Metric/self_state_distance |          0.0358 |
|                 Metric/cross_state_distance |             3.5 |
|           Metric/self_state_action_distance |          0.0679 |
|          Metric/cross_state_action_distance |            4.18 |
|             Metric/avg_self_state_asymmetry |               0 |
|            Metric/avg_cross_state_asymmetry |          0.0353 |
|                Metric/avg_self_sa_asymmetry |               0 |
|               Metric/avg_cross_sa_asymmetry |          0.0397 |
|  Metric/self_state_action_to_state_distance |          0.0232 |
| Metric/cross_state_action_to_state_distance |            4.15 |
|                   Metric/h_lambda_diff_self |          0.0448 |
|                  Metric/h_lambda_diff_cross |          0.0629 |
|                                 Eval/Return |             843 |
-----------------------------------------------------------------
-----------------------------------------------------------------
|                                 Train/Steps |        3.92e+05 |
|                            Loss/Loss_critic |           0.146 |
|                             Loss/Loss_actor |           -52.4 |
|                             Loss/Loss_alpha |         0.00426 |
|               Loss/Loss_state_action_metric |            9.69 |
|                      Loss/Loss_state_metric |            2.76 |
|             Loss/Loss_state_action_to_state |         0.00372 |
|                           Loss/Act_rep_loss |          0.0192 |
|                                   SAC/Alpha |          0.0681 |
|                              SAC/LogPi_mean |           0.417 |
|                                 SAC/Q1_mean |            52.2 |
|                                 SAC/Q2_mean |            52.2 |
|                            Norm/actor_model |            70.3 |
|                           Norm/critic_model |             132 |
|              Norm/state_action_metric_model |            39.7 |
|                     Norm/state_metric_model |            38.5 |
|        Norm/state_action_state_metric_model |            36.2 |
|                  Metric/self_state_distance |           0.027 |
|                 Metric/cross_state_distance |            3.65 |
|           Metric/self_state_action_distance |          0.0415 |
|          Metric/cross_state_action_distance |            4.38 |
|             Metric/avg_self_state_asymmetry |               0 |
|            Metric/avg_cross_state_asymmetry |          0.0353 |
|                Metric/avg_self_sa_asymmetry |               0 |
|               Metric/avg_cross_sa_asymmetry |          0.0281 |
|  Metric/self_state_action_to_state_distance |          0.0201 |
| Metric/cross_state_action_to_state_distance |            4.42 |
|                   Metric/h_lambda_diff_self |          0.0227 |
|                  Metric/h_lambda_diff_cross |          0.0573 |
|                                 Eval/Return |             853 |
-----------------------------------------------------------------
-----------------------------------------------------------------
|                                 Train/Steps |         5.2e+05 |
|                            Loss/Loss_critic |           0.152 |
|                             Loss/Loss_actor |           -64.1 |
|                             Loss/Loss_alpha |         0.00024 |
|               Loss/Loss_state_action_metric |            9.88 |
|                      Loss/Loss_state_metric |             2.8 |
|             Loss/Loss_state_action_to_state |         0.00459 |
|                           Loss/Act_rep_loss |         0.00337 |
|                                   SAC/Alpha |          0.0529 |
|                              SAC/LogPi_mean |            0.46 |
|                                 SAC/Q1_mean |              64 |
|                                 SAC/Q2_mean |              64 |
|                            Norm/actor_model |            79.1 |
|                           Norm/critic_model |             142 |
|              Norm/state_action_metric_model |            44.1 |
|                     Norm/state_metric_model |            41.4 |
|        Norm/state_action_state_metric_model |            39.2 |
|                  Metric/self_state_distance |          0.0242 |
|                 Metric/cross_state_distance |             3.7 |
|           Metric/self_state_action_distance |          0.0503 |
|          Metric/cross_state_action_distance |            4.35 |
|             Metric/avg_self_state_asymmetry |               0 |
|            Metric/avg_cross_state_asymmetry |          0.0298 |
|                Metric/avg_self_sa_asymmetry |               0 |
|               Metric/avg_cross_sa_asymmetry |          0.0264 |
|  Metric/self_state_action_to_state_distance |          0.0199 |
| Metric/cross_state_action_to_state_distance |            4.31 |
|                   Metric/h_lambda_diff_self |          0.0324 |
|                  Metric/h_lambda_diff_cross |          0.0497 |
|                                 Eval/Return |             851 |
-----------------------------------------------------------------
-----------------------------------------------------------------
|                                 Train/Steps |        6.48e+05 |
|                            Loss/Loss_critic |           0.184 |
|                             Loss/Loss_actor |           -71.3 |
|                             Loss/Loss_alpha |         -0.0013 |
|               Loss/Loss_state_action_metric |            10.8 |
|                      Loss/Loss_state_metric |            2.95 |
|             Loss/Loss_state_action_to_state |         0.00239 |
|                           Loss/Act_rep_loss |         0.00436 |
|                                   SAC/Alpha |           0.041 |
|                              SAC/LogPi_mean |           0.587 |
|                                 SAC/Q1_mean |            71.1 |
|                                 SAC/Q2_mean |            71.2 |
|                            Norm/actor_model |            86.6 |
|                           Norm/critic_model |             149 |
|              Norm/state_action_metric_model |            48.3 |
|                     Norm/state_metric_model |            44.1 |
|        Norm/state_action_state_metric_model |            42.5 |
|                  Metric/self_state_distance |          0.0099 |
|                 Metric/cross_state_distance |            3.73 |
|           Metric/self_state_action_distance |          0.0521 |
|          Metric/cross_state_action_distance |            4.27 |
|             Metric/avg_self_state_asymmetry |               0 |
|            Metric/avg_cross_state_asymmetry |          0.0298 |
|                Metric/avg_self_sa_asymmetry |               0 |
|               Metric/avg_cross_sa_asymmetry |          0.0213 |
|  Metric/self_state_action_to_state_distance |         0.00771 |
| Metric/cross_state_action_to_state_distance |            4.26 |
|                   Metric/h_lambda_diff_self |          0.0444 |
|                  Metric/h_lambda_diff_cross |          0.0326 |
|                                 Eval/Return |             858 |
-----------------------------------------------------------------
-----------------------------------------------------------------
|                                 Train/Steps |        7.76e+05 |
|                            Loss/Loss_critic |           0.111 |
|                             Loss/Loss_actor |           -73.8 |
|                             Loss/Loss_alpha |        0.000607 |
|               Loss/Loss_state_action_metric |            10.2 |
|                      Loss/Loss_state_metric |            2.81 |
|             Loss/Loss_state_action_to_state |         0.00196 |
|                           Loss/Act_rep_loss |         0.00477 |
|                                   SAC/Alpha |          0.0355 |
|                              SAC/LogPi_mean |           0.548 |
|                                 SAC/Q1_mean |            73.8 |
|                                 SAC/Q2_mean |            73.8 |
|                            Norm/actor_model |            93.4 |
|                           Norm/critic_model |             156 |
|              Norm/state_action_metric_model |            52.2 |
|                     Norm/state_metric_model |            46.8 |
|        Norm/state_action_state_metric_model |            45.7 |
|                  Metric/self_state_distance |         0.00998 |
|                 Metric/cross_state_distance |            3.61 |
|           Metric/self_state_action_distance |           0.023 |
|          Metric/cross_state_action_distance |            4.14 |
|             Metric/avg_self_state_asymmetry |               0 |
|            Metric/avg_cross_state_asymmetry |          0.0277 |
|                Metric/avg_self_sa_asymmetry |               0 |
|               Metric/avg_cross_sa_asymmetry |          0.0195 |
|  Metric/self_state_action_to_state_distance |          0.0107 |
| Metric/cross_state_action_to_state_distance |            4.15 |
|                   Metric/h_lambda_diff_self |          0.0129 |
|                  Metric/h_lambda_diff_cross |           0.035 |
|                                 Eval/Return |             861 |
-----------------------------------------------------------------
-----------------------------------------------------------------
|                                 Train/Steps |        9.04e+05 |
|                            Loss/Loss_critic |          0.0714 |
|                             Loss/Loss_actor |           -77.4 |
|                             Loss/Loss_alpha |         0.00173 |
|               Loss/Loss_state_action_metric |            10.7 |
|                      Loss/Loss_state_metric |            2.75 |
|             Loss/Loss_state_action_to_state |          0.0028 |
|                           Loss/Act_rep_loss |         0.00365 |
|                                   SAC/Alpha |           0.032 |
|                              SAC/LogPi_mean |           0.414 |
|                                 SAC/Q1_mean |            77.4 |
|                                 SAC/Q2_mean |            77.4 |
|                            Norm/actor_model |            99.4 |
|                           Norm/critic_model |             162 |
|              Norm/state_action_metric_model |            55.9 |
|                     Norm/state_metric_model |            49.5 |
|        Norm/state_action_state_metric_model |              49 |
|                  Metric/self_state_distance |           0.014 |
|                 Metric/cross_state_distance |            3.52 |
|           Metric/self_state_action_distance |          0.0225 |
|          Metric/cross_state_action_distance |            4.08 |
|             Metric/avg_self_state_asymmetry |               0 |
|            Metric/avg_cross_state_asymmetry |          0.0183 |
|                Metric/avg_self_sa_asymmetry |               0 |
|               Metric/avg_cross_sa_asymmetry |          0.0174 |
|  Metric/self_state_action_to_state_distance |          0.0068 |
| Metric/cross_state_action_to_state_distance |            4.07 |
|                   Metric/h_lambda_diff_self |          0.0159 |
|                  Metric/h_lambda_diff_cross |          0.0274 |
|                                 Eval/Return |             861 |
-----------------------------------------------------------------
-----------------------------------------------------------------
|                                 Train/Steps |        1.03e+06 |
|                            Loss/Loss_critic |          0.0691 |
|                             Loss/Loss_actor |           -78.6 |
|                             Loss/Loss_alpha |        -0.00269 |
|               Loss/Loss_state_action_metric |            9.27 |
|                      Loss/Loss_state_metric |            2.31 |
|             Loss/Loss_state_action_to_state |         0.00211 |
|                           Loss/Act_rep_loss |          0.0115 |
|                                   SAC/Alpha |          0.0305 |
|                              SAC/LogPi_mean |           0.554 |
|                                 SAC/Q1_mean |            78.5 |
|                                 SAC/Q2_mean |            78.6 |
|                            Norm/actor_model |             105 |
|                           Norm/critic_model |             167 |
|              Norm/state_action_metric_model |            59.5 |
|                     Norm/state_metric_model |            52.1 |
|        Norm/state_action_state_metric_model |            51.9 |
|                  Metric/self_state_distance |          0.0107 |
|                 Metric/cross_state_distance |            3.16 |
|           Metric/self_state_action_distance |          0.0216 |
|          Metric/cross_state_action_distance |            3.63 |
|             Metric/avg_self_state_asymmetry |               0 |
|            Metric/avg_cross_state_asymmetry |          0.0395 |
|                Metric/avg_self_sa_asymmetry |               0 |
|               Metric/avg_cross_sa_asymmetry |          0.0274 |
|  Metric/self_state_action_to_state_distance |         0.00586 |
| Metric/cross_state_action_to_state_distance |            3.63 |
|                   Metric/h_lambda_diff_self |           0.016 |
|                  Metric/h_lambda_diff_cross |          0.0361 |
|                                 Eval/Return |             857 |
-----------------------------------------------------------------
[32mSaving model …[0m
[32mDone.[0m
[32mSaving model …[0m
[32mDone.[0m
-----------------------------------------------------------------
|                                 Train/Steps |        1.16e+06 |
|                            Loss/Loss_critic |          0.0929 |
|                             Loss/Loss_actor |           -80.9 |
|                             Loss/Loss_alpha |       -0.000892 |
|               Loss/Loss_state_action_metric |            8.94 |
|                      Loss/Loss_state_metric |            2.41 |
|             Loss/Loss_state_action_to_state |         0.00184 |
|                           Loss/Act_rep_loss |         0.00396 |
|                                   SAC/Alpha |           0.027 |
|                              SAC/LogPi_mean |           0.531 |
|                                 SAC/Q1_mean |              81 |
|                                 SAC/Q2_mean |            80.9 |
|                            Norm/actor_model |             109 |
|                           Norm/critic_model |             172 |
|              Norm/state_action_metric_model |              63 |
|                     Norm/state_metric_model |            54.5 |
|        Norm/state_action_state_metric_model |            55.1 |
|                  Metric/self_state_distance |          0.0143 |
|                 Metric/cross_state_distance |            3.27 |
|           Metric/self_state_action_distance |          0.0194 |
|          Metric/cross_state_action_distance |            3.76 |
|             Metric/avg_self_state_asymmetry |               0 |
|            Metric/avg_cross_state_asymmetry |          0.0267 |
|                Metric/avg_self_sa_asymmetry |               0 |
|               Metric/avg_cross_sa_asymmetry |           0.018 |
|  Metric/self_state_action_to_state_distance |           0.005 |
| Metric/cross_state_action_to_state_distance |            3.75 |
|                   Metric/h_lambda_diff_self |          0.0144 |
|                  Metric/h_lambda_diff_cross |          0.0362 |
|                                 Eval/Return |             860 |
-----------------------------------------------------------------
-----------------------------------------------------------------
|                                 Train/Steps |        1.29e+06 |
|                            Loss/Loss_critic |          0.0621 |
|                             Loss/Loss_actor |             -81 |
|                             Loss/Loss_alpha |        0.000496 |
|               Loss/Loss_state_action_metric |            8.96 |
|                      Loss/Loss_state_metric |            2.57 |
|             Loss/Loss_state_action_to_state |         0.00168 |
|                           Loss/Act_rep_loss |          0.0167 |
|                                   SAC/Alpha |          0.0238 |
|                              SAC/LogPi_mean |           0.481 |
|                                 SAC/Q1_mean |              81 |
|                                 SAC/Q2_mean |              81 |
|                            Norm/actor_model |             114 |
|                           Norm/critic_model |             177 |
|              Norm/state_action_metric_model |            66.3 |
|                     Norm/state_metric_model |            56.8 |
|        Norm/state_action_state_metric_model |            58.4 |
|                  Metric/self_state_distance |         0.00691 |
|                 Metric/cross_state_distance |            3.34 |
|           Metric/self_state_action_distance |           0.019 |
|          Metric/cross_state_action_distance |            3.81 |
|             Metric/avg_self_state_asymmetry |               0 |
|            Metric/avg_cross_state_asymmetry |          0.0246 |
|                Metric/avg_self_sa_asymmetry |               0 |
|               Metric/avg_cross_sa_asymmetry |          0.0216 |
|  Metric/self_state_action_to_state_distance |         0.00819 |
| Metric/cross_state_action_to_state_distance |            3.83 |
|                   Metric/h_lambda_diff_self |          0.0113 |
|                  Metric/h_lambda_diff_cross |          0.0359 |
|                                 Eval/Return |             864 |
-----------------------------------------------------------------
-----------------------------------------------------------------
|                                 Train/Steps |        1.42e+06 |
|                            Loss/Loss_critic |          0.0596 |
|                             Loss/Loss_actor |           -83.3 |
|                             Loss/Loss_alpha |          0.0015 |
|               Loss/Loss_state_action_metric |            8.58 |
|                      Loss/Loss_state_metric |            2.43 |
|             Loss/Loss_state_action_to_state |         0.00148 |
|                           Loss/Act_rep_loss |         0.00248 |
|                                   SAC/Alpha |          0.0237 |
|                              SAC/LogPi_mean |           0.426 |
|                                 SAC/Q1_mean |            83.3 |
|                                 SAC/Q2_mean |            83.2 |
|                            Norm/actor_model |             118 |
|                           Norm/critic_model |             181 |
|              Norm/state_action_metric_model |            69.5 |
|                     Norm/state_metric_model |            59.1 |
|        Norm/state_action_state_metric_model |            61.2 |
|                  Metric/self_state_distance |          0.0116 |
|                 Metric/cross_state_distance |             3.2 |
|           Metric/self_state_action_distance |          0.0166 |
|          Metric/cross_state_action_distance |            3.68 |
|             Metric/avg_self_state_asymmetry |               0 |
|            Metric/avg_cross_state_asymmetry |          0.0217 |
|                Metric/avg_self_sa_asymmetry |               0 |
|               Metric/avg_cross_sa_asymmetry |          0.0154 |
|  Metric/self_state_action_to_state_distance |          0.0048 |
| Metric/cross_state_action_to_state_distance |            3.64 |
|                   Metric/h_lambda_diff_self |           0.012 |
|                  Metric/h_lambda_diff_cross |          0.0477 |
|                                 Eval/Return |             863 |
-----------------------------------------------------------------
-----------------------------------------------------------------
|                                 Train/Steps |        1.54e+06 |
|                            Loss/Loss_critic |          0.0615 |
|                             Loss/Loss_actor |           -82.7 |
|                             Loss/Loss_alpha |        -0.00249 |
|               Loss/Loss_state_action_metric |            10.5 |
|                      Loss/Loss_state_metric |            2.38 |
|             Loss/Loss_state_action_to_state |         0.00143 |
|                           Loss/Act_rep_loss |         0.00518 |
|                                   SAC/Alpha |           0.023 |
|                              SAC/LogPi_mean |           0.652 |
|                                 SAC/Q1_mean |            82.6 |
|                                 SAC/Q2_mean |            82.7 |
|                            Norm/actor_model |             121 |
|                           Norm/critic_model |             186 |
|              Norm/state_action_metric_model |            72.7 |
|                     Norm/state_metric_model |            61.4 |
|        Norm/state_action_state_metric_model |            64.3 |
|                  Metric/self_state_distance |         0.00996 |
|                 Metric/cross_state_distance |             3.2 |
|           Metric/self_state_action_distance |          0.0186 |
|          Metric/cross_state_action_distance |            3.64 |
|             Metric/avg_self_state_asymmetry |               0 |
|            Metric/avg_cross_state_asymmetry |          0.0283 |
|                Metric/avg_self_sa_asymmetry |               0 |
|               Metric/avg_cross_sa_asymmetry |          0.0207 |
|  Metric/self_state_action_to_state_distance |         0.00651 |
| Metric/cross_state_action_to_state_distance |            3.61 |
|                   Metric/h_lambda_diff_self |          0.0137 |
|                  Metric/h_lambda_diff_cross |          0.0353 |
|                                 Eval/Return |             864 |
-----------------------------------------------------------------
-----------------------------------------------------------------
|                                 Train/Steps |        1.67e+06 |
|                            Loss/Loss_critic |          0.0976 |
|                             Loss/Loss_actor |           -84.4 |
|                             Loss/Loss_alpha |         0.00143 |
|               Loss/Loss_state_action_metric |            8.77 |
|                      Loss/Loss_state_metric |            2.33 |
|             Loss/Loss_state_action_to_state |         0.00156 |
|                           Loss/Act_rep_loss |          0.0143 |
|                                   SAC/Alpha |          0.0212 |
|                              SAC/LogPi_mean |           0.491 |
|                                 SAC/Q1_mean |            84.4 |
|                                 SAC/Q2_mean |            84.4 |
|                            Norm/actor_model |             125 |
|                           Norm/critic_model |             190 |
|              Norm/state_action_metric_model |            75.7 |
|                     Norm/state_metric_model |            63.7 |
|        Norm/state_action_state_metric_model |            67.4 |
|                  Metric/self_state_distance |         0.00685 |
|                 Metric/cross_state_distance |            3.13 |
|           Metric/self_state_action_distance |          0.0115 |
|          Metric/cross_state_action_distance |            3.55 |
|             Metric/avg_self_state_asymmetry |               0 |
|            Metric/avg_cross_state_asymmetry |           0.016 |
|                Metric/avg_self_sa_asymmetry |               0 |
|               Metric/avg_cross_sa_asymmetry |          0.0174 |
|  Metric/self_state_action_to_state_distance |         0.00481 |
| Metric/cross_state_action_to_state_distance |            3.55 |
|                   Metric/h_lambda_diff_self |          0.0077 |
|                  Metric/h_lambda_diff_cross |          0.0275 |
|                                 Eval/Return |             864 |
-----------------------------------------------------------------
-----------------------------------------------------------------
|                                 Train/Steps |         1.8e+06 |
|                            Loss/Loss_critic |          0.0432 |
|                             Loss/Loss_actor |           -83.9 |
|                             Loss/Loss_alpha |        0.000541 |
|               Loss/Loss_state_action_metric |            8.15 |
|                      Loss/Loss_state_metric |            2.19 |
|             Loss/Loss_state_action_to_state |         0.00131 |
|                           Loss/Act_rep_loss |         0.00898 |
|                                   SAC/Alpha |          0.0211 |
|                              SAC/LogPi_mean |           0.564 |
|                                 SAC/Q1_mean |            83.9 |
|                                 SAC/Q2_mean |            83.9 |
|                            Norm/actor_model |             128 |
|                           Norm/critic_model |             194 |
|              Norm/state_action_metric_model |            78.8 |
|                     Norm/state_metric_model |            65.9 |
|        Norm/state_action_state_metric_model |            70.5 |
|                  Metric/self_state_distance |         0.00641 |
|                 Metric/cross_state_distance |            2.98 |
|           Metric/self_state_action_distance |          0.0144 |
|          Metric/cross_state_action_distance |            3.37 |
|             Metric/avg_self_state_asymmetry |               0 |
|            Metric/avg_cross_state_asymmetry |          0.0149 |
|                Metric/avg_self_sa_asymmetry |               0 |
|               Metric/avg_cross_sa_asymmetry |          0.0152 |
|  Metric/self_state_action_to_state_distance |         0.00446 |
| Metric/cross_state_action_to_state_distance |            3.36 |
|                   Metric/h_lambda_diff_self |          0.0101 |
|                  Metric/h_lambda_diff_cross |          0.0295 |
|                                 Eval/Return |             861 |
-----------------------------------------------------------------
-----------------------------------------------------------------
|                                 Train/Steps |        1.93e+06 |
|                            Loss/Loss_critic |          0.0582 |
|                             Loss/Loss_actor |           -85.6 |
|                             Loss/Loss_alpha |        0.000482 |
|               Loss/Loss_state_action_metric |            9.28 |
|                      Loss/Loss_state_metric |            2.33 |
|             Loss/Loss_state_action_to_state |         0.00102 |
|                           Loss/Act_rep_loss |         0.00215 |
|                                   SAC/Alpha |          0.0201 |
|                              SAC/LogPi_mean |           0.584 |
|                                 SAC/Q1_mean |            85.6 |
|                                 SAC/Q2_mean |            85.5 |
|                            Norm/actor_model |             131 |
|                           Norm/critic_model |             198 |
|              Norm/state_action_metric_model |            81.6 |
|                     Norm/state_metric_model |            68.1 |
|        Norm/state_action_state_metric_model |            73.8 |
|                  Metric/self_state_distance |         0.00707 |
|                 Metric/cross_state_distance |            3.09 |
|           Metric/self_state_action_distance |          0.0116 |
|          Metric/cross_state_action_distance |            3.49 |
|             Metric/avg_self_state_asymmetry |               0 |
|            Metric/avg_cross_state_asymmetry |          0.0254 |
|                Metric/avg_self_sa_asymmetry |               0 |
|               Metric/avg_cross_sa_asymmetry |          0.0125 |
|  Metric/self_state_action_to_state_distance |         0.00294 |
| Metric/cross_state_action_to_state_distance |            3.47 |
|                   Metric/h_lambda_diff_self |         0.00882 |
|                  Metric/h_lambda_diff_cross |          0.0358 |
|                                 Eval/Return |             865 |
-----------------------------------------------------------------
-----------------------------------------------------------------
|                                 Train/Steps |        2.06e+06 |
|                            Loss/Loss_critic |          0.0487 |
|                             Loss/Loss_actor |           -85.7 |
|                             Loss/Loss_alpha |       -0.000816 |
|               Loss/Loss_state_action_metric |            9.77 |
|                      Loss/Loss_state_metric |            2.37 |
|             Loss/Loss_state_action_to_state |         0.00154 |
|                           Loss/Act_rep_loss |          0.0136 |
|                                   SAC/Alpha |          0.0195 |
|                              SAC/LogPi_mean |           0.546 |
|                                 SAC/Q1_mean |            85.7 |
|                                 SAC/Q2_mean |            85.7 |
|                            Norm/actor_model |             134 |
|                           Norm/critic_model |             202 |
|              Norm/state_action_metric_model |            84.4 |
|                     Norm/state_metric_model |            70.4 |
|        Norm/state_action_state_metric_model |            77.5 |
|                  Metric/self_state_distance |          0.0148 |
|                 Metric/cross_state_distance |            3.16 |
|           Metric/self_state_action_distance |          0.0239 |
|          Metric/cross_state_action_distance |            3.55 |
|             Metric/avg_self_state_asymmetry |               0 |
|            Metric/avg_cross_state_asymmetry |          0.0322 |
|                Metric/avg_self_sa_asymmetry |               0 |
|               Metric/avg_cross_sa_asymmetry |          0.0225 |
|  Metric/self_state_action_to_state_distance |         0.00416 |
| Metric/cross_state_action_to_state_distance |            3.55 |
|                   Metric/h_lambda_diff_self |          0.0199 |
|                  Metric/h_lambda_diff_cross |          0.0278 |
|                                 Eval/Return |             860 |
-----------------------------------------------------------------
[32mSaving model …[0m
[32mDone.[0m
[32mSaving model …[0m
[32mDone.[0m
-----------------------------------------------------------------
|                                 Train/Steps |        2.18e+06 |
|                            Loss/Loss_critic |          0.0854 |
|                             Loss/Loss_actor |           -86.6 |
|                             Loss/Loss_alpha |        -0.00132 |
|               Loss/Loss_state_action_metric |            8.36 |
|                      Loss/Loss_state_metric |            2.05 |
|             Loss/Loss_state_action_to_state |         0.00149 |
|                           Loss/Act_rep_loss |          0.0204 |
|                                   SAC/Alpha |          0.0191 |
|                              SAC/LogPi_mean |           0.585 |
|                                 SAC/Q1_mean |            86.5 |
|                                 SAC/Q2_mean |            86.6 |
|                            Norm/actor_model |             136 |
|                           Norm/critic_model |             206 |
|              Norm/state_action_metric_model |            86.9 |
|                     Norm/state_metric_model |            72.7 |
|        Norm/state_action_state_metric_model |            80.6 |
|                  Metric/self_state_distance |         0.00732 |
|                 Metric/cross_state_distance |             2.9 |
|           Metric/self_state_action_distance |          0.0132 |
|          Metric/cross_state_action_distance |            3.21 |
|             Metric/avg_self_state_asymmetry |               0 |
|            Metric/avg_cross_state_asymmetry |          0.0202 |
|                Metric/avg_self_sa_asymmetry |               0 |
|               Metric/avg_cross_sa_asymmetry |          0.0276 |
|  Metric/self_state_action_to_state_distance |         0.00437 |
| Metric/cross_state_action_to_state_distance |             3.2 |
|                   Metric/h_lambda_diff_self |         0.00952 |
|                  Metric/h_lambda_diff_cross |          0.0226 |
|                                 Eval/Return |             863 |
-----------------------------------------------------------------
-----------------------------------------------------------------
|                                 Train/Steps |        2.31e+06 |
|                            Loss/Loss_critic |          0.0274 |
|                             Loss/Loss_actor |           -86.6 |
|                             Loss/Loss_alpha |         0.00123 |
|               Loss/Loss_state_action_metric |            8.47 |
|                      Loss/Loss_state_metric |            2.24 |
|             Loss/Loss_state_action_to_state |         0.00117 |
|                           Loss/Act_rep_loss |          0.0305 |
|                                   SAC/Alpha |          0.0175 |
|                              SAC/LogPi_mean |           0.466 |
|                                 SAC/Q1_mean |            86.7 |
|                                 SAC/Q2_mean |            86.6 |
|                            Norm/actor_model |             139 |
|                           Norm/critic_model |             210 |
|              Norm/state_action_metric_model |            89.3 |
|                     Norm/state_metric_model |            74.9 |
|        Norm/state_action_state_metric_model |            83.6 |
|                  Metric/self_state_distance |           0.014 |
|                 Metric/cross_state_distance |            2.92 |
|           Metric/self_state_action_distance |          0.0101 |
|          Metric/cross_state_action_distance |            3.39 |
|             Metric/avg_self_state_asymmetry |               0 |
|            Metric/avg_cross_state_asymmetry |          0.0155 |
|                Metric/avg_self_sa_asymmetry |               0 |
|               Metric/avg_cross_sa_asymmetry |          0.0133 |
|  Metric/self_state_action_to_state_distance |         0.00565 |
| Metric/cross_state_action_to_state_distance |             3.4 |
|                   Metric/h_lambda_diff_self |         0.00636 |
|                  Metric/h_lambda_diff_cross |          0.0202 |
|                                 Eval/Return |             864 |
-----------------------------------------------------------------
-----------------------------------------------------------------
|                                 Train/Steps |        2.44e+06 |
|                            Loss/Loss_critic |          0.0432 |
|                             Loss/Loss_actor |           -87.5 |
|                             Loss/Loss_alpha |       -4.56e-06 |
|               Loss/Loss_state_action_metric |             8.4 |
|                      Loss/Loss_state_metric |               2 |
|             Loss/Loss_state_action_to_state |         0.00138 |
|                           Loss/Act_rep_loss |          0.0168 |
|                                   SAC/Alpha |          0.0179 |
|                              SAC/LogPi_mean |           0.461 |
|                                 SAC/Q1_mean |            87.5 |
|                                 SAC/Q2_mean |            87.6 |
|                            Norm/actor_model |             142 |
|                           Norm/critic_model |             213 |
|              Norm/state_action_metric_model |            91.8 |
|                     Norm/state_metric_model |            76.6 |
|        Norm/state_action_state_metric_model |            87.2 |
|                  Metric/self_state_distance |         0.00558 |
|                 Metric/cross_state_distance |            2.81 |
|           Metric/self_state_action_distance |         0.00987 |
|          Metric/cross_state_action_distance |            3.19 |
|             Metric/avg_self_state_asymmetry |               0 |
|            Metric/avg_cross_state_asymmetry |          0.0199 |
|                Metric/avg_self_sa_asymmetry |               0 |
|               Metric/avg_cross_sa_asymmetry |          0.0146 |
|  Metric/self_state_action_to_state_distance |          0.0102 |
| Metric/cross_state_action_to_state_distance |             3.2 |
|                   Metric/h_lambda_diff_self |         0.00894 |
|                  Metric/h_lambda_diff_cross |          0.0213 |
|                                 Eval/Return |             861 |
-----------------------------------------------------------------
-----------------------------------------------------------------
|                                 Train/Steps |        2.57e+06 |
|                            Loss/Loss_critic |          0.0184 |
|                             Loss/Loss_actor |             -88 |
|                             Loss/Loss_alpha |         0.00179 |
|               Loss/Loss_state_action_metric |            7.35 |
|                      Loss/Loss_state_metric |            2.02 |
|             Loss/Loss_state_action_to_state |         0.00104 |
|                           Loss/Act_rep_loss |          0.0162 |
|                                   SAC/Alpha |           0.018 |
|                              SAC/LogPi_mean |           0.351 |
|                                 SAC/Q1_mean |              88 |
|                                 SAC/Q2_mean |              88 |
|                            Norm/actor_model |             145 |
|                           Norm/critic_model |             217 |
|              Norm/state_action_metric_model |            94.4 |
|                     Norm/state_metric_model |            78.7 |
|        Norm/state_action_state_metric_model |              90 |
|                  Metric/self_state_distance |         0.00595 |
|                 Metric/cross_state_distance |             2.8 |
|           Metric/self_state_action_distance |         0.00753 |
|          Metric/cross_state_action_distance |            3.15 |
|             Metric/avg_self_state_asymmetry |               0 |
|            Metric/avg_cross_state_asymmetry |          0.0163 |
|                Metric/avg_self_sa_asymmetry |               0 |
|               Metric/avg_cross_sa_asymmetry |          0.0119 |
|  Metric/self_state_action_to_state_distance |         0.00221 |
| Metric/cross_state_action_to_state_distance |            3.16 |
|                   Metric/h_lambda_diff_self |         0.00547 |
|                  Metric/h_lambda_diff_cross |          0.0225 |
|                                 Eval/Return |             865 |
-----------------------------------------------------------------
-----------------------------------------------------------------
|                                 Train/Steps |         2.7e+06 |
|                            Loss/Loss_critic |          0.0319 |
|                             Loss/Loss_actor |           -89.5 |
|                             Loss/Loss_alpha |         0.00113 |
|               Loss/Loss_state_action_metric |            7.02 |
|                      Loss/Loss_state_metric |            1.84 |
|             Loss/Loss_state_action_to_state |        0.000905 |
|                           Loss/Act_rep_loss |        0.000949 |
|                                   SAC/Alpha |          0.0176 |
|                              SAC/LogPi_mean |           0.467 |
|                                 SAC/Q1_mean |            89.6 |
|                                 SAC/Q2_mean |            89.5 |
|                            Norm/actor_model |             147 |
|                           Norm/critic_model |             221 |
|              Norm/state_action_metric_model |            96.8 |
|                     Norm/state_metric_model |            80.7 |
|        Norm/state_action_state_metric_model |              93 |
|                  Metric/self_state_distance |         0.00736 |
|                 Metric/cross_state_distance |            2.66 |
|           Metric/self_state_action_distance |          0.0106 |
|          Metric/cross_state_action_distance |            3.02 |
|             Metric/avg_self_state_asymmetry |               0 |
|            Metric/avg_cross_state_asymmetry |          0.0161 |
|                Metric/avg_self_sa_asymmetry |               0 |
|               Metric/avg_cross_sa_asymmetry |          0.0181 |
|  Metric/self_state_action_to_state_distance |         0.00566 |
| Metric/cross_state_action_to_state_distance |            3.01 |
|                   Metric/h_lambda_diff_self |         0.00715 |
|                  Metric/h_lambda_diff_cross |          0.0258 |
|                                 Eval/Return |             865 |
-----------------------------------------------------------------
-----------------------------------------------------------------
|                                 Train/Steps |        2.82e+06 |
|                            Loss/Loss_critic |          0.0257 |
|                             Loss/Loss_actor |           -87.3 |
|                             Loss/Loss_alpha |         -0.0018 |
|               Loss/Loss_state_action_metric |            8.65 |
|                      Loss/Loss_state_metric |            2.18 |
|             Loss/Loss_state_action_to_state |         0.00112 |
|                           Loss/Act_rep_loss |         0.00352 |
|                                   SAC/Alpha |          0.0176 |
|                              SAC/LogPi_mean |            0.56 |
|                                 SAC/Q1_mean |            87.2 |
|                                 SAC/Q2_mean |            87.3 |
|                            Norm/actor_model |             150 |
|                           Norm/critic_model |             224 |
|              Norm/state_action_metric_model |              99 |
|                     Norm/state_metric_model |            82.7 |
|        Norm/state_action_state_metric_model |            95.6 |
|                  Metric/self_state_distance |         0.00547 |
|                 Metric/cross_state_distance |            2.95 |
|           Metric/self_state_action_distance |          0.0138 |
|          Metric/cross_state_action_distance |             3.3 |
|             Metric/avg_self_state_asymmetry |               0 |
|            Metric/avg_cross_state_asymmetry |          0.0183 |
|                Metric/avg_self_sa_asymmetry |               0 |
|               Metric/avg_cross_sa_asymmetry |          0.0128 |
|  Metric/self_state_action_to_state_distance |          0.0063 |
| Metric/cross_state_action_to_state_distance |             3.3 |
|                   Metric/h_lambda_diff_self |         0.00963 |
|                  Metric/h_lambda_diff_cross |          0.0194 |
|                                 Eval/Return |             865 |
-----------------------------------------------------------------
-----------------------------------------------------------------
|                                 Train/Steps |        2.95e+06 |
|                            Loss/Loss_critic |          0.0155 |
|                             Loss/Loss_actor |           -87.8 |
|                             Loss/Loss_alpha |        0.000955 |
|               Loss/Loss_state_action_metric |            9.26 |
|                      Loss/Loss_state_metric |            2.11 |
|             Loss/Loss_state_action_to_state |         0.00102 |
|                           Loss/Act_rep_loss |          0.0036 |
|                                   SAC/Alpha |          0.0171 |
|                              SAC/LogPi_mean |           0.469 |
|                                 SAC/Q1_mean |            87.8 |
|                                 SAC/Q2_mean |            87.8 |
|                            Norm/actor_model |             152 |
|                           Norm/critic_model |             228 |
|              Norm/state_action_metric_model |             101 |
|                     Norm/state_metric_model |            84.7 |
|        Norm/state_action_state_metric_model |            98.4 |
|                  Metric/self_state_distance |         0.00606 |
|                 Metric/cross_state_distance |            2.91 |
|           Metric/self_state_action_distance |         0.00607 |
|          Metric/cross_state_action_distance |            3.24 |
|             Metric/avg_self_state_asymmetry |               0 |
|            Metric/avg_cross_state_asymmetry |           0.016 |
|                Metric/avg_self_sa_asymmetry |               0 |
|               Metric/avg_cross_sa_asymmetry |          0.0133 |
|  Metric/self_state_action_to_state_distance |         0.00418 |
| Metric/cross_state_action_to_state_distance |            3.25 |
|                   Metric/h_lambda_diff_self |         0.00414 |
|                  Metric/h_lambda_diff_cross |          0.0197 |
|                                 Eval/Return |             864 |
-----------------------------------------------------------------
-----------------------------------------------------------------
|                                 Train/Steps |        3.08e+06 |
|                            Loss/Loss_critic |          0.0375 |
|                             Loss/Loss_actor |           -89.2 |
|                             Loss/Loss_alpha |        -0.00022 |
|               Loss/Loss_state_action_metric |            8.24 |
|                      Loss/Loss_state_metric |            1.74 |
|             Loss/Loss_state_action_to_state |         0.00131 |
|                           Loss/Act_rep_loss |          0.0949 |
|                                   SAC/Alpha |          0.0174 |
|                              SAC/LogPi_mean |           0.536 |
|                                 SAC/Q1_mean |            89.2 |
|                                 SAC/Q2_mean |            89.1 |
|                            Norm/actor_model |             154 |
|                           Norm/critic_model |             230 |
|              Norm/state_action_metric_model |             104 |
|                     Norm/state_metric_model |              87 |
|        Norm/state_action_state_metric_model |             101 |
|                  Metric/self_state_distance |           0.233 |
|                 Metric/cross_state_distance |            2.49 |
|           Metric/self_state_action_distance |         0.00737 |
|          Metric/cross_state_action_distance |            3.08 |
|             Metric/avg_self_state_asymmetry |               0 |
|            Metric/avg_cross_state_asymmetry |          0.0838 |
|                Metric/avg_self_sa_asymmetry |               0 |
|               Metric/avg_cross_sa_asymmetry |           0.018 |
|  Metric/self_state_action_to_state_distance |         0.00363 |
| Metric/cross_state_action_to_state_distance |            3.06 |
|                   Metric/h_lambda_diff_self |          0.0061 |
|                  Metric/h_lambda_diff_cross |          0.0197 |
|                                 Eval/Return |             865 |
-----------------------------------------------------------------
[32mSaving model …[0m
[32mDone.[0m
[32mSaving model …[0m
[32mDone.[0m
-----------------------------------------------------------------
|                                 Train/Steps |        3.21e+06 |
|                            Loss/Loss_critic |           0.135 |
|                             Loss/Loss_actor |           -87.3 |
|                             Loss/Loss_alpha |        -0.00108 |
|               Loss/Loss_state_action_metric |            8.47 |
|                      Loss/Loss_state_metric |            2.24 |
|             Loss/Loss_state_action_to_state |         0.00111 |
|                           Loss/Act_rep_loss |         0.00698 |
|                                   SAC/Alpha |          0.0171 |
|                              SAC/LogPi_mean |           0.473 |
|                                 SAC/Q1_mean |            87.3 |
|                                 SAC/Q2_mean |            87.3 |
|                            Norm/actor_model |             157 |
|                           Norm/critic_model |             234 |
|              Norm/state_action_metric_model |             106 |
|                     Norm/state_metric_model |            89.2 |
|        Norm/state_action_state_metric_model |             104 |
|                  Metric/self_state_distance |         0.00687 |
|                 Metric/cross_state_distance |            3.02 |
|           Metric/self_state_action_distance |         0.00876 |
|          Metric/cross_state_action_distance |            3.39 |
|             Metric/avg_self_state_asymmetry |               0 |
|            Metric/avg_cross_state_asymmetry |          0.0252 |
|                Metric/avg_self_sa_asymmetry |               0 |
|               Metric/avg_cross_sa_asymmetry |          0.0139 |
|  Metric/self_state_action_to_state_distance |         0.00678 |
| Metric/cross_state_action_to_state_distance |            3.39 |
|                   Metric/h_lambda_diff_self |         0.00756 |
|                  Metric/h_lambda_diff_cross |           0.021 |
|                                 Eval/Return |             865 |
-----------------------------------------------------------------
-----------------------------------------------------------------
|                                 Train/Steps |        3.34e+06 |
|                            Loss/Loss_critic |          0.0311 |
|                             Loss/Loss_actor |           -87.6 |
|                             Loss/Loss_alpha |        -0.00113 |
|               Loss/Loss_state_action_metric |            9.72 |
|                      Loss/Loss_state_metric |            2.24 |
|             Loss/Loss_state_action_to_state |         0.00137 |
|                           Loss/Act_rep_loss |         0.00552 |
|                                   SAC/Alpha |          0.0172 |
|                              SAC/LogPi_mean |           0.535 |
|                                 SAC/Q1_mean |            87.6 |
|                                 SAC/Q2_mean |            87.5 |
|                            Norm/actor_model |             159 |
|                           Norm/critic_model |             237 |
|              Norm/state_action_metric_model |             107 |
|                     Norm/state_metric_model |            91.6 |
|        Norm/state_action_state_metric_model |             107 |
|                  Metric/self_state_distance |         0.00652 |
|                 Metric/cross_state_distance |            2.97 |
|           Metric/self_state_action_distance |          0.0107 |
|          Metric/cross_state_action_distance |            3.34 |
|             Metric/avg_self_state_asymmetry |               0 |
|            Metric/avg_cross_state_asymmetry |          0.0108 |
|                Metric/avg_self_sa_asymmetry |               0 |
|               Metric/avg_cross_sa_asymmetry |          0.0121 |
|  Metric/self_state_action_to_state_distance |          0.0019 |
| Metric/cross_state_action_to_state_distance |            3.34 |
|                   Metric/h_lambda_diff_self |         0.00887 |
|                  Metric/h_lambda_diff_cross |          0.0188 |
|                                 Eval/Return |             866 |
-----------------------------------------------------------------
-----------------------------------------------------------------
|                                 Train/Steps |        3.46e+06 |
|                            Loss/Loss_critic |           0.025 |
|                             Loss/Loss_actor |             -89 |
|                             Loss/Loss_alpha |        0.000104 |
|               Loss/Loss_state_action_metric |            7.41 |
|                      Loss/Loss_state_metric |            1.86 |
|             Loss/Loss_state_action_to_state |           0.001 |
|                           Loss/Act_rep_loss |          0.0111 |
|                                   SAC/Alpha |          0.0163 |
|                              SAC/LogPi_mean |            0.43 |
|                                 SAC/Q1_mean |              89 |
|                                 SAC/Q2_mean |              89 |
|                            Norm/actor_model |             161 |
|                           Norm/critic_model |             240 |
|              Norm/state_action_metric_model |             109 |
|                     Norm/state_metric_model |            94.2 |
|        Norm/state_action_state_metric_model |             110 |
|                  Metric/self_state_distance |         0.00511 |
|                 Metric/cross_state_distance |            2.69 |
|           Metric/self_state_action_distance |          0.0141 |
|          Metric/cross_state_action_distance |            3.05 |
|             Metric/avg_self_state_asymmetry |               0 |
|            Metric/avg_cross_state_asymmetry |          0.0136 |
|                Metric/avg_self_sa_asymmetry |               0 |
|               Metric/avg_cross_sa_asymmetry |           0.018 |
|  Metric/self_state_action_to_state_distance |         0.00452 |
| Metric/cross_state_action_to_state_distance |            3.06 |
|                   Metric/h_lambda_diff_self |          0.0108 |
|                  Metric/h_lambda_diff_cross |          0.0324 |
|                                 Eval/Return |             866 |
-----------------------------------------------------------------
-----------------------------------------------------------------
|                                 Train/Steps |        3.59e+06 |
|                            Loss/Loss_critic |          0.0248 |
|                             Loss/Loss_actor |           -89.2 |
|                             Loss/Loss_alpha |        0.000754 |
|               Loss/Loss_state_action_metric |            7.33 |
|                      Loss/Loss_state_metric |            1.95 |
|             Loss/Loss_state_action_to_state |         0.00131 |
|                           Loss/Act_rep_loss |         0.00304 |
|                                   SAC/Alpha |          0.0166 |
|                              SAC/LogPi_mean |            0.53 |
|                                 SAC/Q1_mean |            89.2 |
|                                 SAC/Q2_mean |            89.3 |
|                            Norm/actor_model |             163 |
|                           Norm/critic_model |             243 |
|              Norm/state_action_metric_model |             111 |
|                     Norm/state_metric_model |            96.7 |
|        Norm/state_action_state_metric_model |             112 |
|                  Metric/self_state_distance |         0.00551 |
|                 Metric/cross_state_distance |            2.75 |
|           Metric/self_state_action_distance |         0.00896 |
|          Metric/cross_state_action_distance |            3.09 |
|             Metric/avg_self_state_asymmetry |               0 |
|            Metric/avg_cross_state_asymmetry |          0.0136 |
|                Metric/avg_self_sa_asymmetry |               0 |
|               Metric/avg_cross_sa_asymmetry |          0.0123 |
|  Metric/self_state_action_to_state_distance |         0.00369 |
| Metric/cross_state_action_to_state_distance |            3.08 |
|                   Metric/h_lambda_diff_self |         0.00636 |
|                  Metric/h_lambda_diff_cross |          0.0199 |
|                                 Eval/Return |             865 |
-----------------------------------------------------------------
-----------------------------------------------------------------
|                                 Train/Steps |        3.72e+06 |
|                            Loss/Loss_critic |          0.0347 |
|                             Loss/Loss_actor |             -89 |
|                             Loss/Loss_alpha |        0.000325 |
|               Loss/Loss_state_action_metric |            7.07 |
|                      Loss/Loss_state_metric |            1.94 |
|             Loss/Loss_state_action_to_state |        0.000901 |
|                           Loss/Act_rep_loss |         0.00642 |
|                                   SAC/Alpha |          0.0172 |
|                              SAC/LogPi_mean |           0.492 |
|                                 SAC/Q1_mean |              89 |
|                                 SAC/Q2_mean |              89 |
|                            Norm/actor_model |             165 |
|                           Norm/critic_model |             246 |
|              Norm/state_action_metric_model |             113 |
|                     Norm/state_metric_model |            99.3 |
|        Norm/state_action_state_metric_model |             115 |
|                  Metric/self_state_distance |         0.00748 |
|                 Metric/cross_state_distance |            2.76 |
|           Metric/self_state_action_distance |         0.00688 |
|          Metric/cross_state_action_distance |             3.1 |
|             Metric/avg_self_state_asymmetry |               0 |
|            Metric/avg_cross_state_asymmetry |          0.0166 |
|                Metric/avg_self_sa_asymmetry |               0 |
|               Metric/avg_cross_sa_asymmetry |          0.0165 |
|  Metric/self_state_action_to_state_distance |         0.00626 |
| Metric/cross_state_action_to_state_distance |            3.09 |
|                   Metric/h_lambda_diff_self |         0.00693 |
|                  Metric/h_lambda_diff_cross |          0.0257 |
|                                 Eval/Return |             866 |
-----------------------------------------------------------------
-----------------------------------------------------------------
|                                 Train/Steps |        3.85e+06 |
|                            Loss/Loss_critic |          0.0148 |
|                             Loss/Loss_actor |           -88.6 |
|                             Loss/Loss_alpha |        0.000376 |
|               Loss/Loss_state_action_metric |            6.77 |
|                      Loss/Loss_state_metric |             1.8 |
|             Loss/Loss_state_action_to_state |         0.00114 |
|                           Loss/Act_rep_loss |           0.011 |
|                                   SAC/Alpha |          0.0161 |
|                              SAC/LogPi_mean |           0.487 |
|                                 SAC/Q1_mean |            88.6 |
|                                 SAC/Q2_mean |            88.6 |
|                            Norm/actor_model |             166 |
|                           Norm/critic_model |             250 |
|              Norm/state_action_metric_model |             115 |
|                     Norm/state_metric_model |             102 |
|        Norm/state_action_state_metric_model |             118 |
|                  Metric/self_state_distance |         0.00494 |
|                 Metric/cross_state_distance |            2.66 |
|           Metric/self_state_action_distance |          0.0102 |
|          Metric/cross_state_action_distance |            2.94 |
|             Metric/avg_self_state_asymmetry |               0 |
|            Metric/avg_cross_state_asymmetry |          0.0156 |
|                Metric/avg_self_sa_asymmetry |               0 |
|               Metric/avg_cross_sa_asymmetry |          0.0184 |
|  Metric/self_state_action_to_state_distance |         0.00144 |
| Metric/cross_state_action_to_state_distance |            2.93 |
|                   Metric/h_lambda_diff_self |         0.00885 |
|                  Metric/h_lambda_diff_cross |          0.0242 |
|                                 Eval/Return |             865 |
-----------------------------------------------------------------
-----------------------------------------------------------------
|                                 Train/Steps |        3.98e+06 |
|                            Loss/Loss_critic |          0.0326 |
|                             Loss/Loss_actor |           -89.5 |
|                             Loss/Loss_alpha |        -0.00048 |
|               Loss/Loss_state_action_metric |               9 |
|                      Loss/Loss_state_metric |             2.1 |
|             Loss/Loss_state_action_to_state |        0.000883 |
|                           Loss/Act_rep_loss |         0.00487 |
|                                   SAC/Alpha |          0.0159 |
|                              SAC/LogPi_mean |           0.498 |
|                                 SAC/Q1_mean |            89.5 |
|                                 SAC/Q2_mean |            89.5 |
|                            Norm/actor_model |             168 |
|                           Norm/critic_model |             253 |
|              Norm/state_action_metric_model |             117 |
|                     Norm/state_metric_model |             104 |
|        Norm/state_action_state_metric_model |             120 |
|                  Metric/self_state_distance |         0.00559 |
|                 Metric/cross_state_distance |            2.83 |
|           Metric/self_state_action_distance |          0.0109 |
|          Metric/cross_state_action_distance |            3.16 |
|             Metric/avg_self_state_asymmetry |               0 |
|            Metric/avg_cross_state_asymmetry |          0.0109 |
|                Metric/avg_self_sa_asymmetry |               0 |
|               Metric/avg_cross_sa_asymmetry |          0.0194 |
|  Metric/self_state_action_to_state_distance |         0.00195 |
| Metric/cross_state_action_to_state_distance |            3.18 |
|                   Metric/h_lambda_diff_self |         0.00899 |
|                  Metric/h_lambda_diff_cross |          0.0246 |
|                                 Eval/Return |             866 |
-----------------------------------------------------------------
-----------------------------------------------------------------
|                                 Train/Steps |         4.1e+06 |
|                            Loss/Loss_critic |          0.0142 |
|                             Loss/Loss_actor |           -90.7 |
|                             Loss/Loss_alpha |       -2.82e-05 |
|               Loss/Loss_state_action_metric |            6.45 |
|                      Loss/Loss_state_metric |            1.65 |
|             Loss/Loss_state_action_to_state |         0.00144 |
|                           Loss/Act_rep_loss |         0.00208 |
|                                   SAC/Alpha |          0.0131 |
|                              SAC/LogPi_mean |           0.506 |
|                                 SAC/Q1_mean |            90.7 |
|                                 SAC/Q2_mean |            90.7 |
|                            Norm/actor_model |             170 |
|                           Norm/critic_model |             255 |
|              Norm/state_action_metric_model |             119 |
|                     Norm/state_metric_model |             106 |
|        Norm/state_action_state_metric_model |             123 |
|                  Metric/self_state_distance |         0.00597 |
|                 Metric/cross_state_distance |            2.53 |
|           Metric/self_state_action_distance |          0.0103 |
|          Metric/cross_state_action_distance |            2.81 |
|             Metric/avg_self_state_asymmetry |               0 |
|            Metric/avg_cross_state_asymmetry |         0.00998 |
|                Metric/avg_self_sa_asymmetry |               0 |
|               Metric/avg_cross_sa_asymmetry |           0.012 |
|  Metric/self_state_action_to_state_distance |         0.00454 |
| Metric/cross_state_action_to_state_distance |             2.8 |
|                   Metric/h_lambda_diff_self |         0.00928 |
|                  Metric/h_lambda_diff_cross |          0.0161 |
|                                 Eval/Return |             866 |
-----------------------------------------------------------------
[32mSaving model …[0m
[32mDone.[0m
[32mSaving model …[0m
[32mDone.[0m
-----------------------------------------------------------------
|                                 Train/Steps |        4.23e+06 |
|                            Loss/Loss_critic |         0.00109 |
|                             Loss/Loss_actor |           -90.2 |
|                             Loss/Loss_alpha |       -0.000537 |
|               Loss/Loss_state_action_metric |            9.64 |
|                      Loss/Loss_state_metric |            1.95 |
|             Loss/Loss_state_action_to_state |        0.000553 |
|                           Loss/Act_rep_loss |         0.00142 |
|                                   SAC/Alpha |          0.0121 |
|                              SAC/LogPi_mean |           0.526 |
|                                 SAC/Q1_mean |            90.2 |
|                                 SAC/Q2_mean |            90.2 |
|                            Norm/actor_model |             170 |
|                           Norm/critic_model |             256 |
|              Norm/state_action_metric_model |             120 |
|                     Norm/state_metric_model |             108 |
|        Norm/state_action_state_metric_model |             126 |
|                  Metric/self_state_distance |         0.00713 |
|                 Metric/cross_state_distance |            2.72 |
|           Metric/self_state_action_distance |          0.0038 |
|          Metric/cross_state_action_distance |            3.01 |
|             Metric/avg_self_state_asymmetry |               0 |
|            Metric/avg_cross_state_asymmetry |          0.0103 |
|                Metric/avg_self_sa_asymmetry |               0 |
|               Metric/avg_cross_sa_asymmetry |         0.00867 |
|  Metric/self_state_action_to_state_distance |         0.00285 |
| Metric/cross_state_action_to_state_distance |               3 |
|                   Metric/h_lambda_diff_self |         0.00385 |
|                  Metric/h_lambda_diff_cross |          0.0127 |
|                                 Eval/Return |             865 |
-----------------------------------------------------------------
-----------------------------------------------------------------
|                                 Train/Steps |        4.36e+06 |
|                            Loss/Loss_critic |         0.00235 |
|                             Loss/Loss_actor |           -90.9 |
|                             Loss/Loss_alpha |        -0.00033 |
|               Loss/Loss_state_action_metric |            7.73 |
|                      Loss/Loss_state_metric |            1.78 |
|             Loss/Loss_state_action_to_state |        0.000454 |
|                           Loss/Act_rep_loss |          0.0117 |
|                                   SAC/Alpha |          0.0115 |
|                              SAC/LogPi_mean |           0.591 |
|                                 SAC/Q1_mean |            90.9 |
|                                 SAC/Q2_mean |            90.9 |
|                            Norm/actor_model |             171 |
|                           Norm/critic_model |             256 |
|              Norm/state_action_metric_model |             122 |
|                     Norm/state_metric_model |             110 |
|        Norm/state_action_state_metric_model |             129 |
|                  Metric/self_state_distance |         0.00698 |
|                 Metric/cross_state_distance |            2.54 |
|           Metric/self_state_action_distance |         0.00777 |
|          Metric/cross_state_action_distance |            2.81 |
|             Metric/avg_self_state_asymmetry |               0 |
|            Metric/avg_cross_state_asymmetry |         0.00685 |
|                Metric/avg_self_sa_asymmetry |               0 |
|               Metric/avg_cross_sa_asymmetry |          0.0117 |
|  Metric/self_state_action_to_state_distance |         0.00632 |
| Metric/cross_state_action_to_state_distance |            2.81 |
|                   Metric/h_lambda_diff_self |         0.00763 |
|                  Metric/h_lambda_diff_cross |          0.0128 |
|                                 Eval/Return |             864 |
-----------------------------------------------------------------
-----------------------------------------------------------------
|                                 Train/Steps |        4.49e+06 |
|                            Loss/Loss_critic |        0.000999 |
|                             Loss/Loss_actor |           -92.3 |
|                             Loss/Loss_alpha |        -0.00024 |
|               Loss/Loss_state_action_metric |            7.48 |
|                      Loss/Loss_state_metric |            1.68 |
|             Loss/Loss_state_action_to_state |        0.000699 |
|                           Loss/Act_rep_loss |         0.00762 |
|                                   SAC/Alpha |          0.0118 |
|                              SAC/LogPi_mean |             0.5 |
|                                 SAC/Q1_mean |            92.3 |
|                                 SAC/Q2_mean |            92.3 |
|                            Norm/actor_model |             171 |
|                           Norm/critic_model |             256 |
|              Norm/state_action_metric_model |             124 |
|                     Norm/state_metric_model |             111 |
|        Norm/state_action_state_metric_model |             132 |
|                  Metric/self_state_distance |         0.00393 |
|                 Metric/cross_state_distance |            2.46 |
|           Metric/self_state_action_distance |         0.00824 |
|          Metric/cross_state_action_distance |            2.69 |
|             Metric/avg_self_state_asymmetry |               0 |
|            Metric/avg_cross_state_asymmetry |         0.00628 |
|                Metric/avg_self_sa_asymmetry |               0 |
|               Metric/avg_cross_sa_asymmetry |          0.0101 |
|  Metric/self_state_action_to_state_distance |         0.00491 |
| Metric/cross_state_action_to_state_distance |            2.69 |
|                   Metric/h_lambda_diff_self |         0.00542 |
|                  Metric/h_lambda_diff_cross |          0.0144 |
|                                 Eval/Return |             866 |
-----------------------------------------------------------------
-----------------------------------------------------------------
|                                 Train/Steps |        4.62e+06 |
|                            Loss/Loss_critic |        0.000739 |
|                             Loss/Loss_actor |           -92.6 |
|                             Loss/Loss_alpha |        0.000556 |
|               Loss/Loss_state_action_metric |             6.7 |
|                      Loss/Loss_state_metric |            1.53 |
|             Loss/Loss_state_action_to_state |        0.000481 |
|                           Loss/Act_rep_loss |         0.00597 |
|                                   SAC/Alpha |          0.0116 |
|                              SAC/LogPi_mean |           0.479 |
|                                 SAC/Q1_mean |            92.6 |
|                                 SAC/Q2_mean |            92.6 |
|                            Norm/actor_model |             172 |
|                           Norm/critic_model |             256 |
|              Norm/state_action_metric_model |             125 |
|                     Norm/state_metric_model |             112 |
|        Norm/state_action_state_metric_model |             135 |
|                  Metric/self_state_distance |         0.00373 |
|                 Metric/cross_state_distance |            2.34 |
|           Metric/self_state_action_distance |         0.00757 |
|          Metric/cross_state_action_distance |            2.58 |
|             Metric/avg_self_state_asymmetry |               0 |
|            Metric/avg_cross_state_asymmetry |         0.00545 |
|                Metric/avg_self_sa_asymmetry |               0 |
|               Metric/avg_cross_sa_asymmetry |         0.00553 |
|  Metric/self_state_action_to_state_distance |         0.00151 |
| Metric/cross_state_action_to_state_distance |            2.58 |
|                   Metric/h_lambda_diff_self |         0.00659 |
|                  Metric/h_lambda_diff_cross |          0.0109 |
|                                 Eval/Return |             866 |
-----------------------------------------------------------------
-----------------------------------------------------------------
|                                 Train/Steps |        4.74e+06 |
|                            Loss/Loss_critic |         0.00159 |
|                             Loss/Loss_actor |           -93.8 |
|                             Loss/Loss_alpha |        6.21e-05 |
|               Loss/Loss_state_action_metric |            4.65 |
|                      Loss/Loss_state_metric |            1.23 |
|             Loss/Loss_state_action_to_state |        0.000411 |
|                           Loss/Act_rep_loss |         0.00664 |
|                                   SAC/Alpha |          0.0114 |
|                              SAC/LogPi_mean |           0.479 |
|                                 SAC/Q1_mean |            93.8 |
|                                 SAC/Q2_mean |            93.9 |
|                            Norm/actor_model |             172 |
|                           Norm/critic_model |             256 |
|              Norm/state_action_metric_model |             127 |
|                     Norm/state_metric_model |             114 |
|        Norm/state_action_state_metric_model |             138 |
|                  Metric/self_state_distance |         0.00355 |
|                 Metric/cross_state_distance |            2.09 |
|           Metric/self_state_action_distance |         0.00859 |
|          Metric/cross_state_action_distance |            2.27 |
|             Metric/avg_self_state_asymmetry |               0 |
|            Metric/avg_cross_state_asymmetry |         0.00815 |
|                Metric/avg_self_sa_asymmetry |               0 |
|               Metric/avg_cross_sa_asymmetry |         0.00861 |
|  Metric/self_state_action_to_state_distance |         0.00534 |
| Metric/cross_state_action_to_state_distance |            2.28 |
|                   Metric/h_lambda_diff_self |         0.00595 |
|                  Metric/h_lambda_diff_cross |          0.0172 |
|                                 Eval/Return |             866 |
-----------------------------------------------------------------
-----------------------------------------------------------------
|                                 Train/Steps |        4.87e+06 |
|                            Loss/Loss_critic |        0.000478 |
|                             Loss/Loss_actor |             -93 |
|                             Loss/Loss_alpha |        -0.00011 |
|               Loss/Loss_state_action_metric |            6.22 |
|                      Loss/Loss_state_metric |            1.53 |
|             Loss/Loss_state_action_to_state |        0.000414 |
|                           Loss/Act_rep_loss |         0.00524 |
|                                   SAC/Alpha |          0.0117 |
|                              SAC/LogPi_mean |            0.43 |
|                                 SAC/Q1_mean |              93 |
|                                 SAC/Q2_mean |              93 |
|                            Norm/actor_model |             172 |
|                           Norm/critic_model |             256 |
|              Norm/state_action_metric_model |             129 |
|                     Norm/state_metric_model |             116 |
|        Norm/state_action_state_metric_model |             141 |
|                  Metric/self_state_distance |         0.00249 |
|                 Metric/cross_state_distance |            2.34 |
|           Metric/self_state_action_distance |          0.0101 |
|          Metric/cross_state_action_distance |            2.57 |
|             Metric/avg_self_state_asymmetry |               0 |
|            Metric/avg_cross_state_asymmetry |         0.00463 |
|                Metric/avg_self_sa_asymmetry |               0 |
|               Metric/avg_cross_sa_asymmetry |          0.0109 |
|  Metric/self_state_action_to_state_distance |          0.0045 |
| Metric/cross_state_action_to_state_distance |            2.55 |
|                   Metric/h_lambda_diff_self |         0.00751 |
|                  Metric/h_lambda_diff_cross |          0.0219 |
|                                 Eval/Return |             866 |
-----------------------------------------------------------------
-----------------------------------------------------------------
|                                 Train/Steps |           5e+06 |
|                            Loss/Loss_critic |        0.000621 |
|                             Loss/Loss_actor |           -93.1 |
|                             Loss/Loss_alpha |       -0.000364 |
|               Loss/Loss_state_action_metric |            7.54 |
|                      Loss/Loss_state_metric |             1.6 |
|             Loss/Loss_state_action_to_state |        0.000803 |
|                           Loss/Act_rep_loss |          0.0129 |
|                                   SAC/Alpha |          0.0119 |
|                              SAC/LogPi_mean |           0.495 |
|                                 SAC/Q1_mean |            93.1 |
|                                 SAC/Q2_mean |            93.2 |
|                            Norm/actor_model |             172 |
|                           Norm/critic_model |             256 |
|              Norm/state_action_metric_model |             131 |
|                     Norm/state_metric_model |             118 |
|        Norm/state_action_state_metric_model |             144 |
|                  Metric/self_state_distance |          0.0112 |
|                 Metric/cross_state_distance |            2.41 |
|           Metric/self_state_action_distance |          0.0263 |
|          Metric/cross_state_action_distance |            2.58 |
|             Metric/avg_self_state_asymmetry |               0 |
|            Metric/avg_cross_state_asymmetry |          0.0102 |
|                Metric/avg_self_sa_asymmetry |               0 |
|               Metric/avg_cross_sa_asymmetry |          0.0214 |
|  Metric/self_state_action_to_state_distance |         0.00176 |
| Metric/cross_state_action_to_state_distance |             2.6 |
|                   Metric/h_lambda_diff_self |          0.0247 |
|                  Metric/h_lambda_diff_cross |          0.0279 |
|                                 Eval/Return |             866 |
-----------------------------------------------------------------
[32mSaving model …[0m
[32mDone.[0m
[32mSaving model …[0m
[32mDone.[0m
