E0905 01:42:55.066258  646344 cuda_executor.cc:1526] Could not get kernel mode driver version: (INVALID_ARGUMENT: Version does not match the format X.Y.Z)
E0905 01:42:55.074874  646234 cuda_executor.cc:1526] Could not get kernel mode driver version: (INVALID_ARGUMENT: Version does not match the format X.Y.Z)
[32mStart prefilling replay buffer[0m
[32mStart SAC training[0m
[32m{'log_freq': 1000, 'save_freq': 1000000, 'eval_episode_freq': 10, 'hidden_size': 256, 'lr': 0.001, 'max_grad_norm': 0.0, 'gamma': 0.99, 'update_tau': 0.005, 'train_per_step': 8, 'episode_length': 1000, 'warmup_samples': 8192, 'max_replay_size': 4000000, 'batch_size': 512, 'total_env_steps': 5000000, 'init_temperature': 0.1, 'nstep': 3, 'bootstrap_on_truncation': True, 'rep_lr_scale': 1.5, 'critic_rep_metric_scale': 1.0, 'critic_rep_scale': 0.05, 'vis_feq': 100000, 'n_vis_frames': 4, 'num_envs': 128, 'grad_steps': 50, 'transfer_freq': 10, 'transfer_steps': 8, 'reward_scaling': 1.0, 'num_eval_envs': 128, 'target_entropy': -0.5}[0m
[32m[nstep] nstep=3 bootstrap_on_truncation=True (discount from the buffer already contains gamma^nstep)[0m
-----------------------------------------------------------------
|                                 Train/Steps |        1.36e+05 |
|                            Loss/Loss_critic |        2.93e-06 |
|                             Loss/Loss_actor |          -0.149 |
|                             Loss/Loss_alpha |         0.00175 |
|               Loss/Loss_state_action_metric |         0.00214 |
|                      Loss/Loss_state_metric |         0.00144 |
|             Loss/Loss_state_action_to_state |        3.17e-05 |
|                           Loss/Act_rep_loss |           0.144 |
|                        Loss/Critic_rep_loss |               0 |
|                                   SAC/Alpha |         0.00158 |
|                              SAC/LogPi_mean |          -0.598 |
|                                 SAC/Q1_mean |            0.15 |
|                                 SAC/Q2_mean |           0.149 |
|                            Norm/actor_model |            20.8 |
|                           Norm/critic_model |            37.6 |
|              Norm/state_action_metric_model |            31.2 |
|                     Norm/state_metric_model |            30.8 |
|        Norm/state_action_state_metric_model |            30.7 |
|                  Metric/self_state_distance |         0.00369 |
|                 Metric/cross_state_distance |           0.924 |
|           Metric/self_state_action_distance |         0.00694 |
|          Metric/cross_state_action_distance |           0.908 |
|             Metric/avg_self_state_asymmetry |               0 |
|            Metric/avg_cross_state_asymmetry |         0.00198 |
|                Metric/avg_self_sa_asymmetry |               0 |
|               Metric/avg_cross_sa_asymmetry |         0.00406 |
|  Metric/self_state_action_to_state_distance |         0.00265 |
| Metric/cross_state_action_to_state_distance |           0.909 |
|                   Metric/h_lambda_diff_self |         0.00453 |
|                  Metric/h_lambda_diff_cross |         0.00549 |
|                                 Eval/Return |           0.367 |
-----------------------------------------------------------------
-----------------------------------------------------------------
|                                 Train/Steps |        2.64e+05 |
|                            Loss/Loss_critic |        7.89e-07 |
|                             Loss/Loss_actor |          -0.041 |
|                             Loss/Loss_alpha |        5.28e-05 |
|               Loss/Loss_state_action_metric |         0.00282 |
|                      Loss/Loss_state_metric |         0.00225 |
|             Loss/Loss_state_action_to_state |        7.65e-05 |
|                           Loss/Act_rep_loss |           0.148 |
|                        Loss/Critic_rep_loss |               0 |
|                                   SAC/Alpha |        0.000113 |
|                              SAC/LogPi_mean |           0.136 |
|                                 SAC/Q1_mean |          0.0419 |
|                                 SAC/Q2_mean |           0.041 |
|                            Norm/actor_model |              32 |
|                           Norm/critic_model |            40.7 |
|              Norm/state_action_metric_model |            32.7 |
|                     Norm/state_metric_model |            32.4 |
|        Norm/state_action_state_metric_model |            33.1 |
|                  Metric/self_state_distance |          0.0029 |
|                 Metric/cross_state_distance |           0.934 |
|           Metric/self_state_action_distance |         0.00313 |
|          Metric/cross_state_action_distance |           0.905 |
|             Metric/avg_self_state_asymmetry |               0 |
|            Metric/avg_cross_state_asymmetry |         0.00519 |
|                Metric/avg_self_sa_asymmetry |               0 |
|               Metric/avg_cross_sa_asymmetry |         0.00548 |
|  Metric/self_state_action_to_state_distance |         0.00486 |
| Metric/cross_state_action_to_state_distance |           0.903 |
|                   Metric/h_lambda_diff_self |         0.00514 |
|                  Metric/h_lambda_diff_cross |         0.00628 |
|                                 Eval/Return |           0.672 |
-----------------------------------------------------------------
-----------------------------------------------------------------
|                                 Train/Steps |        3.92e+05 |
|                            Loss/Loss_critic |        1.82e-08 |
|                             Loss/Loss_actor |         -0.0127 |
|                             Loss/Loss_alpha |        4.82e-06 |
|               Loss/Loss_state_action_metric |         0.00224 |
|                      Loss/Loss_state_metric |         0.00174 |
|             Loss/Loss_state_action_to_state |        0.000114 |
|                           Loss/Act_rep_loss |            0.14 |
|                        Loss/Critic_rep_loss |               0 |
|                                   SAC/Alpha |        6.61e-05 |
|                              SAC/LogPi_mean |           0.404 |
|                                 SAC/Q1_mean |          0.0131 |
|                                 SAC/Q2_mean |          0.0128 |
|                            Norm/actor_model |            36.7 |
|                           Norm/critic_model |            44.1 |
|              Norm/state_action_metric_model |            33.8 |
|                     Norm/state_metric_model |            35.1 |
|        Norm/state_action_state_metric_model |            35.3 |
|                  Metric/self_state_distance |         0.00462 |
|                 Metric/cross_state_distance |           0.929 |
|           Metric/self_state_action_distance |         0.00127 |
|          Metric/cross_state_action_distance |           0.913 |
|             Metric/avg_self_state_asymmetry |               0 |
|            Metric/avg_cross_state_asymmetry |         0.00367 |
|                Metric/avg_self_sa_asymmetry |               0 |
|               Metric/avg_cross_sa_asymmetry |         0.00626 |
|  Metric/self_state_action_to_state_distance |        0.000845 |
| Metric/cross_state_action_to_state_distance |           0.908 |
|                   Metric/h_lambda_diff_self |          0.0014 |
|                  Metric/h_lambda_diff_cross |         0.00673 |
|                                 Eval/Return |           0.133 |
-----------------------------------------------------------------
-----------------------------------------------------------------
|                                 Train/Steps |         5.2e+05 |
|                            Loss/Loss_critic |         2.9e-06 |
|                             Loss/Loss_actor |        -0.00523 |
|                             Loss/Loss_alpha |        7.81e-06 |
|               Loss/Loss_state_action_metric |         0.00422 |
|                      Loss/Loss_state_metric |         0.00251 |
|             Loss/Loss_state_action_to_state |        5.34e-05 |
|                           Loss/Act_rep_loss |           0.144 |
|                        Loss/Critic_rep_loss |               0 |
|                                   SAC/Alpha |        3.95e-05 |
|                              SAC/LogPi_mean |            0.25 |
|                                 SAC/Q1_mean |         0.00498 |
|                                 SAC/Q2_mean |         0.00521 |
|                            Norm/actor_model |            40.1 |
|                           Norm/critic_model |            47.5 |
|              Norm/state_action_metric_model |              35 |
|                     Norm/state_metric_model |            37.2 |
|        Norm/state_action_state_metric_model |            37.1 |
|                  Metric/self_state_distance |        0.000512 |
|                 Metric/cross_state_distance |           0.922 |
|           Metric/self_state_action_distance |         0.00135 |
|          Metric/cross_state_action_distance |           0.911 |
|             Metric/avg_self_state_asymmetry |               0 |
|            Metric/avg_cross_state_asymmetry |         0.00224 |
|                Metric/avg_self_sa_asymmetry |               0 |
|               Metric/avg_cross_sa_asymmetry |          0.0039 |
|  Metric/self_state_action_to_state_distance |         0.00209 |
| Metric/cross_state_action_to_state_distance |           0.906 |
|                   Metric/h_lambda_diff_self |         0.00207 |
|                  Metric/h_lambda_diff_cross |         0.00551 |
|                                 Eval/Return |           0.172 |
-----------------------------------------------------------------
-----------------------------------------------------------------
|                                 Train/Steps |        6.48e+05 |
|                            Loss/Loss_critic |        5.43e-07 |
|                             Loss/Loss_actor |        -0.00391 |
|                             Loss/Loss_alpha |       -1.94e-05 |
|               Loss/Loss_state_action_metric |         0.00191 |
|                      Loss/Loss_state_metric |         0.00139 |
|             Loss/Loss_state_action_to_state |        2.44e-05 |
|                           Loss/Act_rep_loss |           0.147 |
|                        Loss/Critic_rep_loss |               0 |
|                                   SAC/Alpha |        3.23e-05 |
|                              SAC/LogPi_mean |               1 |
|                                 SAC/Q1_mean |         0.00394 |
|                                 SAC/Q2_mean |         0.00398 |
|                            Norm/actor_model |              43 |
|                           Norm/critic_model |            50.7 |
|              Norm/state_action_metric_model |            36.3 |
|                     Norm/state_metric_model |            38.9 |
|        Norm/state_action_state_metric_model |            39.2 |
|                  Metric/self_state_distance |         0.00135 |
|                 Metric/cross_state_distance |           0.929 |
|           Metric/self_state_action_distance |          0.0029 |
|          Metric/cross_state_action_distance |           0.912 |
|             Metric/avg_self_state_asymmetry |               0 |
|            Metric/avg_cross_state_asymmetry |         0.00281 |
|                Metric/avg_self_sa_asymmetry |               0 |
|               Metric/avg_cross_sa_asymmetry |         0.00282 |
|  Metric/self_state_action_to_state_distance |        0.000761 |
| Metric/cross_state_action_to_state_distance |           0.909 |
|                   Metric/h_lambda_diff_self |         0.00281 |
|                  Metric/h_lambda_diff_cross |         0.00441 |
|                                 Eval/Return |            0.68 |
-----------------------------------------------------------------
-----------------------------------------------------------------
|                                 Train/Steps |        7.76e+05 |
|                            Loss/Loss_critic |        3.17e-07 |
|                             Loss/Loss_actor |        -0.00182 |
|                             Loss/Loss_alpha |        1.46e-05 |
|               Loss/Loss_state_action_metric |         0.00228 |
|                      Loss/Loss_state_metric |         0.00148 |
|             Loss/Loss_state_action_to_state |        9.18e-05 |
|                           Loss/Act_rep_loss |           0.147 |
|                        Loss/Critic_rep_loss |               0 |
|                                   SAC/Alpha |        2.89e-05 |
|                              SAC/LogPi_mean |         -0.0736 |
|                                 SAC/Q1_mean |         0.00181 |
|                                 SAC/Q2_mean |         0.00307 |
|                            Norm/actor_model |            46.6 |
|                           Norm/critic_model |            53.4 |
|              Norm/state_action_metric_model |            37.6 |
|                     Norm/state_metric_model |            40.3 |
|        Norm/state_action_state_metric_model |            40.2 |
|                  Metric/self_state_distance |         0.00232 |
|                 Metric/cross_state_distance |           0.927 |
|           Metric/self_state_action_distance |         0.00279 |
|          Metric/cross_state_action_distance |           0.912 |
|             Metric/avg_self_state_asymmetry |               0 |
|            Metric/avg_cross_state_asymmetry |         0.00227 |
|                Metric/avg_self_sa_asymmetry |               0 |
|               Metric/avg_cross_sa_asymmetry |         0.00357 |
|  Metric/self_state_action_to_state_distance |        0.000334 |
| Metric/cross_state_action_to_state_distance |           0.907 |
|                   Metric/h_lambda_diff_self |         0.00271 |
|                  Metric/h_lambda_diff_cross |         0.00596 |
|                                 Eval/Return |           0.375 |
-----------------------------------------------------------------
-----------------------------------------------------------------
|                                 Train/Steps |        9.04e+05 |
|                            Loss/Loss_critic |        8.83e-08 |
|                             Loss/Loss_actor |          -0.004 |
|                             Loss/Loss_alpha |        8.29e-06 |
|               Loss/Loss_state_action_metric |         0.00312 |
|                      Loss/Loss_state_metric |         0.00233 |
|             Loss/Loss_state_action_to_state |         0.00026 |
|                           Loss/Act_rep_loss |            0.15 |
|                        Loss/Critic_rep_loss |               0 |
|                                   SAC/Alpha |        3.89e-05 |
|                              SAC/LogPi_mean |           0.185 |
|                                 SAC/Q1_mean |         0.00401 |
|                                 SAC/Q2_mean |         0.00413 |
|                            Norm/actor_model |            49.5 |
|                           Norm/critic_model |              55 |
|              Norm/state_action_metric_model |            39.8 |
|                     Norm/state_metric_model |              42 |
|        Norm/state_action_state_metric_model |            42.9 |
|                  Metric/self_state_distance |        0.000108 |
|                 Metric/cross_state_distance |           0.925 |
|           Metric/self_state_action_distance |        0.000841 |
|          Metric/cross_state_action_distance |           0.908 |
|             Metric/avg_self_state_asymmetry |               0 |
|            Metric/avg_cross_state_asymmetry |         0.00288 |
|                Metric/avg_self_sa_asymmetry |               0 |
|               Metric/avg_cross_sa_asymmetry |         0.00527 |
|  Metric/self_state_action_to_state_distance |        9.83e-05 |
| Metric/cross_state_action_to_state_distance |           0.907 |
|                   Metric/h_lambda_diff_self |        0.000769 |
|                  Metric/h_lambda_diff_cross |         0.00343 |
|                                 Eval/Return |           0.461 |
-----------------------------------------------------------------
-----------------------------------------------------------------
|                                 Train/Steps |        1.03e+06 |
|                            Loss/Loss_critic |        3.68e-08 |
|                             Loss/Loss_actor |        -0.00456 |
|                             Loss/Loss_alpha |       -3.98e-06 |
|               Loss/Loss_state_action_metric |         0.00275 |
|                      Loss/Loss_state_metric |         0.00155 |
|             Loss/Loss_state_action_to_state |        0.000486 |
|                           Loss/Act_rep_loss |           0.148 |
|                        Loss/Critic_rep_loss |               0 |
|                                   SAC/Alpha |        4.59e-05 |
|                              SAC/LogPi_mean |           0.604 |
|                                 SAC/Q1_mean |         0.00459 |
|                                 SAC/Q2_mean |         0.00508 |
|                            Norm/actor_model |            52.3 |
|                           Norm/critic_model |            56.8 |
|              Norm/state_action_metric_model |            41.5 |
|                     Norm/state_metric_model |            44.6 |
|        Norm/state_action_state_metric_model |              45 |
|                  Metric/self_state_distance |         0.00109 |
|                 Metric/cross_state_distance |           0.928 |
|           Metric/self_state_action_distance |        0.000937 |
|          Metric/cross_state_action_distance |           0.908 |
|             Metric/avg_self_state_asymmetry |               0 |
|            Metric/avg_cross_state_asymmetry |         0.00289 |
|                Metric/avg_self_sa_asymmetry |               0 |
|               Metric/avg_cross_sa_asymmetry |         0.00418 |
|  Metric/self_state_action_to_state_distance |        0.000495 |
| Metric/cross_state_action_to_state_distance |            0.91 |
|                   Metric/h_lambda_diff_self |        0.000912 |
|                  Metric/h_lambda_diff_cross |         0.00503 |
|                                 Eval/Return |           0.633 |
-----------------------------------------------------------------
[32mSaving model …[0m
[32mDone.[0m
[32mSaving model …[0m
[32mDone.[0m
-----------------------------------------------------------------
|                                 Train/Steps |        1.16e+06 |
|                            Loss/Loss_critic |        4.77e-08 |
|                             Loss/Loss_actor |        -0.00461 |
|                             Loss/Loss_alpha |          -9e-06 |
|               Loss/Loss_state_action_metric |          0.0023 |
|                      Loss/Loss_state_metric |          0.0017 |
|             Loss/Loss_state_action_to_state |        2.55e-05 |
|                           Loss/Act_rep_loss |           0.145 |
|                        Loss/Critic_rep_loss |               0 |
|                                   SAC/Alpha |        5.87e-05 |
|                              SAC/LogPi_mean |           0.523 |
|                                 SAC/Q1_mean |         0.00493 |
|                                 SAC/Q2_mean |         0.00464 |
|                            Norm/actor_model |            54.9 |
|                           Norm/critic_model |            58.5 |
|              Norm/state_action_metric_model |            43.7 |
|                     Norm/state_metric_model |              46 |
|        Norm/state_action_state_metric_model |              47 |
|                  Metric/self_state_distance |        0.000565 |
|                 Metric/cross_state_distance |           0.928 |
|           Metric/self_state_action_distance |         0.00251 |
|          Metric/cross_state_action_distance |           0.912 |
|             Metric/avg_self_state_asymmetry |               0 |
|            Metric/avg_cross_state_asymmetry |         0.00224 |
|                Metric/avg_self_sa_asymmetry |               0 |
|               Metric/avg_cross_sa_asymmetry |         0.00436 |
|  Metric/self_state_action_to_state_distance |          0.0019 |
| Metric/cross_state_action_to_state_distance |            0.91 |
|                   Metric/h_lambda_diff_self |         0.00272 |
|                  Metric/h_lambda_diff_cross |         0.00354 |
|                                 Eval/Return |            0.43 |
-----------------------------------------------------------------
-----------------------------------------------------------------
|                                 Train/Steps |        1.29e+06 |
|                            Loss/Loss_critic |        6.62e-05 |
|                             Loss/Loss_actor |        -0.00666 |
|                             Loss/Loss_alpha |       -1.22e-05 |
|               Loss/Loss_state_action_metric |         0.00329 |
|                      Loss/Loss_state_metric |         0.00168 |
|             Loss/Loss_state_action_to_state |        0.000429 |
|                           Loss/Act_rep_loss |           0.143 |
|                        Loss/Critic_rep_loss |               0 |
|                                   SAC/Alpha |         5.4e-05 |
|                              SAC/LogPi_mean |           0.797 |
|                                 SAC/Q1_mean |         0.00688 |
|                                 SAC/Q2_mean |         0.00698 |
|                            Norm/actor_model |            57.5 |
|                           Norm/critic_model |            59.5 |
|              Norm/state_action_metric_model |            45.6 |
|                     Norm/state_metric_model |            48.7 |
|        Norm/state_action_state_metric_model |            49.2 |
|                  Metric/self_state_distance |         0.00101 |
|                 Metric/cross_state_distance |           0.935 |
|           Metric/self_state_action_distance |         0.00413 |
|          Metric/cross_state_action_distance |           0.917 |
|             Metric/avg_self_state_asymmetry |               0 |
|            Metric/avg_cross_state_asymmetry |         0.00314 |
|                Metric/avg_self_sa_asymmetry |               0 |
|               Metric/avg_cross_sa_asymmetry |         0.00575 |
|  Metric/self_state_action_to_state_distance |         0.00191 |
| Metric/cross_state_action_to_state_distance |           0.918 |
|                   Metric/h_lambda_diff_self |         0.00298 |
|                  Metric/h_lambda_diff_cross |          0.0057 |
|                                 Eval/Return |            1.05 |
-----------------------------------------------------------------
-----------------------------------------------------------------
|                                 Train/Steps |        1.42e+06 |
|                            Loss/Loss_critic |        6.83e-05 |
|                             Loss/Loss_actor |         -0.0116 |
|                             Loss/Loss_alpha |       -7.95e-06 |
|               Loss/Loss_state_action_metric |           0.026 |
|                      Loss/Loss_state_metric |         0.00483 |
|             Loss/Loss_state_action_to_state |         0.00165 |
|                           Loss/Act_rep_loss |           0.146 |
|                        Loss/Critic_rep_loss |               0 |
|                                   SAC/Alpha |        6.12e-05 |
|                              SAC/LogPi_mean |            0.64 |
|                                 SAC/Q1_mean |          0.0117 |
|                                 SAC/Q2_mean |          0.0124 |
|                            Norm/actor_model |            59.7 |
|                           Norm/critic_model |            61.2 |
|              Norm/state_action_metric_model |            47.7 |
|                     Norm/state_metric_model |            50.1 |
|        Norm/state_action_state_metric_model |            51.2 |
|                  Metric/self_state_distance |         0.00121 |
|                 Metric/cross_state_distance |           0.938 |
|           Metric/self_state_action_distance |        0.000865 |
|          Metric/cross_state_action_distance |           0.921 |
|             Metric/avg_self_state_asymmetry |               0 |
|            Metric/avg_cross_state_asymmetry |         0.00369 |
|                Metric/avg_self_sa_asymmetry |               0 |
|               Metric/avg_cross_sa_asymmetry |          0.0054 |
|  Metric/self_state_action_to_state_distance |         0.00128 |
| Metric/cross_state_action_to_state_distance |           0.925 |
|                   Metric/h_lambda_diff_self |         0.00127 |
|                  Metric/h_lambda_diff_cross |         0.00816 |
|                                 Eval/Return |            0.32 |
-----------------------------------------------------------------
-----------------------------------------------------------------
|                                 Train/Steps |        1.54e+06 |
|                            Loss/Loss_critic |         0.00379 |
|                             Loss/Loss_actor |        -0.00782 |
|                             Loss/Loss_alpha |        3.98e-06 |
|               Loss/Loss_state_action_metric |          0.0109 |
|                      Loss/Loss_state_metric |         0.00443 |
|             Loss/Loss_state_action_to_state |        0.000974 |
|                           Loss/Act_rep_loss |            0.14 |
|                        Loss/Critic_rep_loss |               0 |
|                                   SAC/Alpha |        3.94e-05 |
|                              SAC/LogPi_mean |           0.315 |
|                                 SAC/Q1_mean |         0.00783 |
|                                 SAC/Q2_mean |         0.00833 |
|                            Norm/actor_model |            62.4 |
|                           Norm/critic_model |            62.9 |
|              Norm/state_action_metric_model |            49.7 |
|                     Norm/state_metric_model |            52.1 |
|        Norm/state_action_state_metric_model |            53.3 |
|                  Metric/self_state_distance |          0.0022 |
|                 Metric/cross_state_distance |           0.939 |
|           Metric/self_state_action_distance |        0.000423 |
|          Metric/cross_state_action_distance |           0.925 |
|             Metric/avg_self_state_asymmetry |               0 |
|            Metric/avg_cross_state_asymmetry |         0.00393 |
|                Metric/avg_self_sa_asymmetry |               0 |
|               Metric/avg_cross_sa_asymmetry |         0.00573 |
|  Metric/self_state_action_to_state_distance |        0.000462 |
| Metric/cross_state_action_to_state_distance |           0.924 |
|                   Metric/h_lambda_diff_self |         0.00047 |
|                  Metric/h_lambda_diff_cross |         0.00733 |
|                                 Eval/Return |            1.41 |
-----------------------------------------------------------------
-----------------------------------------------------------------
|                                 Train/Steps |        1.67e+06 |
|                            Loss/Loss_critic |        3.54e-06 |
|                             Loss/Loss_actor |        -0.00877 |
|                             Loss/Loss_alpha |       -7.86e-07 |
|               Loss/Loss_state_action_metric |         0.00376 |
|                      Loss/Loss_state_metric |         0.00245 |
|             Loss/Loss_state_action_to_state |        6.35e-05 |
|                           Loss/Act_rep_loss |           0.137 |
|                        Loss/Critic_rep_loss |               0 |
|                                   SAC/Alpha |        4.05e-05 |
|                              SAC/LogPi_mean |           0.525 |
|                                 SAC/Q1_mean |         0.00879 |
|                                 SAC/Q2_mean |         0.00909 |
|                            Norm/actor_model |            64.8 |
|                           Norm/critic_model |            64.2 |
|              Norm/state_action_metric_model |            51.8 |
|                     Norm/state_metric_model |            53.7 |
|        Norm/state_action_state_metric_model |            55.2 |
|                  Metric/self_state_distance |         0.00196 |
|                 Metric/cross_state_distance |           0.931 |
|           Metric/self_state_action_distance |        0.000949 |
|          Metric/cross_state_action_distance |           0.912 |
|             Metric/avg_self_state_asymmetry |               0 |
|            Metric/avg_cross_state_asymmetry |         0.00249 |
|                Metric/avg_self_sa_asymmetry |               0 |
|               Metric/avg_cross_sa_asymmetry |          0.0042 |
|  Metric/self_state_action_to_state_distance |        0.000239 |
| Metric/cross_state_action_to_state_distance |           0.909 |
|                   Metric/h_lambda_diff_self |         0.00096 |
|                  Metric/h_lambda_diff_cross |         0.00471 |
|                                 Eval/Return |            1.04 |
-----------------------------------------------------------------
-----------------------------------------------------------------
|                                 Train/Steps |         1.8e+06 |
|                            Loss/Loss_critic |         6.3e-08 |
|                             Loss/Loss_actor |        -0.00409 |
|                             Loss/Loss_alpha |       -1.01e-05 |
|               Loss/Loss_state_action_metric |         0.00201 |
|                      Loss/Loss_state_metric |         0.00153 |
|             Loss/Loss_state_action_to_state |        2.78e-05 |
|                           Loss/Act_rep_loss |           0.137 |
|                        Loss/Critic_rep_loss |               0 |
|                                   SAC/Alpha |        9.53e-05 |
|                              SAC/LogPi_mean |           0.668 |
|                                 SAC/Q1_mean |         0.00415 |
|                                 SAC/Q2_mean |         0.00475 |
|                            Norm/actor_model |            67.3 |
|                           Norm/critic_model |              67 |
|              Norm/state_action_metric_model |            54.2 |
|                     Norm/state_metric_model |            55.6 |
|        Norm/state_action_state_metric_model |            57.1 |
|                  Metric/self_state_distance |        0.000984 |
|                 Metric/cross_state_distance |           0.934 |
|           Metric/self_state_action_distance |         0.00114 |
|          Metric/cross_state_action_distance |           0.914 |
|             Metric/avg_self_state_asymmetry |               0 |
|            Metric/avg_cross_state_asymmetry |         0.00183 |
|                Metric/avg_self_sa_asymmetry |               0 |
|               Metric/avg_cross_sa_asymmetry |         0.00369 |
|  Metric/self_state_action_to_state_distance |         0.00236 |
| Metric/cross_state_action_to_state_distance |           0.917 |
|                   Metric/h_lambda_diff_self |         0.00203 |
|                  Metric/h_lambda_diff_cross |         0.00393 |
|                                 Eval/Return |           0.203 |
-----------------------------------------------------------------
-----------------------------------------------------------------
|                                 Train/Steps |        1.93e+06 |
|                            Loss/Loss_critic |         0.00286 |
|                             Loss/Loss_actor |         -0.0162 |
|                             Loss/Loss_alpha |        5.16e-05 |
|               Loss/Loss_state_action_metric |         0.00228 |
|                      Loss/Loss_state_metric |         0.00161 |
|             Loss/Loss_state_action_to_state |        5.18e-05 |
|                           Loss/Act_rep_loss |           0.137 |
|                        Loss/Critic_rep_loss |         0.00408 |
|                                   SAC/Alpha |         0.00015 |
|                              SAC/LogPi_mean |           0.189 |
|                                 SAC/Q1_mean |          0.0183 |
|                                 SAC/Q2_mean |           0.015 |
|                            Norm/actor_model |            69.8 |
|                           Norm/critic_model |            70.5 |
|              Norm/state_action_metric_model |            56.8 |
|                     Norm/state_metric_model |            57.7 |
|        Norm/state_action_state_metric_model |            59.8 |
|                  Metric/self_state_distance |        0.000309 |
|                 Metric/cross_state_distance |           0.936 |
|           Metric/self_state_action_distance |         0.00156 |
|          Metric/cross_state_action_distance |           0.913 |
|             Metric/avg_self_state_asymmetry |               0 |
|            Metric/avg_cross_state_asymmetry |         0.00254 |
|                Metric/avg_self_sa_asymmetry |               0 |
|               Metric/avg_cross_sa_asymmetry |         0.00516 |
|  Metric/self_state_action_to_state_distance |         0.00191 |
| Metric/cross_state_action_to_state_distance |           0.915 |
|                   Metric/h_lambda_diff_self |         0.00272 |
|                  Metric/h_lambda_diff_cross |         0.00468 |
|                                 Eval/Return |           0.945 |
-----------------------------------------------------------------
-----------------------------------------------------------------
|                                 Train/Steps |        2.06e+06 |
|                            Loss/Loss_critic |        0.000141 |
|                             Loss/Loss_actor |         -0.0132 |
|                             Loss/Loss_alpha |        1.75e-05 |
|               Loss/Loss_state_action_metric |         0.00197 |
|                      Loss/Loss_state_metric |         0.00125 |
|             Loss/Loss_state_action_to_state |        0.000246 |
|                           Loss/Act_rep_loss |           0.133 |
|                        Loss/Critic_rep_loss |               0 |
|                                   SAC/Alpha |        5.26e-05 |
|                              SAC/LogPi_mean |           0.166 |
|                                 SAC/Q1_mean |          0.0133 |
|                                 SAC/Q2_mean |          0.0132 |
|                            Norm/actor_model |            72.4 |
|                           Norm/critic_model |            73.9 |
|              Norm/state_action_metric_model |            59.3 |
|                     Norm/state_metric_model |            59.7 |
|        Norm/state_action_state_metric_model |            61.7 |
|                  Metric/self_state_distance |        0.000847 |
|                 Metric/cross_state_distance |           0.938 |
|           Metric/self_state_action_distance |        0.000634 |
|          Metric/cross_state_action_distance |            0.92 |
|             Metric/avg_self_state_asymmetry |               0 |
|            Metric/avg_cross_state_asymmetry |          0.0034 |
|                Metric/avg_self_sa_asymmetry |               0 |
|               Metric/avg_cross_sa_asymmetry |         0.00611 |
|  Metric/self_state_action_to_state_distance |        0.000385 |
| Metric/cross_state_action_to_state_distance |           0.923 |
|                   Metric/h_lambda_diff_self |        0.000765 |
|                  Metric/h_lambda_diff_cross |         0.00522 |
|                                 Eval/Return |            0.57 |
-----------------------------------------------------------------
[32mSaving model …[0m
[32mDone.[0m
[32mSaving model …[0m
[32mDone.[0m
-----------------------------------------------------------------
|                                 Train/Steps |        2.18e+06 |
|                            Loss/Loss_critic |        0.000945 |
|                             Loss/Loss_actor |         -0.0183 |
|                             Loss/Loss_alpha |       -1.12e-05 |
|               Loss/Loss_state_action_metric |         0.00305 |
|                      Loss/Loss_state_metric |         0.00182 |
|             Loss/Loss_state_action_to_state |        0.000198 |
|                           Loss/Act_rep_loss |           0.139 |
|                        Loss/Critic_rep_loss |         0.00459 |
|                                   SAC/Alpha |        0.000106 |
|                              SAC/LogPi_mean |           0.616 |
|                                 SAC/Q1_mean |          0.0195 |
|                                 SAC/Q2_mean |           0.022 |
|                            Norm/actor_model |            74.5 |
|                           Norm/critic_model |            76.7 |
|              Norm/state_action_metric_model |              61 |
|                     Norm/state_metric_model |            60.7 |
|        Norm/state_action_state_metric_model |            63.6 |
|                  Metric/self_state_distance |         0.00132 |
|                 Metric/cross_state_distance |            0.94 |
|           Metric/self_state_action_distance |           0.002 |
|          Metric/cross_state_action_distance |           0.917 |
|             Metric/avg_self_state_asymmetry |               0 |
|            Metric/avg_cross_state_asymmetry |         0.00206 |
|                Metric/avg_self_sa_asymmetry |               0 |
|               Metric/avg_cross_sa_asymmetry |         0.00458 |
|  Metric/self_state_action_to_state_distance |        0.000348 |
| Metric/cross_state_action_to_state_distance |           0.923 |
|                   Metric/h_lambda_diff_self |         0.00197 |
|                  Metric/h_lambda_diff_cross |         0.00746 |
|                                 Eval/Return |            1.09 |
-----------------------------------------------------------------
-----------------------------------------------------------------
|                                 Train/Steps |        2.31e+06 |
|                            Loss/Loss_critic |         0.00218 |
|                             Loss/Loss_actor |         -0.0322 |
|                             Loss/Loss_alpha |       -2.21e-05 |
|               Loss/Loss_state_action_metric |         0.00585 |
|                      Loss/Loss_state_metric |         0.00362 |
|             Loss/Loss_state_action_to_state |        0.000198 |
|                           Loss/Act_rep_loss |           0.133 |
|                        Loss/Critic_rep_loss |          0.0283 |
|                                   SAC/Alpha |        6.87e-05 |
|                              SAC/LogPi_mean |           0.755 |
|                                 SAC/Q1_mean |           0.033 |
|                                 SAC/Q2_mean |          0.0356 |
|                            Norm/actor_model |            76.7 |
|                           Norm/critic_model |            78.4 |
|              Norm/state_action_metric_model |            63.5 |
|                     Norm/state_metric_model |            62.1 |
|        Norm/state_action_state_metric_model |            65.4 |
|                  Metric/self_state_distance |        0.000651 |
|                 Metric/cross_state_distance |           0.941 |
|           Metric/self_state_action_distance |         0.00104 |
|          Metric/cross_state_action_distance |           0.926 |
|             Metric/avg_self_state_asymmetry |               0 |
|            Metric/avg_cross_state_asymmetry |         0.00207 |
|                Metric/avg_self_sa_asymmetry |               0 |
|               Metric/avg_cross_sa_asymmetry |         0.00513 |
|  Metric/self_state_action_to_state_distance |        0.000525 |
| Metric/cross_state_action_to_state_distance |           0.923 |
|                   Metric/h_lambda_diff_self |         0.00114 |
|                  Metric/h_lambda_diff_cross |         0.00483 |
|                                 Eval/Return |            2.41 |
-----------------------------------------------------------------
-----------------------------------------------------------------
|                                 Train/Steps |        2.44e+06 |
|                            Loss/Loss_critic |         0.00629 |
|                             Loss/Loss_actor |         -0.0189 |
|                             Loss/Loss_alpha |       -1.11e-05 |
|               Loss/Loss_state_action_metric |          0.0196 |
|                      Loss/Loss_state_metric |         0.00518 |
|             Loss/Loss_state_action_to_state |        0.000705 |
|                           Loss/Act_rep_loss |           0.133 |
|                        Loss/Critic_rep_loss |         0.00707 |
|                                   SAC/Alpha |        5.71e-05 |
|                              SAC/LogPi_mean |           0.674 |
|                                 SAC/Q1_mean |          0.0237 |
|                                 SAC/Q2_mean |          0.0194 |
|                            Norm/actor_model |            78.7 |
|                           Norm/critic_model |            80.6 |
|              Norm/state_action_metric_model |              66 |
|                     Norm/state_metric_model |              64 |
|        Norm/state_action_state_metric_model |            67.1 |
|                  Metric/self_state_distance |        0.000957 |
|                 Metric/cross_state_distance |           0.943 |
|           Metric/self_state_action_distance |         0.00184 |
|          Metric/cross_state_action_distance |           0.929 |
|             Metric/avg_self_state_asymmetry |               0 |
|            Metric/avg_cross_state_asymmetry |         0.00387 |
|                Metric/avg_self_sa_asymmetry |               0 |
|               Metric/avg_cross_sa_asymmetry |         0.00521 |
|  Metric/self_state_action_to_state_distance |         0.00165 |
| Metric/cross_state_action_to_state_distance |           0.925 |
|                   Metric/h_lambda_diff_self |         0.00191 |
|                  Metric/h_lambda_diff_cross |         0.00791 |
|                                 Eval/Return |            1.35 |
-----------------------------------------------------------------
-----------------------------------------------------------------
|                                 Train/Steps |        2.57e+06 |
|                            Loss/Loss_critic |         0.00371 |
|                             Loss/Loss_actor |         -0.0128 |
|                             Loss/Loss_alpha |       -5.89e-05 |
|               Loss/Loss_state_action_metric |          0.0158 |
|                      Loss/Loss_state_metric |          0.0024 |
|             Loss/Loss_state_action_to_state |        0.000217 |
|                           Loss/Act_rep_loss |           0.136 |
|                        Loss/Critic_rep_loss |               0 |
|                                   SAC/Alpha |        7.28e-05 |
|                              SAC/LogPi_mean |            1.18 |
|                                 SAC/Q1_mean |          0.0148 |
|                                 SAC/Q2_mean |          0.0134 |
|                            Norm/actor_model |            80.5 |
|                           Norm/critic_model |            82.1 |
|              Norm/state_action_metric_model |            67.5 |
|                     Norm/state_metric_model |            65.8 |
|        Norm/state_action_state_metric_model |            68.9 |
|                  Metric/self_state_distance |        0.000898 |
|                 Metric/cross_state_distance |           0.936 |
|           Metric/self_state_action_distance |         0.00302 |
|          Metric/cross_state_action_distance |           0.919 |
|             Metric/avg_self_state_asymmetry |               0 |
|            Metric/avg_cross_state_asymmetry |         0.00177 |
|                Metric/avg_self_sa_asymmetry |               0 |
|               Metric/avg_cross_sa_asymmetry |         0.00432 |
|  Metric/self_state_action_to_state_distance |         0.00126 |
| Metric/cross_state_action_to_state_distance |           0.916 |
|                   Metric/h_lambda_diff_self |         0.00336 |
|                  Metric/h_lambda_diff_cross |          0.0053 |
|                                 Eval/Return |           0.305 |
-----------------------------------------------------------------
-----------------------------------------------------------------
|                                 Train/Steps |         2.7e+06 |
|                            Loss/Loss_critic |        6.29e-05 |
|                             Loss/Loss_actor |         -0.0108 |
|                             Loss/Loss_alpha |        1.52e-05 |
|               Loss/Loss_state_action_metric |         0.00531 |
|                      Loss/Loss_state_metric |         0.00284 |
|             Loss/Loss_state_action_to_state |         0.00017 |
|                           Loss/Act_rep_loss |            0.13 |
|                        Loss/Critic_rep_loss |               0 |
|                                   SAC/Alpha |         7.4e-05 |
|                              SAC/LogPi_mean |           0.246 |
|                                 SAC/Q1_mean |          0.0116 |
|                                 SAC/Q2_mean |          0.0125 |
|                            Norm/actor_model |            82.9 |
|                           Norm/critic_model |            83.6 |
|              Norm/state_action_metric_model |            69.3 |
|                     Norm/state_metric_model |            66.8 |
|        Norm/state_action_state_metric_model |            70.9 |
|                  Metric/self_state_distance |          0.0016 |
|                 Metric/cross_state_distance |           0.934 |
|           Metric/self_state_action_distance |        0.000686 |
|          Metric/cross_state_action_distance |           0.913 |
|             Metric/avg_self_state_asymmetry |               0 |
|            Metric/avg_cross_state_asymmetry |         0.00171 |
|                Metric/avg_self_sa_asymmetry |               0 |
|               Metric/avg_cross_sa_asymmetry |         0.00388 |
|  Metric/self_state_action_to_state_distance |        0.000512 |
| Metric/cross_state_action_to_state_distance |            0.91 |
|                   Metric/h_lambda_diff_self |        0.000869 |
|                  Metric/h_lambda_diff_cross |         0.00394 |
|                                 Eval/Return |           0.141 |
-----------------------------------------------------------------
-----------------------------------------------------------------
|                                 Train/Steps |        2.82e+06 |
|                            Loss/Loss_critic |        0.000108 |
|                             Loss/Loss_actor |         -0.0129 |
|                             Loss/Loss_alpha |        4.17e-05 |
|               Loss/Loss_state_action_metric |         0.00223 |
|                      Loss/Loss_state_metric |         0.00128 |
|             Loss/Loss_state_action_to_state |        6.88e-05 |
|                           Loss/Act_rep_loss |           0.139 |
|                        Loss/Critic_rep_loss |               0 |
|                                   SAC/Alpha |        6.49e-05 |
|                              SAC/LogPi_mean |         -0.0784 |
|                                 SAC/Q1_mean |          0.0132 |
|                                 SAC/Q2_mean |          0.0176 |
|                            Norm/actor_model |              85 |
|                           Norm/critic_model |            85.2 |
|              Norm/state_action_metric_model |            71.5 |
|                     Norm/state_metric_model |            68.2 |
|        Norm/state_action_state_metric_model |            72.4 |
|                  Metric/self_state_distance |        0.000368 |
|                 Metric/cross_state_distance |           0.939 |
|           Metric/self_state_action_distance |         0.00113 |
|          Metric/cross_state_action_distance |           0.914 |
|             Metric/avg_self_state_asymmetry |               0 |
|            Metric/avg_cross_state_asymmetry |         0.00209 |
|                Metric/avg_self_sa_asymmetry |               0 |
|               Metric/avg_cross_sa_asymmetry |          0.0027 |
|  Metric/self_state_action_to_state_distance |        0.000278 |
| Metric/cross_state_action_to_state_distance |           0.919 |
|                   Metric/h_lambda_diff_self |           0.001 |
|                  Metric/h_lambda_diff_cross |         0.00552 |
|                                 Eval/Return |            2.53 |
-----------------------------------------------------------------
-----------------------------------------------------------------
|                                 Train/Steps |        2.95e+06 |
|                            Loss/Loss_critic |         0.00366 |
|                             Loss/Loss_actor |         -0.0304 |
|                             Loss/Loss_alpha |       -7.58e-06 |
|               Loss/Loss_state_action_metric |         0.00497 |
|                      Loss/Loss_state_metric |         0.00202 |
|             Loss/Loss_state_action_to_state |        0.000191 |
|                           Loss/Act_rep_loss |           0.136 |
|                        Loss/Critic_rep_loss |          0.0349 |
|                                   SAC/Alpha |        3.11e-05 |
|                              SAC/LogPi_mean |           0.785 |
|                                 SAC/Q1_mean |          0.0351 |
|                                 SAC/Q2_mean |          0.0349 |
|                            Norm/actor_model |            86.8 |
|                           Norm/critic_model |            86.4 |
|              Norm/state_action_metric_model |            73.2 |
|                     Norm/state_metric_model |              70 |
|        Norm/state_action_state_metric_model |            74.5 |
|                  Metric/self_state_distance |        0.000897 |
|                 Metric/cross_state_distance |            0.94 |
|           Metric/self_state_action_distance |         0.00038 |
|          Metric/cross_state_action_distance |           0.919 |
|             Metric/avg_self_state_asymmetry |               0 |
|            Metric/avg_cross_state_asymmetry |          0.0021 |
|                Metric/avg_self_sa_asymmetry |               0 |
|               Metric/avg_cross_sa_asymmetry |          0.0051 |
|  Metric/self_state_action_to_state_distance |          0.0012 |
| Metric/cross_state_action_to_state_distance |           0.921 |
|                   Metric/h_lambda_diff_self |         0.00124 |
|                  Metric/h_lambda_diff_cross |         0.00466 |
|                                 Eval/Return |            1.32 |
-----------------------------------------------------------------
-----------------------------------------------------------------
|                                 Train/Steps |        3.08e+06 |
|                            Loss/Loss_critic |        0.000397 |
|                             Loss/Loss_actor |         -0.0241 |
|                             Loss/Loss_alpha |       -1.78e-05 |
|               Loss/Loss_state_action_metric |         0.00284 |
|                      Loss/Loss_state_metric |         0.00199 |
|             Loss/Loss_state_action_to_state |        0.000305 |
|                           Loss/Act_rep_loss |           0.139 |
|                        Loss/Critic_rep_loss |          0.0184 |
|                                   SAC/Alpha |        6.67e-05 |
|                              SAC/LogPi_mean |           0.786 |
|                                 SAC/Q1_mean |          0.0254 |
|                                 SAC/Q2_mean |          0.0253 |
|                            Norm/actor_model |            88.8 |
|                           Norm/critic_model |            87.7 |
|              Norm/state_action_metric_model |            74.8 |
|                     Norm/state_metric_model |            72.1 |
|        Norm/state_action_state_metric_model |            76.4 |
|                  Metric/self_state_distance |        0.000558 |
|                 Metric/cross_state_distance |           0.929 |
|           Metric/self_state_action_distance |         0.00102 |
|          Metric/cross_state_action_distance |           0.914 |
|             Metric/avg_self_state_asymmetry |               0 |
|            Metric/avg_cross_state_asymmetry |         0.00192 |
|                Metric/avg_self_sa_asymmetry |               0 |
|               Metric/avg_cross_sa_asymmetry |         0.00407 |
|  Metric/self_state_action_to_state_distance |        0.000341 |
| Metric/cross_state_action_to_state_distance |           0.914 |
|                   Metric/h_lambda_diff_self |        0.000956 |
|                  Metric/h_lambda_diff_cross |          0.0031 |
|                                 Eval/Return |            3.24 |
-----------------------------------------------------------------
[32mSaving model …[0m
[32mDone.[0m
[32mSaving model …[0m
[32mDone.[0m
-----------------------------------------------------------------
|                                 Train/Steps |        3.21e+06 |
|                            Loss/Loss_critic |        1.14e-06 |
|                             Loss/Loss_actor |        -0.00968 |
|                             Loss/Loss_alpha |       -2.87e-05 |
|               Loss/Loss_state_action_metric |         0.00246 |
|                      Loss/Loss_state_metric |           0.002 |
|             Loss/Loss_state_action_to_state |        3.35e-05 |
|                           Loss/Act_rep_loss |           0.136 |
|                        Loss/Critic_rep_loss |               0 |
|                                   SAC/Alpha |        4.65e-05 |
|                              SAC/LogPi_mean |            1.19 |
|                                 SAC/Q1_mean |          0.0118 |
|                                 SAC/Q2_mean |         0.00974 |
|                            Norm/actor_model |            90.7 |
|                           Norm/critic_model |            88.8 |
|              Norm/state_action_metric_model |              77 |
|                     Norm/state_metric_model |            73.4 |
|        Norm/state_action_state_metric_model |            78.8 |
|                  Metric/self_state_distance |        9.15e-06 |
|                 Metric/cross_state_distance |           0.931 |
|           Metric/self_state_action_distance |        0.000495 |
|          Metric/cross_state_action_distance |           0.914 |
|             Metric/avg_self_state_asymmetry |               0 |
|            Metric/avg_cross_state_asymmetry |         0.00147 |
|                Metric/avg_self_sa_asymmetry |               0 |
|               Metric/avg_cross_sa_asymmetry |         0.00302 |
|  Metric/self_state_action_to_state_distance |        0.000106 |
| Metric/cross_state_action_to_state_distance |           0.909 |
|                   Metric/h_lambda_diff_self |        0.000429 |
|                  Metric/h_lambda_diff_cross |         0.00581 |
|                                 Eval/Return |             1.1 |
-----------------------------------------------------------------
-----------------------------------------------------------------
|                                 Train/Steps |        3.34e+06 |
|                            Loss/Loss_critic |        9.78e-05 |
|                             Loss/Loss_actor |         -0.0113 |
|                             Loss/Loss_alpha |       -2.07e-05 |
|               Loss/Loss_state_action_metric |         0.00162 |
|                      Loss/Loss_state_metric |         0.00129 |
|             Loss/Loss_state_action_to_state |        2.07e-05 |
|                           Loss/Act_rep_loss |           0.134 |
|                        Loss/Critic_rep_loss |               0 |
|                                   SAC/Alpha |        6.36e-05 |
|                              SAC/LogPi_mean |           0.786 |
|                                 SAC/Q1_mean |          0.0117 |
|                                 SAC/Q2_mean |          0.0122 |
|                            Norm/actor_model |            92.3 |
|                           Norm/critic_model |            90.1 |
|              Norm/state_action_metric_model |            78.9 |
|                     Norm/state_metric_model |            75.3 |
|        Norm/state_action_state_metric_model |            80.9 |
|                  Metric/self_state_distance |         0.00016 |
|                 Metric/cross_state_distance |           0.941 |
|           Metric/self_state_action_distance |         0.00104 |
|          Metric/cross_state_action_distance |           0.914 |
|             Metric/avg_self_state_asymmetry |               0 |
|            Metric/avg_cross_state_asymmetry |         0.00141 |
|                Metric/avg_self_sa_asymmetry |               0 |
|               Metric/avg_cross_sa_asymmetry |         0.00268 |
|  Metric/self_state_action_to_state_distance |        0.000336 |
| Metric/cross_state_action_to_state_distance |            0.92 |
|                   Metric/h_lambda_diff_self |         0.00121 |
|                  Metric/h_lambda_diff_cross |         0.00609 |
|                                 Eval/Return |            4.14 |
-----------------------------------------------------------------
-----------------------------------------------------------------
|                                 Train/Steps |        3.46e+06 |
|                            Loss/Loss_critic |        3.56e-06 |
|                             Loss/Loss_actor |         -0.0127 |
|                             Loss/Loss_alpha |       -5.12e-07 |
|               Loss/Loss_state_action_metric |         0.00201 |
|                      Loss/Loss_state_metric |         0.00157 |
|             Loss/Loss_state_action_to_state |        1.14e-05 |
|                           Loss/Act_rep_loss |            0.14 |
|                        Loss/Critic_rep_loss |               0 |
|                                   SAC/Alpha |        2.01e-05 |
|                              SAC/LogPi_mean |           0.486 |
|                                 SAC/Q1_mean |          0.0127 |
|                                 SAC/Q2_mean |          0.0137 |
|                            Norm/actor_model |              94 |
|                           Norm/critic_model |            91.2 |
|              Norm/state_action_metric_model |            81.3 |
|                     Norm/state_metric_model |              77 |
|        Norm/state_action_state_metric_model |              83 |
|                  Metric/self_state_distance |        0.000702 |
|                 Metric/cross_state_distance |           0.933 |
|           Metric/self_state_action_distance |         0.00166 |
|          Metric/cross_state_action_distance |           0.912 |
|             Metric/avg_self_state_asymmetry |               0 |
|            Metric/avg_cross_state_asymmetry |         0.00105 |
|                Metric/avg_self_sa_asymmetry |               0 |
|               Metric/avg_cross_sa_asymmetry |         0.00252 |
|  Metric/self_state_action_to_state_distance |        0.000533 |
| Metric/cross_state_action_to_state_distance |           0.915 |
|                   Metric/h_lambda_diff_self |         0.00161 |
|                  Metric/h_lambda_diff_cross |         0.00309 |
|                                 Eval/Return |            2.72 |
-----------------------------------------------------------------
-----------------------------------------------------------------
|                                 Train/Steps |        3.59e+06 |
|                            Loss/Loss_critic |        1.14e-07 |
|                             Loss/Loss_actor |         -0.0122 |
|                             Loss/Loss_alpha |        1.35e-05 |
|               Loss/Loss_state_action_metric |         0.00179 |
|                      Loss/Loss_state_metric |         0.00122 |
|             Loss/Loss_state_action_to_state |        4.15e-05 |
|                           Loss/Act_rep_loss |           0.136 |
|                        Loss/Critic_rep_loss |               0 |
|                                   SAC/Alpha |        6.22e-05 |
|                              SAC/LogPi_mean |           0.318 |
|                                 SAC/Q1_mean |          0.0122 |
|                                 SAC/Q2_mean |          0.0125 |
|                            Norm/actor_model |            96.1 |
|                           Norm/critic_model |            92.6 |
|              Norm/state_action_metric_model |            83.4 |
|                     Norm/state_metric_model |            78.8 |
|        Norm/state_action_state_metric_model |            85.4 |
|                  Metric/self_state_distance |        0.000304 |
|                 Metric/cross_state_distance |           0.938 |
|           Metric/self_state_action_distance |        0.000669 |
|          Metric/cross_state_action_distance |           0.915 |
|             Metric/avg_self_state_asymmetry |               0 |
|            Metric/avg_cross_state_asymmetry |         0.00147 |
|                Metric/avg_self_sa_asymmetry |               0 |
|               Metric/avg_cross_sa_asymmetry |         0.00377 |
|  Metric/self_state_action_to_state_distance |         0.00044 |
| Metric/cross_state_action_to_state_distance |           0.919 |
|                   Metric/h_lambda_diff_self |        0.000627 |
|                  Metric/h_lambda_diff_cross |         0.00615 |
|                                 Eval/Return |           0.195 |
-----------------------------------------------------------------
-----------------------------------------------------------------
|                                 Train/Steps |        3.72e+06 |
|                            Loss/Loss_critic |        0.000176 |
|                             Loss/Loss_actor |         -0.0254 |
|                             Loss/Loss_alpha |        8.61e-06 |
|               Loss/Loss_state_action_metric |         0.00174 |
|                      Loss/Loss_state_metric |         0.00119 |
|             Loss/Loss_state_action_to_state |        0.000239 |
|                           Loss/Act_rep_loss |           0.134 |
|                        Loss/Critic_rep_loss |          0.0156 |
|                                   SAC/Alpha |        6.82e-05 |
|                              SAC/LogPi_mean |           0.394 |
|                                 SAC/Q1_mean |          0.0261 |
|                                 SAC/Q2_mean |          0.0247 |
|                            Norm/actor_model |            98.1 |
|                           Norm/critic_model |            94.3 |
|              Norm/state_action_metric_model |            85.1 |
|                     Norm/state_metric_model |            80.4 |
|        Norm/state_action_state_metric_model |            88.6 |
|                  Metric/self_state_distance |          0.0032 |
|                 Metric/cross_state_distance |            0.94 |
|           Metric/self_state_action_distance |        0.000896 |
|          Metric/cross_state_action_distance |           0.917 |
|             Metric/avg_self_state_asymmetry |               0 |
|            Metric/avg_cross_state_asymmetry |         0.00131 |
|                Metric/avg_self_sa_asymmetry |               0 |
|               Metric/avg_cross_sa_asymmetry |         0.00368 |
|  Metric/self_state_action_to_state_distance |         0.00283 |
| Metric/cross_state_action_to_state_distance |           0.921 |
|                   Metric/h_lambda_diff_self |         0.00261 |
|                  Metric/h_lambda_diff_cross |         0.00725 |
|                                 Eval/Return |             2.3 |
-----------------------------------------------------------------
-----------------------------------------------------------------
|                                 Train/Steps |        3.85e+06 |
|                            Loss/Loss_critic |        4.56e-05 |
|                             Loss/Loss_actor |         -0.0149 |
|                             Loss/Loss_alpha |        1.31e-05 |
|               Loss/Loss_state_action_metric |         0.00239 |
|                      Loss/Loss_state_metric |         0.00195 |
|             Loss/Loss_state_action_to_state |         7.5e-06 |
|                           Loss/Act_rep_loss |           0.133 |
|                        Loss/Critic_rep_loss |               0 |
|                                   SAC/Alpha |        4.49e-05 |
|                              SAC/LogPi_mean |           0.216 |
|                                 SAC/Q1_mean |          0.0139 |
|                                 SAC/Q2_mean |          0.0156 |
|                            Norm/actor_model |             100 |
|                           Norm/critic_model |            95.5 |
|              Norm/state_action_metric_model |              88 |
|                     Norm/state_metric_model |            82.9 |
|        Norm/state_action_state_metric_model |            91.2 |
|                  Metric/self_state_distance |        0.000592 |
|                 Metric/cross_state_distance |           0.933 |
|           Metric/self_state_action_distance |        0.000984 |
|          Metric/cross_state_action_distance |           0.915 |
|             Metric/avg_self_state_asymmetry |               0 |
|            Metric/avg_cross_state_asymmetry |        0.000912 |
|                Metric/avg_self_sa_asymmetry |               0 |
|               Metric/avg_cross_sa_asymmetry |           0.002 |
|  Metric/self_state_action_to_state_distance |        3.86e-05 |
| Metric/cross_state_action_to_state_distance |           0.915 |
|                   Metric/h_lambda_diff_self |        0.000961 |
|                  Metric/h_lambda_diff_cross |         0.00145 |
|                                 Eval/Return |           0.984 |
-----------------------------------------------------------------
-----------------------------------------------------------------
|                                 Train/Steps |        3.98e+06 |
|                            Loss/Loss_critic |          0.0011 |
|                             Loss/Loss_actor |         -0.0133 |
|                             Loss/Loss_alpha |       -9.12e-06 |
|               Loss/Loss_state_action_metric |         0.00205 |
|                      Loss/Loss_state_metric |         0.00153 |
|             Loss/Loss_state_action_to_state |        6.72e-05 |
|                           Loss/Act_rep_loss |           0.135 |
|                        Loss/Critic_rep_loss |               0 |
|                                   SAC/Alpha |         2.8e-05 |
|                              SAC/LogPi_mean |           0.931 |
|                                 SAC/Q1_mean |          0.0102 |
|                                 SAC/Q2_mean |          0.0138 |
|                            Norm/actor_model |             102 |
|                           Norm/critic_model |            96.9 |
|              Norm/state_action_metric_model |            90.1 |
|                     Norm/state_metric_model |            84.8 |
|        Norm/state_action_state_metric_model |            93.3 |
|                  Metric/self_state_distance |        0.000612 |
|                 Metric/cross_state_distance |           0.935 |
|           Metric/self_state_action_distance |         0.00287 |
|          Metric/cross_state_action_distance |           0.917 |
|             Metric/avg_self_state_asymmetry |               0 |
|            Metric/avg_cross_state_asymmetry |         0.00122 |
|                Metric/avg_self_sa_asymmetry |               0 |
|               Metric/avg_cross_sa_asymmetry |          0.0028 |
|  Metric/self_state_action_to_state_distance |        0.000313 |
| Metric/cross_state_action_to_state_distance |           0.918 |
|                   Metric/h_lambda_diff_self |         0.00312 |
|                  Metric/h_lambda_diff_cross |         0.00229 |
|                                 Eval/Return |            4.27 |
-----------------------------------------------------------------
-----------------------------------------------------------------
|                                 Train/Steps |         4.1e+06 |
|                            Loss/Loss_critic |         0.00338 |
|                             Loss/Loss_actor |          -0.024 |
|                             Loss/Loss_alpha |        2.42e-06 |
|               Loss/Loss_state_action_metric |          0.0253 |
|                      Loss/Loss_state_metric |          0.0134 |
|             Loss/Loss_state_action_to_state |        0.000372 |
|                           Loss/Act_rep_loss |           0.132 |
|                        Loss/Critic_rep_loss |          0.0141 |
|                                   SAC/Alpha |        3.16e-05 |
|                              SAC/LogPi_mean |            0.35 |
|                                 SAC/Q1_mean |          0.0247 |
|                                 SAC/Q2_mean |          0.0302 |
|                            Norm/actor_model |             104 |
|                           Norm/critic_model |            98.3 |
|              Norm/state_action_metric_model |            92.1 |
|                     Norm/state_metric_model |            87.8 |
|        Norm/state_action_state_metric_model |            95.7 |
|                  Metric/self_state_distance |        0.000396 |
|                 Metric/cross_state_distance |           0.949 |
|           Metric/self_state_action_distance |         0.00183 |
|          Metric/cross_state_action_distance |           0.938 |
|             Metric/avg_self_state_asymmetry |               0 |
|            Metric/avg_cross_state_asymmetry |         0.00226 |
|                Metric/avg_self_sa_asymmetry |               0 |
|               Metric/avg_cross_sa_asymmetry |         0.00285 |
|  Metric/self_state_action_to_state_distance |         0.00048 |
| Metric/cross_state_action_to_state_distance |           0.932 |
|                   Metric/h_lambda_diff_self |         0.00203 |
|                  Metric/h_lambda_diff_cross |         0.00617 |
|                                 Eval/Return |            1.62 |
-----------------------------------------------------------------
[32mSaving model …[0m
[32mDone.[0m
[32mSaving model …[0m
[32mDone.[0m
-----------------------------------------------------------------
|                                 Train/Steps |        4.23e+06 |
|                            Loss/Loss_critic |          0.0211 |
|                             Loss/Loss_actor |         -0.0519 |
|                             Loss/Loss_alpha |        7.41e-06 |
|               Loss/Loss_state_action_metric |         0.00695 |
|                      Loss/Loss_state_metric |         0.00268 |
|             Loss/Loss_state_action_to_state |        0.000762 |
|                           Loss/Act_rep_loss |           0.131 |
|                        Loss/Critic_rep_loss |          0.0677 |
|                                   SAC/Alpha |        3.65e-05 |
|                              SAC/LogPi_mean |           0.326 |
|                                 SAC/Q1_mean |          0.0565 |
|                                 SAC/Q2_mean |          0.0578 |
|                            Norm/actor_model |             105 |
|                           Norm/critic_model |            99.5 |
|              Norm/state_action_metric_model |            94.2 |
|                     Norm/state_metric_model |            90.1 |
|        Norm/state_action_state_metric_model |            98.5 |
|                  Metric/self_state_distance |        0.000526 |
|                 Metric/cross_state_distance |           0.942 |
|           Metric/self_state_action_distance |        0.000858 |
|          Metric/cross_state_action_distance |           0.922 |
|             Metric/avg_self_state_asymmetry |               0 |
|            Metric/avg_cross_state_asymmetry |         0.00322 |
|                Metric/avg_self_sa_asymmetry |               0 |
|               Metric/avg_cross_sa_asymmetry |         0.00373 |
|  Metric/self_state_action_to_state_distance |        0.000136 |
| Metric/cross_state_action_to_state_distance |           0.923 |
|                   Metric/h_lambda_diff_self |        0.000754 |
|                  Metric/h_lambda_diff_cross |         0.00592 |
|                                 Eval/Return |            1.87 |
-----------------------------------------------------------------
-----------------------------------------------------------------
|                                 Train/Steps |        4.36e+06 |
|                            Loss/Loss_critic |         0.00463 |
|                             Loss/Loss_actor |          -0.016 |
|                             Loss/Loss_alpha |       -8.85e-06 |
|               Loss/Loss_state_action_metric |          0.0102 |
|                      Loss/Loss_state_metric |         0.00229 |
|             Loss/Loss_state_action_to_state |        0.000411 |
|                           Loss/Act_rep_loss |           0.135 |
|                        Loss/Critic_rep_loss |               0 |
|                                   SAC/Alpha |        2.49e-05 |
|                              SAC/LogPi_mean |           0.907 |
|                                 SAC/Q1_mean |          0.0179 |
|                                 SAC/Q2_mean |          0.0172 |
|                            Norm/actor_model |             107 |
|                           Norm/critic_model |             101 |
|              Norm/state_action_metric_model |            96.7 |
|                     Norm/state_metric_model |              92 |
|        Norm/state_action_state_metric_model |             101 |
|                  Metric/self_state_distance |        0.000744 |
|                 Metric/cross_state_distance |           0.933 |
|           Metric/self_state_action_distance |          0.0176 |
|          Metric/cross_state_action_distance |           0.914 |
|             Metric/avg_self_state_asymmetry |               0 |
|            Metric/avg_cross_state_asymmetry |        0.000957 |
|                Metric/avg_self_sa_asymmetry |               0 |
|               Metric/avg_cross_sa_asymmetry |         0.00674 |
|  Metric/self_state_action_to_state_distance |        0.000139 |
| Metric/cross_state_action_to_state_distance |           0.911 |
|                   Metric/h_lambda_diff_self |          0.0178 |
|                  Metric/h_lambda_diff_cross |         0.00769 |
|                                 Eval/Return |           0.453 |
-----------------------------------------------------------------
-----------------------------------------------------------------
|                                 Train/Steps |        4.49e+06 |
|                            Loss/Loss_critic |         0.00347 |
|                             Loss/Loss_actor |         -0.0332 |
|                             Loss/Loss_alpha |       -1.68e-06 |
|               Loss/Loss_state_action_metric |          0.0185 |
|                      Loss/Loss_state_metric |         0.00897 |
|             Loss/Loss_state_action_to_state |         0.00028 |
|                           Loss/Act_rep_loss |           0.128 |
|                        Loss/Critic_rep_loss |          0.0179 |
|                                   SAC/Alpha |        2.59e-05 |
|                              SAC/LogPi_mean |            0.42 |
|                                 SAC/Q1_mean |          0.0379 |
|                                 SAC/Q2_mean |          0.0333 |
|                            Norm/actor_model |             109 |
|                           Norm/critic_model |             102 |
|              Norm/state_action_metric_model |            97.9 |
|                     Norm/state_metric_model |            94.5 |
|        Norm/state_action_state_metric_model |             103 |
|                  Metric/self_state_distance |        0.000434 |
|                 Metric/cross_state_distance |           0.947 |
|           Metric/self_state_action_distance |        0.000545 |
|          Metric/cross_state_action_distance |           0.932 |
|             Metric/avg_self_state_asymmetry |               0 |
|            Metric/avg_cross_state_asymmetry |         0.00133 |
|                Metric/avg_self_sa_asymmetry |               0 |
|               Metric/avg_cross_sa_asymmetry |         0.00261 |
|  Metric/self_state_action_to_state_distance |        0.000484 |
| Metric/cross_state_action_to_state_distance |           0.931 |
|                   Metric/h_lambda_diff_self |        0.000728 |
|                  Metric/h_lambda_diff_cross |         0.00391 |
|                                 Eval/Return |             3.8 |
-----------------------------------------------------------------
-----------------------------------------------------------------
|                                 Train/Steps |        4.62e+06 |
|                            Loss/Loss_critic |           0.005 |
|                             Loss/Loss_actor |         -0.0175 |
|                             Loss/Loss_alpha |        1.07e-06 |
|               Loss/Loss_state_action_metric |         0.00162 |
|                      Loss/Loss_state_metric |         0.00116 |
|             Loss/Loss_state_action_to_state |        2.61e-05 |
|                           Loss/Act_rep_loss |           0.134 |
|                        Loss/Critic_rep_loss |         0.00206 |
|                                   SAC/Alpha |        3.02e-05 |
|                              SAC/LogPi_mean |           0.471 |
|                                 SAC/Q1_mean |          0.0169 |
|                                 SAC/Q2_mean |           0.018 |
|                            Norm/actor_model |             111 |
|                           Norm/critic_model |             103 |
|              Norm/state_action_metric_model |            99.5 |
|                     Norm/state_metric_model |            96.4 |
|        Norm/state_action_state_metric_model |             105 |
|                  Metric/self_state_distance |        0.000187 |
|                 Metric/cross_state_distance |           0.941 |
|           Metric/self_state_action_distance |         0.00163 |
|          Metric/cross_state_action_distance |           0.915 |
|             Metric/avg_self_state_asymmetry |               0 |
|            Metric/avg_cross_state_asymmetry |         0.00113 |
|                Metric/avg_self_sa_asymmetry |               0 |
|               Metric/avg_cross_sa_asymmetry |         0.00284 |
|  Metric/self_state_action_to_state_distance |        0.000144 |
| Metric/cross_state_action_to_state_distance |           0.918 |
|                   Metric/h_lambda_diff_self |         0.00149 |
|                  Metric/h_lambda_diff_cross |         0.00401 |
|                                 Eval/Return |           0.328 |
-----------------------------------------------------------------
-----------------------------------------------------------------
|                                 Train/Steps |        4.74e+06 |
|                            Loss/Loss_critic |        0.000258 |
|                             Loss/Loss_actor |         -0.0143 |
|                             Loss/Loss_alpha |       -1.15e-05 |
|               Loss/Loss_state_action_metric |         0.00158 |
|                      Loss/Loss_state_metric |         0.00109 |
|             Loss/Loss_state_action_to_state |        6.58e-05 |
|                           Loss/Act_rep_loss |           0.134 |
|                        Loss/Critic_rep_loss |               0 |
|                                   SAC/Alpha |        4.68e-05 |
|                              SAC/LogPi_mean |           0.745 |
|                                 SAC/Q1_mean |          0.0147 |
|                                 SAC/Q2_mean |          0.0164 |
|                            Norm/actor_model |             112 |
|                           Norm/critic_model |             104 |
|              Norm/state_action_metric_model |             101 |
|                     Norm/state_metric_model |            98.4 |
|        Norm/state_action_state_metric_model |             107 |
|                  Metric/self_state_distance |        0.000456 |
|                 Metric/cross_state_distance |           0.935 |
|           Metric/self_state_action_distance |         0.00145 |
|          Metric/cross_state_action_distance |           0.922 |
|             Metric/avg_self_state_asymmetry |               0 |
|            Metric/avg_cross_state_asymmetry |        0.000899 |
|                Metric/avg_self_sa_asymmetry |               0 |
|               Metric/avg_cross_sa_asymmetry |         0.00229 |
|  Metric/self_state_action_to_state_distance |        0.000486 |
| Metric/cross_state_action_to_state_distance |           0.918 |
|                   Metric/h_lambda_diff_self |          0.0011 |
|                  Metric/h_lambda_diff_cross |         0.00467 |
|                                 Eval/Return |           0.352 |
-----------------------------------------------------------------
-----------------------------------------------------------------
|                                 Train/Steps |        4.87e+06 |
|                            Loss/Loss_critic |        0.000235 |
|                             Loss/Loss_actor |          -0.019 |
|                             Loss/Loss_alpha |       -8.15e-06 |
|               Loss/Loss_state_action_metric |         0.00209 |
|                      Loss/Loss_state_metric |         0.00119 |
|             Loss/Loss_state_action_to_state |        1.85e-05 |
|                           Loss/Act_rep_loss |           0.136 |
|                        Loss/Critic_rep_loss |        0.000241 |
|                                   SAC/Alpha |        5.53e-05 |
|                              SAC/LogPi_mean |           0.793 |
|                                 SAC/Q1_mean |           0.022 |
|                                 SAC/Q2_mean |          0.0187 |
|                            Norm/actor_model |             114 |
|                           Norm/critic_model |             106 |
|              Norm/state_action_metric_model |             103 |
|                     Norm/state_metric_model |             100 |
|        Norm/state_action_state_metric_model |             109 |
|                  Metric/self_state_distance |        0.000645 |
|                 Metric/cross_state_distance |           0.941 |
|           Metric/self_state_action_distance |        0.000356 |
|          Metric/cross_state_action_distance |           0.914 |
|             Metric/avg_self_state_asymmetry |               0 |
|            Metric/avg_cross_state_asymmetry |         0.00135 |
|                Metric/avg_self_sa_asymmetry |               0 |
|               Metric/avg_cross_sa_asymmetry |         0.00239 |
|  Metric/self_state_action_to_state_distance |        0.000238 |
| Metric/cross_state_action_to_state_distance |           0.918 |
|                   Metric/h_lambda_diff_self |        0.000353 |
|                  Metric/h_lambda_diff_cross |          0.0042 |
|                                 Eval/Return |           0.422 |
-----------------------------------------------------------------
-----------------------------------------------------------------
|                                 Train/Steps |           5e+06 |
|                            Loss/Loss_critic |         0.00116 |
|                             Loss/Loss_actor |         -0.0598 |
|                             Loss/Loss_alpha |       -3.94e-06 |
|               Loss/Loss_state_action_metric |          0.0685 |
|                      Loss/Loss_state_metric |          0.0304 |
|             Loss/Loss_state_action_to_state |         0.00135 |
|                           Loss/Act_rep_loss |           0.135 |
|                        Loss/Critic_rep_loss |          0.0382 |
|                                   SAC/Alpha |        4.79e-05 |
|                              SAC/LogPi_mean |           0.608 |
|                                 SAC/Q1_mean |           0.065 |
|                                 SAC/Q2_mean |          0.0623 |
|                            Norm/actor_model |             116 |
|                           Norm/critic_model |             107 |
|              Norm/state_action_metric_model |             105 |
|                     Norm/state_metric_model |             103 |
|        Norm/state_action_state_metric_model |             111 |
|                  Metric/self_state_distance |        0.000474 |
|                 Metric/cross_state_distance |           0.968 |
|           Metric/self_state_action_distance |         0.00305 |
|          Metric/cross_state_action_distance |            0.97 |
|             Metric/avg_self_state_asymmetry |               0 |
|            Metric/avg_cross_state_asymmetry |         0.00373 |
|                Metric/avg_self_sa_asymmetry |               0 |
|               Metric/avg_cross_sa_asymmetry |         0.00667 |
|  Metric/self_state_action_to_state_distance |           0.001 |
| Metric/cross_state_action_to_state_distance |           0.976 |
|                   Metric/h_lambda_diff_self |         0.00238 |
|                  Metric/h_lambda_diff_cross |         0.00923 |
|                                 Eval/Return |             1.3 |
-----------------------------------------------------------------
[32mSaving model …[0m
[32mDone.[0m
[32mSaving model …[0m
[32mDone.[0m
