E0905 01:50:00.160030  648132 cuda_executor.cc:1526] Could not get kernel mode driver version: (INVALID_ARGUMENT: Version does not match the format X.Y.Z)
E0905 01:50:00.168529  648023 cuda_executor.cc:1526] Could not get kernel mode driver version: (INVALID_ARGUMENT: Version does not match the format X.Y.Z)
[32mStart prefilling replay buffer[0m
[32mStart SAC training[0m
[32m{'log_freq': 1000, 'save_freq': 1000000, 'eval_episode_freq': 10, 'hidden_size': 256, 'lr': 0.001, 'max_grad_norm': 0.0, 'gamma': 0.99, 'update_tau': 0.005, 'train_per_step': 8, 'episode_length': 1000, 'warmup_samples': 8192, 'max_replay_size': 4000000, 'batch_size': 512, 'total_env_steps': 5000000, 'init_temperature': 0.1, 'nstep': 3, 'bootstrap_on_truncation': True, 'rep_lr_scale': 1.5, 'critic_rep_metric_scale': 1.0, 'critic_rep_scale': 0.05, 'vis_feq': 100000, 'n_vis_frames': 4, 'num_envs': 128, 'grad_steps': 50, 'transfer_freq': 10, 'transfer_steps': 8, 'reward_scaling': 1.0, 'num_eval_envs': 128, 'target_entropy': -1.0}[0m
[32m[nstep] nstep=3 bootstrap_on_truncation=True (discount from the buffer already contains gamma^nstep)[0m
-----------------------------------------------------------------
|                                 Train/Steps |        1.36e+05 |
|                            Loss/Loss_critic |        2.12e-07 |
|                             Loss/Loss_actor |          -0.358 |
|                             Loss/Loss_alpha |         0.00365 |
|               Loss/Loss_state_action_metric |         0.00329 |
|                      Loss/Loss_state_metric |         0.00275 |
|             Loss/Loss_state_action_to_state |        5.11e-06 |
|                           Loss/Act_rep_loss |           0.159 |
|                        Loss/Critic_rep_loss |               0 |
|                                   SAC/Alpha |         0.00154 |
|                              SAC/LogPi_mean |           -1.36 |
|                                 SAC/Q1_mean |           0.356 |
|                                 SAC/Q2_mean |           0.356 |
|                            Norm/actor_model |            17.7 |
|                           Norm/critic_model |            22.8 |
|              Norm/state_action_metric_model |            30.2 |
|                     Norm/state_metric_model |            30.3 |
|        Norm/state_action_state_metric_model |            30.7 |
|                  Metric/self_state_distance |         0.00173 |
|                 Metric/cross_state_distance |           0.914 |
|           Metric/self_state_action_distance |        0.000424 |
|          Metric/cross_state_action_distance |           0.897 |
|             Metric/avg_self_state_asymmetry |               0 |
|            Metric/avg_cross_state_asymmetry |         0.00112 |
|                Metric/avg_self_sa_asymmetry |               0 |
|               Metric/avg_cross_sa_asymmetry |         0.00167 |
|  Metric/self_state_action_to_state_distance |        0.000622 |
| Metric/cross_state_action_to_state_distance |           0.898 |
|                   Metric/h_lambda_diff_self |        0.000715 |
|                  Metric/h_lambda_diff_cross |         0.00172 |
|                                 Eval/Return |               0 |
-----------------------------------------------------------------
-----------------------------------------------------------------
|                                 Train/Steps |        2.64e+05 |
|                            Loss/Loss_critic |        2.53e-08 |
|                             Loss/Loss_actor |          -0.114 |
|                             Loss/Loss_alpha |        0.000122 |
|               Loss/Loss_state_action_metric |          0.0026 |
|                      Loss/Loss_state_metric |         0.00206 |
|             Loss/Loss_state_action_to_state |        4.78e-06 |
|                           Loss/Act_rep_loss |           0.166 |
|                        Loss/Critic_rep_loss |               0 |
|                                   SAC/Alpha |        6.61e-05 |
|                              SAC/LogPi_mean |          -0.835 |
|                                 SAC/Q1_mean |           0.115 |
|                                 SAC/Q2_mean |           0.114 |
|                            Norm/actor_model |            24.5 |
|                           Norm/critic_model |            22.7 |
|              Norm/state_action_metric_model |            31.3 |
|                     Norm/state_metric_model |            30.3 |
|        Norm/state_action_state_metric_model |            32.3 |
|                  Metric/self_state_distance |         0.00148 |
|                 Metric/cross_state_distance |           0.915 |
|           Metric/self_state_action_distance |         0.00111 |
|          Metric/cross_state_action_distance |           0.899 |
|             Metric/avg_self_state_asymmetry |               0 |
|            Metric/avg_cross_state_asymmetry |         0.00127 |
|                Metric/avg_self_sa_asymmetry |               0 |
|               Metric/avg_cross_sa_asymmetry |         0.00123 |
|  Metric/self_state_action_to_state_distance |        0.000306 |
| Metric/cross_state_action_to_state_distance |             0.9 |
|                   Metric/h_lambda_diff_self |          0.0009 |
|                  Metric/h_lambda_diff_cross |         0.00172 |
|                                 Eval/Return |               0 |
-----------------------------------------------------------------
-----------------------------------------------------------------
|                                 Train/Steps |        3.92e+05 |
|                            Loss/Loss_critic |        7.74e-09 |
|                             Loss/Loss_actor |         -0.0343 |
|                             Loss/Loss_alpha |       -3.12e-06 |
|               Loss/Loss_state_action_metric |          0.0022 |
|                      Loss/Loss_state_metric |         0.00165 |
|             Loss/Loss_state_action_to_state |        9.28e-07 |
|                           Loss/Act_rep_loss |           0.167 |
|                        Loss/Critic_rep_loss |               0 |
|                                   SAC/Alpha |        6.78e-06 |
|                              SAC/LogPi_mean |            1.59 |
|                                 SAC/Q1_mean |          0.0343 |
|                                 SAC/Q2_mean |          0.0345 |
|                            Norm/actor_model |            29.8 |
|                           Norm/critic_model |            22.8 |
|              Norm/state_action_metric_model |            32.6 |
|                     Norm/state_metric_model |            31.4 |
|        Norm/state_action_state_metric_model |            34.6 |
|                  Metric/self_state_distance |         0.00185 |
|                 Metric/cross_state_distance |           0.917 |
|           Metric/self_state_action_distance |          0.0015 |
|          Metric/cross_state_action_distance |             0.9 |
|             Metric/avg_self_state_asymmetry |               0 |
|            Metric/avg_cross_state_asymmetry |        0.000899 |
|                Metric/avg_self_sa_asymmetry |               0 |
|               Metric/avg_cross_sa_asymmetry |        0.000652 |
|  Metric/self_state_action_to_state_distance |        0.000278 |
| Metric/cross_state_action_to_state_distance |             0.9 |
|                   Metric/h_lambda_diff_self |         0.00137 |
|                  Metric/h_lambda_diff_cross |        0.000755 |
|                                 Eval/Return |               0 |
-----------------------------------------------------------------
-----------------------------------------------------------------
|                                 Train/Steps |         5.2e+05 |
|                            Loss/Loss_critic |           0.181 |
|                             Loss/Loss_actor |           -2.88 |
|                             Loss/Loss_alpha |        6.37e-05 |
|               Loss/Loss_state_action_metric |           0.476 |
|                      Loss/Loss_state_metric |           0.153 |
|             Loss/Loss_state_action_to_state |         0.00402 |
|                           Loss/Act_rep_loss |           0.035 |
|                        Loss/Critic_rep_loss |            3.99 |
|                                   SAC/Alpha |           0.016 |
|                              SAC/LogPi_mean |            1.04 |
|                                 SAC/Q1_mean |            2.81 |
|                                 SAC/Q2_mean |             2.8 |
|                            Norm/actor_model |            41.2 |
|                           Norm/critic_model |            54.4 |
|              Norm/state_action_metric_model |            44.2 |
|                     Norm/state_metric_model |            42.1 |
|        Norm/state_action_state_metric_model |            44.5 |
|                  Metric/self_state_distance |         0.00414 |
|                 Metric/cross_state_distance |            1.16 |
|           Metric/self_state_action_distance |          0.0296 |
|          Metric/cross_state_action_distance |            1.34 |
|             Metric/avg_self_state_asymmetry |               0 |
|            Metric/avg_cross_state_asymmetry |          0.0227 |
|                Metric/avg_self_sa_asymmetry |               0 |
|               Metric/avg_cross_sa_asymmetry |          0.0369 |
|  Metric/self_state_action_to_state_distance |         0.00994 |
| Metric/cross_state_action_to_state_distance |            1.32 |
|                   Metric/h_lambda_diff_self |           0.023 |
|                  Metric/h_lambda_diff_cross |           0.033 |
|                                 Eval/Return |             888 |
-----------------------------------------------------------------
-----------------------------------------------------------------
|                                 Train/Steps |        6.48e+05 |
|                            Loss/Loss_critic |           0.877 |
|                             Loss/Loss_actor |           -17.7 |
|                             Loss/Loss_alpha |         -0.0168 |
|               Loss/Loss_state_action_metric |            2.26 |
|                      Loss/Loss_state_metric |            1.01 |
|             Loss/Loss_state_action_to_state |         0.00273 |
|                           Loss/Act_rep_loss |          0.0329 |
|                        Loss/Critic_rep_loss |            17.7 |
|                                   SAC/Alpha |           0.144 |
|                              SAC/LogPi_mean |            1.18 |
|                                 SAC/Q1_mean |            17.7 |
|                                 SAC/Q2_mean |            17.8 |
|                            Norm/actor_model |            50.4 |
|                           Norm/critic_model |            77.3 |
|              Norm/state_action_metric_model |            47.7 |
|                     Norm/state_metric_model |            46.7 |
|        Norm/state_action_state_metric_model |            55.2 |
|                  Metric/self_state_distance |          0.0341 |
|                 Metric/cross_state_distance |            2.05 |
|           Metric/self_state_action_distance |          0.0644 |
|          Metric/cross_state_action_distance |            2.74 |
|             Metric/avg_self_state_asymmetry |               0 |
|            Metric/avg_cross_state_asymmetry |          0.0431 |
|                Metric/avg_self_sa_asymmetry |               0 |
|               Metric/avg_cross_sa_asymmetry |          0.0454 |
|  Metric/self_state_action_to_state_distance |          0.0111 |
| Metric/cross_state_action_to_state_distance |            2.67 |
|                   Metric/h_lambda_diff_self |           0.057 |
|                  Metric/h_lambda_diff_cross |          0.0785 |
|                                 Eval/Return |             953 |
-----------------------------------------------------------------
-----------------------------------------------------------------
|                                 Train/Steps |        7.76e+05 |
|                            Loss/Loss_critic |           0.541 |
|                             Loss/Loss_actor |             -30 |
|                             Loss/Loss_alpha |        -0.00177 |
|               Loss/Loss_state_action_metric |            2.76 |
|                      Loss/Loss_state_metric |            1.18 |
|             Loss/Loss_state_action_to_state |         0.00281 |
|                           Loss/Act_rep_loss |           0.037 |
|                        Loss/Critic_rep_loss |            21.1 |
|                                   SAC/Alpha |           0.188 |
|                              SAC/LogPi_mean |            1.09 |
|                                 SAC/Q1_mean |              30 |
|                                 SAC/Q2_mean |              30 |
|                            Norm/actor_model |            56.5 |
|                           Norm/critic_model |            87.8 |
|              Norm/state_action_metric_model |            50.1 |
|                     Norm/state_metric_model |            56.9 |
|        Norm/state_action_state_metric_model |            58.4 |
|                  Metric/self_state_distance |          0.0102 |
|                 Metric/cross_state_distance |            2.32 |
|           Metric/self_state_action_distance |           0.035 |
|          Metric/cross_state_action_distance |            3.26 |
|             Metric/avg_self_state_asymmetry |               0 |
|            Metric/avg_cross_state_asymmetry |          0.0436 |
|                Metric/avg_self_sa_asymmetry |               0 |
|               Metric/avg_cross_sa_asymmetry |          0.0416 |
|  Metric/self_state_action_to_state_distance |          0.0143 |
| Metric/cross_state_action_to_state_distance |            3.22 |
|                   Metric/h_lambda_diff_self |          0.0229 |
|                  Metric/h_lambda_diff_cross |          0.0645 |
|                                 Eval/Return |             954 |
-----------------------------------------------------------------
-----------------------------------------------------------------
|                                 Train/Steps |        9.04e+05 |
|                            Loss/Loss_critic |           0.598 |
|                             Loss/Loss_actor |           -40.5 |
|                             Loss/Loss_alpha |         0.00701 |
|               Loss/Loss_state_action_metric |            3.53 |
|                      Loss/Loss_state_metric |            1.57 |
|             Loss/Loss_state_action_to_state |         0.00305 |
|                           Loss/Act_rep_loss |          0.0247 |
|                        Loss/Critic_rep_loss |            24.8 |
|                                   SAC/Alpha |           0.212 |
|                              SAC/LogPi_mean |           0.883 |
|                                 SAC/Q1_mean |            40.4 |
|                                 SAC/Q2_mean |            40.3 |
|                            Norm/actor_model |            61.9 |
|                           Norm/critic_model |            95.5 |
|              Norm/state_action_metric_model |            52.7 |
|                     Norm/state_metric_model |            68.2 |
|        Norm/state_action_state_metric_model |            60.9 |
|                  Metric/self_state_distance |          0.0147 |
|                 Metric/cross_state_distance |            2.65 |
|           Metric/self_state_action_distance |          0.0571 |
|          Metric/cross_state_action_distance |            3.68 |
|             Metric/avg_self_state_asymmetry |               0 |
|            Metric/avg_cross_state_asymmetry |            0.03 |
|                Metric/avg_self_sa_asymmetry |               0 |
|               Metric/avg_cross_sa_asymmetry |          0.0524 |
|  Metric/self_state_action_to_state_distance |         0.00894 |
| Metric/cross_state_action_to_state_distance |            3.65 |
|                   Metric/h_lambda_diff_self |          0.0485 |
|                  Metric/h_lambda_diff_cross |          0.0546 |
|                                 Eval/Return |             953 |
-----------------------------------------------------------------
-----------------------------------------------------------------
|                                 Train/Steps |        1.03e+06 |
|                            Loss/Loss_critic |            1.16 |
|                             Loss/Loss_actor |           -53.7 |
|                             Loss/Loss_alpha |         -0.0363 |
|               Loss/Loss_state_action_metric |            3.94 |
|                      Loss/Loss_state_metric |            1.77 |
|             Loss/Loss_state_action_to_state |           0.003 |
|                           Loss/Act_rep_loss |          0.0175 |
|                        Loss/Critic_rep_loss |            27.4 |
|                                   SAC/Alpha |           0.189 |
|                              SAC/LogPi_mean |            1.14 |
|                                 SAC/Q1_mean |            53.6 |
|                                 SAC/Q2_mean |            53.5 |
|                            Norm/actor_model |            68.7 |
|                           Norm/critic_model |             102 |
|              Norm/state_action_metric_model |            55.2 |
|                     Norm/state_metric_model |            74.7 |
|        Norm/state_action_state_metric_model |            63.4 |
|                  Metric/self_state_distance |           0.011 |
|                 Metric/cross_state_distance |            2.78 |
|           Metric/self_state_action_distance |          0.0378 |
|          Metric/cross_state_action_distance |            3.87 |
|             Metric/avg_self_state_asymmetry |               0 |
|            Metric/avg_cross_state_asymmetry |           0.035 |
|                Metric/avg_self_sa_asymmetry |               0 |
|               Metric/avg_cross_sa_asymmetry |          0.0372 |
|  Metric/self_state_action_to_state_distance |         0.00867 |
| Metric/cross_state_action_to_state_distance |            3.85 |
|                   Metric/h_lambda_diff_self |          0.0293 |
|                  Metric/h_lambda_diff_cross |          0.0477 |
|                                 Eval/Return |             955 |
-----------------------------------------------------------------
[32mSaving model …[0m
[32mDone.[0m
[32mSaving model …[0m
[32mDone.[0m
-----------------------------------------------------------------
|                                 Train/Steps |        1.16e+06 |
|                            Loss/Loss_critic |           0.711 |
|                             Loss/Loss_actor |           -58.9 |
|                             Loss/Loss_alpha |          0.0292 |
|               Loss/Loss_state_action_metric |            3.42 |
|                      Loss/Loss_state_metric |            1.44 |
|             Loss/Loss_state_action_to_state |         0.00189 |
|                           Loss/Act_rep_loss |           0.029 |
|                        Loss/Critic_rep_loss |            27.2 |
|                                   SAC/Alpha |            0.19 |
|                              SAC/LogPi_mean |           0.812 |
|                                 SAC/Q1_mean |            58.6 |
|                                 SAC/Q2_mean |            58.6 |
|                            Norm/actor_model |            76.4 |
|                           Norm/critic_model |             108 |
|              Norm/state_action_metric_model |            57.6 |
|                     Norm/state_metric_model |            80.9 |
|        Norm/state_action_state_metric_model |            65.6 |
|                  Metric/self_state_distance |         0.00247 |
|                 Metric/cross_state_distance |             2.6 |
|           Metric/self_state_action_distance |          0.0192 |
|          Metric/cross_state_action_distance |            3.77 |
|             Metric/avg_self_state_asymmetry |               0 |
|            Metric/avg_cross_state_asymmetry |          0.0381 |
|                Metric/avg_self_sa_asymmetry |               0 |
|               Metric/avg_cross_sa_asymmetry |          0.0374 |
|  Metric/self_state_action_to_state_distance |          0.0104 |
| Metric/cross_state_action_to_state_distance |            3.79 |
|                   Metric/h_lambda_diff_self |           0.011 |
|                  Metric/h_lambda_diff_cross |           0.049 |
|                                 Eval/Return |             954 |
-----------------------------------------------------------------
-----------------------------------------------------------------
|                                 Train/Steps |        1.29e+06 |
|                            Loss/Loss_critic |           0.903 |
|                             Loss/Loss_actor |           -65.3 |
|                             Loss/Loss_alpha |          0.0214 |
|               Loss/Loss_state_action_metric |            3.51 |
|                      Loss/Loss_state_metric |            1.63 |
|             Loss/Loss_state_action_to_state |         0.00374 |
|                           Loss/Act_rep_loss |           0.028 |
|                        Loss/Critic_rep_loss |            27.2 |
|                                   SAC/Alpha |           0.172 |
|                              SAC/LogPi_mean |           0.913 |
|                                 SAC/Q1_mean |            64.9 |
|                                 SAC/Q2_mean |            64.9 |
|                            Norm/actor_model |            83.1 |
|                           Norm/critic_model |             113 |
|              Norm/state_action_metric_model |              60 |
|                     Norm/state_metric_model |            85.8 |
|        Norm/state_action_state_metric_model |            67.9 |
|                  Metric/self_state_distance |         0.00681 |
|                 Metric/cross_state_distance |            2.67 |
|           Metric/self_state_action_distance |          0.0287 |
|          Metric/cross_state_action_distance |            3.76 |
|             Metric/avg_self_state_asymmetry |               0 |
|            Metric/avg_cross_state_asymmetry |          0.0303 |
|                Metric/avg_self_sa_asymmetry |               0 |
|               Metric/avg_cross_sa_asymmetry |          0.0407 |
|  Metric/self_state_action_to_state_distance |         0.00508 |
| Metric/cross_state_action_to_state_distance |            3.77 |
|                   Metric/h_lambda_diff_self |          0.0237 |
|                  Metric/h_lambda_diff_cross |          0.0457 |
|                                 Eval/Return |             955 |
-----------------------------------------------------------------
-----------------------------------------------------------------
|                                 Train/Steps |        1.42e+06 |
|                            Loss/Loss_critic |           0.791 |
|                             Loss/Loss_actor |             -72 |
|                             Loss/Loss_alpha |         -0.0207 |
|               Loss/Loss_state_action_metric |            3.09 |
|                      Loss/Loss_state_metric |            1.46 |
|             Loss/Loss_state_action_to_state |         0.00217 |
|                           Loss/Act_rep_loss |         0.00979 |
|                        Loss/Critic_rep_loss |            25.7 |
|                                   SAC/Alpha |           0.164 |
|                              SAC/LogPi_mean |            1.17 |
|                                 SAC/Q1_mean |            71.8 |
|                                 SAC/Q2_mean |            71.7 |
|                            Norm/actor_model |            89.2 |
|                           Norm/critic_model |             117 |
|              Norm/state_action_metric_model |            62.5 |
|                     Norm/state_metric_model |            91.7 |
|        Norm/state_action_state_metric_model |            70.4 |
|                  Metric/self_state_distance |         0.00654 |
|                 Metric/cross_state_distance |            2.64 |
|           Metric/self_state_action_distance |         0.00744 |
|          Metric/cross_state_action_distance |            3.62 |
|             Metric/avg_self_state_asymmetry |               0 |
|            Metric/avg_cross_state_asymmetry |          0.0454 |
|                Metric/avg_self_sa_asymmetry |               0 |
|               Metric/avg_cross_sa_asymmetry |          0.0422 |
|  Metric/self_state_action_to_state_distance |         0.00328 |
| Metric/cross_state_action_to_state_distance |            3.69 |
|                   Metric/h_lambda_diff_self |         0.00519 |
|                  Metric/h_lambda_diff_cross |           0.105 |
|                                 Eval/Return |             957 |
-----------------------------------------------------------------
-----------------------------------------------------------------
|                                 Train/Steps |        1.54e+06 |
|                            Loss/Loss_critic |           0.753 |
|                             Loss/Loss_actor |           -74.7 |
|                             Loss/Loss_alpha |        -0.00512 |
|               Loss/Loss_state_action_metric |            3.54 |
|                      Loss/Loss_state_metric |            1.49 |
|             Loss/Loss_state_action_to_state |         0.00195 |
|                           Loss/Act_rep_loss |         0.00938 |
|                        Loss/Critic_rep_loss |            22.8 |
|                                   SAC/Alpha |           0.135 |
|                              SAC/LogPi_mean |           0.927 |
|                                 SAC/Q1_mean |            74.4 |
|                                 SAC/Q2_mean |            74.3 |
|                            Norm/actor_model |            94.5 |
|                           Norm/critic_model |             120 |
|              Norm/state_action_metric_model |            64.9 |
|                     Norm/state_metric_model |            96.1 |
|        Norm/state_action_state_metric_model |            72.8 |
|                  Metric/self_state_distance |         0.00402 |
|                 Metric/cross_state_distance |            2.51 |
|           Metric/self_state_action_distance |          0.0101 |
|          Metric/cross_state_action_distance |             3.6 |
|             Metric/avg_self_state_asymmetry |               0 |
|            Metric/avg_cross_state_asymmetry |          0.0237 |
|                Metric/avg_self_sa_asymmetry |               0 |
|               Metric/avg_cross_sa_asymmetry |          0.0372 |
|  Metric/self_state_action_to_state_distance |         0.00414 |
| Metric/cross_state_action_to_state_distance |            3.56 |
|                   Metric/h_lambda_diff_self |         0.00872 |
|                  Metric/h_lambda_diff_cross |          0.0512 |
|                                 Eval/Return |             956 |
-----------------------------------------------------------------
-----------------------------------------------------------------
|                                 Train/Steps |        1.67e+06 |
|                            Loss/Loss_critic |           0.719 |
|                             Loss/Loss_actor |           -77.5 |
|                             Loss/Loss_alpha |        -0.00622 |
|               Loss/Loss_state_action_metric |            3.12 |
|                      Loss/Loss_state_metric |            1.44 |
|             Loss/Loss_state_action_to_state |         0.00305 |
|                           Loss/Act_rep_loss |          0.0102 |
|                        Loss/Critic_rep_loss |            21.9 |
|                                   SAC/Alpha |           0.114 |
|                              SAC/LogPi_mean |            1.16 |
|                                 SAC/Q1_mean |            77.2 |
|                                 SAC/Q2_mean |            77.2 |
|                            Norm/actor_model |             100 |
|                           Norm/critic_model |             124 |
|              Norm/state_action_metric_model |            67.6 |
|                     Norm/state_metric_model |             101 |
|        Norm/state_action_state_metric_model |            75.2 |
|                  Metric/self_state_distance |         0.00141 |
|                 Metric/cross_state_distance |            2.47 |
|           Metric/self_state_action_distance |          0.0108 |
|          Metric/cross_state_action_distance |            3.42 |
|             Metric/avg_self_state_asymmetry |               0 |
|            Metric/avg_cross_state_asymmetry |          0.0265 |
|                Metric/avg_self_sa_asymmetry |               0 |
|               Metric/avg_cross_sa_asymmetry |          0.0448 |
|  Metric/self_state_action_to_state_distance |          0.0014 |
| Metric/cross_state_action_to_state_distance |            3.35 |
|                   Metric/h_lambda_diff_self |         0.00944 |
|                  Metric/h_lambda_diff_cross |          0.0736 |
|                                 Eval/Return |             957 |
-----------------------------------------------------------------
-----------------------------------------------------------------
|                                 Train/Steps |         1.8e+06 |
|                            Loss/Loss_critic |           0.475 |
|                             Loss/Loss_actor |           -78.2 |
|                             Loss/Loss_alpha |         -0.0115 |
|               Loss/Loss_state_action_metric |            3.43 |
|                      Loss/Loss_state_metric |            1.55 |
|             Loss/Loss_state_action_to_state |         0.00167 |
|                           Loss/Act_rep_loss |         0.00984 |
|                        Loss/Critic_rep_loss |            22.9 |
|                                   SAC/Alpha |           0.103 |
|                              SAC/LogPi_mean |           0.983 |
|                                 SAC/Q1_mean |              78 |
|                                 SAC/Q2_mean |            78.1 |
|                            Norm/actor_model |             105 |
|                           Norm/critic_model |             126 |
|              Norm/state_action_metric_model |            70.8 |
|                     Norm/state_metric_model |             105 |
|        Norm/state_action_state_metric_model |            77.6 |
|                  Metric/self_state_distance |         0.00143 |
|                 Metric/cross_state_distance |            2.58 |
|           Metric/self_state_action_distance |         0.00691 |
|          Metric/cross_state_action_distance |             3.5 |
|             Metric/avg_self_state_asymmetry |               0 |
|            Metric/avg_cross_state_asymmetry |          0.0238 |
|                Metric/avg_self_sa_asymmetry |               0 |
|               Metric/avg_cross_sa_asymmetry |          0.0348 |
|  Metric/self_state_action_to_state_distance |         0.00174 |
| Metric/cross_state_action_to_state_distance |            3.53 |
|                   Metric/h_lambda_diff_self |         0.00619 |
|                  Metric/h_lambda_diff_cross |          0.0425 |
|                                 Eval/Return |             956 |
-----------------------------------------------------------------
-----------------------------------------------------------------
|                                 Train/Steps |        1.93e+06 |
|                            Loss/Loss_critic |           0.495 |
|                             Loss/Loss_actor |           -82.1 |
|                             Loss/Loss_alpha |         0.00229 |
|               Loss/Loss_state_action_metric |            2.98 |
|                      Loss/Loss_state_metric |            1.25 |
|             Loss/Loss_state_action_to_state |          0.0018 |
|                           Loss/Act_rep_loss |          0.0071 |
|                        Loss/Critic_rep_loss |            18.1 |
|                                   SAC/Alpha |          0.0845 |
|                              SAC/LogPi_mean |           0.927 |
|                                 SAC/Q1_mean |            81.9 |
|                                 SAC/Q2_mean |            81.9 |
|                            Norm/actor_model |             110 |
|                           Norm/critic_model |             129 |
|              Norm/state_action_metric_model |            73.8 |
|                     Norm/state_metric_model |             109 |
|        Norm/state_action_state_metric_model |            80.2 |
|                  Metric/self_state_distance |         0.00136 |
|                 Metric/cross_state_distance |            2.24 |
|           Metric/self_state_action_distance |          0.0163 |
|          Metric/cross_state_action_distance |            3.27 |
|             Metric/avg_self_state_asymmetry |               0 |
|            Metric/avg_cross_state_asymmetry |          0.0257 |
|                Metric/avg_self_sa_asymmetry |               0 |
|               Metric/avg_cross_sa_asymmetry |          0.0261 |
|  Metric/self_state_action_to_state_distance |        0.000402 |
| Metric/cross_state_action_to_state_distance |            3.31 |
|                   Metric/h_lambda_diff_self |          0.0159 |
|                  Metric/h_lambda_diff_cross |          0.0491 |
|                                 Eval/Return |             958 |
-----------------------------------------------------------------
-----------------------------------------------------------------
|                                 Train/Steps |        2.06e+06 |
|                            Loss/Loss_critic |            1.01 |
|                             Loss/Loss_actor |           -82.8 |
|                             Loss/Loss_alpha |         -0.0058 |
|               Loss/Loss_state_action_metric |            3.61 |
|                      Loss/Loss_state_metric |            1.58 |
|             Loss/Loss_state_action_to_state |         0.00124 |
|                           Loss/Act_rep_loss |         0.00807 |
|                        Loss/Critic_rep_loss |            20.5 |
|                                   SAC/Alpha |          0.0605 |
|                              SAC/LogPi_mean |             1.1 |
|                                 SAC/Q1_mean |            82.5 |
|                                 SAC/Q2_mean |            82.5 |
|                            Norm/actor_model |             114 |
|                           Norm/critic_model |             131 |
|              Norm/state_action_metric_model |            76.7 |
|                     Norm/state_metric_model |             113 |
|        Norm/state_action_state_metric_model |              83 |
|                  Metric/self_state_distance |         0.00125 |
|                 Metric/cross_state_distance |             2.6 |
|           Metric/self_state_action_distance |          0.0168 |
|          Metric/cross_state_action_distance |            3.55 |
|             Metric/avg_self_state_asymmetry |               0 |
|            Metric/avg_cross_state_asymmetry |           0.016 |
|                Metric/avg_self_sa_asymmetry |               0 |
|               Metric/avg_cross_sa_asymmetry |          0.0257 |
|  Metric/self_state_action_to_state_distance |         0.00111 |
| Metric/cross_state_action_to_state_distance |            3.54 |
|                   Metric/h_lambda_diff_self |          0.0159 |
|                  Metric/h_lambda_diff_cross |          0.0374 |
|                                 Eval/Return |             957 |
-----------------------------------------------------------------
[32mSaving model …[0m
[32mDone.[0m
[32mSaving model …[0m
[32mDone.[0m
-----------------------------------------------------------------
|                                 Train/Steps |        2.18e+06 |
|                            Loss/Loss_critic |            0.61 |
|                             Loss/Loss_actor |           -84.3 |
|                             Loss/Loss_alpha |          -0.011 |
|               Loss/Loss_state_action_metric |             3.2 |
|                      Loss/Loss_state_metric |             1.5 |
|             Loss/Loss_state_action_to_state |         0.00126 |
|                           Loss/Act_rep_loss |         0.00468 |
|                        Loss/Critic_rep_loss |            17.5 |
|                                   SAC/Alpha |          0.0464 |
|                              SAC/LogPi_mean |            1.26 |
|                                 SAC/Q1_mean |            84.1 |
|                                 SAC/Q2_mean |              84 |
|                            Norm/actor_model |             117 |
|                           Norm/critic_model |             132 |
|              Norm/state_action_metric_model |            79.9 |
|                     Norm/state_metric_model |             116 |
|        Norm/state_action_state_metric_model |            85.6 |
|                  Metric/self_state_distance |         0.00445 |
|                 Metric/cross_state_distance |            2.52 |
|           Metric/self_state_action_distance |         0.00738 |
|          Metric/cross_state_action_distance |            3.32 |
|             Metric/avg_self_state_asymmetry |               0 |
|            Metric/avg_cross_state_asymmetry |          0.0169 |
|                Metric/avg_self_sa_asymmetry |               0 |
|               Metric/avg_cross_sa_asymmetry |          0.0274 |
|  Metric/self_state_action_to_state_distance |         0.00185 |
| Metric/cross_state_action_to_state_distance |            3.32 |
|                   Metric/h_lambda_diff_self |         0.00576 |
|                  Metric/h_lambda_diff_cross |          0.0239 |
|                                 Eval/Return |             957 |
-----------------------------------------------------------------
-----------------------------------------------------------------
|                                 Train/Steps |        2.31e+06 |
|                            Loss/Loss_critic |           0.433 |
|                             Loss/Loss_actor |           -87.2 |
|                             Loss/Loss_alpha |        -0.00381 |
|               Loss/Loss_state_action_metric |            2.79 |
|                      Loss/Loss_state_metric |            1.32 |
|             Loss/Loss_state_action_to_state |          0.0011 |
|                           Loss/Act_rep_loss |         0.00573 |
|                        Loss/Critic_rep_loss |            15.8 |
|                                   SAC/Alpha |          0.0461 |
|                              SAC/LogPi_mean |           0.957 |
|                                 SAC/Q1_mean |            86.9 |
|                                 SAC/Q2_mean |            86.9 |
|                            Norm/actor_model |             121 |
|                           Norm/critic_model |             133 |
|              Norm/state_action_metric_model |            82.5 |
|                     Norm/state_metric_model |             120 |
|        Norm/state_action_state_metric_model |            88.3 |
|                  Metric/self_state_distance |         0.00102 |
|                 Metric/cross_state_distance |            2.29 |
|           Metric/self_state_action_distance |          0.0102 |
|          Metric/cross_state_action_distance |            3.13 |
|             Metric/avg_self_state_asymmetry |               0 |
|            Metric/avg_cross_state_asymmetry |          0.0147 |
|                Metric/avg_self_sa_asymmetry |               0 |
|               Metric/avg_cross_sa_asymmetry |          0.0269 |
|  Metric/self_state_action_to_state_distance |         0.00107 |
| Metric/cross_state_action_to_state_distance |            3.16 |
|                   Metric/h_lambda_diff_self |         0.00959 |
|                  Metric/h_lambda_diff_cross |          0.0422 |
|                                 Eval/Return |             958 |
-----------------------------------------------------------------
-----------------------------------------------------------------
|                                 Train/Steps |        2.44e+06 |
|                            Loss/Loss_critic |           0.237 |
|                             Loss/Loss_actor |           -87.7 |
|                             Loss/Loss_alpha |         0.00445 |
|               Loss/Loss_state_action_metric |            3.03 |
|                      Loss/Loss_state_metric |            1.31 |
|             Loss/Loss_state_action_to_state |         0.00203 |
|                           Loss/Act_rep_loss |         0.00887 |
|                        Loss/Critic_rep_loss |            14.5 |
|                                   SAC/Alpha |          0.0475 |
|                              SAC/LogPi_mean |           0.947 |
|                                 SAC/Q1_mean |            87.5 |
|                                 SAC/Q2_mean |            87.5 |
|                            Norm/actor_model |             124 |
|                           Norm/critic_model |             135 |
|              Norm/state_action_metric_model |            85.4 |
|                     Norm/state_metric_model |             123 |
|        Norm/state_action_state_metric_model |            91.1 |
|                  Metric/self_state_distance |        0.000308 |
|                 Metric/cross_state_distance |            2.25 |
|           Metric/self_state_action_distance |          0.0101 |
|          Metric/cross_state_action_distance |            2.99 |
|             Metric/avg_self_state_asymmetry |               0 |
|            Metric/avg_cross_state_asymmetry |          0.0118 |
|                Metric/avg_self_sa_asymmetry |               0 |
|               Metric/avg_cross_sa_asymmetry |          0.0285 |
|  Metric/self_state_action_to_state_distance |        0.000191 |
| Metric/cross_state_action_to_state_distance |            3.02 |
|                   Metric/h_lambda_diff_self |         0.00994 |
|                  Metric/h_lambda_diff_cross |          0.0508 |
|                                 Eval/Return |             958 |
-----------------------------------------------------------------
-----------------------------------------------------------------
|                                 Train/Steps |        2.57e+06 |
|                            Loss/Loss_critic |           0.337 |
|                             Loss/Loss_actor |           -88.6 |
|                             Loss/Loss_alpha |        -0.00119 |
|               Loss/Loss_state_action_metric |            2.44 |
|                      Loss/Loss_state_metric |            1.21 |
|             Loss/Loss_state_action_to_state |         0.00175 |
|                           Loss/Act_rep_loss |         0.00663 |
|                        Loss/Critic_rep_loss |            12.9 |
|                                   SAC/Alpha |          0.0319 |
|                              SAC/LogPi_mean |            1.03 |
|                                 SAC/Q1_mean |            88.4 |
|                                 SAC/Q2_mean |            88.3 |
|                            Norm/actor_model |             127 |
|                           Norm/critic_model |             136 |
|              Norm/state_action_metric_model |            88.6 |
|                     Norm/state_metric_model |             126 |
|        Norm/state_action_state_metric_model |            93.8 |
|                  Metric/self_state_distance |          0.0011 |
|                 Metric/cross_state_distance |            2.17 |
|           Metric/self_state_action_distance |          0.0104 |
|          Metric/cross_state_action_distance |            2.86 |
|             Metric/avg_self_state_asymmetry |               0 |
|            Metric/avg_cross_state_asymmetry |          0.0108 |
|                Metric/avg_self_sa_asymmetry |               0 |
|               Metric/avg_cross_sa_asymmetry |          0.0268 |
|  Metric/self_state_action_to_state_distance |        0.000392 |
| Metric/cross_state_action_to_state_distance |            2.87 |
|                   Metric/h_lambda_diff_self |          0.0103 |
|                  Metric/h_lambda_diff_cross |          0.0289 |
|                                 Eval/Return |             958 |
-----------------------------------------------------------------
-----------------------------------------------------------------
|                                 Train/Steps |         2.7e+06 |
|                            Loss/Loss_critic |           0.368 |
|                             Loss/Loss_actor |           -89.3 |
|                             Loss/Loss_alpha |         0.00294 |
|               Loss/Loss_state_action_metric |            2.78 |
|                      Loss/Loss_state_metric |             1.3 |
|             Loss/Loss_state_action_to_state |         0.00143 |
|                           Loss/Act_rep_loss |         0.00193 |
|                        Loss/Critic_rep_loss |            14.1 |
|                                   SAC/Alpha |           0.032 |
|                              SAC/LogPi_mean |           0.923 |
|                                 SAC/Q1_mean |            89.1 |
|                                 SAC/Q2_mean |            89.1 |
|                            Norm/actor_model |             130 |
|                           Norm/critic_model |             138 |
|              Norm/state_action_metric_model |            91.4 |
|                     Norm/state_metric_model |             129 |
|        Norm/state_action_state_metric_model |            96.4 |
|                  Metric/self_state_distance |         0.00323 |
|                 Metric/cross_state_distance |            2.27 |
|           Metric/self_state_action_distance |         0.00597 |
|          Metric/cross_state_action_distance |            3.07 |
|             Metric/avg_self_state_asymmetry |               0 |
|            Metric/avg_cross_state_asymmetry |           0.012 |
|                Metric/avg_self_sa_asymmetry |               0 |
|               Metric/avg_cross_sa_asymmetry |          0.0306 |
|  Metric/self_state_action_to_state_distance |        0.000914 |
| Metric/cross_state_action_to_state_distance |            3.08 |
|                   Metric/h_lambda_diff_self |         0.00578 |
|                  Metric/h_lambda_diff_cross |          0.0317 |
|                                 Eval/Return |             960 |
-----------------------------------------------------------------
-----------------------------------------------------------------
|                                 Train/Steps |        2.82e+06 |
|                            Loss/Loss_critic |           0.411 |
|                             Loss/Loss_actor |           -88.1 |
|                             Loss/Loss_alpha |           -0.01 |
|               Loss/Loss_state_action_metric |            2.59 |
|                      Loss/Loss_state_metric |            1.14 |
|             Loss/Loss_state_action_to_state |         0.00147 |
|                           Loss/Act_rep_loss |         0.00516 |
|                        Loss/Critic_rep_loss |            13.4 |
|                                   SAC/Alpha |          0.0299 |
|                              SAC/LogPi_mean |            1.48 |
|                                 SAC/Q1_mean |            87.8 |
|                                 SAC/Q2_mean |            87.8 |
|                            Norm/actor_model |             133 |
|                           Norm/critic_model |             139 |
|              Norm/state_action_metric_model |            94.2 |
|                     Norm/state_metric_model |             132 |
|        Norm/state_action_state_metric_model |            98.9 |
|                  Metric/self_state_distance |        0.000419 |
|                 Metric/cross_state_distance |            2.19 |
|           Metric/self_state_action_distance |         0.00401 |
|          Metric/cross_state_action_distance |             2.9 |
|             Metric/avg_self_state_asymmetry |               0 |
|            Metric/avg_cross_state_asymmetry |          0.0178 |
|                Metric/avg_self_sa_asymmetry |               0 |
|               Metric/avg_cross_sa_asymmetry |          0.0275 |
|  Metric/self_state_action_to_state_distance |        0.000994 |
| Metric/cross_state_action_to_state_distance |            2.93 |
|                   Metric/h_lambda_diff_self |         0.00343 |
|                  Metric/h_lambda_diff_cross |          0.0471 |
|                                 Eval/Return |             959 |
-----------------------------------------------------------------
-----------------------------------------------------------------
|                                 Train/Steps |        2.95e+06 |
|                            Loss/Loss_critic |           0.225 |
|                             Loss/Loss_actor |           -89.5 |
|                             Loss/Loss_alpha |         0.00105 |
|               Loss/Loss_state_action_metric |            3.08 |
|                      Loss/Loss_state_metric |            1.23 |
|             Loss/Loss_state_action_to_state |         0.00122 |
|                           Loss/Act_rep_loss |         0.00437 |
|                        Loss/Critic_rep_loss |            13.5 |
|                                   SAC/Alpha |          0.0229 |
|                              SAC/LogPi_mean |            1.03 |
|                                 SAC/Q1_mean |            89.3 |
|                                 SAC/Q2_mean |            89.3 |
|                            Norm/actor_model |             135 |
|                           Norm/critic_model |             141 |
|              Norm/state_action_metric_model |            96.9 |
|                     Norm/state_metric_model |             135 |
|        Norm/state_action_state_metric_model |             101 |
|                  Metric/self_state_distance |        0.000755 |
|                 Metric/cross_state_distance |            2.27 |
|           Metric/self_state_action_distance |         0.00787 |
|          Metric/cross_state_action_distance |            3.09 |
|             Metric/avg_self_state_asymmetry |               0 |
|            Metric/avg_cross_state_asymmetry |          0.0158 |
|                Metric/avg_self_sa_asymmetry |               0 |
|               Metric/avg_cross_sa_asymmetry |          0.0265 |
|  Metric/self_state_action_to_state_distance |         0.00199 |
| Metric/cross_state_action_to_state_distance |            3.08 |
|                   Metric/h_lambda_diff_self |         0.00679 |
|                  Metric/h_lambda_diff_cross |          0.0252 |
|                                 Eval/Return |             959 |
-----------------------------------------------------------------
-----------------------------------------------------------------
|                                 Train/Steps |        3.08e+06 |
|                            Loss/Loss_critic |           0.277 |
|                             Loss/Loss_actor |           -90.9 |
|                             Loss/Loss_alpha |         0.00308 |
|               Loss/Loss_state_action_metric |            2.81 |
|                      Loss/Loss_state_metric |            1.24 |
|             Loss/Loss_state_action_to_state |         0.00113 |
|                           Loss/Act_rep_loss |         0.00258 |
|                        Loss/Critic_rep_loss |            12.3 |
|                                   SAC/Alpha |          0.0272 |
|                              SAC/LogPi_mean |           0.815 |
|                                 SAC/Q1_mean |            90.7 |
|                                 SAC/Q2_mean |            90.7 |
|                            Norm/actor_model |             138 |
|                           Norm/critic_model |             142 |
|              Norm/state_action_metric_model |            99.4 |
|                     Norm/state_metric_model |             137 |
|        Norm/state_action_state_metric_model |             104 |
|                  Metric/self_state_distance |        0.000451 |
|                 Metric/cross_state_distance |            2.19 |
|           Metric/self_state_action_distance |         0.00305 |
|          Metric/cross_state_action_distance |            2.84 |
|             Metric/avg_self_state_asymmetry |               0 |
|            Metric/avg_cross_state_asymmetry |          0.0115 |
|                Metric/avg_self_sa_asymmetry |               0 |
|               Metric/avg_cross_sa_asymmetry |          0.0228 |
|  Metric/self_state_action_to_state_distance |         0.00114 |
| Metric/cross_state_action_to_state_distance |            2.85 |
|                   Metric/h_lambda_diff_self |         0.00235 |
|                  Metric/h_lambda_diff_cross |          0.0244 |
|                                 Eval/Return |             959 |
-----------------------------------------------------------------
[32mSaving model …[0m
[32mDone.[0m
[32mSaving model …[0m
[32mDone.[0m
-----------------------------------------------------------------
|                                 Train/Steps |        3.21e+06 |
|                            Loss/Loss_critic |           0.432 |
|                             Loss/Loss_actor |           -88.9 |
|                             Loss/Loss_alpha |        -0.00374 |
|               Loss/Loss_state_action_metric |            2.76 |
|                      Loss/Loss_state_metric |            1.33 |
|             Loss/Loss_state_action_to_state |         0.00227 |
|                           Loss/Act_rep_loss |          0.0113 |
|                        Loss/Critic_rep_loss |              14 |
|                                   SAC/Alpha |          0.0342 |
|                              SAC/LogPi_mean |               1 |
|                                 SAC/Q1_mean |            88.7 |
|                                 SAC/Q2_mean |            88.7 |
|                            Norm/actor_model |             140 |
|                           Norm/critic_model |             143 |
|              Norm/state_action_metric_model |             102 |
|                     Norm/state_metric_model |             140 |
|        Norm/state_action_state_metric_model |             106 |
|                  Metric/self_state_distance |         0.00166 |
|                 Metric/cross_state_distance |            2.29 |
|           Metric/self_state_action_distance |         0.00579 |
|          Metric/cross_state_action_distance |            3.02 |
|             Metric/avg_self_state_asymmetry |               0 |
|            Metric/avg_cross_state_asymmetry |          0.0122 |
|                Metric/avg_self_sa_asymmetry |               0 |
|               Metric/avg_cross_sa_asymmetry |          0.0249 |
|  Metric/self_state_action_to_state_distance |        0.000818 |
| Metric/cross_state_action_to_state_distance |            3.03 |
|                   Metric/h_lambda_diff_self |          0.0051 |
|                  Metric/h_lambda_diff_cross |          0.0314 |
|                                 Eval/Return |             959 |
-----------------------------------------------------------------
-----------------------------------------------------------------
|                                 Train/Steps |        3.34e+06 |
|                            Loss/Loss_critic |           0.305 |
|                             Loss/Loss_actor |           -91.3 |
|                             Loss/Loss_alpha |        -0.00344 |
|               Loss/Loss_state_action_metric |            2.52 |
|                      Loss/Loss_state_metric |             1.2 |
|             Loss/Loss_state_action_to_state |         0.00162 |
|                           Loss/Act_rep_loss |         0.00242 |
|                        Loss/Critic_rep_loss |            11.4 |
|                                   SAC/Alpha |          0.0261 |
|                              SAC/LogPi_mean |            1.15 |
|                                 SAC/Q1_mean |              91 |
|                                 SAC/Q2_mean |            91.1 |
|                            Norm/actor_model |             143 |
|                           Norm/critic_model |             145 |
|              Norm/state_action_metric_model |             105 |
|                     Norm/state_metric_model |             143 |
|        Norm/state_action_state_metric_model |             109 |
|                  Metric/self_state_distance |         0.00101 |
|                 Metric/cross_state_distance |            2.15 |
|           Metric/self_state_action_distance |         0.00642 |
|          Metric/cross_state_action_distance |             2.8 |
|             Metric/avg_self_state_asymmetry |               0 |
|            Metric/avg_cross_state_asymmetry |          0.0148 |
|                Metric/avg_self_sa_asymmetry |               0 |
|               Metric/avg_cross_sa_asymmetry |          0.0269 |
|  Metric/self_state_action_to_state_distance |         0.00052 |
| Metric/cross_state_action_to_state_distance |            2.81 |
|                   Metric/h_lambda_diff_self |         0.00593 |
|                  Metric/h_lambda_diff_cross |          0.0281 |
|                                 Eval/Return |             959 |
-----------------------------------------------------------------
-----------------------------------------------------------------
|                                 Train/Steps |        3.46e+06 |
|                            Loss/Loss_critic |           0.478 |
|                             Loss/Loss_actor |           -90.9 |
|                             Loss/Loss_alpha |         0.00185 |
|               Loss/Loss_state_action_metric |            2.53 |
|                      Loss/Loss_state_metric |            1.18 |
|             Loss/Loss_state_action_to_state |         0.00143 |
|                           Loss/Act_rep_loss |         0.00678 |
|                        Loss/Critic_rep_loss |            12.9 |
|                                   SAC/Alpha |          0.0239 |
|                              SAC/LogPi_mean |           0.971 |
|                                 SAC/Q1_mean |            90.7 |
|                                 SAC/Q2_mean |            90.7 |
|                            Norm/actor_model |             145 |
|                           Norm/critic_model |             146 |
|              Norm/state_action_metric_model |             107 |
|                     Norm/state_metric_model |             145 |
|        Norm/state_action_state_metric_model |             111 |
|                  Metric/self_state_distance |         0.00124 |
|                 Metric/cross_state_distance |            2.18 |
|           Metric/self_state_action_distance |         0.00188 |
|          Metric/cross_state_action_distance |            2.81 |
|             Metric/avg_self_state_asymmetry |               0 |
|            Metric/avg_cross_state_asymmetry |          0.0133 |
|                Metric/avg_self_sa_asymmetry |               0 |
|               Metric/avg_cross_sa_asymmetry |          0.0243 |
|  Metric/self_state_action_to_state_distance |        0.000217 |
| Metric/cross_state_action_to_state_distance |            2.84 |
|                   Metric/h_lambda_diff_self |         0.00174 |
|                  Metric/h_lambda_diff_cross |          0.0369 |
|                                 Eval/Return |             959 |
-----------------------------------------------------------------
-----------------------------------------------------------------
|                                 Train/Steps |        3.59e+06 |
|                            Loss/Loss_critic |           0.224 |
|                             Loss/Loss_actor |           -91.5 |
|                             Loss/Loss_alpha |         0.00426 |
|               Loss/Loss_state_action_metric |            2.35 |
|                      Loss/Loss_state_metric |            1.11 |
|             Loss/Loss_state_action_to_state |        0.000939 |
|                           Loss/Act_rep_loss |         0.00494 |
|                        Loss/Critic_rep_loss |            11.3 |
|                                   SAC/Alpha |          0.0185 |
|                              SAC/LogPi_mean |           0.869 |
|                                 SAC/Q1_mean |            91.3 |
|                                 SAC/Q2_mean |            91.2 |
|                            Norm/actor_model |             147 |
|                           Norm/critic_model |             147 |
|              Norm/state_action_metric_model |             109 |
|                     Norm/state_metric_model |             148 |
|        Norm/state_action_state_metric_model |             114 |
|                  Metric/self_state_distance |         0.00232 |
|                 Metric/cross_state_distance |             2.1 |
|           Metric/self_state_action_distance |         0.00135 |
|          Metric/cross_state_action_distance |            2.65 |
|             Metric/avg_self_state_asymmetry |               0 |
|            Metric/avg_cross_state_asymmetry |           0.011 |
|                Metric/avg_self_sa_asymmetry |               0 |
|               Metric/avg_cross_sa_asymmetry |          0.0236 |
|  Metric/self_state_action_to_state_distance |        0.000325 |
| Metric/cross_state_action_to_state_distance |            2.68 |
|                   Metric/h_lambda_diff_self |         0.00125 |
|                  Metric/h_lambda_diff_cross |          0.0374 |
|                                 Eval/Return |             960 |
-----------------------------------------------------------------
-----------------------------------------------------------------
|                                 Train/Steps |        3.72e+06 |
|                            Loss/Loss_critic |           0.283 |
|                             Loss/Loss_actor |           -91.5 |
|                             Loss/Loss_alpha |        -0.00193 |
|               Loss/Loss_state_action_metric |            2.32 |
|                      Loss/Loss_state_metric |             1.2 |
|             Loss/Loss_state_action_to_state |        0.000658 |
|                           Loss/Act_rep_loss |          0.0036 |
|                        Loss/Critic_rep_loss |            11.4 |
|                                   SAC/Alpha |          0.0197 |
|                              SAC/LogPi_mean |            1.06 |
|                                 SAC/Q1_mean |            91.3 |
|                                 SAC/Q2_mean |            91.3 |
|                            Norm/actor_model |             149 |
|                           Norm/critic_model |             148 |
|              Norm/state_action_metric_model |             112 |
|                     Norm/state_metric_model |             151 |
|        Norm/state_action_state_metric_model |             116 |
|                  Metric/self_state_distance |         0.00143 |
|                 Metric/cross_state_distance |            2.17 |
|           Metric/self_state_action_distance |         0.00289 |
|          Metric/cross_state_action_distance |            2.77 |
|             Metric/avg_self_state_asymmetry |               0 |
|            Metric/avg_cross_state_asymmetry |         0.00987 |
|                Metric/avg_self_sa_asymmetry |               0 |
|               Metric/avg_cross_sa_asymmetry |          0.0267 |
|  Metric/self_state_action_to_state_distance |         0.00073 |
| Metric/cross_state_action_to_state_distance |            2.78 |
|                   Metric/h_lambda_diff_self |         0.00244 |
|                  Metric/h_lambda_diff_cross |          0.0258 |
|                                 Eval/Return |             959 |
-----------------------------------------------------------------
-----------------------------------------------------------------
|                                 Train/Steps |        3.85e+06 |
|                            Loss/Loss_critic |           0.262 |
|                             Loss/Loss_actor |           -91.3 |
|                             Loss/Loss_alpha |        -0.00268 |
|               Loss/Loss_state_action_metric |            2.43 |
|                      Loss/Loss_state_metric |             1.2 |
|             Loss/Loss_state_action_to_state |         0.00208 |
|                           Loss/Act_rep_loss |         0.00509 |
|                        Loss/Critic_rep_loss |            11.5 |
|                                   SAC/Alpha |          0.0159 |
|                              SAC/LogPi_mean |            1.23 |
|                                 SAC/Q1_mean |            91.1 |
|                                 SAC/Q2_mean |            91.2 |
|                            Norm/actor_model |             151 |
|                           Norm/critic_model |             149 |
|              Norm/state_action_metric_model |             115 |
|                     Norm/state_metric_model |             153 |
|        Norm/state_action_state_metric_model |             118 |
|                  Metric/self_state_distance |         0.00148 |
|                 Metric/cross_state_distance |            2.14 |
|           Metric/self_state_action_distance |          0.0104 |
|          Metric/cross_state_action_distance |            2.83 |
|             Metric/avg_self_state_asymmetry |               0 |
|            Metric/avg_cross_state_asymmetry |          0.0138 |
|                Metric/avg_self_sa_asymmetry |               0 |
|               Metric/avg_cross_sa_asymmetry |          0.0292 |
|  Metric/self_state_action_to_state_distance |         0.00147 |
| Metric/cross_state_action_to_state_distance |            2.82 |
|                   Metric/h_lambda_diff_self |          0.0091 |
|                  Metric/h_lambda_diff_cross |          0.0319 |
|                                 Eval/Return |             960 |
-----------------------------------------------------------------
-----------------------------------------------------------------
|                                 Train/Steps |        3.98e+06 |
|                            Loss/Loss_critic |           0.231 |
|                             Loss/Loss_actor |           -92.6 |
|                             Loss/Loss_alpha |         0.00118 |
|               Loss/Loss_state_action_metric |            2.62 |
|                      Loss/Loss_state_metric |            1.04 |
|             Loss/Loss_state_action_to_state |        0.000988 |
|                           Loss/Act_rep_loss |         0.00503 |
|                        Loss/Critic_rep_loss |              10 |
|                                   SAC/Alpha |          0.0138 |
|                              SAC/LogPi_mean |           0.877 |
|                                 SAC/Q1_mean |            92.4 |
|                                 SAC/Q2_mean |            92.5 |
|                            Norm/actor_model |             153 |
|                           Norm/critic_model |             151 |
|              Norm/state_action_metric_model |             117 |
|                     Norm/state_metric_model |             155 |
|        Norm/state_action_state_metric_model |             121 |
|                  Metric/self_state_distance |         0.00239 |
|                 Metric/cross_state_distance |            2.01 |
|           Metric/self_state_action_distance |         0.00417 |
|          Metric/cross_state_action_distance |            2.66 |
|             Metric/avg_self_state_asymmetry |               0 |
|            Metric/avg_cross_state_asymmetry |          0.0119 |
|                Metric/avg_self_sa_asymmetry |               0 |
|               Metric/avg_cross_sa_asymmetry |          0.0244 |
|  Metric/self_state_action_to_state_distance |        0.000567 |
| Metric/cross_state_action_to_state_distance |            2.65 |
|                   Metric/h_lambda_diff_self |         0.00367 |
|                  Metric/h_lambda_diff_cross |          0.0304 |
|                                 Eval/Return |             960 |
-----------------------------------------------------------------
-----------------------------------------------------------------
|                                 Train/Steps |         4.1e+06 |
|                            Loss/Loss_critic |           0.302 |
|                             Loss/Loss_actor |           -93.5 |
|                             Loss/Loss_alpha |        0.000827 |
|               Loss/Loss_state_action_metric |            2.17 |
|                      Loss/Loss_state_metric |           0.907 |
|             Loss/Loss_state_action_to_state |         0.00109 |
|                           Loss/Act_rep_loss |         0.00161 |
|                        Loss/Critic_rep_loss |            8.87 |
|                                   SAC/Alpha |          0.0102 |
|                              SAC/LogPi_mean |           0.843 |
|                                 SAC/Q1_mean |            93.4 |
|                                 SAC/Q2_mean |            93.4 |
|                            Norm/actor_model |             155 |
|                           Norm/critic_model |             152 |
|              Norm/state_action_metric_model |             120 |
|                     Norm/state_metric_model |             158 |
|        Norm/state_action_state_metric_model |             123 |
|                  Metric/self_state_distance |         0.00842 |
|                 Metric/cross_state_distance |             1.9 |
|           Metric/self_state_action_distance |         0.00325 |
|          Metric/cross_state_action_distance |            2.44 |
|             Metric/avg_self_state_asymmetry |               0 |
|            Metric/avg_cross_state_asymmetry |         0.00809 |
|                Metric/avg_self_sa_asymmetry |               0 |
|               Metric/avg_cross_sa_asymmetry |          0.0199 |
|  Metric/self_state_action_to_state_distance |        0.000103 |
| Metric/cross_state_action_to_state_distance |            2.42 |
|                   Metric/h_lambda_diff_self |         0.00315 |
|                  Metric/h_lambda_diff_cross |          0.0278 |
|                                 Eval/Return |             960 |
-----------------------------------------------------------------
[32mSaving model …[0m
[32mDone.[0m
[32mSaving model …[0m
[32mDone.[0m
-----------------------------------------------------------------
|                                 Train/Steps |        4.23e+06 |
|                            Loss/Loss_critic |           0.145 |
|                             Loss/Loss_actor |           -95.5 |
|                             Loss/Loss_alpha |       -0.000912 |
|               Loss/Loss_state_action_metric |             2.4 |
|                      Loss/Loss_state_metric |           0.908 |
|             Loss/Loss_state_action_to_state |         0.00266 |
|                           Loss/Act_rep_loss |        0.000238 |
|                        Loss/Critic_rep_loss |            6.08 |
|                                   SAC/Alpha |         0.00808 |
|                              SAC/LogPi_mean |            1.12 |
|                                 SAC/Q1_mean |            95.3 |
|                                 SAC/Q2_mean |            95.3 |
|                            Norm/actor_model |             157 |
|                           Norm/critic_model |             153 |
|              Norm/state_action_metric_model |             122 |
|                     Norm/state_metric_model |             160 |
|        Norm/state_action_state_metric_model |             125 |
|                  Metric/self_state_distance |        0.000902 |
|                 Metric/cross_state_distance |             1.9 |
|           Metric/self_state_action_distance |         0.00823 |
|          Metric/cross_state_action_distance |            2.42 |
|             Metric/avg_self_state_asymmetry |               0 |
|            Metric/avg_cross_state_asymmetry |         0.00921 |
|                Metric/avg_self_sa_asymmetry |               0 |
|               Metric/avg_cross_sa_asymmetry |          0.0209 |
|  Metric/self_state_action_to_state_distance |         0.00115 |
| Metric/cross_state_action_to_state_distance |            2.41 |
|                   Metric/h_lambda_diff_self |         0.00718 |
|                  Metric/h_lambda_diff_cross |          0.0323 |
|                                 Eval/Return |             959 |
-----------------------------------------------------------------
-----------------------------------------------------------------
|                                 Train/Steps |        4.36e+06 |
|                            Loss/Loss_critic |          0.0953 |
|                             Loss/Loss_actor |           -96.7 |
|                             Loss/Loss_alpha |        4.53e-05 |
|               Loss/Loss_state_action_metric |            1.57 |
|                      Loss/Loss_state_metric |           0.672 |
|             Loss/Loss_state_action_to_state |        0.000723 |
|                           Loss/Act_rep_loss |        0.000674 |
|                        Loss/Critic_rep_loss |            3.97 |
|                                   SAC/Alpha |         0.00496 |
|                              SAC/LogPi_mean |           0.884 |
|                                 SAC/Q1_mean |            96.7 |
|                                 SAC/Q2_mean |            96.7 |
|                            Norm/actor_model |             158 |
|                           Norm/critic_model |             154 |
|              Norm/state_action_metric_model |             124 |
|                     Norm/state_metric_model |             162 |
|        Norm/state_action_state_metric_model |             128 |
|                  Metric/self_state_distance |         0.00303 |
|                 Metric/cross_state_distance |            1.66 |
|           Metric/self_state_action_distance |         0.00801 |
|          Metric/cross_state_action_distance |            2.05 |
|             Metric/avg_self_state_asymmetry |               0 |
|            Metric/avg_cross_state_asymmetry |         0.00865 |
|                Metric/avg_self_sa_asymmetry |               0 |
|               Metric/avg_cross_sa_asymmetry |          0.0193 |
|  Metric/self_state_action_to_state_distance |          0.0013 |
| Metric/cross_state_action_to_state_distance |            2.04 |
|                   Metric/h_lambda_diff_self |         0.00688 |
|                  Metric/h_lambda_diff_cross |          0.0239 |
|                                 Eval/Return |             958 |
-----------------------------------------------------------------
-----------------------------------------------------------------
|                                 Train/Steps |        4.49e+06 |
|                            Loss/Loss_critic |          0.0166 |
|                             Loss/Loss_actor |           -98.5 |
|                             Loss/Loss_alpha |        8.67e-05 |
|               Loss/Loss_state_action_metric |            1.02 |
|                      Loss/Loss_state_metric |           0.304 |
|             Loss/Loss_state_action_to_state |          0.0015 |
|                           Loss/Act_rep_loss |          0.0126 |
|                        Loss/Critic_rep_loss |            1.39 |
|                                   SAC/Alpha |         0.00309 |
|                              SAC/LogPi_mean |            0.88 |
|                                 SAC/Q1_mean |            98.5 |
|                                 SAC/Q2_mean |            98.5 |
|                            Norm/actor_model |             159 |
|                           Norm/critic_model |             155 |
|              Norm/state_action_metric_model |             126 |
|                     Norm/state_metric_model |             164 |
|        Norm/state_action_state_metric_model |             130 |
|                  Metric/self_state_distance |         0.00165 |
|                 Metric/cross_state_distance |            1.32 |
|           Metric/self_state_action_distance |         0.00237 |
|          Metric/cross_state_action_distance |            1.51 |
|             Metric/avg_self_state_asymmetry |               0 |
|            Metric/avg_cross_state_asymmetry |            0.01 |
|                Metric/avg_self_sa_asymmetry |               0 |
|               Metric/avg_cross_sa_asymmetry |          0.0193 |
|  Metric/self_state_action_to_state_distance |        0.000194 |
| Metric/cross_state_action_to_state_distance |            1.52 |
|                   Metric/h_lambda_diff_self |         0.00221 |
|                  Metric/h_lambda_diff_cross |          0.0289 |
|                                 Eval/Return |             959 |
-----------------------------------------------------------------
-----------------------------------------------------------------
|                                 Train/Steps |        4.62e+06 |
|                            Loss/Loss_critic |          0.0116 |
|                             Loss/Loss_actor |           -98.9 |
|                             Loss/Loss_alpha |        0.000163 |
|               Loss/Loss_state_action_metric |           0.708 |
|                      Loss/Loss_state_metric |           0.233 |
|             Loss/Loss_state_action_to_state |        0.000499 |
|                           Loss/Act_rep_loss |         0.00465 |
|                        Loss/Critic_rep_loss |           0.735 |
|                                   SAC/Alpha |          0.0026 |
|                              SAC/LogPi_mean |           0.934 |
|                                 SAC/Q1_mean |              99 |
|                                 SAC/Q2_mean |            98.9 |
|                            Norm/actor_model |             160 |
|                           Norm/critic_model |             154 |
|              Norm/state_action_metric_model |             128 |
|                     Norm/state_metric_model |             166 |
|        Norm/state_action_state_metric_model |             132 |
|                  Metric/self_state_distance |        0.000184 |
|                 Metric/cross_state_distance |            1.24 |
|           Metric/self_state_action_distance |           0.026 |
|          Metric/cross_state_action_distance |            1.38 |
|             Metric/avg_self_state_asymmetry |               0 |
|            Metric/avg_cross_state_asymmetry |         0.00802 |
|                Metric/avg_self_sa_asymmetry |               0 |
|               Metric/avg_cross_sa_asymmetry |          0.0164 |
|  Metric/self_state_action_to_state_distance |        0.000706 |
| Metric/cross_state_action_to_state_distance |            1.38 |
|                   Metric/h_lambda_diff_self |          0.0253 |
|                  Metric/h_lambda_diff_cross |          0.0212 |
|                                 Eval/Return |             959 |
-----------------------------------------------------------------
-----------------------------------------------------------------
|                                 Train/Steps |        4.74e+06 |
|                            Loss/Loss_critic |         0.00798 |
|                             Loss/Loss_actor |           -99.2 |
|                             Loss/Loss_alpha |        0.000484 |
|               Loss/Loss_state_action_metric |           0.447 |
|                      Loss/Loss_state_metric |           0.221 |
|             Loss/Loss_state_action_to_state |         0.00094 |
|                           Loss/Act_rep_loss |          0.0017 |
|                        Loss/Critic_rep_loss |           0.709 |
|                                   SAC/Alpha |         0.00193 |
|                              SAC/LogPi_mean |            0.72 |
|                                 SAC/Q1_mean |            99.2 |
|                                 SAC/Q2_mean |            99.1 |
|                            Norm/actor_model |             161 |
|                           Norm/critic_model |             154 |
|              Norm/state_action_metric_model |             130 |
|                     Norm/state_metric_model |             166 |
|        Norm/state_action_state_metric_model |             134 |
|                  Metric/self_state_distance |        9.83e-05 |
|                 Metric/cross_state_distance |            1.22 |
|           Metric/self_state_action_distance |         0.00508 |
|          Metric/cross_state_action_distance |            1.33 |
|             Metric/avg_self_state_asymmetry |               0 |
|            Metric/avg_cross_state_asymmetry |         0.00597 |
|                Metric/avg_self_sa_asymmetry |               0 |
|               Metric/avg_cross_sa_asymmetry |          0.0157 |
|  Metric/self_state_action_to_state_distance |        0.000727 |
| Metric/cross_state_action_to_state_distance |            1.34 |
|                   Metric/h_lambda_diff_self |         0.00443 |
|                  Metric/h_lambda_diff_cross |          0.0174 |
|                                 Eval/Return |             959 |
-----------------------------------------------------------------
-----------------------------------------------------------------
|                                 Train/Steps |        4.87e+06 |
|                            Loss/Loss_critic |         0.00953 |
|                             Loss/Loss_actor |             -99 |
|                             Loss/Loss_alpha |        0.000277 |
|               Loss/Loss_state_action_metric |           0.655 |
|                      Loss/Loss_state_metric |           0.265 |
|             Loss/Loss_state_action_to_state |        0.000516 |
|                           Loss/Act_rep_loss |        0.000254 |
|                        Loss/Critic_rep_loss |           0.859 |
|                                   SAC/Alpha |         0.00171 |
|                              SAC/LogPi_mean |           0.825 |
|                                 SAC/Q1_mean |            98.9 |
|                                 SAC/Q2_mean |            98.9 |
|                            Norm/actor_model |             161 |
|                           Norm/critic_model |             153 |
|              Norm/state_action_metric_model |             132 |
|                     Norm/state_metric_model |             168 |
|        Norm/state_action_state_metric_model |             135 |
|                  Metric/self_state_distance |         0.00099 |
|                 Metric/cross_state_distance |            1.26 |
|           Metric/self_state_action_distance |        0.000777 |
|          Metric/cross_state_action_distance |             1.4 |
|             Metric/avg_self_state_asymmetry |               0 |
|            Metric/avg_cross_state_asymmetry |         0.00549 |
|                Metric/avg_self_sa_asymmetry |               0 |
|               Metric/avg_cross_sa_asymmetry |          0.0123 |
|  Metric/self_state_action_to_state_distance |         0.00125 |
| Metric/cross_state_action_to_state_distance |             1.4 |
|                   Metric/h_lambda_diff_self |         0.00106 |
|                  Metric/h_lambda_diff_cross |          0.0149 |
|                                 Eval/Return |             961 |
-----------------------------------------------------------------
-----------------------------------------------------------------
|                                 Train/Steps |           5e+06 |
|                            Loss/Loss_critic |         0.00453 |
|                             Loss/Loss_actor |           -99.1 |
|                             Loss/Loss_alpha |        0.000135 |
|               Loss/Loss_state_action_metric |             1.1 |
|                      Loss/Loss_state_metric |           0.287 |
|             Loss/Loss_state_action_to_state |        0.000991 |
|                           Loss/Act_rep_loss |         0.00337 |
|                        Loss/Critic_rep_loss |           0.792 |
|                                   SAC/Alpha |          0.0016 |
|                              SAC/LogPi_mean |           0.853 |
|                                 SAC/Q1_mean |            99.1 |
|                                 SAC/Q2_mean |            99.1 |
|                            Norm/actor_model |             161 |
|                           Norm/critic_model |             153 |
|              Norm/state_action_metric_model |             133 |
|                     Norm/state_metric_model |             168 |
|        Norm/state_action_state_metric_model |             137 |
|                  Metric/self_state_distance |        0.000695 |
|                 Metric/cross_state_distance |            1.28 |
|           Metric/self_state_action_distance |         0.00237 |
|          Metric/cross_state_action_distance |            1.43 |
|             Metric/avg_self_state_asymmetry |               0 |
|            Metric/avg_cross_state_asymmetry |         0.00583 |
|                Metric/avg_self_sa_asymmetry |               0 |
|               Metric/avg_cross_sa_asymmetry |          0.0161 |
|  Metric/self_state_action_to_state_distance |        0.000206 |
| Metric/cross_state_action_to_state_distance |            1.45 |
|                   Metric/h_lambda_diff_self |         0.00217 |
|                  Metric/h_lambda_diff_cross |          0.0294 |
|                                 Eval/Return |             962 |
-----------------------------------------------------------------
[32mSaving model …[0m
[32mDone.[0m
[32mSaving model …[0m
[32mDone.[0m
