E0904 10:49:33.101601  384612 cuda_executor.cc:1526] Could not get kernel mode driver version: (INVALID_ARGUMENT: Version does not match the format X.Y.Z)
E0904 10:49:33.110149  384502 cuda_executor.cc:1526] Could not get kernel mode driver version: (INVALID_ARGUMENT: Version does not match the format X.Y.Z)
[32mStart prefilling replay buffer[0m
[32mStart SAC training[0m
[32m{'log_freq': 1000, 'save_freq': 1000000, 'eval_episode_freq': 10, 'hidden_size': 256, 'lr': 0.001, 'max_grad_norm': 0.0, 'gamma': 0.99, 'update_tau': 0.005, 'train_per_step': 8, 'episode_length': 1000, 'warmup_samples': 8192, 'max_replay_size': 4000000, 'batch_size': 512, 'total_env_steps': 2000000, 'init_temperature': 0.1, 'nstep': 3, 'bootstrap_on_truncation': True, 'rep_lr_scale': 5.0, 'vis_feq': 100000, 'n_vis_frames': 4, 'num_envs': 128, 'grad_steps': 50, 'transfer_freq': 10, 'transfer_steps': 8, 'reward_scaling': 1.0, 'num_eval_envs': 128, 'target_entropy': -0.5}[0m
[32m[nstep] nstep=3 bootstrap_on_truncation=True (discount from the buffer already contains gamma^nstep)[0m
-----------------------------------------------------------------
|                                 Train/Steps |        1.36e+05 |
|                            Loss/Loss_critic |          0.0136 |
|                             Loss/Loss_actor |          -0.148 |
|                             Loss/Loss_alpha |         0.00171 |
|               Loss/Loss_state_action_metric |          0.0077 |
|                      Loss/Loss_state_metric |         0.00469 |
|             Loss/Loss_state_action_to_state |        0.000684 |
|                           Loss/Act_rep_loss |          0.0487 |
|                                   SAC/Alpha |         0.00193 |
|                              SAC/LogPi_mean |           -0.36 |
|                                 SAC/Q1_mean |           0.171 |
|                                 SAC/Q2_mean |           0.163 |
|                            Norm/actor_model |            31.6 |
|                           Norm/critic_model |            72.3 |
|              Norm/state_action_metric_model |            30.2 |
|                     Norm/state_metric_model |            31.1 |
|        Norm/state_action_state_metric_model |            32.2 |
|                  Metric/self_state_distance |         0.00396 |
|                 Metric/cross_state_distance |               1 |
|           Metric/self_state_action_distance |          0.0127 |
|          Metric/cross_state_action_distance |           0.974 |
|             Metric/avg_self_state_asymmetry |               0 |
|            Metric/avg_cross_state_asymmetry |          0.0149 |
|                Metric/avg_self_sa_asymmetry |               0 |
|               Metric/avg_cross_sa_asymmetry |         0.00953 |
|  Metric/self_state_action_to_state_distance |          0.0122 |
| Metric/cross_state_action_to_state_distance |            0.98 |
|                   Metric/h_lambda_diff_self |          0.0148 |
|                  Metric/h_lambda_diff_cross |          0.0164 |
|                                 Eval/Return |            6.81 |
-----------------------------------------------------------------
-----------------------------------------------------------------
|                                 Train/Steps |        2.64e+05 |
|                            Loss/Loss_critic |          0.0402 |
|                             Loss/Loss_actor |          -0.215 |
|                             Loss/Loss_alpha |       -0.000172 |
|               Loss/Loss_state_action_metric |          0.0768 |
|                      Loss/Loss_state_metric |          0.0386 |
|             Loss/Loss_state_action_to_state |         0.00131 |
|                           Loss/Act_rep_loss |           0.046 |
|                                   SAC/Alpha |         0.00112 |
|                              SAC/LogPi_mean |           0.578 |
|                                 SAC/Q1_mean |           0.241 |
|                                 SAC/Q2_mean |           0.242 |
|                            Norm/actor_model |            44.5 |
|                           Norm/critic_model |            95.9 |
|              Norm/state_action_metric_model |            31.9 |
|                     Norm/state_metric_model |            33.1 |
|        Norm/state_action_state_metric_model |              35 |
|                  Metric/self_state_distance |         0.00165 |
|                 Metric/cross_state_distance |            1.04 |
|           Metric/self_state_action_distance |          0.0115 |
|          Metric/cross_state_action_distance |            1.06 |
|             Metric/avg_self_state_asymmetry |               0 |
|            Metric/avg_cross_state_asymmetry |         0.00759 |
|                Metric/avg_self_sa_asymmetry |               0 |
|               Metric/avg_cross_sa_asymmetry |         0.00985 |
|  Metric/self_state_action_to_state_distance |          0.0026 |
| Metric/cross_state_action_to_state_distance |            1.07 |
|                   Metric/h_lambda_diff_self |          0.0102 |
|                  Metric/h_lambda_diff_cross |          0.0172 |
|                                 Eval/Return |             6.5 |
-----------------------------------------------------------------
-----------------------------------------------------------------
|                                 Train/Steps |        3.92e+05 |
|                            Loss/Loss_critic |          0.0181 |
|                             Loss/Loss_actor |          -0.104 |
|                             Loss/Loss_alpha |        0.000261 |
|               Loss/Loss_state_action_metric |          0.0826 |
|                      Loss/Loss_state_metric |          0.0414 |
|             Loss/Loss_state_action_to_state |         0.00158 |
|                           Loss/Act_rep_loss |           0.046 |
|                                   SAC/Alpha |         0.00107 |
|                              SAC/LogPi_mean |           0.322 |
|                                 SAC/Q1_mean |           0.121 |
|                                 SAC/Q2_mean |           0.135 |
|                            Norm/actor_model |            52.5 |
|                           Norm/critic_model |             113 |
|              Norm/state_action_metric_model |            34.1 |
|                     Norm/state_metric_model |            35.9 |
|        Norm/state_action_state_metric_model |            37.9 |
|                  Metric/self_state_distance |         0.00265 |
|                 Metric/cross_state_distance |            1.05 |
|           Metric/self_state_action_distance |         0.00643 |
|          Metric/cross_state_action_distance |            1.06 |
|             Metric/avg_self_state_asymmetry |               0 |
|            Metric/avg_cross_state_asymmetry |         0.00845 |
|                Metric/avg_self_sa_asymmetry |               0 |
|               Metric/avg_cross_sa_asymmetry |         0.00942 |
|  Metric/self_state_action_to_state_distance |         0.00416 |
| Metric/cross_state_action_to_state_distance |            1.06 |
|                   Metric/h_lambda_diff_self |         0.00912 |
|                  Metric/h_lambda_diff_cross |          0.0157 |
|                                 Eval/Return |            13.4 |
-----------------------------------------------------------------
-----------------------------------------------------------------
|                                 Train/Steps |         5.2e+05 |
|                            Loss/Loss_critic |          0.0274 |
|                             Loss/Loss_actor |           -0.36 |
|                             Loss/Loss_alpha |        4.26e-05 |
|               Loss/Loss_state_action_metric |           0.108 |
|                      Loss/Loss_state_metric |          0.0522 |
|             Loss/Loss_state_action_to_state |        0.000461 |
|                           Loss/Act_rep_loss |          0.0429 |
|                                   SAC/Alpha |         0.00102 |
|                              SAC/LogPi_mean |           0.438 |
|                                 SAC/Q1_mean |           0.386 |
|                                 SAC/Q2_mean |           0.386 |
|                            Norm/actor_model |            59.8 |
|                           Norm/critic_model |             126 |
|              Norm/state_action_metric_model |            36.6 |
|                     Norm/state_metric_model |            38.7 |
|        Norm/state_action_state_metric_model |            40.6 |
|                  Metric/self_state_distance |         0.00328 |
|                 Metric/cross_state_distance |            1.06 |
|           Metric/self_state_action_distance |          0.0116 |
|          Metric/cross_state_action_distance |            1.09 |
|             Metric/avg_self_state_asymmetry |               0 |
|            Metric/avg_cross_state_asymmetry |         0.00615 |
|                Metric/avg_self_sa_asymmetry |               0 |
|               Metric/avg_cross_sa_asymmetry |         0.00708 |
|  Metric/self_state_action_to_state_distance |         0.00675 |
| Metric/cross_state_action_to_state_distance |            1.08 |
|                   Metric/h_lambda_diff_self |          0.0131 |
|                  Metric/h_lambda_diff_cross |          0.0149 |
|                                 Eval/Return |            16.6 |
-----------------------------------------------------------------
-----------------------------------------------------------------
|                                 Train/Steps |        6.48e+05 |
|                            Loss/Loss_critic |          0.0624 |
|                             Loss/Loss_actor |           -1.08 |
|                             Loss/Loss_alpha |       -0.000188 |
|               Loss/Loss_state_action_metric |           0.147 |
|                      Loss/Loss_state_metric |          0.0698 |
|             Loss/Loss_state_action_to_state |        0.000813 |
|                           Loss/Act_rep_loss |           0.048 |
|                                   SAC/Alpha |         0.00118 |
|                              SAC/LogPi_mean |           0.727 |
|                                 SAC/Q1_mean |            1.13 |
|                                 SAC/Q2_mean |            1.08 |
|                            Norm/actor_model |            65.8 |
|                           Norm/critic_model |             139 |
|              Norm/state_action_metric_model |            39.3 |
|                     Norm/state_metric_model |            41.8 |
|        Norm/state_action_state_metric_model |            43.1 |
|                  Metric/self_state_distance |          0.0011 |
|                 Metric/cross_state_distance |            1.07 |
|           Metric/self_state_action_distance |         0.00479 |
|          Metric/cross_state_action_distance |            1.13 |
|             Metric/avg_self_state_asymmetry |               0 |
|            Metric/avg_cross_state_asymmetry |         0.00697 |
|                Metric/avg_self_sa_asymmetry |               0 |
|               Metric/avg_cross_sa_asymmetry |         0.00939 |
|  Metric/self_state_action_to_state_distance |         0.00194 |
| Metric/cross_state_action_to_state_distance |            1.13 |
|                   Metric/h_lambda_diff_self |         0.00526 |
|                  Metric/h_lambda_diff_cross |          0.0146 |
|                                 Eval/Return |            21.3 |
-----------------------------------------------------------------
-----------------------------------------------------------------
|                                 Train/Steps |        7.76e+05 |
|                            Loss/Loss_critic |          0.0277 |
|                             Loss/Loss_actor |          -0.548 |
|                             Loss/Loss_alpha |        8.38e-05 |
|               Loss/Loss_state_action_metric |           0.115 |
|                      Loss/Loss_state_metric |          0.0595 |
|             Loss/Loss_state_action_to_state |        0.000156 |
|                           Loss/Act_rep_loss |          0.0458 |
|                                   SAC/Alpha |           0.001 |
|                              SAC/LogPi_mean |           0.451 |
|                                 SAC/Q1_mean |           0.581 |
|                                 SAC/Q2_mean |           0.565 |
|                            Norm/actor_model |            70.6 |
|                           Norm/critic_model |             150 |
|              Norm/state_action_metric_model |            41.8 |
|                     Norm/state_metric_model |            44.5 |
|        Norm/state_action_state_metric_model |            45.7 |
|                  Metric/self_state_distance |         0.00173 |
|                 Metric/cross_state_distance |            1.04 |
|           Metric/self_state_action_distance |         0.00263 |
|          Metric/cross_state_action_distance |            1.06 |
|             Metric/avg_self_state_asymmetry |               0 |
|            Metric/avg_cross_state_asymmetry |         0.00594 |
|                Metric/avg_self_sa_asymmetry |               0 |
|               Metric/avg_cross_sa_asymmetry |         0.00627 |
|  Metric/self_state_action_to_state_distance |         0.00193 |
| Metric/cross_state_action_to_state_distance |            1.07 |
|                   Metric/h_lambda_diff_self |         0.00333 |
|                  Metric/h_lambda_diff_cross |          0.0082 |
|                                 Eval/Return |            9.66 |
-----------------------------------------------------------------
-----------------------------------------------------------------
|                                 Train/Steps |        9.04e+05 |
|                            Loss/Loss_critic |          0.0296 |
|                             Loss/Loss_actor |           -0.86 |
|                             Loss/Loss_alpha |       -0.000172 |
|               Loss/Loss_state_action_metric |           0.187 |
|                      Loss/Loss_state_metric |          0.0925 |
|             Loss/Loss_state_action_to_state |         0.00119 |
|                           Loss/Act_rep_loss |          0.0391 |
|                                   SAC/Alpha |         0.00135 |
|                              SAC/LogPi_mean |           0.665 |
|                                 SAC/Q1_mean |           0.896 |
|                                 SAC/Q2_mean |           0.884 |
|                            Norm/actor_model |            75.5 |
|                           Norm/critic_model |             159 |
|              Norm/state_action_metric_model |            44.3 |
|                     Norm/state_metric_model |            47.3 |
|        Norm/state_action_state_metric_model |            48.2 |
|                  Metric/self_state_distance |         0.00139 |
|                 Metric/cross_state_distance |             1.1 |
|           Metric/self_state_action_distance |         0.00246 |
|          Metric/cross_state_action_distance |            1.16 |
|             Metric/avg_self_state_asymmetry |               0 |
|            Metric/avg_cross_state_asymmetry |         0.00806 |
|                Metric/avg_self_sa_asymmetry |               0 |
|               Metric/avg_cross_sa_asymmetry |         0.00791 |
|  Metric/self_state_action_to_state_distance |         0.00173 |
| Metric/cross_state_action_to_state_distance |            1.15 |
|                   Metric/h_lambda_diff_self |         0.00237 |
|                  Metric/h_lambda_diff_cross |          0.0138 |
|                                 Eval/Return |            26.4 |
-----------------------------------------------------------------
-----------------------------------------------------------------
|                                 Train/Steps |        1.03e+06 |
|                            Loss/Loss_critic |          0.0344 |
|                             Loss/Loss_actor |           -1.14 |
|                             Loss/Loss_alpha |        1.66e-05 |
|               Loss/Loss_state_action_metric |           0.236 |
|                      Loss/Loss_state_metric |           0.119 |
|             Loss/Loss_state_action_to_state |        0.000413 |
|                           Loss/Act_rep_loss |          0.0404 |
|                                   SAC/Alpha |         0.00107 |
|                              SAC/LogPi_mean |           0.505 |
|                                 SAC/Q1_mean |            1.18 |
|                                 SAC/Q2_mean |            1.16 |
|                            Norm/actor_model |            79.9 |
|                           Norm/critic_model |             168 |
|              Norm/state_action_metric_model |            46.6 |
|                     Norm/state_metric_model |            50.1 |
|        Norm/state_action_state_metric_model |            50.5 |
|                  Metric/self_state_distance |         0.00224 |
|                 Metric/cross_state_distance |            1.12 |
|           Metric/self_state_action_distance |         0.00154 |
|          Metric/cross_state_action_distance |            1.17 |
|             Metric/avg_self_state_asymmetry |               0 |
|            Metric/avg_cross_state_asymmetry |          0.0069 |
|                Metric/avg_self_sa_asymmetry |               0 |
|               Metric/avg_cross_sa_asymmetry |         0.00739 |
|  Metric/self_state_action_to_state_distance |         0.00736 |
| Metric/cross_state_action_to_state_distance |            1.16 |
|                   Metric/h_lambda_diff_self |          0.0077 |
|                  Metric/h_lambda_diff_cross |           0.012 |
|                                 Eval/Return |            32.7 |
-----------------------------------------------------------------
[32mSaving model …[0m
[32mDone.[0m
[32mSaving model …[0m
[32mDone.[0m
-----------------------------------------------------------------
|                                 Train/Steps |        1.16e+06 |
|                            Loss/Loss_critic |          0.0622 |
|                             Loss/Loss_actor |           -1.03 |
|                             Loss/Loss_alpha |        0.000154 |
|               Loss/Loss_state_action_metric |           0.201 |
|                      Loss/Loss_state_metric |           0.102 |
|             Loss/Loss_state_action_to_state |        0.000267 |
|                           Loss/Act_rep_loss |          0.0361 |
|                                   SAC/Alpha |         0.00195 |
|                              SAC/LogPi_mean |           0.461 |
|                                 SAC/Q1_mean |            1.03 |
|                                 SAC/Q2_mean |            1.06 |
|                            Norm/actor_model |            84.3 |
|                           Norm/critic_model |             176 |
|              Norm/state_action_metric_model |              49 |
|                     Norm/state_metric_model |            52.6 |
|        Norm/state_action_state_metric_model |            52.8 |
|                  Metric/self_state_distance |         0.00198 |
|                 Metric/cross_state_distance |            1.13 |
|           Metric/self_state_action_distance |          0.0115 |
|          Metric/cross_state_action_distance |             1.2 |
|             Metric/avg_self_state_asymmetry |               0 |
|            Metric/avg_cross_state_asymmetry |         0.00641 |
|                Metric/avg_self_sa_asymmetry |               0 |
|               Metric/avg_cross_sa_asymmetry |         0.00809 |
|  Metric/self_state_action_to_state_distance |         0.00302 |
| Metric/cross_state_action_to_state_distance |            1.19 |
|                   Metric/h_lambda_diff_self |           0.011 |
|                  Metric/h_lambda_diff_cross |          0.0139 |
|                                 Eval/Return |            35.4 |
-----------------------------------------------------------------
-----------------------------------------------------------------
|                                 Train/Steps |        1.29e+06 |
|                            Loss/Loss_critic |          0.0796 |
|                             Loss/Loss_actor |           -1.35 |
|                             Loss/Loss_alpha |       -0.000431 |
|               Loss/Loss_state_action_metric |           0.194 |
|                      Loss/Loss_state_metric |          0.0987 |
|             Loss/Loss_state_action_to_state |         0.00051 |
|                           Loss/Act_rep_loss |          0.0378 |
|                                   SAC/Alpha |         0.00173 |
|                              SAC/LogPi_mean |           0.748 |
|                                 SAC/Q1_mean |            1.38 |
|                                 SAC/Q2_mean |            1.36 |
|                            Norm/actor_model |            88.3 |
|                           Norm/critic_model |             183 |
|              Norm/state_action_metric_model |            51.1 |
|                     Norm/state_metric_model |            55.1 |
|        Norm/state_action_state_metric_model |              55 |
|                  Metric/self_state_distance |         0.00103 |
|                 Metric/cross_state_distance |            1.13 |
|           Metric/self_state_action_distance |         0.00318 |
|          Metric/cross_state_action_distance |             1.2 |
|             Metric/avg_self_state_asymmetry |               0 |
|            Metric/avg_cross_state_asymmetry |          0.0077 |
|                Metric/avg_self_sa_asymmetry |               0 |
|               Metric/avg_cross_sa_asymmetry |         0.00872 |
|  Metric/self_state_action_to_state_distance |         0.00159 |
| Metric/cross_state_action_to_state_distance |             1.2 |
|                   Metric/h_lambda_diff_self |         0.00311 |
|                  Metric/h_lambda_diff_cross |          0.0106 |
|                                 Eval/Return |            32.7 |
-----------------------------------------------------------------
-----------------------------------------------------------------
|                                 Train/Steps |        1.42e+06 |
|                            Loss/Loss_critic |           0.061 |
|                             Loss/Loss_actor |            -1.5 |
|                             Loss/Loss_alpha |        -0.00017 |
|               Loss/Loss_state_action_metric |           0.251 |
|                      Loss/Loss_state_metric |           0.128 |
|             Loss/Loss_state_action_to_state |        0.000538 |
|                           Loss/Act_rep_loss |          0.0364 |
|                                   SAC/Alpha |         0.00137 |
|                              SAC/LogPi_mean |           0.643 |
|                                 SAC/Q1_mean |            1.55 |
|                                 SAC/Q2_mean |            1.55 |
|                            Norm/actor_model |            92.2 |
|                           Norm/critic_model |             189 |
|              Norm/state_action_metric_model |            53.3 |
|                     Norm/state_metric_model |            57.8 |
|        Norm/state_action_state_metric_model |            57.1 |
|                  Metric/self_state_distance |        0.000368 |
|                 Metric/cross_state_distance |            1.15 |
|           Metric/self_state_action_distance |         0.00228 |
|          Metric/cross_state_action_distance |            1.24 |
|             Metric/avg_self_state_asymmetry |               0 |
|            Metric/avg_cross_state_asymmetry |         0.00794 |
|                Metric/avg_self_sa_asymmetry |               0 |
|               Metric/avg_cross_sa_asymmetry |         0.00835 |
|  Metric/self_state_action_to_state_distance |         0.00207 |
| Metric/cross_state_action_to_state_distance |            1.24 |
|                   Metric/h_lambda_diff_self |         0.00354 |
|                  Metric/h_lambda_diff_cross |          0.0138 |
|                                 Eval/Return |              27 |
-----------------------------------------------------------------
-----------------------------------------------------------------
|                                 Train/Steps |        1.54e+06 |
|                            Loss/Loss_critic |          0.0437 |
|                             Loss/Loss_actor |           -1.31 |
|                             Loss/Loss_alpha |       -0.000174 |
|               Loss/Loss_state_action_metric |           0.323 |
|                      Loss/Loss_state_metric |           0.166 |
|             Loss/Loss_state_action_to_state |         0.00038 |
|                           Loss/Act_rep_loss |          0.0363 |
|                                   SAC/Alpha |         0.00146 |
|                              SAC/LogPi_mean |           0.539 |
|                                 SAC/Q1_mean |            1.33 |
|                                 SAC/Q2_mean |            1.34 |
|                            Norm/actor_model |            95.9 |
|                           Norm/critic_model |             195 |
|              Norm/state_action_metric_model |            55.6 |
|                     Norm/state_metric_model |            60.3 |
|        Norm/state_action_state_metric_model |            59.2 |
|                  Metric/self_state_distance |          0.0016 |
|                 Metric/cross_state_distance |            1.18 |
|           Metric/self_state_action_distance |        0.000335 |
|          Metric/cross_state_action_distance |            1.29 |
|             Metric/avg_self_state_asymmetry |               0 |
|            Metric/avg_cross_state_asymmetry |         0.00721 |
|                Metric/avg_self_sa_asymmetry |               0 |
|               Metric/avg_cross_sa_asymmetry |           0.007 |
|  Metric/self_state_action_to_state_distance |         0.00121 |
| Metric/cross_state_action_to_state_distance |            1.28 |
|                   Metric/h_lambda_diff_self |         0.00136 |
|                  Metric/h_lambda_diff_cross |          0.0121 |
|                                 Eval/Return |              18 |
-----------------------------------------------------------------
-----------------------------------------------------------------
|                                 Train/Steps |        1.67e+06 |
|                            Loss/Loss_critic |          0.0619 |
|                             Loss/Loss_actor |           -1.81 |
|                             Loss/Loss_alpha |        0.000471 |
|               Loss/Loss_state_action_metric |           0.338 |
|                      Loss/Loss_state_metric |            0.17 |
|             Loss/Loss_state_action_to_state |         0.00029 |
|                           Loss/Act_rep_loss |          0.0402 |
|                                   SAC/Alpha |         0.00232 |
|                              SAC/LogPi_mean |           0.312 |
|                                 SAC/Q1_mean |            1.84 |
|                                 SAC/Q2_mean |            1.89 |
|                            Norm/actor_model |            99.6 |
|                           Norm/critic_model |             202 |
|              Norm/state_action_metric_model |            57.9 |
|                     Norm/state_metric_model |            62.5 |
|        Norm/state_action_state_metric_model |            61.1 |
|                  Metric/self_state_distance |         0.00203 |
|                 Metric/cross_state_distance |            1.17 |
|           Metric/self_state_action_distance |         0.00924 |
|          Metric/cross_state_action_distance |            1.27 |
|             Metric/avg_self_state_asymmetry |               0 |
|            Metric/avg_cross_state_asymmetry |         0.00681 |
|                Metric/avg_self_sa_asymmetry |               0 |
|               Metric/avg_cross_sa_asymmetry |         0.00777 |
|  Metric/self_state_action_to_state_distance |         0.00377 |
| Metric/cross_state_action_to_state_distance |            1.26 |
|                   Metric/h_lambda_diff_self |          0.0114 |
|                  Metric/h_lambda_diff_cross |           0.012 |
|                                 Eval/Return |            25.6 |
-----------------------------------------------------------------
-----------------------------------------------------------------
|                                 Train/Steps |         1.8e+06 |
|                            Loss/Loss_critic |          0.0238 |
|                             Loss/Loss_actor |           -1.02 |
|                             Loss/Loss_alpha |        0.000429 |
|               Loss/Loss_state_action_metric |           0.198 |
|                      Loss/Loss_state_metric |           0.102 |
|             Loss/Loss_state_action_to_state |        0.000292 |
|                           Loss/Act_rep_loss |          0.0379 |
|                                   SAC/Alpha |         0.00175 |
|                              SAC/LogPi_mean |           0.284 |
|                                 SAC/Q1_mean |            1.06 |
|                                 SAC/Q2_mean |            1.05 |
|                            Norm/actor_model |             103 |
|                           Norm/critic_model |             208 |
|              Norm/state_action_metric_model |            59.9 |
|                     Norm/state_metric_model |            64.8 |
|        Norm/state_action_state_metric_model |            63.1 |
|                  Metric/self_state_distance |        0.000203 |
|                 Metric/cross_state_distance |            1.11 |
|           Metric/self_state_action_distance |         0.00214 |
|          Metric/cross_state_action_distance |            1.16 |
|             Metric/avg_self_state_asymmetry |               0 |
|            Metric/avg_cross_state_asymmetry |         0.00682 |
|                Metric/avg_self_sa_asymmetry |               0 |
|               Metric/avg_cross_sa_asymmetry |         0.00634 |
|  Metric/self_state_action_to_state_distance |         0.00135 |
| Metric/cross_state_action_to_state_distance |            1.16 |
|                   Metric/h_lambda_diff_self |         0.00291 |
|                  Metric/h_lambda_diff_cross |          0.0083 |
|                                 Eval/Return |            36.6 |
-----------------------------------------------------------------
-----------------------------------------------------------------
|                                 Train/Steps |        1.93e+06 |
|                            Loss/Loss_critic |           0.062 |
|                             Loss/Loss_actor |           -1.29 |
|                             Loss/Loss_alpha |        0.000135 |
|               Loss/Loss_state_action_metric |           0.204 |
|                      Loss/Loss_state_metric |          0.0993 |
|             Loss/Loss_state_action_to_state |        0.000222 |
|                           Loss/Act_rep_loss |          0.0363 |
|                                   SAC/Alpha |         0.00132 |
|                              SAC/LogPi_mean |            0.45 |
|                                 SAC/Q1_mean |            1.34 |
|                                 SAC/Q2_mean |            1.32 |
|                            Norm/actor_model |             107 |
|                           Norm/critic_model |             214 |
|              Norm/state_action_metric_model |            61.9 |
|                     Norm/state_metric_model |            67.2 |
|        Norm/state_action_state_metric_model |            65.1 |
|                  Metric/self_state_distance |         0.00168 |
|                 Metric/cross_state_distance |            1.12 |
|           Metric/self_state_action_distance |         0.00366 |
|          Metric/cross_state_action_distance |             1.2 |
|             Metric/avg_self_state_asymmetry |               0 |
|            Metric/avg_cross_state_asymmetry |         0.00608 |
|                Metric/avg_self_sa_asymmetry |               0 |
|               Metric/avg_cross_sa_asymmetry |          0.0066 |
|  Metric/self_state_action_to_state_distance |        0.000375 |
| Metric/cross_state_action_to_state_distance |            1.19 |
|                   Metric/h_lambda_diff_self |         0.00381 |
|                  Metric/h_lambda_diff_cross |          0.0125 |
|                                 Eval/Return |            32.7 |
-----------------------------------------------------------------
-----------------------------------------------------------------
|                                 Train/Steps |        2.06e+06 |
|                            Loss/Loss_critic |           0.045 |
|                             Loss/Loss_actor |              -2 |
|                             Loss/Loss_alpha |       -1.09e-05 |
|               Loss/Loss_state_action_metric |           0.317 |
|                      Loss/Loss_state_metric |           0.162 |
|             Loss/Loss_state_action_to_state |        0.000323 |
|                           Loss/Act_rep_loss |          0.0393 |
|                                   SAC/Alpha |         0.00125 |
|                              SAC/LogPi_mean |           0.554 |
|                                 SAC/Q1_mean |            2.02 |
|                                 SAC/Q2_mean |            2.04 |
|                            Norm/actor_model |             111 |
|                           Norm/critic_model |             220 |
|              Norm/state_action_metric_model |            64.3 |
|                     Norm/state_metric_model |            69.7 |
|        Norm/state_action_state_metric_model |            67.1 |
|                  Metric/self_state_distance |        0.000852 |
|                 Metric/cross_state_distance |             1.2 |
|           Metric/self_state_action_distance |         0.00648 |
|          Metric/cross_state_action_distance |             1.3 |
|             Metric/avg_self_state_asymmetry |               0 |
|            Metric/avg_cross_state_asymmetry |         0.00694 |
|                Metric/avg_self_sa_asymmetry |               0 |
|               Metric/avg_cross_sa_asymmetry |         0.00694 |
|  Metric/self_state_action_to_state_distance |         0.00149 |
| Metric/cross_state_action_to_state_distance |             1.3 |
|                   Metric/h_lambda_diff_self |         0.00664 |
|                  Metric/h_lambda_diff_cross |          0.0115 |
|                                 Eval/Return |            36.3 |
-----------------------------------------------------------------
[32mSaving model …[0m
[32mDone.[0m
[32mSaving model …[0m
[32mDone.[0m
[32mSaving model …[0m
[32mDone.[0m
[32mSaving model …[0m
[32mDone.[0m
