E0904 14:18:26.549141  465643 cuda_executor.cc:1526] Could not get kernel mode driver version: (INVALID_ARGUMENT: Version does not match the format X.Y.Z)
E0904 14:18:26.557557  465532 cuda_executor.cc:1526] Could not get kernel mode driver version: (INVALID_ARGUMENT: Version does not match the format X.Y.Z)
[32mStart prefilling replay buffer[0m
[32mStart SAC training[0m
[32m{'log_freq': 1000, 'save_freq': 1000000, 'eval_episode_freq': 10, 'hidden_size': 256, 'lr': 0.001, 'max_grad_norm': 0.0, 'gamma': 0.99, 'update_tau': 0.005, 'train_per_step': 8, 'episode_length': 1000, 'warmup_samples': 8192, 'max_replay_size': 4000000, 'batch_size': 512, 'total_env_steps': 2000000, 'init_temperature': 0.1, 'nstep': 3, 'bootstrap_on_truncation': True, 'rep_lr_scale': 5.0, 'vis_feq': 100000, 'n_vis_frames': 4, 'num_envs': 128, 'grad_steps': 50, 'transfer_freq': 10, 'transfer_steps': 8, 'reward_scaling': 1.0, 'num_eval_envs': 128, 'target_entropy': -0.5}[0m
[32m[nstep] nstep=3 bootstrap_on_truncation=True (discount from the buffer already contains gamma^nstep)[0m
-----------------------------------------------------------------
|                                 Train/Steps |        1.36e+05 |
|                            Loss/Loss_critic |        8.98e-07 |
|                             Loss/Loss_actor |          -0.125 |
|                             Loss/Loss_alpha |         0.00149 |
|               Loss/Loss_state_action_metric |         0.00451 |
|                      Loss/Loss_state_metric |         0.00233 |
|             Loss/Loss_state_action_to_state |        0.000165 |
|                           Loss/Act_rep_loss |           0.158 |
|                                   SAC/Alpha |         0.00149 |
|                              SAC/LogPi_mean |          -0.523 |
|                                 SAC/Q1_mean |           0.124 |
|                                 SAC/Q2_mean |           0.124 |
|                            Norm/actor_model |            22.5 |
|                           Norm/critic_model |            23.5 |
|              Norm/state_action_metric_model |            30.5 |
|                     Norm/state_metric_model |              31 |
|        Norm/state_action_state_metric_model |            30.4 |
|                  Metric/self_state_distance |         0.00618 |
|                 Metric/cross_state_distance |           0.922 |
|           Metric/self_state_action_distance |         0.00389 |
|          Metric/cross_state_action_distance |           0.898 |
|             Metric/avg_self_state_asymmetry |               0 |
|            Metric/avg_cross_state_asymmetry |         0.00298 |
|                Metric/avg_self_sa_asymmetry |               0 |
|               Metric/avg_cross_sa_asymmetry |         0.00392 |
|  Metric/self_state_action_to_state_distance |         0.00313 |
| Metric/cross_state_action_to_state_distance |           0.901 |
|                   Metric/h_lambda_diff_self |         0.00138 |
|                  Metric/h_lambda_diff_cross |         0.00561 |
|                                 Eval/Return |               0 |
-----------------------------------------------------------------
-----------------------------------------------------------------
|                                 Train/Steps |        2.64e+05 |
|                            Loss/Loss_critic |        1.19e-07 |
|                             Loss/Loss_actor |         -0.0397 |
|                             Loss/Loss_alpha |         0.00019 |
|               Loss/Loss_state_action_metric |         0.00268 |
|                      Loss/Loss_state_metric |         0.00256 |
|             Loss/Loss_state_action_to_state |        3.42e-05 |
|                           Loss/Act_rep_loss |           0.173 |
|                                   SAC/Alpha |        0.000204 |
|                              SAC/LogPi_mean |           -0.36 |
|                                 SAC/Q1_mean |          0.0398 |
|                                 SAC/Q2_mean |          0.0397 |
|                            Norm/actor_model |            26.9 |
|                           Norm/critic_model |            23.8 |
|              Norm/state_action_metric_model |            32.2 |
|                     Norm/state_metric_model |            31.7 |
|        Norm/state_action_state_metric_model |            32.4 |
|                  Metric/self_state_distance |         0.00211 |
|                 Metric/cross_state_distance |           0.906 |
|           Metric/self_state_action_distance |         0.00111 |
|          Metric/cross_state_action_distance |           0.898 |
|             Metric/avg_self_state_asymmetry |               0 |
|            Metric/avg_cross_state_asymmetry |         0.00292 |
|                Metric/avg_self_sa_asymmetry |               0 |
|               Metric/avg_cross_sa_asymmetry |         0.00148 |
|  Metric/self_state_action_to_state_distance |         0.00691 |
| Metric/cross_state_action_to_state_distance |           0.898 |
|                   Metric/h_lambda_diff_self |          0.0058 |
|                  Metric/h_lambda_diff_cross |         0.00393 |
|                                 Eval/Return |               0 |
-----------------------------------------------------------------
-----------------------------------------------------------------
|                                 Train/Steps |        3.92e+05 |
|                            Loss/Loss_critic |        0.000625 |
|                             Loss/Loss_actor |         -0.0186 |
|                             Loss/Loss_alpha |        0.000207 |
|               Loss/Loss_state_action_metric |           0.005 |
|                      Loss/Loss_state_metric |         0.00537 |
|             Loss/Loss_state_action_to_state |         0.00477 |
|                           Loss/Act_rep_loss |           0.127 |
|                                   SAC/Alpha |        0.000472 |
|                              SAC/LogPi_mean |          0.0365 |
|                                 SAC/Q1_mean |           0.024 |
|                                 SAC/Q2_mean |          0.0209 |
|                            Norm/actor_model |            33.7 |
|                           Norm/critic_model |            32.1 |
|              Norm/state_action_metric_model |            34.5 |
|                     Norm/state_metric_model |              33 |
|        Norm/state_action_state_metric_model |              35 |
|                  Metric/self_state_distance |          0.0264 |
|                 Metric/cross_state_distance |           0.916 |
|           Metric/self_state_action_distance |         0.00523 |
|          Metric/cross_state_action_distance |           0.913 |
|             Metric/avg_self_state_asymmetry |               0 |
|            Metric/avg_cross_state_asymmetry |          0.0145 |
|                Metric/avg_self_sa_asymmetry |               0 |
|               Metric/avg_cross_sa_asymmetry |         0.00445 |
|  Metric/self_state_action_to_state_distance |           0.031 |
| Metric/cross_state_action_to_state_distance |           0.877 |
|                   Metric/h_lambda_diff_self |          0.0267 |
|                  Metric/h_lambda_diff_cross |          0.0384 |
|                                 Eval/Return |            2.73 |
-----------------------------------------------------------------
-----------------------------------------------------------------
|                                 Train/Steps |         5.2e+05 |
|                            Loss/Loss_critic |         0.00231 |
|                             Loss/Loss_actor |         -0.0546 |
|                             Loss/Loss_alpha |        0.000173 |
|               Loss/Loss_state_action_metric |          0.0429 |
|                      Loss/Loss_state_metric |          0.0113 |
|             Loss/Loss_state_action_to_state |         0.00351 |
|                           Loss/Act_rep_loss |          0.0909 |
|                                   SAC/Alpha |         0.00163 |
|                              SAC/LogPi_mean |           0.394 |
|                                 SAC/Q1_mean |          0.0565 |
|                                 SAC/Q2_mean |          0.0547 |
|                            Norm/actor_model |            39.8 |
|                           Norm/critic_model |            43.3 |
|              Norm/state_action_metric_model |              39 |
|                     Norm/state_metric_model |              40 |
|        Norm/state_action_state_metric_model |            41.1 |
|                  Metric/self_state_distance |          0.0225 |
|                 Metric/cross_state_distance |            0.98 |
|           Metric/self_state_action_distance |          0.0289 |
|          Metric/cross_state_action_distance |           0.981 |
|             Metric/avg_self_state_asymmetry |               0 |
|            Metric/avg_cross_state_asymmetry |          0.0171 |
|                Metric/avg_self_sa_asymmetry |               0 |
|               Metric/avg_cross_sa_asymmetry |          0.0179 |
|  Metric/self_state_action_to_state_distance |          0.0103 |
| Metric/cross_state_action_to_state_distance |           0.974 |
|                   Metric/h_lambda_diff_self |          0.0268 |
|                  Metric/h_lambda_diff_cross |          0.0245 |
|                                 Eval/Return |            7.26 |
-----------------------------------------------------------------
-----------------------------------------------------------------
|                                 Train/Steps |        6.48e+05 |
|                            Loss/Loss_critic |         0.00151 |
|                             Loss/Loss_actor |          0.0201 |
|                             Loss/Loss_alpha |        0.000113 |
|               Loss/Loss_state_action_metric |         0.00997 |
|                      Loss/Loss_state_metric |         0.00265 |
|             Loss/Loss_state_action_to_state |        0.000709 |
|                           Loss/Act_rep_loss |          0.0736 |
|                                   SAC/Alpha |         0.00091 |
|                              SAC/LogPi_mean |            0.41 |
|                                 SAC/Q1_mean |         -0.0158 |
|                                 SAC/Q2_mean |         -0.0179 |
|                            Norm/actor_model |            44.2 |
|                           Norm/critic_model |            51.2 |
|              Norm/state_action_metric_model |            44.8 |
|                     Norm/state_metric_model |            44.1 |
|        Norm/state_action_state_metric_model |            44.8 |
|                  Metric/self_state_distance |         0.00857 |
|                 Metric/cross_state_distance |           0.981 |
|           Metric/self_state_action_distance |          0.0132 |
|          Metric/cross_state_action_distance |           0.951 |
|             Metric/avg_self_state_asymmetry |               0 |
|            Metric/avg_cross_state_asymmetry |          0.0229 |
|                Metric/avg_self_sa_asymmetry |               0 |
|               Metric/avg_cross_sa_asymmetry |          0.0158 |
|  Metric/self_state_action_to_state_distance |         0.00845 |
| Metric/cross_state_action_to_state_distance |           0.955 |
|                   Metric/h_lambda_diff_self |          0.0108 |
|                  Metric/h_lambda_diff_cross |          0.0167 |
|                                 Eval/Return |            5.29 |
-----------------------------------------------------------------
-----------------------------------------------------------------
|                                 Train/Steps |        7.76e+05 |
|                            Loss/Loss_critic |          0.0111 |
|                             Loss/Loss_actor |          -0.221 |
|                             Loss/Loss_alpha |        0.000427 |
|               Loss/Loss_state_action_metric |          0.0426 |
|                      Loss/Loss_state_metric |          0.0123 |
|             Loss/Loss_state_action_to_state |         0.00707 |
|                           Loss/Act_rep_loss |          0.0377 |
|                                   SAC/Alpha |         0.00306 |
|                              SAC/LogPi_mean |           0.377 |
|                                 SAC/Q1_mean |           0.219 |
|                                 SAC/Q2_mean |           0.222 |
|                            Norm/actor_model |            49.8 |
|                           Norm/critic_model |            60.6 |
|              Norm/state_action_metric_model |            50.7 |
|                     Norm/state_metric_model |            47.5 |
|        Norm/state_action_state_metric_model |            47.7 |
|                  Metric/self_state_distance |         0.00738 |
|                 Metric/cross_state_distance |            1.02 |
|           Metric/self_state_action_distance |            0.01 |
|          Metric/cross_state_action_distance |            1.02 |
|             Metric/avg_self_state_asymmetry |               0 |
|            Metric/avg_cross_state_asymmetry |          0.0138 |
|                Metric/avg_self_sa_asymmetry |               0 |
|               Metric/avg_cross_sa_asymmetry |          0.0253 |
|  Metric/self_state_action_to_state_distance |          0.0118 |
| Metric/cross_state_action_to_state_distance |            1.01 |
|                   Metric/h_lambda_diff_self |           0.013 |
|                  Metric/h_lambda_diff_cross |           0.038 |
|                                 Eval/Return |               8 |
-----------------------------------------------------------------
-----------------------------------------------------------------
|                                 Train/Steps |        9.04e+05 |
|                            Loss/Loss_critic |          0.0188 |
|                             Loss/Loss_actor |          -0.532 |
|                             Loss/Loss_alpha |       -8.72e-05 |
|               Loss/Loss_state_action_metric |          0.0278 |
|                      Loss/Loss_state_metric |         0.00943 |
|             Loss/Loss_state_action_to_state |         0.00239 |
|                           Loss/Act_rep_loss |          0.0418 |
|                                   SAC/Alpha |         0.00267 |
|                              SAC/LogPi_mean |           0.512 |
|                                 SAC/Q1_mean |           0.536 |
|                                 SAC/Q2_mean |           0.549 |
|                            Norm/actor_model |            55.9 |
|                           Norm/critic_model |            70.1 |
|              Norm/state_action_metric_model |            55.1 |
|                     Norm/state_metric_model |            51.3 |
|        Norm/state_action_state_metric_model |            51.2 |
|                  Metric/self_state_distance |         0.00655 |
|                 Metric/cross_state_distance |            1.01 |
|           Metric/self_state_action_distance |          0.0121 |
|          Metric/cross_state_action_distance |            1.01 |
|             Metric/avg_self_state_asymmetry |               0 |
|            Metric/avg_cross_state_asymmetry |          0.0126 |
|                Metric/avg_self_sa_asymmetry |               0 |
|               Metric/avg_cross_sa_asymmetry |          0.0246 |
|  Metric/self_state_action_to_state_distance |         0.00583 |
| Metric/cross_state_action_to_state_distance |            1.01 |
|                   Metric/h_lambda_diff_self |          0.0114 |
|                  Metric/h_lambda_diff_cross |           0.028 |
|                                 Eval/Return |              46 |
-----------------------------------------------------------------
-----------------------------------------------------------------
|                                 Train/Steps |        1.03e+06 |
|                            Loss/Loss_critic |          0.0242 |
|                             Loss/Loss_actor |           -0.66 |
|                             Loss/Loss_alpha |       -0.000205 |
|               Loss/Loss_state_action_metric |           0.121 |
|                      Loss/Loss_state_metric |          0.0308 |
|             Loss/Loss_state_action_to_state |         0.00519 |
|                           Loss/Act_rep_loss |          0.0389 |
|                                   SAC/Alpha |         0.00438 |
|                              SAC/LogPi_mean |           0.594 |
|                                 SAC/Q1_mean |           0.699 |
|                                 SAC/Q2_mean |           0.673 |
|                            Norm/actor_model |            61.1 |
|                           Norm/critic_model |            80.5 |
|              Norm/state_action_metric_model |            60.3 |
|                     Norm/state_metric_model |            54.8 |
|        Norm/state_action_state_metric_model |            54.5 |
|                  Metric/self_state_distance |         0.00598 |
|                 Metric/cross_state_distance |            1.05 |
|           Metric/self_state_action_distance |          0.0132 |
|          Metric/cross_state_action_distance |            1.08 |
|             Metric/avg_self_state_asymmetry |               0 |
|            Metric/avg_cross_state_asymmetry |          0.0192 |
|                Metric/avg_self_sa_asymmetry |               0 |
|               Metric/avg_cross_sa_asymmetry |          0.0305 |
|  Metric/self_state_action_to_state_distance |         0.00893 |
| Metric/cross_state_action_to_state_distance |            1.09 |
|                   Metric/h_lambda_diff_self |          0.0113 |
|                  Metric/h_lambda_diff_cross |          0.0412 |
|                                 Eval/Return |             168 |
-----------------------------------------------------------------
[32mSaving model …[0m
[32mDone.[0m
[32mSaving model …[0m
[32mDone.[0m
-----------------------------------------------------------------
|                                 Train/Steps |        1.16e+06 |
|                            Loss/Loss_critic |          0.0595 |
|                             Loss/Loss_actor |           -5.62 |
|                             Loss/Loss_alpha |        0.000299 |
|               Loss/Loss_state_action_metric |           0.715 |
|                      Loss/Loss_state_metric |           0.243 |
|             Loss/Loss_state_action_to_state |          0.0107 |
|                           Loss/Act_rep_loss |            0.03 |
|                                   SAC/Alpha |         0.00519 |
|                              SAC/LogPi_mean |           0.347 |
|                                 SAC/Q1_mean |            5.61 |
|                                 SAC/Q2_mean |            5.67 |
|                            Norm/actor_model |            66.8 |
|                           Norm/critic_model |            98.9 |
|              Norm/state_action_metric_model |            66.5 |
|                     Norm/state_metric_model |            58.5 |
|        Norm/state_action_state_metric_model |            56.9 |
|                  Metric/self_state_distance |         0.00951 |
|                 Metric/cross_state_distance |            1.33 |
|           Metric/self_state_action_distance |           0.017 |
|          Metric/cross_state_action_distance |            1.63 |
|             Metric/avg_self_state_asymmetry |               0 |
|            Metric/avg_cross_state_asymmetry |          0.0388 |
|                Metric/avg_self_sa_asymmetry |               0 |
|               Metric/avg_cross_sa_asymmetry |          0.0706 |
|  Metric/self_state_action_to_state_distance |          0.0136 |
| Metric/cross_state_action_to_state_distance |            1.56 |
|                   Metric/h_lambda_diff_self |          0.0185 |
|                  Metric/h_lambda_diff_cross |          0.0961 |
|                                 Eval/Return |             622 |
-----------------------------------------------------------------
-----------------------------------------------------------------
|                                 Train/Steps |        1.29e+06 |
|                            Loss/Loss_critic |           0.169 |
|                             Loss/Loss_actor |           -8.88 |
|                             Loss/Loss_alpha |        0.000792 |
|               Loss/Loss_state_action_metric |           0.829 |
|                      Loss/Loss_state_metric |           0.318 |
|             Loss/Loss_state_action_to_state |         0.00515 |
|                           Loss/Act_rep_loss |          0.0319 |
|                                   SAC/Alpha |          0.0157 |
|                              SAC/LogPi_mean |           0.521 |
|                                 SAC/Q1_mean |            8.88 |
|                                 SAC/Q2_mean |            8.85 |
|                            Norm/actor_model |            73.9 |
|                           Norm/critic_model |             116 |
|              Norm/state_action_metric_model |            72.1 |
|                     Norm/state_metric_model |            61.8 |
|        Norm/state_action_state_metric_model |            59.5 |
|                  Metric/self_state_distance |          0.0193 |
|                 Metric/cross_state_distance |            1.35 |
|           Metric/self_state_action_distance |          0.0387 |
|          Metric/cross_state_action_distance |            1.68 |
|             Metric/avg_self_state_asymmetry |               0 |
|            Metric/avg_cross_state_asymmetry |          0.0342 |
|                Metric/avg_self_sa_asymmetry |               0 |
|               Metric/avg_cross_sa_asymmetry |          0.0546 |
|  Metric/self_state_action_to_state_distance |          0.0144 |
| Metric/cross_state_action_to_state_distance |             1.7 |
|                   Metric/h_lambda_diff_self |          0.0306 |
|                  Metric/h_lambda_diff_cross |          0.0637 |
|                                 Eval/Return |             591 |
-----------------------------------------------------------------
-----------------------------------------------------------------
|                                 Train/Steps |        1.42e+06 |
|                            Loss/Loss_critic |           0.186 |
|                             Loss/Loss_actor |           -15.2 |
|                             Loss/Loss_alpha |        -0.00221 |
|               Loss/Loss_state_action_metric |            1.34 |
|                      Loss/Loss_state_metric |            0.51 |
|             Loss/Loss_state_action_to_state |         0.00554 |
|                           Loss/Act_rep_loss |          0.0391 |
|                                   SAC/Alpha |          0.0279 |
|                              SAC/LogPi_mean |           0.581 |
|                                 SAC/Q1_mean |            15.2 |
|                                 SAC/Q2_mean |            15.2 |
|                            Norm/actor_model |            80.2 |
|                           Norm/critic_model |             126 |
|              Norm/state_action_metric_model |            76.4 |
|                     Norm/state_metric_model |            64.6 |
|        Norm/state_action_state_metric_model |            62.2 |
|                  Metric/self_state_distance |          0.0201 |
|                 Metric/cross_state_distance |            1.62 |
|           Metric/self_state_action_distance |          0.0301 |
|          Metric/cross_state_action_distance |            2.14 |
|             Metric/avg_self_state_asymmetry |               0 |
|            Metric/avg_cross_state_asymmetry |           0.049 |
|                Metric/avg_self_sa_asymmetry |               0 |
|               Metric/avg_cross_sa_asymmetry |          0.0639 |
|  Metric/self_state_action_to_state_distance |          0.0178 |
| Metric/cross_state_action_to_state_distance |            2.11 |
|                   Metric/h_lambda_diff_self |          0.0263 |
|                  Metric/h_lambda_diff_cross |          0.0902 |
|                                 Eval/Return |             246 |
-----------------------------------------------------------------
-----------------------------------------------------------------
|                                 Train/Steps |        1.54e+06 |
|                            Loss/Loss_critic |           0.184 |
|                             Loss/Loss_actor |           -20.6 |
|                             Loss/Loss_alpha |        -0.00175 |
|               Loss/Loss_state_action_metric |            1.69 |
|                      Loss/Loss_state_metric |           0.696 |
|             Loss/Loss_state_action_to_state |          0.0117 |
|                           Loss/Act_rep_loss |          0.0282 |
|                                   SAC/Alpha |           0.034 |
|                              SAC/LogPi_mean |            0.65 |
|                                 SAC/Q1_mean |            20.6 |
|                                 SAC/Q2_mean |            20.5 |
|                            Norm/actor_model |            85.5 |
|                           Norm/critic_model |             133 |
|              Norm/state_action_metric_model |              81 |
|                     Norm/state_metric_model |            67.3 |
|        Norm/state_action_state_metric_model |            65.9 |
|                  Metric/self_state_distance |          0.0212 |
|                 Metric/cross_state_distance |            1.83 |
|           Metric/self_state_action_distance |          0.0402 |
|          Metric/cross_state_action_distance |            2.47 |
|             Metric/avg_self_state_asymmetry |               0 |
|            Metric/avg_cross_state_asymmetry |          0.0519 |
|                Metric/avg_self_sa_asymmetry |               0 |
|               Metric/avg_cross_sa_asymmetry |          0.0685 |
|  Metric/self_state_action_to_state_distance |          0.0284 |
| Metric/cross_state_action_to_state_distance |            2.44 |
|                   Metric/h_lambda_diff_self |          0.0192 |
|                  Metric/h_lambda_diff_cross |          0.0982 |
|                                 Eval/Return |             789 |
-----------------------------------------------------------------
-----------------------------------------------------------------
|                                 Train/Steps |        1.67e+06 |
|                            Loss/Loss_critic |            0.17 |
|                             Loss/Loss_actor |           -27.6 |
|                             Loss/Loss_alpha |        -0.00171 |
|               Loss/Loss_state_action_metric |            2.28 |
|                      Loss/Loss_state_metric |           0.932 |
|             Loss/Loss_state_action_to_state |          0.0118 |
|                           Loss/Act_rep_loss |          0.0345 |
|                                   SAC/Alpha |          0.0356 |
|                              SAC/LogPi_mean |            0.48 |
|                                 SAC/Q1_mean |            27.5 |
|                                 SAC/Q2_mean |            27.6 |
|                            Norm/actor_model |            90.4 |
|                           Norm/critic_model |             139 |
|              Norm/state_action_metric_model |            84.9 |
|                     Norm/state_metric_model |            69.9 |
|        Norm/state_action_state_metric_model |            69.9 |
|                  Metric/self_state_distance |          0.0227 |
|                 Metric/cross_state_distance |            2.08 |
|           Metric/self_state_action_distance |          0.0224 |
|          Metric/cross_state_action_distance |             2.9 |
|             Metric/avg_self_state_asymmetry |               0 |
|            Metric/avg_cross_state_asymmetry |          0.0482 |
|                Metric/avg_self_sa_asymmetry |               0 |
|               Metric/avg_cross_sa_asymmetry |          0.0653 |
|  Metric/self_state_action_to_state_distance |          0.0328 |
| Metric/cross_state_action_to_state_distance |            2.83 |
|                   Metric/h_lambda_diff_self |          0.0293 |
|                  Metric/h_lambda_diff_cross |           0.121 |
|                                 Eval/Return |             729 |
-----------------------------------------------------------------
-----------------------------------------------------------------
|                                 Train/Steps |         1.8e+06 |
|                            Loss/Loss_critic |           0.175 |
|                             Loss/Loss_actor |           -30.8 |
|                             Loss/Loss_alpha |        0.000886 |
|               Loss/Loss_state_action_metric |            2.21 |
|                      Loss/Loss_state_metric |           0.923 |
|             Loss/Loss_state_action_to_state |          0.0146 |
|                           Loss/Act_rep_loss |          0.0271 |
|                                   SAC/Alpha |          0.0323 |
|                              SAC/LogPi_mean |           0.385 |
|                                 SAC/Q1_mean |            30.8 |
|                                 SAC/Q2_mean |            30.9 |
|                            Norm/actor_model |            95.1 |
|                           Norm/critic_model |             143 |
|              Norm/state_action_metric_model |            88.5 |
|                     Norm/state_metric_model |            72.7 |
|        Norm/state_action_state_metric_model |            73.4 |
|                  Metric/self_state_distance |          0.0205 |
|                 Metric/cross_state_distance |            2.07 |
|           Metric/self_state_action_distance |          0.0373 |
|          Metric/cross_state_action_distance |            2.95 |
|             Metric/avg_self_state_asymmetry |               0 |
|            Metric/avg_cross_state_asymmetry |            0.05 |
|                Metric/avg_self_sa_asymmetry |               0 |
|               Metric/avg_cross_sa_asymmetry |          0.0596 |
|  Metric/self_state_action_to_state_distance |          0.0177 |
| Metric/cross_state_action_to_state_distance |            2.91 |
|                   Metric/h_lambda_diff_self |          0.0257 |
|                  Metric/h_lambda_diff_cross |          0.0965 |
|                                 Eval/Return |             116 |
-----------------------------------------------------------------
-----------------------------------------------------------------
|                                 Train/Steps |        1.93e+06 |
|                            Loss/Loss_critic |           0.144 |
|                             Loss/Loss_actor |           -34.4 |
|                             Loss/Loss_alpha |        -0.00425 |
|               Loss/Loss_state_action_metric |             2.5 |
|                      Loss/Loss_state_metric |           0.867 |
|             Loss/Loss_state_action_to_state |         0.00749 |
|                           Loss/Act_rep_loss |          0.0218 |
|                                   SAC/Alpha |          0.0367 |
|                              SAC/LogPi_mean |           0.543 |
|                                 SAC/Q1_mean |            34.4 |
|                                 SAC/Q2_mean |            34.4 |
|                            Norm/actor_model |            99.2 |
|                           Norm/critic_model |             146 |
|              Norm/state_action_metric_model |            92.2 |
|                     Norm/state_metric_model |            75.5 |
|        Norm/state_action_state_metric_model |            76.5 |
|                  Metric/self_state_distance |          0.0193 |
|                 Metric/cross_state_distance |            2.08 |
|           Metric/self_state_action_distance |          0.0303 |
|          Metric/cross_state_action_distance |            3.15 |
|             Metric/avg_self_state_asymmetry |               0 |
|            Metric/avg_cross_state_asymmetry |          0.0756 |
|                Metric/avg_self_sa_asymmetry |               0 |
|               Metric/avg_cross_sa_asymmetry |          0.0599 |
|  Metric/self_state_action_to_state_distance |          0.0166 |
| Metric/cross_state_action_to_state_distance |            3.12 |
|                   Metric/h_lambda_diff_self |          0.0204 |
|                  Metric/h_lambda_diff_cross |          0.0958 |
|                                 Eval/Return |             414 |
-----------------------------------------------------------------
-----------------------------------------------------------------
|                                 Train/Steps |        2.06e+06 |
|                            Loss/Loss_critic |           0.138 |
|                             Loss/Loss_actor |           -37.1 |
|                             Loss/Loss_alpha |       -0.000539 |
|               Loss/Loss_state_action_metric |            2.65 |
|                      Loss/Loss_state_metric |           0.996 |
|             Loss/Loss_state_action_to_state |         0.00908 |
|                           Loss/Act_rep_loss |          0.0256 |
|                                   SAC/Alpha |          0.0324 |
|                              SAC/LogPi_mean |           0.539 |
|                                 SAC/Q1_mean |            37.1 |
|                                 SAC/Q2_mean |            37.2 |
|                            Norm/actor_model |             104 |
|                           Norm/critic_model |             149 |
|              Norm/state_action_metric_model |              96 |
|                     Norm/state_metric_model |            78.3 |
|        Norm/state_action_state_metric_model |            79.1 |
|                  Metric/self_state_distance |          0.0154 |
|                 Metric/cross_state_distance |            2.22 |
|           Metric/self_state_action_distance |          0.0225 |
|          Metric/cross_state_action_distance |            3.17 |
|             Metric/avg_self_state_asymmetry |               0 |
|            Metric/avg_cross_state_asymmetry |           0.051 |
|                Metric/avg_self_sa_asymmetry |               0 |
|               Metric/avg_cross_sa_asymmetry |          0.0532 |
|  Metric/self_state_action_to_state_distance |          0.0158 |
| Metric/cross_state_action_to_state_distance |            3.16 |
|                   Metric/h_lambda_diff_self |          0.0189 |
|                  Metric/h_lambda_diff_cross |          0.0916 |
|                                 Eval/Return |             757 |
-----------------------------------------------------------------
[32mSaving model …[0m
[32mDone.[0m
[32mSaving model …[0m
[32mDone.[0m
[32mSaving model …[0m
[32mDone.[0m
[32mSaving model …[0m
[32mDone.[0m
