E0905 03:36:43.372112  671711 cuda_executor.cc:1526] Could not get kernel mode driver version: (INVALID_ARGUMENT: Version does not match the format X.Y.Z)
E0905 03:36:43.380909  671602 cuda_executor.cc:1526] Could not get kernel mode driver version: (INVALID_ARGUMENT: Version does not match the format X.Y.Z)
[32mStart prefilling replay buffer[0m
[32mStart SAC training[0m
[32m{'log_freq': 1000, 'save_freq': 1000000, 'eval_episode_freq': 10, 'hidden_size': 256, 'lr': 0.001, 'max_grad_norm': 0.0, 'gamma': 0.99, 'update_tau': 0.005, 'train_per_step': 8, 'episode_length': 1000, 'warmup_samples': 8192, 'max_replay_size': 4000000, 'batch_size': 512, 'total_env_steps': 5000000, 'init_temperature': 0.1, 'nstep': 3, 'bootstrap_on_truncation': True, 'rep_lr_scale': 1.5, 'critic_rep_metric_scale': 1.0, 'critic_rep_scale': 0.05, 'vis_feq': 100000, 'n_vis_frames': 4, 'num_envs': 128, 'grad_steps': 50, 'transfer_freq': 10, 'transfer_steps': 8, 'reward_scaling': 1.0, 'num_eval_envs': 128, 'target_entropy': -3.0}[0m
[32m[nstep] nstep=3 bootstrap_on_truncation=True (discount from the buffer already contains gamma^nstep)[0m
-----------------------------------------------------------------
|                                 Train/Steps |        1.36e+05 |
|                            Loss/Loss_critic |           0.129 |
|                             Loss/Loss_actor |           -13.1 |
|                             Loss/Loss_alpha |        -0.00474 |
|               Loss/Loss_state_action_metric |           0.772 |
|                      Loss/Loss_state_metric |           0.448 |
|             Loss/Loss_state_action_to_state |         0.00175 |
|                           Loss/Act_rep_loss |         0.00212 |
|                        Loss/Critic_rep_loss |            7.14 |
|                                   SAC/Alpha |          0.0136 |
|                              SAC/LogPi_mean |            3.46 |
|                                 SAC/Q1_mean |              13 |
|                                 SAC/Q2_mean |              13 |
|                            Norm/actor_model |            44.2 |
|                           Norm/critic_model |            49.7 |
|              Norm/state_action_metric_model |            30.7 |
|                     Norm/state_metric_model |            30.3 |
|        Norm/state_action_state_metric_model |            30.5 |
|                  Metric/self_state_distance |         0.00766 |
|                 Metric/cross_state_distance |               2 |
|           Metric/self_state_action_distance |          0.0197 |
|          Metric/cross_state_action_distance |            2.41 |
|             Metric/avg_self_state_asymmetry |               0 |
|            Metric/avg_cross_state_asymmetry |          0.0209 |
|                Metric/avg_self_sa_asymmetry |               0 |
|               Metric/avg_cross_sa_asymmetry |          0.0303 |
|  Metric/self_state_action_to_state_distance |         0.00794 |
| Metric/cross_state_action_to_state_distance |            2.42 |
|                   Metric/h_lambda_diff_self |          0.0135 |
|                  Metric/h_lambda_diff_cross |          0.0441 |
|                                 Eval/Return |             577 |
-----------------------------------------------------------------
-----------------------------------------------------------------
|                                 Train/Steps |        2.64e+05 |
|                            Loss/Loss_critic |           0.259 |
|                             Loss/Loss_actor |           -33.8 |
|                             Loss/Loss_alpha |        -0.00932 |
|               Loss/Loss_state_action_metric |            1.36 |
|                      Loss/Loss_state_metric |           0.619 |
|             Loss/Loss_state_action_to_state |         0.00165 |
|                           Loss/Act_rep_loss |         0.00146 |
|                        Loss/Critic_rep_loss |            15.2 |
|                                   SAC/Alpha |          0.0225 |
|                              SAC/LogPi_mean |            3.46 |
|                                 SAC/Q1_mean |            33.6 |
|                                 SAC/Q2_mean |            33.7 |
|                            Norm/actor_model |            59.4 |
|                           Norm/critic_model |            66.9 |
|              Norm/state_action_metric_model |            32.6 |
|                     Norm/state_metric_model |            33.3 |
|        Norm/state_action_state_metric_model |            32.5 |
|                  Metric/self_state_distance |         0.00581 |
|                 Metric/cross_state_distance |            2.03 |
|           Metric/self_state_action_distance |            0.01 |
|          Metric/cross_state_action_distance |            2.93 |
|             Metric/avg_self_state_asymmetry |               0 |
|            Metric/avg_cross_state_asymmetry |          0.0203 |
|                Metric/avg_self_sa_asymmetry |               0 |
|               Metric/avg_cross_sa_asymmetry |          0.0309 |
|  Metric/self_state_action_to_state_distance |         0.00264 |
| Metric/cross_state_action_to_state_distance |            2.91 |
|                   Metric/h_lambda_diff_self |         0.00786 |
|                  Metric/h_lambda_diff_cross |          0.0517 |
|                                 Eval/Return |             768 |
-----------------------------------------------------------------
-----------------------------------------------------------------
|                                 Train/Steps |        3.92e+05 |
|                            Loss/Loss_critic |             0.2 |
|                             Loss/Loss_actor |           -49.9 |
|                             Loss/Loss_alpha |        -0.00903 |
|               Loss/Loss_state_action_metric |            1.38 |
|                      Loss/Loss_state_metric |           0.704 |
|             Loss/Loss_state_action_to_state |         0.00067 |
|                           Loss/Act_rep_loss |        8.35e-05 |
|                        Loss/Critic_rep_loss |            17.1 |
|                                   SAC/Alpha |          0.0246 |
|                              SAC/LogPi_mean |            3.17 |
|                                 SAC/Q1_mean |            49.8 |
|                                 SAC/Q2_mean |            49.8 |
|                            Norm/actor_model |            68.5 |
|                           Norm/critic_model |            77.9 |
|              Norm/state_action_metric_model |            35.1 |
|                     Norm/state_metric_model |            38.9 |
|        Norm/state_action_state_metric_model |            34.5 |
|                  Metric/self_state_distance |         0.00255 |
|                 Metric/cross_state_distance |            2.13 |
|           Metric/self_state_action_distance |         0.00313 |
|          Metric/cross_state_action_distance |            2.73 |
|             Metric/avg_self_state_asymmetry |               0 |
|            Metric/avg_cross_state_asymmetry |          0.0173 |
|                Metric/avg_self_sa_asymmetry |               0 |
|               Metric/avg_cross_sa_asymmetry |          0.0258 |
|  Metric/self_state_action_to_state_distance |          0.0011 |
| Metric/cross_state_action_to_state_distance |            2.76 |
|                   Metric/h_lambda_diff_self |         0.00274 |
|                  Metric/h_lambda_diff_cross |          0.0397 |
|                                 Eval/Return |             823 |
-----------------------------------------------------------------
-----------------------------------------------------------------
|                                 Train/Steps |         5.2e+05 |
|                            Loss/Loss_critic |           0.221 |
|                             Loss/Loss_actor |           -58.7 |
|                             Loss/Loss_alpha |        -0.00106 |
|               Loss/Loss_state_action_metric |            1.69 |
|                      Loss/Loss_state_metric |           0.761 |
|             Loss/Loss_state_action_to_state |         0.00107 |
|                           Loss/Act_rep_loss |               0 |
|                        Loss/Critic_rep_loss |            19.3 |
|                                   SAC/Alpha |          0.0229 |
|                              SAC/LogPi_mean |            3.14 |
|                                 SAC/Q1_mean |            58.6 |
|                                 SAC/Q2_mean |            58.6 |
|                            Norm/actor_model |            75.6 |
|                           Norm/critic_model |            86.2 |
|              Norm/state_action_metric_model |            37.7 |
|                     Norm/state_metric_model |            45.1 |
|        Norm/state_action_state_metric_model |            36.6 |
|                  Metric/self_state_distance |         0.00228 |
|                 Metric/cross_state_distance |            2.14 |
|           Metric/self_state_action_distance |         0.00498 |
|          Metric/cross_state_action_distance |            2.89 |
|             Metric/avg_self_state_asymmetry |               0 |
|            Metric/avg_cross_state_asymmetry |          0.0148 |
|                Metric/avg_self_sa_asymmetry |               0 |
|               Metric/avg_cross_sa_asymmetry |          0.0336 |
|  Metric/self_state_action_to_state_distance |        0.000468 |
| Metric/cross_state_action_to_state_distance |            2.91 |
|                   Metric/h_lambda_diff_self |         0.00456 |
|                  Metric/h_lambda_diff_cross |          0.0418 |
|                                 Eval/Return |             776 |
-----------------------------------------------------------------
-----------------------------------------------------------------
|                                 Train/Steps |        6.48e+05 |
|                            Loss/Loss_critic |           0.139 |
|                             Loss/Loss_actor |           -63.8 |
|                             Loss/Loss_alpha |          0.0044 |
|               Loss/Loss_state_action_metric |            1.25 |
|                      Loss/Loss_state_metric |           0.669 |
|             Loss/Loss_state_action_to_state |        0.000799 |
|                           Loss/Act_rep_loss |        0.000451 |
|                        Loss/Critic_rep_loss |            17.3 |
|                                   SAC/Alpha |          0.0226 |
|                              SAC/LogPi_mean |            2.88 |
|                                 SAC/Q1_mean |            63.8 |
|                                 SAC/Q2_mean |            63.8 |
|                            Norm/actor_model |            81.7 |
|                           Norm/critic_model |            92.7 |
|              Norm/state_action_metric_model |            40.3 |
|                     Norm/state_metric_model |            50.1 |
|        Norm/state_action_state_metric_model |            38.6 |
|                  Metric/self_state_distance |         0.00515 |
|                 Metric/cross_state_distance |            2.01 |
|           Metric/self_state_action_distance |         0.00421 |
|          Metric/cross_state_action_distance |            2.65 |
|             Metric/avg_self_state_asymmetry |               0 |
|            Metric/avg_cross_state_asymmetry |          0.0148 |
|                Metric/avg_self_sa_asymmetry |               0 |
|               Metric/avg_cross_sa_asymmetry |          0.0221 |
|  Metric/self_state_action_to_state_distance |        0.000951 |
| Metric/cross_state_action_to_state_distance |            2.64 |
|                   Metric/h_lambda_diff_self |         0.00358 |
|                  Metric/h_lambda_diff_cross |          0.0364 |
|                                 Eval/Return |             845 |
-----------------------------------------------------------------
-----------------------------------------------------------------
|                                 Train/Steps |        7.76e+05 |
|                            Loss/Loss_critic |           0.206 |
|                             Loss/Loss_actor |           -69.4 |
|                             Loss/Loss_alpha |         0.00776 |
|               Loss/Loss_state_action_metric |            1.22 |
|                      Loss/Loss_state_metric |           0.533 |
|             Loss/Loss_state_action_to_state |         0.00136 |
|                           Loss/Act_rep_loss |        0.000128 |
|                        Loss/Critic_rep_loss |            15.8 |
|                                   SAC/Alpha |          0.0209 |
|                              SAC/LogPi_mean |            2.71 |
|                                 SAC/Q1_mean |            69.4 |
|                                 SAC/Q2_mean |            69.4 |
|                            Norm/actor_model |            86.5 |
|                           Norm/critic_model |            98.2 |
|              Norm/state_action_metric_model |              43 |
|                     Norm/state_metric_model |            54.7 |
|        Norm/state_action_state_metric_model |            40.6 |
|                  Metric/self_state_distance |          0.0018 |
|                 Metric/cross_state_distance |            1.82 |
|           Metric/self_state_action_distance |          0.0025 |
|          Metric/cross_state_action_distance |            2.49 |
|             Metric/avg_self_state_asymmetry |               0 |
|            Metric/avg_cross_state_asymmetry |          0.0164 |
|                Metric/avg_self_sa_asymmetry |               0 |
|               Metric/avg_cross_sa_asymmetry |          0.0165 |
|  Metric/self_state_action_to_state_distance |        0.000396 |
| Metric/cross_state_action_to_state_distance |             2.5 |
|                   Metric/h_lambda_diff_self |         0.00219 |
|                  Metric/h_lambda_diff_cross |           0.031 |
|                                 Eval/Return |             875 |
-----------------------------------------------------------------
-----------------------------------------------------------------
|                                 Train/Steps |        9.04e+05 |
|                            Loss/Loss_critic |           0.191 |
|                             Loss/Loss_actor |           -72.8 |
|                             Loss/Loss_alpha |        -0.00128 |
|               Loss/Loss_state_action_metric |            1.12 |
|                      Loss/Loss_state_metric |           0.519 |
|             Loss/Loss_state_action_to_state |        0.000479 |
|                           Loss/Act_rep_loss |         9.7e-05 |
|                        Loss/Critic_rep_loss |              14 |
|                                   SAC/Alpha |          0.0192 |
|                              SAC/LogPi_mean |            2.95 |
|                                 SAC/Q1_mean |            72.8 |
|                                 SAC/Q2_mean |            72.8 |
|                            Norm/actor_model |            91.1 |
|                           Norm/critic_model |             103 |
|              Norm/state_action_metric_model |            45.5 |
|                     Norm/state_metric_model |            59.6 |
|        Norm/state_action_state_metric_model |            42.6 |
|                  Metric/self_state_distance |        0.000594 |
|                 Metric/cross_state_distance |            1.83 |
|           Metric/self_state_action_distance |         0.00211 |
|          Metric/cross_state_action_distance |             2.4 |
|             Metric/avg_self_state_asymmetry |               0 |
|            Metric/avg_cross_state_asymmetry |          0.0156 |
|                Metric/avg_self_sa_asymmetry |               0 |
|               Metric/avg_cross_sa_asymmetry |          0.0173 |
|  Metric/self_state_action_to_state_distance |        0.000771 |
| Metric/cross_state_action_to_state_distance |            2.41 |
|                   Metric/h_lambda_diff_self |         0.00213 |
|                  Metric/h_lambda_diff_cross |          0.0253 |
|                                 Eval/Return |             885 |
-----------------------------------------------------------------
-----------------------------------------------------------------
|                                 Train/Steps |        1.03e+06 |
|                            Loss/Loss_critic |           0.139 |
|                             Loss/Loss_actor |           -73.9 |
|                             Loss/Loss_alpha |        0.000517 |
|               Loss/Loss_state_action_metric |            1.32 |
|                      Loss/Loss_state_metric |           0.506 |
|             Loss/Loss_state_action_to_state |        0.000574 |
|                           Loss/Act_rep_loss |               0 |
|                        Loss/Critic_rep_loss |              14 |
|                                   SAC/Alpha |          0.0185 |
|                              SAC/LogPi_mean |            3.07 |
|                                 SAC/Q1_mean |            73.8 |
|                                 SAC/Q2_mean |            73.9 |
|                            Norm/actor_model |            95.1 |
|                           Norm/critic_model |             108 |
|              Norm/state_action_metric_model |            47.9 |
|                     Norm/state_metric_model |            64.2 |
|        Norm/state_action_state_metric_model |            44.6 |
|                  Metric/self_state_distance |        0.000593 |
|                 Metric/cross_state_distance |            1.82 |
|           Metric/self_state_action_distance |         0.00175 |
|          Metric/cross_state_action_distance |            2.42 |
|             Metric/avg_self_state_asymmetry |               0 |
|            Metric/avg_cross_state_asymmetry |          0.0135 |
|                Metric/avg_self_sa_asymmetry |               0 |
|               Metric/avg_cross_sa_asymmetry |          0.0189 |
|  Metric/self_state_action_to_state_distance |         0.00104 |
| Metric/cross_state_action_to_state_distance |            2.39 |
|                   Metric/h_lambda_diff_self |         0.00109 |
|                  Metric/h_lambda_diff_cross |          0.0345 |
|                                 Eval/Return |             872 |
-----------------------------------------------------------------
[32mSaving model …[0m
[32mDone.[0m
[32mSaving model …[0m
[32mDone.[0m
-----------------------------------------------------------------
|                                 Train/Steps |        1.16e+06 |
|                            Loss/Loss_critic |           0.122 |
|                             Loss/Loss_actor |           -75.5 |
|                             Loss/Loss_alpha |         0.00357 |
|               Loss/Loss_state_action_metric |            1.02 |
|                      Loss/Loss_state_metric |           0.484 |
|             Loss/Loss_state_action_to_state |        0.000499 |
|                           Loss/Act_rep_loss |               0 |
|                        Loss/Critic_rep_loss |            13.8 |
|                                   SAC/Alpha |          0.0175 |
|                              SAC/LogPi_mean |            2.68 |
|                                 SAC/Q1_mean |            75.6 |
|                                 SAC/Q2_mean |            75.5 |
|                            Norm/actor_model |            98.9 |
|                           Norm/critic_model |             113 |
|              Norm/state_action_metric_model |            50.3 |
|                     Norm/state_metric_model |            68.3 |
|        Norm/state_action_state_metric_model |            46.6 |
|                  Metric/self_state_distance |         0.00144 |
|                 Metric/cross_state_distance |            1.74 |
|           Metric/self_state_action_distance |         0.00108 |
|          Metric/cross_state_action_distance |             2.4 |
|             Metric/avg_self_state_asymmetry |               0 |
|            Metric/avg_cross_state_asymmetry |          0.0111 |
|                Metric/avg_self_sa_asymmetry |               0 |
|               Metric/avg_cross_sa_asymmetry |          0.0171 |
|  Metric/self_state_action_to_state_distance |        0.000243 |
| Metric/cross_state_action_to_state_distance |             2.4 |
|                   Metric/h_lambda_diff_self |         0.00101 |
|                  Metric/h_lambda_diff_cross |          0.0272 |
|                                 Eval/Return |             887 |
-----------------------------------------------------------------
-----------------------------------------------------------------
|                                 Train/Steps |        1.29e+06 |
|                            Loss/Loss_critic |           0.171 |
|                             Loss/Loss_actor |           -75.6 |
|                             Loss/Loss_alpha |         0.00415 |
|               Loss/Loss_state_action_metric |            1.46 |
|                      Loss/Loss_state_metric |           0.568 |
|             Loss/Loss_state_action_to_state |        0.000605 |
|                           Loss/Act_rep_loss |        7.23e-06 |
|                        Loss/Critic_rep_loss |            15.3 |
|                                   SAC/Alpha |          0.0173 |
|                              SAC/LogPi_mean |             2.9 |
|                                 SAC/Q1_mean |            75.5 |
|                                 SAC/Q2_mean |            75.6 |
|                            Norm/actor_model |             102 |
|                           Norm/critic_model |             117 |
|              Norm/state_action_metric_model |            52.4 |
|                     Norm/state_metric_model |            72.4 |
|        Norm/state_action_state_metric_model |            48.5 |
|                  Metric/self_state_distance |        0.000605 |
|                 Metric/cross_state_distance |            1.87 |
|           Metric/self_state_action_distance |         0.00105 |
|          Metric/cross_state_action_distance |            2.52 |
|             Metric/avg_self_state_asymmetry |               0 |
|            Metric/avg_cross_state_asymmetry |          0.0123 |
|                Metric/avg_self_sa_asymmetry |               0 |
|               Metric/avg_cross_sa_asymmetry |          0.0202 |
|  Metric/self_state_action_to_state_distance |        0.000525 |
| Metric/cross_state_action_to_state_distance |             2.5 |
|                   Metric/h_lambda_diff_self |         0.00117 |
|                  Metric/h_lambda_diff_cross |          0.0271 |
|                                 Eval/Return |             882 |
-----------------------------------------------------------------
-----------------------------------------------------------------
|                                 Train/Steps |        1.42e+06 |
|                            Loss/Loss_critic |           0.108 |
|                             Loss/Loss_actor |           -78.9 |
|                             Loss/Loss_alpha |         0.00526 |
|               Loss/Loss_state_action_metric |           0.704 |
|                      Loss/Loss_state_metric |           0.343 |
|             Loss/Loss_state_action_to_state |         0.00051 |
|                           Loss/Act_rep_loss |        2.53e-05 |
|                        Loss/Critic_rep_loss |            11.7 |
|                                   SAC/Alpha |          0.0174 |
|                              SAC/LogPi_mean |            2.86 |
|                                 SAC/Q1_mean |            78.9 |
|                                 SAC/Q2_mean |            78.9 |
|                            Norm/actor_model |             106 |
|                           Norm/critic_model |             121 |
|              Norm/state_action_metric_model |            54.6 |
|                     Norm/state_metric_model |            76.5 |
|        Norm/state_action_state_metric_model |            50.4 |
|                  Metric/self_state_distance |        0.000803 |
|                 Metric/cross_state_distance |             1.6 |
|           Metric/self_state_action_distance |         0.00379 |
|          Metric/cross_state_action_distance |            2.15 |
|             Metric/avg_self_state_asymmetry |               0 |
|            Metric/avg_cross_state_asymmetry |          0.0162 |
|                Metric/avg_self_sa_asymmetry |               0 |
|               Metric/avg_cross_sa_asymmetry |          0.0154 |
|  Metric/self_state_action_to_state_distance |        0.000632 |
| Metric/cross_state_action_to_state_distance |            2.16 |
|                   Metric/h_lambda_diff_self |         0.00379 |
|                  Metric/h_lambda_diff_cross |          0.0252 |
|                                 Eval/Return |             901 |
-----------------------------------------------------------------
-----------------------------------------------------------------
|                                 Train/Steps |        1.54e+06 |
|                            Loss/Loss_critic |           0.105 |
|                             Loss/Loss_actor |             -79 |
|                             Loss/Loss_alpha |       -9.95e-05 |
|               Loss/Loss_state_action_metric |           0.923 |
|                      Loss/Loss_state_metric |           0.455 |
|             Loss/Loss_state_action_to_state |        0.000381 |
|                           Loss/Act_rep_loss |        3.64e-06 |
|                        Loss/Critic_rep_loss |            12.4 |
|                                   SAC/Alpha |          0.0176 |
|                              SAC/LogPi_mean |            3.22 |
|                                 SAC/Q1_mean |            79.1 |
|                                 SAC/Q2_mean |              79 |
|                            Norm/actor_model |             109 |
|                           Norm/critic_model |             125 |
|              Norm/state_action_metric_model |            56.7 |
|                     Norm/state_metric_model |            80.7 |
|        Norm/state_action_state_metric_model |            52.1 |
|                  Metric/self_state_distance |        0.000392 |
|                 Metric/cross_state_distance |            1.78 |
|           Metric/self_state_action_distance |         0.00198 |
|          Metric/cross_state_action_distance |            2.24 |
|             Metric/avg_self_state_asymmetry |               0 |
|            Metric/avg_cross_state_asymmetry |          0.0124 |
|                Metric/avg_self_sa_asymmetry |               0 |
|               Metric/avg_cross_sa_asymmetry |          0.0152 |
|  Metric/self_state_action_to_state_distance |         6.7e-05 |
| Metric/cross_state_action_to_state_distance |            2.26 |
|                   Metric/h_lambda_diff_self |         0.00193 |
|                  Metric/h_lambda_diff_cross |            0.03 |
|                                 Eval/Return |             900 |
-----------------------------------------------------------------
-----------------------------------------------------------------
|                                 Train/Steps |        1.67e+06 |
|                            Loss/Loss_critic |           0.111 |
|                             Loss/Loss_actor |           -80.6 |
|                             Loss/Loss_alpha |         0.00488 |
|               Loss/Loss_state_action_metric |           0.936 |
|                      Loss/Loss_state_metric |            0.42 |
|             Loss/Loss_state_action_to_state |        0.000282 |
|                           Loss/Act_rep_loss |               0 |
|                        Loss/Critic_rep_loss |            12.7 |
|                                   SAC/Alpha |          0.0169 |
|                              SAC/LogPi_mean |            2.64 |
|                                 SAC/Q1_mean |            80.6 |
|                                 SAC/Q2_mean |            80.6 |
|                            Norm/actor_model |             112 |
|                           Norm/critic_model |             129 |
|              Norm/state_action_metric_model |            58.6 |
|                     Norm/state_metric_model |            84.6 |
|        Norm/state_action_state_metric_model |            53.8 |
|                  Metric/self_state_distance |        0.000323 |
|                 Metric/cross_state_distance |            1.69 |
|           Metric/self_state_action_distance |        0.000393 |
|          Metric/cross_state_action_distance |            2.22 |
|             Metric/avg_self_state_asymmetry |               0 |
|            Metric/avg_cross_state_asymmetry |          0.0148 |
|                Metric/avg_self_sa_asymmetry |               0 |
|               Metric/avg_cross_sa_asymmetry |          0.0154 |
|  Metric/self_state_action_to_state_distance |         0.00118 |
| Metric/cross_state_action_to_state_distance |            2.25 |
|                   Metric/h_lambda_diff_self |          0.0012 |
|                  Metric/h_lambda_diff_cross |          0.0308 |
|                                 Eval/Return |             902 |
-----------------------------------------------------------------
-----------------------------------------------------------------
|                                 Train/Steps |         1.8e+06 |
|                            Loss/Loss_critic |          0.0831 |
|                             Loss/Loss_actor |           -80.1 |
|                             Loss/Loss_alpha |         0.00533 |
|               Loss/Loss_state_action_metric |            1.13 |
|                      Loss/Loss_state_metric |           0.396 |
|             Loss/Loss_state_action_to_state |        0.000386 |
|                           Loss/Act_rep_loss |               0 |
|                        Loss/Critic_rep_loss |            13.7 |
|                                   SAC/Alpha |          0.0166 |
|                              SAC/LogPi_mean |            2.87 |
|                                 SAC/Q1_mean |            80.1 |
|                                 SAC/Q2_mean |            80.2 |
|                            Norm/actor_model |             115 |
|                           Norm/critic_model |             133 |
|              Norm/state_action_metric_model |            60.5 |
|                     Norm/state_metric_model |            88.3 |
|        Norm/state_action_state_metric_model |            55.6 |
|                  Metric/self_state_distance |        0.000578 |
|                 Metric/cross_state_distance |             1.7 |
|           Metric/self_state_action_distance |          0.0029 |
|          Metric/cross_state_action_distance |            2.34 |
|             Metric/avg_self_state_asymmetry |               0 |
|            Metric/avg_cross_state_asymmetry |          0.0111 |
|                Metric/avg_self_sa_asymmetry |               0 |
|               Metric/avg_cross_sa_asymmetry |          0.0154 |
|  Metric/self_state_action_to_state_distance |        0.000251 |
| Metric/cross_state_action_to_state_distance |            2.33 |
|                   Metric/h_lambda_diff_self |         0.00281 |
|                  Metric/h_lambda_diff_cross |          0.0309 |
|                                 Eval/Return |             896 |
-----------------------------------------------------------------
-----------------------------------------------------------------
|                                 Train/Steps |        1.93e+06 |
|                            Loss/Loss_critic |          0.0767 |
|                             Loss/Loss_actor |           -80.2 |
|                             Loss/Loss_alpha |        -0.00337 |
|               Loss/Loss_state_action_metric |            1.19 |
|                      Loss/Loss_state_metric |           0.508 |
|             Loss/Loss_state_action_to_state |        0.000354 |
|                           Loss/Act_rep_loss |         3.6e-05 |
|                        Loss/Critic_rep_loss |            14.7 |
|                                   SAC/Alpha |          0.0171 |
|                              SAC/LogPi_mean |            3.08 |
|                                 SAC/Q1_mean |            80.2 |
|                                 SAC/Q2_mean |            80.3 |
|                            Norm/actor_model |             117 |
|                           Norm/critic_model |             137 |
|              Norm/state_action_metric_model |            62.5 |
|                     Norm/state_metric_model |            92.2 |
|        Norm/state_action_state_metric_model |            57.3 |
|                  Metric/self_state_distance |         0.00176 |
|                 Metric/cross_state_distance |            1.77 |
|           Metric/self_state_action_distance |         0.00152 |
|          Metric/cross_state_action_distance |            2.39 |
|             Metric/avg_self_state_asymmetry |               0 |
|            Metric/avg_cross_state_asymmetry |          0.0131 |
|                Metric/avg_self_sa_asymmetry |               0 |
|               Metric/avg_cross_sa_asymmetry |          0.0168 |
|  Metric/self_state_action_to_state_distance |         0.00103 |
| Metric/cross_state_action_to_state_distance |            2.37 |
|                   Metric/h_lambda_diff_self |         0.00163 |
|                  Metric/h_lambda_diff_cross |          0.0268 |
|                                 Eval/Return |             901 |
-----------------------------------------------------------------
-----------------------------------------------------------------
|                                 Train/Steps |        2.06e+06 |
|                            Loss/Loss_critic |          0.0875 |
|                             Loss/Loss_actor |           -82.2 |
|                             Loss/Loss_alpha |         0.00393 |
|               Loss/Loss_state_action_metric |           0.935 |
|                      Loss/Loss_state_metric |            0.39 |
|             Loss/Loss_state_action_to_state |        0.000281 |
|                           Loss/Act_rep_loss |        9.05e-06 |
|                        Loss/Critic_rep_loss |            12.2 |
|                                   SAC/Alpha |          0.0171 |
|                              SAC/LogPi_mean |            2.86 |
|                                 SAC/Q1_mean |            82.3 |
|                                 SAC/Q2_mean |            82.4 |
|                            Norm/actor_model |             120 |
|                           Norm/critic_model |             141 |
|              Norm/state_action_metric_model |            64.3 |
|                     Norm/state_metric_model |            95.6 |
|        Norm/state_action_state_metric_model |              59 |
|                  Metric/self_state_distance |        0.000739 |
|                 Metric/cross_state_distance |            1.67 |
|           Metric/self_state_action_distance |         0.00148 |
|          Metric/cross_state_action_distance |            2.18 |
|             Metric/avg_self_state_asymmetry |               0 |
|            Metric/avg_cross_state_asymmetry |          0.0112 |
|                Metric/avg_self_sa_asymmetry |               0 |
|               Metric/avg_cross_sa_asymmetry |          0.0172 |
|  Metric/self_state_action_to_state_distance |        0.000482 |
| Metric/cross_state_action_to_state_distance |            2.18 |
|                   Metric/h_lambda_diff_self |         0.00171 |
|                  Metric/h_lambda_diff_cross |          0.0214 |
|                                 Eval/Return |             898 |
-----------------------------------------------------------------
[32mSaving model …[0m
[32mDone.[0m
[32mSaving model …[0m
[32mDone.[0m
-----------------------------------------------------------------
|                                 Train/Steps |        2.18e+06 |
|                            Loss/Loss_critic |           0.117 |
|                             Loss/Loss_actor |           -82.4 |
|                             Loss/Loss_alpha |         0.00248 |
|               Loss/Loss_state_action_metric |            1.14 |
|                      Loss/Loss_state_metric |           0.374 |
|             Loss/Loss_state_action_to_state |        0.000377 |
|                           Loss/Act_rep_loss |        2.58e-05 |
|                        Loss/Critic_rep_loss |            12.5 |
|                                   SAC/Alpha |          0.0161 |
|                              SAC/LogPi_mean |            3.01 |
|                                 SAC/Q1_mean |            82.4 |
|                                 SAC/Q2_mean |            82.4 |
|                            Norm/actor_model |             123 |
|                           Norm/critic_model |             145 |
|              Norm/state_action_metric_model |            66.1 |
|                     Norm/state_metric_model |            99.2 |
|        Norm/state_action_state_metric_model |            60.7 |
|                  Metric/self_state_distance |          0.0015 |
|                 Metric/cross_state_distance |            1.65 |
|           Metric/self_state_action_distance |         0.00483 |
|          Metric/cross_state_action_distance |            2.21 |
|             Metric/avg_self_state_asymmetry |               0 |
|            Metric/avg_cross_state_asymmetry |          0.0102 |
|                Metric/avg_self_sa_asymmetry |               0 |
|               Metric/avg_cross_sa_asymmetry |          0.0143 |
|  Metric/self_state_action_to_state_distance |        0.000863 |
| Metric/cross_state_action_to_state_distance |            2.23 |
|                   Metric/h_lambda_diff_self |         0.00425 |
|                  Metric/h_lambda_diff_cross |          0.0227 |
|                                 Eval/Return |             903 |
-----------------------------------------------------------------
-----------------------------------------------------------------
|                                 Train/Steps |        2.31e+06 |
|                            Loss/Loss_critic |           0.194 |
|                             Loss/Loss_actor |           -82.7 |
|                             Loss/Loss_alpha |        -0.00516 |
|               Loss/Loss_state_action_metric |            1.15 |
|                      Loss/Loss_state_metric |            0.41 |
|             Loss/Loss_state_action_to_state |        0.000233 |
|                           Loss/Act_rep_loss |         0.00102 |
|                        Loss/Critic_rep_loss |            12.9 |
|                                   SAC/Alpha |          0.0152 |
|                              SAC/LogPi_mean |            3.31 |
|                                 SAC/Q1_mean |            82.7 |
|                                 SAC/Q2_mean |            82.7 |
|                            Norm/actor_model |             125 |
|                           Norm/critic_model |             148 |
|              Norm/state_action_metric_model |            67.8 |
|                     Norm/state_metric_model |             102 |
|        Norm/state_action_state_metric_model |            62.3 |
|                  Metric/self_state_distance |        0.000466 |
|                 Metric/cross_state_distance |            1.66 |
|           Metric/self_state_action_distance |         0.00386 |
|          Metric/cross_state_action_distance |            2.27 |
|             Metric/avg_self_state_asymmetry |               0 |
|            Metric/avg_cross_state_asymmetry |           0.012 |
|                Metric/avg_self_sa_asymmetry |               0 |
|               Metric/avg_cross_sa_asymmetry |          0.0153 |
|  Metric/self_state_action_to_state_distance |        0.000262 |
| Metric/cross_state_action_to_state_distance |            2.25 |
|                   Metric/h_lambda_diff_self |          0.0038 |
|                  Metric/h_lambda_diff_cross |          0.0265 |
|                                 Eval/Return |             909 |
-----------------------------------------------------------------
-----------------------------------------------------------------
|                                 Train/Steps |        2.44e+06 |
|                            Loss/Loss_critic |          0.0837 |
|                             Loss/Loss_actor |           -86.1 |
|                             Loss/Loss_alpha |        -0.00042 |
|               Loss/Loss_state_action_metric |           0.783 |
|                      Loss/Loss_state_metric |             0.3 |
|             Loss/Loss_state_action_to_state |        0.000204 |
|                           Loss/Act_rep_loss |        0.000454 |
|                        Loss/Critic_rep_loss |              10 |
|                                   SAC/Alpha |          0.0157 |
|                              SAC/LogPi_mean |            2.93 |
|                                 SAC/Q1_mean |            86.1 |
|                                 SAC/Q2_mean |            86.1 |
|                            Norm/actor_model |             127 |
|                           Norm/critic_model |             151 |
|              Norm/state_action_metric_model |            69.3 |
|                     Norm/state_metric_model |             105 |
|        Norm/state_action_state_metric_model |            63.8 |
|                  Metric/self_state_distance |        0.000614 |
|                 Metric/cross_state_distance |            1.51 |
|           Metric/self_state_action_distance |         0.00444 |
|          Metric/cross_state_action_distance |            2.03 |
|             Metric/avg_self_state_asymmetry |               0 |
|            Metric/avg_cross_state_asymmetry |           0.011 |
|                Metric/avg_self_sa_asymmetry |               0 |
|               Metric/avg_cross_sa_asymmetry |          0.0143 |
|  Metric/self_state_action_to_state_distance |        7.03e-05 |
| Metric/cross_state_action_to_state_distance |            2.03 |
|                   Metric/h_lambda_diff_self |         0.00438 |
|                  Metric/h_lambda_diff_cross |          0.0178 |
|                                 Eval/Return |             908 |
-----------------------------------------------------------------
-----------------------------------------------------------------
|                                 Train/Steps |        2.57e+06 |
|                            Loss/Loss_critic |           0.231 |
|                             Loss/Loss_actor |           -85.6 |
|                             Loss/Loss_alpha |         0.00157 |
|               Loss/Loss_state_action_metric |            0.98 |
|                      Loss/Loss_state_metric |           0.335 |
|             Loss/Loss_state_action_to_state |        0.000209 |
|                           Loss/Act_rep_loss |        0.000331 |
|                        Loss/Critic_rep_loss |            11.2 |
|                                   SAC/Alpha |           0.015 |
|                              SAC/LogPi_mean |            2.48 |
|                                 SAC/Q1_mean |            85.7 |
|                                 SAC/Q2_mean |            85.5 |
|                            Norm/actor_model |             130 |
|                           Norm/critic_model |             155 |
|              Norm/state_action_metric_model |            70.7 |
|                     Norm/state_metric_model |             108 |
|        Norm/state_action_state_metric_model |            65.4 |
|                  Metric/self_state_distance |        0.000636 |
|                 Metric/cross_state_distance |            1.53 |
|           Metric/self_state_action_distance |         0.00228 |
|          Metric/cross_state_action_distance |            2.07 |
|             Metric/avg_self_state_asymmetry |               0 |
|            Metric/avg_cross_state_asymmetry |         0.00801 |
|                Metric/avg_self_sa_asymmetry |               0 |
|               Metric/avg_cross_sa_asymmetry |          0.0135 |
|  Metric/self_state_action_to_state_distance |        0.000403 |
| Metric/cross_state_action_to_state_distance |            2.07 |
|                   Metric/h_lambda_diff_self |         0.00203 |
|                  Metric/h_lambda_diff_cross |          0.0214 |
|                                 Eval/Return |             910 |
-----------------------------------------------------------------
-----------------------------------------------------------------
|                                 Train/Steps |         2.7e+06 |
|                            Loss/Loss_critic |          0.0907 |
|                             Loss/Loss_actor |           -85.8 |
|                             Loss/Loss_alpha |         0.00436 |
|               Loss/Loss_state_action_metric |           0.851 |
|                      Loss/Loss_state_metric |           0.331 |
|             Loss/Loss_state_action_to_state |        0.000195 |
|                           Loss/Act_rep_loss |        0.000482 |
|                        Loss/Critic_rep_loss |            11.1 |
|                                   SAC/Alpha |          0.0151 |
|                              SAC/LogPi_mean |            2.73 |
|                                 SAC/Q1_mean |            85.8 |
|                                 SAC/Q2_mean |            85.8 |
|                            Norm/actor_model |             132 |
|                           Norm/critic_model |             158 |
|              Norm/state_action_metric_model |              72 |
|                     Norm/state_metric_model |             111 |
|        Norm/state_action_state_metric_model |              67 |
|                  Metric/self_state_distance |        0.000476 |
|                 Metric/cross_state_distance |            1.58 |
|           Metric/self_state_action_distance |          0.0028 |
|          Metric/cross_state_action_distance |             2.1 |
|             Metric/avg_self_state_asymmetry |               0 |
|            Metric/avg_cross_state_asymmetry |         0.00849 |
|                Metric/avg_self_sa_asymmetry |               0 |
|               Metric/avg_cross_sa_asymmetry |          0.0154 |
|  Metric/self_state_action_to_state_distance |         0.00044 |
| Metric/cross_state_action_to_state_distance |             2.1 |
|                   Metric/h_lambda_diff_self |         0.00246 |
|                  Metric/h_lambda_diff_cross |          0.0181 |
|                                 Eval/Return |             913 |
-----------------------------------------------------------------
-----------------------------------------------------------------
|                                 Train/Steps |        2.82e+06 |
|                            Loss/Loss_critic |          0.0643 |
|                             Loss/Loss_actor |           -86.3 |
|                             Loss/Loss_alpha |        -0.00208 |
|               Loss/Loss_state_action_metric |           0.739 |
|                      Loss/Loss_state_metric |           0.279 |
|             Loss/Loss_state_action_to_state |        0.000443 |
|                           Loss/Act_rep_loss |        0.000991 |
|                        Loss/Critic_rep_loss |            10.1 |
|                                   SAC/Alpha |          0.0147 |
|                              SAC/LogPi_mean |            3.13 |
|                                 SAC/Q1_mean |            86.3 |
|                                 SAC/Q2_mean |            86.4 |
|                            Norm/actor_model |             134 |
|                           Norm/critic_model |             161 |
|              Norm/state_action_metric_model |            73.3 |
|                     Norm/state_metric_model |             113 |
|        Norm/state_action_state_metric_model |            68.4 |
|                  Metric/self_state_distance |        0.000322 |
|                 Metric/cross_state_distance |             1.5 |
|           Metric/self_state_action_distance |         0.00132 |
|          Metric/cross_state_action_distance |            2.05 |
|             Metric/avg_self_state_asymmetry |               0 |
|            Metric/avg_cross_state_asymmetry |         0.00782 |
|                Metric/avg_self_sa_asymmetry |               0 |
|               Metric/avg_cross_sa_asymmetry |          0.0127 |
|  Metric/self_state_action_to_state_distance |        0.000147 |
| Metric/cross_state_action_to_state_distance |            2.04 |
|                   Metric/h_lambda_diff_self |          0.0012 |
|                  Metric/h_lambda_diff_cross |           0.024 |
|                                 Eval/Return |             868 |
-----------------------------------------------------------------
-----------------------------------------------------------------
|                                 Train/Steps |        2.95e+06 |
|                            Loss/Loss_critic |          0.0482 |
|                             Loss/Loss_actor |           -85.7 |
|                             Loss/Loss_alpha |        0.000705 |
|               Loss/Loss_state_action_metric |            1.07 |
|                      Loss/Loss_state_metric |           0.432 |
|             Loss/Loss_state_action_to_state |        0.000358 |
|                           Loss/Act_rep_loss |        0.000398 |
|                        Loss/Critic_rep_loss |            11.8 |
|                                   SAC/Alpha |          0.0142 |
|                              SAC/LogPi_mean |            2.81 |
|                                 SAC/Q1_mean |            85.6 |
|                                 SAC/Q2_mean |            85.7 |
|                            Norm/actor_model |             137 |
|                           Norm/critic_model |             164 |
|              Norm/state_action_metric_model |            74.4 |
|                     Norm/state_metric_model |             115 |
|        Norm/state_action_state_metric_model |            69.8 |
|                  Metric/self_state_distance |        0.000375 |
|                 Metric/cross_state_distance |            1.66 |
|           Metric/self_state_action_distance |        0.000959 |
|          Metric/cross_state_action_distance |            2.26 |
|             Metric/avg_self_state_asymmetry |               0 |
|            Metric/avg_cross_state_asymmetry |          0.0105 |
|                Metric/avg_self_sa_asymmetry |               0 |
|               Metric/avg_cross_sa_asymmetry |          0.0133 |
|  Metric/self_state_action_to_state_distance |         0.00023 |
| Metric/cross_state_action_to_state_distance |            2.27 |
|                   Metric/h_lambda_diff_self |        0.000817 |
|                  Metric/h_lambda_diff_cross |           0.017 |
|                                 Eval/Return |             914 |
-----------------------------------------------------------------
-----------------------------------------------------------------
|                                 Train/Steps |        3.08e+06 |
|                            Loss/Loss_critic |           0.069 |
|                             Loss/Loss_actor |           -86.6 |
|                             Loss/Loss_alpha |        -0.00301 |
|               Loss/Loss_state_action_metric |            1.02 |
|                      Loss/Loss_state_metric |            0.37 |
|             Loss/Loss_state_action_to_state |        0.000229 |
|                           Loss/Act_rep_loss |        0.000562 |
|                        Loss/Critic_rep_loss |            11.1 |
|                                   SAC/Alpha |          0.0144 |
|                              SAC/LogPi_mean |            3.19 |
|                                 SAC/Q1_mean |            86.6 |
|                                 SAC/Q2_mean |            86.6 |
|                            Norm/actor_model |             139 |
|                           Norm/critic_model |             168 |
|              Norm/state_action_metric_model |            75.7 |
|                     Norm/state_metric_model |             118 |
|        Norm/state_action_state_metric_model |            71.2 |
|                  Metric/self_state_distance |         0.00201 |
|                 Metric/cross_state_distance |            1.61 |
|           Metric/self_state_action_distance |        0.000661 |
|          Metric/cross_state_action_distance |             2.1 |
|             Metric/avg_self_state_asymmetry |               0 |
|            Metric/avg_cross_state_asymmetry |         0.00961 |
|                Metric/avg_self_sa_asymmetry |               0 |
|               Metric/avg_cross_sa_asymmetry |          0.0149 |
|  Metric/self_state_action_to_state_distance |         0.00028 |
| Metric/cross_state_action_to_state_distance |             2.1 |
|                   Metric/h_lambda_diff_self |        0.000748 |
|                  Metric/h_lambda_diff_cross |           0.018 |
|                                 Eval/Return |             907 |
-----------------------------------------------------------------
[32mSaving model …[0m
[32mDone.[0m
[32mSaving model …[0m
[32mDone.[0m
-----------------------------------------------------------------
|                                 Train/Steps |        3.21e+06 |
|                            Loss/Loss_critic |          0.0943 |
|                             Loss/Loss_actor |           -85.9 |
|                             Loss/Loss_alpha |        -0.00165 |
|               Loss/Loss_state_action_metric |           0.699 |
|                      Loss/Loss_state_metric |           0.289 |
|             Loss/Loss_state_action_to_state |        0.000481 |
|                           Loss/Act_rep_loss |        0.000599 |
|                        Loss/Critic_rep_loss |            10.8 |
|                                   SAC/Alpha |          0.0133 |
|                              SAC/LogPi_mean |            2.95 |
|                                 SAC/Q1_mean |              86 |
|                                 SAC/Q2_mean |            85.9 |
|                            Norm/actor_model |             141 |
|                           Norm/critic_model |             171 |
|              Norm/state_action_metric_model |            76.9 |
|                     Norm/state_metric_model |             120 |
|        Norm/state_action_state_metric_model |            72.5 |
|                  Metric/self_state_distance |        0.000405 |
|                 Metric/cross_state_distance |            1.52 |
|           Metric/self_state_action_distance |         0.00182 |
|          Metric/cross_state_action_distance |            2.02 |
|             Metric/avg_self_state_asymmetry |               0 |
|            Metric/avg_cross_state_asymmetry |         0.00917 |
|                Metric/avg_self_sa_asymmetry |               0 |
|               Metric/avg_cross_sa_asymmetry |          0.0143 |
|  Metric/self_state_action_to_state_distance |        0.000429 |
| Metric/cross_state_action_to_state_distance |            2.01 |
|                   Metric/h_lambda_diff_self |         0.00152 |
|                  Metric/h_lambda_diff_cross |          0.0228 |
|                                 Eval/Return |             917 |
-----------------------------------------------------------------
-----------------------------------------------------------------
|                                 Train/Steps |        3.34e+06 |
|                            Loss/Loss_critic |          0.0507 |
|                             Loss/Loss_actor |           -87.8 |
|                             Loss/Loss_alpha |         0.00264 |
|               Loss/Loss_state_action_metric |           0.765 |
|                      Loss/Loss_state_metric |           0.299 |
|             Loss/Loss_state_action_to_state |        0.000235 |
|                           Loss/Act_rep_loss |        0.000782 |
|                        Loss/Critic_rep_loss |            9.16 |
|                                   SAC/Alpha |           0.013 |
|                              SAC/LogPi_mean |            3.09 |
|                                 SAC/Q1_mean |            87.8 |
|                                 SAC/Q2_mean |            87.9 |
|                            Norm/actor_model |             143 |
|                           Norm/critic_model |             174 |
|              Norm/state_action_metric_model |            77.8 |
|                     Norm/state_metric_model |             122 |
|        Norm/state_action_state_metric_model |            73.9 |
|                  Metric/self_state_distance |        0.000356 |
|                 Metric/cross_state_distance |             1.5 |
|           Metric/self_state_action_distance |         0.00103 |
|          Metric/cross_state_action_distance |            1.97 |
|             Metric/avg_self_state_asymmetry |               0 |
|            Metric/avg_cross_state_asymmetry |         0.00836 |
|                Metric/avg_self_sa_asymmetry |               0 |
|               Metric/avg_cross_sa_asymmetry |          0.0127 |
|  Metric/self_state_action_to_state_distance |        0.000472 |
| Metric/cross_state_action_to_state_distance |            1.96 |
|                   Metric/h_lambda_diff_self |         0.00075 |
|                  Metric/h_lambda_diff_cross |          0.0213 |
|                                 Eval/Return |             915 |
-----------------------------------------------------------------
-----------------------------------------------------------------
|                                 Train/Steps |        3.46e+06 |
|                            Loss/Loss_critic |          0.0994 |
|                             Loss/Loss_actor |           -87.7 |
|                             Loss/Loss_alpha |         0.00595 |
|               Loss/Loss_state_action_metric |           0.571 |
|                      Loss/Loss_state_metric |           0.268 |
|             Loss/Loss_state_action_to_state |        0.000163 |
|                           Loss/Act_rep_loss |        0.000228 |
|                        Loss/Critic_rep_loss |              10 |
|                                   SAC/Alpha |          0.0128 |
|                              SAC/LogPi_mean |            2.52 |
|                                 SAC/Q1_mean |            87.8 |
|                                 SAC/Q2_mean |            87.8 |
|                            Norm/actor_model |             145 |
|                           Norm/critic_model |             177 |
|              Norm/state_action_metric_model |            79.1 |
|                     Norm/state_metric_model |             125 |
|        Norm/state_action_state_metric_model |            75.3 |
|                  Metric/self_state_distance |        0.000222 |
|                 Metric/cross_state_distance |             1.5 |
|           Metric/self_state_action_distance |        0.000779 |
|          Metric/cross_state_action_distance |            1.96 |
|             Metric/avg_self_state_asymmetry |               0 |
|            Metric/avg_cross_state_asymmetry |         0.00755 |
|                Metric/avg_self_sa_asymmetry |               0 |
|               Metric/avg_cross_sa_asymmetry |           0.013 |
|  Metric/self_state_action_to_state_distance |        0.000418 |
| Metric/cross_state_action_to_state_distance |            1.96 |
|                   Metric/h_lambda_diff_self |        0.000863 |
|                  Metric/h_lambda_diff_cross |          0.0125 |
|                                 Eval/Return |             914 |
-----------------------------------------------------------------
-----------------------------------------------------------------
|                                 Train/Steps |        3.59e+06 |
|                            Loss/Loss_critic |           0.116 |
|                             Loss/Loss_actor |           -86.7 |
|                             Loss/Loss_alpha |        -0.00869 |
|               Loss/Loss_state_action_metric |            1.13 |
|                      Loss/Loss_state_metric |           0.423 |
|             Loss/Loss_state_action_to_state |        0.000252 |
|                           Loss/Act_rep_loss |        5.91e-05 |
|                        Loss/Critic_rep_loss |            11.7 |
|                                   SAC/Alpha |          0.0124 |
|                              SAC/LogPi_mean |            3.66 |
|                                 SAC/Q1_mean |            86.7 |
|                                 SAC/Q2_mean |            86.8 |
|                            Norm/actor_model |             147 |
|                           Norm/critic_model |             180 |
|              Norm/state_action_metric_model |            80.7 |
|                     Norm/state_metric_model |             127 |
|        Norm/state_action_state_metric_model |            76.7 |
|                  Metric/self_state_distance |        0.000131 |
|                 Metric/cross_state_distance |            1.67 |
|           Metric/self_state_action_distance |         0.00192 |
|          Metric/cross_state_action_distance |            2.25 |
|             Metric/avg_self_state_asymmetry |               0 |
|            Metric/avg_cross_state_asymmetry |          0.0104 |
|                Metric/avg_self_sa_asymmetry |               0 |
|               Metric/avg_cross_sa_asymmetry |          0.0135 |
|  Metric/self_state_action_to_state_distance |        0.000564 |
| Metric/cross_state_action_to_state_distance |            2.22 |
|                   Metric/h_lambda_diff_self |         0.00173 |
|                  Metric/h_lambda_diff_cross |          0.0277 |
|                                 Eval/Return |             917 |
-----------------------------------------------------------------
-----------------------------------------------------------------
|                                 Train/Steps |        3.72e+06 |
|                            Loss/Loss_critic |          0.0564 |
|                             Loss/Loss_actor |           -88.1 |
|                             Loss/Loss_alpha |         0.00179 |
|               Loss/Loss_state_action_metric |             1.3 |
|                      Loss/Loss_state_metric |           0.322 |
|             Loss/Loss_state_action_to_state |        0.000319 |
|                           Loss/Act_rep_loss |        0.000631 |
|                        Loss/Critic_rep_loss |            10.4 |
|                                   SAC/Alpha |          0.0116 |
|                              SAC/LogPi_mean |            2.87 |
|                                 SAC/Q1_mean |            88.1 |
|                                 SAC/Q2_mean |            88.1 |
|                            Norm/actor_model |             149 |
|                           Norm/critic_model |             182 |
|              Norm/state_action_metric_model |              82 |
|                     Norm/state_metric_model |             128 |
|        Norm/state_action_state_metric_model |              78 |
|                  Metric/self_state_distance |         0.00204 |
|                 Metric/cross_state_distance |            1.54 |
|           Metric/self_state_action_distance |         0.00138 |
|          Metric/cross_state_action_distance |            2.07 |
|             Metric/avg_self_state_asymmetry |               0 |
|            Metric/avg_cross_state_asymmetry |         0.00818 |
|                Metric/avg_self_sa_asymmetry |               0 |
|               Metric/avg_cross_sa_asymmetry |          0.0135 |
|  Metric/self_state_action_to_state_distance |        0.000205 |
| Metric/cross_state_action_to_state_distance |            2.07 |
|                   Metric/h_lambda_diff_self |         0.00124 |
|                  Metric/h_lambda_diff_cross |          0.0192 |
|                                 Eval/Return |             911 |
-----------------------------------------------------------------
-----------------------------------------------------------------
|                                 Train/Steps |        3.85e+06 |
|                            Loss/Loss_critic |           0.152 |
|                             Loss/Loss_actor |           -88.5 |
|                             Loss/Loss_alpha |         0.00154 |
|               Loss/Loss_state_action_metric |           0.856 |
|                      Loss/Loss_state_metric |           0.332 |
|             Loss/Loss_state_action_to_state |        0.000176 |
|                           Loss/Act_rep_loss |        0.000182 |
|                        Loss/Critic_rep_loss |            10.4 |
|                                   SAC/Alpha |          0.0119 |
|                              SAC/LogPi_mean |            2.95 |
|                                 SAC/Q1_mean |            88.4 |
|                                 SAC/Q2_mean |            88.4 |
|                            Norm/actor_model |             151 |
|                           Norm/critic_model |             185 |
|              Norm/state_action_metric_model |            83.3 |
|                     Norm/state_metric_model |             130 |
|        Norm/state_action_state_metric_model |            79.4 |
|                  Metric/self_state_distance |        0.000297 |
|                 Metric/cross_state_distance |            1.56 |
|           Metric/self_state_action_distance |         0.00139 |
|          Metric/cross_state_action_distance |            2.09 |
|             Metric/avg_self_state_asymmetry |               0 |
|            Metric/avg_cross_state_asymmetry |         0.00759 |
|                Metric/avg_self_sa_asymmetry |               0 |
|               Metric/avg_cross_sa_asymmetry |          0.0124 |
|  Metric/self_state_action_to_state_distance |         0.00017 |
| Metric/cross_state_action_to_state_distance |            2.09 |
|                   Metric/h_lambda_diff_self |         0.00125 |
|                  Metric/h_lambda_diff_cross |          0.0227 |
|                                 Eval/Return |             914 |
-----------------------------------------------------------------
-----------------------------------------------------------------
|                                 Train/Steps |        3.98e+06 |
|                            Loss/Loss_critic |          0.0765 |
|                             Loss/Loss_actor |           -88.2 |
|                             Loss/Loss_alpha |        -0.00556 |
|               Loss/Loss_state_action_metric |            1.02 |
|                      Loss/Loss_state_metric |           0.299 |
|             Loss/Loss_state_action_to_state |        0.000186 |
|                           Loss/Act_rep_loss |         0.00169 |
|                        Loss/Critic_rep_loss |            9.95 |
|                                   SAC/Alpha |           0.011 |
|                              SAC/LogPi_mean |             3.3 |
|                                 SAC/Q1_mean |            88.2 |
|                                 SAC/Q2_mean |            88.3 |
|                            Norm/actor_model |             153 |
|                           Norm/critic_model |             188 |
|              Norm/state_action_metric_model |            84.9 |
|                     Norm/state_metric_model |             132 |
|        Norm/state_action_state_metric_model |            80.7 |
|                  Metric/self_state_distance |        0.000153 |
|                 Metric/cross_state_distance |            1.52 |
|           Metric/self_state_action_distance |        0.000351 |
|          Metric/cross_state_action_distance |            2.07 |
|             Metric/avg_self_state_asymmetry |               0 |
|            Metric/avg_cross_state_asymmetry |         0.00876 |
|                Metric/avg_self_sa_asymmetry |               0 |
|               Metric/avg_cross_sa_asymmetry |          0.0129 |
|  Metric/self_state_action_to_state_distance |        0.000642 |
| Metric/cross_state_action_to_state_distance |            2.07 |
|                   Metric/h_lambda_diff_self |        0.000566 |
|                  Metric/h_lambda_diff_cross |          0.0201 |
|                                 Eval/Return |             916 |
-----------------------------------------------------------------
-----------------------------------------------------------------
|                                 Train/Steps |         4.1e+06 |
|                            Loss/Loss_critic |           0.038 |
|                             Loss/Loss_actor |           -90.9 |
|                             Loss/Loss_alpha |       -5.05e-05 |
|               Loss/Loss_state_action_metric |           0.737 |
|                      Loss/Loss_state_metric |           0.145 |
|             Loss/Loss_state_action_to_state |        0.000101 |
|                           Loss/Act_rep_loss |         0.00491 |
|                        Loss/Critic_rep_loss |            6.63 |
|                                   SAC/Alpha |          0.0102 |
|                              SAC/LogPi_mean |            3.02 |
|                                 SAC/Q1_mean |            90.9 |
|                                 SAC/Q2_mean |              91 |
|                            Norm/actor_model |             155 |
|                           Norm/critic_model |             190 |
|              Norm/state_action_metric_model |            86.1 |
|                     Norm/state_metric_model |             134 |
|        Norm/state_action_state_metric_model |            81.8 |
|                  Metric/self_state_distance |        0.000943 |
|                 Metric/cross_state_distance |            1.31 |
|           Metric/self_state_action_distance |         0.00156 |
|          Metric/cross_state_action_distance |            1.72 |
|             Metric/avg_self_state_asymmetry |               0 |
|            Metric/avg_cross_state_asymmetry |         0.00999 |
|                Metric/avg_self_sa_asymmetry |               0 |
|               Metric/avg_cross_sa_asymmetry |           0.011 |
|  Metric/self_state_action_to_state_distance |        8.72e-05 |
| Metric/cross_state_action_to_state_distance |            1.74 |
|                   Metric/h_lambda_diff_self |         0.00148 |
|                  Metric/h_lambda_diff_cross |          0.0302 |
|                                 Eval/Return |             918 |
-----------------------------------------------------------------
[32mSaving model …[0m
[32mDone.[0m
[32mSaving model …[0m
[32mDone.[0m
-----------------------------------------------------------------
|                                 Train/Steps |        4.23e+06 |
|                            Loss/Loss_critic |          0.0241 |
|                             Loss/Loss_actor |           -90.8 |
|                             Loss/Loss_alpha |        -0.00259 |
|               Loss/Loss_state_action_metric |           0.671 |
|                      Loss/Loss_state_metric |           0.288 |
|             Loss/Loss_state_action_to_state |        0.000116 |
|                           Loss/Act_rep_loss |        0.000393 |
|                        Loss/Critic_rep_loss |            7.68 |
|                                   SAC/Alpha |         0.00923 |
|                              SAC/LogPi_mean |            3.13 |
|                                 SAC/Q1_mean |            90.8 |
|                                 SAC/Q2_mean |            90.8 |
|                            Norm/actor_model |             157 |
|                           Norm/critic_model |             192 |
|              Norm/state_action_metric_model |            87.5 |
|                     Norm/state_metric_model |             136 |
|        Norm/state_action_state_metric_model |            82.8 |
|                  Metric/self_state_distance |        0.000849 |
|                 Metric/cross_state_distance |            1.56 |
|           Metric/self_state_action_distance |         0.00169 |
|          Metric/cross_state_action_distance |            1.93 |
|             Metric/avg_self_state_asymmetry |               0 |
|            Metric/avg_cross_state_asymmetry |          0.0112 |
|                Metric/avg_self_sa_asymmetry |               0 |
|               Metric/avg_cross_sa_asymmetry |          0.0103 |
|  Metric/self_state_action_to_state_distance |        4.09e-05 |
| Metric/cross_state_action_to_state_distance |            1.94 |
|                   Metric/h_lambda_diff_self |         0.00166 |
|                  Metric/h_lambda_diff_cross |          0.0207 |
|                                 Eval/Return |             915 |
-----------------------------------------------------------------
-----------------------------------------------------------------
|                                 Train/Steps |        4.36e+06 |
|                            Loss/Loss_critic |          0.0373 |
|                             Loss/Loss_actor |           -91.6 |
|                             Loss/Loss_alpha |         0.00306 |
|               Loss/Loss_state_action_metric |           0.785 |
|                      Loss/Loss_state_metric |           0.248 |
|             Loss/Loss_state_action_to_state |        0.000103 |
|                           Loss/Act_rep_loss |        0.000175 |
|                        Loss/Critic_rep_loss |            6.77 |
|                                   SAC/Alpha |         0.00823 |
|                              SAC/LogPi_mean |            2.68 |
|                                 SAC/Q1_mean |            91.7 |
|                                 SAC/Q2_mean |            91.6 |
|                            Norm/actor_model |             158 |
|                           Norm/critic_model |             193 |
|              Norm/state_action_metric_model |            88.8 |
|                     Norm/state_metric_model |             138 |
|        Norm/state_action_state_metric_model |            83.7 |
|                  Metric/self_state_distance |        0.000285 |
|                 Metric/cross_state_distance |            1.47 |
|           Metric/self_state_action_distance |         0.00152 |
|          Metric/cross_state_action_distance |            1.87 |
|             Metric/avg_self_state_asymmetry |               0 |
|            Metric/avg_cross_state_asymmetry |          0.0068 |
|                Metric/avg_self_sa_asymmetry |               0 |
|               Metric/avg_cross_sa_asymmetry |          0.0124 |
|  Metric/self_state_action_to_state_distance |        0.000269 |
| Metric/cross_state_action_to_state_distance |            1.86 |
|                   Metric/h_lambda_diff_self |         0.00134 |
|                  Metric/h_lambda_diff_cross |          0.0124 |
|                                 Eval/Return |             918 |
-----------------------------------------------------------------
-----------------------------------------------------------------
|                                 Train/Steps |        4.49e+06 |
|                            Loss/Loss_critic |          0.0252 |
|                             Loss/Loss_actor |           -92.7 |
|                             Loss/Loss_alpha |         -0.0003 |
|               Loss/Loss_state_action_metric |           0.656 |
|                      Loss/Loss_state_metric |            0.15 |
|             Loss/Loss_state_action_to_state |          0.0001 |
|                           Loss/Act_rep_loss |         0.00264 |
|                        Loss/Critic_rep_loss |            5.35 |
|                                   SAC/Alpha |          0.0073 |
|                              SAC/LogPi_mean |            2.83 |
|                                 SAC/Q1_mean |            92.7 |
|                                 SAC/Q2_mean |            92.7 |
|                            Norm/actor_model |             159 |
|                           Norm/critic_model |             195 |
|              Norm/state_action_metric_model |              90 |
|                     Norm/state_metric_model |             139 |
|        Norm/state_action_state_metric_model |            84.6 |
|                  Metric/self_state_distance |        0.000476 |
|                 Metric/cross_state_distance |            1.33 |
|           Metric/self_state_action_distance |        0.000763 |
|          Metric/cross_state_action_distance |            1.73 |
|             Metric/avg_self_state_asymmetry |               0 |
|            Metric/avg_cross_state_asymmetry |         0.00901 |
|                Metric/avg_self_sa_asymmetry |               0 |
|               Metric/avg_cross_sa_asymmetry |         0.00933 |
|  Metric/self_state_action_to_state_distance |        0.000133 |
| Metric/cross_state_action_to_state_distance |            1.73 |
|                   Metric/h_lambda_diff_self |        0.000773 |
|                  Metric/h_lambda_diff_cross |          0.0129 |
|                                 Eval/Return |             919 |
-----------------------------------------------------------------
-----------------------------------------------------------------
|                                 Train/Steps |        4.62e+06 |
|                            Loss/Loss_critic |          0.0301 |
|                             Loss/Loss_actor |           -92.6 |
|                             Loss/Loss_alpha |        -0.00193 |
|               Loss/Loss_state_action_metric |           0.489 |
|                      Loss/Loss_state_metric |           0.237 |
|             Loss/Loss_state_action_to_state |        7.28e-05 |
|                           Loss/Act_rep_loss |         0.00198 |
|                        Loss/Critic_rep_loss |            5.96 |
|                                   SAC/Alpha |         0.00741 |
|                              SAC/LogPi_mean |            3.14 |
|                                 SAC/Q1_mean |            92.6 |
|                                 SAC/Q2_mean |            92.7 |
|                            Norm/actor_model |             161 |
|                           Norm/critic_model |             197 |
|              Norm/state_action_metric_model |            91.6 |
|                     Norm/state_metric_model |             141 |
|        Norm/state_action_state_metric_model |            85.6 |
|                  Metric/self_state_distance |        0.000301 |
|                 Metric/cross_state_distance |             1.4 |
|           Metric/self_state_action_distance |        0.000835 |
|          Metric/cross_state_action_distance |            1.83 |
|             Metric/avg_self_state_asymmetry |               0 |
|            Metric/avg_cross_state_asymmetry |         0.00642 |
|                Metric/avg_self_sa_asymmetry |               0 |
|               Metric/avg_cross_sa_asymmetry |         0.00994 |
|  Metric/self_state_action_to_state_distance |        0.000306 |
| Metric/cross_state_action_to_state_distance |            1.83 |
|                   Metric/h_lambda_diff_self |         0.00082 |
|                  Metric/h_lambda_diff_cross |          0.0128 |
|                                 Eval/Return |             918 |
-----------------------------------------------------------------
-----------------------------------------------------------------
|                                 Train/Steps |        4.74e+06 |
|                            Loss/Loss_critic |          0.0246 |
|                             Loss/Loss_actor |           -92.2 |
|                             Loss/Loss_alpha |        -5.3e-05 |
|               Loss/Loss_state_action_metric |           0.732 |
|                      Loss/Loss_state_metric |           0.267 |
|             Loss/Loss_state_action_to_state |        9.02e-05 |
|                           Loss/Act_rep_loss |        0.000149 |
|                        Loss/Critic_rep_loss |            7.03 |
|                                   SAC/Alpha |         0.00713 |
|                              SAC/LogPi_mean |            2.91 |
|                                 SAC/Q1_mean |            92.2 |
|                                 SAC/Q2_mean |            92.2 |
|                            Norm/actor_model |             162 |
|                           Norm/critic_model |             199 |
|              Norm/state_action_metric_model |              93 |
|                     Norm/state_metric_model |             143 |
|        Norm/state_action_state_metric_model |            86.5 |
|                  Metric/self_state_distance |        0.000641 |
|                 Metric/cross_state_distance |            1.47 |
|           Metric/self_state_action_distance |         0.00302 |
|          Metric/cross_state_action_distance |             1.9 |
|             Metric/avg_self_state_asymmetry |               0 |
|            Metric/avg_cross_state_asymmetry |         0.00649 |
|                Metric/avg_self_sa_asymmetry |               0 |
|               Metric/avg_cross_sa_asymmetry |          0.0105 |
|  Metric/self_state_action_to_state_distance |        0.000292 |
| Metric/cross_state_action_to_state_distance |            1.88 |
|                   Metric/h_lambda_diff_self |          0.0029 |
|                  Metric/h_lambda_diff_cross |          0.0273 |
|                                 Eval/Return |             911 |
-----------------------------------------------------------------
-----------------------------------------------------------------
|                                 Train/Steps |        4.87e+06 |
|                            Loss/Loss_critic |          0.0136 |
|                             Loss/Loss_actor |           -93.7 |
|                             Loss/Loss_alpha |       -0.000167 |
|               Loss/Loss_state_action_metric |           0.694 |
|                      Loss/Loss_state_metric |           0.185 |
|             Loss/Loss_state_action_to_state |        8.67e-05 |
|                           Loss/Act_rep_loss |         0.00493 |
|                        Loss/Critic_rep_loss |            4.97 |
|                                   SAC/Alpha |         0.00636 |
|                              SAC/LogPi_mean |            2.95 |
|                                 SAC/Q1_mean |            93.7 |
|                                 SAC/Q2_mean |            93.7 |
|                            Norm/actor_model |             164 |
|                           Norm/critic_model |             201 |
|              Norm/state_action_metric_model |            94.4 |
|                     Norm/state_metric_model |             144 |
|        Norm/state_action_state_metric_model |            87.5 |
|                  Metric/self_state_distance |        0.000161 |
|                 Metric/cross_state_distance |            1.36 |
|           Metric/self_state_action_distance |          0.0024 |
|          Metric/cross_state_action_distance |             1.7 |
|             Metric/avg_self_state_asymmetry |               0 |
|            Metric/avg_cross_state_asymmetry |          0.0124 |
|                Metric/avg_self_sa_asymmetry |               0 |
|               Metric/avg_cross_sa_asymmetry |         0.00986 |
|  Metric/self_state_action_to_state_distance |        0.000466 |
| Metric/cross_state_action_to_state_distance |             1.7 |
|                   Metric/h_lambda_diff_self |         0.00233 |
|                  Metric/h_lambda_diff_cross |          0.0117 |
|                                 Eval/Return |             921 |
-----------------------------------------------------------------
-----------------------------------------------------------------
|                                 Train/Steps |           5e+06 |
|                            Loss/Loss_critic |          0.0201 |
|                             Loss/Loss_actor |           -92.9 |
|                             Loss/Loss_alpha |        -0.00218 |
|               Loss/Loss_state_action_metric |           0.989 |
|                      Loss/Loss_state_metric |           0.254 |
|             Loss/Loss_state_action_to_state |        7.96e-05 |
|                           Loss/Act_rep_loss |         0.00176 |
|                        Loss/Critic_rep_loss |            6.52 |
|                                   SAC/Alpha |         0.00619 |
|                              SAC/LogPi_mean |            3.41 |
|                                 SAC/Q1_mean |            92.9 |
|                                 SAC/Q2_mean |            92.9 |
|                            Norm/actor_model |             165 |
|                           Norm/critic_model |             203 |
|              Norm/state_action_metric_model |            95.7 |
|                     Norm/state_metric_model |             146 |
|        Norm/state_action_state_metric_model |            88.5 |
|                  Metric/self_state_distance |         0.00118 |
|                 Metric/cross_state_distance |            1.44 |
|           Metric/self_state_action_distance |         0.00129 |
|          Metric/cross_state_action_distance |            1.87 |
|             Metric/avg_self_state_asymmetry |               0 |
|            Metric/avg_cross_state_asymmetry |         0.00546 |
|                Metric/avg_self_sa_asymmetry |               0 |
|               Metric/avg_cross_sa_asymmetry |         0.00974 |
|  Metric/self_state_action_to_state_distance |        0.000157 |
| Metric/cross_state_action_to_state_distance |            1.86 |
|                   Metric/h_lambda_diff_self |         0.00119 |
|                  Metric/h_lambda_diff_cross |          0.0142 |
|                                 Eval/Return |             919 |
-----------------------------------------------------------------
[32mSaving model …[0m
[32mDone.[0m
[32mSaving model …[0m
[32mDone.[0m
