E0906 06:02:08.657457  912890 cuda_executor.cc:1526] Could not get kernel mode driver version: (INVALID_ARGUMENT: Version does not match the format X.Y.Z)
E0906 06:02:08.665943  912781 cuda_executor.cc:1526] Could not get kernel mode driver version: (INVALID_ARGUMENT: Version does not match the format X.Y.Z)
[32mStart prefilling replay buffer[0m
[32mStart SAC training[0m
[32m{'log_freq': 1000, 'save_freq': 1000000, 'eval_episode_freq': 10, 'hidden_size': 256, 'lr': 0.001, 'max_grad_norm': 0.0, 'gamma': 0.99, 'update_tau': 0.005, 'train_per_step': 8, 'episode_length': 1000, 'warmup_samples': 8192, 'max_replay_size': 4000000, 'batch_size': 512, 'total_env_steps': 5000000, 'init_temperature': 0.1, 'nstep': 3, 'bootstrap_on_truncation': True, 'rep_lr_scale': 1.5, 'n_act_samples': 5, 'act_eps': 0.1, 'aug_weight': 1.0, 'vis_feq': 100000, 'n_vis_frames': 4, 'num_envs': 128, 'grad_steps': 50, 'transfer_freq': 10, 'transfer_steps': 8, 'reward_scaling': 1.0, 'num_eval_envs': 128, 'target_entropy': -2.0}[0m
[32m[nstep] nstep=3 bootstrap_on_truncation=True (discount from the buffer already contains gamma^nstep)[0m
[32m[epsball] n_act_samples=5 act_eps=0.1 aug_weight=1.0[0m
-----------------------------------------------------------------
|                                 Train/Steps |        1.36e+05 |
|                            Loss/Loss_critic |        0.000121 |
|                             Loss/Loss_actor |          -0.687 |
|                             Loss/Loss_alpha |         0.00676 |
|               Loss/Loss_state_action_metric |         0.00666 |
|                      Loss/Loss_state_metric |         0.00257 |
|             Loss/Loss_state_action_to_state |        0.000137 |
|                           Loss/Act_rep_loss |           0.197 |
|                                   SAC/Alpha |         0.00158 |
|                              SAC/LogPi_mean |           -2.32 |
|                                 SAC/Q1_mean |           0.691 |
|                                 SAC/Q2_mean |           0.683 |
|                            Norm/actor_model |            20.2 |
|                           Norm/critic_model |            25.1 |
|              Norm/state_action_metric_model |            32.2 |
|                     Norm/state_metric_model |            31.5 |
|        Norm/state_action_state_metric_model |            31.3 |
|                  Metric/self_state_distance |         0.00162 |
|                 Metric/cross_state_distance |           0.896 |
|           Metric/self_state_action_distance |         0.00376 |
|          Metric/cross_state_action_distance |           0.889 |
|             Metric/avg_self_state_asymmetry |               0 |
|            Metric/avg_cross_state_asymmetry |         0.00154 |
|                Metric/avg_self_sa_asymmetry |               0 |
|               Metric/avg_cross_sa_asymmetry |           0.006 |
|  Metric/self_state_action_to_state_distance |        0.000101 |
| Metric/cross_state_action_to_state_distance |            0.87 |
|                   Metric/h_lambda_diff_self |         0.00373 |
|                  Metric/h_lambda_diff_cross |          0.0189 |
|                                 Eval/Return |         0.00842 |
-----------------------------------------------------------------
-----------------------------------------------------------------
|                                 Train/Steps |        2.64e+05 |
|                            Loss/Loss_critic |        0.000758 |
|                             Loss/Loss_actor |          -0.248 |
|                             Loss/Loss_alpha |       -0.000198 |
|               Loss/Loss_state_action_metric |           0.019 |
|                      Loss/Loss_state_metric |         0.00507 |
|             Loss/Loss_state_action_to_state |         0.00048 |
|                           Loss/Act_rep_loss |           0.196 |
|                                   SAC/Alpha |        0.000177 |
|                              SAC/LogPi_mean |            3.23 |
|                                 SAC/Q1_mean |           0.248 |
|                                 SAC/Q2_mean |           0.243 |
|                            Norm/actor_model |            33.9 |
|                           Norm/critic_model |            38.9 |
|              Norm/state_action_metric_model |            33.8 |
|                     Norm/state_metric_model |            33.7 |
|        Norm/state_action_state_metric_model |            32.7 |
|                  Metric/self_state_distance |         0.00236 |
|                 Metric/cross_state_distance |           0.892 |
|           Metric/self_state_action_distance |         0.00344 |
|          Metric/cross_state_action_distance |           0.892 |
|             Metric/avg_self_state_asymmetry |               0 |
|            Metric/avg_cross_state_asymmetry |         0.00492 |
|                Metric/avg_self_sa_asymmetry |               0 |
|               Metric/avg_cross_sa_asymmetry |         0.00486 |
|  Metric/self_state_action_to_state_distance |         0.00112 |
| Metric/cross_state_action_to_state_distance |           0.891 |
|                   Metric/h_lambda_diff_self |         0.00268 |
|                  Metric/h_lambda_diff_cross |         0.00625 |
|                                 Eval/Return |            6.71 |
-----------------------------------------------------------------
-----------------------------------------------------------------
|                                 Train/Steps |        3.92e+05 |
|                            Loss/Loss_critic |         0.00673 |
|                             Loss/Loss_actor |          -0.876 |
|                             Loss/Loss_alpha |        0.000545 |
|               Loss/Loss_state_action_metric |          0.0499 |
|                      Loss/Loss_state_metric |           0.012 |
|             Loss/Loss_state_action_to_state |         0.00299 |
|                           Loss/Act_rep_loss |           0.151 |
|                                   SAC/Alpha |         0.00136 |
|                              SAC/LogPi_mean |            1.46 |
|                                 SAC/Q1_mean |           0.841 |
|                                 SAC/Q2_mean |           0.849 |
|                            Norm/actor_model |            46.4 |
|                           Norm/critic_model |            57.7 |
|              Norm/state_action_metric_model |            38.2 |
|                     Norm/state_metric_model |            36.9 |
|        Norm/state_action_state_metric_model |            35.4 |
|                  Metric/self_state_distance |         0.00235 |
|                 Metric/cross_state_distance |           0.954 |
|           Metric/self_state_action_distance |         0.00556 |
|          Metric/cross_state_action_distance |           0.949 |
|             Metric/avg_self_state_asymmetry |               0 |
|            Metric/avg_cross_state_asymmetry |         0.00814 |
|                Metric/avg_self_sa_asymmetry |               0 |
|               Metric/avg_cross_sa_asymmetry |         0.00989 |
|  Metric/self_state_action_to_state_distance |         0.00124 |
| Metric/cross_state_action_to_state_distance |           0.942 |
|                   Metric/h_lambda_diff_self |         0.00471 |
|                  Metric/h_lambda_diff_cross |          0.0148 |
|                                 Eval/Return |            8.95 |
-----------------------------------------------------------------
-----------------------------------------------------------------
|                                 Train/Steps |         5.2e+05 |
|                            Loss/Loss_critic |          0.0142 |
|                             Loss/Loss_actor |           -1.85 |
|                             Loss/Loss_alpha |        0.000836 |
|               Loss/Loss_state_action_metric |           0.322 |
|                      Loss/Loss_state_metric |           0.117 |
|             Loss/Loss_state_action_to_state |         0.00364 |
|                           Loss/Act_rep_loss |           0.114 |
|                                   SAC/Alpha |         0.00195 |
|                              SAC/LogPi_mean |            1.57 |
|                                 SAC/Q1_mean |            1.82 |
|                                 SAC/Q2_mean |            1.82 |
|                            Norm/actor_model |            55.4 |
|                           Norm/critic_model |            71.5 |
|              Norm/state_action_metric_model |            42.9 |
|                     Norm/state_metric_model |            40.2 |
|        Norm/state_action_state_metric_model |            39.4 |
|                  Metric/self_state_distance |         0.00165 |
|                 Metric/cross_state_distance |            1.16 |
|           Metric/self_state_action_distance |         0.00988 |
|          Metric/cross_state_action_distance |            1.18 |
|             Metric/avg_self_state_asymmetry |               0 |
|            Metric/avg_cross_state_asymmetry |          0.0122 |
|                Metric/avg_self_sa_asymmetry |               0 |
|               Metric/avg_cross_sa_asymmetry |          0.0175 |
|  Metric/self_state_action_to_state_distance |         0.00144 |
| Metric/cross_state_action_to_state_distance |            1.18 |
|                   Metric/h_lambda_diff_self |         0.00863 |
|                  Metric/h_lambda_diff_cross |          0.0232 |
|                                 Eval/Return |            58.7 |
-----------------------------------------------------------------
-----------------------------------------------------------------
|                                 Train/Steps |        6.48e+05 |
|                            Loss/Loss_critic |          0.0148 |
|                             Loss/Loss_actor |           -2.89 |
|                             Loss/Loss_alpha |        0.000601 |
|               Loss/Loss_state_action_metric |            0.65 |
|                      Loss/Loss_state_metric |           0.232 |
|             Loss/Loss_state_action_to_state |         0.00269 |
|                           Loss/Act_rep_loss |           0.092 |
|                                   SAC/Alpha |         0.00273 |
|                              SAC/LogPi_mean |            1.53 |
|                                 SAC/Q1_mean |            2.86 |
|                                 SAC/Q2_mean |            2.86 |
|                            Norm/actor_model |            62.8 |
|                           Norm/critic_model |            83.5 |
|              Norm/state_action_metric_model |            47.4 |
|                     Norm/state_metric_model |            43.4 |
|        Norm/state_action_state_metric_model |            43.5 |
|                  Metric/self_state_distance |         0.00366 |
|                 Metric/cross_state_distance |            1.36 |
|           Metric/self_state_action_distance |          0.0123 |
|          Metric/cross_state_action_distance |            1.42 |
|             Metric/avg_self_state_asymmetry |               0 |
|            Metric/avg_cross_state_asymmetry |          0.0145 |
|                Metric/avg_self_sa_asymmetry |               0 |
|               Metric/avg_cross_sa_asymmetry |          0.0214 |
|  Metric/self_state_action_to_state_distance |         0.00171 |
| Metric/cross_state_action_to_state_distance |            1.42 |
|                   Metric/h_lambda_diff_self |          0.0114 |
|                  Metric/h_lambda_diff_cross |          0.0254 |
|                                 Eval/Return |              62 |
-----------------------------------------------------------------
-----------------------------------------------------------------
|                                 Train/Steps |        7.76e+05 |
|                            Loss/Loss_critic |          0.0179 |
|                             Loss/Loss_actor |           -4.02 |
|                             Loss/Loss_alpha |        0.000805 |
|               Loss/Loss_state_action_metric |            1.26 |
|                      Loss/Loss_state_metric |           0.412 |
|             Loss/Loss_state_action_to_state |         0.00239 |
|                           Loss/Act_rep_loss |          0.0842 |
|                                   SAC/Alpha |         0.00343 |
|                              SAC/LogPi_mean |             1.8 |
|                                 SAC/Q1_mean |            3.99 |
|                                 SAC/Q2_mean |            3.99 |
|                            Norm/actor_model |            69.1 |
|                           Norm/critic_model |            93.9 |
|              Norm/state_action_metric_model |            51.9 |
|                     Norm/state_metric_model |            46.8 |
|        Norm/state_action_state_metric_model |              48 |
|                  Metric/self_state_distance |         0.00193 |
|                 Metric/cross_state_distance |            1.53 |
|           Metric/self_state_action_distance |         0.00587 |
|          Metric/cross_state_action_distance |            1.64 |
|             Metric/avg_self_state_asymmetry |               0 |
|            Metric/avg_cross_state_asymmetry |          0.0144 |
|                Metric/avg_self_sa_asymmetry |               0 |
|               Metric/avg_cross_sa_asymmetry |          0.0217 |
|  Metric/self_state_action_to_state_distance |          0.0013 |
| Metric/cross_state_action_to_state_distance |            1.63 |
|                   Metric/h_lambda_diff_self |         0.00514 |
|                  Metric/h_lambda_diff_cross |          0.0259 |
|                                 Eval/Return |            78.8 |
-----------------------------------------------------------------
-----------------------------------------------------------------
|                                 Train/Steps |        9.04e+05 |
|                            Loss/Loss_critic |           0.034 |
|                             Loss/Loss_actor |           -4.61 |
|                             Loss/Loss_alpha |        0.000723 |
|               Loss/Loss_state_action_metric |            1.37 |
|                      Loss/Loss_state_metric |           0.428 |
|             Loss/Loss_state_action_to_state |         0.00298 |
|                           Loss/Act_rep_loss |          0.0799 |
|                                   SAC/Alpha |         0.00383 |
|                              SAC/LogPi_mean |            1.83 |
|                                 SAC/Q1_mean |            4.57 |
|                                 SAC/Q2_mean |            4.59 |
|                            Norm/actor_model |            74.9 |
|                           Norm/critic_model |             103 |
|              Norm/state_action_metric_model |            56.5 |
|                     Norm/state_metric_model |            50.6 |
|        Norm/state_action_state_metric_model |            52.4 |
|                  Metric/self_state_distance |         0.00771 |
|                 Metric/cross_state_distance |            1.62 |
|           Metric/self_state_action_distance |          0.0104 |
|          Metric/cross_state_action_distance |            1.72 |
|             Metric/avg_self_state_asymmetry |               0 |
|            Metric/avg_cross_state_asymmetry |          0.0174 |
|                Metric/avg_self_sa_asymmetry |               0 |
|               Metric/avg_cross_sa_asymmetry |          0.0248 |
|  Metric/self_state_action_to_state_distance |         0.00208 |
| Metric/cross_state_action_to_state_distance |            1.71 |
|                   Metric/h_lambda_diff_self |         0.00841 |
|                  Metric/h_lambda_diff_cross |          0.0263 |
|                                 Eval/Return |            91.5 |
-----------------------------------------------------------------
-----------------------------------------------------------------
|                                 Train/Steps |        1.03e+06 |
|                            Loss/Loss_critic |          0.0303 |
|                             Loss/Loss_actor |           -5.48 |
|                             Loss/Loss_alpha |       -0.000112 |
|               Loss/Loss_state_action_metric |            1.46 |
|                      Loss/Loss_state_metric |           0.466 |
|             Loss/Loss_state_action_to_state |         0.00283 |
|                           Loss/Act_rep_loss |          0.0632 |
|                                   SAC/Alpha |         0.00417 |
|                              SAC/LogPi_mean |               2 |
|                                 SAC/Q1_mean |            5.45 |
|                                 SAC/Q2_mean |            5.46 |
|                            Norm/actor_model |            79.8 |
|                           Norm/critic_model |             111 |
|              Norm/state_action_metric_model |            60.7 |
|                     Norm/state_metric_model |            54.7 |
|        Norm/state_action_state_metric_model |            56.7 |
|                  Metric/self_state_distance |         0.00329 |
|                 Metric/cross_state_distance |            1.68 |
|           Metric/self_state_action_distance |         0.00746 |
|          Metric/cross_state_action_distance |            1.77 |
|             Metric/avg_self_state_asymmetry |               0 |
|            Metric/avg_cross_state_asymmetry |          0.0196 |
|                Metric/avg_self_sa_asymmetry |               0 |
|               Metric/avg_cross_sa_asymmetry |           0.028 |
|  Metric/self_state_action_to_state_distance |         0.00269 |
| Metric/cross_state_action_to_state_distance |            1.78 |
|                   Metric/h_lambda_diff_self |         0.00583 |
|                  Metric/h_lambda_diff_cross |          0.0358 |
|                                 Eval/Return |            96.6 |
-----------------------------------------------------------------
[32mSaving model …[0m
[32mDone.[0m
[32mSaving model …[0m
[32mDone.[0m
-----------------------------------------------------------------
|                                 Train/Steps |        1.16e+06 |
|                            Loss/Loss_critic |          0.0309 |
|                             Loss/Loss_actor |           -6.72 |
|                             Loss/Loss_alpha |        -0.00324 |
|               Loss/Loss_state_action_metric |            1.43 |
|                      Loss/Loss_state_metric |           0.539 |
|             Loss/Loss_state_action_to_state |         0.00263 |
|                           Loss/Act_rep_loss |          0.0558 |
|                                   SAC/Alpha |         0.00472 |
|                              SAC/LogPi_mean |            2.57 |
|                                 SAC/Q1_mean |            6.69 |
|                                 SAC/Q2_mean |            6.68 |
|                            Norm/actor_model |            84.4 |
|                           Norm/critic_model |             117 |
|              Norm/state_action_metric_model |              65 |
|                     Norm/state_metric_model |            58.6 |
|        Norm/state_action_state_metric_model |            61.3 |
|                  Metric/self_state_distance |         0.00337 |
|                 Metric/cross_state_distance |            1.79 |
|           Metric/self_state_action_distance |          0.0163 |
|          Metric/cross_state_action_distance |            1.92 |
|             Metric/avg_self_state_asymmetry |               0 |
|            Metric/avg_cross_state_asymmetry |          0.0186 |
|                Metric/avg_self_sa_asymmetry |               0 |
|               Metric/avg_cross_sa_asymmetry |          0.0284 |
|  Metric/self_state_action_to_state_distance |          0.0075 |
| Metric/cross_state_action_to_state_distance |            1.92 |
|                   Metric/h_lambda_diff_self |          0.0124 |
|                  Metric/h_lambda_diff_cross |          0.0313 |
|                                 Eval/Return |            86.3 |
-----------------------------------------------------------------
-----------------------------------------------------------------
|                                 Train/Steps |        1.29e+06 |
|                            Loss/Loss_critic |          0.0333 |
|                             Loss/Loss_actor |           -6.35 |
|                             Loss/Loss_alpha |        0.000277 |
|               Loss/Loss_state_action_metric |            1.74 |
|                      Loss/Loss_state_metric |           0.663 |
|             Loss/Loss_state_action_to_state |         0.00284 |
|                           Loss/Act_rep_loss |          0.0604 |
|                                   SAC/Alpha |           0.005 |
|                              SAC/LogPi_mean |            1.89 |
|                                 SAC/Q1_mean |            6.34 |
|                                 SAC/Q2_mean |            6.34 |
|                            Norm/actor_model |            88.5 |
|                           Norm/critic_model |             123 |
|              Norm/state_action_metric_model |            68.9 |
|                     Norm/state_metric_model |            62.4 |
|        Norm/state_action_state_metric_model |            65.5 |
|                  Metric/self_state_distance |         0.00446 |
|                 Metric/cross_state_distance |            1.95 |
|           Metric/self_state_action_distance |         0.00667 |
|          Metric/cross_state_action_distance |            2.09 |
|             Metric/avg_self_state_asymmetry |               0 |
|            Metric/avg_cross_state_asymmetry |          0.0244 |
|                Metric/avg_self_sa_asymmetry |               0 |
|               Metric/avg_cross_sa_asymmetry |          0.0263 |
|  Metric/self_state_action_to_state_distance |         0.00462 |
| Metric/cross_state_action_to_state_distance |            2.07 |
|                   Metric/h_lambda_diff_self |          0.0038 |
|                  Metric/h_lambda_diff_cross |          0.0365 |
|                                 Eval/Return |             112 |
-----------------------------------------------------------------
-----------------------------------------------------------------
|                                 Train/Steps |        1.42e+06 |
|                            Loss/Loss_critic |          0.0355 |
|                             Loss/Loss_actor |           -7.15 |
|                             Loss/Loss_alpha |       -0.000521 |
|               Loss/Loss_state_action_metric |            1.99 |
|                      Loss/Loss_state_metric |            0.76 |
|             Loss/Loss_state_action_to_state |         0.00282 |
|                           Loss/Act_rep_loss |          0.0555 |
|                                   SAC/Alpha |         0.00537 |
|                              SAC/LogPi_mean |            2.02 |
|                                 SAC/Q1_mean |            7.11 |
|                                 SAC/Q2_mean |            7.12 |
|                            Norm/actor_model |            92.5 |
|                           Norm/critic_model |             129 |
|              Norm/state_action_metric_model |            72.8 |
|                     Norm/state_metric_model |            66.1 |
|        Norm/state_action_state_metric_model |            69.6 |
|                  Metric/self_state_distance |         0.00701 |
|                 Metric/cross_state_distance |            2.06 |
|           Metric/self_state_action_distance |         0.00613 |
|          Metric/cross_state_action_distance |            2.21 |
|             Metric/avg_self_state_asymmetry |               0 |
|            Metric/avg_cross_state_asymmetry |          0.0237 |
|                Metric/avg_self_sa_asymmetry |               0 |
|               Metric/avg_cross_sa_asymmetry |          0.0261 |
|  Metric/self_state_action_to_state_distance |         0.00174 |
| Metric/cross_state_action_to_state_distance |            2.22 |
|                   Metric/h_lambda_diff_self |         0.00508 |
|                  Metric/h_lambda_diff_cross |          0.0286 |
|                                 Eval/Return |            87.7 |
-----------------------------------------------------------------
-----------------------------------------------------------------
|                                 Train/Steps |        1.54e+06 |
|                            Loss/Loss_critic |          0.0275 |
|                             Loss/Loss_actor |           -7.57 |
|                             Loss/Loss_alpha |       -0.000935 |
|               Loss/Loss_state_action_metric |            1.88 |
|                      Loss/Loss_state_metric |           0.721 |
|             Loss/Loss_state_action_to_state |         0.00309 |
|                           Loss/Act_rep_loss |          0.0548 |
|                                   SAC/Alpha |         0.00544 |
|                              SAC/LogPi_mean |            2.27 |
|                                 SAC/Q1_mean |            7.53 |
|                                 SAC/Q2_mean |            7.54 |
|                            Norm/actor_model |            96.1 |
|                           Norm/critic_model |             134 |
|              Norm/state_action_metric_model |            76.5 |
|                     Norm/state_metric_model |            69.8 |
|        Norm/state_action_state_metric_model |            73.4 |
|                  Metric/self_state_distance |         0.00298 |
|                 Metric/cross_state_distance |            2.01 |
|           Metric/self_state_action_distance |         0.00669 |
|          Metric/cross_state_action_distance |            2.16 |
|             Metric/avg_self_state_asymmetry |               0 |
|            Metric/avg_cross_state_asymmetry |          0.0175 |
|                Metric/avg_self_sa_asymmetry |               0 |
|               Metric/avg_cross_sa_asymmetry |          0.0299 |
|  Metric/self_state_action_to_state_distance |         0.00186 |
| Metric/cross_state_action_to_state_distance |            2.16 |
|                   Metric/h_lambda_diff_self |         0.00518 |
|                  Metric/h_lambda_diff_cross |          0.0286 |
|                                 Eval/Return |            91.6 |
-----------------------------------------------------------------
-----------------------------------------------------------------
|                                 Train/Steps |        1.67e+06 |
|                            Loss/Loss_critic |           0.027 |
|                             Loss/Loss_actor |           -7.88 |
|                             Loss/Loss_alpha |       -0.000785 |
|               Loss/Loss_state_action_metric |            1.87 |
|                      Loss/Loss_state_metric |           0.714 |
|             Loss/Loss_state_action_to_state |         0.00218 |
|                           Loss/Act_rep_loss |          0.0482 |
|                                   SAC/Alpha |         0.00568 |
|                              SAC/LogPi_mean |            2.12 |
|                                 SAC/Q1_mean |            7.86 |
|                                 SAC/Q2_mean |            7.87 |
|                            Norm/actor_model |            99.6 |
|                           Norm/critic_model |             138 |
|              Norm/state_action_metric_model |            80.3 |
|                     Norm/state_metric_model |            73.4 |
|        Norm/state_action_state_metric_model |            77.1 |
|                  Metric/self_state_distance |         0.00554 |
|                 Metric/cross_state_distance |            2.02 |
|           Metric/self_state_action_distance |         0.00933 |
|          Metric/cross_state_action_distance |            2.16 |
|             Metric/avg_self_state_asymmetry |               0 |
|            Metric/avg_cross_state_asymmetry |          0.0187 |
|                Metric/avg_self_sa_asymmetry |               0 |
|               Metric/avg_cross_sa_asymmetry |          0.0228 |
|  Metric/self_state_action_to_state_distance |         0.00264 |
| Metric/cross_state_action_to_state_distance |            2.16 |
|                   Metric/h_lambda_diff_self |         0.00861 |
|                  Metric/h_lambda_diff_cross |          0.0319 |
|                                 Eval/Return |              85 |
-----------------------------------------------------------------
-----------------------------------------------------------------
|                                 Train/Steps |         1.8e+06 |
|                            Loss/Loss_critic |          0.0231 |
|                             Loss/Loss_actor |           -7.84 |
|                             Loss/Loss_alpha |        0.000309 |
|               Loss/Loss_state_action_metric |            2.13 |
|                      Loss/Loss_state_metric |           0.808 |
|             Loss/Loss_state_action_to_state |         0.00232 |
|                           Loss/Act_rep_loss |          0.0484 |
|                                   SAC/Alpha |         0.00584 |
|                              SAC/LogPi_mean |            2.04 |
|                                 SAC/Q1_mean |            7.82 |
|                                 SAC/Q2_mean |            7.84 |
|                            Norm/actor_model |             103 |
|                           Norm/critic_model |             142 |
|              Norm/state_action_metric_model |            83.7 |
|                     Norm/state_metric_model |            76.8 |
|        Norm/state_action_state_metric_model |            80.8 |
|                  Metric/self_state_distance |         0.00154 |
|                 Metric/cross_state_distance |            2.12 |
|           Metric/self_state_action_distance |         0.00305 |
|          Metric/cross_state_action_distance |             2.3 |
|             Metric/avg_self_state_asymmetry |               0 |
|            Metric/avg_cross_state_asymmetry |          0.0187 |
|                Metric/avg_self_sa_asymmetry |               0 |
|               Metric/avg_cross_sa_asymmetry |          0.0298 |
|  Metric/self_state_action_to_state_distance |          0.0021 |
| Metric/cross_state_action_to_state_distance |            2.29 |
|                   Metric/h_lambda_diff_self |         0.00298 |
|                  Metric/h_lambda_diff_cross |          0.0328 |
|                                 Eval/Return |            96.5 |
-----------------------------------------------------------------
-----------------------------------------------------------------
|                                 Train/Steps |        1.93e+06 |
|                            Loss/Loss_critic |          0.0341 |
|                             Loss/Loss_actor |           -8.12 |
|                             Loss/Loss_alpha |       -0.000132 |
|               Loss/Loss_state_action_metric |            2.13 |
|                      Loss/Loss_state_metric |           0.814 |
|             Loss/Loss_state_action_to_state |         0.00211 |
|                           Loss/Act_rep_loss |          0.0521 |
|                                   SAC/Alpha |         0.00558 |
|                              SAC/LogPi_mean |            1.97 |
|                                 SAC/Q1_mean |            8.11 |
|                                 SAC/Q2_mean |             8.1 |
|                            Norm/actor_model |             106 |
|                           Norm/critic_model |             146 |
|              Norm/state_action_metric_model |              87 |
|                     Norm/state_metric_model |            80.3 |
|        Norm/state_action_state_metric_model |            84.3 |
|                  Metric/self_state_distance |         0.00262 |
|                 Metric/cross_state_distance |             2.1 |
|           Metric/self_state_action_distance |         0.00133 |
|          Metric/cross_state_action_distance |            2.27 |
|             Metric/avg_self_state_asymmetry |               0 |
|            Metric/avg_cross_state_asymmetry |          0.0181 |
|                Metric/avg_self_sa_asymmetry |               0 |
|               Metric/avg_cross_sa_asymmetry |          0.0255 |
|  Metric/self_state_action_to_state_distance |        0.000182 |
| Metric/cross_state_action_to_state_distance |            2.28 |
|                   Metric/h_lambda_diff_self |         0.00122 |
|                  Metric/h_lambda_diff_cross |          0.0278 |
|                                 Eval/Return |            82.6 |
-----------------------------------------------------------------
-----------------------------------------------------------------
|                                 Train/Steps |        2.06e+06 |
|                            Loss/Loss_critic |          0.0203 |
|                             Loss/Loss_actor |           -8.66 |
|                             Loss/Loss_alpha |        8.39e-05 |
|               Loss/Loss_state_action_metric |            2.31 |
|                      Loss/Loss_state_metric |           0.864 |
|             Loss/Loss_state_action_to_state |          0.0018 |
|                           Loss/Act_rep_loss |          0.0478 |
|                                   SAC/Alpha |         0.00551 |
|                              SAC/LogPi_mean |            2.07 |
|                                 SAC/Q1_mean |            8.64 |
|                                 SAC/Q2_mean |            8.64 |
|                            Norm/actor_model |             109 |
|                           Norm/critic_model |             150 |
|              Norm/state_action_metric_model |            90.3 |
|                     Norm/state_metric_model |            83.6 |
|        Norm/state_action_state_metric_model |            87.5 |
|                  Metric/self_state_distance |          0.0042 |
|                 Metric/cross_state_distance |            2.19 |
|           Metric/self_state_action_distance |         0.00301 |
|          Metric/cross_state_action_distance |            2.39 |
|             Metric/avg_self_state_asymmetry |               0 |
|            Metric/avg_cross_state_asymmetry |          0.0211 |
|                Metric/avg_self_sa_asymmetry |               0 |
|               Metric/avg_cross_sa_asymmetry |          0.0267 |
|  Metric/self_state_action_to_state_distance |          0.0039 |
| Metric/cross_state_action_to_state_distance |            2.39 |
|                   Metric/h_lambda_diff_self |         0.00479 |
|                  Metric/h_lambda_diff_cross |          0.0288 |
|                                 Eval/Return |            91.6 |
-----------------------------------------------------------------
[32mSaving model …[0m
[32mDone.[0m
[32mSaving model …[0m
[32mDone.[0m
-----------------------------------------------------------------
|                                 Train/Steps |        2.18e+06 |
|                            Loss/Loss_critic |          0.0259 |
|                             Loss/Loss_actor |           -8.86 |
|                             Loss/Loss_alpha |       -8.63e-05 |
|               Loss/Loss_state_action_metric |            2.56 |
|                      Loss/Loss_state_metric |           0.937 |
|             Loss/Loss_state_action_to_state |         0.00222 |
|                           Loss/Act_rep_loss |          0.0431 |
|                                   SAC/Alpha |          0.0058 |
|                              SAC/LogPi_mean |            1.98 |
|                                 SAC/Q1_mean |            8.86 |
|                                 SAC/Q2_mean |            8.85 |
|                            Norm/actor_model |             112 |
|                           Norm/critic_model |             154 |
|              Norm/state_action_metric_model |            93.5 |
|                     Norm/state_metric_model |              87 |
|        Norm/state_action_state_metric_model |            90.9 |
|                  Metric/self_state_distance |         0.00651 |
|                 Metric/cross_state_distance |            2.25 |
|           Metric/self_state_action_distance |         0.00315 |
|          Metric/cross_state_action_distance |            2.45 |
|             Metric/avg_self_state_asymmetry |               0 |
|            Metric/avg_cross_state_asymmetry |           0.018 |
|                Metric/avg_self_sa_asymmetry |               0 |
|               Metric/avg_cross_sa_asymmetry |          0.0264 |
|  Metric/self_state_action_to_state_distance |         0.00152 |
| Metric/cross_state_action_to_state_distance |            2.45 |
|                   Metric/h_lambda_diff_self |         0.00264 |
|                  Metric/h_lambda_diff_cross |          0.0327 |
|                                 Eval/Return |            99.1 |
-----------------------------------------------------------------
-----------------------------------------------------------------
|                                 Train/Steps |        2.31e+06 |
|                            Loss/Loss_critic |          0.0218 |
|                             Loss/Loss_actor |           -8.61 |
|                             Loss/Loss_alpha |       -0.000266 |
|               Loss/Loss_state_action_metric |             2.1 |
|                      Loss/Loss_state_metric |           0.767 |
|             Loss/Loss_state_action_to_state |         0.00243 |
|                           Loss/Act_rep_loss |           0.046 |
|                                   SAC/Alpha |         0.00585 |
|                              SAC/LogPi_mean |            1.85 |
|                                 SAC/Q1_mean |            8.62 |
|                                 SAC/Q2_mean |            8.61 |
|                            Norm/actor_model |             115 |
|                           Norm/critic_model |             157 |
|              Norm/state_action_metric_model |            96.8 |
|                     Norm/state_metric_model |            90.2 |
|        Norm/state_action_state_metric_model |            94.1 |
|                  Metric/self_state_distance |         0.00264 |
|                 Metric/cross_state_distance |            2.12 |
|           Metric/self_state_action_distance |         0.00456 |
|          Metric/cross_state_action_distance |            2.32 |
|             Metric/avg_self_state_asymmetry |               0 |
|            Metric/avg_cross_state_asymmetry |          0.0192 |
|                Metric/avg_self_sa_asymmetry |               0 |
|               Metric/avg_cross_sa_asymmetry |          0.0239 |
|  Metric/self_state_action_to_state_distance |        0.000243 |
| Metric/cross_state_action_to_state_distance |            2.32 |
|                   Metric/h_lambda_diff_self |         0.00434 |
|                  Metric/h_lambda_diff_cross |          0.0322 |
|                                 Eval/Return |             110 |
-----------------------------------------------------------------
-----------------------------------------------------------------
|                                 Train/Steps |        2.44e+06 |
|                            Loss/Loss_critic |          0.0262 |
|                             Loss/Loss_actor |             -10 |
|                             Loss/Loss_alpha |        -0.00335 |
|               Loss/Loss_state_action_metric |            2.75 |
|                      Loss/Loss_state_metric |            1.06 |
|             Loss/Loss_state_action_to_state |         0.00209 |
|                           Loss/Act_rep_loss |          0.0463 |
|                                   SAC/Alpha |         0.00585 |
|                              SAC/LogPi_mean |             2.5 |
|                                 SAC/Q1_mean |            9.99 |
|                                 SAC/Q2_mean |            9.98 |
|                            Norm/actor_model |             117 |
|                           Norm/critic_model |             161 |
|              Norm/state_action_metric_model |             100 |
|                     Norm/state_metric_model |            93.5 |
|        Norm/state_action_state_metric_model |            97.5 |
|                  Metric/self_state_distance |         0.00478 |
|                 Metric/cross_state_distance |            2.39 |
|           Metric/self_state_action_distance |         0.00558 |
|          Metric/cross_state_action_distance |             2.6 |
|             Metric/avg_self_state_asymmetry |               0 |
|            Metric/avg_cross_state_asymmetry |          0.0202 |
|                Metric/avg_self_sa_asymmetry |               0 |
|               Metric/avg_cross_sa_asymmetry |          0.0253 |
|  Metric/self_state_action_to_state_distance |        0.000808 |
| Metric/cross_state_action_to_state_distance |            2.61 |
|                   Metric/h_lambda_diff_self |         0.00519 |
|                  Metric/h_lambda_diff_cross |          0.0275 |
|                                 Eval/Return |             109 |
-----------------------------------------------------------------
-----------------------------------------------------------------
|                                 Train/Steps |        2.57e+06 |
|                            Loss/Loss_critic |           0.015 |
|                             Loss/Loss_actor |            -9.4 |
|                             Loss/Loss_alpha |       -0.000468 |
|               Loss/Loss_state_action_metric |             2.9 |
|                      Loss/Loss_state_metric |             1.1 |
|             Loss/Loss_state_action_to_state |         0.00256 |
|                           Loss/Act_rep_loss |          0.0451 |
|                                   SAC/Alpha |         0.00591 |
|                              SAC/LogPi_mean |            2.04 |
|                                 SAC/Q1_mean |            9.43 |
|                                 SAC/Q2_mean |            9.41 |
|                            Norm/actor_model |             120 |
|                           Norm/critic_model |             164 |
|              Norm/state_action_metric_model |             103 |
|                     Norm/state_metric_model |            96.8 |
|        Norm/state_action_state_metric_model |             101 |
|                  Metric/self_state_distance |         0.00781 |
|                 Metric/cross_state_distance |            2.47 |
|           Metric/self_state_action_distance |         0.00601 |
|          Metric/cross_state_action_distance |             2.7 |
|             Metric/avg_self_state_asymmetry |               0 |
|            Metric/avg_cross_state_asymmetry |          0.0171 |
|                Metric/avg_self_sa_asymmetry |               0 |
|               Metric/avg_cross_sa_asymmetry |          0.0255 |
|  Metric/self_state_action_to_state_distance |         0.00376 |
| Metric/cross_state_action_to_state_distance |            2.69 |
|                   Metric/h_lambda_diff_self |          0.0066 |
|                  Metric/h_lambda_diff_cross |          0.0311 |
|                                 Eval/Return |             131 |
-----------------------------------------------------------------
-----------------------------------------------------------------
|                                 Train/Steps |         2.7e+06 |
|                            Loss/Loss_critic |          0.0158 |
|                             Loss/Loss_actor |           -8.97 |
|                             Loss/Loss_alpha |         0.00267 |
|               Loss/Loss_state_action_metric |            2.52 |
|                      Loss/Loss_state_metric |           0.964 |
|             Loss/Loss_state_action_to_state |         0.00185 |
|                           Loss/Act_rep_loss |          0.0526 |
|                                   SAC/Alpha |         0.00642 |
|                              SAC/LogPi_mean |            1.64 |
|                                 SAC/Q1_mean |            8.96 |
|                                 SAC/Q2_mean |            8.95 |
|                            Norm/actor_model |             122 |
|                           Norm/critic_model |             167 |
|              Norm/state_action_metric_model |             106 |
|                     Norm/state_metric_model |             100 |
|        Norm/state_action_state_metric_model |             104 |
|                  Metric/self_state_distance |         0.00422 |
|                 Metric/cross_state_distance |            2.27 |
|           Metric/self_state_action_distance |         0.00417 |
|          Metric/cross_state_action_distance |            2.48 |
|             Metric/avg_self_state_asymmetry |               0 |
|            Metric/avg_cross_state_asymmetry |          0.0167 |
|                Metric/avg_self_sa_asymmetry |               0 |
|               Metric/avg_cross_sa_asymmetry |          0.0256 |
|  Metric/self_state_action_to_state_distance |         0.00113 |
| Metric/cross_state_action_to_state_distance |            2.48 |
|                   Metric/h_lambda_diff_self |          0.0032 |
|                  Metric/h_lambda_diff_cross |           0.027 |
|                                 Eval/Return |             111 |
-----------------------------------------------------------------
-----------------------------------------------------------------
|                                 Train/Steps |        2.82e+06 |
|                            Loss/Loss_critic |          0.0269 |
|                             Loss/Loss_actor |           -9.37 |
|                             Loss/Loss_alpha |        0.000705 |
|               Loss/Loss_state_action_metric |            2.76 |
|                      Loss/Loss_state_metric |            1.07 |
|             Loss/Loss_state_action_to_state |         0.00214 |
|                           Loss/Act_rep_loss |          0.0401 |
|                                   SAC/Alpha |         0.00599 |
|                              SAC/LogPi_mean |            1.84 |
|                                 SAC/Q1_mean |            9.34 |
|                                 SAC/Q2_mean |            9.35 |
|                            Norm/actor_model |             125 |
|                           Norm/critic_model |             170 |
|              Norm/state_action_metric_model |             109 |
|                     Norm/state_metric_model |             103 |
|        Norm/state_action_state_metric_model |             107 |
|                  Metric/self_state_distance |         0.00561 |
|                 Metric/cross_state_distance |             2.4 |
|           Metric/self_state_action_distance |          0.0193 |
|          Metric/cross_state_action_distance |            2.61 |
|             Metric/avg_self_state_asymmetry |               0 |
|            Metric/avg_cross_state_asymmetry |          0.0186 |
|                Metric/avg_self_sa_asymmetry |               0 |
|               Metric/avg_cross_sa_asymmetry |          0.0272 |
|  Metric/self_state_action_to_state_distance |        0.000354 |
| Metric/cross_state_action_to_state_distance |            2.61 |
|                   Metric/h_lambda_diff_self |           0.019 |
|                  Metric/h_lambda_diff_cross |          0.0326 |
|                                 Eval/Return |             107 |
-----------------------------------------------------------------
-----------------------------------------------------------------
|                                 Train/Steps |        2.95e+06 |
|                            Loss/Loss_critic |          0.0146 |
|                             Loss/Loss_actor |           -9.72 |
|                             Loss/Loss_alpha |       -0.000503 |
|               Loss/Loss_state_action_metric |            2.66 |
|                      Loss/Loss_state_metric |            1.02 |
|             Loss/Loss_state_action_to_state |         0.00187 |
|                           Loss/Act_rep_loss |          0.0437 |
|                                   SAC/Alpha |          0.0058 |
|                              SAC/LogPi_mean |            2.27 |
|                                 SAC/Q1_mean |            9.72 |
|                                 SAC/Q2_mean |             9.7 |
|                            Norm/actor_model |             127 |
|                           Norm/critic_model |             174 |
|              Norm/state_action_metric_model |             112 |
|                     Norm/state_metric_model |             106 |
|        Norm/state_action_state_metric_model |             110 |
|                  Metric/self_state_distance |         0.00242 |
|                 Metric/cross_state_distance |            2.34 |
|           Metric/self_state_action_distance |         0.00285 |
|          Metric/cross_state_action_distance |            2.55 |
|             Metric/avg_self_state_asymmetry |               0 |
|            Metric/avg_cross_state_asymmetry |          0.0173 |
|                Metric/avg_self_sa_asymmetry |               0 |
|               Metric/avg_cross_sa_asymmetry |          0.0239 |
|  Metric/self_state_action_to_state_distance |         0.00203 |
| Metric/cross_state_action_to_state_distance |            2.55 |
|                   Metric/h_lambda_diff_self |         0.00315 |
|                  Metric/h_lambda_diff_cross |          0.0284 |
|                                 Eval/Return |             107 |
-----------------------------------------------------------------
-----------------------------------------------------------------
|                                 Train/Steps |        3.08e+06 |
|                            Loss/Loss_critic |           0.027 |
|                             Loss/Loss_actor |           -10.1 |
|                             Loss/Loss_alpha |       -0.000826 |
|               Loss/Loss_state_action_metric |            2.59 |
|                      Loss/Loss_state_metric |           0.976 |
|             Loss/Loss_state_action_to_state |         0.00223 |
|                           Loss/Act_rep_loss |          0.0459 |
|                                   SAC/Alpha |         0.00592 |
|                              SAC/LogPi_mean |            2.22 |
|                                 SAC/Q1_mean |            10.1 |
|                                 SAC/Q2_mean |            10.1 |
|                            Norm/actor_model |             130 |
|                           Norm/critic_model |             177 |
|              Norm/state_action_metric_model |             116 |
|                     Norm/state_metric_model |             109 |
|        Norm/state_action_state_metric_model |             113 |
|                  Metric/self_state_distance |         0.00272 |
|                 Metric/cross_state_distance |            2.32 |
|           Metric/self_state_action_distance |         0.00274 |
|          Metric/cross_state_action_distance |            2.56 |
|             Metric/avg_self_state_asymmetry |               0 |
|            Metric/avg_cross_state_asymmetry |          0.0183 |
|                Metric/avg_self_sa_asymmetry |               0 |
|               Metric/avg_cross_sa_asymmetry |          0.0242 |
|  Metric/self_state_action_to_state_distance |         0.00141 |
| Metric/cross_state_action_to_state_distance |            2.55 |
|                   Metric/h_lambda_diff_self |         0.00282 |
|                  Metric/h_lambda_diff_cross |          0.0272 |
|                                 Eval/Return |             116 |
-----------------------------------------------------------------
[32mSaving model …[0m
[32mDone.[0m
[32mSaving model …[0m
[32mDone.[0m
-----------------------------------------------------------------
|                                 Train/Steps |        3.21e+06 |
|                            Loss/Loss_critic |          0.0222 |
|                             Loss/Loss_actor |           -10.1 |
|                             Loss/Loss_alpha |       -0.000944 |
|               Loss/Loss_state_action_metric |            2.73 |
|                      Loss/Loss_state_metric |            1.04 |
|             Loss/Loss_state_action_to_state |         0.00192 |
|                           Loss/Act_rep_loss |          0.0404 |
|                                   SAC/Alpha |         0.00605 |
|                              SAC/LogPi_mean |            2.07 |
|                                 SAC/Q1_mean |            10.1 |
|                                 SAC/Q2_mean |            10.1 |
|                            Norm/actor_model |             132 |
|                           Norm/critic_model |             180 |
|              Norm/state_action_metric_model |             119 |
|                     Norm/state_metric_model |             112 |
|        Norm/state_action_state_metric_model |             116 |
|                  Metric/self_state_distance |         0.00125 |
|                 Metric/cross_state_distance |             2.4 |
|           Metric/self_state_action_distance |         0.00203 |
|          Metric/cross_state_action_distance |            2.63 |
|             Metric/avg_self_state_asymmetry |               0 |
|            Metric/avg_cross_state_asymmetry |          0.0218 |
|                Metric/avg_self_sa_asymmetry |               0 |
|               Metric/avg_cross_sa_asymmetry |          0.0263 |
|  Metric/self_state_action_to_state_distance |        0.000877 |
| Metric/cross_state_action_to_state_distance |             2.6 |
|                   Metric/h_lambda_diff_self |         0.00223 |
|                  Metric/h_lambda_diff_cross |          0.0377 |
|                                 Eval/Return |             101 |
-----------------------------------------------------------------
-----------------------------------------------------------------
|                                 Train/Steps |        3.34e+06 |
|                            Loss/Loss_critic |          0.0221 |
|                             Loss/Loss_actor |           -10.1 |
|                             Loss/Loss_alpha |        -0.00165 |
|               Loss/Loss_state_action_metric |            2.44 |
|                      Loss/Loss_state_metric |           0.935 |
|             Loss/Loss_state_action_to_state |         0.00204 |
|                           Loss/Act_rep_loss |          0.0464 |
|                                   SAC/Alpha |         0.00571 |
|                              SAC/LogPi_mean |            2.29 |
|                                 SAC/Q1_mean |            10.1 |
|                                 SAC/Q2_mean |            10.1 |
|                            Norm/actor_model |             134 |
|                           Norm/critic_model |             183 |
|              Norm/state_action_metric_model |             122 |
|                     Norm/state_metric_model |             115 |
|        Norm/state_action_state_metric_model |             119 |
|                  Metric/self_state_distance |          0.0104 |
|                 Metric/cross_state_distance |            2.23 |
|           Metric/self_state_action_distance |         0.00423 |
|          Metric/cross_state_action_distance |            2.45 |
|             Metric/avg_self_state_asymmetry |               0 |
|            Metric/avg_cross_state_asymmetry |          0.0162 |
|                Metric/avg_self_sa_asymmetry |               0 |
|               Metric/avg_cross_sa_asymmetry |          0.0222 |
|  Metric/self_state_action_to_state_distance |        0.000924 |
| Metric/cross_state_action_to_state_distance |            2.46 |
|                   Metric/h_lambda_diff_self |         0.00389 |
|                  Metric/h_lambda_diff_cross |          0.0271 |
|                                 Eval/Return |             128 |
-----------------------------------------------------------------
-----------------------------------------------------------------
|                                 Train/Steps |        3.46e+06 |
|                            Loss/Loss_critic |          0.0264 |
|                             Loss/Loss_actor |           -10.5 |
|                             Loss/Loss_alpha |        -0.00124 |
|               Loss/Loss_state_action_metric |            2.67 |
|                      Loss/Loss_state_metric |           0.998 |
|             Loss/Loss_state_action_to_state |         0.00425 |
|                           Loss/Act_rep_loss |          0.0408 |
|                                   SAC/Alpha |         0.00557 |
|                              SAC/LogPi_mean |            2.28 |
|                                 SAC/Q1_mean |            10.5 |
|                                 SAC/Q2_mean |            10.5 |
|                            Norm/actor_model |             136 |
|                           Norm/critic_model |             185 |
|              Norm/state_action_metric_model |             124 |
|                     Norm/state_metric_model |             118 |
|        Norm/state_action_state_metric_model |             121 |
|                  Metric/self_state_distance |        0.000766 |
|                 Metric/cross_state_distance |            2.34 |
|           Metric/self_state_action_distance |         0.00692 |
|          Metric/cross_state_action_distance |             2.6 |
|             Metric/avg_self_state_asymmetry |               0 |
|            Metric/avg_cross_state_asymmetry |          0.0207 |
|                Metric/avg_self_sa_asymmetry |               0 |
|               Metric/avg_cross_sa_asymmetry |          0.0268 |
|  Metric/self_state_action_to_state_distance |        0.000339 |
| Metric/cross_state_action_to_state_distance |            2.59 |
|                   Metric/h_lambda_diff_self |         0.00664 |
|                  Metric/h_lambda_diff_cross |          0.0356 |
|                                 Eval/Return |             121 |
-----------------------------------------------------------------
-----------------------------------------------------------------
|                                 Train/Steps |        3.59e+06 |
|                            Loss/Loss_critic |          0.0148 |
|                             Loss/Loss_actor |           -9.77 |
|                             Loss/Loss_alpha |         0.00067 |
|               Loss/Loss_state_action_metric |            2.71 |
|                      Loss/Loss_state_metric |            1.04 |
|             Loss/Loss_state_action_to_state |         0.00315 |
|                           Loss/Act_rep_loss |          0.0434 |
|                                   SAC/Alpha |         0.00565 |
|                              SAC/LogPi_mean |            1.81 |
|                                 SAC/Q1_mean |            9.76 |
|                                 SAC/Q2_mean |            9.76 |
|                            Norm/actor_model |             139 |
|                           Norm/critic_model |             188 |
|              Norm/state_action_metric_model |             127 |
|                     Norm/state_metric_model |             121 |
|        Norm/state_action_state_metric_model |             124 |
|                  Metric/self_state_distance |         0.00153 |
|                 Metric/cross_state_distance |            2.39 |
|           Metric/self_state_action_distance |          0.0099 |
|          Metric/cross_state_action_distance |            2.61 |
|             Metric/avg_self_state_asymmetry |               0 |
|            Metric/avg_cross_state_asymmetry |          0.0189 |
|                Metric/avg_self_sa_asymmetry |               0 |
|               Metric/avg_cross_sa_asymmetry |          0.0231 |
|  Metric/self_state_action_to_state_distance |         0.00119 |
| Metric/cross_state_action_to_state_distance |            2.59 |
|                   Metric/h_lambda_diff_self |         0.00967 |
|                  Metric/h_lambda_diff_cross |          0.0336 |
|                                 Eval/Return |             115 |
-----------------------------------------------------------------
-----------------------------------------------------------------
|                                 Train/Steps |        3.72e+06 |
|                            Loss/Loss_critic |          0.0115 |
|                             Loss/Loss_actor |           -10.9 |
|                             Loss/Loss_alpha |        -0.00201 |
|               Loss/Loss_state_action_metric |            2.65 |
|                      Loss/Loss_state_metric |            1.01 |
|             Loss/Loss_state_action_to_state |         0.00177 |
|                           Loss/Act_rep_loss |          0.0383 |
|                                   SAC/Alpha |         0.00568 |
|                              SAC/LogPi_mean |            2.27 |
|                                 SAC/Q1_mean |            10.9 |
|                                 SAC/Q2_mean |            10.9 |
|                            Norm/actor_model |             141 |
|                           Norm/critic_model |             191 |
|              Norm/state_action_metric_model |             130 |
|                     Norm/state_metric_model |             124 |
|        Norm/state_action_state_metric_model |             127 |
|                  Metric/self_state_distance |          0.0021 |
|                 Metric/cross_state_distance |            2.36 |
|           Metric/self_state_action_distance |         0.00674 |
|          Metric/cross_state_action_distance |            2.61 |
|             Metric/avg_self_state_asymmetry |               0 |
|            Metric/avg_cross_state_asymmetry |          0.0179 |
|                Metric/avg_self_sa_asymmetry |               0 |
|               Metric/avg_cross_sa_asymmetry |          0.0283 |
|  Metric/self_state_action_to_state_distance |        0.000576 |
| Metric/cross_state_action_to_state_distance |            2.59 |
|                   Metric/h_lambda_diff_self |         0.00654 |
|                  Metric/h_lambda_diff_cross |          0.0288 |
|                                 Eval/Return |             111 |
-----------------------------------------------------------------
-----------------------------------------------------------------
|                                 Train/Steps |        3.85e+06 |
|                            Loss/Loss_critic |          0.0167 |
|                             Loss/Loss_actor |           -9.89 |
|                             Loss/Loss_alpha |        0.000168 |
|               Loss/Loss_state_action_metric |             2.4 |
|                      Loss/Loss_state_metric |            0.89 |
|             Loss/Loss_state_action_to_state |         0.00225 |
|                           Loss/Act_rep_loss |          0.0416 |
|                                   SAC/Alpha |         0.00579 |
|                              SAC/LogPi_mean |            1.91 |
|                                 SAC/Q1_mean |            9.88 |
|                                 SAC/Q2_mean |            9.88 |
|                            Norm/actor_model |             143 |
|                           Norm/critic_model |             193 |
|              Norm/state_action_metric_model |             133 |
|                     Norm/state_metric_model |             127 |
|        Norm/state_action_state_metric_model |             129 |
|                  Metric/self_state_distance |         0.00193 |
|                 Metric/cross_state_distance |            2.23 |
|           Metric/self_state_action_distance |          0.0036 |
|          Metric/cross_state_action_distance |            2.45 |
|             Metric/avg_self_state_asymmetry |               0 |
|            Metric/avg_cross_state_asymmetry |          0.0208 |
|                Metric/avg_self_sa_asymmetry |               0 |
|               Metric/avg_cross_sa_asymmetry |          0.0263 |
|  Metric/self_state_action_to_state_distance |         0.00262 |
| Metric/cross_state_action_to_state_distance |            2.44 |
|                   Metric/h_lambda_diff_self |         0.00239 |
|                  Metric/h_lambda_diff_cross |          0.0283 |
|                                 Eval/Return |             111 |
-----------------------------------------------------------------
-----------------------------------------------------------------
|                                 Train/Steps |        3.98e+06 |
|                            Loss/Loss_critic |          0.0212 |
|                             Loss/Loss_actor |           -10.9 |
|                             Loss/Loss_alpha |        -0.00147 |
|               Loss/Loss_state_action_metric |            2.84 |
|                      Loss/Loss_state_metric |           0.973 |
|             Loss/Loss_state_action_to_state |         0.00228 |
|                           Loss/Act_rep_loss |          0.0405 |
|                                   SAC/Alpha |         0.00559 |
|                              SAC/LogPi_mean |            2.32 |
|                                 SAC/Q1_mean |            10.9 |
|                                 SAC/Q2_mean |            10.8 |
|                            Norm/actor_model |             145 |
|                           Norm/critic_model |             196 |
|              Norm/state_action_metric_model |             136 |
|                     Norm/state_metric_model |             130 |
|        Norm/state_action_state_metric_model |             132 |
|                  Metric/self_state_distance |         0.00377 |
|                 Metric/cross_state_distance |            2.31 |
|           Metric/self_state_action_distance |         0.00648 |
|          Metric/cross_state_action_distance |            2.53 |
|             Metric/avg_self_state_asymmetry |               0 |
|            Metric/avg_cross_state_asymmetry |          0.0171 |
|                Metric/avg_self_sa_asymmetry |               0 |
|               Metric/avg_cross_sa_asymmetry |           0.026 |
|  Metric/self_state_action_to_state_distance |        0.000434 |
| Metric/cross_state_action_to_state_distance |            2.54 |
|                   Metric/h_lambda_diff_self |         0.00611 |
|                  Metric/h_lambda_diff_cross |          0.0305 |
|                                 Eval/Return |             113 |
-----------------------------------------------------------------
-----------------------------------------------------------------
|                                 Train/Steps |         4.1e+06 |
|                            Loss/Loss_critic |          0.0272 |
|                             Loss/Loss_actor |           -10.9 |
|                             Loss/Loss_alpha |       -0.000532 |
|               Loss/Loss_state_action_metric |            3.35 |
|                      Loss/Loss_state_metric |            1.27 |
|             Loss/Loss_state_action_to_state |          0.0028 |
|                           Loss/Act_rep_loss |          0.0381 |
|                                   SAC/Alpha |         0.00583 |
|                              SAC/LogPi_mean |            1.92 |
|                                 SAC/Q1_mean |              11 |
|                                 SAC/Q2_mean |            10.9 |
|                            Norm/actor_model |             147 |
|                           Norm/critic_model |             199 |
|              Norm/state_action_metric_model |             138 |
|                     Norm/state_metric_model |             133 |
|        Norm/state_action_state_metric_model |             135 |
|                  Metric/self_state_distance |         0.00804 |
|                 Metric/cross_state_distance |            2.62 |
|           Metric/self_state_action_distance |         0.00607 |
|          Metric/cross_state_action_distance |            2.88 |
|             Metric/avg_self_state_asymmetry |               0 |
|            Metric/avg_cross_state_asymmetry |          0.0203 |
|                Metric/avg_self_sa_asymmetry |               0 |
|               Metric/avg_cross_sa_asymmetry |          0.0276 |
|  Metric/self_state_action_to_state_distance |         0.00173 |
| Metric/cross_state_action_to_state_distance |            2.88 |
|                   Metric/h_lambda_diff_self |         0.00528 |
|                  Metric/h_lambda_diff_cross |           0.027 |
|                                 Eval/Return |             128 |
-----------------------------------------------------------------
[32mSaving model …[0m
[32mDone.[0m
[32mSaving model …[0m
[32mDone.[0m
-----------------------------------------------------------------
|                                 Train/Steps |        4.23e+06 |
|                            Loss/Loss_critic |          0.0168 |
|                             Loss/Loss_actor |           -10.9 |
|                             Loss/Loss_alpha |        -0.00116 |
|               Loss/Loss_state_action_metric |            2.68 |
|                      Loss/Loss_state_metric |            1.02 |
|             Loss/Loss_state_action_to_state |         0.00254 |
|                           Loss/Act_rep_loss |          0.0395 |
|                                   SAC/Alpha |         0.00543 |
|                              SAC/LogPi_mean |            2.14 |
|                                 SAC/Q1_mean |            10.9 |
|                                 SAC/Q2_mean |            10.9 |
|                            Norm/actor_model |             149 |
|                           Norm/critic_model |             201 |
|              Norm/state_action_metric_model |             141 |
|                     Norm/state_metric_model |             136 |
|        Norm/state_action_state_metric_model |             137 |
|                  Metric/self_state_distance |         0.00223 |
|                 Metric/cross_state_distance |            2.38 |
|           Metric/self_state_action_distance |         0.00254 |
|          Metric/cross_state_action_distance |             2.6 |
|             Metric/avg_self_state_asymmetry |               0 |
|            Metric/avg_cross_state_asymmetry |          0.0195 |
|                Metric/avg_self_sa_asymmetry |               0 |
|               Metric/avg_cross_sa_asymmetry |           0.028 |
|  Metric/self_state_action_to_state_distance |        8.11e-05 |
| Metric/cross_state_action_to_state_distance |             2.6 |
|                   Metric/h_lambda_diff_self |         0.00246 |
|                  Metric/h_lambda_diff_cross |          0.0306 |
|                                 Eval/Return |            93.1 |
-----------------------------------------------------------------
-----------------------------------------------------------------
|                                 Train/Steps |        4.36e+06 |
|                            Loss/Loss_critic |          0.0233 |
|                             Loss/Loss_actor |           -10.9 |
|                             Loss/Loss_alpha |         0.00218 |
|               Loss/Loss_state_action_metric |            3.41 |
|                      Loss/Loss_state_metric |            1.29 |
|             Loss/Loss_state_action_to_state |         0.00392 |
|                           Loss/Act_rep_loss |          0.0398 |
|                                   SAC/Alpha |         0.00586 |
|                              SAC/LogPi_mean |            1.63 |
|                                 SAC/Q1_mean |            10.9 |
|                                 SAC/Q2_mean |            10.9 |
|                            Norm/actor_model |             150 |
|                           Norm/critic_model |             203 |
|              Norm/state_action_metric_model |             144 |
|                     Norm/state_metric_model |             139 |
|        Norm/state_action_state_metric_model |             139 |
|                  Metric/self_state_distance |         0.00155 |
|                 Metric/cross_state_distance |            2.58 |
|           Metric/self_state_action_distance |         0.00698 |
|          Metric/cross_state_action_distance |            2.94 |
|             Metric/avg_self_state_asymmetry |               0 |
|            Metric/avg_cross_state_asymmetry |          0.0192 |
|                Metric/avg_self_sa_asymmetry |               0 |
|               Metric/avg_cross_sa_asymmetry |          0.0252 |
|  Metric/self_state_action_to_state_distance |         0.00117 |
| Metric/cross_state_action_to_state_distance |            2.91 |
|                   Metric/h_lambda_diff_self |         0.00599 |
|                  Metric/h_lambda_diff_cross |          0.0379 |
|                                 Eval/Return |             147 |
-----------------------------------------------------------------
-----------------------------------------------------------------
|                                 Train/Steps |        4.49e+06 |
|                            Loss/Loss_critic |          0.0121 |
|                             Loss/Loss_actor |           -11.4 |
|                             Loss/Loss_alpha |        0.000703 |
|               Loss/Loss_state_action_metric |            3.37 |
|                      Loss/Loss_state_metric |            1.29 |
|             Loss/Loss_state_action_to_state |         0.00219 |
|                           Loss/Act_rep_loss |          0.0372 |
|                                   SAC/Alpha |         0.00562 |
|                              SAC/LogPi_mean |            1.85 |
|                                 SAC/Q1_mean |            11.5 |
|                                 SAC/Q2_mean |            11.4 |
|                            Norm/actor_model |             152 |
|                           Norm/critic_model |             205 |
|              Norm/state_action_metric_model |             147 |
|                     Norm/state_metric_model |             141 |
|        Norm/state_action_state_metric_model |             142 |
|                  Metric/self_state_distance |         0.00265 |
|                 Metric/cross_state_distance |            2.63 |
|           Metric/self_state_action_distance |        0.000957 |
|          Metric/cross_state_action_distance |             2.9 |
|             Metric/avg_self_state_asymmetry |               0 |
|            Metric/avg_cross_state_asymmetry |          0.0171 |
|                Metric/avg_self_sa_asymmetry |               0 |
|               Metric/avg_cross_sa_asymmetry |          0.0244 |
|  Metric/self_state_action_to_state_distance |         0.00101 |
| Metric/cross_state_action_to_state_distance |            2.89 |
|                   Metric/h_lambda_diff_self |         0.00147 |
|                  Metric/h_lambda_diff_cross |          0.0295 |
|                                 Eval/Return |             107 |
-----------------------------------------------------------------
-----------------------------------------------------------------
|                                 Train/Steps |        4.62e+06 |
|                            Loss/Loss_critic |         0.00999 |
|                             Loss/Loss_actor |           -11.4 |
|                             Loss/Loss_alpha |        0.000553 |
|               Loss/Loss_state_action_metric |            3.42 |
|                      Loss/Loss_state_metric |            1.31 |
|             Loss/Loss_state_action_to_state |         0.00182 |
|                           Loss/Act_rep_loss |          0.0345 |
|                                   SAC/Alpha |         0.00535 |
|                              SAC/LogPi_mean |            1.81 |
|                                 SAC/Q1_mean |            11.4 |
|                                 SAC/Q2_mean |            11.4 |
|                            Norm/actor_model |             153 |
|                           Norm/critic_model |             207 |
|              Norm/state_action_metric_model |             149 |
|                     Norm/state_metric_model |             144 |
|        Norm/state_action_state_metric_model |             144 |
|                  Metric/self_state_distance |         0.00214 |
|                 Metric/cross_state_distance |            2.64 |
|           Metric/self_state_action_distance |         0.00882 |
|          Metric/cross_state_action_distance |            2.92 |
|             Metric/avg_self_state_asymmetry |               0 |
|            Metric/avg_cross_state_asymmetry |          0.0167 |
|                Metric/avg_self_sa_asymmetry |               0 |
|               Metric/avg_cross_sa_asymmetry |          0.0232 |
|  Metric/self_state_action_to_state_distance |         0.00117 |
| Metric/cross_state_action_to_state_distance |            2.92 |
|                   Metric/h_lambda_diff_self |         0.00794 |
|                  Metric/h_lambda_diff_cross |          0.0261 |
|                                 Eval/Return |             127 |
-----------------------------------------------------------------
-----------------------------------------------------------------
|                                 Train/Steps |        4.74e+06 |
|                            Loss/Loss_critic |          0.0141 |
|                             Loss/Loss_actor |           -11.9 |
|                             Loss/Loss_alpha |       -0.000894 |
|               Loss/Loss_state_action_metric |            3.26 |
|                      Loss/Loss_state_metric |            1.23 |
|             Loss/Loss_state_action_to_state |         0.00239 |
|                           Loss/Act_rep_loss |          0.0335 |
|                                   SAC/Alpha |         0.00522 |
|                              SAC/LogPi_mean |             2.2 |
|                                 SAC/Q1_mean |              12 |
|                                 SAC/Q2_mean |              12 |
|                            Norm/actor_model |             155 |
|                           Norm/critic_model |             209 |
|              Norm/state_action_metric_model |             152 |
|                     Norm/state_metric_model |             147 |
|        Norm/state_action_state_metric_model |             146 |
|                  Metric/self_state_distance |         0.00264 |
|                 Metric/cross_state_distance |            2.61 |
|           Metric/self_state_action_distance |         0.00281 |
|          Metric/cross_state_action_distance |            2.89 |
|             Metric/avg_self_state_asymmetry |               0 |
|            Metric/avg_cross_state_asymmetry |          0.0183 |
|                Metric/avg_self_sa_asymmetry |               0 |
|               Metric/avg_cross_sa_asymmetry |          0.0264 |
|  Metric/self_state_action_to_state_distance |         0.00153 |
| Metric/cross_state_action_to_state_distance |            2.88 |
|                   Metric/h_lambda_diff_self |          0.0031 |
|                  Metric/h_lambda_diff_cross |          0.0309 |
|                                 Eval/Return |             101 |
-----------------------------------------------------------------
-----------------------------------------------------------------
|                                 Train/Steps |        4.87e+06 |
|                            Loss/Loss_critic |          0.0137 |
|                             Loss/Loss_actor |             -12 |
|                             Loss/Loss_alpha |       -0.000506 |
|               Loss/Loss_state_action_metric |            3.56 |
|                      Loss/Loss_state_metric |            1.34 |
|             Loss/Loss_state_action_to_state |         0.00203 |
|                           Loss/Act_rep_loss |          0.0367 |
|                                   SAC/Alpha |         0.00509 |
|                              SAC/LogPi_mean |            2.15 |
|                                 SAC/Q1_mean |            12.1 |
|                                 SAC/Q2_mean |            12.1 |
|                            Norm/actor_model |             156 |
|                           Norm/critic_model |             210 |
|              Norm/state_action_metric_model |             155 |
|                     Norm/state_metric_model |             149 |
|        Norm/state_action_state_metric_model |             148 |
|                  Metric/self_state_distance |         0.00324 |
|                 Metric/cross_state_distance |            2.64 |
|           Metric/self_state_action_distance |          0.0161 |
|          Metric/cross_state_action_distance |            2.97 |
|             Metric/avg_self_state_asymmetry |               0 |
|            Metric/avg_cross_state_asymmetry |          0.0175 |
|                Metric/avg_self_sa_asymmetry |               0 |
|               Metric/avg_cross_sa_asymmetry |          0.0256 |
|  Metric/self_state_action_to_state_distance |        0.000704 |
| Metric/cross_state_action_to_state_distance |            2.97 |
|                   Metric/h_lambda_diff_self |          0.0155 |
|                  Metric/h_lambda_diff_cross |          0.0279 |
|                                 Eval/Return |             119 |
-----------------------------------------------------------------
-----------------------------------------------------------------
|                                 Train/Steps |           5e+06 |
|                            Loss/Loss_critic |          0.0071 |
|                             Loss/Loss_actor |           -11.7 |
|                             Loss/Loss_alpha |       -0.000142 |
|               Loss/Loss_state_action_metric |            3.11 |
|                      Loss/Loss_state_metric |            1.16 |
|             Loss/Loss_state_action_to_state |         0.00146 |
|                           Loss/Act_rep_loss |          0.0364 |
|                                   SAC/Alpha |         0.00472 |
|                              SAC/LogPi_mean |            1.98 |
|                                 SAC/Q1_mean |            11.7 |
|                                 SAC/Q2_mean |            11.7 |
|                            Norm/actor_model |             158 |
|                           Norm/critic_model |             212 |
|              Norm/state_action_metric_model |             157 |
|                     Norm/state_metric_model |             152 |
|        Norm/state_action_state_metric_model |             151 |
|                  Metric/self_state_distance |         0.00219 |
|                 Metric/cross_state_distance |            2.51 |
|           Metric/self_state_action_distance |         0.00401 |
|          Metric/cross_state_action_distance |            2.81 |
|             Metric/avg_self_state_asymmetry |               0 |
|            Metric/avg_cross_state_asymmetry |          0.0167 |
|                Metric/avg_self_sa_asymmetry |               0 |
|               Metric/avg_cross_sa_asymmetry |          0.0233 |
|  Metric/self_state_action_to_state_distance |         0.00145 |
| Metric/cross_state_action_to_state_distance |            2.82 |
|                   Metric/h_lambda_diff_self |         0.00367 |
|                  Metric/h_lambda_diff_cross |          0.0272 |
|                                 Eval/Return |             125 |
-----------------------------------------------------------------
[32mSaving model …[0m
[32mDone.[0m
[32mSaving model …[0m
[32mDone.[0m
