E0902 02:22:55.685557 1161373 cuda_executor.cc:1526] Could not get kernel mode driver version: (INVALID_ARGUMENT: Version does not match the format X.Y.Z)
E0902 02:22:55.694169 1161264 cuda_executor.cc:1526] Could not get kernel mode driver version: (INVALID_ARGUMENT: Version does not match the format X.Y.Z)
[32mStart prefilling replay buffer[0m
[32mStart SAC training[0m
[32m{'log_freq': 1000, 'save_freq': 1000000, 'eval_episode_freq': 10, 'hidden_size': 256, 'lr': 0.001, 'max_grad_norm': 0.0, 'gamma': 0.99, 'update_tau': 0.005, 'train_per_step': 8, 'episode_length': 1000, 'warmup_samples': 8192, 'max_replay_size': 4000000, 'batch_size': 512, 'total_env_steps': 5000000, 'init_temperature': 0.1, 'nstep': 1, 'bootstrap_on_truncation': True, 'rep_lr_scale': 1.5, 'vis_feq': 100000, 'n_vis_frames': 4, 'num_envs': 128, 'grad_steps': 50, 'transfer_freq': 10, 'transfer_steps': 8, 'reward_scaling': 1.0, 'num_eval_envs': 128, 'target_entropy': -3.0}[0m
[32m[nstep] nstep=1 bootstrap_on_truncation=True (discount from the buffer already contains gamma^nstep)[0m
-----------------------------------------------------------------
|                                 Train/Steps |        1.36e+05 |
|                            Loss/Loss_critic |          0.0607 |
|                             Loss/Loss_actor |           -12.3 |
|                             Loss/Loss_alpha |        -0.00188 |
|               Loss/Loss_state_action_metric |           0.135 |
|                      Loss/Loss_state_metric |          0.0653 |
|             Loss/Loss_state_action_to_state |         0.00128 |
|                           Loss/Act_rep_loss |         0.00717 |
|                                   SAC/Alpha |          0.0109 |
|                              SAC/LogPi_mean |            3.17 |
|                                 SAC/Q1_mean |            12.2 |
|                                 SAC/Q2_mean |            12.2 |
|                            Norm/actor_model |            42.5 |
|                           Norm/critic_model |            46.6 |
|              Norm/state_action_metric_model |              32 |
|                     Norm/state_metric_model |            31.7 |
|        Norm/state_action_state_metric_model |            32.2 |
|                  Metric/self_state_distance |         0.00738 |
|                 Metric/cross_state_distance |            1.34 |
|           Metric/self_state_action_distance |         0.00571 |
|          Metric/cross_state_action_distance |            1.45 |
|             Metric/avg_self_state_asymmetry |               0 |
|            Metric/avg_cross_state_asymmetry |          0.0169 |
|                Metric/avg_self_sa_asymmetry |               0 |
|               Metric/avg_cross_sa_asymmetry |          0.0259 |
|  Metric/self_state_action_to_state_distance |         0.00323 |
| Metric/cross_state_action_to_state_distance |            1.45 |
|                   Metric/h_lambda_diff_self |         0.00398 |
|                  Metric/h_lambda_diff_cross |          0.0308 |
|                                 Eval/Return |             512 |
-----------------------------------------------------------------
-----------------------------------------------------------------
|                                 Train/Steps |        2.64e+05 |
|                            Loss/Loss_critic |          0.0903 |
|                             Loss/Loss_actor |           -30.9 |
|                             Loss/Loss_alpha |        -0.00406 |
|               Loss/Loss_state_action_metric |           0.578 |
|                      Loss/Loss_state_metric |           0.378 |
|             Loss/Loss_state_action_to_state |          0.0014 |
|                           Loss/Act_rep_loss |          0.0023 |
|                                   SAC/Alpha |          0.0134 |
|                              SAC/LogPi_mean |            2.91 |
|                                 SAC/Q1_mean |            30.7 |
|                                 SAC/Q2_mean |            30.7 |
|                            Norm/actor_model |            56.5 |
|                           Norm/critic_model |            60.6 |
|              Norm/state_action_metric_model |            36.8 |
|                     Norm/state_metric_model |            35.4 |
|        Norm/state_action_state_metric_model |            36.4 |
|                  Metric/self_state_distance |         0.00357 |
|                 Metric/cross_state_distance |            1.96 |
|           Metric/self_state_action_distance |         0.00712 |
|          Metric/cross_state_action_distance |            2.27 |
|             Metric/avg_self_state_asymmetry |               0 |
|            Metric/avg_cross_state_asymmetry |          0.0164 |
|                Metric/avg_self_sa_asymmetry |               0 |
|               Metric/avg_cross_sa_asymmetry |          0.0275 |
|  Metric/self_state_action_to_state_distance |         0.00564 |
| Metric/cross_state_action_to_state_distance |            2.28 |
|                   Metric/h_lambda_diff_self |         0.00635 |
|                  Metric/h_lambda_diff_cross |          0.0346 |
|                                 Eval/Return |             789 |
-----------------------------------------------------------------
-----------------------------------------------------------------
|                                 Train/Steps |        3.92e+05 |
|                            Loss/Loss_critic |          0.0978 |
|                             Loss/Loss_actor |             -47 |
|                             Loss/Loss_alpha |        -0.00275 |
|               Loss/Loss_state_action_metric |           0.531 |
|                      Loss/Loss_state_metric |           0.355 |
|             Loss/Loss_state_action_to_state |         0.00106 |
|                           Loss/Act_rep_loss |         0.00372 |
|                                   SAC/Alpha |          0.0106 |
|                              SAC/LogPi_mean |            3.21 |
|                                 SAC/Q1_mean |            46.9 |
|                                 SAC/Q2_mean |              47 |
|                            Norm/actor_model |            66.3 |
|                           Norm/critic_model |              69 |
|              Norm/state_action_metric_model |            42.4 |
|                     Norm/state_metric_model |            40.3 |
|        Norm/state_action_state_metric_model |            41.7 |
|                  Metric/self_state_distance |         0.00239 |
|                 Metric/cross_state_distance |             1.9 |
|           Metric/self_state_action_distance |          0.0112 |
|          Metric/cross_state_action_distance |            2.16 |
|             Metric/avg_self_state_asymmetry |               0 |
|            Metric/avg_cross_state_asymmetry |          0.0159 |
|                Metric/avg_self_sa_asymmetry |               0 |
|               Metric/avg_cross_sa_asymmetry |          0.0273 |
|  Metric/self_state_action_to_state_distance |         0.00386 |
| Metric/cross_state_action_to_state_distance |            2.15 |
|                   Metric/h_lambda_diff_self |           0.008 |
|                  Metric/h_lambda_diff_cross |          0.0288 |
|                                 Eval/Return |             968 |
-----------------------------------------------------------------
-----------------------------------------------------------------
|                                 Train/Steps |         5.2e+05 |
|                            Loss/Loss_critic |          0.0802 |
|                             Loss/Loss_actor |           -60.9 |
|                             Loss/Loss_alpha |         0.00282 |
|               Loss/Loss_state_action_metric |           0.455 |
|                      Loss/Loss_state_metric |           0.312 |
|             Loss/Loss_state_action_to_state |          0.0011 |
|                           Loss/Act_rep_loss |         0.00717 |
|                                   SAC/Alpha |         0.00761 |
|                              SAC/LogPi_mean |            2.85 |
|                                 SAC/Q1_mean |            60.8 |
|                                 SAC/Q2_mean |            60.8 |
|                            Norm/actor_model |            73.7 |
|                           Norm/critic_model |            75.8 |
|              Norm/state_action_metric_model |            47.8 |
|                     Norm/state_metric_model |              46 |
|        Norm/state_action_state_metric_model |              47 |
|                  Metric/self_state_distance |         0.00279 |
|                 Metric/cross_state_distance |            1.77 |
|           Metric/self_state_action_distance |         0.00568 |
|          Metric/cross_state_action_distance |            2.01 |
|             Metric/avg_self_state_asymmetry |               0 |
|            Metric/avg_cross_state_asymmetry |          0.0142 |
|                Metric/avg_self_sa_asymmetry |               0 |
|               Metric/avg_cross_sa_asymmetry |          0.0207 |
|  Metric/self_state_action_to_state_distance |        0.000994 |
| Metric/cross_state_action_to_state_distance |            2.01 |
|                   Metric/h_lambda_diff_self |         0.00474 |
|                  Metric/h_lambda_diff_cross |          0.0244 |
|                                 Eval/Return |             950 |
-----------------------------------------------------------------
-----------------------------------------------------------------
|                                 Train/Steps |        6.48e+05 |
|                            Loss/Loss_critic |          0.0839 |
|                             Loss/Loss_actor |           -69.7 |
|                             Loss/Loss_alpha |        0.000262 |
|               Loss/Loss_state_action_metric |           0.464 |
|                      Loss/Loss_state_metric |           0.314 |
|             Loss/Loss_state_action_to_state |        0.000677 |
|                           Loss/Act_rep_loss |          0.0021 |
|                                   SAC/Alpha |         0.00682 |
|                              SAC/LogPi_mean |            3.07 |
|                                 SAC/Q1_mean |            69.6 |
|                                 SAC/Q2_mean |            69.7 |
|                            Norm/actor_model |            79.8 |
|                           Norm/critic_model |            81.8 |
|              Norm/state_action_metric_model |            52.9 |
|                     Norm/state_metric_model |            51.8 |
|        Norm/state_action_state_metric_model |            51.8 |
|                  Metric/self_state_distance |         0.00129 |
|                 Metric/cross_state_distance |            1.74 |
|           Metric/self_state_action_distance |         0.00253 |
|          Metric/cross_state_action_distance |            1.97 |
|             Metric/avg_self_state_asymmetry |               0 |
|            Metric/avg_cross_state_asymmetry |          0.0123 |
|                Metric/avg_self_sa_asymmetry |               0 |
|               Metric/avg_cross_sa_asymmetry |          0.0198 |
|  Metric/self_state_action_to_state_distance |        0.000311 |
| Metric/cross_state_action_to_state_distance |            1.97 |
|                   Metric/h_lambda_diff_self |         0.00241 |
|                  Metric/h_lambda_diff_cross |          0.0237 |
|                                 Eval/Return |             979 |
-----------------------------------------------------------------
-----------------------------------------------------------------
|                                 Train/Steps |        7.76e+05 |
|                            Loss/Loss_critic |          0.0718 |
|                             Loss/Loss_actor |           -77.1 |
|                             Loss/Loss_alpha |         0.00232 |
|               Loss/Loss_state_action_metric |            0.38 |
|                      Loss/Loss_state_metric |           0.258 |
|             Loss/Loss_state_action_to_state |         0.00129 |
|                           Loss/Act_rep_loss |          0.0111 |
|                                   SAC/Alpha |         0.00612 |
|                              SAC/LogPi_mean |             2.7 |
|                                 SAC/Q1_mean |              77 |
|                                 SAC/Q2_mean |            76.9 |
|                            Norm/actor_model |            85.4 |
|                           Norm/critic_model |            87.6 |
|              Norm/state_action_metric_model |            57.5 |
|                     Norm/state_metric_model |            57.4 |
|        Norm/state_action_state_metric_model |            56.6 |
|                  Metric/self_state_distance |        0.000756 |
|                 Metric/cross_state_distance |            1.62 |
|           Metric/self_state_action_distance |         0.00246 |
|          Metric/cross_state_action_distance |            1.83 |
|             Metric/avg_self_state_asymmetry |               0 |
|            Metric/avg_cross_state_asymmetry |          0.0124 |
|                Metric/avg_self_sa_asymmetry |               0 |
|               Metric/avg_cross_sa_asymmetry |           0.018 |
|  Metric/self_state_action_to_state_distance |         0.00323 |
| Metric/cross_state_action_to_state_distance |            1.82 |
|                   Metric/h_lambda_diff_self |         0.00293 |
|                  Metric/h_lambda_diff_cross |          0.0211 |
|                                 Eval/Return |             979 |
-----------------------------------------------------------------
-----------------------------------------------------------------
|                                 Train/Steps |        9.04e+05 |
|                            Loss/Loss_critic |          0.0708 |
|                             Loss/Loss_actor |           -82.2 |
|                             Loss/Loss_alpha |       -4.84e-05 |
|               Loss/Loss_state_action_metric |           0.396 |
|                      Loss/Loss_state_metric |           0.266 |
|             Loss/Loss_state_action_to_state |        0.000792 |
|                           Loss/Act_rep_loss |         0.00913 |
|                                   SAC/Alpha |         0.00493 |
|                              SAC/LogPi_mean |            2.99 |
|                                 SAC/Q1_mean |            82.2 |
|                                 SAC/Q2_mean |            82.1 |
|                            Norm/actor_model |            90.3 |
|                           Norm/critic_model |            92.6 |
|              Norm/state_action_metric_model |              62 |
|                     Norm/state_metric_model |            62.9 |
|        Norm/state_action_state_metric_model |            61.3 |
|                  Metric/self_state_distance |        0.000878 |
|                 Metric/cross_state_distance |            1.63 |
|           Metric/self_state_action_distance |         0.00498 |
|          Metric/cross_state_action_distance |            1.82 |
|             Metric/avg_self_state_asymmetry |               0 |
|            Metric/avg_cross_state_asymmetry |          0.0106 |
|                Metric/avg_self_sa_asymmetry |               0 |
|               Metric/avg_cross_sa_asymmetry |          0.0185 |
|  Metric/self_state_action_to_state_distance |         0.00115 |
| Metric/cross_state_action_to_state_distance |            1.83 |
|                   Metric/h_lambda_diff_self |         0.00417 |
|                  Metric/h_lambda_diff_cross |          0.0227 |
|                                 Eval/Return |             982 |
-----------------------------------------------------------------
-----------------------------------------------------------------
|                                 Train/Steps |        1.03e+06 |
|                            Loss/Loss_critic |          0.0796 |
|                             Loss/Loss_actor |           -85.4 |
|                             Loss/Loss_alpha |        -0.00227 |
|               Loss/Loss_state_action_metric |           0.372 |
|                      Loss/Loss_state_metric |           0.254 |
|             Loss/Loss_state_action_to_state |        0.000929 |
|                           Loss/Act_rep_loss |         0.00945 |
|                                   SAC/Alpha |         0.00465 |
|                              SAC/LogPi_mean |            3.45 |
|                                 SAC/Q1_mean |            85.4 |
|                                 SAC/Q2_mean |            85.4 |
|                            Norm/actor_model |            94.8 |
|                           Norm/critic_model |            97.5 |
|              Norm/state_action_metric_model |            66.4 |
|                     Norm/state_metric_model |            68.2 |
|        Norm/state_action_state_metric_model |              66 |
|                  Metric/self_state_distance |        0.000933 |
|                 Metric/cross_state_distance |             1.6 |
|           Metric/self_state_action_distance |         0.00166 |
|          Metric/cross_state_action_distance |            1.77 |
|             Metric/avg_self_state_asymmetry |               0 |
|            Metric/avg_cross_state_asymmetry |          0.0132 |
|                Metric/avg_self_sa_asymmetry |               0 |
|               Metric/avg_cross_sa_asymmetry |          0.0188 |
|  Metric/self_state_action_to_state_distance |         0.00124 |
| Metric/cross_state_action_to_state_distance |            1.77 |
|                   Metric/h_lambda_diff_self |         0.00208 |
|                  Metric/h_lambda_diff_cross |          0.0228 |
|                                 Eval/Return |             982 |
-----------------------------------------------------------------
[32mSaving model …[0m
[32mDone.[0m
[32mSaving model …[0m
[32mDone.[0m
-----------------------------------------------------------------
|                                 Train/Steps |        1.16e+06 |
|                            Loss/Loss_critic |           0.061 |
|                             Loss/Loss_actor |           -88.8 |
|                             Loss/Loss_alpha |        -7.7e-05 |
|               Loss/Loss_state_action_metric |           0.289 |
|                      Loss/Loss_state_metric |           0.194 |
|             Loss/Loss_state_action_to_state |        0.000888 |
|                           Loss/Act_rep_loss |           0.018 |
|                                   SAC/Alpha |         0.00417 |
|                              SAC/LogPi_mean |            3.16 |
|                                 SAC/Q1_mean |            88.8 |
|                                 SAC/Q2_mean |            88.7 |
|                            Norm/actor_model |              99 |
|                           Norm/critic_model |             102 |
|              Norm/state_action_metric_model |            70.5 |
|                     Norm/state_metric_model |            72.9 |
|        Norm/state_action_state_metric_model |            70.3 |
|                  Metric/self_state_distance |         0.00116 |
|                 Metric/cross_state_distance |            1.48 |
|           Metric/self_state_action_distance |         0.00283 |
|          Metric/cross_state_action_distance |            1.63 |
|             Metric/avg_self_state_asymmetry |               0 |
|            Metric/avg_cross_state_asymmetry |          0.0122 |
|                Metric/avg_self_sa_asymmetry |               0 |
|               Metric/avg_cross_sa_asymmetry |          0.0179 |
|  Metric/self_state_action_to_state_distance |        0.000462 |
| Metric/cross_state_action_to_state_distance |            1.63 |
|                   Metric/h_lambda_diff_self |         0.00243 |
|                  Metric/h_lambda_diff_cross |          0.0197 |
|                                 Eval/Return |             982 |
-----------------------------------------------------------------
-----------------------------------------------------------------
|                                 Train/Steps |        1.29e+06 |
|                            Loss/Loss_critic |          0.0585 |
|                             Loss/Loss_actor |             -91 |
|                             Loss/Loss_alpha |       -0.000927 |
|               Loss/Loss_state_action_metric |            0.24 |
|                      Loss/Loss_state_metric |           0.161 |
|             Loss/Loss_state_action_to_state |        0.000648 |
|                           Loss/Act_rep_loss |          0.0078 |
|                                   SAC/Alpha |         0.00385 |
|                              SAC/LogPi_mean |            3.47 |
|                                 SAC/Q1_mean |              91 |
|                                 SAC/Q2_mean |              91 |
|                            Norm/actor_model |             103 |
|                           Norm/critic_model |             106 |
|              Norm/state_action_metric_model |            74.4 |
|                     Norm/state_metric_model |            77.3 |
|        Norm/state_action_state_metric_model |            74.5 |
|                  Metric/self_state_distance |        0.000759 |
|                 Metric/cross_state_distance |             1.4 |
|           Metric/self_state_action_distance |        0.000672 |
|          Metric/cross_state_action_distance |            1.53 |
|             Metric/avg_self_state_asymmetry |               0 |
|            Metric/avg_cross_state_asymmetry |          0.0103 |
|                Metric/avg_self_sa_asymmetry |               0 |
|               Metric/avg_cross_sa_asymmetry |          0.0134 |
|  Metric/self_state_action_to_state_distance |        0.000574 |
| Metric/cross_state_action_to_state_distance |            1.53 |
|                   Metric/h_lambda_diff_self |        0.000695 |
|                  Metric/h_lambda_diff_cross |          0.0212 |
|                                 Eval/Return |             982 |
-----------------------------------------------------------------
-----------------------------------------------------------------
|                                 Train/Steps |        1.42e+06 |
|                            Loss/Loss_critic |          0.0581 |
|                             Loss/Loss_actor |           -92.8 |
|                             Loss/Loss_alpha |       -0.000146 |
|               Loss/Loss_state_action_metric |           0.227 |
|                      Loss/Loss_state_metric |           0.152 |
|             Loss/Loss_state_action_to_state |        0.000563 |
|                           Loss/Act_rep_loss |          0.0176 |
|                                   SAC/Alpha |         0.00321 |
|                              SAC/LogPi_mean |            2.99 |
|                                 SAC/Q1_mean |            92.8 |
|                                 SAC/Q2_mean |            92.8 |
|                            Norm/actor_model |             106 |
|                           Norm/critic_model |             111 |
|              Norm/state_action_metric_model |              78 |
|                     Norm/state_metric_model |            81.5 |
|        Norm/state_action_state_metric_model |            78.7 |
|                  Metric/self_state_distance |        0.000377 |
|                 Metric/cross_state_distance |            1.36 |
|           Metric/self_state_action_distance |          0.0035 |
|          Metric/cross_state_action_distance |            1.49 |
|             Metric/avg_self_state_asymmetry |               0 |
|            Metric/avg_cross_state_asymmetry |         0.00965 |
|                Metric/avg_self_sa_asymmetry |               0 |
|               Metric/avg_cross_sa_asymmetry |          0.0114 |
|  Metric/self_state_action_to_state_distance |         0.00125 |
| Metric/cross_state_action_to_state_distance |            1.49 |
|                   Metric/h_lambda_diff_self |         0.00298 |
|                  Metric/h_lambda_diff_cross |          0.0148 |
|                                 Eval/Return |             981 |
-----------------------------------------------------------------
-----------------------------------------------------------------
|                                 Train/Steps |        1.54e+06 |
|                            Loss/Loss_critic |          0.0691 |
|                             Loss/Loss_actor |           -93.3 |
|                             Loss/Loss_alpha |        -5.7e-05 |
|               Loss/Loss_state_action_metric |           0.256 |
|                      Loss/Loss_state_metric |           0.166 |
|             Loss/Loss_state_action_to_state |        0.000429 |
|                           Loss/Act_rep_loss |          0.0194 |
|                                   SAC/Alpha |         0.00293 |
|                              SAC/LogPi_mean |            3.18 |
|                                 SAC/Q1_mean |            93.2 |
|                                 SAC/Q2_mean |            93.3 |
|                            Norm/actor_model |             110 |
|                           Norm/critic_model |             115 |
|              Norm/state_action_metric_model |            81.7 |
|                     Norm/state_metric_model |            85.6 |
|        Norm/state_action_state_metric_model |            82.6 |
|                  Metric/self_state_distance |        0.000408 |
|                 Metric/cross_state_distance |             1.4 |
|           Metric/self_state_action_distance |         0.00183 |
|          Metric/cross_state_action_distance |            1.54 |
|             Metric/avg_self_state_asymmetry |               0 |
|            Metric/avg_cross_state_asymmetry |         0.00988 |
|                Metric/avg_self_sa_asymmetry |               0 |
|               Metric/avg_cross_sa_asymmetry |          0.0137 |
|  Metric/self_state_action_to_state_distance |          0.0016 |
| Metric/cross_state_action_to_state_distance |            1.53 |
|                   Metric/h_lambda_diff_self |          0.0022 |
|                  Metric/h_lambda_diff_cross |          0.0192 |
|                                 Eval/Return |             981 |
-----------------------------------------------------------------
-----------------------------------------------------------------
|                                 Train/Steps |        1.67e+06 |
|                            Loss/Loss_critic |          0.0463 |
|                             Loss/Loss_actor |           -94.7 |
|                             Loss/Loss_alpha |       -2.42e-05 |
|               Loss/Loss_state_action_metric |           0.228 |
|                      Loss/Loss_state_metric |           0.156 |
|             Loss/Loss_state_action_to_state |        0.000765 |
|                           Loss/Act_rep_loss |          0.0237 |
|                                   SAC/Alpha |         0.00237 |
|                              SAC/LogPi_mean |            3.05 |
|                                 SAC/Q1_mean |            94.7 |
|                                 SAC/Q2_mean |            94.7 |
|                            Norm/actor_model |             113 |
|                           Norm/critic_model |             119 |
|              Norm/state_action_metric_model |            85.2 |
|                     Norm/state_metric_model |            89.7 |
|        Norm/state_action_state_metric_model |            86.4 |
|                  Metric/self_state_distance |         0.00143 |
|                 Metric/cross_state_distance |            1.36 |
|           Metric/self_state_action_distance |         0.00117 |
|          Metric/cross_state_action_distance |            1.48 |
|             Metric/avg_self_state_asymmetry |               0 |
|            Metric/avg_cross_state_asymmetry |         0.00958 |
|                Metric/avg_self_sa_asymmetry |               0 |
|               Metric/avg_cross_sa_asymmetry |           0.011 |
|  Metric/self_state_action_to_state_distance |        0.000743 |
| Metric/cross_state_action_to_state_distance |            1.47 |
|                   Metric/h_lambda_diff_self |        0.000953 |
|                  Metric/h_lambda_diff_cross |          0.0122 |
|                                 Eval/Return |             983 |
-----------------------------------------------------------------
-----------------------------------------------------------------
|                                 Train/Steps |         1.8e+06 |
|                            Loss/Loss_critic |          0.0472 |
|                             Loss/Loss_actor |             -95 |
|                             Loss/Loss_alpha |        -0.00077 |
|               Loss/Loss_state_action_metric |           0.221 |
|                      Loss/Loss_state_metric |           0.148 |
|             Loss/Loss_state_action_to_state |         0.00106 |
|                           Loss/Act_rep_loss |          0.0161 |
|                                   SAC/Alpha |         0.00249 |
|                              SAC/LogPi_mean |            3.35 |
|                                 SAC/Q1_mean |            94.9 |
|                                 SAC/Q2_mean |              95 |
|                            Norm/actor_model |             116 |
|                           Norm/critic_model |             123 |
|              Norm/state_action_metric_model |            88.5 |
|                     Norm/state_metric_model |            93.6 |
|        Norm/state_action_state_metric_model |              90 |
|                  Metric/self_state_distance |         0.00262 |
|                 Metric/cross_state_distance |            1.36 |
|           Metric/self_state_action_distance |         0.00173 |
|          Metric/cross_state_action_distance |            1.47 |
|             Metric/avg_self_state_asymmetry |               0 |
|            Metric/avg_cross_state_asymmetry |          0.0102 |
|                Metric/avg_self_sa_asymmetry |               0 |
|               Metric/avg_cross_sa_asymmetry |          0.0145 |
|  Metric/self_state_action_to_state_distance |         0.00177 |
| Metric/cross_state_action_to_state_distance |            1.47 |
|                   Metric/h_lambda_diff_self |         0.00206 |
|                  Metric/h_lambda_diff_cross |          0.0177 |
|                                 Eval/Return |             985 |
-----------------------------------------------------------------
-----------------------------------------------------------------
|                                 Train/Steps |        1.93e+06 |
|                            Loss/Loss_critic |          0.0583 |
|                             Loss/Loss_actor |           -95.7 |
|                             Loss/Loss_alpha |        -0.00197 |
|               Loss/Loss_state_action_metric |           0.212 |
|                      Loss/Loss_state_metric |           0.137 |
|             Loss/Loss_state_action_to_state |        0.000852 |
|                           Loss/Act_rep_loss |          0.0221 |
|                                   SAC/Alpha |         0.00227 |
|                              SAC/LogPi_mean |             3.7 |
|                                 SAC/Q1_mean |            95.8 |
|                                 SAC/Q2_mean |            95.7 |
|                            Norm/actor_model |             119 |
|                           Norm/critic_model |             127 |
|              Norm/state_action_metric_model |            91.7 |
|                     Norm/state_metric_model |            97.4 |
|        Norm/state_action_state_metric_model |            93.6 |
|                  Metric/self_state_distance |        0.000149 |
|                 Metric/cross_state_distance |            1.34 |
|           Metric/self_state_action_distance |         0.00447 |
|          Metric/cross_state_action_distance |            1.44 |
|             Metric/avg_self_state_asymmetry |               0 |
|            Metric/avg_cross_state_asymmetry |         0.00972 |
|                Metric/avg_self_sa_asymmetry |               0 |
|               Metric/avg_cross_sa_asymmetry |          0.0173 |
|  Metric/self_state_action_to_state_distance |         0.00069 |
| Metric/cross_state_action_to_state_distance |            1.44 |
|                   Metric/h_lambda_diff_self |         0.00403 |
|                  Metric/h_lambda_diff_cross |          0.0152 |
|                                 Eval/Return |             979 |
-----------------------------------------------------------------
-----------------------------------------------------------------
|                                 Train/Steps |        2.06e+06 |
|                            Loss/Loss_critic |          0.0539 |
|                             Loss/Loss_actor |           -95.9 |
|                             Loss/Loss_alpha |        -0.00122 |
|               Loss/Loss_state_action_metric |           0.209 |
|                      Loss/Loss_state_metric |           0.139 |
|             Loss/Loss_state_action_to_state |        0.000787 |
|                           Loss/Act_rep_loss |          0.0155 |
|                                   SAC/Alpha |         0.00225 |
|                              SAC/LogPi_mean |            3.62 |
|                                 SAC/Q1_mean |            95.9 |
|                                 SAC/Q2_mean |            95.9 |
|                            Norm/actor_model |             121 |
|                           Norm/critic_model |             130 |
|              Norm/state_action_metric_model |            94.8 |
|                     Norm/state_metric_model |             101 |
|        Norm/state_action_state_metric_model |              97 |
|                  Metric/self_state_distance |         0.00207 |
|                 Metric/cross_state_distance |            1.33 |
|           Metric/self_state_action_distance |         0.00162 |
|          Metric/cross_state_action_distance |            1.45 |
|             Metric/avg_self_state_asymmetry |               0 |
|            Metric/avg_cross_state_asymmetry |         0.00964 |
|                Metric/avg_self_sa_asymmetry |               0 |
|               Metric/avg_cross_sa_asymmetry |          0.0164 |
|  Metric/self_state_action_to_state_distance |        0.000759 |
| Metric/cross_state_action_to_state_distance |            1.45 |
|                   Metric/h_lambda_diff_self |         0.00147 |
|                  Metric/h_lambda_diff_cross |          0.0141 |
|                                 Eval/Return |             984 |
-----------------------------------------------------------------
[32mSaving model …[0m
[32mDone.[0m
[32mSaving model …[0m
[32mDone.[0m
-----------------------------------------------------------------
|                                 Train/Steps |        2.18e+06 |
|                            Loss/Loss_critic |          0.0428 |
|                             Loss/Loss_actor |           -96.4 |
|                             Loss/Loss_alpha |        0.000384 |
|               Loss/Loss_state_action_metric |           0.197 |
|                      Loss/Loss_state_metric |           0.126 |
|             Loss/Loss_state_action_to_state |         0.00121 |
|                           Loss/Act_rep_loss |          0.0248 |
|                                   SAC/Alpha |         0.00255 |
|                              SAC/LogPi_mean |             2.8 |
|                                 SAC/Q1_mean |            96.4 |
|                                 SAC/Q2_mean |            96.4 |
|                            Norm/actor_model |             124 |
|                           Norm/critic_model |             134 |
|              Norm/state_action_metric_model |              98 |
|                     Norm/state_metric_model |             105 |
|        Norm/state_action_state_metric_model |             100 |
|                  Metric/self_state_distance |        0.000464 |
|                 Metric/cross_state_distance |             1.3 |
|           Metric/self_state_action_distance |         0.00142 |
|          Metric/cross_state_action_distance |            1.39 |
|             Metric/avg_self_state_asymmetry |               0 |
|            Metric/avg_cross_state_asymmetry |         0.00757 |
|                Metric/avg_self_sa_asymmetry |               0 |
|               Metric/avg_cross_sa_asymmetry |          0.0112 |
|  Metric/self_state_action_to_state_distance |        0.000655 |
| Metric/cross_state_action_to_state_distance |             1.4 |
|                   Metric/h_lambda_diff_self |         0.00126 |
|                  Metric/h_lambda_diff_cross |          0.0201 |
|                                 Eval/Return |             983 |
-----------------------------------------------------------------
-----------------------------------------------------------------
|                                 Train/Steps |        2.31e+06 |
|                            Loss/Loss_critic |          0.0263 |
|                             Loss/Loss_actor |             -97 |
|                             Loss/Loss_alpha |       -2.87e-06 |
|               Loss/Loss_state_action_metric |           0.154 |
|                      Loss/Loss_state_metric |           0.102 |
|             Loss/Loss_state_action_to_state |        0.000413 |
|                           Loss/Act_rep_loss |          0.0182 |
|                                   SAC/Alpha |         0.00198 |
|                              SAC/LogPi_mean |            3.15 |
|                                 SAC/Q1_mean |              97 |
|                                 SAC/Q2_mean |              97 |
|                            Norm/actor_model |             126 |
|                           Norm/critic_model |             138 |
|              Norm/state_action_metric_model |             101 |
|                     Norm/state_metric_model |             109 |
|        Norm/state_action_state_metric_model |             104 |
|                  Metric/self_state_distance |        0.000331 |
|                 Metric/cross_state_distance |            1.23 |
|           Metric/self_state_action_distance |        0.000777 |
|          Metric/cross_state_action_distance |            1.32 |
|             Metric/avg_self_state_asymmetry |               0 |
|            Metric/avg_cross_state_asymmetry |         0.00706 |
|                Metric/avg_self_sa_asymmetry |               0 |
|               Metric/avg_cross_sa_asymmetry |         0.00911 |
|  Metric/self_state_action_to_state_distance |         0.00077 |
| Metric/cross_state_action_to_state_distance |            1.31 |
|                   Metric/h_lambda_diff_self |         0.00093 |
|                  Metric/h_lambda_diff_cross |          0.0155 |
|                                 Eval/Return |             983 |
-----------------------------------------------------------------
-----------------------------------------------------------------
|                                 Train/Steps |        2.44e+06 |
|                            Loss/Loss_critic |          0.0579 |
|                             Loss/Loss_actor |           -97.1 |
|                             Loss/Loss_alpha |       -6.62e-05 |
|               Loss/Loss_state_action_metric |           0.149 |
|                      Loss/Loss_state_metric |          0.0976 |
|             Loss/Loss_state_action_to_state |           0.001 |
|                           Loss/Act_rep_loss |           0.023 |
|                                   SAC/Alpha |         0.00202 |
|                              SAC/LogPi_mean |            2.85 |
|                                 SAC/Q1_mean |              97 |
|                                 SAC/Q2_mean |            97.1 |
|                            Norm/actor_model |             129 |
|                           Norm/critic_model |             141 |
|              Norm/state_action_metric_model |             104 |
|                     Norm/state_metric_model |             112 |
|        Norm/state_action_state_metric_model |             107 |
|                  Metric/self_state_distance |        0.000513 |
|                 Metric/cross_state_distance |            1.24 |
|           Metric/self_state_action_distance |         0.00323 |
|          Metric/cross_state_action_distance |            1.33 |
|             Metric/avg_self_state_asymmetry |               0 |
|            Metric/avg_cross_state_asymmetry |         0.00881 |
|                Metric/avg_self_sa_asymmetry |               0 |
|               Metric/avg_cross_sa_asymmetry |           0.013 |
|  Metric/self_state_action_to_state_distance |          0.0014 |
| Metric/cross_state_action_to_state_distance |            1.32 |
|                   Metric/h_lambda_diff_self |         0.00326 |
|                  Metric/h_lambda_diff_cross |          0.0158 |
|                                 Eval/Return |             982 |
-----------------------------------------------------------------
-----------------------------------------------------------------
|                                 Train/Steps |        2.57e+06 |
|                            Loss/Loss_critic |          0.0377 |
|                             Loss/Loss_actor |           -97.6 |
|                             Loss/Loss_alpha |        -0.00133 |
|               Loss/Loss_state_action_metric |           0.147 |
|                      Loss/Loss_state_metric |          0.0993 |
|             Loss/Loss_state_action_to_state |        0.000493 |
|                           Loss/Act_rep_loss |          0.0162 |
|                                   SAC/Alpha |         0.00189 |
|                              SAC/LogPi_mean |            3.65 |
|                                 SAC/Q1_mean |            97.5 |
|                                 SAC/Q2_mean |            97.6 |
|                            Norm/actor_model |             131 |
|                           Norm/critic_model |             145 |
|              Norm/state_action_metric_model |             107 |
|                     Norm/state_metric_model |             116 |
|        Norm/state_action_state_metric_model |             110 |
|                  Metric/self_state_distance |        0.000352 |
|                 Metric/cross_state_distance |            1.24 |
|           Metric/self_state_action_distance |        0.000929 |
|          Metric/cross_state_action_distance |            1.31 |
|             Metric/avg_self_state_asymmetry |               0 |
|            Metric/avg_cross_state_asymmetry |         0.00705 |
|                Metric/avg_self_sa_asymmetry |               0 |
|               Metric/avg_cross_sa_asymmetry |          0.0113 |
|  Metric/self_state_action_to_state_distance |        0.000493 |
| Metric/cross_state_action_to_state_distance |            1.31 |
|                   Metric/h_lambda_diff_self |        0.000842 |
|                  Metric/h_lambda_diff_cross |          0.0101 |
|                                 Eval/Return |             983 |
-----------------------------------------------------------------
-----------------------------------------------------------------
|                                 Train/Steps |         2.7e+06 |
|                            Loss/Loss_critic |          0.0414 |
|                             Loss/Loss_actor |           -97.8 |
|                             Loss/Loss_alpha |        0.000744 |
|               Loss/Loss_state_action_metric |           0.134 |
|                      Loss/Loss_state_metric |          0.0877 |
|             Loss/Loss_state_action_to_state |        0.000325 |
|                           Loss/Act_rep_loss |          0.0152 |
|                                   SAC/Alpha |         0.00192 |
|                              SAC/LogPi_mean |            2.72 |
|                                 SAC/Q1_mean |            97.7 |
|                                 SAC/Q2_mean |            97.8 |
|                            Norm/actor_model |             133 |
|                           Norm/critic_model |             148 |
|              Norm/state_action_metric_model |             110 |
|                     Norm/state_metric_model |             119 |
|        Norm/state_action_state_metric_model |             113 |
|                  Metric/self_state_distance |         0.00126 |
|                 Metric/cross_state_distance |             1.2 |
|           Metric/self_state_action_distance |         0.00175 |
|          Metric/cross_state_action_distance |            1.26 |
|             Metric/avg_self_state_asymmetry |               0 |
|            Metric/avg_cross_state_asymmetry |         0.00734 |
|                Metric/avg_self_sa_asymmetry |               0 |
|               Metric/avg_cross_sa_asymmetry |         0.00786 |
|  Metric/self_state_action_to_state_distance |         0.00164 |
| Metric/cross_state_action_to_state_distance |            1.26 |
|                   Metric/h_lambda_diff_self |         0.00212 |
|                  Metric/h_lambda_diff_cross |         0.00961 |
|                                 Eval/Return |             984 |
-----------------------------------------------------------------
-----------------------------------------------------------------
|                                 Train/Steps |        2.82e+06 |
|                            Loss/Loss_critic |          0.0666 |
|                             Loss/Loss_actor |           -97.2 |
|                             Loss/Loss_alpha |        -0.00141 |
|               Loss/Loss_state_action_metric |           0.173 |
|                      Loss/Loss_state_metric |           0.111 |
|             Loss/Loss_state_action_to_state |        0.000626 |
|                           Loss/Act_rep_loss |          0.0218 |
|                                   SAC/Alpha |         0.00201 |
|                              SAC/LogPi_mean |            3.73 |
|                                 SAC/Q1_mean |            97.2 |
|                                 SAC/Q2_mean |            97.3 |
|                            Norm/actor_model |             136 |
|                           Norm/critic_model |             151 |
|              Norm/state_action_metric_model |             112 |
|                     Norm/state_metric_model |             123 |
|        Norm/state_action_state_metric_model |             117 |
|                  Metric/self_state_distance |         0.00058 |
|                 Metric/cross_state_distance |            1.26 |
|           Metric/self_state_action_distance |         0.00167 |
|          Metric/cross_state_action_distance |            1.34 |
|             Metric/avg_self_state_asymmetry |               0 |
|            Metric/avg_cross_state_asymmetry |         0.00981 |
|                Metric/avg_self_sa_asymmetry |               0 |
|               Metric/avg_cross_sa_asymmetry |          0.0121 |
|  Metric/self_state_action_to_state_distance |        0.000298 |
| Metric/cross_state_action_to_state_distance |            1.33 |
|                   Metric/h_lambda_diff_self |         0.00156 |
|                  Metric/h_lambda_diff_cross |          0.0149 |
|                                 Eval/Return |             985 |
-----------------------------------------------------------------
-----------------------------------------------------------------
|                                 Train/Steps |        2.95e+06 |
|                            Loss/Loss_critic |          0.0395 |
|                             Loss/Loss_actor |           -97.6 |
|                             Loss/Loss_alpha |          0.0011 |
|               Loss/Loss_state_action_metric |           0.135 |
|                      Loss/Loss_state_metric |          0.0906 |
|             Loss/Loss_state_action_to_state |        0.000669 |
|                           Loss/Act_rep_loss |          0.0213 |
|                                   SAC/Alpha |         0.00211 |
|                              SAC/LogPi_mean |            2.55 |
|                                 SAC/Q1_mean |            97.6 |
|                                 SAC/Q2_mean |            97.7 |
|                            Norm/actor_model |             138 |
|                           Norm/critic_model |             154 |
|              Norm/state_action_metric_model |             115 |
|                     Norm/state_metric_model |             127 |
|        Norm/state_action_state_metric_model |             120 |
|                  Metric/self_state_distance |        0.000233 |
|                 Metric/cross_state_distance |            1.22 |
|           Metric/self_state_action_distance |        0.000554 |
|          Metric/cross_state_action_distance |             1.3 |
|             Metric/avg_self_state_asymmetry |               0 |
|            Metric/avg_cross_state_asymmetry |         0.00794 |
|                Metric/avg_self_sa_asymmetry |               0 |
|               Metric/avg_cross_sa_asymmetry |          0.0127 |
|  Metric/self_state_action_to_state_distance |        0.000566 |
| Metric/cross_state_action_to_state_distance |            1.29 |
|                   Metric/h_lambda_diff_self |        0.000633 |
|                  Metric/h_lambda_diff_cross |          0.0138 |
|                                 Eval/Return |             982 |
-----------------------------------------------------------------
-----------------------------------------------------------------
|                                 Train/Steps |        3.08e+06 |
|                            Loss/Loss_critic |          0.0422 |
|                             Loss/Loss_actor |           -97.9 |
|                             Loss/Loss_alpha |        0.000124 |
|               Loss/Loss_state_action_metric |           0.164 |
|                      Loss/Loss_state_metric |           0.103 |
|             Loss/Loss_state_action_to_state |        0.000753 |
|                           Loss/Act_rep_loss |          0.0291 |
|                                   SAC/Alpha |         0.00191 |
|                              SAC/LogPi_mean |            2.95 |
|                                 SAC/Q1_mean |            97.9 |
|                                 SAC/Q2_mean |            97.9 |
|                            Norm/actor_model |             139 |
|                           Norm/critic_model |             157 |
|              Norm/state_action_metric_model |             118 |
|                     Norm/state_metric_model |             130 |
|        Norm/state_action_state_metric_model |             122 |
|                  Metric/self_state_distance |         0.00056 |
|                 Metric/cross_state_distance |            1.23 |
|           Metric/self_state_action_distance |          0.0017 |
|          Metric/cross_state_action_distance |            1.32 |
|             Metric/avg_self_state_asymmetry |               0 |
|            Metric/avg_cross_state_asymmetry |         0.00662 |
|                Metric/avg_self_sa_asymmetry |               0 |
|               Metric/avg_cross_sa_asymmetry |         0.00947 |
|  Metric/self_state_action_to_state_distance |         0.00036 |
| Metric/cross_state_action_to_state_distance |            1.32 |
|                   Metric/h_lambda_diff_self |         0.00146 |
|                  Metric/h_lambda_diff_cross |          0.0104 |
|                                 Eval/Return |             985 |
-----------------------------------------------------------------
[32mSaving model …[0m
[32mDone.[0m
[32mSaving model …[0m
[32mDone.[0m
-----------------------------------------------------------------
|                                 Train/Steps |        3.21e+06 |
|                            Loss/Loss_critic |          0.0389 |
|                             Loss/Loss_actor |           -97.7 |
|                             Loss/Loss_alpha |        0.000436 |
|               Loss/Loss_state_action_metric |           0.162 |
|                      Loss/Loss_state_metric |           0.106 |
|             Loss/Loss_state_action_to_state |        0.000534 |
|                           Loss/Act_rep_loss |          0.0233 |
|                                   SAC/Alpha |         0.00175 |
|                              SAC/LogPi_mean |            2.65 |
|                                 SAC/Q1_mean |            97.7 |
|                                 SAC/Q2_mean |            97.7 |
|                            Norm/actor_model |             142 |
|                           Norm/critic_model |             160 |
|              Norm/state_action_metric_model |             120 |
|                     Norm/state_metric_model |             133 |
|        Norm/state_action_state_metric_model |             125 |
|                  Metric/self_state_distance |         0.00167 |
|                 Metric/cross_state_distance |            1.24 |
|           Metric/self_state_action_distance |         0.00161 |
|          Metric/cross_state_action_distance |             1.3 |
|             Metric/avg_self_state_asymmetry |               0 |
|            Metric/avg_cross_state_asymmetry |         0.00818 |
|                Metric/avg_self_sa_asymmetry |               0 |
|               Metric/avg_cross_sa_asymmetry |          0.0101 |
|  Metric/self_state_action_to_state_distance |        0.000541 |
| Metric/cross_state_action_to_state_distance |             1.3 |
|                   Metric/h_lambda_diff_self |         0.00127 |
|                  Metric/h_lambda_diff_cross |          0.0106 |
|                                 Eval/Return |             986 |
-----------------------------------------------------------------
-----------------------------------------------------------------
|                                 Train/Steps |        3.34e+06 |
|                            Loss/Loss_critic |          0.0532 |
|                             Loss/Loss_actor |           -97.9 |
|                             Loss/Loss_alpha |       -3.14e-05 |
|               Loss/Loss_state_action_metric |           0.146 |
|                      Loss/Loss_state_metric |          0.0989 |
|             Loss/Loss_state_action_to_state |        0.000909 |
|                           Loss/Act_rep_loss |          0.0277 |
|                                   SAC/Alpha |         0.00191 |
|                              SAC/LogPi_mean |            3.06 |
|                                 SAC/Q1_mean |              98 |
|                                 SAC/Q2_mean |              98 |
|                            Norm/actor_model |             143 |
|                           Norm/critic_model |             163 |
|              Norm/state_action_metric_model |             123 |
|                     Norm/state_metric_model |             136 |
|        Norm/state_action_state_metric_model |             128 |
|                  Metric/self_state_distance |        0.000396 |
|                 Metric/cross_state_distance |            1.23 |
|           Metric/self_state_action_distance |         0.00225 |
|          Metric/cross_state_action_distance |            1.29 |
|             Metric/avg_self_state_asymmetry |               0 |
|            Metric/avg_cross_state_asymmetry |         0.00878 |
|                Metric/avg_self_sa_asymmetry |               0 |
|               Metric/avg_cross_sa_asymmetry |          0.0114 |
|  Metric/self_state_action_to_state_distance |        0.000317 |
| Metric/cross_state_action_to_state_distance |            1.28 |
|                   Metric/h_lambda_diff_self |         0.00207 |
|                  Metric/h_lambda_diff_cross |          0.0121 |
|                                 Eval/Return |             986 |
-----------------------------------------------------------------
-----------------------------------------------------------------
|                                 Train/Steps |        3.46e+06 |
|                            Loss/Loss_critic |          0.0235 |
|                             Loss/Loss_actor |             -98 |
|                             Loss/Loss_alpha |       -0.000533 |
|               Loss/Loss_state_action_metric |            0.13 |
|                      Loss/Loss_state_metric |          0.0873 |
|             Loss/Loss_state_action_to_state |        0.000963 |
|                           Loss/Act_rep_loss |          0.0237 |
|                                   SAC/Alpha |          0.0016 |
|                              SAC/LogPi_mean |            3.14 |
|                                 SAC/Q1_mean |            97.9 |
|                                 SAC/Q2_mean |              98 |
|                            Norm/actor_model |             145 |
|                           Norm/critic_model |             166 |
|              Norm/state_action_metric_model |             125 |
|                     Norm/state_metric_model |             140 |
|        Norm/state_action_state_metric_model |             131 |
|                  Metric/self_state_distance |        0.000558 |
|                 Metric/cross_state_distance |            1.21 |
|           Metric/self_state_action_distance |         0.00285 |
|          Metric/cross_state_action_distance |            1.28 |
|             Metric/avg_self_state_asymmetry |               0 |
|            Metric/avg_cross_state_asymmetry |         0.00835 |
|                Metric/avg_self_sa_asymmetry |               0 |
|               Metric/avg_cross_sa_asymmetry |           0.011 |
|  Metric/self_state_action_to_state_distance |        0.000237 |
| Metric/cross_state_action_to_state_distance |            1.27 |
|                   Metric/h_lambda_diff_self |         0.00268 |
|                  Metric/h_lambda_diff_cross |          0.0125 |
|                                 Eval/Return |             986 |
-----------------------------------------------------------------
-----------------------------------------------------------------
|                                 Train/Steps |        3.59e+06 |
|                            Loss/Loss_critic |          0.0202 |
|                             Loss/Loss_actor |           -98.1 |
|                             Loss/Loss_alpha |        0.000616 |
|               Loss/Loss_state_action_metric |           0.139 |
|                      Loss/Loss_state_metric |          0.0961 |
|             Loss/Loss_state_action_to_state |        0.000291 |
|                           Loss/Act_rep_loss |          0.0281 |
|                                   SAC/Alpha |         0.00157 |
|                              SAC/LogPi_mean |            2.66 |
|                                 SAC/Q1_mean |            98.2 |
|                                 SAC/Q2_mean |            98.1 |
|                            Norm/actor_model |             147 |
|                           Norm/critic_model |             169 |
|              Norm/state_action_metric_model |             128 |
|                     Norm/state_metric_model |             143 |
|        Norm/state_action_state_metric_model |             134 |
|                  Metric/self_state_distance |        0.000548 |
|                 Metric/cross_state_distance |            1.21 |
|           Metric/self_state_action_distance |         0.00208 |
|          Metric/cross_state_action_distance |            1.27 |
|             Metric/avg_self_state_asymmetry |               0 |
|            Metric/avg_cross_state_asymmetry |         0.00685 |
|                Metric/avg_self_sa_asymmetry |               0 |
|               Metric/avg_cross_sa_asymmetry |          0.0109 |
|  Metric/self_state_action_to_state_distance |         0.00187 |
| Metric/cross_state_action_to_state_distance |            1.27 |
|                   Metric/h_lambda_diff_self |         0.00209 |
|                  Metric/h_lambda_diff_cross |         0.00913 |
|                                 Eval/Return |             984 |
-----------------------------------------------------------------
-----------------------------------------------------------------
|                                 Train/Steps |        3.72e+06 |
|                            Loss/Loss_critic |          0.0347 |
|                             Loss/Loss_actor |           -98.1 |
|                             Loss/Loss_alpha |        0.000258 |
|               Loss/Loss_state_action_metric |            0.14 |
|                      Loss/Loss_state_metric |           0.095 |
|             Loss/Loss_state_action_to_state |        0.000321 |
|                           Loss/Act_rep_loss |          0.0217 |
|                                   SAC/Alpha |         0.00146 |
|                              SAC/LogPi_mean |            2.62 |
|                                 SAC/Q1_mean |            98.2 |
|                                 SAC/Q2_mean |            98.1 |
|                            Norm/actor_model |             149 |
|                           Norm/critic_model |             172 |
|              Norm/state_action_metric_model |             130 |
|                     Norm/state_metric_model |             146 |
|        Norm/state_action_state_metric_model |             136 |
|                  Metric/self_state_distance |        0.000259 |
|                 Metric/cross_state_distance |            1.21 |
|           Metric/self_state_action_distance |        0.000405 |
|          Metric/cross_state_action_distance |            1.27 |
|             Metric/avg_self_state_asymmetry |               0 |
|            Metric/avg_cross_state_asymmetry |         0.00579 |
|                Metric/avg_self_sa_asymmetry |               0 |
|               Metric/avg_cross_sa_asymmetry |         0.00825 |
|  Metric/self_state_action_to_state_distance |        0.000693 |
| Metric/cross_state_action_to_state_distance |            1.27 |
|                   Metric/h_lambda_diff_self |        0.000674 |
|                  Metric/h_lambda_diff_cross |          0.0105 |
|                                 Eval/Return |             985 |
-----------------------------------------------------------------
-----------------------------------------------------------------
|                                 Train/Steps |        3.85e+06 |
|                            Loss/Loss_critic |          0.0386 |
|                             Loss/Loss_actor |           -98.1 |
|                             Loss/Loss_alpha |       -0.000479 |
|               Loss/Loss_state_action_metric |           0.142 |
|                      Loss/Loss_state_metric |          0.0879 |
|             Loss/Loss_state_action_to_state |        0.000834 |
|                           Loss/Act_rep_loss |          0.0264 |
|                                   SAC/Alpha |         0.00156 |
|                              SAC/LogPi_mean |            3.44 |
|                                 SAC/Q1_mean |            98.1 |
|                                 SAC/Q2_mean |            98.1 |
|                            Norm/actor_model |             151 |
|                           Norm/critic_model |             175 |
|              Norm/state_action_metric_model |             133 |
|                     Norm/state_metric_model |             149 |
|        Norm/state_action_state_metric_model |             139 |
|                  Metric/self_state_distance |        0.000495 |
|                 Metric/cross_state_distance |            1.21 |
|           Metric/self_state_action_distance |          0.0022 |
|          Metric/cross_state_action_distance |            1.28 |
|             Metric/avg_self_state_asymmetry |               0 |
|            Metric/avg_cross_state_asymmetry |         0.00952 |
|                Metric/avg_self_sa_asymmetry |               0 |
|               Metric/avg_cross_sa_asymmetry |           0.015 |
|  Metric/self_state_action_to_state_distance |        0.000407 |
| Metric/cross_state_action_to_state_distance |            1.27 |
|                   Metric/h_lambda_diff_self |         0.00201 |
|                  Metric/h_lambda_diff_cross |          0.0137 |
|                                 Eval/Return |             985 |
-----------------------------------------------------------------
-----------------------------------------------------------------
|                                 Train/Steps |        3.98e+06 |
|                            Loss/Loss_critic |          0.0385 |
|                             Loss/Loss_actor |           -98.5 |
|                             Loss/Loss_alpha |        -0.00154 |
|               Loss/Loss_state_action_metric |           0.101 |
|                      Loss/Loss_state_metric |          0.0662 |
|             Loss/Loss_state_action_to_state |        0.000355 |
|                           Loss/Act_rep_loss |          0.0248 |
|                                   SAC/Alpha |         0.00157 |
|                              SAC/LogPi_mean |            3.88 |
|                                 SAC/Q1_mean |            98.7 |
|                                 SAC/Q2_mean |            98.5 |
|                            Norm/actor_model |             152 |
|                           Norm/critic_model |             178 |
|              Norm/state_action_metric_model |             135 |
|                     Norm/state_metric_model |             152 |
|        Norm/state_action_state_metric_model |             142 |
|                  Metric/self_state_distance |        0.000382 |
|                 Metric/cross_state_distance |            1.15 |
|           Metric/self_state_action_distance |         0.00105 |
|          Metric/cross_state_action_distance |             1.2 |
|             Metric/avg_self_state_asymmetry |               0 |
|            Metric/avg_cross_state_asymmetry |         0.00531 |
|                Metric/avg_self_sa_asymmetry |               0 |
|               Metric/avg_cross_sa_asymmetry |         0.00801 |
|  Metric/self_state_action_to_state_distance |        0.000474 |
| Metric/cross_state_action_to_state_distance |            1.19 |
|                   Metric/h_lambda_diff_self |        0.000838 |
|                  Metric/h_lambda_diff_cross |          0.0103 |
|                                 Eval/Return |             984 |
-----------------------------------------------------------------
-----------------------------------------------------------------
|                                 Train/Steps |         4.1e+06 |
|                            Loss/Loss_critic |           0.037 |
|                             Loss/Loss_actor |             -99 |
|                             Loss/Loss_alpha |       -0.000556 |
|               Loss/Loss_state_action_metric |          0.0542 |
|                      Loss/Loss_state_metric |          0.0369 |
|             Loss/Loss_state_action_to_state |        0.000347 |
|                           Loss/Act_rep_loss |          0.0254 |
|                                   SAC/Alpha |         0.00124 |
|                              SAC/LogPi_mean |            3.28 |
|                                 SAC/Q1_mean |              99 |
|                                 SAC/Q2_mean |              99 |
|                            Norm/actor_model |             154 |
|                           Norm/critic_model |             181 |
|              Norm/state_action_metric_model |             137 |
|                     Norm/state_metric_model |             155 |
|        Norm/state_action_state_metric_model |             144 |
|                  Metric/self_state_distance |         0.00163 |
|                 Metric/cross_state_distance |            1.08 |
|           Metric/self_state_action_distance |        0.000505 |
|          Metric/cross_state_action_distance |            1.11 |
|             Metric/avg_self_state_asymmetry |               0 |
|            Metric/avg_cross_state_asymmetry |         0.00491 |
|                Metric/avg_self_sa_asymmetry |               0 |
|               Metric/avg_cross_sa_asymmetry |         0.00811 |
|  Metric/self_state_action_to_state_distance |          0.0002 |
| Metric/cross_state_action_to_state_distance |            1.11 |
|                   Metric/h_lambda_diff_self |        0.000408 |
|                  Metric/h_lambda_diff_cross |         0.00755 |
|                                 Eval/Return |             984 |
-----------------------------------------------------------------
[32mSaving model …[0m
[32mDone.[0m
[32mSaving model …[0m
[32mDone.[0m
-----------------------------------------------------------------
|                                 Train/Steps |        4.23e+06 |
|                            Loss/Loss_critic |          0.0395 |
|                             Loss/Loss_actor |           -98.8 |
|                             Loss/Loss_alpha |        -0.00114 |
|               Loss/Loss_state_action_metric |          0.0583 |
|                      Loss/Loss_state_metric |          0.0388 |
|             Loss/Loss_state_action_to_state |        0.000595 |
|                           Loss/Act_rep_loss |          0.0311 |
|                                   SAC/Alpha |          0.0014 |
|                              SAC/LogPi_mean |            3.88 |
|                                 SAC/Q1_mean |            98.8 |
|                                 SAC/Q2_mean |            98.8 |
|                            Norm/actor_model |             156 |
|                           Norm/critic_model |             183 |
|              Norm/state_action_metric_model |             139 |
|                     Norm/state_metric_model |             158 |
|        Norm/state_action_state_metric_model |             147 |
|                  Metric/self_state_distance |        0.000576 |
|                 Metric/cross_state_distance |             1.1 |
|           Metric/self_state_action_distance |         0.00215 |
|          Metric/cross_state_action_distance |            1.12 |
|             Metric/avg_self_state_asymmetry |               0 |
|            Metric/avg_cross_state_asymmetry |         0.00591 |
|                Metric/avg_self_sa_asymmetry |               0 |
|               Metric/avg_cross_sa_asymmetry |         0.00972 |
|  Metric/self_state_action_to_state_distance |        0.000347 |
| Metric/cross_state_action_to_state_distance |            1.12 |
|                   Metric/h_lambda_diff_self |         0.00192 |
|                  Metric/h_lambda_diff_cross |          0.0113 |
|                                 Eval/Return |             984 |
-----------------------------------------------------------------
-----------------------------------------------------------------
|                                 Train/Steps |        4.36e+06 |
|                            Loss/Loss_critic |          0.0215 |
|                             Loss/Loss_actor |           -99.1 |
|                             Loss/Loss_alpha |        -0.00102 |
|               Loss/Loss_state_action_metric |          0.0524 |
|                      Loss/Loss_state_metric |          0.0354 |
|             Loss/Loss_state_action_to_state |        0.000304 |
|                           Loss/Act_rep_loss |          0.0351 |
|                                   SAC/Alpha |         0.00108 |
|                              SAC/LogPi_mean |            3.86 |
|                                 SAC/Q1_mean |            99.1 |
|                                 SAC/Q2_mean |            99.2 |
|                            Norm/actor_model |             157 |
|                           Norm/critic_model |             185 |
|              Norm/state_action_metric_model |             141 |
|                     Norm/state_metric_model |             160 |
|        Norm/state_action_state_metric_model |             149 |
|                  Metric/self_state_distance |         0.00145 |
|                 Metric/cross_state_distance |            1.07 |
|           Metric/self_state_action_distance |         0.00153 |
|          Metric/cross_state_action_distance |            1.09 |
|             Metric/avg_self_state_asymmetry |               0 |
|            Metric/avg_cross_state_asymmetry |         0.00383 |
|                Metric/avg_self_sa_asymmetry |               0 |
|               Metric/avg_cross_sa_asymmetry |         0.00666 |
|  Metric/self_state_action_to_state_distance |        0.000422 |
| Metric/cross_state_action_to_state_distance |            1.09 |
|                   Metric/h_lambda_diff_self |         0.00151 |
|                  Metric/h_lambda_diff_cross |         0.00975 |
|                                 Eval/Return |             981 |
-----------------------------------------------------------------
-----------------------------------------------------------------
|                                 Train/Steps |        4.49e+06 |
|                            Loss/Loss_critic |          0.0165 |
|                             Loss/Loss_actor |           -99.2 |
|                             Loss/Loss_alpha |        0.000203 |
|               Loss/Loss_state_action_metric |          0.0455 |
|                      Loss/Loss_state_metric |          0.0273 |
|             Loss/Loss_state_action_to_state |        0.000329 |
|                           Loss/Act_rep_loss |          0.0277 |
|                                   SAC/Alpha |         0.00107 |
|                              SAC/LogPi_mean |            2.78 |
|                                 SAC/Q1_mean |            99.2 |
|                                 SAC/Q2_mean |            99.2 |
|                            Norm/actor_model |             159 |
|                           Norm/critic_model |             188 |
|              Norm/state_action_metric_model |             143 |
|                     Norm/state_metric_model |             163 |
|        Norm/state_action_state_metric_model |             151 |
|                  Metric/self_state_distance |        4.79e-05 |
|                 Metric/cross_state_distance |            1.05 |
|           Metric/self_state_action_distance |         0.00514 |
|          Metric/cross_state_action_distance |            1.07 |
|             Metric/avg_self_state_asymmetry |               0 |
|            Metric/avg_cross_state_asymmetry |         0.00362 |
|                Metric/avg_self_sa_asymmetry |               0 |
|               Metric/avg_cross_sa_asymmetry |         0.00533 |
|  Metric/self_state_action_to_state_distance |        0.000586 |
| Metric/cross_state_action_to_state_distance |            1.07 |
|                   Metric/h_lambda_diff_self |         0.00495 |
|                  Metric/h_lambda_diff_cross |         0.00641 |
|                                 Eval/Return |             986 |
-----------------------------------------------------------------
-----------------------------------------------------------------
|                                 Train/Steps |        4.62e+06 |
|                            Loss/Loss_critic |          0.0461 |
|                             Loss/Loss_actor |           -99.4 |
|                             Loss/Loss_alpha |       -0.000154 |
|               Loss/Loss_state_action_metric |          0.0371 |
|                      Loss/Loss_state_metric |          0.0243 |
|             Loss/Loss_state_action_to_state |        0.000216 |
|                           Loss/Act_rep_loss |           0.029 |
|                                   SAC/Alpha |         0.00108 |
|                              SAC/LogPi_mean |            3.08 |
|                                 SAC/Q1_mean |            99.4 |
|                                 SAC/Q2_mean |            99.4 |
|                            Norm/actor_model |             160 |
|                           Norm/critic_model |             190 |
|              Norm/state_action_metric_model |             145 |
|                     Norm/state_metric_model |             165 |
|        Norm/state_action_state_metric_model |             153 |
|                  Metric/self_state_distance |        0.000337 |
|                 Metric/cross_state_distance |            1.04 |
|           Metric/self_state_action_distance |          0.0022 |
|          Metric/cross_state_action_distance |            1.05 |
|             Metric/avg_self_state_asymmetry |               0 |
|            Metric/avg_cross_state_asymmetry |          0.0032 |
|                Metric/avg_self_sa_asymmetry |               0 |
|               Metric/avg_cross_sa_asymmetry |         0.00558 |
|  Metric/self_state_action_to_state_distance |         0.00042 |
| Metric/cross_state_action_to_state_distance |            1.05 |
|                   Metric/h_lambda_diff_self |         0.00191 |
|                  Metric/h_lambda_diff_cross |         0.00796 |
|                                 Eval/Return |             984 |
-----------------------------------------------------------------
-----------------------------------------------------------------
|                                 Train/Steps |        4.74e+06 |
|                            Loss/Loss_critic |          0.0155 |
|                             Loss/Loss_actor |           -99.3 |
|                             Loss/Loss_alpha |       -0.000361 |
|               Loss/Loss_state_action_metric |          0.0323 |
|                      Loss/Loss_state_metric |          0.0226 |
|             Loss/Loss_state_action_to_state |        0.000121 |
|                           Loss/Act_rep_loss |          0.0348 |
|                                   SAC/Alpha |        0.000907 |
|                              SAC/LogPi_mean |            3.53 |
|                                 SAC/Q1_mean |            99.3 |
|                                 SAC/Q2_mean |            99.3 |
|                            Norm/actor_model |             161 |
|                           Norm/critic_model |             192 |
|              Norm/state_action_metric_model |             147 |
|                     Norm/state_metric_model |             168 |
|        Norm/state_action_state_metric_model |             156 |
|                  Metric/self_state_distance |        0.000782 |
|                 Metric/cross_state_distance |            1.04 |
|           Metric/self_state_action_distance |          0.0024 |
|          Metric/cross_state_action_distance |            1.04 |
|             Metric/avg_self_state_asymmetry |               0 |
|            Metric/avg_cross_state_asymmetry |         0.00338 |
|                Metric/avg_self_sa_asymmetry |               0 |
|               Metric/avg_cross_sa_asymmetry |         0.00516 |
|  Metric/self_state_action_to_state_distance |        0.000256 |
| Metric/cross_state_action_to_state_distance |            1.05 |
|                   Metric/h_lambda_diff_self |         0.00232 |
|                  Metric/h_lambda_diff_cross |         0.00876 |
|                                 Eval/Return |             984 |
-----------------------------------------------------------------
-----------------------------------------------------------------
|                                 Train/Steps |        4.87e+06 |
|                            Loss/Loss_critic |          0.0127 |
|                             Loss/Loss_actor |           -99.6 |
|                             Loss/Loss_alpha |       -1.13e-05 |
|               Loss/Loss_state_action_metric |           0.023 |
|                      Loss/Loss_state_metric |          0.0163 |
|             Loss/Loss_state_action_to_state |        0.000139 |
|                           Loss/Act_rep_loss |          0.0367 |
|                                   SAC/Alpha |         0.00101 |
|                              SAC/LogPi_mean |            2.86 |
|                                 SAC/Q1_mean |            99.6 |
|                                 SAC/Q2_mean |            99.6 |
|                            Norm/actor_model |             163 |
|                           Norm/critic_model |             195 |
|              Norm/state_action_metric_model |             149 |
|                     Norm/state_metric_model |             171 |
|        Norm/state_action_state_metric_model |             158 |
|                  Metric/self_state_distance |        0.000558 |
|                 Metric/cross_state_distance |            1.03 |
|           Metric/self_state_action_distance |         0.00151 |
|          Metric/cross_state_action_distance |            1.04 |
|             Metric/avg_self_state_asymmetry |               0 |
|            Metric/avg_cross_state_asymmetry |         0.00297 |
|                Metric/avg_self_sa_asymmetry |               0 |
|               Metric/avg_cross_sa_asymmetry |         0.00506 |
|  Metric/self_state_action_to_state_distance |        0.000336 |
| Metric/cross_state_action_to_state_distance |            1.04 |
|                   Metric/h_lambda_diff_self |         0.00154 |
|                  Metric/h_lambda_diff_cross |         0.00538 |
|                                 Eval/Return |             983 |
-----------------------------------------------------------------
-----------------------------------------------------------------
|                                 Train/Steps |           5e+06 |
|                            Loss/Loss_critic |           0.013 |
|                             Loss/Loss_actor |           -99.4 |
|                             Loss/Loss_alpha |        0.000529 |
|               Loss/Loss_state_action_metric |          0.0314 |
|                      Loss/Loss_state_metric |          0.0183 |
|             Loss/Loss_state_action_to_state |        0.000173 |
|                           Loss/Act_rep_loss |          0.0339 |
|                                   SAC/Alpha |        0.000963 |
|                              SAC/LogPi_mean |            2.37 |
|                                 SAC/Q1_mean |            99.4 |
|                                 SAC/Q2_mean |            99.5 |
|                            Norm/actor_model |             164 |
|                           Norm/critic_model |             197 |
|              Norm/state_action_metric_model |             151 |
|                     Norm/state_metric_model |             173 |
|        Norm/state_action_state_metric_model |             160 |
|                  Metric/self_state_distance |        0.000421 |
|                 Metric/cross_state_distance |            1.03 |
|           Metric/self_state_action_distance |        0.000799 |
|          Metric/cross_state_action_distance |            1.05 |
|             Metric/avg_self_state_asymmetry |               0 |
|            Metric/avg_cross_state_asymmetry |         0.00349 |
|                Metric/avg_self_sa_asymmetry |               0 |
|               Metric/avg_cross_sa_asymmetry |         0.00442 |
|  Metric/self_state_action_to_state_distance |        0.000279 |
| Metric/cross_state_action_to_state_distance |            1.04 |
|                   Metric/h_lambda_diff_self |        0.000686 |
|                  Metric/h_lambda_diff_cross |         0.00713 |
|                                 Eval/Return |             987 |
-----------------------------------------------------------------
[32mSaving model …[0m
[32mDone.[0m
[32mSaving model …[0m
[32mDone.[0m
