E0906 01:41:45.017776  878756 cuda_executor.cc:1526] Could not get kernel mode driver version: (INVALID_ARGUMENT: Version does not match the format X.Y.Z)
E0906 01:41:45.026271  878644 cuda_executor.cc:1526] Could not get kernel mode driver version: (INVALID_ARGUMENT: Version does not match the format X.Y.Z)
[32mStart prefilling replay buffer[0m
[32mStart SAC training[0m
[32m{'log_freq': 1000, 'save_freq': 1000000, 'eval_episode_freq': 10, 'hidden_size': 256, 'lr': 0.001, 'max_grad_norm': 0.0, 'gamma': 0.99, 'update_tau': 0.005, 'train_per_step': 8, 'episode_length': 1000, 'warmup_samples': 8192, 'max_replay_size': 4000000, 'batch_size': 512, 'total_env_steps': 5000000, 'init_temperature': 0.1, 'nstep': 3, 'bootstrap_on_truncation': True, 'rep_lr_scale': 1.5, 'n_act_samples': 5, 'act_eps': 0.1, 'aug_weight': 1.0, 'vis_feq': 100000, 'n_vis_frames': 4, 'num_envs': 128, 'grad_steps': 50, 'transfer_freq': 10, 'transfer_steps': 8, 'reward_scaling': 1.0, 'num_eval_envs': 128, 'target_entropy': -1.0}[0m
[32m[nstep] nstep=3 bootstrap_on_truncation=True (discount from the buffer already contains gamma^nstep)[0m
[32m[epsball] n_act_samples=5 act_eps=0.1 aug_weight=1.0[0m
-----------------------------------------------------------------
|                                 Train/Steps |        1.36e+05 |
|                            Loss/Loss_critic |         0.00424 |
|                             Loss/Loss_actor |          -0.269 |
|                             Loss/Loss_alpha |         0.00215 |
|               Loss/Loss_state_action_metric |          0.0345 |
|                      Loss/Loss_state_metric |         0.00308 |
|             Loss/Loss_state_action_to_state |         0.00107 |
|                           Loss/Act_rep_loss |            0.16 |
|                                   SAC/Alpha |         0.00179 |
|                              SAC/LogPi_mean |           -0.11 |
|                                 SAC/Q1_mean |           0.274 |
|                                 SAC/Q2_mean |           0.269 |
|                            Norm/actor_model |            25.6 |
|                           Norm/critic_model |            39.5 |
|              Norm/state_action_metric_model |            30.3 |
|                     Norm/state_metric_model |            30.9 |
|        Norm/state_action_state_metric_model |            31.1 |
|                  Metric/self_state_distance |         0.00682 |
|                 Metric/cross_state_distance |           0.919 |
|           Metric/self_state_action_distance |          0.0123 |
|          Metric/cross_state_action_distance |           0.904 |
|             Metric/avg_self_state_asymmetry |               0 |
|            Metric/avg_cross_state_asymmetry |         0.00569 |
|                Metric/avg_self_sa_asymmetry |               0 |
|               Metric/avg_cross_sa_asymmetry |          0.0111 |
|  Metric/self_state_action_to_state_distance |         0.00389 |
| Metric/cross_state_action_to_state_distance |           0.904 |
|                   Metric/h_lambda_diff_self |          0.0104 |
|                  Metric/h_lambda_diff_cross |          0.0159 |
|                                 Eval/Return |           0.555 |
-----------------------------------------------------------------
-----------------------------------------------------------------
|                                 Train/Steps |        2.64e+05 |
|                            Loss/Loss_critic |          0.0604 |
|                             Loss/Loss_actor |           -2.91 |
|                             Loss/Loss_alpha |        -0.00268 |
|               Loss/Loss_state_action_metric |            1.16 |
|                      Loss/Loss_state_metric |           0.249 |
|             Loss/Loss_state_action_to_state |          0.0141 |
|                           Loss/Act_rep_loss |          0.0424 |
|                                   SAC/Alpha |          0.0384 |
|                              SAC/LogPi_mean |            1.17 |
|                                 SAC/Q1_mean |            2.83 |
|                                 SAC/Q2_mean |            2.84 |
|                            Norm/actor_model |            42.6 |
|                           Norm/critic_model |            61.6 |
|              Norm/state_action_metric_model |            36.6 |
|                     Norm/state_metric_model |            34.8 |
|        Norm/state_action_state_metric_model |            35.4 |
|                  Metric/self_state_distance |         0.00824 |
|                 Metric/cross_state_distance |            1.46 |
|           Metric/self_state_action_distance |          0.0503 |
|          Metric/cross_state_action_distance |            1.67 |
|             Metric/avg_self_state_asymmetry |               0 |
|            Metric/avg_cross_state_asymmetry |          0.0431 |
|                Metric/avg_self_sa_asymmetry |               0 |
|               Metric/avg_cross_sa_asymmetry |          0.0616 |
|  Metric/self_state_action_to_state_distance |         0.00425 |
| Metric/cross_state_action_to_state_distance |            1.67 |
|                   Metric/h_lambda_diff_self |          0.0462 |
|                  Metric/h_lambda_diff_cross |          0.0947 |
|                                 Eval/Return |             396 |
-----------------------------------------------------------------
-----------------------------------------------------------------
|                                 Train/Steps |        3.92e+05 |
|                            Loss/Loss_critic |           0.315 |
|                             Loss/Loss_actor |           -17.7 |
|                             Loss/Loss_alpha |         -0.0118 |
|               Loss/Loss_state_action_metric |            5.93 |
|                      Loss/Loss_state_metric |            1.57 |
|             Loss/Loss_state_action_to_state |          0.0157 |
|                           Loss/Act_rep_loss |           0.017 |
|                                   SAC/Alpha |           0.152 |
|                              SAC/LogPi_mean |            1.01 |
|                                 SAC/Q1_mean |            17.5 |
|                                 SAC/Q2_mean |            17.5 |
|                            Norm/actor_model |            52.2 |
|                           Norm/critic_model |            80.1 |
|              Norm/state_action_metric_model |            44.7 |
|                     Norm/state_metric_model |            43.4 |
|        Norm/state_action_state_metric_model |            43.1 |
|                  Metric/self_state_distance |          0.0153 |
|                 Metric/cross_state_distance |            2.71 |
|           Metric/self_state_action_distance |          0.0844 |
|          Metric/cross_state_action_distance |            3.53 |
|             Metric/avg_self_state_asymmetry |               0 |
|            Metric/avg_cross_state_asymmetry |           0.058 |
|                Metric/avg_self_sa_asymmetry |               0 |
|               Metric/avg_cross_sa_asymmetry |          0.0891 |
|  Metric/self_state_action_to_state_distance |          0.0182 |
| Metric/cross_state_action_to_state_distance |            3.43 |
|                   Metric/h_lambda_diff_self |          0.0671 |
|                  Metric/h_lambda_diff_cross |            0.15 |
|                                 Eval/Return |             835 |
-----------------------------------------------------------------
-----------------------------------------------------------------
|                                 Train/Steps |         5.2e+05 |
|                            Loss/Loss_critic |           0.658 |
|                             Loss/Loss_actor |           -35.2 |
|                             Loss/Loss_alpha |         -0.0175 |
|               Loss/Loss_state_action_metric |            8.62 |
|                      Loss/Loss_state_metric |            2.08 |
|             Loss/Loss_state_action_to_state |          0.0218 |
|                           Loss/Act_rep_loss |          0.0086 |
|                                   SAC/Alpha |           0.225 |
|                              SAC/LogPi_mean |            1.08 |
|                                 SAC/Q1_mean |              35 |
|                                 SAC/Q2_mean |              35 |
|                            Norm/actor_model |            59.1 |
|                           Norm/critic_model |            93.4 |
|              Norm/state_action_metric_model |            50.4 |
|                     Norm/state_metric_model |              50 |
|        Norm/state_action_state_metric_model |              49 |
|                  Metric/self_state_distance |          0.0118 |
|                 Metric/cross_state_distance |            3.14 |
|           Metric/self_state_action_distance |          0.0252 |
|          Metric/cross_state_action_distance |            4.18 |
|             Metric/avg_self_state_asymmetry |               0 |
|            Metric/avg_cross_state_asymmetry |          0.0632 |
|                Metric/avg_self_sa_asymmetry |               0 |
|               Metric/avg_cross_sa_asymmetry |          0.0962 |
|  Metric/self_state_action_to_state_distance |          0.0161 |
| Metric/cross_state_action_to_state_distance |            4.15 |
|                   Metric/h_lambda_diff_self |          0.0202 |
|                  Metric/h_lambda_diff_cross |           0.118 |
|                                 Eval/Return |             840 |
-----------------------------------------------------------------
-----------------------------------------------------------------
|                                 Train/Steps |        6.48e+05 |
|                            Loss/Loss_critic |           0.566 |
|                             Loss/Loss_actor |           -45.7 |
|                             Loss/Loss_alpha |         0.00765 |
|               Loss/Loss_state_action_metric |            7.88 |
|                      Loss/Loss_state_metric |            2.25 |
|             Loss/Loss_state_action_to_state |          0.0184 |
|                           Loss/Act_rep_loss |         0.00659 |
|                                   SAC/Alpha |           0.236 |
|                              SAC/LogPi_mean |            1.04 |
|                                 SAC/Q1_mean |            45.6 |
|                                 SAC/Q2_mean |            45.6 |
|                            Norm/actor_model |            65.4 |
|                           Norm/critic_model |             102 |
|              Norm/state_action_metric_model |            55.6 |
|                     Norm/state_metric_model |            55.8 |
|        Norm/state_action_state_metric_model |              54 |
|                  Metric/self_state_distance |          0.0165 |
|                 Metric/cross_state_distance |            3.32 |
|           Metric/self_state_action_distance |          0.0414 |
|          Metric/cross_state_action_distance |            4.32 |
|             Metric/avg_self_state_asymmetry |               0 |
|            Metric/avg_cross_state_asymmetry |          0.0627 |
|                Metric/avg_self_sa_asymmetry |               0 |
|               Metric/avg_cross_sa_asymmetry |          0.0815 |
|  Metric/self_state_action_to_state_distance |          0.0101 |
| Metric/cross_state_action_to_state_distance |            4.29 |
|                   Metric/h_lambda_diff_self |          0.0361 |
|                  Metric/h_lambda_diff_cross |           0.108 |
|                                 Eval/Return |             867 |
-----------------------------------------------------------------
-----------------------------------------------------------------
|                                 Train/Steps |        7.76e+05 |
|                            Loss/Loss_critic |           0.474 |
|                             Loss/Loss_actor |           -52.4 |
|                             Loss/Loss_alpha |          0.0223 |
|               Loss/Loss_state_action_metric |            8.05 |
|                      Loss/Loss_state_metric |            2.29 |
|             Loss/Loss_state_action_to_state |          0.0139 |
|                           Loss/Act_rep_loss |         0.00249 |
|                                   SAC/Alpha |           0.229 |
|                              SAC/LogPi_mean |            1.04 |
|                                 SAC/Q1_mean |            52.3 |
|                                 SAC/Q2_mean |            52.3 |
|                            Norm/actor_model |            70.9 |
|                           Norm/critic_model |             109 |
|              Norm/state_action_metric_model |            60.4 |
|                     Norm/state_metric_model |            61.5 |
|        Norm/state_action_state_metric_model |            58.8 |
|                  Metric/self_state_distance |          0.0185 |
|                 Metric/cross_state_distance |            3.59 |
|           Metric/self_state_action_distance |          0.0316 |
|          Metric/cross_state_action_distance |            4.34 |
|             Metric/avg_self_state_asymmetry |               0 |
|            Metric/avg_cross_state_asymmetry |          0.0705 |
|                Metric/avg_self_sa_asymmetry |               0 |
|               Metric/avg_cross_sa_asymmetry |          0.0816 |
|  Metric/self_state_action_to_state_distance |          0.0143 |
| Metric/cross_state_action_to_state_distance |            4.39 |
|                   Metric/h_lambda_diff_self |          0.0259 |
|                  Metric/h_lambda_diff_cross |           0.102 |
|                                 Eval/Return |             888 |
-----------------------------------------------------------------
-----------------------------------------------------------------
|                                 Train/Steps |        9.04e+05 |
|                            Loss/Loss_critic |           0.458 |
|                             Loss/Loss_actor |           -56.4 |
|                             Loss/Loss_alpha |          -0.013 |
|               Loss/Loss_state_action_metric |            7.46 |
|                      Loss/Loss_state_metric |            2.07 |
|             Loss/Loss_state_action_to_state |          0.0113 |
|                           Loss/Act_rep_loss |         0.00117 |
|                                   SAC/Alpha |           0.222 |
|                              SAC/LogPi_mean |           0.994 |
|                                 SAC/Q1_mean |            56.4 |
|                                 SAC/Q2_mean |            56.4 |
|                            Norm/actor_model |            75.8 |
|                           Norm/critic_model |             114 |
|              Norm/state_action_metric_model |            64.9 |
|                     Norm/state_metric_model |            67.1 |
|        Norm/state_action_state_metric_model |            63.4 |
|                  Metric/self_state_distance |         0.00912 |
|                 Metric/cross_state_distance |            3.34 |
|           Metric/self_state_action_distance |          0.0285 |
|          Metric/cross_state_action_distance |             4.2 |
|             Metric/avg_self_state_asymmetry |               0 |
|            Metric/avg_cross_state_asymmetry |          0.0634 |
|                Metric/avg_self_sa_asymmetry |               0 |
|               Metric/avg_cross_sa_asymmetry |          0.0778 |
|  Metric/self_state_action_to_state_distance |         0.00779 |
| Metric/cross_state_action_to_state_distance |             4.2 |
|                   Metric/h_lambda_diff_self |          0.0269 |
|                  Metric/h_lambda_diff_cross |          0.0902 |
|                                 Eval/Return |             932 |
-----------------------------------------------------------------
-----------------------------------------------------------------
|                                 Train/Steps |        1.03e+06 |
|                            Loss/Loss_critic |           0.577 |
|                             Loss/Loss_actor |           -58.2 |
|                             Loss/Loss_alpha |          0.0385 |
|               Loss/Loss_state_action_metric |            8.16 |
|                      Loss/Loss_state_metric |            1.95 |
|             Loss/Loss_state_action_to_state |          0.0117 |
|                           Loss/Act_rep_loss |         0.00359 |
|                                   SAC/Alpha |           0.221 |
|                              SAC/LogPi_mean |           0.892 |
|                                 SAC/Q1_mean |            58.1 |
|                                 SAC/Q2_mean |            58.2 |
|                            Norm/actor_model |            80.3 |
|                           Norm/critic_model |             120 |
|              Norm/state_action_metric_model |            69.2 |
|                     Norm/state_metric_model |            72.7 |
|        Norm/state_action_state_metric_model |            67.8 |
|                  Metric/self_state_distance |         0.00818 |
|                 Metric/cross_state_distance |            3.25 |
|           Metric/self_state_action_distance |          0.0448 |
|          Metric/cross_state_action_distance |            4.31 |
|             Metric/avg_self_state_asymmetry |               0 |
|            Metric/avg_cross_state_asymmetry |          0.0618 |
|                Metric/avg_self_sa_asymmetry |               0 |
|               Metric/avg_cross_sa_asymmetry |          0.0795 |
|  Metric/self_state_action_to_state_distance |         0.00996 |
| Metric/cross_state_action_to_state_distance |            4.27 |
|                   Metric/h_lambda_diff_self |          0.0401 |
|                  Metric/h_lambda_diff_cross |           0.118 |
|                                 Eval/Return |             873 |
-----------------------------------------------------------------
[32mSaving model …[0m
[32mDone.[0m
[32mSaving model …[0m
[32mDone.[0m
-----------------------------------------------------------------
|                                 Train/Steps |        1.16e+06 |
|                            Loss/Loss_critic |           0.381 |
|                             Loss/Loss_actor |           -60.7 |
|                             Loss/Loss_alpha |           0.033 |
|               Loss/Loss_state_action_metric |            8.43 |
|                      Loss/Loss_state_metric |            2.38 |
|             Loss/Loss_state_action_to_state |          0.0115 |
|                           Loss/Act_rep_loss |         0.00094 |
|                                   SAC/Alpha |           0.216 |
|                              SAC/LogPi_mean |           0.985 |
|                                 SAC/Q1_mean |            60.7 |
|                                 SAC/Q2_mean |            60.7 |
|                            Norm/actor_model |            84.6 |
|                           Norm/critic_model |             124 |
|              Norm/state_action_metric_model |            73.3 |
|                     Norm/state_metric_model |            77.9 |
|        Norm/state_action_state_metric_model |              72 |
|                  Metric/self_state_distance |          0.0138 |
|                 Metric/cross_state_distance |            3.57 |
|           Metric/self_state_action_distance |          0.0308 |
|          Metric/cross_state_action_distance |            4.53 |
|             Metric/avg_self_state_asymmetry |               0 |
|            Metric/avg_cross_state_asymmetry |            0.05 |
|                Metric/avg_self_sa_asymmetry |               0 |
|               Metric/avg_cross_sa_asymmetry |           0.067 |
|  Metric/self_state_action_to_state_distance |         0.00961 |
| Metric/cross_state_action_to_state_distance |            4.53 |
|                   Metric/h_lambda_diff_self |          0.0314 |
|                  Metric/h_lambda_diff_cross |          0.0831 |
|                                 Eval/Return |             887 |
-----------------------------------------------------------------
-----------------------------------------------------------------
|                                 Train/Steps |        1.29e+06 |
|                            Loss/Loss_critic |           0.451 |
|                             Loss/Loss_actor |           -61.6 |
|                             Loss/Loss_alpha |         0.00706 |
|               Loss/Loss_state_action_metric |            8.16 |
|                      Loss/Loss_state_metric |            2.28 |
|             Loss/Loss_state_action_to_state |          0.0112 |
|                           Loss/Act_rep_loss |         0.00158 |
|                                   SAC/Alpha |           0.206 |
|                              SAC/LogPi_mean |           0.983 |
|                                 SAC/Q1_mean |            61.5 |
|                                 SAC/Q2_mean |            61.5 |
|                            Norm/actor_model |            88.5 |
|                           Norm/critic_model |             128 |
|              Norm/state_action_metric_model |            77.2 |
|                     Norm/state_metric_model |            83.1 |
|        Norm/state_action_state_metric_model |            76.1 |
|                  Metric/self_state_distance |         0.00578 |
|                 Metric/cross_state_distance |            3.36 |
|           Metric/self_state_action_distance |          0.0141 |
|          Metric/cross_state_action_distance |            4.41 |
|             Metric/avg_self_state_asymmetry |               0 |
|            Metric/avg_cross_state_asymmetry |          0.0549 |
|                Metric/avg_self_sa_asymmetry |               0 |
|               Metric/avg_cross_sa_asymmetry |          0.0633 |
|  Metric/self_state_action_to_state_distance |         0.00506 |
| Metric/cross_state_action_to_state_distance |            4.34 |
|                   Metric/h_lambda_diff_self |          0.0102 |
|                  Metric/h_lambda_diff_cross |          0.0964 |
|                                 Eval/Return |             889 |
-----------------------------------------------------------------
-----------------------------------------------------------------
|                                 Train/Steps |        1.42e+06 |
|                            Loss/Loss_critic |           0.539 |
|                             Loss/Loss_actor |           -64.4 |
|                             Loss/Loss_alpha |        -0.00949 |
|               Loss/Loss_state_action_metric |            7.07 |
|                      Loss/Loss_state_metric |            1.97 |
|             Loss/Loss_state_action_to_state |          0.0117 |
|                           Loss/Act_rep_loss |         0.00292 |
|                                   SAC/Alpha |           0.202 |
|                              SAC/LogPi_mean |            1.17 |
|                                 SAC/Q1_mean |            64.4 |
|                                 SAC/Q2_mean |            64.4 |
|                            Norm/actor_model |            92.3 |
|                           Norm/critic_model |             132 |
|              Norm/state_action_metric_model |              81 |
|                     Norm/state_metric_model |            87.8 |
|        Norm/state_action_state_metric_model |              80 |
|                  Metric/self_state_distance |          0.0051 |
|                 Metric/cross_state_distance |            3.23 |
|           Metric/self_state_action_distance |          0.0152 |
|          Metric/cross_state_action_distance |            4.11 |
|             Metric/avg_self_state_asymmetry |               0 |
|            Metric/avg_cross_state_asymmetry |          0.0543 |
|                Metric/avg_self_sa_asymmetry |               0 |
|               Metric/avg_cross_sa_asymmetry |          0.0632 |
|  Metric/self_state_action_to_state_distance |         0.00384 |
| Metric/cross_state_action_to_state_distance |            4.16 |
|                   Metric/h_lambda_diff_self |          0.0118 |
|                  Metric/h_lambda_diff_cross |           0.103 |
|                                 Eval/Return |             889 |
-----------------------------------------------------------------
-----------------------------------------------------------------
|                                 Train/Steps |        1.54e+06 |
|                            Loss/Loss_critic |           0.312 |
|                             Loss/Loss_actor |           -65.3 |
|                             Loss/Loss_alpha |          0.0268 |
|               Loss/Loss_state_action_metric |            6.97 |
|                      Loss/Loss_state_metric |            1.83 |
|             Loss/Loss_state_action_to_state |          0.0142 |
|                           Loss/Act_rep_loss |         0.00037 |
|                                   SAC/Alpha |           0.204 |
|                              SAC/LogPi_mean |           0.889 |
|                                 SAC/Q1_mean |            65.4 |
|                                 SAC/Q2_mean |            65.4 |
|                            Norm/actor_model |              96 |
|                           Norm/critic_model |             136 |
|              Norm/state_action_metric_model |            84.7 |
|                     Norm/state_metric_model |            92.4 |
|        Norm/state_action_state_metric_model |            83.8 |
|                  Metric/self_state_distance |         0.00645 |
|                 Metric/cross_state_distance |            3.19 |
|           Metric/self_state_action_distance |         0.00396 |
|          Metric/cross_state_action_distance |            4.05 |
|             Metric/avg_self_state_asymmetry |               0 |
|            Metric/avg_cross_state_asymmetry |          0.0517 |
|                Metric/avg_self_sa_asymmetry |               0 |
|               Metric/avg_cross_sa_asymmetry |          0.0679 |
|  Metric/self_state_action_to_state_distance |         0.00343 |
| Metric/cross_state_action_to_state_distance |               4 |
|                   Metric/h_lambda_diff_self |         0.00558 |
|                  Metric/h_lambda_diff_cross |          0.0973 |
|                                 Eval/Return |             893 |
-----------------------------------------------------------------
-----------------------------------------------------------------
|                                 Train/Steps |        1.67e+06 |
|                            Loss/Loss_critic |           0.445 |
|                             Loss/Loss_actor |           -66.8 |
|                             Loss/Loss_alpha |         0.00225 |
|               Loss/Loss_state_action_metric |            6.63 |
|                      Loss/Loss_state_metric |            1.88 |
|             Loss/Loss_state_action_to_state |         0.00678 |
|                           Loss/Act_rep_loss |        0.000292 |
|                                   SAC/Alpha |           0.193 |
|                              SAC/LogPi_mean |               1 |
|                                 SAC/Q1_mean |            66.8 |
|                                 SAC/Q2_mean |            66.8 |
|                            Norm/actor_model |            99.5 |
|                           Norm/critic_model |             139 |
|              Norm/state_action_metric_model |            88.2 |
|                     Norm/state_metric_model |            96.7 |
|        Norm/state_action_state_metric_model |            87.4 |
|                  Metric/self_state_distance |         0.00756 |
|                 Metric/cross_state_distance |            3.17 |
|           Metric/self_state_action_distance |          0.0109 |
|          Metric/cross_state_action_distance |            3.95 |
|             Metric/avg_self_state_asymmetry |               0 |
|            Metric/avg_cross_state_asymmetry |           0.049 |
|                Metric/avg_self_sa_asymmetry |               0 |
|               Metric/avg_cross_sa_asymmetry |          0.0572 |
|  Metric/self_state_action_to_state_distance |         0.00341 |
| Metric/cross_state_action_to_state_distance |            3.96 |
|                   Metric/h_lambda_diff_self |          0.0111 |
|                  Metric/h_lambda_diff_cross |          0.0744 |
|                                 Eval/Return |             936 |
-----------------------------------------------------------------
-----------------------------------------------------------------
|                                 Train/Steps |         1.8e+06 |
|                            Loss/Loss_critic |           0.279 |
|                             Loss/Loss_actor |           -67.5 |
|                             Loss/Loss_alpha |        -0.00656 |
|               Loss/Loss_state_action_metric |            7.24 |
|                      Loss/Loss_state_metric |            1.79 |
|             Loss/Loss_state_action_to_state |          0.0142 |
|                           Loss/Act_rep_loss |        9.32e-05 |
|                                   SAC/Alpha |           0.197 |
|                              SAC/LogPi_mean |            1.09 |
|                                 SAC/Q1_mean |            67.5 |
|                                 SAC/Q2_mean |            67.5 |
|                            Norm/actor_model |             103 |
|                           Norm/critic_model |             143 |
|              Norm/state_action_metric_model |            91.6 |
|                     Norm/state_metric_model |             101 |
|        Norm/state_action_state_metric_model |              91 |
|                  Metric/self_state_distance |          0.0039 |
|                 Metric/cross_state_distance |            3.27 |
|           Metric/self_state_action_distance |         0.00903 |
|          Metric/cross_state_action_distance |            4.18 |
|             Metric/avg_self_state_asymmetry |               0 |
|            Metric/avg_cross_state_asymmetry |          0.0592 |
|                Metric/avg_self_sa_asymmetry |               0 |
|               Metric/avg_cross_sa_asymmetry |          0.0694 |
|  Metric/self_state_action_to_state_distance |          0.0113 |
| Metric/cross_state_action_to_state_distance |            4.13 |
|                   Metric/h_lambda_diff_self |          0.0148 |
|                  Metric/h_lambda_diff_cross |          0.0943 |
|                                 Eval/Return |             917 |
-----------------------------------------------------------------
-----------------------------------------------------------------
|                                 Train/Steps |        1.93e+06 |
|                            Loss/Loss_critic |           0.334 |
|                             Loss/Loss_actor |           -68.3 |
|                             Loss/Loss_alpha |         -0.0094 |
|               Loss/Loss_state_action_metric |            6.76 |
|                      Loss/Loss_state_metric |            1.89 |
|             Loss/Loss_state_action_to_state |          0.0127 |
|                           Loss/Act_rep_loss |         0.00032 |
|                                   SAC/Alpha |           0.196 |
|                              SAC/LogPi_mean |           0.998 |
|                                 SAC/Q1_mean |            68.4 |
|                                 SAC/Q2_mean |            68.4 |
|                            Norm/actor_model |             106 |
|                           Norm/critic_model |             146 |
|              Norm/state_action_metric_model |            94.9 |
|                     Norm/state_metric_model |             105 |
|        Norm/state_action_state_metric_model |            94.4 |
|                  Metric/self_state_distance |          0.0035 |
|                 Metric/cross_state_distance |            3.19 |
|           Metric/self_state_action_distance |         0.00557 |
|          Metric/cross_state_action_distance |            3.97 |
|             Metric/avg_self_state_asymmetry |               0 |
|            Metric/avg_cross_state_asymmetry |          0.0466 |
|                Metric/avg_self_sa_asymmetry |               0 |
|               Metric/avg_cross_sa_asymmetry |          0.0575 |
|  Metric/self_state_action_to_state_distance |         0.00297 |
| Metric/cross_state_action_to_state_distance |            3.98 |
|                   Metric/h_lambda_diff_self |         0.00468 |
|                  Metric/h_lambda_diff_cross |          0.0855 |
|                                 Eval/Return |             925 |
-----------------------------------------------------------------
-----------------------------------------------------------------
|                                 Train/Steps |        2.06e+06 |
|                            Loss/Loss_critic |           0.272 |
|                             Loss/Loss_actor |             -69 |
|                             Loss/Loss_alpha |       -0.000193 |
|               Loss/Loss_state_action_metric |            6.37 |
|                      Loss/Loss_state_metric |            1.68 |
|             Loss/Loss_state_action_to_state |          0.0108 |
|                           Loss/Act_rep_loss |         0.00438 |
|                                   SAC/Alpha |           0.199 |
|                              SAC/LogPi_mean |           0.997 |
|                                 SAC/Q1_mean |              69 |
|                                 SAC/Q2_mean |              69 |
|                            Norm/actor_model |             109 |
|                           Norm/critic_model |             149 |
|              Norm/state_action_metric_model |            98.1 |
|                     Norm/state_metric_model |             108 |
|        Norm/state_action_state_metric_model |            97.7 |
|                  Metric/self_state_distance |         0.00484 |
|                 Metric/cross_state_distance |               3 |
|           Metric/self_state_action_distance |           0.012 |
|          Metric/cross_state_action_distance |            3.85 |
|             Metric/avg_self_state_asymmetry |               0 |
|            Metric/avg_cross_state_asymmetry |          0.0473 |
|                Metric/avg_self_sa_asymmetry |               0 |
|               Metric/avg_cross_sa_asymmetry |          0.0702 |
|  Metric/self_state_action_to_state_distance |         0.00408 |
| Metric/cross_state_action_to_state_distance |            3.83 |
|                   Metric/h_lambda_diff_self |         0.00946 |
|                  Metric/h_lambda_diff_cross |          0.0963 |
|                                 Eval/Return |             924 |
-----------------------------------------------------------------
[32mSaving model …[0m
[32mDone.[0m
[32mSaving model …[0m
[32mDone.[0m
-----------------------------------------------------------------
|                                 Train/Steps |        2.18e+06 |
|                            Loss/Loss_critic |           0.266 |
|                             Loss/Loss_actor |             -70 |
|                             Loss/Loss_alpha |          0.0201 |
|               Loss/Loss_state_action_metric |            6.51 |
|                      Loss/Loss_state_metric |            1.67 |
|             Loss/Loss_state_action_to_state |          0.0107 |
|                           Loss/Act_rep_loss |        0.000124 |
|                                   SAC/Alpha |           0.191 |
|                              SAC/LogPi_mean |           0.901 |
|                                 SAC/Q1_mean |            70.1 |
|                                 SAC/Q2_mean |            70.1 |
|                            Norm/actor_model |             112 |
|                           Norm/critic_model |             152 |
|              Norm/state_action_metric_model |             101 |
|                     Norm/state_metric_model |             112 |
|        Norm/state_action_state_metric_model |             101 |
|                  Metric/self_state_distance |            0.01 |
|                 Metric/cross_state_distance |            3.09 |
|           Metric/self_state_action_distance |          0.0208 |
|          Metric/cross_state_action_distance |            3.88 |
|             Metric/avg_self_state_asymmetry |               0 |
|            Metric/avg_cross_state_asymmetry |          0.0417 |
|                Metric/avg_self_sa_asymmetry |               0 |
|               Metric/avg_cross_sa_asymmetry |           0.066 |
|  Metric/self_state_action_to_state_distance |         0.00391 |
| Metric/cross_state_action_to_state_distance |             3.9 |
|                   Metric/h_lambda_diff_self |          0.0183 |
|                  Metric/h_lambda_diff_cross |          0.0765 |
|                                 Eval/Return |             954 |
-----------------------------------------------------------------
-----------------------------------------------------------------
|                                 Train/Steps |        2.31e+06 |
|                            Loss/Loss_critic |            0.25 |
|                             Loss/Loss_actor |           -69.4 |
|                             Loss/Loss_alpha |        -0.00208 |
|               Loss/Loss_state_action_metric |             7.6 |
|                      Loss/Loss_state_metric |            1.95 |
|             Loss/Loss_state_action_to_state |          0.0125 |
|                           Loss/Act_rep_loss |         0.00048 |
|                                   SAC/Alpha |           0.194 |
|                              SAC/LogPi_mean |            1.04 |
|                                 SAC/Q1_mean |            69.5 |
|                                 SAC/Q2_mean |            69.4 |
|                            Norm/actor_model |             115 |
|                           Norm/critic_model |             156 |
|              Norm/state_action_metric_model |             104 |
|                     Norm/state_metric_model |             116 |
|        Norm/state_action_state_metric_model |             104 |
|                  Metric/self_state_distance |          0.0104 |
|                 Metric/cross_state_distance |            3.26 |
|           Metric/self_state_action_distance |          0.0182 |
|          Metric/cross_state_action_distance |            4.06 |
|             Metric/avg_self_state_asymmetry |               0 |
|            Metric/avg_cross_state_asymmetry |          0.0473 |
|                Metric/avg_self_sa_asymmetry |               0 |
|               Metric/avg_cross_sa_asymmetry |          0.0568 |
|  Metric/self_state_action_to_state_distance |          0.0103 |
| Metric/cross_state_action_to_state_distance |            4.02 |
|                   Metric/h_lambda_diff_self |          0.0151 |
|                  Metric/h_lambda_diff_cross |          0.0823 |
|                                 Eval/Return |             933 |
-----------------------------------------------------------------
-----------------------------------------------------------------
|                                 Train/Steps |        2.44e+06 |
|                            Loss/Loss_critic |           0.574 |
|                             Loss/Loss_actor |           -71.6 |
|                             Loss/Loss_alpha |        -0.00341 |
|               Loss/Loss_state_action_metric |             5.6 |
|                      Loss/Loss_state_metric |            1.39 |
|             Loss/Loss_state_action_to_state |         0.00748 |
|                           Loss/Act_rep_loss |        0.000446 |
|                                   SAC/Alpha |           0.191 |
|                              SAC/LogPi_mean |            1.01 |
|                                 SAC/Q1_mean |            71.7 |
|                                 SAC/Q2_mean |            71.8 |
|                            Norm/actor_model |             118 |
|                           Norm/critic_model |             159 |
|              Norm/state_action_metric_model |             107 |
|                     Norm/state_metric_model |             119 |
|        Norm/state_action_state_metric_model |             107 |
|                  Metric/self_state_distance |          0.0024 |
|                 Metric/cross_state_distance |            2.86 |
|           Metric/self_state_action_distance |          0.0049 |
|          Metric/cross_state_action_distance |            3.63 |
|             Metric/avg_self_state_asymmetry |               0 |
|            Metric/avg_cross_state_asymmetry |          0.0435 |
|                Metric/avg_self_sa_asymmetry |               0 |
|               Metric/avg_cross_sa_asymmetry |          0.0613 |
|  Metric/self_state_action_to_state_distance |        0.000614 |
| Metric/cross_state_action_to_state_distance |            3.59 |
|                   Metric/h_lambda_diff_self |         0.00449 |
|                  Metric/h_lambda_diff_cross |          0.0901 |
|                                 Eval/Return |             927 |
-----------------------------------------------------------------
-----------------------------------------------------------------
|                                 Train/Steps |        2.57e+06 |
|                            Loss/Loss_critic |           0.272 |
|                             Loss/Loss_actor |           -71.5 |
|                             Loss/Loss_alpha |        -0.00535 |
|               Loss/Loss_state_action_metric |            6.02 |
|                      Loss/Loss_state_metric |            1.47 |
|             Loss/Loss_state_action_to_state |          0.0114 |
|                           Loss/Act_rep_loss |        0.000216 |
|                                   SAC/Alpha |           0.196 |
|                              SAC/LogPi_mean |           0.973 |
|                                 SAC/Q1_mean |            71.5 |
|                                 SAC/Q2_mean |            71.5 |
|                            Norm/actor_model |             120 |
|                           Norm/critic_model |             161 |
|              Norm/state_action_metric_model |             110 |
|                     Norm/state_metric_model |             122 |
|        Norm/state_action_state_metric_model |             110 |
|                  Metric/self_state_distance |         0.00134 |
|                 Metric/cross_state_distance |            2.77 |
|           Metric/self_state_action_distance |           0.014 |
|          Metric/cross_state_action_distance |            3.54 |
|             Metric/avg_self_state_asymmetry |               0 |
|            Metric/avg_cross_state_asymmetry |          0.0431 |
|                Metric/avg_self_sa_asymmetry |               0 |
|               Metric/avg_cross_sa_asymmetry |          0.0514 |
|  Metric/self_state_action_to_state_distance |         0.00173 |
| Metric/cross_state_action_to_state_distance |            3.53 |
|                   Metric/h_lambda_diff_self |          0.0139 |
|                  Metric/h_lambda_diff_cross |          0.0685 |
|                                 Eval/Return |             933 |
-----------------------------------------------------------------
-----------------------------------------------------------------
|                                 Train/Steps |         2.7e+06 |
|                            Loss/Loss_critic |            0.27 |
|                             Loss/Loss_actor |           -71.9 |
|                             Loss/Loss_alpha |       -0.000864 |
|               Loss/Loss_state_action_metric |            5.57 |
|                      Loss/Loss_state_metric |            1.39 |
|             Loss/Loss_state_action_to_state |          0.0103 |
|                           Loss/Act_rep_loss |        1.79e-05 |
|                                   SAC/Alpha |           0.193 |
|                              SAC/LogPi_mean |            0.96 |
|                                 SAC/Q1_mean |              72 |
|                                 SAC/Q2_mean |              72 |
|                            Norm/actor_model |             123 |
|                           Norm/critic_model |             164 |
|              Norm/state_action_metric_model |             113 |
|                     Norm/state_metric_model |             126 |
|        Norm/state_action_state_metric_model |             113 |
|                  Metric/self_state_distance |         0.00274 |
|                 Metric/cross_state_distance |            2.89 |
|           Metric/self_state_action_distance |         0.00895 |
|          Metric/cross_state_action_distance |            3.67 |
|             Metric/avg_self_state_asymmetry |               0 |
|            Metric/avg_cross_state_asymmetry |          0.0445 |
|                Metric/avg_self_sa_asymmetry |               0 |
|               Metric/avg_cross_sa_asymmetry |          0.0683 |
|  Metric/self_state_action_to_state_distance |         0.00239 |
| Metric/cross_state_action_to_state_distance |            3.65 |
|                   Metric/h_lambda_diff_self |         0.00683 |
|                  Metric/h_lambda_diff_cross |          0.0831 |
|                                 Eval/Return |             928 |
-----------------------------------------------------------------
-----------------------------------------------------------------
|                                 Train/Steps |        2.82e+06 |
|                            Loss/Loss_critic |           0.319 |
|                             Loss/Loss_actor |           -72.1 |
|                             Loss/Loss_alpha |         0.00903 |
|               Loss/Loss_state_action_metric |            5.64 |
|                      Loss/Loss_state_metric |            1.36 |
|             Loss/Loss_state_action_to_state |          0.0107 |
|                           Loss/Act_rep_loss |        0.000491 |
|                                   SAC/Alpha |           0.187 |
|                              SAC/LogPi_mean |            1.01 |
|                                 SAC/Q1_mean |            72.2 |
|                                 SAC/Q2_mean |            72.3 |
|                            Norm/actor_model |             125 |
|                           Norm/critic_model |             167 |
|              Norm/state_action_metric_model |             116 |
|                     Norm/state_metric_model |             129 |
|        Norm/state_action_state_metric_model |             116 |
|                  Metric/self_state_distance |         0.00223 |
|                 Metric/cross_state_distance |            2.83 |
|           Metric/self_state_action_distance |          0.0247 |
|          Metric/cross_state_action_distance |            3.63 |
|             Metric/avg_self_state_asymmetry |               0 |
|            Metric/avg_cross_state_asymmetry |          0.0447 |
|                Metric/avg_self_sa_asymmetry |               0 |
|               Metric/avg_cross_sa_asymmetry |          0.0657 |
|  Metric/self_state_action_to_state_distance |         0.00159 |
| Metric/cross_state_action_to_state_distance |            3.56 |
|                   Metric/h_lambda_diff_self |          0.0246 |
|                  Metric/h_lambda_diff_cross |           0.105 |
|                                 Eval/Return |             937 |
-----------------------------------------------------------------
-----------------------------------------------------------------
|                                 Train/Steps |        2.95e+06 |
|                            Loss/Loss_critic |           0.307 |
|                             Loss/Loss_actor |           -72.1 |
|                             Loss/Loss_alpha |         0.00554 |
|               Loss/Loss_state_action_metric |            6.07 |
|                      Loss/Loss_state_metric |            1.49 |
|             Loss/Loss_state_action_to_state |          0.0158 |
|                           Loss/Act_rep_loss |        0.000752 |
|                                   SAC/Alpha |           0.195 |
|                              SAC/LogPi_mean |           0.899 |
|                                 SAC/Q1_mean |            72.1 |
|                                 SAC/Q2_mean |            72.1 |
|                            Norm/actor_model |             128 |
|                           Norm/critic_model |             170 |
|              Norm/state_action_metric_model |             119 |
|                     Norm/state_metric_model |             132 |
|        Norm/state_action_state_metric_model |             119 |
|                  Metric/self_state_distance |         0.00119 |
|                 Metric/cross_state_distance |            2.87 |
|           Metric/self_state_action_distance |          0.0108 |
|          Metric/cross_state_action_distance |            3.68 |
|             Metric/avg_self_state_asymmetry |               0 |
|            Metric/avg_cross_state_asymmetry |          0.0523 |
|                Metric/avg_self_sa_asymmetry |               0 |
|               Metric/avg_cross_sa_asymmetry |          0.0678 |
|  Metric/self_state_action_to_state_distance |         0.00226 |
| Metric/cross_state_action_to_state_distance |            3.65 |
|                   Metric/h_lambda_diff_self |         0.00965 |
|                  Metric/h_lambda_diff_cross |          0.0849 |
|                                 Eval/Return |             937 |
-----------------------------------------------------------------
-----------------------------------------------------------------
|                                 Train/Steps |        3.08e+06 |
|                            Loss/Loss_critic |           0.212 |
|                             Loss/Loss_actor |           -72.4 |
|                             Loss/Loss_alpha |        -0.00428 |
|               Loss/Loss_state_action_metric |            5.64 |
|                      Loss/Loss_state_metric |            1.42 |
|             Loss/Loss_state_action_to_state |          0.0147 |
|                           Loss/Act_rep_loss |        0.000277 |
|                                   SAC/Alpha |           0.193 |
|                              SAC/LogPi_mean |            1.16 |
|                                 SAC/Q1_mean |            72.4 |
|                                 SAC/Q2_mean |            72.5 |
|                            Norm/actor_model |             130 |
|                           Norm/critic_model |             172 |
|              Norm/state_action_metric_model |             121 |
|                     Norm/state_metric_model |             135 |
|        Norm/state_action_state_metric_model |             122 |
|                  Metric/self_state_distance |         0.00319 |
|                 Metric/cross_state_distance |            2.84 |
|           Metric/self_state_action_distance |         0.00603 |
|          Metric/cross_state_action_distance |            3.55 |
|             Metric/avg_self_state_asymmetry |               0 |
|            Metric/avg_cross_state_asymmetry |          0.0457 |
|                Metric/avg_self_sa_asymmetry |               0 |
|               Metric/avg_cross_sa_asymmetry |          0.0625 |
|  Metric/self_state_action_to_state_distance |         0.00212 |
| Metric/cross_state_action_to_state_distance |            3.52 |
|                   Metric/h_lambda_diff_self |         0.00447 |
|                  Metric/h_lambda_diff_cross |          0.0788 |
|                                 Eval/Return |             928 |
-----------------------------------------------------------------
[32mSaving model …[0m
[32mDone.[0m
[32mSaving model …[0m
[32mDone.[0m
-----------------------------------------------------------------
|                                 Train/Steps |        3.21e+06 |
|                            Loss/Loss_critic |             0.3 |
|                             Loss/Loss_actor |           -72.2 |
|                             Loss/Loss_alpha |          0.0128 |
|               Loss/Loss_state_action_metric |            5.14 |
|                      Loss/Loss_state_metric |            1.23 |
|             Loss/Loss_state_action_to_state |          0.0122 |
|                           Loss/Act_rep_loss |         0.00132 |
|                                   SAC/Alpha |           0.197 |
|                              SAC/LogPi_mean |            0.88 |
|                                 SAC/Q1_mean |            72.3 |
|                                 SAC/Q2_mean |            72.4 |
|                            Norm/actor_model |             133 |
|                           Norm/critic_model |             175 |
|              Norm/state_action_metric_model |             124 |
|                     Norm/state_metric_model |             138 |
|        Norm/state_action_state_metric_model |             125 |
|                  Metric/self_state_distance |        0.000848 |
|                 Metric/cross_state_distance |            2.75 |
|           Metric/self_state_action_distance |         0.00782 |
|          Metric/cross_state_action_distance |            3.49 |
|             Metric/avg_self_state_asymmetry |               0 |
|            Metric/avg_cross_state_asymmetry |          0.0403 |
|                Metric/avg_self_sa_asymmetry |               0 |
|               Metric/avg_cross_sa_asymmetry |           0.064 |
|  Metric/self_state_action_to_state_distance |         0.00145 |
| Metric/cross_state_action_to_state_distance |            3.54 |
|                   Metric/h_lambda_diff_self |         0.00663 |
|                  Metric/h_lambda_diff_cross |          0.0888 |
|                                 Eval/Return |             936 |
-----------------------------------------------------------------
-----------------------------------------------------------------
|                                 Train/Steps |        3.34e+06 |
|                            Loss/Loss_critic |           0.227 |
|                             Loss/Loss_actor |           -72.6 |
|                             Loss/Loss_alpha |          0.0247 |
|               Loss/Loss_state_action_metric |            5.44 |
|                      Loss/Loss_state_metric |             1.4 |
|             Loss/Loss_state_action_to_state |         0.00895 |
|                           Loss/Act_rep_loss |          0.0016 |
|                                   SAC/Alpha |           0.194 |
|                              SAC/LogPi_mean |           0.964 |
|                                 SAC/Q1_mean |            72.7 |
|                                 SAC/Q2_mean |            72.7 |
|                            Norm/actor_model |             135 |
|                           Norm/critic_model |             177 |
|              Norm/state_action_metric_model |             127 |
|                     Norm/state_metric_model |             141 |
|        Norm/state_action_state_metric_model |             127 |
|                  Metric/self_state_distance |         0.00358 |
|                 Metric/cross_state_distance |            2.73 |
|           Metric/self_state_action_distance |         0.00446 |
|          Metric/cross_state_action_distance |            3.48 |
|             Metric/avg_self_state_asymmetry |               0 |
|            Metric/avg_cross_state_asymmetry |          0.0386 |
|                Metric/avg_self_sa_asymmetry |               0 |
|               Metric/avg_cross_sa_asymmetry |          0.0634 |
|  Metric/self_state_action_to_state_distance |          0.0013 |
| Metric/cross_state_action_to_state_distance |            3.49 |
|                   Metric/h_lambda_diff_self |         0.00382 |
|                  Metric/h_lambda_diff_cross |          0.0824 |
|                                 Eval/Return |             935 |
-----------------------------------------------------------------
-----------------------------------------------------------------
|                                 Train/Steps |        3.46e+06 |
|                            Loss/Loss_critic |           0.226 |
|                             Loss/Loss_actor |             -73 |
|                             Loss/Loss_alpha |          0.0282 |
|               Loss/Loss_state_action_metric |            5.05 |
|                      Loss/Loss_state_metric |            1.43 |
|             Loss/Loss_state_action_to_state |          0.0122 |
|                           Loss/Act_rep_loss |        0.000471 |
|                                   SAC/Alpha |           0.198 |
|                              SAC/LogPi_mean |           0.954 |
|                                 SAC/Q1_mean |            73.1 |
|                                 SAC/Q2_mean |            73.1 |
|                            Norm/actor_model |             137 |
|                           Norm/critic_model |             180 |
|              Norm/state_action_metric_model |             129 |
|                     Norm/state_metric_model |             144 |
|        Norm/state_action_state_metric_model |             130 |
|                  Metric/self_state_distance |         0.00321 |
|                 Metric/cross_state_distance |            2.85 |
|           Metric/self_state_action_distance |          0.0113 |
|          Metric/cross_state_action_distance |            3.51 |
|             Metric/avg_self_state_asymmetry |               0 |
|            Metric/avg_cross_state_asymmetry |          0.0397 |
|                Metric/avg_self_sa_asymmetry |               0 |
|               Metric/avg_cross_sa_asymmetry |          0.0659 |
|  Metric/self_state_action_to_state_distance |         0.00244 |
| Metric/cross_state_action_to_state_distance |            3.52 |
|                   Metric/h_lambda_diff_self |         0.00972 |
|                  Metric/h_lambda_diff_cross |          0.0766 |
|                                 Eval/Return |             916 |
-----------------------------------------------------------------
-----------------------------------------------------------------
|                                 Train/Steps |        3.59e+06 |
|                            Loss/Loss_critic |           0.284 |
|                             Loss/Loss_actor |           -72.8 |
|                             Loss/Loss_alpha |         -0.0212 |
|               Loss/Loss_state_action_metric |            5.91 |
|                      Loss/Loss_state_metric |            1.49 |
|             Loss/Loss_state_action_to_state |          0.0146 |
|                           Loss/Act_rep_loss |        0.000342 |
|                                   SAC/Alpha |           0.195 |
|                              SAC/LogPi_mean |            1.02 |
|                                 SAC/Q1_mean |            72.9 |
|                                 SAC/Q2_mean |            72.9 |
|                            Norm/actor_model |             139 |
|                           Norm/critic_model |             182 |
|              Norm/state_action_metric_model |             132 |
|                     Norm/state_metric_model |             147 |
|        Norm/state_action_state_metric_model |             133 |
|                  Metric/self_state_distance |         0.00645 |
|                 Metric/cross_state_distance |            2.92 |
|           Metric/self_state_action_distance |          0.0109 |
|          Metric/cross_state_action_distance |            3.72 |
|             Metric/avg_self_state_asymmetry |               0 |
|            Metric/avg_cross_state_asymmetry |          0.0438 |
|                Metric/avg_self_sa_asymmetry |               0 |
|               Metric/avg_cross_sa_asymmetry |          0.0681 |
|  Metric/self_state_action_to_state_distance |         0.00154 |
| Metric/cross_state_action_to_state_distance |            3.64 |
|                   Metric/h_lambda_diff_self |          0.0123 |
|                  Metric/h_lambda_diff_cross |             0.1 |
|                                 Eval/Return |             940 |
-----------------------------------------------------------------
-----------------------------------------------------------------
|                                 Train/Steps |        3.72e+06 |
|                            Loss/Loss_critic |           0.288 |
|                             Loss/Loss_actor |           -73.4 |
|                             Loss/Loss_alpha |         0.00403 |
|               Loss/Loss_state_action_metric |            5.66 |
|                      Loss/Loss_state_metric |            1.12 |
|             Loss/Loss_state_action_to_state |          0.0135 |
|                           Loss/Act_rep_loss |               0 |
|                                   SAC/Alpha |           0.193 |
|                              SAC/LogPi_mean |           0.884 |
|                                 SAC/Q1_mean |            73.7 |
|                                 SAC/Q2_mean |            73.6 |
|                            Norm/actor_model |             141 |
|                           Norm/critic_model |             185 |
|              Norm/state_action_metric_model |             134 |
|                     Norm/state_metric_model |             150 |
|        Norm/state_action_state_metric_model |             136 |
|                  Metric/self_state_distance |         0.00342 |
|                 Metric/cross_state_distance |            2.56 |
|           Metric/self_state_action_distance |         0.00879 |
|          Metric/cross_state_action_distance |            3.29 |
|             Metric/avg_self_state_asymmetry |               0 |
|            Metric/avg_cross_state_asymmetry |          0.0387 |
|                Metric/avg_self_sa_asymmetry |               0 |
|               Metric/avg_cross_sa_asymmetry |          0.0662 |
|  Metric/self_state_action_to_state_distance |         0.00174 |
| Metric/cross_state_action_to_state_distance |            3.23 |
|                   Metric/h_lambda_diff_self |         0.00869 |
|                  Metric/h_lambda_diff_cross |          0.0965 |
|                                 Eval/Return |             940 |
-----------------------------------------------------------------
-----------------------------------------------------------------
|                                 Train/Steps |        3.85e+06 |
|                            Loss/Loss_critic |           0.216 |
|                             Loss/Loss_actor |           -73.7 |
|                             Loss/Loss_alpha |          -0.047 |
|               Loss/Loss_state_action_metric |            4.74 |
|                      Loss/Loss_state_metric |            1.26 |
|             Loss/Loss_state_action_to_state |          0.0095 |
|                           Loss/Act_rep_loss |        7.79e-06 |
|                                   SAC/Alpha |           0.198 |
|                              SAC/LogPi_mean |             1.2 |
|                                 SAC/Q1_mean |            73.8 |
|                                 SAC/Q2_mean |            73.8 |
|                            Norm/actor_model |             143 |
|                           Norm/critic_model |             187 |
|              Norm/state_action_metric_model |             136 |
|                     Norm/state_metric_model |             152 |
|        Norm/state_action_state_metric_model |             138 |
|                  Metric/self_state_distance |         0.00295 |
|                 Metric/cross_state_distance |            2.65 |
|           Metric/self_state_action_distance |          0.0105 |
|          Metric/cross_state_action_distance |            3.31 |
|             Metric/avg_self_state_asymmetry |               0 |
|            Metric/avg_cross_state_asymmetry |           0.039 |
|                Metric/avg_self_sa_asymmetry |               0 |
|               Metric/avg_cross_sa_asymmetry |          0.0663 |
|  Metric/self_state_action_to_state_distance |         0.00326 |
| Metric/cross_state_action_to_state_distance |             3.3 |
|                   Metric/h_lambda_diff_self |          0.0119 |
|                  Metric/h_lambda_diff_cross |          0.0749 |
|                                 Eval/Return |             935 |
-----------------------------------------------------------------
-----------------------------------------------------------------
|                                 Train/Steps |        3.98e+06 |
|                            Loss/Loss_critic |           0.249 |
|                             Loss/Loss_actor |             -74 |
|                             Loss/Loss_alpha |           0.012 |
|               Loss/Loss_state_action_metric |            5.45 |
|                      Loss/Loss_state_metric |            1.31 |
|             Loss/Loss_state_action_to_state |          0.0156 |
|                           Loss/Act_rep_loss |        0.000124 |
|                                   SAC/Alpha |           0.195 |
|                              SAC/LogPi_mean |            0.86 |
|                                 SAC/Q1_mean |            74.1 |
|                                 SAC/Q2_mean |            74.1 |
|                            Norm/actor_model |             145 |
|                           Norm/critic_model |             190 |
|              Norm/state_action_metric_model |             139 |
|                     Norm/state_metric_model |             155 |
|        Norm/state_action_state_metric_model |             141 |
|                  Metric/self_state_distance |         0.00105 |
|                 Metric/cross_state_distance |            2.65 |
|           Metric/self_state_action_distance |          0.0142 |
|          Metric/cross_state_action_distance |            3.47 |
|             Metric/avg_self_state_asymmetry |               0 |
|            Metric/avg_cross_state_asymmetry |          0.0398 |
|                Metric/avg_self_sa_asymmetry |               0 |
|               Metric/avg_cross_sa_asymmetry |          0.0718 |
|  Metric/self_state_action_to_state_distance |         0.00367 |
| Metric/cross_state_action_to_state_distance |            3.42 |
|                   Metric/h_lambda_diff_self |          0.0144 |
|                  Metric/h_lambda_diff_cross |           0.089 |
|                                 Eval/Return |             936 |
-----------------------------------------------------------------
-----------------------------------------------------------------
|                                 Train/Steps |         4.1e+06 |
|                            Loss/Loss_critic |           0.238 |
|                             Loss/Loss_actor |           -74.9 |
|                             Loss/Loss_alpha |         -0.0142 |
|               Loss/Loss_state_action_metric |            4.75 |
|                      Loss/Loss_state_metric |            1.06 |
|             Loss/Loss_state_action_to_state |           0.012 |
|                           Loss/Act_rep_loss |        2.85e-05 |
|                                   SAC/Alpha |           0.188 |
|                              SAC/LogPi_mean |               1 |
|                                 SAC/Q1_mean |            75.1 |
|                                 SAC/Q2_mean |            75.1 |
|                            Norm/actor_model |             147 |
|                           Norm/critic_model |             192 |
|              Norm/state_action_metric_model |             141 |
|                     Norm/state_metric_model |             158 |
|        Norm/state_action_state_metric_model |             143 |
|                  Metric/self_state_distance |         0.00263 |
|                 Metric/cross_state_distance |            2.44 |
|           Metric/self_state_action_distance |         0.00753 |
|          Metric/cross_state_action_distance |            3.15 |
|             Metric/avg_self_state_asymmetry |               0 |
|            Metric/avg_cross_state_asymmetry |          0.0388 |
|                Metric/avg_self_sa_asymmetry |               0 |
|               Metric/avg_cross_sa_asymmetry |          0.0685 |
|  Metric/self_state_action_to_state_distance |         0.00259 |
| Metric/cross_state_action_to_state_distance |            3.06 |
|                   Metric/h_lambda_diff_self |         0.00586 |
|                  Metric/h_lambda_diff_cross |           0.101 |
|                                 Eval/Return |             942 |
-----------------------------------------------------------------
[32mSaving model …[0m
[32mDone.[0m
[32mSaving model …[0m
[32mDone.[0m
-----------------------------------------------------------------
|                                 Train/Steps |        4.23e+06 |
|                            Loss/Loss_critic |            0.25 |
|                             Loss/Loss_actor |           -75.6 |
|                             Loss/Loss_alpha |         -0.0154 |
|               Loss/Loss_state_action_metric |            3.52 |
|                      Loss/Loss_state_metric |           0.783 |
|             Loss/Loss_state_action_to_state |          0.0202 |
|                           Loss/Act_rep_loss |        2.86e-05 |
|                                   SAC/Alpha |           0.188 |
|                              SAC/LogPi_mean |           0.973 |
|                                 SAC/Q1_mean |            75.8 |
|                                 SAC/Q2_mean |            75.8 |
|                            Norm/actor_model |             149 |
|                           Norm/critic_model |             194 |
|              Norm/state_action_metric_model |             143 |
|                     Norm/state_metric_model |             161 |
|        Norm/state_action_state_metric_model |             146 |
|                  Metric/self_state_distance |          0.0032 |
|                 Metric/cross_state_distance |            2.48 |
|           Metric/self_state_action_distance |         0.00489 |
|          Metric/cross_state_action_distance |            2.98 |
|             Metric/avg_self_state_asymmetry |               0 |
|            Metric/avg_cross_state_asymmetry |          0.0388 |
|                Metric/avg_self_sa_asymmetry |               0 |
|               Metric/avg_cross_sa_asymmetry |          0.0742 |
|  Metric/self_state_action_to_state_distance |         0.00131 |
| Metric/cross_state_action_to_state_distance |            2.95 |
|                   Metric/h_lambda_diff_self |         0.00503 |
|                  Metric/h_lambda_diff_cross |          0.0844 |
|                                 Eval/Return |             947 |
-----------------------------------------------------------------
-----------------------------------------------------------------
|                                 Train/Steps |        4.36e+06 |
|                            Loss/Loss_critic |            0.17 |
|                             Loss/Loss_actor |           -76.4 |
|                             Loss/Loss_alpha |          0.0309 |
|               Loss/Loss_state_action_metric |            3.17 |
|                      Loss/Loss_state_metric |           0.708 |
|             Loss/Loss_state_action_to_state |          0.0132 |
|                           Loss/Act_rep_loss |        1.08e-05 |
|                                   SAC/Alpha |           0.188 |
|                              SAC/LogPi_mean |           0.898 |
|                                 SAC/Q1_mean |            76.6 |
|                                 SAC/Q2_mean |            76.6 |
|                            Norm/actor_model |             151 |
|                           Norm/critic_model |             195 |
|              Norm/state_action_metric_model |             145 |
|                     Norm/state_metric_model |             164 |
|        Norm/state_action_state_metric_model |             148 |
|                  Metric/self_state_distance |         0.00118 |
|                 Metric/cross_state_distance |            2.32 |
|           Metric/self_state_action_distance |         0.00429 |
|          Metric/cross_state_action_distance |            2.92 |
|             Metric/avg_self_state_asymmetry |               0 |
|            Metric/avg_cross_state_asymmetry |          0.0376 |
|                Metric/avg_self_sa_asymmetry |               0 |
|               Metric/avg_cross_sa_asymmetry |          0.0731 |
|  Metric/self_state_action_to_state_distance |         0.00612 |
| Metric/cross_state_action_to_state_distance |            2.91 |
|                   Metric/h_lambda_diff_self |         0.00522 |
|                  Metric/h_lambda_diff_cross |          0.0817 |
|                                 Eval/Return |             945 |
-----------------------------------------------------------------
-----------------------------------------------------------------
|                                 Train/Steps |        4.49e+06 |
|                            Loss/Loss_critic |           0.147 |
|                             Loss/Loss_actor |           -76.9 |
|                             Loss/Loss_alpha |       -0.000739 |
|               Loss/Loss_state_action_metric |            2.65 |
|                      Loss/Loss_state_metric |           0.684 |
|             Loss/Loss_state_action_to_state |          0.0112 |
|                           Loss/Act_rep_loss |               0 |
|                                   SAC/Alpha |           0.183 |
|                              SAC/LogPi_mean |            1.02 |
|                                 SAC/Q1_mean |            77.1 |
|                                 SAC/Q2_mean |            77.1 |
|                            Norm/actor_model |             152 |
|                           Norm/critic_model |             196 |
|              Norm/state_action_metric_model |             147 |
|                     Norm/state_metric_model |             167 |
|        Norm/state_action_state_metric_model |             151 |
|                  Metric/self_state_distance |         0.00376 |
|                 Metric/cross_state_distance |            2.23 |
|           Metric/self_state_action_distance |         0.00472 |
|          Metric/cross_state_action_distance |            2.76 |
|             Metric/avg_self_state_asymmetry |               0 |
|            Metric/avg_cross_state_asymmetry |          0.0316 |
|                Metric/avg_self_sa_asymmetry |               0 |
|               Metric/avg_cross_sa_asymmetry |          0.0591 |
|  Metric/self_state_action_to_state_distance |        0.000129 |
| Metric/cross_state_action_to_state_distance |             2.8 |
|                   Metric/h_lambda_diff_self |         0.00459 |
|                  Metric/h_lambda_diff_cross |          0.0809 |
|                                 Eval/Return |             942 |
-----------------------------------------------------------------
-----------------------------------------------------------------
|                                 Train/Steps |        4.62e+06 |
|                            Loss/Loss_critic |           0.187 |
|                             Loss/Loss_actor |           -76.7 |
|                             Loss/Loss_alpha |          0.0145 |
|               Loss/Loss_state_action_metric |            3.26 |
|                      Loss/Loss_state_metric |           0.671 |
|             Loss/Loss_state_action_to_state |          0.0171 |
|                           Loss/Act_rep_loss |        1.98e-05 |
|                                   SAC/Alpha |           0.188 |
|                              SAC/LogPi_mean |           0.925 |
|                                 SAC/Q1_mean |            76.9 |
|                                 SAC/Q2_mean |            76.9 |
|                            Norm/actor_model |             153 |
|                           Norm/critic_model |             197 |
|              Norm/state_action_metric_model |             150 |
|                     Norm/state_metric_model |             169 |
|        Norm/state_action_state_metric_model |             153 |
|                  Metric/self_state_distance |         0.00029 |
|                 Metric/cross_state_distance |             2.4 |
|           Metric/self_state_action_distance |         0.00519 |
|          Metric/cross_state_action_distance |            2.98 |
|             Metric/avg_self_state_asymmetry |               0 |
|            Metric/avg_cross_state_asymmetry |          0.0377 |
|                Metric/avg_self_sa_asymmetry |               0 |
|               Metric/avg_cross_sa_asymmetry |          0.0735 |
|  Metric/self_state_action_to_state_distance |        0.000563 |
| Metric/cross_state_action_to_state_distance |            2.98 |
|                   Metric/h_lambda_diff_self |         0.00468 |
|                  Metric/h_lambda_diff_cross |          0.0849 |
|                                 Eval/Return |             947 |
-----------------------------------------------------------------
-----------------------------------------------------------------
|                                 Train/Steps |        4.74e+06 |
|                            Loss/Loss_critic |           0.149 |
|                             Loss/Loss_actor |           -76.8 |
|                             Loss/Loss_alpha |          0.0122 |
|               Loss/Loss_state_action_metric |            3.08 |
|                      Loss/Loss_state_metric |           0.638 |
|             Loss/Loss_state_action_to_state |           0.017 |
|                           Loss/Act_rep_loss |        0.000103 |
|                                   SAC/Alpha |           0.192 |
|                              SAC/LogPi_mean |           0.972 |
|                                 SAC/Q1_mean |              77 |
|                                 SAC/Q2_mean |              77 |
|                            Norm/actor_model |             154 |
|                           Norm/critic_model |             198 |
|              Norm/state_action_metric_model |             152 |
|                     Norm/state_metric_model |             172 |
|        Norm/state_action_state_metric_model |             156 |
|                  Metric/self_state_distance |         0.00586 |
|                 Metric/cross_state_distance |            2.36 |
|           Metric/self_state_action_distance |         0.00398 |
|          Metric/cross_state_action_distance |            2.93 |
|             Metric/avg_self_state_asymmetry |               0 |
|            Metric/avg_cross_state_asymmetry |          0.0359 |
|                Metric/avg_self_sa_asymmetry |               0 |
|               Metric/avg_cross_sa_asymmetry |          0.0763 |
|  Metric/self_state_action_to_state_distance |          0.0004 |
| Metric/cross_state_action_to_state_distance |            2.91 |
|                   Metric/h_lambda_diff_self |         0.00398 |
|                  Metric/h_lambda_diff_cross |          0.0921 |
|                                 Eval/Return |             947 |
-----------------------------------------------------------------
-----------------------------------------------------------------
|                                 Train/Steps |        4.87e+06 |
|                            Loss/Loss_critic |           0.157 |
|                             Loss/Loss_actor |             -77 |
|                             Loss/Loss_alpha |         -0.0323 |
|               Loss/Loss_state_action_metric |            2.99 |
|                      Loss/Loss_state_metric |           0.589 |
|             Loss/Loss_state_action_to_state |          0.0109 |
|                           Loss/Act_rep_loss |        1.49e-06 |
|                                   SAC/Alpha |           0.191 |
|                              SAC/LogPi_mean |            1.19 |
|                                 SAC/Q1_mean |            77.3 |
|                                 SAC/Q2_mean |            77.3 |
|                            Norm/actor_model |             156 |
|                           Norm/critic_model |             199 |
|              Norm/state_action_metric_model |             154 |
|                     Norm/state_metric_model |             175 |
|        Norm/state_action_state_metric_model |             158 |
|                  Metric/self_state_distance |         0.00327 |
|                 Metric/cross_state_distance |             2.2 |
|           Metric/self_state_action_distance |         0.00687 |
|          Metric/cross_state_action_distance |             2.7 |
|             Metric/avg_self_state_asymmetry |               0 |
|            Metric/avg_cross_state_asymmetry |           0.038 |
|                Metric/avg_self_sa_asymmetry |               0 |
|               Metric/avg_cross_sa_asymmetry |            0.07 |
|  Metric/self_state_action_to_state_distance |        1.77e-05 |
| Metric/cross_state_action_to_state_distance |            2.71 |
|                   Metric/h_lambda_diff_self |         0.00685 |
|                  Metric/h_lambda_diff_cross |          0.0841 |
|                                 Eval/Return |             944 |
-----------------------------------------------------------------
-----------------------------------------------------------------
|                                 Train/Steps |           5e+06 |
|                            Loss/Loss_critic |            0.12 |
|                             Loss/Loss_actor |             -77 |
|                             Loss/Loss_alpha |         0.00249 |
|               Loss/Loss_state_action_metric |            3.59 |
|                      Loss/Loss_state_metric |           0.705 |
|             Loss/Loss_state_action_to_state |          0.0109 |
|                           Loss/Act_rep_loss |               0 |
|                                   SAC/Alpha |           0.193 |
|                              SAC/LogPi_mean |            1.09 |
|                                 SAC/Q1_mean |            77.3 |
|                                 SAC/Q2_mean |            77.3 |
|                            Norm/actor_model |             157 |
|                           Norm/critic_model |             201 |
|              Norm/state_action_metric_model |             156 |
|                     Norm/state_metric_model |             177 |
|        Norm/state_action_state_metric_model |             160 |
|                  Metric/self_state_distance |         0.00214 |
|                 Metric/cross_state_distance |            2.29 |
|           Metric/self_state_action_distance |          0.0145 |
|          Metric/cross_state_action_distance |            2.85 |
|             Metric/avg_self_state_asymmetry |               0 |
|            Metric/avg_cross_state_asymmetry |          0.0394 |
|                Metric/avg_self_sa_asymmetry |               0 |
|               Metric/avg_cross_sa_asymmetry |          0.0707 |
|  Metric/self_state_action_to_state_distance |         0.00173 |
| Metric/cross_state_action_to_state_distance |             2.8 |
|                   Metric/h_lambda_diff_self |          0.0137 |
|                  Metric/h_lambda_diff_cross |          0.0931 |
|                                 Eval/Return |             957 |
-----------------------------------------------------------------
[32mSaving model …[0m
[32mDone.[0m
[32mSaving model …[0m
[32mDone.[0m
