E0906 09:40:05.709054  949363 cuda_executor.cc:1526] Could not get kernel mode driver version: (INVALID_ARGUMENT: Version does not match the format X.Y.Z)
E0906 09:40:05.717556  949253 cuda_executor.cc:1526] Could not get kernel mode driver version: (INVALID_ARGUMENT: Version does not match the format X.Y.Z)
[32mStart prefilling replay buffer[0m
[32mStart SAC training[0m
[32m{'log_freq': 1000, 'save_freq': 1000000, 'eval_episode_freq': 10, 'hidden_size': 256, 'lr': 0.001, 'max_grad_norm': 0.0, 'gamma': 0.99, 'update_tau': 0.005, 'train_per_step': 8, 'episode_length': 1000, 'warmup_samples': 8192, 'max_replay_size': 4000000, 'batch_size': 512, 'total_env_steps': 5000000, 'init_temperature': 0.1, 'nstep': 1, 'bootstrap_on_truncation': True, 'rep_lr_scale': 1.5, 'n_act_samples': 5, 'act_eps': 0.1, 'aug_weight': 1.0, 'vis_feq': 100000, 'n_vis_frames': 4, 'num_envs': 128, 'grad_steps': 50, 'transfer_freq': 10, 'transfer_steps': 8, 'reward_scaling': 1.0, 'num_eval_envs': 128, 'target_entropy': -3.0}[0m
[32m[nstep] nstep=1 bootstrap_on_truncation=True (discount from the buffer already contains gamma^nstep)[0m
[32m[epsball] n_act_samples=5 act_eps=0.1 aug_weight=1.0[0m
-----------------------------------------------------------------
|                                 Train/Steps |        1.36e+05 |
|                            Loss/Loss_critic |          0.0576 |
|                             Loss/Loss_actor |           -11.9 |
|                             Loss/Loss_alpha |         0.00358 |
|               Loss/Loss_state_action_metric |            0.52 |
|                      Loss/Loss_state_metric |            0.15 |
|             Loss/Loss_state_action_to_state |         0.00365 |
|                           Loss/Act_rep_loss |         0.00898 |
|                                   SAC/Alpha |         0.00823 |
|                              SAC/LogPi_mean |            2.65 |
|                                 SAC/Q1_mean |            11.8 |
|                                 SAC/Q2_mean |            11.8 |
|                            Norm/actor_model |            42.7 |
|                           Norm/critic_model |            46.9 |
|              Norm/state_action_metric_model |            32.2 |
|                     Norm/state_metric_model |            31.7 |
|        Norm/state_action_state_metric_model |            32.1 |
|                  Metric/self_state_distance |         0.00482 |
|                 Metric/cross_state_distance |            1.59 |
|           Metric/self_state_action_distance |         0.00646 |
|          Metric/cross_state_action_distance |            1.67 |
|             Metric/avg_self_state_asymmetry |               0 |
|            Metric/avg_cross_state_asymmetry |          0.0262 |
|                Metric/avg_self_sa_asymmetry |               0 |
|               Metric/avg_cross_sa_asymmetry |          0.0308 |
|  Metric/self_state_action_to_state_distance |         0.00206 |
| Metric/cross_state_action_to_state_distance |            1.68 |
|                   Metric/h_lambda_diff_self |         0.00569 |
|                  Metric/h_lambda_diff_cross |          0.0391 |
|                                 Eval/Return |             511 |
-----------------------------------------------------------------
-----------------------------------------------------------------
|                                 Train/Steps |        2.64e+05 |
|                            Loss/Loss_critic |           0.117 |
|                             Loss/Loss_actor |           -32.4 |
|                             Loss/Loss_alpha |         0.00177 |
|               Loss/Loss_state_action_metric |            2.64 |
|                      Loss/Loss_state_metric |               1 |
|             Loss/Loss_state_action_to_state |         0.00339 |
|                           Loss/Act_rep_loss |         0.00445 |
|                                   SAC/Alpha |          0.0146 |
|                              SAC/LogPi_mean |            2.64 |
|                                 SAC/Q1_mean |            32.1 |
|                                 SAC/Q2_mean |            32.1 |
|                            Norm/actor_model |              57 |
|                           Norm/critic_model |            62.8 |
|              Norm/state_action_metric_model |              37 |
|                     Norm/state_metric_model |            35.3 |
|        Norm/state_action_state_metric_model |            36.5 |
|                  Metric/self_state_distance |         0.00398 |
|                 Metric/cross_state_distance |            2.71 |
|           Metric/self_state_action_distance |         0.00535 |
|          Metric/cross_state_action_distance |            2.96 |
|             Metric/avg_self_state_asymmetry |               0 |
|            Metric/avg_cross_state_asymmetry |          0.0252 |
|                Metric/avg_self_sa_asymmetry |               0 |
|               Metric/avg_cross_sa_asymmetry |          0.0294 |
|  Metric/self_state_action_to_state_distance |         0.00213 |
| Metric/cross_state_action_to_state_distance |            2.95 |
|                   Metric/h_lambda_diff_self |         0.00571 |
|                  Metric/h_lambda_diff_cross |          0.0438 |
|                                 Eval/Return |             925 |
-----------------------------------------------------------------
-----------------------------------------------------------------
|                                 Train/Steps |        3.92e+05 |
|                            Loss/Loss_critic |            0.11 |
|                             Loss/Loss_actor |           -48.9 |
|                             Loss/Loss_alpha |       -0.000718 |
|               Loss/Loss_state_action_metric |            2.19 |
|                      Loss/Loss_state_metric |           0.857 |
|             Loss/Loss_state_action_to_state |         0.00354 |
|                           Loss/Act_rep_loss |         0.00393 |
|                                   SAC/Alpha |         0.00816 |
|                              SAC/LogPi_mean |            3.02 |
|                                 SAC/Q1_mean |            48.7 |
|                                 SAC/Q2_mean |            48.8 |
|                            Norm/actor_model |            65.9 |
|                           Norm/critic_model |            70.1 |
|              Norm/state_action_metric_model |            42.5 |
|                     Norm/state_metric_model |              40 |
|        Norm/state_action_state_metric_model |            41.5 |
|                  Metric/self_state_distance |         0.00265 |
|                 Metric/cross_state_distance |            2.44 |
|           Metric/self_state_action_distance |         0.00452 |
|          Metric/cross_state_action_distance |            2.64 |
|             Metric/avg_self_state_asymmetry |               0 |
|            Metric/avg_cross_state_asymmetry |          0.0216 |
|                Metric/avg_self_sa_asymmetry |               0 |
|               Metric/avg_cross_sa_asymmetry |          0.0259 |
|  Metric/self_state_action_to_state_distance |          0.0018 |
| Metric/cross_state_action_to_state_distance |            2.63 |
|                   Metric/h_lambda_diff_self |         0.00336 |
|                  Metric/h_lambda_diff_cross |          0.0335 |
|                                 Eval/Return |             942 |
-----------------------------------------------------------------
-----------------------------------------------------------------
|                                 Train/Steps |         5.2e+05 |
|                            Loss/Loss_critic |           0.106 |
|                             Loss/Loss_actor |           -61.8 |
|                             Loss/Loss_alpha |        -0.00037 |
|               Loss/Loss_state_action_metric |            1.93 |
|                      Loss/Loss_state_metric |           0.758 |
|             Loss/Loss_state_action_to_state |         0.00286 |
|                           Loss/Act_rep_loss |          0.0122 |
|                                   SAC/Alpha |         0.00795 |
|                              SAC/LogPi_mean |            3.12 |
|                                 SAC/Q1_mean |            61.7 |
|                                 SAC/Q2_mean |            61.7 |
|                            Norm/actor_model |            72.7 |
|                           Norm/critic_model |            76.8 |
|              Norm/state_action_metric_model |            47.9 |
|                     Norm/state_metric_model |            45.1 |
|        Norm/state_action_state_metric_model |            46.5 |
|                  Metric/self_state_distance |         0.00127 |
|                 Metric/cross_state_distance |            2.26 |
|           Metric/self_state_action_distance |         0.00318 |
|          Metric/cross_state_action_distance |            2.42 |
|             Metric/avg_self_state_asymmetry |               0 |
|            Metric/avg_cross_state_asymmetry |           0.017 |
|                Metric/avg_self_sa_asymmetry |               0 |
|               Metric/avg_cross_sa_asymmetry |          0.0253 |
|  Metric/self_state_action_to_state_distance |         0.00129 |
| Metric/cross_state_action_to_state_distance |            2.44 |
|                   Metric/h_lambda_diff_self |         0.00238 |
|                  Metric/h_lambda_diff_cross |          0.0351 |
|                                 Eval/Return |             980 |
-----------------------------------------------------------------
-----------------------------------------------------------------
|                                 Train/Steps |        6.48e+05 |
|                            Loss/Loss_critic |          0.0696 |
|                             Loss/Loss_actor |           -70.9 |
|                             Loss/Loss_alpha |        -0.00077 |
|               Loss/Loss_state_action_metric |            1.91 |
|                      Loss/Loss_state_metric |           0.733 |
|             Loss/Loss_state_action_to_state |         0.00311 |
|                           Loss/Act_rep_loss |         0.00244 |
|                                   SAC/Alpha |         0.00518 |
|                              SAC/LogPi_mean |            3.16 |
|                                 SAC/Q1_mean |            70.9 |
|                                 SAC/Q2_mean |            70.8 |
|                            Norm/actor_model |            78.9 |
|                           Norm/critic_model |            82.7 |
|              Norm/state_action_metric_model |            53.1 |
|                     Norm/state_metric_model |            50.7 |
|        Norm/state_action_state_metric_model |            51.6 |
|                  Metric/self_state_distance |         0.00374 |
|                 Metric/cross_state_distance |            2.21 |
|           Metric/self_state_action_distance |         0.00453 |
|          Metric/cross_state_action_distance |            2.36 |
|             Metric/avg_self_state_asymmetry |               0 |
|            Metric/avg_cross_state_asymmetry |          0.0177 |
|                Metric/avg_self_sa_asymmetry |               0 |
|               Metric/avg_cross_sa_asymmetry |           0.024 |
|  Metric/self_state_action_to_state_distance |        0.000627 |
| Metric/cross_state_action_to_state_distance |            2.39 |
|                   Metric/h_lambda_diff_self |         0.00404 |
|                  Metric/h_lambda_diff_cross |          0.0375 |
|                                 Eval/Return |             971 |
-----------------------------------------------------------------
-----------------------------------------------------------------
|                                 Train/Steps |        7.76e+05 |
|                            Loss/Loss_critic |          0.0677 |
|                             Loss/Loss_actor |           -77.9 |
|                             Loss/Loss_alpha |        -0.00206 |
|               Loss/Loss_state_action_metric |            1.52 |
|                      Loss/Loss_state_metric |           0.587 |
|             Loss/Loss_state_action_to_state |         0.00395 |
|                           Loss/Act_rep_loss |          0.0142 |
|                                   SAC/Alpha |         0.00437 |
|                              SAC/LogPi_mean |            3.48 |
|                                 SAC/Q1_mean |            77.8 |
|                                 SAC/Q2_mean |              78 |
|                            Norm/actor_model |            84.4 |
|                           Norm/critic_model |            88.3 |
|              Norm/state_action_metric_model |              58 |
|                     Norm/state_metric_model |            56.1 |
|        Norm/state_action_state_metric_model |            56.4 |
|                  Metric/self_state_distance |         0.00294 |
|                 Metric/cross_state_distance |            1.97 |
|           Metric/self_state_action_distance |         0.00368 |
|          Metric/cross_state_action_distance |            2.12 |
|             Metric/avg_self_state_asymmetry |               0 |
|            Metric/avg_cross_state_asymmetry |          0.0183 |
|                Metric/avg_self_sa_asymmetry |               0 |
|               Metric/avg_cross_sa_asymmetry |          0.0227 |
|  Metric/self_state_action_to_state_distance |           0.001 |
| Metric/cross_state_action_to_state_distance |            2.11 |
|                   Metric/h_lambda_diff_self |         0.00366 |
|                  Metric/h_lambda_diff_cross |          0.0276 |
|                                 Eval/Return |             978 |
-----------------------------------------------------------------
-----------------------------------------------------------------
|                                 Train/Steps |        9.04e+05 |
|                            Loss/Loss_critic |          0.0955 |
|                             Loss/Loss_actor |           -83.2 |
|                             Loss/Loss_alpha |       -0.000464 |
|               Loss/Loss_state_action_metric |            1.49 |
|                      Loss/Loss_state_metric |           0.576 |
|             Loss/Loss_state_action_to_state |         0.00259 |
|                           Loss/Act_rep_loss |          0.0189 |
|                                   SAC/Alpha |         0.00404 |
|                              SAC/LogPi_mean |            3.12 |
|                                 SAC/Q1_mean |            83.1 |
|                                 SAC/Q2_mean |            83.1 |
|                            Norm/actor_model |            89.2 |
|                           Norm/critic_model |            93.6 |
|              Norm/state_action_metric_model |            62.6 |
|                     Norm/state_metric_model |            61.2 |
|        Norm/state_action_state_metric_model |              61 |
|                  Metric/self_state_distance |        0.000296 |
|                 Metric/cross_state_distance |            1.92 |
|           Metric/self_state_action_distance |          0.0126 |
|          Metric/cross_state_action_distance |            2.06 |
|             Metric/avg_self_state_asymmetry |               0 |
|            Metric/avg_cross_state_asymmetry |          0.0144 |
|                Metric/avg_self_sa_asymmetry |               0 |
|               Metric/avg_cross_sa_asymmetry |          0.0229 |
|  Metric/self_state_action_to_state_distance |         0.00187 |
| Metric/cross_state_action_to_state_distance |            2.06 |
|                   Metric/h_lambda_diff_self |          0.0118 |
|                  Metric/h_lambda_diff_cross |          0.0228 |
|                                 Eval/Return |             979 |
-----------------------------------------------------------------
-----------------------------------------------------------------
|                                 Train/Steps |        1.03e+06 |
|                            Loss/Loss_critic |          0.0815 |
|                             Loss/Loss_actor |           -86.1 |
|                             Loss/Loss_alpha |        -0.00215 |
|               Loss/Loss_state_action_metric |            1.37 |
|                      Loss/Loss_state_metric |            0.53 |
|             Loss/Loss_state_action_to_state |         0.00214 |
|                           Loss/Act_rep_loss |         0.00991 |
|                                   SAC/Alpha |         0.00356 |
|                              SAC/LogPi_mean |            3.58 |
|                                 SAC/Q1_mean |            86.1 |
|                                 SAC/Q2_mean |              86 |
|                            Norm/actor_model |            93.6 |
|                           Norm/critic_model |            98.5 |
|              Norm/state_action_metric_model |              67 |
|                     Norm/state_metric_model |            66.1 |
|        Norm/state_action_state_metric_model |            65.4 |
|                  Metric/self_state_distance |         0.00189 |
|                 Metric/cross_state_distance |            1.88 |
|           Metric/self_state_action_distance |         0.00274 |
|          Metric/cross_state_action_distance |            2.01 |
|             Metric/avg_self_state_asymmetry |               0 |
|            Metric/avg_cross_state_asymmetry |          0.0164 |
|                Metric/avg_self_sa_asymmetry |               0 |
|               Metric/avg_cross_sa_asymmetry |          0.0226 |
|  Metric/self_state_action_to_state_distance |        0.000454 |
| Metric/cross_state_action_to_state_distance |            2.01 |
|                   Metric/h_lambda_diff_self |         0.00254 |
|                  Metric/h_lambda_diff_cross |          0.0266 |
|                                 Eval/Return |             981 |
-----------------------------------------------------------------
[32mSaving model …[0m
[32mDone.[0m
[32mSaving model …[0m
[32mDone.[0m
-----------------------------------------------------------------
|                                 Train/Steps |        1.16e+06 |
|                            Loss/Loss_critic |            0.12 |
|                             Loss/Loss_actor |           -89.4 |
|                             Loss/Loss_alpha |       -9.81e-05 |
|               Loss/Loss_state_action_metric |             1.1 |
|                      Loss/Loss_state_metric |           0.412 |
|             Loss/Loss_state_action_to_state |         0.00222 |
|                           Loss/Act_rep_loss |           0.024 |
|                                   SAC/Alpha |         0.00305 |
|                              SAC/LogPi_mean |            2.98 |
|                                 SAC/Q1_mean |            89.4 |
|                                 SAC/Q2_mean |            89.3 |
|                            Norm/actor_model |            97.7 |
|                           Norm/critic_model |             103 |
|              Norm/state_action_metric_model |            71.3 |
|                     Norm/state_metric_model |            70.8 |
|        Norm/state_action_state_metric_model |            69.7 |
|                  Metric/self_state_distance |         0.00131 |
|                 Metric/cross_state_distance |             1.7 |
|           Metric/self_state_action_distance |         0.00235 |
|          Metric/cross_state_action_distance |            1.82 |
|             Metric/avg_self_state_asymmetry |               0 |
|            Metric/avg_cross_state_asymmetry |          0.0156 |
|                Metric/avg_self_sa_asymmetry |               0 |
|               Metric/avg_cross_sa_asymmetry |           0.021 |
|  Metric/self_state_action_to_state_distance |        0.000962 |
| Metric/cross_state_action_to_state_distance |            1.82 |
|                   Metric/h_lambda_diff_self |          0.0019 |
|                  Metric/h_lambda_diff_cross |          0.0231 |
|                                 Eval/Return |             978 |
-----------------------------------------------------------------
-----------------------------------------------------------------
|                                 Train/Steps |        1.29e+06 |
|                            Loss/Loss_critic |          0.0817 |
|                             Loss/Loss_actor |           -91.5 |
|                             Loss/Loss_alpha |        0.000193 |
|               Loss/Loss_state_action_metric |           0.996 |
|                      Loss/Loss_state_metric |           0.382 |
|             Loss/Loss_state_action_to_state |         0.00159 |
|                           Loss/Act_rep_loss |          0.0202 |
|                                   SAC/Alpha |         0.00299 |
|                              SAC/LogPi_mean |            3.06 |
|                                 SAC/Q1_mean |            91.4 |
|                                 SAC/Q2_mean |            91.4 |
|                            Norm/actor_model |             101 |
|                           Norm/critic_model |             108 |
|              Norm/state_action_metric_model |            75.2 |
|                     Norm/state_metric_model |            75.3 |
|        Norm/state_action_state_metric_model |            73.8 |
|                  Metric/self_state_distance |        0.000801 |
|                 Metric/cross_state_distance |            1.63 |
|           Metric/self_state_action_distance |         0.00391 |
|          Metric/cross_state_action_distance |            1.73 |
|             Metric/avg_self_state_asymmetry |               0 |
|            Metric/avg_cross_state_asymmetry |          0.0136 |
|                Metric/avg_self_sa_asymmetry |               0 |
|               Metric/avg_cross_sa_asymmetry |          0.0175 |
|  Metric/self_state_action_to_state_distance |        0.000206 |
| Metric/cross_state_action_to_state_distance |            1.73 |
|                   Metric/h_lambda_diff_self |         0.00371 |
|                  Metric/h_lambda_diff_cross |          0.0197 |
|                                 Eval/Return |             982 |
-----------------------------------------------------------------
-----------------------------------------------------------------
|                                 Train/Steps |        1.42e+06 |
|                            Loss/Loss_critic |          0.0575 |
|                             Loss/Loss_actor |           -92.9 |
|                             Loss/Loss_alpha |        0.000336 |
|               Loss/Loss_state_action_metric |           0.949 |
|                      Loss/Loss_state_metric |           0.363 |
|             Loss/Loss_state_action_to_state |         0.00185 |
|                           Loss/Act_rep_loss |          0.0197 |
|                                   SAC/Alpha |         0.00275 |
|                              SAC/LogPi_mean |            2.89 |
|                                 SAC/Q1_mean |            92.9 |
|                                 SAC/Q2_mean |            92.8 |
|                            Norm/actor_model |             105 |
|                           Norm/critic_model |             112 |
|              Norm/state_action_metric_model |              79 |
|                     Norm/state_metric_model |            79.5 |
|        Norm/state_action_state_metric_model |            77.8 |
|                  Metric/self_state_distance |        0.000883 |
|                 Metric/cross_state_distance |            1.59 |
|           Metric/self_state_action_distance |         0.00447 |
|          Metric/cross_state_action_distance |            1.69 |
|             Metric/avg_self_state_asymmetry |               0 |
|            Metric/avg_cross_state_asymmetry |          0.0119 |
|                Metric/avg_self_sa_asymmetry |               0 |
|               Metric/avg_cross_sa_asymmetry |          0.0172 |
|  Metric/self_state_action_to_state_distance |        0.000233 |
| Metric/cross_state_action_to_state_distance |            1.68 |
|                   Metric/h_lambda_diff_self |         0.00424 |
|                  Metric/h_lambda_diff_cross |           0.024 |
|                                 Eval/Return |             980 |
-----------------------------------------------------------------
-----------------------------------------------------------------
|                                 Train/Steps |        1.54e+06 |
|                            Loss/Loss_critic |          0.0704 |
|                             Loss/Loss_actor |           -93.6 |
|                             Loss/Loss_alpha |       -0.000816 |
|               Loss/Loss_state_action_metric |            1.08 |
|                      Loss/Loss_state_metric |           0.367 |
|             Loss/Loss_state_action_to_state |         0.00206 |
|                           Loss/Act_rep_loss |          0.0223 |
|                                   SAC/Alpha |          0.0027 |
|                              SAC/LogPi_mean |            3.24 |
|                                 SAC/Q1_mean |            93.6 |
|                                 SAC/Q2_mean |            93.6 |
|                            Norm/actor_model |             108 |
|                           Norm/critic_model |             116 |
|              Norm/state_action_metric_model |            82.7 |
|                     Norm/state_metric_model |            83.5 |
|        Norm/state_action_state_metric_model |            81.7 |
|                  Metric/self_state_distance |         0.00124 |
|                 Metric/cross_state_distance |            1.64 |
|           Metric/self_state_action_distance |          0.0038 |
|          Metric/cross_state_action_distance |            1.74 |
|             Metric/avg_self_state_asymmetry |               0 |
|            Metric/avg_cross_state_asymmetry |          0.0131 |
|                Metric/avg_self_sa_asymmetry |               0 |
|               Metric/avg_cross_sa_asymmetry |          0.0186 |
|  Metric/self_state_action_to_state_distance |        0.000554 |
| Metric/cross_state_action_to_state_distance |            1.73 |
|                   Metric/h_lambda_diff_self |         0.00347 |
|                  Metric/h_lambda_diff_cross |          0.0243 |
|                                 Eval/Return |             983 |
-----------------------------------------------------------------
-----------------------------------------------------------------
|                                 Train/Steps |        1.67e+06 |
|                            Loss/Loss_critic |           0.083 |
|                             Loss/Loss_actor |           -94.6 |
|                             Loss/Loss_alpha |        -0.00147 |
|               Loss/Loss_state_action_metric |           0.949 |
|                      Loss/Loss_state_metric |           0.359 |
|             Loss/Loss_state_action_to_state |         0.00208 |
|                           Loss/Act_rep_loss |          0.0142 |
|                                   SAC/Alpha |         0.00224 |
|                              SAC/LogPi_mean |            3.54 |
|                                 SAC/Q1_mean |            94.6 |
|                                 SAC/Q2_mean |            94.5 |
|                            Norm/actor_model |             111 |
|                           Norm/critic_model |             120 |
|              Norm/state_action_metric_model |            86.2 |
|                     Norm/state_metric_model |            87.1 |
|        Norm/state_action_state_metric_model |            85.5 |
|                  Metric/self_state_distance |         0.00178 |
|                 Metric/cross_state_distance |            1.58 |
|           Metric/self_state_action_distance |        0.000731 |
|          Metric/cross_state_action_distance |            1.68 |
|             Metric/avg_self_state_asymmetry |               0 |
|            Metric/avg_cross_state_asymmetry |          0.0112 |
|                Metric/avg_self_sa_asymmetry |               0 |
|               Metric/avg_cross_sa_asymmetry |          0.0146 |
|  Metric/self_state_action_to_state_distance |         0.00121 |
| Metric/cross_state_action_to_state_distance |            1.67 |
|                   Metric/h_lambda_diff_self |         0.00109 |
|                  Metric/h_lambda_diff_cross |          0.0189 |
|                                 Eval/Return |             980 |
-----------------------------------------------------------------
-----------------------------------------------------------------
|                                 Train/Steps |         1.8e+06 |
|                            Loss/Loss_critic |          0.0527 |
|                             Loss/Loss_actor |           -95.2 |
|                             Loss/Loss_alpha |        -0.00032 |
|               Loss/Loss_state_action_metric |           0.807 |
|                      Loss/Loss_state_metric |           0.311 |
|             Loss/Loss_state_action_to_state |         0.00274 |
|                           Loss/Act_rep_loss |          0.0186 |
|                                   SAC/Alpha |         0.00217 |
|                              SAC/LogPi_mean |            3.15 |
|                                 SAC/Q1_mean |            95.2 |
|                                 SAC/Q2_mean |            95.2 |
|                            Norm/actor_model |             113 |
|                           Norm/critic_model |             124 |
|              Norm/state_action_metric_model |            89.7 |
|                     Norm/state_metric_model |            90.6 |
|        Norm/state_action_state_metric_model |              89 |
|                  Metric/self_state_distance |          0.0023 |
|                 Metric/cross_state_distance |            1.51 |
|           Metric/self_state_action_distance |          0.0014 |
|          Metric/cross_state_action_distance |            1.59 |
|             Metric/avg_self_state_asymmetry |               0 |
|            Metric/avg_cross_state_asymmetry |          0.0129 |
|                Metric/avg_self_sa_asymmetry |               0 |
|               Metric/avg_cross_sa_asymmetry |          0.0197 |
|  Metric/self_state_action_to_state_distance |         0.00274 |
| Metric/cross_state_action_to_state_distance |            1.58 |
|                   Metric/h_lambda_diff_self |         0.00267 |
|                  Metric/h_lambda_diff_cross |          0.0225 |
|                                 Eval/Return |             984 |
-----------------------------------------------------------------
-----------------------------------------------------------------
|                                 Train/Steps |        1.93e+06 |
|                            Loss/Loss_critic |          0.0569 |
|                             Loss/Loss_actor |             -96 |
|                             Loss/Loss_alpha |        4.05e-05 |
|               Loss/Loss_state_action_metric |           0.822 |
|                      Loss/Loss_state_metric |           0.312 |
|             Loss/Loss_state_action_to_state |         0.00156 |
|                           Loss/Act_rep_loss |          0.0194 |
|                                   SAC/Alpha |         0.00193 |
|                              SAC/LogPi_mean |            2.99 |
|                                 SAC/Q1_mean |            96.1 |
|                                 SAC/Q2_mean |              96 |
|                            Norm/actor_model |             116 |
|                           Norm/critic_model |             128 |
|              Norm/state_action_metric_model |            92.9 |
|                     Norm/state_metric_model |            93.9 |
|        Norm/state_action_state_metric_model |            92.5 |
|                  Metric/self_state_distance |         0.00149 |
|                 Metric/cross_state_distance |            1.52 |
|           Metric/self_state_action_distance |          0.0245 |
|          Metric/cross_state_action_distance |             1.6 |
|             Metric/avg_self_state_asymmetry |               0 |
|            Metric/avg_cross_state_asymmetry |          0.0134 |
|                Metric/avg_self_sa_asymmetry |               0 |
|               Metric/avg_cross_sa_asymmetry |          0.0174 |
|  Metric/self_state_action_to_state_distance |        0.000828 |
| Metric/cross_state_action_to_state_distance |            1.59 |
|                   Metric/h_lambda_diff_self |          0.0248 |
|                  Metric/h_lambda_diff_cross |          0.0221 |
|                                 Eval/Return |             981 |
-----------------------------------------------------------------
-----------------------------------------------------------------
|                                 Train/Steps |        2.06e+06 |
|                            Loss/Loss_critic |          0.0901 |
|                             Loss/Loss_actor |           -95.8 |
|                             Loss/Loss_alpha |       -0.000416 |
|               Loss/Loss_state_action_metric |           0.912 |
|                      Loss/Loss_state_metric |           0.348 |
|             Loss/Loss_state_action_to_state |         0.00249 |
|                           Loss/Act_rep_loss |          0.0286 |
|                                   SAC/Alpha |         0.00179 |
|                              SAC/LogPi_mean |            3.24 |
|                                 SAC/Q1_mean |            95.8 |
|                                 SAC/Q2_mean |            95.8 |
|                            Norm/actor_model |             119 |
|                           Norm/critic_model |             132 |
|              Norm/state_action_metric_model |            96.1 |
|                     Norm/state_metric_model |              97 |
|        Norm/state_action_state_metric_model |              96 |
|                  Metric/self_state_distance |         0.00337 |
|                 Metric/cross_state_distance |            1.58 |
|           Metric/self_state_action_distance |         0.00138 |
|          Metric/cross_state_action_distance |            1.66 |
|             Metric/avg_self_state_asymmetry |               0 |
|            Metric/avg_cross_state_asymmetry |          0.0149 |
|                Metric/avg_self_sa_asymmetry |               0 |
|               Metric/avg_cross_sa_asymmetry |           0.019 |
|  Metric/self_state_action_to_state_distance |         0.00129 |
| Metric/cross_state_action_to_state_distance |            1.66 |
|                   Metric/h_lambda_diff_self |         0.00145 |
|                  Metric/h_lambda_diff_cross |           0.018 |
|                                 Eval/Return |             981 |
-----------------------------------------------------------------
[32mSaving model …[0m
[32mDone.[0m
[32mSaving model …[0m
[32mDone.[0m
-----------------------------------------------------------------
|                                 Train/Steps |        2.18e+06 |
|                            Loss/Loss_critic |          0.0552 |
|                             Loss/Loss_actor |           -96.5 |
|                             Loss/Loss_alpha |        0.000466 |
|               Loss/Loss_state_action_metric |           0.745 |
|                      Loss/Loss_state_metric |           0.264 |
|             Loss/Loss_state_action_to_state |         0.00345 |
|                           Loss/Act_rep_loss |          0.0296 |
|                                   SAC/Alpha |         0.00203 |
|                              SAC/LogPi_mean |            2.72 |
|                                 SAC/Q1_mean |            96.4 |
|                                 SAC/Q2_mean |            96.5 |
|                            Norm/actor_model |             122 |
|                           Norm/critic_model |             135 |
|              Norm/state_action_metric_model |            99.2 |
|                     Norm/state_metric_model |             100 |
|        Norm/state_action_state_metric_model |            99.3 |
|                  Metric/self_state_distance |        0.000736 |
|                 Metric/cross_state_distance |            1.44 |
|           Metric/self_state_action_distance |           0.003 |
|          Metric/cross_state_action_distance |            1.51 |
|             Metric/avg_self_state_asymmetry |               0 |
|            Metric/avg_cross_state_asymmetry |          0.0131 |
|                Metric/avg_self_sa_asymmetry |               0 |
|               Metric/avg_cross_sa_asymmetry |          0.0172 |
|  Metric/self_state_action_to_state_distance |        0.000866 |
| Metric/cross_state_action_to_state_distance |            1.52 |
|                   Metric/h_lambda_diff_self |         0.00267 |
|                  Metric/h_lambda_diff_cross |          0.0224 |
|                                 Eval/Return |             984 |
-----------------------------------------------------------------
-----------------------------------------------------------------
|                                 Train/Steps |        2.31e+06 |
|                            Loss/Loss_critic |          0.0336 |
|                             Loss/Loss_actor |             -97 |
|                             Loss/Loss_alpha |       -0.000526 |
|               Loss/Loss_state_action_metric |           0.601 |
|                      Loss/Loss_state_metric |            0.23 |
|             Loss/Loss_state_action_to_state |         0.00141 |
|                           Loss/Act_rep_loss |          0.0254 |
|                                   SAC/Alpha |         0.00177 |
|                              SAC/LogPi_mean |            3.29 |
|                                 SAC/Q1_mean |              97 |
|                                 SAC/Q2_mean |            96.9 |
|                            Norm/actor_model |             124 |
|                           Norm/critic_model |             139 |
|              Norm/state_action_metric_model |             102 |
|                     Norm/state_metric_model |             103 |
|        Norm/state_action_state_metric_model |             103 |
|                  Metric/self_state_distance |         0.00131 |
|                 Metric/cross_state_distance |            1.35 |
|           Metric/self_state_action_distance |         0.00161 |
|          Metric/cross_state_action_distance |            1.42 |
|             Metric/avg_self_state_asymmetry |               0 |
|            Metric/avg_cross_state_asymmetry |         0.00941 |
|                Metric/avg_self_sa_asymmetry |               0 |
|               Metric/avg_cross_sa_asymmetry |          0.0144 |
|  Metric/self_state_action_to_state_distance |        0.000127 |
| Metric/cross_state_action_to_state_distance |            1.41 |
|                   Metric/h_lambda_diff_self |         0.00149 |
|                  Metric/h_lambda_diff_cross |          0.0168 |
|                                 Eval/Return |             981 |
-----------------------------------------------------------------
-----------------------------------------------------------------
|                                 Train/Steps |        2.44e+06 |
|                            Loss/Loss_critic |          0.0399 |
|                             Loss/Loss_actor |           -97.1 |
|                             Loss/Loss_alpha |       -3.91e-05 |
|               Loss/Loss_state_action_metric |           0.571 |
|                      Loss/Loss_state_metric |           0.209 |
|             Loss/Loss_state_action_to_state |         0.00417 |
|                           Loss/Act_rep_loss |           0.026 |
|                                   SAC/Alpha |         0.00158 |
|                              SAC/LogPi_mean |            2.86 |
|                                 SAC/Q1_mean |            97.2 |
|                                 SAC/Q2_mean |            97.1 |
|                            Norm/actor_model |             127 |
|                           Norm/critic_model |             142 |
|              Norm/state_action_metric_model |             105 |
|                     Norm/state_metric_model |             106 |
|        Norm/state_action_state_metric_model |             106 |
|                  Metric/self_state_distance |        0.000753 |
|                 Metric/cross_state_distance |            1.37 |
|           Metric/self_state_action_distance |         0.00212 |
|          Metric/cross_state_action_distance |            1.43 |
|             Metric/avg_self_state_asymmetry |               0 |
|            Metric/avg_cross_state_asymmetry |          0.0144 |
|                Metric/avg_self_sa_asymmetry |               0 |
|               Metric/avg_cross_sa_asymmetry |          0.0161 |
|  Metric/self_state_action_to_state_distance |         0.00046 |
| Metric/cross_state_action_to_state_distance |            1.43 |
|                   Metric/h_lambda_diff_self |         0.00176 |
|                  Metric/h_lambda_diff_cross |          0.0197 |
|                                 Eval/Return |             981 |
-----------------------------------------------------------------
-----------------------------------------------------------------
|                                 Train/Steps |        2.57e+06 |
|                            Loss/Loss_critic |          0.0417 |
|                             Loss/Loss_actor |           -97.4 |
|                             Loss/Loss_alpha |        0.000455 |
|               Loss/Loss_state_action_metric |           0.584 |
|                      Loss/Loss_state_metric |           0.223 |
|             Loss/Loss_state_action_to_state |         0.00126 |
|                           Loss/Act_rep_loss |          0.0274 |
|                                   SAC/Alpha |         0.00168 |
|                              SAC/LogPi_mean |            2.69 |
|                                 SAC/Q1_mean |            97.4 |
|                                 SAC/Q2_mean |            97.4 |
|                            Norm/actor_model |             129 |
|                           Norm/critic_model |             146 |
|              Norm/state_action_metric_model |             108 |
|                     Norm/state_metric_model |             109 |
|        Norm/state_action_state_metric_model |             109 |
|                  Metric/self_state_distance |         0.00262 |
|                 Metric/cross_state_distance |            1.33 |
|           Metric/self_state_action_distance |         0.00417 |
|          Metric/cross_state_action_distance |            1.39 |
|             Metric/avg_self_state_asymmetry |               0 |
|            Metric/avg_cross_state_asymmetry |         0.00855 |
|                Metric/avg_self_sa_asymmetry |               0 |
|               Metric/avg_cross_sa_asymmetry |          0.0118 |
|  Metric/self_state_action_to_state_distance |        0.000433 |
| Metric/cross_state_action_to_state_distance |             1.4 |
|                   Metric/h_lambda_diff_self |         0.00374 |
|                  Metric/h_lambda_diff_cross |          0.0174 |
|                                 Eval/Return |             982 |
-----------------------------------------------------------------
-----------------------------------------------------------------
|                                 Train/Steps |         2.7e+06 |
|                            Loss/Loss_critic |          0.0469 |
|                             Loss/Loss_actor |           -97.8 |
|                             Loss/Loss_alpha |       -1.11e-05 |
|               Loss/Loss_state_action_metric |           0.431 |
|                      Loss/Loss_state_metric |           0.157 |
|             Loss/Loss_state_action_to_state |        0.000987 |
|                           Loss/Act_rep_loss |           0.029 |
|                                   SAC/Alpha |         0.00153 |
|                              SAC/LogPi_mean |            3.04 |
|                                 SAC/Q1_mean |            97.8 |
|                                 SAC/Q2_mean |            97.8 |
|                            Norm/actor_model |             132 |
|                           Norm/critic_model |             149 |
|              Norm/state_action_metric_model |             111 |
|                     Norm/state_metric_model |             112 |
|        Norm/state_action_state_metric_model |             112 |
|                  Metric/self_state_distance |        0.000815 |
|                 Metric/cross_state_distance |            1.27 |
|           Metric/self_state_action_distance |         0.00196 |
|          Metric/cross_state_action_distance |             1.3 |
|             Metric/avg_self_state_asymmetry |               0 |
|            Metric/avg_cross_state_asymmetry |         0.00841 |
|                Metric/avg_self_sa_asymmetry |               0 |
|               Metric/avg_cross_sa_asymmetry |          0.0118 |
|  Metric/self_state_action_to_state_distance |         0.00211 |
| Metric/cross_state_action_to_state_distance |             1.3 |
|                   Metric/h_lambda_diff_self |         0.00266 |
|                  Metric/h_lambda_diff_cross |          0.0128 |
|                                 Eval/Return |             982 |
-----------------------------------------------------------------
-----------------------------------------------------------------
|                                 Train/Steps |        2.82e+06 |
|                            Loss/Loss_critic |          0.0727 |
|                             Loss/Loss_actor |           -97.1 |
|                             Loss/Loss_alpha |         -0.0016 |
|               Loss/Loss_state_action_metric |           0.753 |
|                      Loss/Loss_state_metric |           0.281 |
|             Loss/Loss_state_action_to_state |          0.0018 |
|                           Loss/Act_rep_loss |          0.0292 |
|                                   SAC/Alpha |         0.00173 |
|                              SAC/LogPi_mean |            3.98 |
|                                 SAC/Q1_mean |            97.1 |
|                                 SAC/Q2_mean |            97.1 |
|                            Norm/actor_model |             134 |
|                           Norm/critic_model |             152 |
|              Norm/state_action_metric_model |             114 |
|                     Norm/state_metric_model |             114 |
|        Norm/state_action_state_metric_model |             115 |
|                  Metric/self_state_distance |        0.000123 |
|                 Metric/cross_state_distance |            1.46 |
|           Metric/self_state_action_distance |         0.00117 |
|          Metric/cross_state_action_distance |            1.52 |
|             Metric/avg_self_state_asymmetry |               0 |
|            Metric/avg_cross_state_asymmetry |          0.0141 |
|                Metric/avg_self_sa_asymmetry |               0 |
|               Metric/avg_cross_sa_asymmetry |          0.0172 |
|  Metric/self_state_action_to_state_distance |        0.000105 |
| Metric/cross_state_action_to_state_distance |            1.52 |
|                   Metric/h_lambda_diff_self |         0.00108 |
|                  Metric/h_lambda_diff_cross |          0.0166 |
|                                 Eval/Return |             982 |
-----------------------------------------------------------------
-----------------------------------------------------------------
|                                 Train/Steps |        2.95e+06 |
|                            Loss/Loss_critic |          0.0434 |
|                             Loss/Loss_actor |           -97.5 |
|                             Loss/Loss_alpha |       -0.000104 |
|               Loss/Loss_state_action_metric |           0.552 |
|                      Loss/Loss_state_metric |           0.216 |
|             Loss/Loss_state_action_to_state |         0.00208 |
|                           Loss/Act_rep_loss |          0.0292 |
|                                   SAC/Alpha |         0.00153 |
|                              SAC/LogPi_mean |            3.06 |
|                                 SAC/Q1_mean |            97.5 |
|                                 SAC/Q2_mean |            97.5 |
|                            Norm/actor_model |             136 |
|                           Norm/critic_model |             156 |
|              Norm/state_action_metric_model |             116 |
|                     Norm/state_metric_model |             117 |
|        Norm/state_action_state_metric_model |             118 |
|                  Metric/self_state_distance |        0.000538 |
|                 Metric/cross_state_distance |            1.36 |
|           Metric/self_state_action_distance |        0.000987 |
|          Metric/cross_state_action_distance |            1.41 |
|             Metric/avg_self_state_asymmetry |               0 |
|            Metric/avg_cross_state_asymmetry |          0.0125 |
|                Metric/avg_self_sa_asymmetry |               0 |
|               Metric/avg_cross_sa_asymmetry |          0.0143 |
|  Metric/self_state_action_to_state_distance |         0.00108 |
| Metric/cross_state_action_to_state_distance |            1.41 |
|                   Metric/h_lambda_diff_self |          0.0013 |
|                  Metric/h_lambda_diff_cross |          0.0154 |
|                                 Eval/Return |             977 |
-----------------------------------------------------------------
-----------------------------------------------------------------
|                                 Train/Steps |        3.08e+06 |
|                            Loss/Loss_critic |          0.0301 |
|                             Loss/Loss_actor |           -97.6 |
|                             Loss/Loss_alpha |       -0.000364 |
|               Loss/Loss_state_action_metric |           0.659 |
|                      Loss/Loss_state_metric |            0.25 |
|             Loss/Loss_state_action_to_state |          0.0014 |
|                           Loss/Act_rep_loss |          0.0314 |
|                                   SAC/Alpha |         0.00138 |
|                              SAC/LogPi_mean |            3.13 |
|                                 SAC/Q1_mean |            97.6 |
|                                 SAC/Q2_mean |            97.6 |
|                            Norm/actor_model |             138 |
|                           Norm/critic_model |             159 |
|              Norm/state_action_metric_model |             119 |
|                     Norm/state_metric_model |             120 |
|        Norm/state_action_state_metric_model |             120 |
|                  Metric/self_state_distance |        0.000373 |
|                 Metric/cross_state_distance |             1.4 |
|           Metric/self_state_action_distance |         0.00284 |
|          Metric/cross_state_action_distance |            1.45 |
|             Metric/avg_self_state_asymmetry |               0 |
|            Metric/avg_cross_state_asymmetry |          0.0097 |
|                Metric/avg_self_sa_asymmetry |               0 |
|               Metric/avg_cross_sa_asymmetry |           0.013 |
|  Metric/self_state_action_to_state_distance |        0.000797 |
| Metric/cross_state_action_to_state_distance |            1.46 |
|                   Metric/h_lambda_diff_self |         0.00249 |
|                  Metric/h_lambda_diff_cross |          0.0167 |
|                                 Eval/Return |             983 |
-----------------------------------------------------------------
[32mSaving model …[0m
[32mDone.[0m
[32mSaving model …[0m
[32mDone.[0m
-----------------------------------------------------------------
|                                 Train/Steps |        3.21e+06 |
|                            Loss/Loss_critic |          0.0266 |
|                             Loss/Loss_actor |           -97.5 |
|                             Loss/Loss_alpha |       -0.000127 |
|               Loss/Loss_state_action_metric |           0.665 |
|                      Loss/Loss_state_metric |           0.254 |
|             Loss/Loss_state_action_to_state |         0.00193 |
|                           Loss/Act_rep_loss |          0.0295 |
|                                   SAC/Alpha |         0.00138 |
|                              SAC/LogPi_mean |            2.94 |
|                                 SAC/Q1_mean |            97.5 |
|                                 SAC/Q2_mean |            97.5 |
|                            Norm/actor_model |             140 |
|                           Norm/critic_model |             162 |
|              Norm/state_action_metric_model |             121 |
|                     Norm/state_metric_model |             123 |
|        Norm/state_action_state_metric_model |             123 |
|                  Metric/self_state_distance |        5.64e-05 |
|                 Metric/cross_state_distance |            1.37 |
|           Metric/self_state_action_distance |        0.000886 |
|          Metric/cross_state_action_distance |            1.43 |
|             Metric/avg_self_state_asymmetry |               0 |
|            Metric/avg_cross_state_asymmetry |            0.01 |
|                Metric/avg_self_sa_asymmetry |               0 |
|               Metric/avg_cross_sa_asymmetry |          0.0151 |
|  Metric/self_state_action_to_state_distance |        0.000288 |
| Metric/cross_state_action_to_state_distance |            1.43 |
|                   Metric/h_lambda_diff_self |        0.000718 |
|                  Metric/h_lambda_diff_cross |          0.0173 |
|                                 Eval/Return |             985 |
-----------------------------------------------------------------
-----------------------------------------------------------------
|                                 Train/Steps |        3.34e+06 |
|                            Loss/Loss_critic |          0.0239 |
|                             Loss/Loss_actor |           -97.9 |
|                             Loss/Loss_alpha |        0.000109 |
|               Loss/Loss_state_action_metric |           0.574 |
|                      Loss/Loss_state_metric |           0.224 |
|             Loss/Loss_state_action_to_state |          0.0018 |
|                           Loss/Act_rep_loss |          0.0295 |
|                                   SAC/Alpha |          0.0014 |
|                              SAC/LogPi_mean |            2.83 |
|                                 SAC/Q1_mean |            97.9 |
|                                 SAC/Q2_mean |            97.9 |
|                            Norm/actor_model |             142 |
|                           Norm/critic_model |             165 |
|              Norm/state_action_metric_model |             124 |
|                     Norm/state_metric_model |             125 |
|        Norm/state_action_state_metric_model |             126 |
|                  Metric/self_state_distance |         0.00284 |
|                 Metric/cross_state_distance |            1.35 |
|           Metric/self_state_action_distance |          0.0025 |
|          Metric/cross_state_action_distance |             1.4 |
|             Metric/avg_self_state_asymmetry |               0 |
|            Metric/avg_cross_state_asymmetry |          0.0106 |
|                Metric/avg_self_sa_asymmetry |               0 |
|               Metric/avg_cross_sa_asymmetry |          0.0148 |
|  Metric/self_state_action_to_state_distance |        4.24e-05 |
| Metric/cross_state_action_to_state_distance |            1.39 |
|                   Metric/h_lambda_diff_self |         0.00246 |
|                  Metric/h_lambda_diff_cross |          0.0155 |
|                                 Eval/Return |             985 |
-----------------------------------------------------------------
-----------------------------------------------------------------
|                                 Train/Steps |        3.46e+06 |
|                            Loss/Loss_critic |          0.0389 |
|                             Loss/Loss_actor |           -97.9 |
|                             Loss/Loss_alpha |       -0.000163 |
|               Loss/Loss_state_action_metric |           0.472 |
|                      Loss/Loss_state_metric |            0.18 |
|             Loss/Loss_state_action_to_state |         0.00141 |
|                           Loss/Act_rep_loss |            0.03 |
|                                   SAC/Alpha |          0.0014 |
|                              SAC/LogPi_mean |            3.12 |
|                                 SAC/Q1_mean |            97.9 |
|                                 SAC/Q2_mean |            97.9 |
|                            Norm/actor_model |             144 |
|                           Norm/critic_model |             168 |
|              Norm/state_action_metric_model |             126 |
|                     Norm/state_metric_model |             128 |
|        Norm/state_action_state_metric_model |             129 |
|                  Metric/self_state_distance |          0.0014 |
|                 Metric/cross_state_distance |             1.3 |
|           Metric/self_state_action_distance |          0.0014 |
|          Metric/cross_state_action_distance |            1.37 |
|             Metric/avg_self_state_asymmetry |               0 |
|            Metric/avg_cross_state_asymmetry |         0.00979 |
|                Metric/avg_self_sa_asymmetry |               0 |
|               Metric/avg_cross_sa_asymmetry |          0.0124 |
|  Metric/self_state_action_to_state_distance |        0.000202 |
| Metric/cross_state_action_to_state_distance |            1.36 |
|                   Metric/h_lambda_diff_self |         0.00121 |
|                  Metric/h_lambda_diff_cross |          0.0185 |
|                                 Eval/Return |             986 |
-----------------------------------------------------------------
-----------------------------------------------------------------
|                                 Train/Steps |        3.59e+06 |
|                            Loss/Loss_critic |          0.0321 |
|                             Loss/Loss_actor |           -97.9 |
|                             Loss/Loss_alpha |       -0.000273 |
|               Loss/Loss_state_action_metric |           0.538 |
|                      Loss/Loss_state_metric |           0.211 |
|             Loss/Loss_state_action_to_state |         0.00145 |
|                           Loss/Act_rep_loss |          0.0339 |
|                                   SAC/Alpha |         0.00154 |
|                              SAC/LogPi_mean |            3.17 |
|                                 SAC/Q1_mean |              98 |
|                                 SAC/Q2_mean |            97.9 |
|                            Norm/actor_model |             146 |
|                           Norm/critic_model |             171 |
|              Norm/state_action_metric_model |             129 |
|                     Norm/state_metric_model |             130 |
|        Norm/state_action_state_metric_model |             131 |
|                  Metric/self_state_distance |         0.00235 |
|                 Metric/cross_state_distance |            1.33 |
|           Metric/self_state_action_distance |         0.00266 |
|          Metric/cross_state_action_distance |            1.38 |
|             Metric/avg_self_state_asymmetry |               0 |
|            Metric/avg_cross_state_asymmetry |         0.00822 |
|                Metric/avg_self_sa_asymmetry |               0 |
|               Metric/avg_cross_sa_asymmetry |          0.0128 |
|  Metric/self_state_action_to_state_distance |         0.00283 |
| Metric/cross_state_action_to_state_distance |            1.37 |
|                   Metric/h_lambda_diff_self |         0.00286 |
|                  Metric/h_lambda_diff_cross |          0.0128 |
|                                 Eval/Return |             984 |
-----------------------------------------------------------------
-----------------------------------------------------------------
|                                 Train/Steps |        3.72e+06 |
|                            Loss/Loss_critic |          0.0407 |
|                             Loss/Loss_actor |             -98 |
|                             Loss/Loss_alpha |        0.000418 |
|               Loss/Loss_state_action_metric |           0.608 |
|                      Loss/Loss_state_metric |           0.238 |
|             Loss/Loss_state_action_to_state |         0.00109 |
|                           Loss/Act_rep_loss |          0.0302 |
|                                   SAC/Alpha |         0.00124 |
|                              SAC/LogPi_mean |            2.52 |
|                                 SAC/Q1_mean |            98.1 |
|                                 SAC/Q2_mean |              98 |
|                            Norm/actor_model |             148 |
|                           Norm/critic_model |             174 |
|              Norm/state_action_metric_model |             131 |
|                     Norm/state_metric_model |             133 |
|        Norm/state_action_state_metric_model |             134 |
|                  Metric/self_state_distance |         0.00144 |
|                 Metric/cross_state_distance |            1.38 |
|           Metric/self_state_action_distance |         0.00306 |
|          Metric/cross_state_action_distance |            1.44 |
|             Metric/avg_self_state_asymmetry |               0 |
|            Metric/avg_cross_state_asymmetry |         0.00821 |
|                Metric/avg_self_sa_asymmetry |               0 |
|               Metric/avg_cross_sa_asymmetry |          0.0124 |
|  Metric/self_state_action_to_state_distance |          0.0043 |
| Metric/cross_state_action_to_state_distance |            1.44 |
|                   Metric/h_lambda_diff_self |         0.00429 |
|                  Metric/h_lambda_diff_cross |          0.0124 |
|                                 Eval/Return |             982 |
-----------------------------------------------------------------
-----------------------------------------------------------------
|                                 Train/Steps |        3.85e+06 |
|                            Loss/Loss_critic |          0.0791 |
|                             Loss/Loss_actor |           -97.9 |
|                             Loss/Loss_alpha |       -0.000114 |
|               Loss/Loss_state_action_metric |           0.483 |
|                      Loss/Loss_state_metric |           0.177 |
|             Loss/Loss_state_action_to_state |         0.00351 |
|                           Loss/Act_rep_loss |          0.0269 |
|                                   SAC/Alpha |         0.00131 |
|                              SAC/LogPi_mean |            3.05 |
|                                 SAC/Q1_mean |              98 |
|                                 SAC/Q2_mean |            97.9 |
|                            Norm/actor_model |             149 |
|                           Norm/critic_model |             176 |
|              Norm/state_action_metric_model |             134 |
|                     Norm/state_metric_model |             135 |
|        Norm/state_action_state_metric_model |             137 |
|                  Metric/self_state_distance |        0.000238 |
|                 Metric/cross_state_distance |            1.29 |
|           Metric/self_state_action_distance |         0.00136 |
|          Metric/cross_state_action_distance |            1.35 |
|             Metric/avg_self_state_asymmetry |               0 |
|            Metric/avg_cross_state_asymmetry |         0.00818 |
|                Metric/avg_self_sa_asymmetry |               0 |
|               Metric/avg_cross_sa_asymmetry |          0.0149 |
|  Metric/self_state_action_to_state_distance |        6.05e-05 |
| Metric/cross_state_action_to_state_distance |            1.33 |
|                   Metric/h_lambda_diff_self |          0.0013 |
|                  Metric/h_lambda_diff_cross |          0.0295 |
|                                 Eval/Return |             983 |
-----------------------------------------------------------------
-----------------------------------------------------------------
|                                 Train/Steps |        3.98e+06 |
|                            Loss/Loss_critic |          0.0282 |
|                             Loss/Loss_actor |           -98.4 |
|                             Loss/Loss_alpha |        -4.2e-05 |
|               Loss/Loss_state_action_metric |           0.465 |
|                      Loss/Loss_state_metric |           0.169 |
|             Loss/Loss_state_action_to_state |         0.00125 |
|                           Loss/Act_rep_loss |          0.0288 |
|                                   SAC/Alpha |         0.00119 |
|                              SAC/LogPi_mean |            3.02 |
|                                 SAC/Q1_mean |            98.4 |
|                                 SAC/Q2_mean |            98.5 |
|                            Norm/actor_model |             151 |
|                           Norm/critic_model |             179 |
|              Norm/state_action_metric_model |             136 |
|                     Norm/state_metric_model |             138 |
|        Norm/state_action_state_metric_model |             139 |
|                  Metric/self_state_distance |         0.00224 |
|                 Metric/cross_state_distance |            1.27 |
|           Metric/self_state_action_distance |         0.00184 |
|          Metric/cross_state_action_distance |            1.32 |
|             Metric/avg_self_state_asymmetry |               0 |
|            Metric/avg_cross_state_asymmetry |         0.00776 |
|                Metric/avg_self_sa_asymmetry |               0 |
|               Metric/avg_cross_sa_asymmetry |          0.0112 |
|  Metric/self_state_action_to_state_distance |        0.000466 |
| Metric/cross_state_action_to_state_distance |             1.3 |
|                   Metric/h_lambda_diff_self |         0.00145 |
|                  Metric/h_lambda_diff_cross |          0.0189 |
|                                 Eval/Return |             986 |
-----------------------------------------------------------------
-----------------------------------------------------------------
|                                 Train/Steps |         4.1e+06 |
|                            Loss/Loss_critic |          0.0492 |
|                             Loss/Loss_actor |           -99.1 |
|                             Loss/Loss_alpha |       -5.05e-05 |
|               Loss/Loss_state_action_metric |           0.183 |
|                      Loss/Loss_state_metric |          0.0703 |
|             Loss/Loss_state_action_to_state |        0.000926 |
|                           Loss/Act_rep_loss |          0.0402 |
|                                   SAC/Alpha |         0.00106 |
|                              SAC/LogPi_mean |            2.97 |
|                                 SAC/Q1_mean |              99 |
|                                 SAC/Q2_mean |            99.1 |
|                            Norm/actor_model |             153 |
|                           Norm/critic_model |             182 |
|              Norm/state_action_metric_model |             138 |
|                     Norm/state_metric_model |             140 |
|        Norm/state_action_state_metric_model |             142 |
|                  Metric/self_state_distance |        0.000846 |
|                 Metric/cross_state_distance |             1.1 |
|           Metric/self_state_action_distance |         0.00103 |
|          Metric/cross_state_action_distance |            1.11 |
|             Metric/avg_self_state_asymmetry |               0 |
|            Metric/avg_cross_state_asymmetry |         0.00772 |
|                Metric/avg_self_sa_asymmetry |               0 |
|               Metric/avg_cross_sa_asymmetry |         0.00847 |
|  Metric/self_state_action_to_state_distance |        7.22e-05 |
| Metric/cross_state_action_to_state_distance |            1.11 |
|                   Metric/h_lambda_diff_self |        0.000953 |
|                  Metric/h_lambda_diff_cross |         0.00872 |
|                                 Eval/Return |             979 |
-----------------------------------------------------------------
[32mSaving model …[0m
[32mDone.[0m
[32mSaving model …[0m
[32mDone.[0m
-----------------------------------------------------------------
|                                 Train/Steps |        4.23e+06 |
|                            Loss/Loss_critic |          0.0315 |
|                             Loss/Loss_actor |           -98.6 |
|                             Loss/Loss_alpha |       -0.000684 |
|               Loss/Loss_state_action_metric |            0.24 |
|                      Loss/Loss_state_metric |          0.0897 |
|             Loss/Loss_state_action_to_state |         0.00189 |
|                           Loss/Act_rep_loss |          0.0309 |
|                                   SAC/Alpha |         0.00093 |
|                              SAC/LogPi_mean |            3.81 |
|                                 SAC/Q1_mean |            98.7 |
|                                 SAC/Q2_mean |            98.6 |
|                            Norm/actor_model |             154 |
|                           Norm/critic_model |             184 |
|              Norm/state_action_metric_model |             140 |
|                     Norm/state_metric_model |             142 |
|        Norm/state_action_state_metric_model |             144 |
|                  Metric/self_state_distance |         0.00188 |
|                 Metric/cross_state_distance |            1.16 |
|           Metric/self_state_action_distance |         0.00188 |
|          Metric/cross_state_action_distance |            1.19 |
|             Metric/avg_self_state_asymmetry |               0 |
|            Metric/avg_cross_state_asymmetry |         0.00808 |
|                Metric/avg_self_sa_asymmetry |               0 |
|               Metric/avg_cross_sa_asymmetry |          0.0134 |
|  Metric/self_state_action_to_state_distance |        6.04e-06 |
| Metric/cross_state_action_to_state_distance |            1.19 |
|                   Metric/h_lambda_diff_self |         0.00187 |
|                  Metric/h_lambda_diff_cross |          0.0149 |
|                                 Eval/Return |             986 |
-----------------------------------------------------------------
-----------------------------------------------------------------
|                                 Train/Steps |        4.36e+06 |
|                            Loss/Loss_critic |          0.0346 |
|                             Loss/Loss_actor |           -98.8 |
|                             Loss/Loss_alpha |         5.2e-05 |
|               Loss/Loss_state_action_metric |            0.24 |
|                      Loss/Loss_state_metric |           0.094 |
|             Loss/Loss_state_action_to_state |         0.00085 |
|                           Loss/Act_rep_loss |          0.0415 |
|                                   SAC/Alpha |        0.000921 |
|                              SAC/LogPi_mean |            2.99 |
|                                 SAC/Q1_mean |            98.8 |
|                                 SAC/Q2_mean |            98.8 |
|                            Norm/actor_model |             156 |
|                           Norm/critic_model |             186 |
|              Norm/state_action_metric_model |             142 |
|                     Norm/state_metric_model |             144 |
|        Norm/state_action_state_metric_model |             146 |
|                  Metric/self_state_distance |        0.000152 |
|                 Metric/cross_state_distance |            1.14 |
|           Metric/self_state_action_distance |         0.00157 |
|          Metric/cross_state_action_distance |            1.16 |
|             Metric/avg_self_state_asymmetry |               0 |
|            Metric/avg_cross_state_asymmetry |         0.00661 |
|                Metric/avg_self_sa_asymmetry |               0 |
|               Metric/avg_cross_sa_asymmetry |         0.00823 |
|  Metric/self_state_action_to_state_distance |        0.000635 |
| Metric/cross_state_action_to_state_distance |            1.16 |
|                   Metric/h_lambda_diff_self |         0.00126 |
|                  Metric/h_lambda_diff_cross |         0.00832 |
|                                 Eval/Return |             982 |
-----------------------------------------------------------------
-----------------------------------------------------------------
|                                 Train/Steps |        4.49e+06 |
|                            Loss/Loss_critic |          0.0109 |
|                             Loss/Loss_actor |             -99 |
|                             Loss/Loss_alpha |        0.000322 |
|               Loss/Loss_state_action_metric |           0.157 |
|                      Loss/Loss_state_metric |          0.0538 |
|             Loss/Loss_state_action_to_state |        0.000511 |
|                           Loss/Act_rep_loss |          0.0421 |
|                                   SAC/Alpha |        0.000683 |
|                              SAC/LogPi_mean |            2.48 |
|                                 SAC/Q1_mean |              99 |
|                                 SAC/Q2_mean |              99 |
|                            Norm/actor_model |             157 |
|                           Norm/critic_model |             188 |
|              Norm/state_action_metric_model |             144 |
|                     Norm/state_metric_model |             146 |
|        Norm/state_action_state_metric_model |             148 |
|                  Metric/self_state_distance |        0.000351 |
|                 Metric/cross_state_distance |            1.08 |
|           Metric/self_state_action_distance |         0.00176 |
|          Metric/cross_state_action_distance |             1.1 |
|             Metric/avg_self_state_asymmetry |               0 |
|            Metric/avg_cross_state_asymmetry |         0.00496 |
|                Metric/avg_self_sa_asymmetry |               0 |
|               Metric/avg_cross_sa_asymmetry |         0.00799 |
|  Metric/self_state_action_to_state_distance |        0.000348 |
| Metric/cross_state_action_to_state_distance |            1.09 |
|                   Metric/h_lambda_diff_self |         0.00145 |
|                  Metric/h_lambda_diff_cross |         0.00982 |
|                                 Eval/Return |             982 |
-----------------------------------------------------------------
-----------------------------------------------------------------
|                                 Train/Steps |        4.62e+06 |
|                            Loss/Loss_critic |           0.017 |
|                             Loss/Loss_actor |           -99.1 |
|                             Loss/Loss_alpha |       -0.000544 |
|               Loss/Loss_state_action_metric |            0.17 |
|                      Loss/Loss_state_metric |          0.0583 |
|             Loss/Loss_state_action_to_state |         0.00136 |
|                           Loss/Act_rep_loss |          0.0375 |
|                                   SAC/Alpha |        0.000686 |
|                              SAC/LogPi_mean |            3.58 |
|                                 SAC/Q1_mean |            99.2 |
|                                 SAC/Q2_mean |            99.2 |
|                            Norm/actor_model |             159 |
|                           Norm/critic_model |             191 |
|              Norm/state_action_metric_model |             146 |
|                     Norm/state_metric_model |             148 |
|        Norm/state_action_state_metric_model |             151 |
|                  Metric/self_state_distance |         0.00273 |
|                 Metric/cross_state_distance |            1.07 |
|           Metric/self_state_action_distance |         0.00986 |
|          Metric/cross_state_action_distance |             1.1 |
|             Metric/avg_self_state_asymmetry |               0 |
|            Metric/avg_cross_state_asymmetry |          0.0054 |
|                Metric/avg_self_sa_asymmetry |               0 |
|               Metric/avg_cross_sa_asymmetry |         0.00742 |
|  Metric/self_state_action_to_state_distance |         0.00182 |
| Metric/cross_state_action_to_state_distance |            1.07 |
|                   Metric/h_lambda_diff_self |          0.0114 |
|                  Metric/h_lambda_diff_cross |           0.031 |
|                                 Eval/Return |             983 |
-----------------------------------------------------------------
-----------------------------------------------------------------
|                                 Train/Steps |        4.74e+06 |
|                            Loss/Loss_critic |          0.0123 |
|                             Loss/Loss_actor |           -99.2 |
|                             Loss/Loss_alpha |        0.000186 |
|               Loss/Loss_state_action_metric |           0.138 |
|                      Loss/Loss_state_metric |          0.0551 |
|             Loss/Loss_state_action_to_state |         0.00054 |
|                           Loss/Act_rep_loss |          0.0413 |
|                                   SAC/Alpha |        0.000771 |
|                              SAC/LogPi_mean |            2.93 |
|                                 SAC/Q1_mean |            99.3 |
|                                 SAC/Q2_mean |            99.3 |
|                            Norm/actor_model |             160 |
|                           Norm/critic_model |             193 |
|              Norm/state_action_metric_model |             149 |
|                     Norm/state_metric_model |             151 |
|        Norm/state_action_state_metric_model |             153 |
|                  Metric/self_state_distance |        0.000261 |
|                 Metric/cross_state_distance |            1.07 |
|           Metric/self_state_action_distance |         0.00168 |
|          Metric/cross_state_action_distance |            1.08 |
|             Metric/avg_self_state_asymmetry |               0 |
|            Metric/avg_cross_state_asymmetry |         0.00456 |
|                Metric/avg_self_sa_asymmetry |               0 |
|               Metric/avg_cross_sa_asymmetry |           0.006 |
|  Metric/self_state_action_to_state_distance |        0.000408 |
| Metric/cross_state_action_to_state_distance |            1.07 |
|                   Metric/h_lambda_diff_self |         0.00136 |
|                  Metric/h_lambda_diff_cross |          0.0128 |
|                                 Eval/Return |             984 |
-----------------------------------------------------------------
-----------------------------------------------------------------
|                                 Train/Steps |        4.87e+06 |
|                            Loss/Loss_critic |          0.0136 |
|                             Loss/Loss_actor |           -99.2 |
|                             Loss/Loss_alpha |       -0.000232 |
|               Loss/Loss_state_action_metric |          0.0787 |
|                      Loss/Loss_state_metric |          0.0304 |
|             Loss/Loss_state_action_to_state |        0.000219 |
|                           Loss/Act_rep_loss |          0.0575 |
|                                   SAC/Alpha |        0.000745 |
|                              SAC/LogPi_mean |            3.13 |
|                                 SAC/Q1_mean |            99.2 |
|                                 SAC/Q2_mean |            99.4 |
|                            Norm/actor_model |             162 |
|                           Norm/critic_model |             195 |
|              Norm/state_action_metric_model |             151 |
|                     Norm/state_metric_model |             153 |
|        Norm/state_action_state_metric_model |             155 |
|                  Metric/self_state_distance |         0.00239 |
|                 Metric/cross_state_distance |            1.04 |
|           Metric/self_state_action_distance |         0.00288 |
|          Metric/cross_state_action_distance |            1.04 |
|             Metric/avg_self_state_asymmetry |               0 |
|            Metric/avg_cross_state_asymmetry |         0.00456 |
|                Metric/avg_self_sa_asymmetry |               0 |
|               Metric/avg_cross_sa_asymmetry |         0.00483 |
|  Metric/self_state_action_to_state_distance |        0.000403 |
| Metric/cross_state_action_to_state_distance |            1.04 |
|                   Metric/h_lambda_diff_self |         0.00253 |
|                  Metric/h_lambda_diff_cross |         0.00696 |
|                                 Eval/Return |             983 |
-----------------------------------------------------------------
-----------------------------------------------------------------
|                                 Train/Steps |           5e+06 |
|                            Loss/Loss_critic |          0.0282 |
|                             Loss/Loss_actor |           -99.2 |
|                             Loss/Loss_alpha |       -0.000406 |
|               Loss/Loss_state_action_metric |           0.115 |
|                      Loss/Loss_state_metric |          0.0412 |
|             Loss/Loss_state_action_to_state |         0.00161 |
|                           Loss/Act_rep_loss |          0.0429 |
|                                   SAC/Alpha |        0.000802 |
|                              SAC/LogPi_mean |            3.36 |
|                                 SAC/Q1_mean |            99.3 |
|                                 SAC/Q2_mean |            99.2 |
|                            Norm/actor_model |             163 |
|                           Norm/critic_model |             197 |
|              Norm/state_action_metric_model |             153 |
|                     Norm/state_metric_model |             155 |
|        Norm/state_action_state_metric_model |             157 |
|                  Metric/self_state_distance |         0.00249 |
|                 Metric/cross_state_distance |            1.06 |
|           Metric/self_state_action_distance |         0.00313 |
|          Metric/cross_state_action_distance |            1.08 |
|             Metric/avg_self_state_asymmetry |               0 |
|            Metric/avg_cross_state_asymmetry |         0.00799 |
|                Metric/avg_self_sa_asymmetry |               0 |
|               Metric/avg_cross_sa_asymmetry |          0.0061 |
|  Metric/self_state_action_to_state_distance |        0.000272 |
| Metric/cross_state_action_to_state_distance |            1.07 |
|                   Metric/h_lambda_diff_self |         0.00287 |
|                  Metric/h_lambda_diff_cross |          0.0131 |
|                                 Eval/Return |             979 |
-----------------------------------------------------------------
[32mSaving model …[0m
[32mDone.[0m
[32mSaving model …[0m
[32mDone.[0m
