E0904 13:44:41.935992  451517 cuda_executor.cc:1526] Could not get kernel mode driver version: (INVALID_ARGUMENT: Version does not match the format X.Y.Z)
E0904 13:44:41.944346  451406 cuda_executor.cc:1526] Could not get kernel mode driver version: (INVALID_ARGUMENT: Version does not match the format X.Y.Z)
[32mStart prefilling replay buffer[0m
[32mStart SAC training[0m
[32m{'log_freq': 1000, 'save_freq': 1000000, 'eval_episode_freq': 10, 'hidden_size': 256, 'lr': 0.001, 'max_grad_norm': 0.0, 'gamma': 0.99, 'update_tau': 0.005, 'train_per_step': 8, 'episode_length': 1000, 'warmup_samples': 8192, 'max_replay_size': 4000000, 'batch_size': 512, 'total_env_steps': 2000000, 'init_temperature': 0.1, 'nstep': 3, 'bootstrap_on_truncation': True, 'rep_lr_scale': 5.0, 'vis_feq': 100000, 'n_vis_frames': 4, 'num_envs': 128, 'grad_steps': 50, 'transfer_freq': 10, 'transfer_steps': 8, 'reward_scaling': 1.0, 'num_eval_envs': 128, 'target_entropy': -0.5}[0m
[32m[nstep] nstep=3 bootstrap_on_truncation=True (discount from the buffer already contains gamma^nstep)[0m
-----------------------------------------------------------------
|                                 Train/Steps |        1.36e+05 |
|                            Loss/Loss_critic |          0.0236 |
|                             Loss/Loss_actor |           -9.63 |
|                             Loss/Loss_alpha |        -0.00645 |
|               Loss/Loss_state_action_metric |           0.598 |
|                      Loss/Loss_state_metric |           0.225 |
|             Loss/Loss_state_action_to_state |         0.00249 |
|                           Loss/Act_rep_loss |         0.00974 |
|                                   SAC/Alpha |          0.0225 |
|                              SAC/LogPi_mean |           0.716 |
|                                 SAC/Q1_mean |            9.61 |
|                                 SAC/Q2_mean |             9.6 |
|                            Norm/actor_model |            36.4 |
|                           Norm/critic_model |            64.8 |
|              Norm/state_action_metric_model |            31.1 |
|                     Norm/state_metric_model |            32.3 |
|        Norm/state_action_state_metric_model |            30.6 |
|                  Metric/self_state_distance |          0.0184 |
|                 Metric/cross_state_distance |            1.47 |
|           Metric/self_state_action_distance |          0.0761 |
|          Metric/cross_state_action_distance |            2.11 |
|             Metric/avg_self_state_asymmetry |               0 |
|            Metric/avg_cross_state_asymmetry |          0.0268 |
|                Metric/avg_self_sa_asymmetry |               0 |
|               Metric/avg_cross_sa_asymmetry |          0.0398 |
|  Metric/self_state_action_to_state_distance |          0.0236 |
| Metric/cross_state_action_to_state_distance |            2.04 |
|                   Metric/h_lambda_diff_self |          0.0525 |
|                  Metric/h_lambda_diff_cross |          0.0841 |
|                                 Eval/Return |             419 |
-----------------------------------------------------------------
-----------------------------------------------------------------
|                                 Train/Steps |        2.64e+05 |
|                            Loss/Loss_critic |           0.135 |
|                             Loss/Loss_actor |           -32.3 |
|                             Loss/Loss_alpha |         0.00816 |
|               Loss/Loss_state_action_metric |            1.18 |
|                      Loss/Loss_state_metric |           0.585 |
|             Loss/Loss_state_action_to_state |         0.00294 |
|                           Loss/Act_rep_loss |         0.00595 |
|                                   SAC/Alpha |          0.0709 |
|                              SAC/LogPi_mean |           0.439 |
|                                 SAC/Q1_mean |            32.1 |
|                                 SAC/Q2_mean |            32.2 |
|                            Norm/actor_model |            59.3 |
|                           Norm/critic_model |             113 |
|              Norm/state_action_metric_model |            34.2 |
|                     Norm/state_metric_model |            35.7 |
|        Norm/state_action_state_metric_model |            32.6 |
|                  Metric/self_state_distance |          0.0143 |
|                 Metric/cross_state_distance |            1.99 |
|           Metric/self_state_action_distance |           0.055 |
|          Metric/cross_state_action_distance |            2.72 |
|             Metric/avg_self_state_asymmetry |               0 |
|            Metric/avg_cross_state_asymmetry |          0.0352 |
|                Metric/avg_self_sa_asymmetry |               0 |
|               Metric/avg_cross_sa_asymmetry |          0.0751 |
|  Metric/self_state_action_to_state_distance |          0.0182 |
| Metric/cross_state_action_to_state_distance |            2.67 |
|                   Metric/h_lambda_diff_self |          0.0369 |
|                  Metric/h_lambda_diff_cross |          0.0692 |
|                                 Eval/Return |             773 |
-----------------------------------------------------------------
-----------------------------------------------------------------
|                                 Train/Steps |        3.92e+05 |
|                            Loss/Loss_critic |           0.149 |
|                             Loss/Loss_actor |           -48.4 |
|                             Loss/Loss_alpha |        -0.00443 |
|               Loss/Loss_state_action_metric |            1.65 |
|                      Loss/Loss_state_metric |           0.788 |
|             Loss/Loss_state_action_to_state |         0.00201 |
|                           Loss/Act_rep_loss |          0.0068 |
|                                   SAC/Alpha |          0.0588 |
|                              SAC/LogPi_mean |           0.545 |
|                                 SAC/Q1_mean |            48.3 |
|                                 SAC/Q2_mean |            48.4 |
|                            Norm/actor_model |            71.2 |
|                           Norm/critic_model |             132 |
|              Norm/state_action_metric_model |            37.5 |
|                     Norm/state_metric_model |            43.9 |
|        Norm/state_action_state_metric_model |            34.7 |
|                  Metric/self_state_distance |          0.0156 |
|                 Metric/cross_state_distance |            2.22 |
|           Metric/self_state_action_distance |          0.0416 |
|          Metric/cross_state_action_distance |            3.11 |
|             Metric/avg_self_state_asymmetry |               0 |
|            Metric/avg_cross_state_asymmetry |          0.0387 |
|                Metric/avg_self_sa_asymmetry |               0 |
|               Metric/avg_cross_sa_asymmetry |          0.0454 |
|  Metric/self_state_action_to_state_distance |          0.0325 |
| Metric/cross_state_action_to_state_distance |            3.09 |
|                   Metric/h_lambda_diff_self |          0.0303 |
|                  Metric/h_lambda_diff_cross |          0.0545 |
|                                 Eval/Return |             851 |
-----------------------------------------------------------------
-----------------------------------------------------------------
|                                 Train/Steps |         5.2e+05 |
|                            Loss/Loss_critic |           0.132 |
|                             Loss/Loss_actor |           -60.5 |
|                             Loss/Loss_alpha |         0.00181 |
|               Loss/Loss_state_action_metric |             1.8 |
|                      Loss/Loss_state_metric |           0.899 |
|             Loss/Loss_state_action_to_state |         0.00165 |
|                           Loss/Act_rep_loss |          0.0085 |
|                                   SAC/Alpha |          0.0525 |
|                              SAC/LogPi_mean |           0.554 |
|                                 SAC/Q1_mean |            60.4 |
|                                 SAC/Q2_mean |            60.4 |
|                            Norm/actor_model |            80.1 |
|                           Norm/critic_model |             143 |
|              Norm/state_action_metric_model |            40.9 |
|                     Norm/state_metric_model |            55.2 |
|        Norm/state_action_state_metric_model |            36.9 |
|                  Metric/self_state_distance |           0.011 |
|                 Metric/cross_state_distance |            2.25 |
|           Metric/self_state_action_distance |          0.0378 |
|          Metric/cross_state_action_distance |             3.1 |
|             Metric/avg_self_state_asymmetry |               0 |
|            Metric/avg_cross_state_asymmetry |          0.0309 |
|                Metric/avg_self_sa_asymmetry |               0 |
|               Metric/avg_cross_sa_asymmetry |          0.0359 |
|  Metric/self_state_action_to_state_distance |          0.0109 |
| Metric/cross_state_action_to_state_distance |            3.06 |
|                   Metric/h_lambda_diff_self |           0.027 |
|                  Metric/h_lambda_diff_cross |           0.062 |
|                                 Eval/Return |             861 |
-----------------------------------------------------------------
-----------------------------------------------------------------
|                                 Train/Steps |        6.48e+05 |
|                            Loss/Loss_critic |           0.102 |
|                             Loss/Loss_actor |           -67.2 |
|                             Loss/Loss_alpha |        -0.00528 |
|               Loss/Loss_state_action_metric |            2.61 |
|                      Loss/Loss_state_metric |            1.11 |
|             Loss/Loss_state_action_to_state |         0.00203 |
|                           Loss/Act_rep_loss |         0.00654 |
|                                   SAC/Alpha |          0.0452 |
|                              SAC/LogPi_mean |           0.565 |
|                                 SAC/Q1_mean |            67.2 |
|                                 SAC/Q2_mean |            67.1 |
|                            Norm/actor_model |            87.9 |
|                           Norm/critic_model |             151 |
|              Norm/state_action_metric_model |            44.4 |
|                     Norm/state_metric_model |            64.5 |
|        Norm/state_action_state_metric_model |            39.2 |
|                  Metric/self_state_distance |         0.00693 |
|                 Metric/cross_state_distance |            2.43 |
|           Metric/self_state_action_distance |          0.0529 |
|          Metric/cross_state_action_distance |            3.34 |
|             Metric/avg_self_state_asymmetry |               0 |
|            Metric/avg_cross_state_asymmetry |          0.0224 |
|                Metric/avg_self_sa_asymmetry |               0 |
|               Metric/avg_cross_sa_asymmetry |          0.0489 |
|  Metric/self_state_action_to_state_distance |         0.00996 |
| Metric/cross_state_action_to_state_distance |             3.3 |
|                   Metric/h_lambda_diff_self |           0.044 |
|                  Metric/h_lambda_diff_cross |          0.0545 |
|                                 Eval/Return |             861 |
-----------------------------------------------------------------
-----------------------------------------------------------------
|                                 Train/Steps |        7.76e+05 |
|                            Loss/Loss_critic |            0.15 |
|                             Loss/Loss_actor |           -71.3 |
|                             Loss/Loss_alpha |        -0.00133 |
|               Loss/Loss_state_action_metric |            2.98 |
|                      Loss/Loss_state_metric |            1.17 |
|             Loss/Loss_state_action_to_state |         0.00114 |
|                           Loss/Act_rep_loss |         0.00373 |
|                                   SAC/Alpha |           0.039 |
|                              SAC/LogPi_mean |           0.552 |
|                                 SAC/Q1_mean |            71.3 |
|                                 SAC/Q2_mean |            71.2 |
|                            Norm/actor_model |            94.4 |
|                           Norm/critic_model |             157 |
|              Norm/state_action_metric_model |            47.5 |
|                     Norm/state_metric_model |            70.8 |
|        Norm/state_action_state_metric_model |            41.9 |
|                  Metric/self_state_distance |         0.00734 |
|                 Metric/cross_state_distance |            2.42 |
|           Metric/self_state_action_distance |          0.0206 |
|          Metric/cross_state_action_distance |             3.3 |
|             Metric/avg_self_state_asymmetry |               0 |
|            Metric/avg_cross_state_asymmetry |          0.0208 |
|                Metric/avg_self_sa_asymmetry |               0 |
|               Metric/avg_cross_sa_asymmetry |          0.0361 |
|  Metric/self_state_action_to_state_distance |         0.00742 |
| Metric/cross_state_action_to_state_distance |            3.31 |
|                   Metric/h_lambda_diff_self |          0.0137 |
|                  Metric/h_lambda_diff_cross |          0.0381 |
|                                 Eval/Return |             857 |
-----------------------------------------------------------------
-----------------------------------------------------------------
|                                 Train/Steps |        9.04e+05 |
|                            Loss/Loss_critic |          0.0711 |
|                             Loss/Loss_actor |           -74.8 |
|                             Loss/Loss_alpha |        5.56e-05 |
|               Loss/Loss_state_action_metric |            2.54 |
|                      Loss/Loss_state_metric |            1.04 |
|             Loss/Loss_state_action_to_state |         0.00198 |
|                           Loss/Act_rep_loss |          0.0131 |
|                                   SAC/Alpha |          0.0346 |
|                              SAC/LogPi_mean |           0.507 |
|                                 SAC/Q1_mean |            74.8 |
|                                 SAC/Q2_mean |            74.9 |
|                            Norm/actor_model |             100 |
|                           Norm/critic_model |             163 |
|              Norm/state_action_metric_model |            50.5 |
|                     Norm/state_metric_model |              76 |
|        Norm/state_action_state_metric_model |            44.6 |
|                  Metric/self_state_distance |         0.00533 |
|                 Metric/cross_state_distance |            2.25 |
|           Metric/self_state_action_distance |          0.0201 |
|          Metric/cross_state_action_distance |            3.11 |
|             Metric/avg_self_state_asymmetry |               0 |
|            Metric/avg_cross_state_asymmetry |          0.0194 |
|                Metric/avg_self_sa_asymmetry |               0 |
|               Metric/avg_cross_sa_asymmetry |          0.0216 |
|  Metric/self_state_action_to_state_distance |          0.0178 |
| Metric/cross_state_action_to_state_distance |             3.1 |
|                   Metric/h_lambda_diff_self |          0.0131 |
|                  Metric/h_lambda_diff_cross |          0.0539 |
|                                 Eval/Return |             860 |
-----------------------------------------------------------------
-----------------------------------------------------------------
|                                 Train/Steps |        1.03e+06 |
|                            Loss/Loss_critic |           0.106 |
|                             Loss/Loss_actor |           -76.9 |
|                             Loss/Loss_alpha |        -0.00209 |
|               Loss/Loss_state_action_metric |             2.3 |
|                      Loss/Loss_state_metric |            1.11 |
|             Loss/Loss_state_action_to_state |         0.00102 |
|                           Loss/Act_rep_loss |          0.0019 |
|                                   SAC/Alpha |           0.031 |
|                              SAC/LogPi_mean |           0.595 |
|                                 SAC/Q1_mean |            76.9 |
|                                 SAC/Q2_mean |              77 |
|                            Norm/actor_model |             105 |
|                           Norm/critic_model |             168 |
|              Norm/state_action_metric_model |            53.4 |
|                     Norm/state_metric_model |            80.9 |
|        Norm/state_action_state_metric_model |            46.8 |
|                  Metric/self_state_distance |         0.00485 |
|                 Metric/cross_state_distance |             2.3 |
|           Metric/self_state_action_distance |          0.0375 |
|          Metric/cross_state_action_distance |            3.14 |
|             Metric/avg_self_state_asymmetry |               0 |
|            Metric/avg_cross_state_asymmetry |          0.0124 |
|                Metric/avg_self_sa_asymmetry |               0 |
|               Metric/avg_cross_sa_asymmetry |          0.0345 |
|  Metric/self_state_action_to_state_distance |         0.00777 |
| Metric/cross_state_action_to_state_distance |            3.14 |
|                   Metric/h_lambda_diff_self |          0.0299 |
|                  Metric/h_lambda_diff_cross |          0.0355 |
|                                 Eval/Return |             861 |
-----------------------------------------------------------------
[32mSaving model …[0m
[32mDone.[0m
[32mSaving model …[0m
[32mDone.[0m
-----------------------------------------------------------------
|                                 Train/Steps |        1.16e+06 |
|                            Loss/Loss_critic |          0.0744 |
|                             Loss/Loss_actor |           -79.2 |
|                             Loss/Loss_alpha |         0.00224 |
|               Loss/Loss_state_action_metric |            2.25 |
|                      Loss/Loss_state_metric |            1.16 |
|             Loss/Loss_state_action_to_state |         0.00105 |
|                           Loss/Act_rep_loss |         0.00693 |
|                                   SAC/Alpha |          0.0297 |
|                              SAC/LogPi_mean |           0.488 |
|                                 SAC/Q1_mean |            79.2 |
|                                 SAC/Q2_mean |            79.2 |
|                            Norm/actor_model |             110 |
|                           Norm/critic_model |             172 |
|              Norm/state_action_metric_model |            56.1 |
|                     Norm/state_metric_model |            85.6 |
|        Norm/state_action_state_metric_model |            49.4 |
|                  Metric/self_state_distance |         0.00345 |
|                 Metric/cross_state_distance |            2.35 |
|           Metric/self_state_action_distance |           0.066 |
|          Metric/cross_state_action_distance |            3.23 |
|             Metric/avg_self_state_asymmetry |               0 |
|            Metric/avg_cross_state_asymmetry |          0.0112 |
|                Metric/avg_self_sa_asymmetry |               0 |
|               Metric/avg_cross_sa_asymmetry |          0.0308 |
|  Metric/self_state_action_to_state_distance |         0.00745 |
| Metric/cross_state_action_to_state_distance |             3.2 |
|                   Metric/h_lambda_diff_self |          0.0588 |
|                  Metric/h_lambda_diff_cross |          0.0473 |
|                                 Eval/Return |             858 |
-----------------------------------------------------------------
-----------------------------------------------------------------
|                                 Train/Steps |        1.29e+06 |
|                            Loss/Loss_critic |          0.0603 |
|                             Loss/Loss_actor |           -78.3 |
|                             Loss/Loss_alpha |        -0.00172 |
|               Loss/Loss_state_action_metric |             2.3 |
|                      Loss/Loss_state_metric |            1.11 |
|             Loss/Loss_state_action_to_state |        0.000949 |
|                           Loss/Act_rep_loss |         0.00267 |
|                                   SAC/Alpha |          0.0261 |
|                              SAC/LogPi_mean |           0.612 |
|                                 SAC/Q1_mean |            78.2 |
|                                 SAC/Q2_mean |            78.2 |
|                            Norm/actor_model |             115 |
|                           Norm/critic_model |             176 |
|              Norm/state_action_metric_model |            58.7 |
|                     Norm/state_metric_model |              89 |
|        Norm/state_action_state_metric_model |            52.5 |
|                  Metric/self_state_distance |         0.00413 |
|                 Metric/cross_state_distance |             2.3 |
|           Metric/self_state_action_distance |          0.0171 |
|          Metric/cross_state_action_distance |            3.16 |
|             Metric/avg_self_state_asymmetry |               0 |
|            Metric/avg_cross_state_asymmetry |           0.013 |
|                Metric/avg_self_sa_asymmetry |               0 |
|               Metric/avg_cross_sa_asymmetry |          0.0325 |
|  Metric/self_state_action_to_state_distance |          0.0071 |
| Metric/cross_state_action_to_state_distance |            3.13 |
|                   Metric/h_lambda_diff_self |          0.0109 |
|                  Metric/h_lambda_diff_cross |          0.0408 |
|                                 Eval/Return |             856 |
-----------------------------------------------------------------
-----------------------------------------------------------------
|                                 Train/Steps |        1.42e+06 |
|                            Loss/Loss_critic |          0.0636 |
|                             Loss/Loss_actor |           -80.3 |
|                             Loss/Loss_alpha |        -0.00234 |
|               Loss/Loss_state_action_metric |            2.31 |
|                      Loss/Loss_state_metric |             1.1 |
|             Loss/Loss_state_action_to_state |         0.00241 |
|                           Loss/Act_rep_loss |         0.00656 |
|                                   SAC/Alpha |          0.0245 |
|                              SAC/LogPi_mean |           0.587 |
|                                 SAC/Q1_mean |            80.3 |
|                                 SAC/Q2_mean |            80.4 |
|                            Norm/actor_model |             119 |
|                           Norm/critic_model |             180 |
|              Norm/state_action_metric_model |            61.2 |
|                     Norm/state_metric_model |              93 |
|        Norm/state_action_state_metric_model |            55.1 |
|                  Metric/self_state_distance |         0.00289 |
|                 Metric/cross_state_distance |            2.27 |
|           Metric/self_state_action_distance |           0.025 |
|          Metric/cross_state_action_distance |             3.1 |
|             Metric/avg_self_state_asymmetry |               0 |
|            Metric/avg_cross_state_asymmetry |          0.0126 |
|                Metric/avg_self_sa_asymmetry |               0 |
|               Metric/avg_cross_sa_asymmetry |          0.0203 |
|  Metric/self_state_action_to_state_distance |          0.0284 |
| Metric/cross_state_action_to_state_distance |            3.09 |
|                   Metric/h_lambda_diff_self |          0.0249 |
|                  Metric/h_lambda_diff_cross |          0.0405 |
|                                 Eval/Return |             862 |
-----------------------------------------------------------------
-----------------------------------------------------------------
|                                 Train/Steps |        1.54e+06 |
|                            Loss/Loss_critic |          0.0512 |
|                             Loss/Loss_actor |           -81.8 |
|                             Loss/Loss_alpha |       -0.000156 |
|               Loss/Loss_state_action_metric |            1.99 |
|                      Loss/Loss_state_metric |           0.998 |
|             Loss/Loss_state_action_to_state |        0.000829 |
|                           Loss/Act_rep_loss |        0.000423 |
|                                   SAC/Alpha |          0.0252 |
|                              SAC/LogPi_mean |           0.479 |
|                                 SAC/Q1_mean |            81.8 |
|                                 SAC/Q2_mean |            81.8 |
|                            Norm/actor_model |             123 |
|                           Norm/critic_model |             184 |
|              Norm/state_action_metric_model |            63.7 |
|                     Norm/state_metric_model |            96.2 |
|        Norm/state_action_state_metric_model |            57.4 |
|                  Metric/self_state_distance |         0.00266 |
|                 Metric/cross_state_distance |            2.18 |
|           Metric/self_state_action_distance |          0.0124 |
|          Metric/cross_state_action_distance |            2.95 |
|             Metric/avg_self_state_asymmetry |               0 |
|            Metric/avg_cross_state_asymmetry |          0.0114 |
|                Metric/avg_self_sa_asymmetry |               0 |
|               Metric/avg_cross_sa_asymmetry |          0.0231 |
|  Metric/self_state_action_to_state_distance |         0.00475 |
| Metric/cross_state_action_to_state_distance |            2.97 |
|                   Metric/h_lambda_diff_self |         0.00821 |
|                  Metric/h_lambda_diff_cross |          0.0377 |
|                                 Eval/Return |             861 |
-----------------------------------------------------------------
-----------------------------------------------------------------
|                                 Train/Steps |        1.67e+06 |
|                            Loss/Loss_critic |          0.0675 |
|                             Loss/Loss_actor |           -82.5 |
|                             Loss/Loss_alpha |        0.000831 |
|               Loss/Loss_state_action_metric |            2.04 |
|                      Loss/Loss_state_metric |           0.987 |
|             Loss/Loss_state_action_to_state |         0.00416 |
|                           Loss/Act_rep_loss |         0.00253 |
|                                   SAC/Alpha |          0.0243 |
|                              SAC/LogPi_mean |           0.574 |
|                                 SAC/Q1_mean |            82.5 |
|                                 SAC/Q2_mean |            82.6 |
|                            Norm/actor_model |             126 |
|                           Norm/critic_model |             188 |
|              Norm/state_action_metric_model |              66 |
|                     Norm/state_metric_model |             100 |
|        Norm/state_action_state_metric_model |            59.7 |
|                  Metric/self_state_distance |         0.00357 |
|                 Metric/cross_state_distance |            2.16 |
|           Metric/self_state_action_distance |           0.016 |
|          Metric/cross_state_action_distance |            2.87 |
|             Metric/avg_self_state_asymmetry |               0 |
|            Metric/avg_cross_state_asymmetry |          0.0113 |
|                Metric/avg_self_sa_asymmetry |               0 |
|               Metric/avg_cross_sa_asymmetry |          0.0155 |
|  Metric/self_state_action_to_state_distance |          0.0351 |
| Metric/cross_state_action_to_state_distance |            2.88 |
|                   Metric/h_lambda_diff_self |          0.0292 |
|                  Metric/h_lambda_diff_cross |          0.0479 |
|                                 Eval/Return |             859 |
-----------------------------------------------------------------
-----------------------------------------------------------------
|                                 Train/Steps |         1.8e+06 |
|                            Loss/Loss_critic |          0.0292 |
|                             Loss/Loss_actor |           -83.8 |
|                             Loss/Loss_alpha |        -0.00183 |
|               Loss/Loss_state_action_metric |            2.22 |
|                      Loss/Loss_state_metric |            1.07 |
|             Loss/Loss_state_action_to_state |        0.000586 |
|                           Loss/Act_rep_loss |        0.000104 |
|                                   SAC/Alpha |          0.0246 |
|                              SAC/LogPi_mean |           0.563 |
|                                 SAC/Q1_mean |            83.8 |
|                                 SAC/Q2_mean |            83.8 |
|                            Norm/actor_model |             130 |
|                           Norm/critic_model |             192 |
|              Norm/state_action_metric_model |            68.3 |
|                     Norm/state_metric_model |             104 |
|        Norm/state_action_state_metric_model |            62.4 |
|                  Metric/self_state_distance |         0.00353 |
|                 Metric/cross_state_distance |             2.2 |
|           Metric/self_state_action_distance |          0.0146 |
|          Metric/cross_state_action_distance |            2.93 |
|             Metric/avg_self_state_asymmetry |               0 |
|            Metric/avg_cross_state_asymmetry |         0.00821 |
|                Metric/avg_self_sa_asymmetry |               0 |
|               Metric/avg_cross_sa_asymmetry |          0.0145 |
|  Metric/self_state_action_to_state_distance |         0.00548 |
| Metric/cross_state_action_to_state_distance |            2.93 |
|                   Metric/h_lambda_diff_self |          0.0104 |
|                  Metric/h_lambda_diff_cross |          0.0266 |
|                                 Eval/Return |             856 |
-----------------------------------------------------------------
-----------------------------------------------------------------
|                                 Train/Steps |        1.93e+06 |
|                            Loss/Loss_critic |          0.0682 |
|                             Loss/Loss_actor |           -82.3 |
|                             Loss/Loss_alpha |          0.0013 |
|               Loss/Loss_state_action_metric |            2.43 |
|                      Loss/Loss_state_metric |            1.01 |
|             Loss/Loss_state_action_to_state |        0.000866 |
|                           Loss/Act_rep_loss |         0.00476 |
|                                   SAC/Alpha |          0.0193 |
|                              SAC/LogPi_mean |           0.472 |
|                                 SAC/Q1_mean |            82.3 |
|                                 SAC/Q2_mean |            82.3 |
|                            Norm/actor_model |             133 |
|                           Norm/critic_model |             195 |
|              Norm/state_action_metric_model |            70.5 |
|                     Norm/state_metric_model |             108 |
|        Norm/state_action_state_metric_model |            64.9 |
|                  Metric/self_state_distance |          0.0147 |
|                 Metric/cross_state_distance |            2.17 |
|           Metric/self_state_action_distance |          0.0111 |
|          Metric/cross_state_action_distance |            2.95 |
|             Metric/avg_self_state_asymmetry |               0 |
|            Metric/avg_cross_state_asymmetry |          0.0125 |
|                Metric/avg_self_sa_asymmetry |               0 |
|               Metric/avg_cross_sa_asymmetry |          0.0176 |
|  Metric/self_state_action_to_state_distance |         0.00401 |
| Metric/cross_state_action_to_state_distance |            2.94 |
|                   Metric/h_lambda_diff_self |         0.00725 |
|                  Metric/h_lambda_diff_cross |          0.0284 |
|                                 Eval/Return |             860 |
-----------------------------------------------------------------
-----------------------------------------------------------------
|                                 Train/Steps |        2.06e+06 |
|                            Loss/Loss_critic |          0.0495 |
|                             Loss/Loss_actor |           -85.8 |
|                             Loss/Loss_alpha |        -0.00194 |
|               Loss/Loss_state_action_metric |            1.79 |
|                      Loss/Loss_state_metric |            0.84 |
|             Loss/Loss_state_action_to_state |         0.00151 |
|                           Loss/Act_rep_loss |         0.00365 |
|                                   SAC/Alpha |          0.0193 |
|                              SAC/LogPi_mean |           0.562 |
|                                 SAC/Q1_mean |            85.8 |
|                                 SAC/Q2_mean |            85.8 |
|                            Norm/actor_model |             137 |
|                           Norm/critic_model |             199 |
|              Norm/state_action_metric_model |            72.7 |
|                     Norm/state_metric_model |             111 |
|        Norm/state_action_state_metric_model |            67.3 |
|                  Metric/self_state_distance |         0.00454 |
|                 Metric/cross_state_distance |            1.98 |
|           Metric/self_state_action_distance |          0.0163 |
|          Metric/cross_state_action_distance |            2.65 |
|             Metric/avg_self_state_asymmetry |               0 |
|            Metric/avg_cross_state_asymmetry |         0.00997 |
|                Metric/avg_self_sa_asymmetry |               0 |
|               Metric/avg_cross_sa_asymmetry |          0.0163 |
|  Metric/self_state_action_to_state_distance |         0.00404 |
| Metric/cross_state_action_to_state_distance |            2.65 |
|                   Metric/h_lambda_diff_self |          0.0129 |
|                  Metric/h_lambda_diff_cross |          0.0283 |
|                                 Eval/Return |             861 |
-----------------------------------------------------------------
[32mSaving model …[0m
[32mDone.[0m
[32mSaving model …[0m
[32mDone.[0m
[32mSaving model …[0m
[32mDone.[0m
[32mSaving model …[0m
[32mDone.[0m
