E0902 03:30:35.866751 1171253 cuda_executor.cc:1526] Could not get kernel mode driver version: (INVALID_ARGUMENT: Version does not match the format X.Y.Z)
E0902 03:30:35.876260 1171144 cuda_executor.cc:1526] Could not get kernel mode driver version: (INVALID_ARGUMENT: Version does not match the format X.Y.Z)
[32mStart prefilling replay buffer[0m
[32mStart SAC training[0m
[32m{'log_freq': 1000, 'save_freq': 1000000, 'eval_episode_freq': 10, 'hidden_size': 256, 'lr': 0.001, 'max_grad_norm': 0.0, 'gamma': 0.99, 'update_tau': 0.005, 'train_per_step': 8, 'episode_length': 1000, 'warmup_samples': 8192, 'max_replay_size': 4000000, 'batch_size': 512, 'total_env_steps': 5000000, 'init_temperature': 0.1, 'nstep': 1, 'bootstrap_on_truncation': True, 'rep_lr_scale': 1.5, 'vis_feq': 100000, 'n_vis_frames': 4, 'num_envs': 128, 'grad_steps': 50, 'transfer_freq': 10, 'transfer_steps': 8, 'reward_scaling': 1.0, 'num_eval_envs': 128, 'target_entropy': -3.0}[0m
[32m[nstep] nstep=1 bootstrap_on_truncation=True (discount from the buffer already contains gamma^nstep)[0m
-----------------------------------------------------------------
|                                 Train/Steps |        1.36e+05 |
|                            Loss/Loss_critic |          0.0522 |
|                             Loss/Loss_actor |            -7.2 |
|                             Loss/Loss_alpha |        -0.00449 |
|               Loss/Loss_state_action_metric |            0.15 |
|                      Loss/Loss_state_metric |          0.0834 |
|             Loss/Loss_state_action_to_state |         0.00132 |
|                           Loss/Act_rep_loss |         0.00231 |
|                                   SAC/Alpha |         0.00787 |
|                              SAC/LogPi_mean |            3.79 |
|                                 SAC/Q1_mean |            7.13 |
|                                 SAC/Q2_mean |            7.09 |
|                            Norm/actor_model |            39.1 |
|                           Norm/critic_model |            46.4 |
|              Norm/state_action_metric_model |            31.6 |
|                     Norm/state_metric_model |            31.7 |
|        Norm/state_action_state_metric_model |            31.3 |
|                  Metric/self_state_distance |         0.00471 |
|                 Metric/cross_state_distance |            1.33 |
|           Metric/self_state_action_distance |         0.00372 |
|          Metric/cross_state_action_distance |            1.45 |
|             Metric/avg_self_state_asymmetry |               0 |
|            Metric/avg_cross_state_asymmetry |          0.0173 |
|                Metric/avg_self_sa_asymmetry |               0 |
|               Metric/avg_cross_sa_asymmetry |          0.0229 |
|  Metric/self_state_action_to_state_distance |         0.00242 |
| Metric/cross_state_action_to_state_distance |            1.45 |
|                   Metric/h_lambda_diff_self |         0.00313 |
|                  Metric/h_lambda_diff_cross |          0.0367 |
|                                 Eval/Return |             516 |
-----------------------------------------------------------------
-----------------------------------------------------------------
|                                 Train/Steps |        2.64e+05 |
|                            Loss/Loss_critic |           0.113 |
|                             Loss/Loss_actor |           -21.6 |
|                             Loss/Loss_alpha |         0.00242 |
|               Loss/Loss_state_action_metric |           0.686 |
|                      Loss/Loss_state_metric |           0.456 |
|             Loss/Loss_state_action_to_state |         0.00127 |
|                           Loss/Act_rep_loss |         0.00439 |
|                                   SAC/Alpha |          0.0259 |
|                              SAC/LogPi_mean |            3.05 |
|                                 SAC/Q1_mean |            21.2 |
|                                 SAC/Q2_mean |            21.1 |
|                            Norm/actor_model |            52.4 |
|                           Norm/critic_model |            66.2 |
|              Norm/state_action_metric_model |            35.5 |
|                     Norm/state_metric_model |              35 |
|        Norm/state_action_state_metric_model |            35.1 |
|                  Metric/self_state_distance |         0.00463 |
|                 Metric/cross_state_distance |            1.97 |
|           Metric/self_state_action_distance |         0.00987 |
|          Metric/cross_state_action_distance |            2.26 |
|             Metric/avg_self_state_asymmetry |               0 |
|            Metric/avg_cross_state_asymmetry |          0.0151 |
|                Metric/avg_self_sa_asymmetry |               0 |
|               Metric/avg_cross_sa_asymmetry |          0.0242 |
|  Metric/self_state_action_to_state_distance |         0.00287 |
| Metric/cross_state_action_to_state_distance |            2.25 |
|                   Metric/h_lambda_diff_self |         0.00724 |
|                  Metric/h_lambda_diff_cross |          0.0325 |
|                                 Eval/Return |             765 |
-----------------------------------------------------------------
-----------------------------------------------------------------
|                                 Train/Steps |        3.92e+05 |
|                            Loss/Loss_critic |           0.067 |
|                             Loss/Loss_actor |           -38.9 |
|                             Loss/Loss_alpha |         0.00291 |
|               Loss/Loss_state_action_metric |           0.805 |
|                      Loss/Loss_state_metric |           0.521 |
|             Loss/Loss_state_action_to_state |         0.00104 |
|                           Loss/Act_rep_loss |         0.00361 |
|                                   SAC/Alpha |           0.012 |
|                              SAC/LogPi_mean |            2.82 |
|                                 SAC/Q1_mean |            38.8 |
|                                 SAC/Q2_mean |            38.8 |
|                            Norm/actor_model |            60.8 |
|                           Norm/critic_model |            75.8 |
|              Norm/state_action_metric_model |            39.7 |
|                     Norm/state_metric_model |            38.8 |
|        Norm/state_action_state_metric_model |            39.1 |
|                  Metric/self_state_distance |         0.00324 |
|                 Metric/cross_state_distance |             2.1 |
|           Metric/self_state_action_distance |         0.00564 |
|          Metric/cross_state_action_distance |            2.44 |
|             Metric/avg_self_state_asymmetry |               0 |
|            Metric/avg_cross_state_asymmetry |          0.0177 |
|                Metric/avg_self_sa_asymmetry |               0 |
|               Metric/avg_cross_sa_asymmetry |          0.0251 |
|  Metric/self_state_action_to_state_distance |         0.00521 |
| Metric/cross_state_action_to_state_distance |            2.45 |
|                   Metric/h_lambda_diff_self |         0.00559 |
|                  Metric/h_lambda_diff_cross |          0.0258 |
|                                 Eval/Return |             956 |
-----------------------------------------------------------------
-----------------------------------------------------------------
|                                 Train/Steps |         5.2e+05 |
|                            Loss/Loss_critic |           0.114 |
|                             Loss/Loss_actor |           -53.3 |
|                             Loss/Loss_alpha |        -0.00354 |
|               Loss/Loss_state_action_metric |           0.773 |
|                      Loss/Loss_state_metric |           0.524 |
|             Loss/Loss_state_action_to_state |        0.000708 |
|                           Loss/Act_rep_loss |         0.00295 |
|                                   SAC/Alpha |          0.0119 |
|                              SAC/LogPi_mean |            3.52 |
|                                 SAC/Q1_mean |            53.3 |
|                                 SAC/Q2_mean |            53.2 |
|                            Norm/actor_model |              67 |
|                           Norm/critic_model |            83.2 |
|              Norm/state_action_metric_model |            43.8 |
|                     Norm/state_metric_model |            42.7 |
|        Norm/state_action_state_metric_model |            42.7 |
|                  Metric/self_state_distance |         0.00106 |
|                 Metric/cross_state_distance |            2.05 |
|           Metric/self_state_action_distance |         0.00157 |
|          Metric/cross_state_action_distance |            2.34 |
|             Metric/avg_self_state_asymmetry |               0 |
|            Metric/avg_cross_state_asymmetry |          0.0118 |
|                Metric/avg_self_sa_asymmetry |               0 |
|               Metric/avg_cross_sa_asymmetry |          0.0161 |
|  Metric/self_state_action_to_state_distance |         0.00238 |
| Metric/cross_state_action_to_state_distance |            2.36 |
|                   Metric/h_lambda_diff_self |         0.00183 |
|                  Metric/h_lambda_diff_cross |          0.0293 |
|                                 Eval/Return |             961 |
-----------------------------------------------------------------
-----------------------------------------------------------------
|                                 Train/Steps |        6.48e+05 |
|                            Loss/Loss_critic |          0.0955 |
|                             Loss/Loss_actor |           -63.2 |
|                             Loss/Loss_alpha |         0.00366 |
|               Loss/Loss_state_action_metric |           0.623 |
|                      Loss/Loss_state_metric |           0.421 |
|             Loss/Loss_state_action_to_state |        0.000702 |
|                           Loss/Act_rep_loss |         0.00325 |
|                                   SAC/Alpha |          0.0113 |
|                              SAC/LogPi_mean |            3.12 |
|                                 SAC/Q1_mean |            63.1 |
|                                 SAC/Q2_mean |            63.1 |
|                            Norm/actor_model |            72.8 |
|                           Norm/critic_model |            89.4 |
|              Norm/state_action_metric_model |            47.7 |
|                     Norm/state_metric_model |            46.6 |
|        Norm/state_action_state_metric_model |            46.2 |
|                  Metric/self_state_distance |          0.0039 |
|                 Metric/cross_state_distance |            1.83 |
|           Metric/self_state_action_distance |         0.00246 |
|          Metric/cross_state_action_distance |            2.08 |
|             Metric/avg_self_state_asymmetry |               0 |
|            Metric/avg_cross_state_asymmetry |          0.0113 |
|                Metric/avg_self_sa_asymmetry |               0 |
|               Metric/avg_cross_sa_asymmetry |          0.0138 |
|  Metric/self_state_action_to_state_distance |         0.00188 |
| Metric/cross_state_action_to_state_distance |            2.07 |
|                   Metric/h_lambda_diff_self |         0.00211 |
|                  Metric/h_lambda_diff_cross |          0.0205 |
|                                 Eval/Return |             964 |
-----------------------------------------------------------------
-----------------------------------------------------------------
|                                 Train/Steps |        7.76e+05 |
|                            Loss/Loss_critic |           0.092 |
|                             Loss/Loss_actor |           -71.8 |
|                             Loss/Loss_alpha |          0.0025 |
|               Loss/Loss_state_action_metric |           0.546 |
|                      Loss/Loss_state_metric |           0.376 |
|             Loss/Loss_state_action_to_state |        0.000673 |
|                           Loss/Act_rep_loss |         0.00165 |
|                                   SAC/Alpha |         0.00986 |
|                              SAC/LogPi_mean |            2.73 |
|                                 SAC/Q1_mean |            71.7 |
|                                 SAC/Q2_mean |            71.7 |
|                            Norm/actor_model |              78 |
|                           Norm/critic_model |            95.2 |
|              Norm/state_action_metric_model |            51.3 |
|                     Norm/state_metric_model |            50.5 |
|        Norm/state_action_state_metric_model |            49.7 |
|                  Metric/self_state_distance |         0.00148 |
|                 Metric/cross_state_distance |            1.76 |
|           Metric/self_state_action_distance |          0.0023 |
|          Metric/cross_state_action_distance |            1.98 |
|             Metric/avg_self_state_asymmetry |               0 |
|            Metric/avg_cross_state_asymmetry |         0.00835 |
|                Metric/avg_self_sa_asymmetry |               0 |
|               Metric/avg_cross_sa_asymmetry |          0.0144 |
|  Metric/self_state_action_to_state_distance |        0.000401 |
| Metric/cross_state_action_to_state_distance |            1.98 |
|                   Metric/h_lambda_diff_self |         0.00204 |
|                  Metric/h_lambda_diff_cross |          0.0164 |
|                                 Eval/Return |             962 |
-----------------------------------------------------------------
-----------------------------------------------------------------
|                                 Train/Steps |        9.04e+05 |
|                            Loss/Loss_critic |          0.0669 |
|                             Loss/Loss_actor |           -77.6 |
|                             Loss/Loss_alpha |         0.00201 |
|               Loss/Loss_state_action_metric |           0.496 |
|                      Loss/Loss_state_metric |           0.323 |
|             Loss/Loss_state_action_to_state |        0.000535 |
|                           Loss/Act_rep_loss |         0.00247 |
|                                   SAC/Alpha |         0.00801 |
|                              SAC/LogPi_mean |            2.62 |
|                                 SAC/Q1_mean |            77.5 |
|                                 SAC/Q2_mean |            77.5 |
|                            Norm/actor_model |            82.6 |
|                           Norm/critic_model |             100 |
|              Norm/state_action_metric_model |            54.8 |
|                     Norm/state_metric_model |            54.3 |
|        Norm/state_action_state_metric_model |            52.9 |
|                  Metric/self_state_distance |         0.00112 |
|                 Metric/cross_state_distance |            1.64 |
|           Metric/self_state_action_distance |         0.00216 |
|          Metric/cross_state_action_distance |            1.83 |
|             Metric/avg_self_state_asymmetry |               0 |
|            Metric/avg_cross_state_asymmetry |         0.00812 |
|                Metric/avg_self_sa_asymmetry |               0 |
|               Metric/avg_cross_sa_asymmetry |           0.013 |
|  Metric/self_state_action_to_state_distance |         0.00222 |
| Metric/cross_state_action_to_state_distance |            1.84 |
|                   Metric/h_lambda_diff_self |         0.00184 |
|                  Metric/h_lambda_diff_cross |          0.0179 |
|                                 Eval/Return |             962 |
-----------------------------------------------------------------
-----------------------------------------------------------------
|                                 Train/Steps |        1.03e+06 |
|                            Loss/Loss_critic |          0.0657 |
|                             Loss/Loss_actor |           -80.9 |
|                             Loss/Loss_alpha |       -0.000583 |
|               Loss/Loss_state_action_metric |           0.496 |
|                      Loss/Loss_state_metric |           0.336 |
|             Loss/Loss_state_action_to_state |        0.000501 |
|                           Loss/Act_rep_loss |         0.00304 |
|                                   SAC/Alpha |         0.00783 |
|                              SAC/LogPi_mean |            3.13 |
|                                 SAC/Q1_mean |            80.8 |
|                                 SAC/Q2_mean |            80.8 |
|                            Norm/actor_model |            86.9 |
|                           Norm/critic_model |             105 |
|              Norm/state_action_metric_model |            58.1 |
|                     Norm/state_metric_model |            58.2 |
|        Norm/state_action_state_metric_model |            56.1 |
|                  Metric/self_state_distance |         0.00143 |
|                 Metric/cross_state_distance |            1.67 |
|           Metric/self_state_action_distance |            0.03 |
|          Metric/cross_state_action_distance |            1.88 |
|             Metric/avg_self_state_asymmetry |               0 |
|            Metric/avg_cross_state_asymmetry |         0.00864 |
|                Metric/avg_self_sa_asymmetry |               0 |
|               Metric/avg_cross_sa_asymmetry |          0.0135 |
|  Metric/self_state_action_to_state_distance |         0.00304 |
| Metric/cross_state_action_to_state_distance |            1.87 |
|                   Metric/h_lambda_diff_self |          0.0284 |
|                  Metric/h_lambda_diff_cross |          0.0167 |
|                                 Eval/Return |             964 |
-----------------------------------------------------------------
[32mSaving model …[0m
[32mDone.[0m
[32mSaving model …[0m
[32mDone.[0m
-----------------------------------------------------------------
|                                 Train/Steps |        1.16e+06 |
|                            Loss/Loss_critic |          0.0755 |
|                             Loss/Loss_actor |           -84.3 |
|                             Loss/Loss_alpha |        0.000107 |
|               Loss/Loss_state_action_metric |           0.486 |
|                      Loss/Loss_state_metric |           0.325 |
|             Loss/Loss_state_action_to_state |        0.000392 |
|                           Loss/Act_rep_loss |         0.00354 |
|                                   SAC/Alpha |         0.00724 |
|                              SAC/LogPi_mean |            2.99 |
|                                 SAC/Q1_mean |            84.2 |
|                                 SAC/Q2_mean |            84.2 |
|                            Norm/actor_model |            90.8 |
|                           Norm/critic_model |             110 |
|              Norm/state_action_metric_model |            61.2 |
|                     Norm/state_metric_model |            61.6 |
|        Norm/state_action_state_metric_model |            59.1 |
|                  Metric/self_state_distance |         0.00283 |
|                 Metric/cross_state_distance |            1.64 |
|           Metric/self_state_action_distance |         0.00184 |
|          Metric/cross_state_action_distance |             1.8 |
|             Metric/avg_self_state_asymmetry |               0 |
|            Metric/avg_cross_state_asymmetry |         0.00717 |
|                Metric/avg_self_sa_asymmetry |               0 |
|               Metric/avg_cross_sa_asymmetry |           0.012 |
|  Metric/self_state_action_to_state_distance |         0.00041 |
| Metric/cross_state_action_to_state_distance |            1.82 |
|                   Metric/h_lambda_diff_self |         0.00152 |
|                  Metric/h_lambda_diff_cross |          0.0295 |
|                                 Eval/Return |             966 |
-----------------------------------------------------------------
-----------------------------------------------------------------
|                                 Train/Steps |        1.29e+06 |
|                            Loss/Loss_critic |          0.0736 |
|                             Loss/Loss_actor |           -85.5 |
|                             Loss/Loss_alpha |        -0.00282 |
|               Loss/Loss_state_action_metric |           0.474 |
|                      Loss/Loss_state_metric |           0.325 |
|             Loss/Loss_state_action_to_state |        0.000638 |
|                           Loss/Act_rep_loss |         0.00755 |
|                                   SAC/Alpha |         0.00632 |
|                              SAC/LogPi_mean |            3.55 |
|                                 SAC/Q1_mean |            85.5 |
|                                 SAC/Q2_mean |            85.6 |
|                            Norm/actor_model |            94.6 |
|                           Norm/critic_model |             114 |
|              Norm/state_action_metric_model |            64.3 |
|                     Norm/state_metric_model |            65.3 |
|        Norm/state_action_state_metric_model |            62.1 |
|                  Metric/self_state_distance |         0.00033 |
|                 Metric/cross_state_distance |            1.62 |
|           Metric/self_state_action_distance |        0.000807 |
|          Metric/cross_state_action_distance |            1.84 |
|             Metric/avg_self_state_asymmetry |               0 |
|            Metric/avg_cross_state_asymmetry |         0.00851 |
|                Metric/avg_self_sa_asymmetry |               0 |
|               Metric/avg_cross_sa_asymmetry |          0.0125 |
|  Metric/self_state_action_to_state_distance |        2.74e-05 |
| Metric/cross_state_action_to_state_distance |            1.82 |
|                   Metric/h_lambda_diff_self |         0.00078 |
|                  Metric/h_lambda_diff_cross |            0.03 |
|                                 Eval/Return |             967 |
-----------------------------------------------------------------
-----------------------------------------------------------------
|                                 Train/Steps |        1.42e+06 |
|                            Loss/Loss_critic |          0.0757 |
|                             Loss/Loss_actor |           -88.7 |
|                             Loss/Loss_alpha |         0.00225 |
|               Loss/Loss_state_action_metric |           0.354 |
|                      Loss/Loss_state_metric |           0.242 |
|             Loss/Loss_state_action_to_state |        0.000343 |
|                           Loss/Act_rep_loss |        0.000982 |
|                                   SAC/Alpha |           0.006 |
|                              SAC/LogPi_mean |             2.6 |
|                                 SAC/Q1_mean |            88.7 |
|                                 SAC/Q2_mean |            88.6 |
|                            Norm/actor_model |            98.1 |
|                           Norm/critic_model |             118 |
|              Norm/state_action_metric_model |            67.2 |
|                     Norm/state_metric_model |            68.5 |
|        Norm/state_action_state_metric_model |              65 |
|                  Metric/self_state_distance |         0.00133 |
|                 Metric/cross_state_distance |            1.48 |
|           Metric/self_state_action_distance |        0.000713 |
|          Metric/cross_state_action_distance |            1.62 |
|             Metric/avg_self_state_asymmetry |               0 |
|            Metric/avg_cross_state_asymmetry |         0.00662 |
|                Metric/avg_self_sa_asymmetry |               0 |
|               Metric/avg_cross_sa_asymmetry |          0.0102 |
|  Metric/self_state_action_to_state_distance |        0.000293 |
| Metric/cross_state_action_to_state_distance |            1.62 |
|                   Metric/h_lambda_diff_self |        0.000672 |
|                  Metric/h_lambda_diff_cross |          0.0113 |
|                                 Eval/Return |             966 |
-----------------------------------------------------------------
-----------------------------------------------------------------
|                                 Train/Steps |        1.54e+06 |
|                            Loss/Loss_critic |          0.0595 |
|                             Loss/Loss_actor |           -89.2 |
|                             Loss/Loss_alpha |        -3.3e-05 |
|               Loss/Loss_state_action_metric |           0.461 |
|                      Loss/Loss_state_metric |           0.298 |
|             Loss/Loss_state_action_to_state |        0.000379 |
|                           Loss/Act_rep_loss |         0.00606 |
|                                   SAC/Alpha |         0.00566 |
|                              SAC/LogPi_mean |            3.21 |
|                                 SAC/Q1_mean |            89.2 |
|                                 SAC/Q2_mean |            89.2 |
|                            Norm/actor_model |             102 |
|                           Norm/critic_model |             122 |
|              Norm/state_action_metric_model |              70 |
|                     Norm/state_metric_model |            71.8 |
|        Norm/state_action_state_metric_model |            67.8 |
|                  Metric/self_state_distance |         0.00693 |
|                 Metric/cross_state_distance |            1.58 |
|           Metric/self_state_action_distance |         0.00423 |
|          Metric/cross_state_action_distance |            1.75 |
|             Metric/avg_self_state_asymmetry |               0 |
|            Metric/avg_cross_state_asymmetry |          0.0072 |
|                Metric/avg_self_sa_asymmetry |               0 |
|               Metric/avg_cross_sa_asymmetry |         0.00969 |
|  Metric/self_state_action_to_state_distance |        0.000426 |
| Metric/cross_state_action_to_state_distance |            1.74 |
|                   Metric/h_lambda_diff_self |         0.00402 |
|                  Metric/h_lambda_diff_cross |          0.0147 |
|                                 Eval/Return |             968 |
-----------------------------------------------------------------
-----------------------------------------------------------------
|                                 Train/Steps |        1.67e+06 |
|                            Loss/Loss_critic |          0.0335 |
|                             Loss/Loss_actor |             -91 |
|                             Loss/Loss_alpha |        0.000677 |
|               Loss/Loss_state_action_metric |            0.37 |
|                      Loss/Loss_state_metric |           0.233 |
|             Loss/Loss_state_action_to_state |        0.000381 |
|                           Loss/Act_rep_loss |         0.00408 |
|                                   SAC/Alpha |         0.00537 |
|                              SAC/LogPi_mean |            2.79 |
|                                 SAC/Q1_mean |            90.9 |
|                                 SAC/Q2_mean |            90.9 |
|                            Norm/actor_model |             105 |
|                           Norm/critic_model |             126 |
|              Norm/state_action_metric_model |            72.7 |
|                     Norm/state_metric_model |              75 |
|        Norm/state_action_state_metric_model |            70.3 |
|                  Metric/self_state_distance |        0.000822 |
|                 Metric/cross_state_distance |            1.47 |
|           Metric/self_state_action_distance |         0.00297 |
|          Metric/cross_state_action_distance |            1.59 |
|             Metric/avg_self_state_asymmetry |               0 |
|            Metric/avg_cross_state_asymmetry |         0.00572 |
|                Metric/avg_self_sa_asymmetry |               0 |
|               Metric/avg_cross_sa_asymmetry |         0.00984 |
|  Metric/self_state_action_to_state_distance |        0.000836 |
| Metric/cross_state_action_to_state_distance |            1.59 |
|                   Metric/h_lambda_diff_self |         0.00314 |
|                  Metric/h_lambda_diff_cross |          0.0124 |
|                                 Eval/Return |             968 |
-----------------------------------------------------------------
-----------------------------------------------------------------
|                                 Train/Steps |         1.8e+06 |
|                            Loss/Loss_critic |          0.0891 |
|                             Loss/Loss_actor |           -91.5 |
|                             Loss/Loss_alpha |        -0.00194 |
|               Loss/Loss_state_action_metric |           0.384 |
|                      Loss/Loss_state_metric |           0.264 |
|             Loss/Loss_state_action_to_state |        0.000446 |
|                           Loss/Act_rep_loss |         0.00492 |
|                                   SAC/Alpha |         0.00514 |
|                              SAC/LogPi_mean |            3.34 |
|                                 SAC/Q1_mean |            91.4 |
|                                 SAC/Q2_mean |            91.5 |
|                            Norm/actor_model |             108 |
|                           Norm/critic_model |             130 |
|              Norm/state_action_metric_model |            75.4 |
|                     Norm/state_metric_model |            78.3 |
|        Norm/state_action_state_metric_model |            72.9 |
|                  Metric/self_state_distance |         0.00054 |
|                 Metric/cross_state_distance |            1.53 |
|           Metric/self_state_action_distance |         0.00104 |
|          Metric/cross_state_action_distance |            1.68 |
|             Metric/avg_self_state_asymmetry |               0 |
|            Metric/avg_cross_state_asymmetry |         0.00784 |
|                Metric/avg_self_sa_asymmetry |               0 |
|               Metric/avg_cross_sa_asymmetry |          0.0111 |
|  Metric/self_state_action_to_state_distance |        0.000262 |
| Metric/cross_state_action_to_state_distance |            1.68 |
|                   Metric/h_lambda_diff_self |        0.000885 |
|                  Metric/h_lambda_diff_cross |          0.0139 |
|                                 Eval/Return |             965 |
-----------------------------------------------------------------
-----------------------------------------------------------------
|                                 Train/Steps |        1.93e+06 |
|                            Loss/Loss_critic |          0.0581 |
|                             Loss/Loss_actor |           -92.1 |
|                             Loss/Loss_alpha |         0.00069 |
|               Loss/Loss_state_action_metric |           0.385 |
|                      Loss/Loss_state_metric |           0.261 |
|             Loss/Loss_state_action_to_state |        0.000314 |
|                           Loss/Act_rep_loss |        0.000547 |
|                                   SAC/Alpha |          0.0048 |
|                              SAC/LogPi_mean |            2.87 |
|                                 SAC/Q1_mean |            92.1 |
|                                 SAC/Q2_mean |              92 |
|                            Norm/actor_model |             111 |
|                           Norm/critic_model |             134 |
|              Norm/state_action_metric_model |              78 |
|                     Norm/state_metric_model |            81.1 |
|        Norm/state_action_state_metric_model |            75.6 |
|                  Metric/self_state_distance |        0.000282 |
|                 Metric/cross_state_distance |            1.51 |
|           Metric/self_state_action_distance |        0.000444 |
|          Metric/cross_state_action_distance |            1.66 |
|             Metric/avg_self_state_asymmetry |               0 |
|            Metric/avg_cross_state_asymmetry |         0.00566 |
|                Metric/avg_self_sa_asymmetry |               0 |
|               Metric/avg_cross_sa_asymmetry |         0.00955 |
|  Metric/self_state_action_to_state_distance |        0.000699 |
| Metric/cross_state_action_to_state_distance |            1.65 |
|                   Metric/h_lambda_diff_self |        0.000721 |
|                  Metric/h_lambda_diff_cross |          0.0168 |
|                                 Eval/Return |             967 |
-----------------------------------------------------------------
-----------------------------------------------------------------
|                                 Train/Steps |        2.06e+06 |
|                            Loss/Loss_critic |           0.066 |
|                             Loss/Loss_actor |           -93.1 |
|                             Loss/Loss_alpha |         0.00168 |
|               Loss/Loss_state_action_metric |           0.288 |
|                      Loss/Loss_state_metric |           0.196 |
|             Loss/Loss_state_action_to_state |        0.000298 |
|                           Loss/Act_rep_loss |        0.000938 |
|                                   SAC/Alpha |         0.00451 |
|                              SAC/LogPi_mean |             2.5 |
|                                 SAC/Q1_mean |            93.1 |
|                                 SAC/Q2_mean |            93.1 |
|                            Norm/actor_model |             113 |
|                           Norm/critic_model |             137 |
|              Norm/state_action_metric_model |            80.5 |
|                     Norm/state_metric_model |            84.2 |
|        Norm/state_action_state_metric_model |            78.1 |
|                  Metric/self_state_distance |         0.00162 |
|                 Metric/cross_state_distance |             1.4 |
|           Metric/self_state_action_distance |         0.00116 |
|          Metric/cross_state_action_distance |            1.53 |
|             Metric/avg_self_state_asymmetry |               0 |
|            Metric/avg_cross_state_asymmetry |         0.00665 |
|                Metric/avg_self_sa_asymmetry |               0 |
|               Metric/avg_cross_sa_asymmetry |          0.0098 |
|  Metric/self_state_action_to_state_distance |         0.00132 |
| Metric/cross_state_action_to_state_distance |            1.51 |
|                   Metric/h_lambda_diff_self |         0.00128 |
|                  Metric/h_lambda_diff_cross |          0.0214 |
|                                 Eval/Return |             965 |
-----------------------------------------------------------------
[32mSaving model …[0m
[32mDone.[0m
[32mSaving model …[0m
[32mDone.[0m
-----------------------------------------------------------------
|                                 Train/Steps |        2.18e+06 |
|                            Loss/Loss_critic |          0.0891 |
|                             Loss/Loss_actor |           -93.3 |
|                             Loss/Loss_alpha |        6.59e-05 |
|               Loss/Loss_state_action_metric |           0.313 |
|                      Loss/Loss_state_metric |           0.217 |
|             Loss/Loss_state_action_to_state |        0.000382 |
|                           Loss/Act_rep_loss |         0.00214 |
|                                   SAC/Alpha |         0.00426 |
|                              SAC/LogPi_mean |               3 |
|                                 SAC/Q1_mean |            93.4 |
|                                 SAC/Q2_mean |            93.3 |
|                            Norm/actor_model |             116 |
|                           Norm/critic_model |             141 |
|              Norm/state_action_metric_model |              83 |
|                     Norm/state_metric_model |            87.1 |
|        Norm/state_action_state_metric_model |            80.5 |
|                  Metric/self_state_distance |        0.000148 |
|                 Metric/cross_state_distance |            1.43 |
|           Metric/self_state_action_distance |         0.00716 |
|          Metric/cross_state_action_distance |            1.56 |
|             Metric/avg_self_state_asymmetry |               0 |
|            Metric/avg_cross_state_asymmetry |         0.00625 |
|                Metric/avg_self_sa_asymmetry |               0 |
|               Metric/avg_cross_sa_asymmetry |         0.00935 |
|  Metric/self_state_action_to_state_distance |        0.000885 |
| Metric/cross_state_action_to_state_distance |            1.54 |
|                   Metric/h_lambda_diff_self |         0.00658 |
|                  Metric/h_lambda_diff_cross |          0.0235 |
|                                 Eval/Return |             962 |
-----------------------------------------------------------------
-----------------------------------------------------------------
|                                 Train/Steps |        2.31e+06 |
|                            Loss/Loss_critic |          0.0468 |
|                             Loss/Loss_actor |           -93.3 |
|                             Loss/Loss_alpha |        0.000273 |
|               Loss/Loss_state_action_metric |           0.448 |
|                      Loss/Loss_state_metric |           0.209 |
|             Loss/Loss_state_action_to_state |        0.000265 |
|                           Loss/Act_rep_loss |         0.00217 |
|                                   SAC/Alpha |         0.00398 |
|                              SAC/LogPi_mean |               3 |
|                                 SAC/Q1_mean |            93.3 |
|                                 SAC/Q2_mean |            93.3 |
|                            Norm/actor_model |             118 |
|                           Norm/critic_model |             145 |
|              Norm/state_action_metric_model |            85.5 |
|                     Norm/state_metric_model |              90 |
|        Norm/state_action_state_metric_model |              83 |
|                  Metric/self_state_distance |        0.000515 |
|                 Metric/cross_state_distance |            1.42 |
|           Metric/self_state_action_distance |         0.00253 |
|          Metric/cross_state_action_distance |            1.55 |
|             Metric/avg_self_state_asymmetry |               0 |
|            Metric/avg_cross_state_asymmetry |         0.00616 |
|                Metric/avg_self_sa_asymmetry |               0 |
|               Metric/avg_cross_sa_asymmetry |          0.0094 |
|  Metric/self_state_action_to_state_distance |        0.000242 |
| Metric/cross_state_action_to_state_distance |            1.54 |
|                   Metric/h_lambda_diff_self |         0.00261 |
|                  Metric/h_lambda_diff_cross |          0.0175 |
|                                 Eval/Return |             968 |
-----------------------------------------------------------------
-----------------------------------------------------------------
|                                 Train/Steps |        2.44e+06 |
|                            Loss/Loss_critic |          0.0372 |
|                             Loss/Loss_actor |           -94.6 |
|                             Loss/Loss_alpha |        0.000911 |
|               Loss/Loss_state_action_metric |           0.207 |
|                      Loss/Loss_state_metric |           0.144 |
|             Loss/Loss_state_action_to_state |        0.000356 |
|                           Loss/Act_rep_loss |          0.0056 |
|                                   SAC/Alpha |         0.00388 |
|                              SAC/LogPi_mean |            2.91 |
|                                 SAC/Q1_mean |            94.6 |
|                                 SAC/Q2_mean |            94.6 |
|                            Norm/actor_model |             121 |
|                           Norm/critic_model |             148 |
|              Norm/state_action_metric_model |            87.8 |
|                     Norm/state_metric_model |            92.7 |
|        Norm/state_action_state_metric_model |            85.3 |
|                  Metric/self_state_distance |         0.00108 |
|                 Metric/cross_state_distance |             1.3 |
|           Metric/self_state_action_distance |        0.000407 |
|          Metric/cross_state_action_distance |            1.37 |
|             Metric/avg_self_state_asymmetry |               0 |
|            Metric/avg_cross_state_asymmetry |         0.00678 |
|                Metric/avg_self_sa_asymmetry |               0 |
|               Metric/avg_cross_sa_asymmetry |         0.00928 |
|  Metric/self_state_action_to_state_distance |        0.000322 |
| Metric/cross_state_action_to_state_distance |            1.38 |
|                   Metric/h_lambda_diff_self |        0.000469 |
|                  Metric/h_lambda_diff_cross |          0.0159 |
|                                 Eval/Return |             970 |
-----------------------------------------------------------------
-----------------------------------------------------------------
|                                 Train/Steps |        2.57e+06 |
|                            Loss/Loss_critic |          0.0343 |
|                             Loss/Loss_actor |           -94.4 |
|                             Loss/Loss_alpha |        0.000126 |
|               Loss/Loss_state_action_metric |           0.303 |
|                      Loss/Loss_state_metric |           0.184 |
|             Loss/Loss_state_action_to_state |        0.000128 |
|                           Loss/Act_rep_loss |         0.00306 |
|                                   SAC/Alpha |         0.00405 |
|                              SAC/LogPi_mean |            2.64 |
|                                 SAC/Q1_mean |            94.4 |
|                                 SAC/Q2_mean |            94.4 |
|                            Norm/actor_model |             123 |
|                           Norm/critic_model |             151 |
|              Norm/state_action_metric_model |            90.1 |
|                     Norm/state_metric_model |            95.4 |
|        Norm/state_action_state_metric_model |            87.7 |
|                  Metric/self_state_distance |        0.000451 |
|                 Metric/cross_state_distance |            1.35 |
|           Metric/self_state_action_distance |        0.000634 |
|          Metric/cross_state_action_distance |            1.46 |
|             Metric/avg_self_state_asymmetry |               0 |
|            Metric/avg_cross_state_asymmetry |         0.00581 |
|                Metric/avg_self_sa_asymmetry |               0 |
|               Metric/avg_cross_sa_asymmetry |         0.00728 |
|  Metric/self_state_action_to_state_distance |        0.000139 |
| Metric/cross_state_action_to_state_distance |            1.45 |
|                   Metric/h_lambda_diff_self |         0.00068 |
|                  Metric/h_lambda_diff_cross |          0.0136 |
|                                 Eval/Return |             966 |
-----------------------------------------------------------------
-----------------------------------------------------------------
|                                 Train/Steps |         2.7e+06 |
|                            Loss/Loss_critic |          0.0669 |
|                             Loss/Loss_actor |           -94.7 |
|                             Loss/Loss_alpha |        -0.00161 |
|               Loss/Loss_state_action_metric |           0.283 |
|                      Loss/Loss_state_metric |           0.165 |
|             Loss/Loss_state_action_to_state |        0.000291 |
|                           Loss/Act_rep_loss |          0.0098 |
|                                   SAC/Alpha |          0.0036 |
|                              SAC/LogPi_mean |            3.35 |
|                                 SAC/Q1_mean |            94.6 |
|                                 SAC/Q2_mean |            94.7 |
|                            Norm/actor_model |             125 |
|                           Norm/critic_model |             155 |
|              Norm/state_action_metric_model |            92.4 |
|                     Norm/state_metric_model |              98 |
|        Norm/state_action_state_metric_model |              90 |
|                  Metric/self_state_distance |        0.000496 |
|                 Metric/cross_state_distance |            1.33 |
|           Metric/self_state_action_distance |         0.00156 |
|          Metric/cross_state_action_distance |            1.43 |
|             Metric/avg_self_state_asymmetry |               0 |
|            Metric/avg_cross_state_asymmetry |         0.00524 |
|                Metric/avg_self_sa_asymmetry |               0 |
|               Metric/avg_cross_sa_asymmetry |         0.00992 |
|  Metric/self_state_action_to_state_distance |         0.00306 |
| Metric/cross_state_action_to_state_distance |            1.43 |
|                   Metric/h_lambda_diff_self |         0.00289 |
|                  Metric/h_lambda_diff_cross |          0.0102 |
|                                 Eval/Return |             963 |
-----------------------------------------------------------------
-----------------------------------------------------------------
|                                 Train/Steps |        2.82e+06 |
|                            Loss/Loss_critic |          0.0726 |
|                             Loss/Loss_actor |           -95.1 |
|                             Loss/Loss_alpha |         0.00106 |
|               Loss/Loss_state_action_metric |           0.239 |
|                      Loss/Loss_state_metric |           0.161 |
|             Loss/Loss_state_action_to_state |        0.000462 |
|                           Loss/Act_rep_loss |          0.0012 |
|                                   SAC/Alpha |         0.00355 |
|                              SAC/LogPi_mean |            2.71 |
|                                 SAC/Q1_mean |            95.1 |
|                                 SAC/Q2_mean |            95.1 |
|                            Norm/actor_model |             127 |
|                           Norm/critic_model |             158 |
|              Norm/state_action_metric_model |            94.5 |
|                     Norm/state_metric_model |             100 |
|        Norm/state_action_state_metric_model |            92.3 |
|                  Metric/self_state_distance |         0.00063 |
|                 Metric/cross_state_distance |            1.32 |
|           Metric/self_state_action_distance |         0.00103 |
|          Metric/cross_state_action_distance |            1.42 |
|             Metric/avg_self_state_asymmetry |               0 |
|            Metric/avg_cross_state_asymmetry |         0.00515 |
|                Metric/avg_self_sa_asymmetry |               0 |
|               Metric/avg_cross_sa_asymmetry |         0.00772 |
|  Metric/self_state_action_to_state_distance |        0.000532 |
| Metric/cross_state_action_to_state_distance |            1.41 |
|                   Metric/h_lambda_diff_self |        0.000775 |
|                  Metric/h_lambda_diff_cross |           0.011 |
|                                 Eval/Return |             969 |
-----------------------------------------------------------------
-----------------------------------------------------------------
|                                 Train/Steps |        2.95e+06 |
|                            Loss/Loss_critic |          0.0505 |
|                             Loss/Loss_actor |           -94.5 |
|                             Loss/Loss_alpha |          -0.002 |
|               Loss/Loss_state_action_metric |           0.319 |
|                      Loss/Loss_state_metric |           0.217 |
|             Loss/Loss_state_action_to_state |        0.000396 |
|                           Loss/Act_rep_loss |          0.0056 |
|                                   SAC/Alpha |         0.00352 |
|                              SAC/LogPi_mean |            3.54 |
|                                 SAC/Q1_mean |            94.5 |
|                                 SAC/Q2_mean |            94.5 |
|                            Norm/actor_model |             130 |
|                           Norm/critic_model |             161 |
|              Norm/state_action_metric_model |            96.8 |
|                     Norm/state_metric_model |             103 |
|        Norm/state_action_state_metric_model |            94.5 |
|                  Metric/self_state_distance |        0.000697 |
|                 Metric/cross_state_distance |            1.43 |
|           Metric/self_state_action_distance |         0.00156 |
|          Metric/cross_state_action_distance |            1.56 |
|             Metric/avg_self_state_asymmetry |               0 |
|            Metric/avg_cross_state_asymmetry |          0.0057 |
|                Metric/avg_self_sa_asymmetry |               0 |
|               Metric/avg_cross_sa_asymmetry |          0.0101 |
|  Metric/self_state_action_to_state_distance |        0.000322 |
| Metric/cross_state_action_to_state_distance |            1.55 |
|                   Metric/h_lambda_diff_self |         0.00133 |
|                  Metric/h_lambda_diff_cross |          0.0139 |
|                                 Eval/Return |             970 |
-----------------------------------------------------------------
-----------------------------------------------------------------
|                                 Train/Steps |        3.08e+06 |
|                            Loss/Loss_critic |          0.0374 |
|                             Loss/Loss_actor |             -95 |
|                             Loss/Loss_alpha |        -0.00128 |
|               Loss/Loss_state_action_metric |           0.327 |
|                      Loss/Loss_state_metric |           0.178 |
|             Loss/Loss_state_action_to_state |         0.00038 |
|                           Loss/Act_rep_loss |         0.00379 |
|                                   SAC/Alpha |         0.00349 |
|                              SAC/LogPi_mean |            3.32 |
|                                 SAC/Q1_mean |            95.1 |
|                                 SAC/Q2_mean |              95 |
|                            Norm/actor_model |             132 |
|                           Norm/critic_model |             164 |
|              Norm/state_action_metric_model |            98.9 |
|                     Norm/state_metric_model |             105 |
|        Norm/state_action_state_metric_model |            96.7 |
|                  Metric/self_state_distance |        0.000816 |
|                 Metric/cross_state_distance |            1.35 |
|           Metric/self_state_action_distance |         0.00162 |
|          Metric/cross_state_action_distance |            1.45 |
|             Metric/avg_self_state_asymmetry |               0 |
|            Metric/avg_cross_state_asymmetry |          0.0045 |
|                Metric/avg_self_sa_asymmetry |               0 |
|               Metric/avg_cross_sa_asymmetry |         0.00903 |
|  Metric/self_state_action_to_state_distance |        2.91e-05 |
| Metric/cross_state_action_to_state_distance |            1.45 |
|                   Metric/h_lambda_diff_self |         0.00161 |
|                  Metric/h_lambda_diff_cross |          0.0114 |
|                                 Eval/Return |             967 |
-----------------------------------------------------------------
[32mSaving model …[0m
[32mDone.[0m
[32mSaving model …[0m
[32mDone.[0m
-----------------------------------------------------------------
|                                 Train/Steps |        3.21e+06 |
|                            Loss/Loss_critic |          0.0641 |
|                             Loss/Loss_actor |           -95.3 |
|                             Loss/Loss_alpha |         0.00087 |
|               Loss/Loss_state_action_metric |             0.2 |
|                      Loss/Loss_state_metric |           0.136 |
|             Loss/Loss_state_action_to_state |        0.000364 |
|                           Loss/Act_rep_loss |         0.00389 |
|                                   SAC/Alpha |         0.00347 |
|                              SAC/LogPi_mean |            2.61 |
|                                 SAC/Q1_mean |            95.3 |
|                                 SAC/Q2_mean |            95.3 |
|                            Norm/actor_model |             134 |
|                           Norm/critic_model |             167 |
|              Norm/state_action_metric_model |             101 |
|                     Norm/state_metric_model |             107 |
|        Norm/state_action_state_metric_model |              99 |
|                  Metric/self_state_distance |        0.000288 |
|                 Metric/cross_state_distance |            1.28 |
|           Metric/self_state_action_distance |        0.000537 |
|          Metric/cross_state_action_distance |            1.37 |
|             Metric/avg_self_state_asymmetry |               0 |
|            Metric/avg_cross_state_asymmetry |         0.00517 |
|                Metric/avg_self_sa_asymmetry |               0 |
|               Metric/avg_cross_sa_asymmetry |         0.00855 |
|  Metric/self_state_action_to_state_distance |        9.56e-05 |
| Metric/cross_state_action_to_state_distance |            1.36 |
|                   Metric/h_lambda_diff_self |        0.000486 |
|                  Metric/h_lambda_diff_cross |          0.0118 |
|                                 Eval/Return |             972 |
-----------------------------------------------------------------
-----------------------------------------------------------------
|                                 Train/Steps |        3.34e+06 |
|                            Loss/Loss_critic |          0.0653 |
|                             Loss/Loss_actor |           -95.6 |
|                             Loss/Loss_alpha |       -5.96e-05 |
|               Loss/Loss_state_action_metric |           0.216 |
|                      Loss/Loss_state_metric |           0.148 |
|             Loss/Loss_state_action_to_state |        0.000183 |
|                           Loss/Act_rep_loss |            0.01 |
|                                   SAC/Alpha |         0.00315 |
|                              SAC/LogPi_mean |            3.13 |
|                                 SAC/Q1_mean |            95.6 |
|                                 SAC/Q2_mean |            95.7 |
|                            Norm/actor_model |             136 |
|                           Norm/critic_model |             170 |
|              Norm/state_action_metric_model |             103 |
|                     Norm/state_metric_model |             110 |
|        Norm/state_action_state_metric_model |             101 |
|                  Metric/self_state_distance |         0.00032 |
|                 Metric/cross_state_distance |            1.29 |
|           Metric/self_state_action_distance |         0.00526 |
|          Metric/cross_state_action_distance |            1.37 |
|             Metric/avg_self_state_asymmetry |               0 |
|            Metric/avg_cross_state_asymmetry |         0.00411 |
|                Metric/avg_self_sa_asymmetry |               0 |
|               Metric/avg_cross_sa_asymmetry |         0.00687 |
|  Metric/self_state_action_to_state_distance |        0.000228 |
| Metric/cross_state_action_to_state_distance |            1.37 |
|                   Metric/h_lambda_diff_self |         0.00511 |
|                  Metric/h_lambda_diff_cross |          0.0126 |
|                                 Eval/Return |             970 |
-----------------------------------------------------------------
-----------------------------------------------------------------
|                                 Train/Steps |        3.46e+06 |
|                            Loss/Loss_critic |          0.0559 |
|                             Loss/Loss_actor |             -96 |
|                             Loss/Loss_alpha |        0.000539 |
|               Loss/Loss_state_action_metric |           0.155 |
|                      Loss/Loss_state_metric |           0.106 |
|             Loss/Loss_state_action_to_state |        0.000825 |
|                           Loss/Act_rep_loss |         0.00445 |
|                                   SAC/Alpha |          0.0032 |
|                              SAC/LogPi_mean |            2.99 |
|                                 SAC/Q1_mean |            95.9 |
|                                 SAC/Q2_mean |              96 |
|                            Norm/actor_model |             137 |
|                           Norm/critic_model |             173 |
|              Norm/state_action_metric_model |             105 |
|                     Norm/state_metric_model |             112 |
|        Norm/state_action_state_metric_model |             103 |
|                  Metric/self_state_distance |         0.00319 |
|                 Metric/cross_state_distance |            1.21 |
|           Metric/self_state_action_distance |        0.000883 |
|          Metric/cross_state_action_distance |            1.27 |
|             Metric/avg_self_state_asymmetry |               0 |
|            Metric/avg_cross_state_asymmetry |         0.00508 |
|                Metric/avg_self_sa_asymmetry |               0 |
|               Metric/avg_cross_sa_asymmetry |         0.00761 |
|  Metric/self_state_action_to_state_distance |        0.000383 |
| Metric/cross_state_action_to_state_distance |            1.26 |
|                   Metric/h_lambda_diff_self |        0.000816 |
|                  Metric/h_lambda_diff_cross |         0.00925 |
|                                 Eval/Return |             969 |
-----------------------------------------------------------------
-----------------------------------------------------------------
|                                 Train/Steps |        3.59e+06 |
|                            Loss/Loss_critic |          0.0606 |
|                             Loss/Loss_actor |           -95.4 |
|                             Loss/Loss_alpha |       -4.55e-05 |
|               Loss/Loss_state_action_metric |            0.28 |
|                      Loss/Loss_state_metric |           0.167 |
|             Loss/Loss_state_action_to_state |        0.000301 |
|                           Loss/Act_rep_loss |         0.00789 |
|                                   SAC/Alpha |         0.00305 |
|                              SAC/LogPi_mean |            3.06 |
|                                 SAC/Q1_mean |            95.5 |
|                                 SAC/Q2_mean |            95.4 |
|                            Norm/actor_model |             139 |
|                           Norm/critic_model |             176 |
|              Norm/state_action_metric_model |             107 |
|                     Norm/state_metric_model |             114 |
|        Norm/state_action_state_metric_model |             105 |
|                  Metric/self_state_distance |        0.000212 |
|                 Metric/cross_state_distance |            1.33 |
|           Metric/self_state_action_distance |        0.000565 |
|          Metric/cross_state_action_distance |            1.43 |
|             Metric/avg_self_state_asymmetry |               0 |
|            Metric/avg_cross_state_asymmetry |         0.00587 |
|                Metric/avg_self_sa_asymmetry |               0 |
|               Metric/avg_cross_sa_asymmetry |         0.00863 |
|  Metric/self_state_action_to_state_distance |        8.11e-05 |
| Metric/cross_state_action_to_state_distance |            1.43 |
|                   Metric/h_lambda_diff_self |        0.000507 |
|                  Metric/h_lambda_diff_cross |          0.0113 |
|                                 Eval/Return |             971 |
-----------------------------------------------------------------
-----------------------------------------------------------------
|                                 Train/Steps |        3.72e+06 |
|                            Loss/Loss_critic |           0.051 |
|                             Loss/Loss_actor |           -95.9 |
|                             Loss/Loss_alpha |        0.000677 |
|               Loss/Loss_state_action_metric |            0.23 |
|                      Loss/Loss_state_metric |           0.141 |
|             Loss/Loss_state_action_to_state |        0.000206 |
|                           Loss/Act_rep_loss |         0.00463 |
|                                   SAC/Alpha |          0.0033 |
|                              SAC/LogPi_mean |            2.94 |
|                                 SAC/Q1_mean |            95.9 |
|                                 SAC/Q2_mean |            95.9 |
|                            Norm/actor_model |             141 |
|                           Norm/critic_model |             179 |
|              Norm/state_action_metric_model |             109 |
|                     Norm/state_metric_model |             116 |
|        Norm/state_action_state_metric_model |             107 |
|                  Metric/self_state_distance |        0.000169 |
|                 Metric/cross_state_distance |            1.29 |
|           Metric/self_state_action_distance |        0.000333 |
|          Metric/cross_state_action_distance |            1.37 |
|             Metric/avg_self_state_asymmetry |               0 |
|            Metric/avg_cross_state_asymmetry |         0.00568 |
|                Metric/avg_self_sa_asymmetry |               0 |
|               Metric/avg_cross_sa_asymmetry |         0.00806 |
|  Metric/self_state_action_to_state_distance |        0.000152 |
| Metric/cross_state_action_to_state_distance |            1.37 |
|                   Metric/h_lambda_diff_self |        0.000257 |
|                  Metric/h_lambda_diff_cross |         0.00891 |
|                                 Eval/Return |             968 |
-----------------------------------------------------------------
-----------------------------------------------------------------
|                                 Train/Steps |        3.85e+06 |
|                            Loss/Loss_critic |          0.0306 |
|                             Loss/Loss_actor |           -96.2 |
|                             Loss/Loss_alpha |       -0.000263 |
|               Loss/Loss_state_action_metric |           0.204 |
|                      Loss/Loss_state_metric |           0.124 |
|             Loss/Loss_state_action_to_state |        0.000304 |
|                           Loss/Act_rep_loss |         0.00388 |
|                                   SAC/Alpha |         0.00291 |
|                              SAC/LogPi_mean |            3.02 |
|                                 SAC/Q1_mean |            96.2 |
|                                 SAC/Q2_mean |            96.2 |
|                            Norm/actor_model |             143 |
|                           Norm/critic_model |             182 |
|              Norm/state_action_metric_model |             111 |
|                     Norm/state_metric_model |             118 |
|        Norm/state_action_state_metric_model |             109 |
|                  Metric/self_state_distance |         0.00101 |
|                 Metric/cross_state_distance |            1.26 |
|           Metric/self_state_action_distance |         0.00127 |
|          Metric/cross_state_action_distance |            1.33 |
|             Metric/avg_self_state_asymmetry |               0 |
|            Metric/avg_cross_state_asymmetry |         0.00536 |
|                Metric/avg_self_sa_asymmetry |               0 |
|               Metric/avg_cross_sa_asymmetry |         0.00908 |
|  Metric/self_state_action_to_state_distance |        0.000528 |
| Metric/cross_state_action_to_state_distance |            1.34 |
|                   Metric/h_lambda_diff_self |          0.0011 |
|                  Metric/h_lambda_diff_cross |         0.00889 |
|                                 Eval/Return |             970 |
-----------------------------------------------------------------
-----------------------------------------------------------------
|                                 Train/Steps |        3.98e+06 |
|                            Loss/Loss_critic |          0.0413 |
|                             Loss/Loss_actor |           -95.9 |
|                             Loss/Loss_alpha |        -0.00133 |
|               Loss/Loss_state_action_metric |           0.239 |
|                      Loss/Loss_state_metric |           0.142 |
|             Loss/Loss_state_action_to_state |        0.000343 |
|                           Loss/Act_rep_loss |        0.000296 |
|                                   SAC/Alpha |         0.00294 |
|                              SAC/LogPi_mean |            3.29 |
|                                 SAC/Q1_mean |            95.9 |
|                                 SAC/Q2_mean |              96 |
|                            Norm/actor_model |             145 |
|                           Norm/critic_model |             185 |
|              Norm/state_action_metric_model |             113 |
|                     Norm/state_metric_model |             121 |
|        Norm/state_action_state_metric_model |             111 |
|                  Metric/self_state_distance |        0.000735 |
|                 Metric/cross_state_distance |            1.29 |
|           Metric/self_state_action_distance |         0.00141 |
|          Metric/cross_state_action_distance |            1.37 |
|             Metric/avg_self_state_asymmetry |               0 |
|            Metric/avg_cross_state_asymmetry |         0.00484 |
|                Metric/avg_self_sa_asymmetry |               0 |
|               Metric/avg_cross_sa_asymmetry |         0.00889 |
|  Metric/self_state_action_to_state_distance |        0.000225 |
| Metric/cross_state_action_to_state_distance |            1.37 |
|                   Metric/h_lambda_diff_self |         0.00125 |
|                  Metric/h_lambda_diff_cross |          0.0153 |
|                                 Eval/Return |             970 |
-----------------------------------------------------------------
-----------------------------------------------------------------
|                                 Train/Steps |         4.1e+06 |
|                            Loss/Loss_critic |          0.0195 |
|                             Loss/Loss_actor |           -96.8 |
|                             Loss/Loss_alpha |       -9.27e-05 |
|               Loss/Loss_state_action_metric |           0.159 |
|                      Loss/Loss_state_metric |          0.0876 |
|             Loss/Loss_state_action_to_state |        0.000156 |
|                           Loss/Act_rep_loss |         0.00889 |
|                                   SAC/Alpha |         0.00249 |
|                              SAC/LogPi_mean |            3.16 |
|                                 SAC/Q1_mean |            96.8 |
|                                 SAC/Q2_mean |            96.8 |
|                            Norm/actor_model |             146 |
|                           Norm/critic_model |             187 |
|              Norm/state_action_metric_model |             114 |
|                     Norm/state_metric_model |             123 |
|        Norm/state_action_state_metric_model |             113 |
|                  Metric/self_state_distance |         0.00546 |
|                 Metric/cross_state_distance |            1.18 |
|           Metric/self_state_action_distance |         0.00553 |
|          Metric/cross_state_action_distance |            1.23 |
|             Metric/avg_self_state_asymmetry |               0 |
|            Metric/avg_cross_state_asymmetry |         0.00411 |
|                Metric/avg_self_sa_asymmetry |               0 |
|               Metric/avg_cross_sa_asymmetry |         0.00647 |
|  Metric/self_state_action_to_state_distance |        0.000546 |
| Metric/cross_state_action_to_state_distance |            1.24 |
|                   Metric/h_lambda_diff_self |         0.00542 |
|                  Metric/h_lambda_diff_cross |         0.00732 |
|                                 Eval/Return |             968 |
-----------------------------------------------------------------
[32mSaving model …[0m
[32mDone.[0m
[32mSaving model …[0m
[32mDone.[0m
-----------------------------------------------------------------
|                                 Train/Steps |        4.23e+06 |
|                            Loss/Loss_critic |          0.0204 |
|                             Loss/Loss_actor |           -97.2 |
|                             Loss/Loss_alpha |       -0.000617 |
|               Loss/Loss_state_action_metric |           0.116 |
|                      Loss/Loss_state_metric |          0.0604 |
|             Loss/Loss_state_action_to_state |        0.000153 |
|                           Loss/Act_rep_loss |          0.0108 |
|                                   SAC/Alpha |         0.00205 |
|                              SAC/LogPi_mean |            2.97 |
|                                 SAC/Q1_mean |            97.2 |
|                                 SAC/Q2_mean |            97.2 |
|                            Norm/actor_model |             148 |
|                           Norm/critic_model |             190 |
|              Norm/state_action_metric_model |             116 |
|                     Norm/state_metric_model |             125 |
|        Norm/state_action_state_metric_model |             115 |
|                  Metric/self_state_distance |        0.000148 |
|                 Metric/cross_state_distance |            1.12 |
|           Metric/self_state_action_distance |        0.000395 |
|          Metric/cross_state_action_distance |            1.14 |
|             Metric/avg_self_state_asymmetry |               0 |
|            Metric/avg_cross_state_asymmetry |         0.00323 |
|                Metric/avg_self_sa_asymmetry |               0 |
|               Metric/avg_cross_sa_asymmetry |          0.0049 |
|  Metric/self_state_action_to_state_distance |          0.0004 |
| Metric/cross_state_action_to_state_distance |            1.16 |
|                   Metric/h_lambda_diff_self |          0.0005 |
|                  Metric/h_lambda_diff_cross |          0.0189 |
|                                 Eval/Return |             971 |
-----------------------------------------------------------------
-----------------------------------------------------------------
|                                 Train/Steps |        4.36e+06 |
|                            Loss/Loss_critic |          0.0427 |
|                             Loss/Loss_actor |           -97.4 |
|                             Loss/Loss_alpha |         0.00181 |
|               Loss/Loss_state_action_metric |          0.0589 |
|                      Loss/Loss_state_metric |          0.0399 |
|             Loss/Loss_state_action_to_state |        0.000161 |
|                           Loss/Act_rep_loss |         0.00924 |
|                                   SAC/Alpha |         0.00214 |
|                              SAC/LogPi_mean |            2.29 |
|                                 SAC/Q1_mean |            97.6 |
|                                 SAC/Q2_mean |            97.4 |
|                            Norm/actor_model |             149 |
|                           Norm/critic_model |             192 |
|              Norm/state_action_metric_model |             118 |
|                     Norm/state_metric_model |             127 |
|        Norm/state_action_state_metric_model |             117 |
|                  Metric/self_state_distance |        0.000753 |
|                 Metric/cross_state_distance |            1.09 |
|           Metric/self_state_action_distance |         0.00103 |
|          Metric/cross_state_action_distance |            1.11 |
|             Metric/avg_self_state_asymmetry |               0 |
|            Metric/avg_cross_state_asymmetry |         0.00371 |
|                Metric/avg_self_sa_asymmetry |               0 |
|               Metric/avg_cross_sa_asymmetry |         0.00536 |
|  Metric/self_state_action_to_state_distance |        0.000254 |
| Metric/cross_state_action_to_state_distance |            1.12 |
|                   Metric/h_lambda_diff_self |           0.001 |
|                  Metric/h_lambda_diff_cross |          0.0101 |
|                                 Eval/Return |             971 |
-----------------------------------------------------------------
-----------------------------------------------------------------
|                                 Train/Steps |        4.49e+06 |
|                            Loss/Loss_critic |          0.0142 |
|                             Loss/Loss_actor |           -97.8 |
|                             Loss/Loss_alpha |        0.000398 |
|               Loss/Loss_state_action_metric |          0.0548 |
|                      Loss/Loss_state_metric |          0.0208 |
|             Loss/Loss_state_action_to_state |        7.44e-05 |
|                           Loss/Act_rep_loss |         0.00458 |
|                                   SAC/Alpha |         0.00182 |
|                              SAC/LogPi_mean |            2.86 |
|                                 SAC/Q1_mean |            97.8 |
|                                 SAC/Q2_mean |            97.9 |
|                            Norm/actor_model |             151 |
|                           Norm/critic_model |             195 |
|              Norm/state_action_metric_model |             120 |
|                     Norm/state_metric_model |             129 |
|        Norm/state_action_state_metric_model |             119 |
|                  Metric/self_state_distance |         0.00021 |
|                 Metric/cross_state_distance |            1.05 |
|           Metric/self_state_action_distance |         0.00191 |
|          Metric/cross_state_action_distance |            1.06 |
|             Metric/avg_self_state_asymmetry |               0 |
|            Metric/avg_cross_state_asymmetry |         0.00276 |
|                Metric/avg_self_sa_asymmetry |               0 |
|               Metric/avg_cross_sa_asymmetry |         0.00481 |
|  Metric/self_state_action_to_state_distance |         0.00011 |
| Metric/cross_state_action_to_state_distance |            1.06 |
|                   Metric/h_lambda_diff_self |         0.00181 |
|                  Metric/h_lambda_diff_cross |          0.0054 |
|                                 Eval/Return |             969 |
-----------------------------------------------------------------
-----------------------------------------------------------------
|                                 Train/Steps |        4.62e+06 |
|                            Loss/Loss_critic |          0.0255 |
|                             Loss/Loss_actor |           -97.7 |
|                             Loss/Loss_alpha |        0.000871 |
|               Loss/Loss_state_action_metric |          0.0592 |
|                      Loss/Loss_state_metric |            0.04 |
|             Loss/Loss_state_action_to_state |        0.000104 |
|                           Loss/Act_rep_loss |         0.00254 |
|                                   SAC/Alpha |         0.00178 |
|                              SAC/LogPi_mean |            2.35 |
|                                 SAC/Q1_mean |            97.8 |
|                                 SAC/Q2_mean |            97.7 |
|                            Norm/actor_model |             152 |
|                           Norm/critic_model |             197 |
|              Norm/state_action_metric_model |             122 |
|                     Norm/state_metric_model |             131 |
|        Norm/state_action_state_metric_model |             121 |
|                  Metric/self_state_distance |        0.000857 |
|                 Metric/cross_state_distance |            1.08 |
|           Metric/self_state_action_distance |        0.000568 |
|          Metric/cross_state_action_distance |            1.11 |
|             Metric/avg_self_state_asymmetry |               0 |
|            Metric/avg_cross_state_asymmetry |         0.00291 |
|                Metric/avg_self_sa_asymmetry |               0 |
|               Metric/avg_cross_sa_asymmetry |         0.00478 |
|  Metric/self_state_action_to_state_distance |        0.000248 |
| Metric/cross_state_action_to_state_distance |            1.11 |
|                   Metric/h_lambda_diff_self |        0.000515 |
|                  Metric/h_lambda_diff_cross |          0.0071 |
|                                 Eval/Return |             967 |
-----------------------------------------------------------------
-----------------------------------------------------------------
|                                 Train/Steps |        4.74e+06 |
|                            Loss/Loss_critic |          0.0172 |
|                             Loss/Loss_actor |           -97.7 |
|                             Loss/Loss_alpha |        8.43e-06 |
|               Loss/Loss_state_action_metric |          0.0612 |
|                      Loss/Loss_state_metric |          0.0422 |
|             Loss/Loss_state_action_to_state |        0.000396 |
|                           Loss/Act_rep_loss |         0.00207 |
|                                   SAC/Alpha |         0.00164 |
|                              SAC/LogPi_mean |            3.06 |
|                                 SAC/Q1_mean |            97.7 |
|                                 SAC/Q2_mean |            97.8 |
|                            Norm/actor_model |             154 |
|                           Norm/critic_model |             199 |
|              Norm/state_action_metric_model |             124 |
|                     Norm/state_metric_model |             133 |
|        Norm/state_action_state_metric_model |             123 |
|                  Metric/self_state_distance |        0.000217 |
|                 Metric/cross_state_distance |            1.08 |
|           Metric/self_state_action_distance |        0.000831 |
|          Metric/cross_state_action_distance |            1.12 |
|             Metric/avg_self_state_asymmetry |               0 |
|            Metric/avg_cross_state_asymmetry |         0.00304 |
|                Metric/avg_self_sa_asymmetry |               0 |
|               Metric/avg_cross_sa_asymmetry |         0.00464 |
|  Metric/self_state_action_to_state_distance |        3.28e-05 |
| Metric/cross_state_action_to_state_distance |            1.11 |
|                   Metric/h_lambda_diff_self |        0.000837 |
|                  Metric/h_lambda_diff_cross |         0.00856 |
|                                 Eval/Return |             970 |
-----------------------------------------------------------------
-----------------------------------------------------------------
|                                 Train/Steps |        4.87e+06 |
|                            Loss/Loss_critic |           0.011 |
|                             Loss/Loss_actor |           -97.8 |
|                             Loss/Loss_alpha |        0.000533 |
|               Loss/Loss_state_action_metric |           0.113 |
|                      Loss/Loss_state_metric |          0.0325 |
|             Loss/Loss_state_action_to_state |        6.84e-05 |
|                           Loss/Act_rep_loss |          0.0126 |
|                                   SAC/Alpha |         0.00183 |
|                              SAC/LogPi_mean |            2.51 |
|                                 SAC/Q1_mean |            97.8 |
|                                 SAC/Q2_mean |            97.8 |
|                            Norm/actor_model |             155 |
|                           Norm/critic_model |             202 |
|              Norm/state_action_metric_model |             125 |
|                     Norm/state_metric_model |             134 |
|        Norm/state_action_state_metric_model |             125 |
|                  Metric/self_state_distance |         0.00122 |
|                 Metric/cross_state_distance |            1.06 |
|           Metric/self_state_action_distance |         0.00101 |
|          Metric/cross_state_action_distance |            1.08 |
|             Metric/avg_self_state_asymmetry |               0 |
|            Metric/avg_cross_state_asymmetry |         0.00298 |
|                Metric/avg_self_sa_asymmetry |               0 |
|               Metric/avg_cross_sa_asymmetry |         0.00415 |
|  Metric/self_state_action_to_state_distance |        0.000583 |
| Metric/cross_state_action_to_state_distance |            1.09 |
|                   Metric/h_lambda_diff_self |        0.000984 |
|                  Metric/h_lambda_diff_cross |         0.00679 |
|                                 Eval/Return |             968 |
-----------------------------------------------------------------
-----------------------------------------------------------------
|                                 Train/Steps |           5e+06 |
|                            Loss/Loss_critic |          0.0189 |
|                             Loss/Loss_actor |           -97.6 |
|                             Loss/Loss_alpha |       -0.000229 |
|               Loss/Loss_state_action_metric |          0.0764 |
|                      Loss/Loss_state_metric |          0.0532 |
|             Loss/Loss_state_action_to_state |        0.000335 |
|                           Loss/Act_rep_loss |         0.00637 |
|                                   SAC/Alpha |         0.00166 |
|                              SAC/LogPi_mean |            3.07 |
|                                 SAC/Q1_mean |            97.6 |
|                                 SAC/Q2_mean |            97.7 |
|                            Norm/actor_model |             157 |
|                           Norm/critic_model |             204 |
|              Norm/state_action_metric_model |             127 |
|                     Norm/state_metric_model |             137 |
|        Norm/state_action_state_metric_model |             127 |
|                  Metric/self_state_distance |        0.000455 |
|                 Metric/cross_state_distance |            1.12 |
|           Metric/self_state_action_distance |        0.000937 |
|          Metric/cross_state_action_distance |            1.15 |
|             Metric/avg_self_state_asymmetry |               0 |
|            Metric/avg_cross_state_asymmetry |         0.00402 |
|                Metric/avg_self_sa_asymmetry |               0 |
|               Metric/avg_cross_sa_asymmetry |         0.00771 |
|  Metric/self_state_action_to_state_distance |         0.00028 |
| Metric/cross_state_action_to_state_distance |            1.15 |
|                   Metric/h_lambda_diff_self |         0.00107 |
|                  Metric/h_lambda_diff_cross |         0.00622 |
|                                 Eval/Return |             971 |
-----------------------------------------------------------------
[32mSaving model …[0m
[32mDone.[0m
[32mSaving model …[0m
[32mDone.[0m
