E0906 00:02:42.448349  862295 cuda_executor.cc:1526] Could not get kernel mode driver version: (INVALID_ARGUMENT: Version does not match the format X.Y.Z)
E0906 00:02:42.456919  862186 cuda_executor.cc:1526] Could not get kernel mode driver version: (INVALID_ARGUMENT: Version does not match the format X.Y.Z)
[32mStart prefilling replay buffer[0m
[32mStart SAC training[0m
[32m{'log_freq': 1000, 'save_freq': 1000000, 'eval_episode_freq': 10, 'hidden_size': 256, 'lr': 0.001, 'max_grad_norm': 0.0, 'gamma': 0.99, 'update_tau': 0.005, 'train_per_step': 8, 'episode_length': 1000, 'warmup_samples': 8192, 'max_replay_size': 4000000, 'batch_size': 512, 'total_env_steps': 5000000, 'init_temperature': 0.1, 'nstep': 3, 'bootstrap_on_truncation': True, 'rep_lr_scale': 1.5, 'n_act_samples': 5, 'act_eps': 0.1, 'aug_weight': 1.0, 'vis_feq': 100000, 'n_vis_frames': 4, 'num_envs': 128, 'grad_steps': 50, 'transfer_freq': 10, 'transfer_steps': 8, 'reward_scaling': 1.0, 'num_eval_envs': 128, 'target_entropy': -0.5}[0m
[32m[nstep] nstep=3 bootstrap_on_truncation=True (discount from the buffer already contains gamma^nstep)[0m
[32m[epsball] n_act_samples=5 act_eps=0.1 aug_weight=1.0[0m
-----------------------------------------------------------------
|                                 Train/Steps |        1.36e+05 |
|                            Loss/Loss_critic |        1.16e-06 |
|                             Loss/Loss_actor |          -0.168 |
|                             Loss/Loss_alpha |          0.0018 |
|               Loss/Loss_state_action_metric |          0.0106 |
|                      Loss/Loss_state_metric |         0.00428 |
|             Loss/Loss_state_action_to_state |        5.54e-05 |
|                           Loss/Act_rep_loss |            0.22 |
|                                   SAC/Alpha |         0.00158 |
|                              SAC/LogPi_mean |          -0.657 |
|                                 SAC/Q1_mean |           0.167 |
|                                 SAC/Q2_mean |           0.168 |
|                            Norm/actor_model |            19.6 |
|                           Norm/critic_model |              24 |
|              Norm/state_action_metric_model |            30.6 |
|                     Norm/state_metric_model |            30.6 |
|        Norm/state_action_state_metric_model |            30.5 |
|                  Metric/self_state_distance |         0.00485 |
|                 Metric/cross_state_distance |           0.877 |
|           Metric/self_state_action_distance |         0.00484 |
|          Metric/cross_state_action_distance |           0.868 |
|             Metric/avg_self_state_asymmetry |               0 |
|            Metric/avg_cross_state_asymmetry |         0.00245 |
|                Metric/avg_self_sa_asymmetry |               0 |
|               Metric/avg_cross_sa_asymmetry |         0.00391 |
|  Metric/self_state_action_to_state_distance |         0.00225 |
| Metric/cross_state_action_to_state_distance |           0.861 |
|                   Metric/h_lambda_diff_self |         0.00262 |
|                  Metric/h_lambda_diff_cross |         0.00765 |
|                                 Eval/Return |               0 |
-----------------------------------------------------------------
-----------------------------------------------------------------
|                                 Train/Steps |        2.64e+05 |
|                            Loss/Loss_critic |        4.39e-08 |
|                             Loss/Loss_actor |         -0.0535 |
|                             Loss/Loss_alpha |         1.3e-05 |
|               Loss/Loss_state_action_metric |         0.00858 |
|                      Loss/Loss_state_metric |         0.00357 |
|             Loss/Loss_state_action_to_state |        4.49e-05 |
|                           Loss/Act_rep_loss |           0.219 |
|                                   SAC/Alpha |        8.42e-05 |
|                              SAC/LogPi_mean |           0.336 |
|                                 SAC/Q1_mean |          0.0535 |
|                                 SAC/Q2_mean |          0.0535 |
|                            Norm/actor_model |            29.5 |
|                           Norm/critic_model |            24.5 |
|              Norm/state_action_metric_model |            31.5 |
|                     Norm/state_metric_model |            31.9 |
|        Norm/state_action_state_metric_model |            32.7 |
|                  Metric/self_state_distance |          0.0034 |
|                 Metric/cross_state_distance |           0.881 |
|           Metric/self_state_action_distance |         0.00337 |
|          Metric/cross_state_action_distance |           0.865 |
|             Metric/avg_self_state_asymmetry |               0 |
|            Metric/avg_cross_state_asymmetry |         0.00316 |
|                Metric/avg_self_sa_asymmetry |               0 |
|               Metric/avg_cross_sa_asymmetry |         0.00361 |
|  Metric/self_state_action_to_state_distance |         0.00287 |
| Metric/cross_state_action_to_state_distance |           0.869 |
|                   Metric/h_lambda_diff_self |        0.000875 |
|                  Metric/h_lambda_diff_cross |         0.00393 |
|                                 Eval/Return |               0 |
-----------------------------------------------------------------
-----------------------------------------------------------------
|                                 Train/Steps |        3.92e+05 |
|                            Loss/Loss_critic |        1.64e-06 |
|                             Loss/Loss_actor |         -0.0195 |
|                             Loss/Loss_alpha |        2.47e-05 |
|               Loss/Loss_state_action_metric |         0.00672 |
|                      Loss/Loss_state_metric |         0.00268 |
|             Loss/Loss_state_action_to_state |        1.95e-05 |
|                           Loss/Act_rep_loss |           0.205 |
|                                   SAC/Alpha |         4.9e-05 |
|                              SAC/LogPi_mean |          0.0309 |
|                                 SAC/Q1_mean |          0.0198 |
|                                 SAC/Q2_mean |           0.021 |
|                            Norm/actor_model |            36.1 |
|                           Norm/critic_model |              26 |
|              Norm/state_action_metric_model |            32.6 |
|                     Norm/state_metric_model |            32.7 |
|        Norm/state_action_state_metric_model |            35.1 |
|                  Metric/self_state_distance |         0.00227 |
|                 Metric/cross_state_distance |           0.892 |
|           Metric/self_state_action_distance |         0.00398 |
|          Metric/cross_state_action_distance |           0.878 |
|             Metric/avg_self_state_asymmetry |               0 |
|            Metric/avg_cross_state_asymmetry |        0.000864 |
|                Metric/avg_self_sa_asymmetry |               0 |
|               Metric/avg_cross_sa_asymmetry |         0.00145 |
|  Metric/self_state_action_to_state_distance |         0.00186 |
| Metric/cross_state_action_to_state_distance |           0.879 |
|                   Metric/h_lambda_diff_self |         0.00219 |
|                  Metric/h_lambda_diff_cross |         0.00226 |
|                                 Eval/Return |             1.7 |
-----------------------------------------------------------------
-----------------------------------------------------------------
|                                 Train/Steps |         5.2e+05 |
|                            Loss/Loss_critic |         0.00726 |
|                             Loss/Loss_actor |          -0.181 |
|                             Loss/Loss_alpha |        0.000142 |
|               Loss/Loss_state_action_metric |           0.197 |
|                      Loss/Loss_state_metric |          0.0482 |
|             Loss/Loss_state_action_to_state |         0.00338 |
|                           Loss/Act_rep_loss |           0.113 |
|                                   SAC/Alpha |         0.00142 |
|                              SAC/LogPi_mean |           0.507 |
|                                 SAC/Q1_mean |           0.189 |
|                                 SAC/Q2_mean |           0.172 |
|                            Norm/actor_model |            45.6 |
|                           Norm/critic_model |            39.3 |
|              Norm/state_action_metric_model |            35.8 |
|                     Norm/state_metric_model |            37.1 |
|        Norm/state_action_state_metric_model |            39.2 |
|                  Metric/self_state_distance |          0.0229 |
|                 Metric/cross_state_distance |           0.983 |
|           Metric/self_state_action_distance |          0.0288 |
|          Metric/cross_state_action_distance |           0.985 |
|             Metric/avg_self_state_asymmetry |               0 |
|            Metric/avg_cross_state_asymmetry |          0.0165 |
|                Metric/avg_self_sa_asymmetry |               0 |
|               Metric/avg_cross_sa_asymmetry |          0.0197 |
|  Metric/self_state_action_to_state_distance |          0.0175 |
| Metric/cross_state_action_to_state_distance |           0.965 |
|                   Metric/h_lambda_diff_self |          0.0142 |
|                  Metric/h_lambda_diff_cross |          0.0292 |
|                                 Eval/Return |            2.84 |
-----------------------------------------------------------------
-----------------------------------------------------------------
|                                 Train/Steps |        6.48e+05 |
|                            Loss/Loss_critic |          0.0977 |
|                             Loss/Loss_actor |          -0.515 |
|                             Loss/Loss_alpha |        9.44e-05 |
|               Loss/Loss_state_action_metric |             0.4 |
|                      Loss/Loss_state_metric |          0.0619 |
|             Loss/Loss_state_action_to_state |          0.0041 |
|                           Loss/Act_rep_loss |          0.0528 |
|                                   SAC/Alpha |         0.00568 |
|                              SAC/LogPi_mean |           0.551 |
|                                 SAC/Q1_mean |           0.553 |
|                                 SAC/Q2_mean |           0.544 |
|                            Norm/actor_model |            52.7 |
|                           Norm/critic_model |            52.8 |
|              Norm/state_action_metric_model |            39.2 |
|                     Norm/state_metric_model |            41.2 |
|        Norm/state_action_state_metric_model |            44.5 |
|                  Metric/self_state_distance |          0.0152 |
|                 Metric/cross_state_distance |            1.06 |
|           Metric/self_state_action_distance |           0.032 |
|          Metric/cross_state_action_distance |            1.06 |
|             Metric/avg_self_state_asymmetry |               0 |
|            Metric/avg_cross_state_asymmetry |          0.0204 |
|                Metric/avg_self_sa_asymmetry |               0 |
|               Metric/avg_cross_sa_asymmetry |          0.0266 |
|  Metric/self_state_action_to_state_distance |          0.0107 |
| Metric/cross_state_action_to_state_distance |            1.05 |
|                   Metric/h_lambda_diff_self |          0.0226 |
|                  Metric/h_lambda_diff_cross |          0.0312 |
|                                 Eval/Return |            43.3 |
-----------------------------------------------------------------
-----------------------------------------------------------------
|                                 Train/Steps |        7.76e+05 |
|                            Loss/Loss_critic |           0.131 |
|                             Loss/Loss_actor |            -9.7 |
|                             Loss/Loss_alpha |        0.000441 |
|               Loss/Loss_state_action_metric |            2.93 |
|                      Loss/Loss_state_metric |           0.751 |
|             Loss/Loss_state_action_to_state |         0.00515 |
|                           Loss/Act_rep_loss |           0.033 |
|                                   SAC/Alpha |          0.0114 |
|                              SAC/LogPi_mean |           0.442 |
|                                 SAC/Q1_mean |            9.77 |
|                                 SAC/Q2_mean |            9.74 |
|                            Norm/actor_model |            58.5 |
|                           Norm/critic_model |            66.1 |
|              Norm/state_action_metric_model |            43.2 |
|                     Norm/state_metric_model |            48.4 |
|        Norm/state_action_state_metric_model |            49.5 |
|                  Metric/self_state_distance |          0.0315 |
|                 Metric/cross_state_distance |             1.7 |
|           Metric/self_state_action_distance |          0.0303 |
|          Metric/cross_state_action_distance |            2.07 |
|             Metric/avg_self_state_asymmetry |               0 |
|            Metric/avg_cross_state_asymmetry |          0.0316 |
|                Metric/avg_self_sa_asymmetry |               0 |
|               Metric/avg_cross_sa_asymmetry |          0.0393 |
|  Metric/self_state_action_to_state_distance |          0.0118 |
| Metric/cross_state_action_to_state_distance |            2.06 |
|                   Metric/h_lambda_diff_self |          0.0195 |
|                  Metric/h_lambda_diff_cross |           0.028 |
|                                 Eval/Return |             385 |
-----------------------------------------------------------------
-----------------------------------------------------------------
|                                 Train/Steps |        9.04e+05 |
|                            Loss/Loss_critic |           0.295 |
|                             Loss/Loss_actor |           -17.8 |
|                             Loss/Loss_alpha |         0.00177 |
|               Loss/Loss_state_action_metric |            4.82 |
|                      Loss/Loss_state_metric |            1.01 |
|             Loss/Loss_state_action_to_state |         0.00516 |
|                           Loss/Act_rep_loss |          0.0235 |
|                                   SAC/Alpha |          0.0311 |
|                              SAC/LogPi_mean |           0.399 |
|                                 SAC/Q1_mean |            17.8 |
|                                 SAC/Q2_mean |            17.9 |
|                            Norm/actor_model |            63.7 |
|                           Norm/critic_model |              79 |
|              Norm/state_action_metric_model |            46.3 |
|                     Norm/state_metric_model |            53.1 |
|        Norm/state_action_state_metric_model |            52.9 |
|                  Metric/self_state_distance |          0.0379 |
|                 Metric/cross_state_distance |            1.93 |
|           Metric/self_state_action_distance |          0.0376 |
|          Metric/cross_state_action_distance |            2.54 |
|             Metric/avg_self_state_asymmetry |               0 |
|            Metric/avg_cross_state_asymmetry |          0.0385 |
|                Metric/avg_self_sa_asymmetry |               0 |
|               Metric/avg_cross_sa_asymmetry |           0.034 |
|  Metric/self_state_action_to_state_distance |         0.00965 |
| Metric/cross_state_action_to_state_distance |            2.52 |
|                   Metric/h_lambda_diff_self |           0.028 |
|                  Metric/h_lambda_diff_cross |          0.0355 |
|                                 Eval/Return |            77.2 |
-----------------------------------------------------------------
-----------------------------------------------------------------
|                                 Train/Steps |        1.03e+06 |
|                            Loss/Loss_critic |           0.367 |
|                             Loss/Loss_actor |           -28.3 |
|                             Loss/Loss_alpha |        -0.00995 |
|               Loss/Loss_state_action_metric |             6.4 |
|                      Loss/Loss_state_metric |            1.46 |
|             Loss/Loss_state_action_to_state |         0.00746 |
|                           Loss/Act_rep_loss |          0.0218 |
|                                   SAC/Alpha |          0.0496 |
|                              SAC/LogPi_mean |           0.628 |
|                                 SAC/Q1_mean |            28.4 |
|                                 SAC/Q2_mean |            28.3 |
|                            Norm/actor_model |            67.7 |
|                           Norm/critic_model |            88.5 |
|              Norm/state_action_metric_model |            50.7 |
|                     Norm/state_metric_model |            57.3 |
|        Norm/state_action_state_metric_model |            56.6 |
|                  Metric/self_state_distance |         0.00982 |
|                 Metric/cross_state_distance |            2.38 |
|           Metric/self_state_action_distance |          0.0333 |
|          Metric/cross_state_action_distance |             3.2 |
|             Metric/avg_self_state_asymmetry |               0 |
|            Metric/avg_cross_state_asymmetry |          0.0436 |
|                Metric/avg_self_sa_asymmetry |               0 |
|               Metric/avg_cross_sa_asymmetry |          0.0569 |
|  Metric/self_state_action_to_state_distance |           0.014 |
| Metric/cross_state_action_to_state_distance |            3.19 |
|                   Metric/h_lambda_diff_self |          0.0214 |
|                  Metric/h_lambda_diff_cross |          0.0436 |
|                                 Eval/Return |             678 |
-----------------------------------------------------------------
[32mSaving model …[0m
[32mDone.[0m
[32mSaving model …[0m
[32mDone.[0m
-----------------------------------------------------------------
|                                 Train/Steps |        1.16e+06 |
|                            Loss/Loss_critic |            0.57 |
|                             Loss/Loss_actor |           -30.3 |
|                             Loss/Loss_alpha |        -0.00185 |
|               Loss/Loss_state_action_metric |            5.82 |
|                      Loss/Loss_state_metric |            1.46 |
|             Loss/Loss_state_action_to_state |         0.00726 |
|                           Loss/Act_rep_loss |          0.0271 |
|                                   SAC/Alpha |          0.0541 |
|                              SAC/LogPi_mean |           0.482 |
|                                 SAC/Q1_mean |            30.2 |
|                                 SAC/Q2_mean |            30.2 |
|                            Norm/actor_model |            71.5 |
|                           Norm/critic_model |            95.2 |
|              Norm/state_action_metric_model |            54.1 |
|                     Norm/state_metric_model |            61.1 |
|        Norm/state_action_state_metric_model |            60.5 |
|                  Metric/self_state_distance |          0.0286 |
|                 Metric/cross_state_distance |            2.34 |
|           Metric/self_state_action_distance |          0.0424 |
|          Metric/cross_state_action_distance |            3.19 |
|             Metric/avg_self_state_asymmetry |               0 |
|            Metric/avg_cross_state_asymmetry |          0.0337 |
|                Metric/avg_self_sa_asymmetry |               0 |
|               Metric/avg_cross_sa_asymmetry |          0.0333 |
|  Metric/self_state_action_to_state_distance |          0.0136 |
| Metric/cross_state_action_to_state_distance |             3.2 |
|                   Metric/h_lambda_diff_self |          0.0294 |
|                  Metric/h_lambda_diff_cross |          0.0394 |
|                                 Eval/Return |             662 |
-----------------------------------------------------------------
-----------------------------------------------------------------
|                                 Train/Steps |        1.29e+06 |
|                            Loss/Loss_critic |           0.302 |
|                             Loss/Loss_actor |           -32.2 |
|                             Loss/Loss_alpha |          0.0013 |
|               Loss/Loss_state_action_metric |            6.78 |
|                      Loss/Loss_state_metric |            1.92 |
|             Loss/Loss_state_action_to_state |          0.0134 |
|                           Loss/Act_rep_loss |          0.0234 |
|                                   SAC/Alpha |          0.0498 |
|                              SAC/LogPi_mean |           0.416 |
|                                 SAC/Q1_mean |            32.2 |
|                                 SAC/Q2_mean |            32.2 |
|                            Norm/actor_model |            75.1 |
|                           Norm/critic_model |             100 |
|              Norm/state_action_metric_model |            57.3 |
|                     Norm/state_metric_model |            64.9 |
|        Norm/state_action_state_metric_model |            64.7 |
|                  Metric/self_state_distance |          0.0197 |
|                 Metric/cross_state_distance |             2.7 |
|           Metric/self_state_action_distance |          0.0287 |
|          Metric/cross_state_action_distance |            3.53 |
|             Metric/avg_self_state_asymmetry |               0 |
|            Metric/avg_cross_state_asymmetry |          0.0368 |
|                Metric/avg_self_sa_asymmetry |               0 |
|               Metric/avg_cross_sa_asymmetry |          0.0416 |
|  Metric/self_state_action_to_state_distance |          0.0347 |
| Metric/cross_state_action_to_state_distance |            3.53 |
|                   Metric/h_lambda_diff_self |          0.0218 |
|                  Metric/h_lambda_diff_cross |          0.0462 |
|                                 Eval/Return |             697 |
-----------------------------------------------------------------
-----------------------------------------------------------------
|                                 Train/Steps |        1.42e+06 |
|                            Loss/Loss_critic |           0.264 |
|                             Loss/Loss_actor |           -41.7 |
|                             Loss/Loss_alpha |        -0.00081 |
|               Loss/Loss_state_action_metric |            7.09 |
|                      Loss/Loss_state_metric |               2 |
|             Loss/Loss_state_action_to_state |         0.00705 |
|                           Loss/Act_rep_loss |           0.028 |
|                                   SAC/Alpha |          0.0446 |
|                              SAC/LogPi_mean |           0.499 |
|                                 SAC/Q1_mean |            41.8 |
|                                 SAC/Q2_mean |            41.7 |
|                            Norm/actor_model |            78.6 |
|                           Norm/critic_model |             103 |
|              Norm/state_action_metric_model |            60.2 |
|                     Norm/state_metric_model |            69.3 |
|        Norm/state_action_state_metric_model |            68.8 |
|                  Metric/self_state_distance |           0.032 |
|                 Metric/cross_state_distance |            2.66 |
|           Metric/self_state_action_distance |          0.0406 |
|          Metric/cross_state_action_distance |            3.61 |
|             Metric/avg_self_state_asymmetry |               0 |
|            Metric/avg_cross_state_asymmetry |          0.0276 |
|                Metric/avg_self_sa_asymmetry |               0 |
|               Metric/avg_cross_sa_asymmetry |          0.0452 |
|  Metric/self_state_action_to_state_distance |          0.0127 |
| Metric/cross_state_action_to_state_distance |            3.62 |
|                   Metric/h_lambda_diff_self |          0.0284 |
|                  Metric/h_lambda_diff_cross |          0.0519 |
|                                 Eval/Return |             726 |
-----------------------------------------------------------------
-----------------------------------------------------------------
|                                 Train/Steps |        1.54e+06 |
|                            Loss/Loss_critic |            0.33 |
|                             Loss/Loss_actor |           -43.6 |
|                             Loss/Loss_alpha |         0.00494 |
|               Loss/Loss_state_action_metric |            8.12 |
|                      Loss/Loss_state_metric |            1.81 |
|             Loss/Loss_state_action_to_state |          0.0273 |
|                           Loss/Act_rep_loss |          0.0203 |
|                                   SAC/Alpha |          0.0434 |
|                              SAC/LogPi_mean |           0.407 |
|                                 SAC/Q1_mean |            43.8 |
|                                 SAC/Q2_mean |            43.6 |
|                            Norm/actor_model |            82.1 |
|                           Norm/critic_model |             105 |
|              Norm/state_action_metric_model |            62.9 |
|                     Norm/state_metric_model |              74 |
|        Norm/state_action_state_metric_model |            72.2 |
|                  Metric/self_state_distance |           0.049 |
|                 Metric/cross_state_distance |            2.62 |
|           Metric/self_state_action_distance |          0.0469 |
|          Metric/cross_state_action_distance |            3.79 |
|             Metric/avg_self_state_asymmetry |               0 |
|            Metric/avg_cross_state_asymmetry |          0.0397 |
|                Metric/avg_self_sa_asymmetry |               0 |
|               Metric/avg_cross_sa_asymmetry |          0.0497 |
|  Metric/self_state_action_to_state_distance |          0.0167 |
| Metric/cross_state_action_to_state_distance |            3.77 |
|                   Metric/h_lambda_diff_self |          0.0306 |
|                  Metric/h_lambda_diff_cross |          0.0563 |
|                                 Eval/Return |             731 |
-----------------------------------------------------------------
-----------------------------------------------------------------
|                                 Train/Steps |        1.67e+06 |
|                            Loss/Loss_critic |           0.221 |
|                             Loss/Loss_actor |             -43 |
|                             Loss/Loss_alpha |         0.00328 |
|               Loss/Loss_state_action_metric |            9.34 |
|                      Loss/Loss_state_metric |            2.22 |
|             Loss/Loss_state_action_to_state |         0.00957 |
|                           Loss/Act_rep_loss |          0.0217 |
|                                   SAC/Alpha |          0.0408 |
|                              SAC/LogPi_mean |           0.517 |
|                                 SAC/Q1_mean |              43 |
|                                 SAC/Q2_mean |            43.1 |
|                            Norm/actor_model |            85.3 |
|                           Norm/critic_model |             108 |
|              Norm/state_action_metric_model |            65.6 |
|                     Norm/state_metric_model |            78.1 |
|        Norm/state_action_state_metric_model |            75.1 |
|                  Metric/self_state_distance |          0.0273 |
|                 Metric/cross_state_distance |            2.99 |
|           Metric/self_state_action_distance |          0.0407 |
|          Metric/cross_state_action_distance |             4.2 |
|             Metric/avg_self_state_asymmetry |               0 |
|            Metric/avg_cross_state_asymmetry |          0.0386 |
|                Metric/avg_self_sa_asymmetry |               0 |
|               Metric/avg_cross_sa_asymmetry |          0.0354 |
|  Metric/self_state_action_to_state_distance |          0.0124 |
| Metric/cross_state_action_to_state_distance |            4.17 |
|                   Metric/h_lambda_diff_self |          0.0287 |
|                  Metric/h_lambda_diff_cross |          0.0387 |
|                                 Eval/Return |             646 |
-----------------------------------------------------------------
-----------------------------------------------------------------
|                                 Train/Steps |         1.8e+06 |
|                            Loss/Loss_critic |           0.241 |
|                             Loss/Loss_actor |             -45 |
|                             Loss/Loss_alpha |        -0.00322 |
|               Loss/Loss_state_action_metric |            7.63 |
|                      Loss/Loss_state_metric |             1.9 |
|             Loss/Loss_state_action_to_state |         0.00837 |
|                           Loss/Act_rep_loss |          0.0338 |
|                                   SAC/Alpha |           0.036 |
|                              SAC/LogPi_mean |           0.656 |
|                                 SAC/Q1_mean |            45.1 |
|                                 SAC/Q2_mean |              45 |
|                            Norm/actor_model |              88 |
|                           Norm/critic_model |             111 |
|              Norm/state_action_metric_model |            68.1 |
|                     Norm/state_metric_model |            81.7 |
|        Norm/state_action_state_metric_model |            77.7 |
|                  Metric/self_state_distance |          0.0233 |
|                 Metric/cross_state_distance |            2.73 |
|           Metric/self_state_action_distance |          0.0383 |
|          Metric/cross_state_action_distance |            3.56 |
|             Metric/avg_self_state_asymmetry |               0 |
|            Metric/avg_cross_state_asymmetry |          0.0304 |
|                Metric/avg_self_sa_asymmetry |               0 |
|               Metric/avg_cross_sa_asymmetry |          0.0382 |
|  Metric/self_state_action_to_state_distance |           0.012 |
| Metric/cross_state_action_to_state_distance |            3.57 |
|                   Metric/h_lambda_diff_self |          0.0266 |
|                  Metric/h_lambda_diff_cross |           0.045 |
|                                 Eval/Return |             723 |
-----------------------------------------------------------------
-----------------------------------------------------------------
|                                 Train/Steps |        1.93e+06 |
|                            Loss/Loss_critic |           0.155 |
|                             Loss/Loss_actor |           -52.2 |
|                             Loss/Loss_alpha |         0.00219 |
|               Loss/Loss_state_action_metric |            8.72 |
|                      Loss/Loss_state_metric |             2.4 |
|             Loss/Loss_state_action_to_state |         0.00975 |
|                           Loss/Act_rep_loss |          0.0427 |
|                                   SAC/Alpha |          0.0333 |
|                              SAC/LogPi_mean |           0.485 |
|                                 SAC/Q1_mean |            52.2 |
|                                 SAC/Q2_mean |            52.2 |
|                            Norm/actor_model |            90.8 |
|                           Norm/critic_model |             114 |
|              Norm/state_action_metric_model |            70.2 |
|                     Norm/state_metric_model |            85.5 |
|        Norm/state_action_state_metric_model |            80.4 |
|                  Metric/self_state_distance |            0.04 |
|                 Metric/cross_state_distance |            3.13 |
|           Metric/self_state_action_distance |          0.0353 |
|          Metric/cross_state_action_distance |            3.95 |
|             Metric/avg_self_state_asymmetry |               0 |
|            Metric/avg_cross_state_asymmetry |          0.0376 |
|                Metric/avg_self_sa_asymmetry |               0 |
|               Metric/avg_cross_sa_asymmetry |          0.0291 |
|  Metric/self_state_action_to_state_distance |          0.0271 |
| Metric/cross_state_action_to_state_distance |            3.99 |
|                   Metric/h_lambda_diff_self |          0.0136 |
|                  Metric/h_lambda_diff_cross |          0.0609 |
|                                 Eval/Return |             749 |
-----------------------------------------------------------------
-----------------------------------------------------------------
|                                 Train/Steps |        2.06e+06 |
|                            Loss/Loss_critic |           0.168 |
|                             Loss/Loss_actor |           -52.8 |
|                             Loss/Loss_alpha |       -0.000289 |
|               Loss/Loss_state_action_metric |            9.63 |
|                      Loss/Loss_state_metric |            2.37 |
|             Loss/Loss_state_action_to_state |         0.00675 |
|                           Loss/Act_rep_loss |          0.0269 |
|                                   SAC/Alpha |          0.0348 |
|                              SAC/LogPi_mean |           0.494 |
|                                 SAC/Q1_mean |            52.9 |
|                                 SAC/Q2_mean |            52.8 |
|                            Norm/actor_model |            93.3 |
|                           Norm/critic_model |             116 |
|              Norm/state_action_metric_model |            72.4 |
|                     Norm/state_metric_model |            88.9 |
|        Norm/state_action_state_metric_model |              83 |
|                  Metric/self_state_distance |          0.0173 |
|                 Metric/cross_state_distance |            3.22 |
|           Metric/self_state_action_distance |          0.0394 |
|          Metric/cross_state_action_distance |            4.14 |
|             Metric/avg_self_state_asymmetry |               0 |
|            Metric/avg_cross_state_asymmetry |           0.043 |
|                Metric/avg_self_sa_asymmetry |               0 |
|               Metric/avg_cross_sa_asymmetry |          0.0449 |
|  Metric/self_state_action_to_state_distance |          0.0181 |
| Metric/cross_state_action_to_state_distance |            4.15 |
|                   Metric/h_lambda_diff_self |          0.0221 |
|                  Metric/h_lambda_diff_cross |           0.034 |
|                                 Eval/Return |             748 |
-----------------------------------------------------------------
[32mSaving model …[0m
[32mDone.[0m
[32mSaving model …[0m
[32mDone.[0m
-----------------------------------------------------------------
|                                 Train/Steps |        2.18e+06 |
|                            Loss/Loss_critic |           0.207 |
|                             Loss/Loss_actor |           -54.6 |
|                             Loss/Loss_alpha |         1.1e-06 |
|               Loss/Loss_state_action_metric |            10.4 |
|                      Loss/Loss_state_metric |            2.83 |
|             Loss/Loss_state_action_to_state |          0.0114 |
|                           Loss/Act_rep_loss |          0.0294 |
|                                   SAC/Alpha |          0.0307 |
|                              SAC/LogPi_mean |           0.531 |
|                                 SAC/Q1_mean |            54.6 |
|                                 SAC/Q2_mean |            54.7 |
|                            Norm/actor_model |            95.8 |
|                           Norm/critic_model |             118 |
|              Norm/state_action_metric_model |            74.6 |
|                     Norm/state_metric_model |            92.8 |
|        Norm/state_action_state_metric_model |            85.3 |
|                  Metric/self_state_distance |          0.0243 |
|                 Metric/cross_state_distance |            3.39 |
|           Metric/self_state_action_distance |          0.0807 |
|          Metric/cross_state_action_distance |            4.31 |
|             Metric/avg_self_state_asymmetry |               0 |
|            Metric/avg_cross_state_asymmetry |          0.0378 |
|                Metric/avg_self_sa_asymmetry |               0 |
|               Metric/avg_cross_sa_asymmetry |           0.044 |
|  Metric/self_state_action_to_state_distance |          0.0176 |
| Metric/cross_state_action_to_state_distance |             4.3 |
|                   Metric/h_lambda_diff_self |          0.0644 |
|                  Metric/h_lambda_diff_cross |          0.0543 |
|                                 Eval/Return |             757 |
-----------------------------------------------------------------
-----------------------------------------------------------------
|                                 Train/Steps |        2.31e+06 |
|                            Loss/Loss_critic |           0.242 |
|                             Loss/Loss_actor |           -55.1 |
|                             Loss/Loss_alpha |        -0.00153 |
|               Loss/Loss_state_action_metric |             9.7 |
|                      Loss/Loss_state_metric |            2.45 |
|             Loss/Loss_state_action_to_state |            0.02 |
|                           Loss/Act_rep_loss |          0.0242 |
|                                   SAC/Alpha |          0.0269 |
|                              SAC/LogPi_mean |             0.5 |
|                                 SAC/Q1_mean |              55 |
|                                 SAC/Q2_mean |            55.1 |
|                            Norm/actor_model |            98.1 |
|                           Norm/critic_model |             120 |
|              Norm/state_action_metric_model |            76.5 |
|                     Norm/state_metric_model |            96.5 |
|        Norm/state_action_state_metric_model |            87.4 |
|                  Metric/self_state_distance |          0.0289 |
|                 Metric/cross_state_distance |            3.18 |
|           Metric/self_state_action_distance |          0.0201 |
|          Metric/cross_state_action_distance |            4.31 |
|             Metric/avg_self_state_asymmetry |               0 |
|            Metric/avg_cross_state_asymmetry |          0.0421 |
|                Metric/avg_self_sa_asymmetry |               0 |
|               Metric/avg_cross_sa_asymmetry |          0.0309 |
|  Metric/self_state_action_to_state_distance |          0.0106 |
| Metric/cross_state_action_to_state_distance |            4.28 |
|                   Metric/h_lambda_diff_self |          0.0123 |
|                  Metric/h_lambda_diff_cross |          0.0474 |
|                                 Eval/Return |             760 |
-----------------------------------------------------------------
-----------------------------------------------------------------
|                                 Train/Steps |        2.44e+06 |
|                            Loss/Loss_critic |           0.482 |
|                             Loss/Loss_actor |           -59.8 |
|                             Loss/Loss_alpha |         0.00138 |
|               Loss/Loss_state_action_metric |            10.4 |
|                      Loss/Loss_state_metric |            2.74 |
|             Loss/Loss_state_action_to_state |         0.00767 |
|                           Loss/Act_rep_loss |          0.0506 |
|                                   SAC/Alpha |          0.0217 |
|                              SAC/LogPi_mean |           0.474 |
|                                 SAC/Q1_mean |            59.8 |
|                                 SAC/Q2_mean |            60.1 |
|                            Norm/actor_model |             101 |
|                           Norm/critic_model |             122 |
|              Norm/state_action_metric_model |            78.2 |
|                     Norm/state_metric_model |            99.9 |
|        Norm/state_action_state_metric_model |            89.7 |
|                  Metric/self_state_distance |         0.00894 |
|                 Metric/cross_state_distance |            3.36 |
|           Metric/self_state_action_distance |          0.0175 |
|          Metric/cross_state_action_distance |            4.27 |
|             Metric/avg_self_state_asymmetry |               0 |
|            Metric/avg_cross_state_asymmetry |          0.0373 |
|                Metric/avg_self_sa_asymmetry |               0 |
|               Metric/avg_cross_sa_asymmetry |          0.0302 |
|  Metric/self_state_action_to_state_distance |         0.00301 |
| Metric/cross_state_action_to_state_distance |            4.26 |
|                   Metric/h_lambda_diff_self |           0.015 |
|                  Metric/h_lambda_diff_cross |          0.0396 |
|                                 Eval/Return |             757 |
-----------------------------------------------------------------
-----------------------------------------------------------------
|                                 Train/Steps |        2.57e+06 |
|                            Loss/Loss_critic |          0.0988 |
|                             Loss/Loss_actor |           -61.3 |
|                             Loss/Loss_alpha |       -6.61e-05 |
|               Loss/Loss_state_action_metric |            9.11 |
|                      Loss/Loss_state_metric |            2.17 |
|             Loss/Loss_state_action_to_state |          0.0095 |
|                           Loss/Act_rep_loss |          0.0265 |
|                                   SAC/Alpha |          0.0226 |
|                              SAC/LogPi_mean |           0.461 |
|                                 SAC/Q1_mean |            61.4 |
|                                 SAC/Q2_mean |            61.4 |
|                            Norm/actor_model |             103 |
|                           Norm/critic_model |             124 |
|              Norm/state_action_metric_model |              80 |
|                     Norm/state_metric_model |             104 |
|        Norm/state_action_state_metric_model |            92.1 |
|                  Metric/self_state_distance |          0.0308 |
|                 Metric/cross_state_distance |            2.95 |
|           Metric/self_state_action_distance |          0.0703 |
|          Metric/cross_state_action_distance |            4.13 |
|             Metric/avg_self_state_asymmetry |               0 |
|            Metric/avg_cross_state_asymmetry |          0.0328 |
|                Metric/avg_self_sa_asymmetry |               0 |
|               Metric/avg_cross_sa_asymmetry |          0.0384 |
|  Metric/self_state_action_to_state_distance |          0.0168 |
| Metric/cross_state_action_to_state_distance |            4.14 |
|                   Metric/h_lambda_diff_self |          0.0541 |
|                  Metric/h_lambda_diff_cross |          0.0472 |
|                                 Eval/Return |             762 |
-----------------------------------------------------------------
-----------------------------------------------------------------
|                                 Train/Steps |         2.7e+06 |
|                            Loss/Loss_critic |           0.213 |
|                             Loss/Loss_actor |           -62.1 |
|                             Loss/Loss_alpha |        -0.00112 |
|               Loss/Loss_state_action_metric |            9.42 |
|                      Loss/Loss_state_metric |            2.21 |
|             Loss/Loss_state_action_to_state |         0.00943 |
|                           Loss/Act_rep_loss |          0.0324 |
|                                   SAC/Alpha |          0.0233 |
|                              SAC/LogPi_mean |           0.588 |
|                                 SAC/Q1_mean |            62.3 |
|                                 SAC/Q2_mean |            62.2 |
|                            Norm/actor_model |             106 |
|                           Norm/critic_model |             126 |
|              Norm/state_action_metric_model |            81.5 |
|                     Norm/state_metric_model |             108 |
|        Norm/state_action_state_metric_model |            94.3 |
|                  Metric/self_state_distance |         0.00874 |
|                 Metric/cross_state_distance |            3.11 |
|           Metric/self_state_action_distance |          0.0237 |
|          Metric/cross_state_action_distance |            4.09 |
|             Metric/avg_self_state_asymmetry |               0 |
|            Metric/avg_cross_state_asymmetry |          0.0304 |
|                Metric/avg_self_sa_asymmetry |               0 |
|               Metric/avg_cross_sa_asymmetry |           0.042 |
|  Metric/self_state_action_to_state_distance |          0.0148 |
| Metric/cross_state_action_to_state_distance |            4.07 |
|                   Metric/h_lambda_diff_self |          0.0108 |
|                  Metric/h_lambda_diff_cross |          0.0348 |
|                                 Eval/Return |             753 |
-----------------------------------------------------------------
-----------------------------------------------------------------
|                                 Train/Steps |        2.82e+06 |
|                            Loss/Loss_critic |           0.176 |
|                             Loss/Loss_actor |             -57 |
|                             Loss/Loss_alpha |       -0.000963 |
|               Loss/Loss_state_action_metric |            9.38 |
|                      Loss/Loss_state_metric |            2.53 |
|             Loss/Loss_state_action_to_state |         0.00573 |
|                           Loss/Act_rep_loss |          0.0394 |
|                                   SAC/Alpha |           0.023 |
|                              SAC/LogPi_mean |           0.529 |
|                                 SAC/Q1_mean |            57.1 |
|                                 SAC/Q2_mean |              57 |
|                            Norm/actor_model |             108 |
|                           Norm/critic_model |             128 |
|              Norm/state_action_metric_model |              83 |
|                     Norm/state_metric_model |             112 |
|        Norm/state_action_state_metric_model |            96.5 |
|                  Metric/self_state_distance |          0.0132 |
|                 Metric/cross_state_distance |            3.22 |
|           Metric/self_state_action_distance |         0.00947 |
|          Metric/cross_state_action_distance |            4.07 |
|             Metric/avg_self_state_asymmetry |               0 |
|            Metric/avg_cross_state_asymmetry |          0.0414 |
|                Metric/avg_self_sa_asymmetry |               0 |
|               Metric/avg_cross_sa_asymmetry |          0.0403 |
|  Metric/self_state_action_to_state_distance |         0.00603 |
| Metric/cross_state_action_to_state_distance |            4.07 |
|                   Metric/h_lambda_diff_self |          0.0068 |
|                  Metric/h_lambda_diff_cross |          0.0354 |
|                                 Eval/Return |             758 |
-----------------------------------------------------------------
-----------------------------------------------------------------
|                                 Train/Steps |        2.95e+06 |
|                            Loss/Loss_critic |           0.229 |
|                             Loss/Loss_actor |             -60 |
|                             Loss/Loss_alpha |        -0.00158 |
|               Loss/Loss_state_action_metric |            10.1 |
|                      Loss/Loss_state_metric |            2.52 |
|             Loss/Loss_state_action_to_state |         0.00477 |
|                           Loss/Act_rep_loss |          0.0219 |
|                                   SAC/Alpha |          0.0199 |
|                              SAC/LogPi_mean |           0.541 |
|                                 SAC/Q1_mean |              60 |
|                                 SAC/Q2_mean |            60.1 |
|                            Norm/actor_model |             111 |
|                           Norm/critic_model |             129 |
|              Norm/state_action_metric_model |            84.4 |
|                     Norm/state_metric_model |             115 |
|        Norm/state_action_state_metric_model |            98.5 |
|                  Metric/self_state_distance |          0.0166 |
|                 Metric/cross_state_distance |            3.09 |
|           Metric/self_state_action_distance |          0.0153 |
|          Metric/cross_state_action_distance |            4.16 |
|             Metric/avg_self_state_asymmetry |               0 |
|            Metric/avg_cross_state_asymmetry |          0.0272 |
|                Metric/avg_self_sa_asymmetry |               0 |
|               Metric/avg_cross_sa_asymmetry |           0.027 |
|  Metric/self_state_action_to_state_distance |         0.00565 |
| Metric/cross_state_action_to_state_distance |            4.14 |
|                   Metric/h_lambda_diff_self |         0.00994 |
|                  Metric/h_lambda_diff_cross |           0.035 |
|                                 Eval/Return |             761 |
-----------------------------------------------------------------
-----------------------------------------------------------------
|                                 Train/Steps |        3.08e+06 |
|                            Loss/Loss_critic |           0.147 |
|                             Loss/Loss_actor |           -64.5 |
|                             Loss/Loss_alpha |        -0.00214 |
|               Loss/Loss_state_action_metric |            10.5 |
|                      Loss/Loss_state_metric |            2.36 |
|             Loss/Loss_state_action_to_state |         0.00872 |
|                           Loss/Act_rep_loss |          0.0122 |
|                                   SAC/Alpha |          0.0208 |
|                              SAC/LogPi_mean |           0.577 |
|                                 SAC/Q1_mean |            64.6 |
|                                 SAC/Q2_mean |            64.5 |
|                            Norm/actor_model |             113 |
|                           Norm/critic_model |             131 |
|              Norm/state_action_metric_model |              86 |
|                     Norm/state_metric_model |             119 |
|        Norm/state_action_state_metric_model |             101 |
|                  Metric/self_state_distance |          0.0115 |
|                 Metric/cross_state_distance |            3.22 |
|           Metric/self_state_action_distance |          0.0247 |
|          Metric/cross_state_action_distance |            4.29 |
|             Metric/avg_self_state_asymmetry |               0 |
|            Metric/avg_cross_state_asymmetry |          0.0404 |
|                Metric/avg_self_sa_asymmetry |               0 |
|               Metric/avg_cross_sa_asymmetry |          0.0354 |
|  Metric/self_state_action_to_state_distance |         0.00932 |
| Metric/cross_state_action_to_state_distance |            4.25 |
|                   Metric/h_lambda_diff_self |          0.0158 |
|                  Metric/h_lambda_diff_cross |          0.0638 |
|                                 Eval/Return |             768 |
-----------------------------------------------------------------
[32mSaving model …[0m
[32mDone.[0m
[32mSaving model …[0m
[32mDone.[0m
-----------------------------------------------------------------
|                                 Train/Steps |        3.21e+06 |
|                            Loss/Loss_critic |          0.0922 |
|                             Loss/Loss_actor |           -63.7 |
|                             Loss/Loss_alpha |        0.000762 |
|               Loss/Loss_state_action_metric |            9.97 |
|                      Loss/Loss_state_metric |            2.35 |
|             Loss/Loss_state_action_to_state |         0.00966 |
|                           Loss/Act_rep_loss |          0.0173 |
|                                   SAC/Alpha |           0.018 |
|                              SAC/LogPi_mean |           0.419 |
|                                 SAC/Q1_mean |            63.7 |
|                                 SAC/Q2_mean |            63.7 |
|                            Norm/actor_model |             115 |
|                           Norm/critic_model |             131 |
|              Norm/state_action_metric_model |            87.7 |
|                     Norm/state_metric_model |             122 |
|        Norm/state_action_state_metric_model |             103 |
|                  Metric/self_state_distance |         0.00871 |
|                 Metric/cross_state_distance |            3.37 |
|           Metric/self_state_action_distance |          0.0143 |
|          Metric/cross_state_action_distance |            4.19 |
|             Metric/avg_self_state_asymmetry |               0 |
|            Metric/avg_cross_state_asymmetry |          0.0282 |
|                Metric/avg_self_sa_asymmetry |               0 |
|               Metric/avg_cross_sa_asymmetry |          0.0274 |
|  Metric/self_state_action_to_state_distance |         0.00853 |
| Metric/cross_state_action_to_state_distance |            4.19 |
|                   Metric/h_lambda_diff_self |         0.00663 |
|                  Metric/h_lambda_diff_cross |          0.0418 |
|                                 Eval/Return |             765 |
-----------------------------------------------------------------
-----------------------------------------------------------------
|                                 Train/Steps |        3.34e+06 |
|                            Loss/Loss_critic |           0.108 |
|                             Loss/Loss_actor |           -62.9 |
|                             Loss/Loss_alpha |        0.000662 |
|               Loss/Loss_state_action_metric |              10 |
|                      Loss/Loss_state_metric |            2.85 |
|             Loss/Loss_state_action_to_state |         0.00503 |
|                           Loss/Act_rep_loss |          0.0162 |
|                                   SAC/Alpha |          0.0169 |
|                              SAC/LogPi_mean |           0.459 |
|                                 SAC/Q1_mean |            62.9 |
|                                 SAC/Q2_mean |            62.9 |
|                            Norm/actor_model |             118 |
|                           Norm/critic_model |             132 |
|              Norm/state_action_metric_model |            89.4 |
|                     Norm/state_metric_model |             126 |
|        Norm/state_action_state_metric_model |             105 |
|                  Metric/self_state_distance |          0.0135 |
|                 Metric/cross_state_distance |            3.32 |
|           Metric/self_state_action_distance |            0.02 |
|          Metric/cross_state_action_distance |            4.24 |
|             Metric/avg_self_state_asymmetry |               0 |
|            Metric/avg_cross_state_asymmetry |          0.0238 |
|                Metric/avg_self_sa_asymmetry |               0 |
|               Metric/avg_cross_sa_asymmetry |           0.027 |
|  Metric/self_state_action_to_state_distance |         0.00298 |
| Metric/cross_state_action_to_state_distance |            4.24 |
|                   Metric/h_lambda_diff_self |          0.0174 |
|                  Metric/h_lambda_diff_cross |          0.0174 |
|                                 Eval/Return |             767 |
-----------------------------------------------------------------
-----------------------------------------------------------------
|                                 Train/Steps |        3.46e+06 |
|                            Loss/Loss_critic |           0.255 |
|                             Loss/Loss_actor |           -64.8 |
|                             Loss/Loss_alpha |       -0.000328 |
|               Loss/Loss_state_action_metric |             9.9 |
|                      Loss/Loss_state_metric |            2.71 |
|             Loss/Loss_state_action_to_state |         0.00712 |
|                           Loss/Act_rep_loss |          0.0164 |
|                                   SAC/Alpha |          0.0158 |
|                              SAC/LogPi_mean |           0.457 |
|                                 SAC/Q1_mean |            64.8 |
|                                 SAC/Q2_mean |            64.9 |
|                            Norm/actor_model |             120 |
|                           Norm/critic_model |             133 |
|              Norm/state_action_metric_model |            91.3 |
|                     Norm/state_metric_model |             130 |
|        Norm/state_action_state_metric_model |             107 |
|                  Metric/self_state_distance |         0.00451 |
|                 Metric/cross_state_distance |            3.34 |
|           Metric/self_state_action_distance |         0.00929 |
|          Metric/cross_state_action_distance |            4.22 |
|             Metric/avg_self_state_asymmetry |               0 |
|            Metric/avg_cross_state_asymmetry |          0.0347 |
|                Metric/avg_self_sa_asymmetry |               0 |
|               Metric/avg_cross_sa_asymmetry |          0.0357 |
|  Metric/self_state_action_to_state_distance |          0.0014 |
| Metric/cross_state_action_to_state_distance |            4.24 |
|                   Metric/h_lambda_diff_self |         0.00879 |
|                  Metric/h_lambda_diff_cross |          0.0444 |
|                                 Eval/Return |             758 |
-----------------------------------------------------------------
-----------------------------------------------------------------
|                                 Train/Steps |        3.59e+06 |
|                            Loss/Loss_critic |           0.135 |
|                             Loss/Loss_actor |           -66.6 |
|                             Loss/Loss_alpha |        0.000542 |
|               Loss/Loss_state_action_metric |            9.87 |
|                      Loss/Loss_state_metric |            2.59 |
|             Loss/Loss_state_action_to_state |         0.00431 |
|                           Loss/Act_rep_loss |          0.0144 |
|                                   SAC/Alpha |          0.0179 |
|                              SAC/LogPi_mean |           0.487 |
|                                 SAC/Q1_mean |            66.6 |
|                                 SAC/Q2_mean |            66.7 |
|                            Norm/actor_model |             122 |
|                           Norm/critic_model |             134 |
|              Norm/state_action_metric_model |            93.4 |
|                     Norm/state_metric_model |             133 |
|        Norm/state_action_state_metric_model |             109 |
|                  Metric/self_state_distance |          0.0124 |
|                 Metric/cross_state_distance |            3.29 |
|           Metric/self_state_action_distance |          0.0181 |
|          Metric/cross_state_action_distance |            4.12 |
|             Metric/avg_self_state_asymmetry |               0 |
|            Metric/avg_cross_state_asymmetry |          0.0355 |
|                Metric/avg_self_sa_asymmetry |               0 |
|               Metric/avg_cross_sa_asymmetry |          0.0251 |
|  Metric/self_state_action_to_state_distance |         0.00205 |
| Metric/cross_state_action_to_state_distance |            4.14 |
|                   Metric/h_lambda_diff_self |          0.0162 |
|                  Metric/h_lambda_diff_cross |          0.0419 |
|                                 Eval/Return |             771 |
-----------------------------------------------------------------
-----------------------------------------------------------------
|                                 Train/Steps |        3.72e+06 |
|                            Loss/Loss_critic |           0.113 |
|                             Loss/Loss_actor |           -66.2 |
|                             Loss/Loss_alpha |         0.00153 |
|               Loss/Loss_state_action_metric |            9.21 |
|                      Loss/Loss_state_metric |            2.48 |
|             Loss/Loss_state_action_to_state |         0.00867 |
|                           Loss/Act_rep_loss |          0.0223 |
|                                   SAC/Alpha |          0.0154 |
|                              SAC/LogPi_mean |           0.413 |
|                                 SAC/Q1_mean |            66.2 |
|                                 SAC/Q2_mean |            66.2 |
|                            Norm/actor_model |             124 |
|                           Norm/critic_model |             135 |
|              Norm/state_action_metric_model |            95.1 |
|                     Norm/state_metric_model |             137 |
|        Norm/state_action_state_metric_model |             111 |
|                  Metric/self_state_distance |          0.0162 |
|                 Metric/cross_state_distance |            3.16 |
|           Metric/self_state_action_distance |          0.0127 |
|          Metric/cross_state_action_distance |            4.05 |
|             Metric/avg_self_state_asymmetry |               0 |
|            Metric/avg_cross_state_asymmetry |          0.0288 |
|                Metric/avg_self_sa_asymmetry |               0 |
|               Metric/avg_cross_sa_asymmetry |           0.026 |
|  Metric/self_state_action_to_state_distance |         0.00385 |
| Metric/cross_state_action_to_state_distance |            4.08 |
|                   Metric/h_lambda_diff_self |         0.00917 |
|                  Metric/h_lambda_diff_cross |           0.057 |
|                                 Eval/Return |             771 |
-----------------------------------------------------------------
-----------------------------------------------------------------
|                                 Train/Steps |        3.85e+06 |
|                            Loss/Loss_critic |            0.15 |
|                             Loss/Loss_actor |           -65.3 |
|                             Loss/Loss_alpha |        -0.00116 |
|               Loss/Loss_state_action_metric |            9.48 |
|                      Loss/Loss_state_metric |            2.11 |
|             Loss/Loss_state_action_to_state |         0.00844 |
|                           Loss/Act_rep_loss |          0.0372 |
|                                   SAC/Alpha |          0.0155 |
|                              SAC/LogPi_mean |           0.561 |
|                                 SAC/Q1_mean |            65.4 |
|                                 SAC/Q2_mean |            65.3 |
|                            Norm/actor_model |             126 |
|                           Norm/critic_model |             135 |
|              Norm/state_action_metric_model |            97.2 |
|                     Norm/state_metric_model |             142 |
|        Norm/state_action_state_metric_model |             113 |
|                  Metric/self_state_distance |          0.0219 |
|                 Metric/cross_state_distance |            3.11 |
|           Metric/self_state_action_distance |          0.0136 |
|          Metric/cross_state_action_distance |            4.05 |
|             Metric/avg_self_state_asymmetry |               0 |
|            Metric/avg_cross_state_asymmetry |           0.041 |
|                Metric/avg_self_sa_asymmetry |               0 |
|               Metric/avg_cross_sa_asymmetry |          0.0446 |
|  Metric/self_state_action_to_state_distance |         0.00315 |
| Metric/cross_state_action_to_state_distance |            4.04 |
|                   Metric/h_lambda_diff_self |          0.0105 |
|                  Metric/h_lambda_diff_cross |          0.0389 |
|                                 Eval/Return |             768 |
-----------------------------------------------------------------
-----------------------------------------------------------------
|                                 Train/Steps |        3.98e+06 |
|                            Loss/Loss_critic |           0.444 |
|                             Loss/Loss_actor |           -68.9 |
|                             Loss/Loss_alpha |         0.00118 |
|               Loss/Loss_state_action_metric |            11.1 |
|                      Loss/Loss_state_metric |            2.49 |
|             Loss/Loss_state_action_to_state |          0.0104 |
|                           Loss/Act_rep_loss |          0.0113 |
|                                   SAC/Alpha |          0.0139 |
|                              SAC/LogPi_mean |           0.405 |
|                                 SAC/Q1_mean |            69.1 |
|                                 SAC/Q2_mean |              69 |
|                            Norm/actor_model |             128 |
|                           Norm/critic_model |             136 |
|              Norm/state_action_metric_model |            98.9 |
|                     Norm/state_metric_model |             146 |
|        Norm/state_action_state_metric_model |             114 |
|                  Metric/self_state_distance |         0.00983 |
|                 Metric/cross_state_distance |            3.34 |
|           Metric/self_state_action_distance |          0.0263 |
|          Metric/cross_state_action_distance |            4.28 |
|             Metric/avg_self_state_asymmetry |               0 |
|            Metric/avg_cross_state_asymmetry |          0.0329 |
|                Metric/avg_self_sa_asymmetry |               0 |
|               Metric/avg_cross_sa_asymmetry |           0.033 |
|  Metric/self_state_action_to_state_distance |          0.0125 |
| Metric/cross_state_action_to_state_distance |            4.28 |
|                   Metric/h_lambda_diff_self |          0.0155 |
|                  Metric/h_lambda_diff_cross |          0.0385 |
|                                 Eval/Return |             770 |
-----------------------------------------------------------------
-----------------------------------------------------------------
|                                 Train/Steps |         4.1e+06 |
|                            Loss/Loss_critic |          0.0901 |
|                             Loss/Loss_actor |           -72.2 |
|                             Loss/Loss_alpha |        0.000808 |
|               Loss/Loss_state_action_metric |            9.27 |
|                      Loss/Loss_state_metric |            2.27 |
|             Loss/Loss_state_action_to_state |         0.00629 |
|                           Loss/Act_rep_loss |          0.0159 |
|                                   SAC/Alpha |          0.0156 |
|                              SAC/LogPi_mean |            0.48 |
|                                 SAC/Q1_mean |            72.3 |
|                                 SAC/Q2_mean |            72.3 |
|                            Norm/actor_model |             130 |
|                           Norm/critic_model |             137 |
|              Norm/state_action_metric_model |             101 |
|                     Norm/state_metric_model |             150 |
|        Norm/state_action_state_metric_model |             116 |
|                  Metric/self_state_distance |         0.00593 |
|                 Metric/cross_state_distance |            2.95 |
|           Metric/self_state_action_distance |          0.0127 |
|          Metric/cross_state_action_distance |            3.84 |
|             Metric/avg_self_state_asymmetry |               0 |
|            Metric/avg_cross_state_asymmetry |          0.0297 |
|                Metric/avg_self_sa_asymmetry |               0 |
|               Metric/avg_cross_sa_asymmetry |          0.0292 |
|  Metric/self_state_action_to_state_distance |         0.00119 |
| Metric/cross_state_action_to_state_distance |             3.8 |
|                   Metric/h_lambda_diff_self |          0.0117 |
|                  Metric/h_lambda_diff_cross |          0.0428 |
|                                 Eval/Return |             771 |
-----------------------------------------------------------------
[32mSaving model …[0m
[32mDone.[0m
[32mSaving model …[0m
[32mDone.[0m
-----------------------------------------------------------------
|                                 Train/Steps |        4.23e+06 |
|                            Loss/Loss_critic |           0.122 |
|                             Loss/Loss_actor |           -73.5 |
|                             Loss/Loss_alpha |        -0.00037 |
|               Loss/Loss_state_action_metric |            10.8 |
|                      Loss/Loss_state_metric |            2.64 |
|             Loss/Loss_state_action_to_state |          0.0111 |
|                           Loss/Act_rep_loss |           0.036 |
|                                   SAC/Alpha |          0.0113 |
|                              SAC/LogPi_mean |           0.518 |
|                                 SAC/Q1_mean |            73.5 |
|                                 SAC/Q2_mean |            73.5 |
|                            Norm/actor_model |             131 |
|                           Norm/critic_model |             138 |
|              Norm/state_action_metric_model |             103 |
|                     Norm/state_metric_model |             153 |
|        Norm/state_action_state_metric_model |             118 |
|                  Metric/self_state_distance |         0.00702 |
|                 Metric/cross_state_distance |            3.28 |
|           Metric/self_state_action_distance |         0.00252 |
|          Metric/cross_state_action_distance |            4.04 |
|             Metric/avg_self_state_asymmetry |               0 |
|            Metric/avg_cross_state_asymmetry |          0.0311 |
|                Metric/avg_self_sa_asymmetry |               0 |
|               Metric/avg_cross_sa_asymmetry |          0.0459 |
|  Metric/self_state_action_to_state_distance |          0.0022 |
| Metric/cross_state_action_to_state_distance |            4.04 |
|                   Metric/h_lambda_diff_self |         0.00117 |
|                  Metric/h_lambda_diff_cross |          0.0429 |
|                                 Eval/Return |             771 |
-----------------------------------------------------------------
-----------------------------------------------------------------
|                                 Train/Steps |        4.36e+06 |
|                            Loss/Loss_critic |           0.117 |
|                             Loss/Loss_actor |           -75.6 |
|                             Loss/Loss_alpha |        -0.00139 |
|               Loss/Loss_state_action_metric |            10.1 |
|                      Loss/Loss_state_metric |            2.62 |
|             Loss/Loss_state_action_to_state |         0.00629 |
|                           Loss/Act_rep_loss |          0.0103 |
|                                   SAC/Alpha |          0.0148 |
|                              SAC/LogPi_mean |           0.592 |
|                                 SAC/Q1_mean |            75.6 |
|                                 SAC/Q2_mean |            75.7 |
|                            Norm/actor_model |             133 |
|                           Norm/critic_model |             140 |
|              Norm/state_action_metric_model |             105 |
|                     Norm/state_metric_model |             158 |
|        Norm/state_action_state_metric_model |             120 |
|                  Metric/self_state_distance |         0.00632 |
|                 Metric/cross_state_distance |            3.18 |
|           Metric/self_state_action_distance |          0.0371 |
|          Metric/cross_state_action_distance |            4.07 |
|             Metric/avg_self_state_asymmetry |               0 |
|            Metric/avg_cross_state_asymmetry |          0.0262 |
|                Metric/avg_self_sa_asymmetry |               0 |
|               Metric/avg_cross_sa_asymmetry |          0.0257 |
|  Metric/self_state_action_to_state_distance |         0.00409 |
| Metric/cross_state_action_to_state_distance |            4.06 |
|                   Metric/h_lambda_diff_self |           0.033 |
|                  Metric/h_lambda_diff_cross |          0.0304 |
|                                 Eval/Return |             751 |
-----------------------------------------------------------------
-----------------------------------------------------------------
|                                 Train/Steps |        4.49e+06 |
|                            Loss/Loss_critic |          0.0956 |
|                             Loss/Loss_actor |           -79.2 |
|                             Loss/Loss_alpha |         0.00134 |
|               Loss/Loss_state_action_metric |            8.67 |
|                      Loss/Loss_state_metric |            2.27 |
|             Loss/Loss_state_action_to_state |         0.00439 |
|                           Loss/Act_rep_loss |           0.058 |
|                                   SAC/Alpha |          0.0106 |
|                              SAC/LogPi_mean |           0.327 |
|                                 SAC/Q1_mean |            79.3 |
|                                 SAC/Q2_mean |            79.2 |
|                            Norm/actor_model |             135 |
|                           Norm/critic_model |             141 |
|              Norm/state_action_metric_model |             107 |
|                     Norm/state_metric_model |             162 |
|        Norm/state_action_state_metric_model |             122 |
|                  Metric/self_state_distance |          0.0143 |
|                 Metric/cross_state_distance |            3.04 |
|           Metric/self_state_action_distance |         0.00481 |
|          Metric/cross_state_action_distance |            3.64 |
|             Metric/avg_self_state_asymmetry |               0 |
|            Metric/avg_cross_state_asymmetry |          0.0405 |
|                Metric/avg_self_sa_asymmetry |               0 |
|               Metric/avg_cross_sa_asymmetry |          0.0454 |
|  Metric/self_state_action_to_state_distance |         0.00798 |
| Metric/cross_state_action_to_state_distance |            3.65 |
|                   Metric/h_lambda_diff_self |         0.00466 |
|                  Metric/h_lambda_diff_cross |          0.0446 |
|                                 Eval/Return |             766 |
-----------------------------------------------------------------
-----------------------------------------------------------------
|                                 Train/Steps |        4.62e+06 |
|                            Loss/Loss_critic |           0.066 |
|                             Loss/Loss_actor |           -81.3 |
|                             Loss/Loss_alpha |       -0.000378 |
|               Loss/Loss_state_action_metric |            8.43 |
|                      Loss/Loss_state_metric |            2.35 |
|             Loss/Loss_state_action_to_state |         0.00558 |
|                           Loss/Act_rep_loss |          0.0186 |
|                                   SAC/Alpha |         0.00769 |
|                              SAC/LogPi_mean |           0.583 |
|                                 SAC/Q1_mean |            81.3 |
|                                 SAC/Q2_mean |            81.4 |
|                            Norm/actor_model |             136 |
|                           Norm/critic_model |             142 |
|              Norm/state_action_metric_model |             109 |
|                     Norm/state_metric_model |             166 |
|        Norm/state_action_state_metric_model |             124 |
|                  Metric/self_state_distance |         0.00594 |
|                 Metric/cross_state_distance |            2.84 |
|           Metric/self_state_action_distance |          0.0134 |
|          Metric/cross_state_action_distance |            3.48 |
|             Metric/avg_self_state_asymmetry |               0 |
|            Metric/avg_cross_state_asymmetry |          0.0256 |
|                Metric/avg_self_sa_asymmetry |               0 |
|               Metric/avg_cross_sa_asymmetry |          0.0248 |
|  Metric/self_state_action_to_state_distance |         0.00336 |
| Metric/cross_state_action_to_state_distance |            3.51 |
|                   Metric/h_lambda_diff_self |          0.0101 |
|                  Metric/h_lambda_diff_cross |          0.0497 |
|                                 Eval/Return |             774 |
-----------------------------------------------------------------
-----------------------------------------------------------------
|                                 Train/Steps |        4.74e+06 |
|                            Loss/Loss_critic |          0.0667 |
|                             Loss/Loss_actor |           -84.8 |
|                             Loss/Loss_alpha |         0.00048 |
|               Loss/Loss_state_action_metric |            6.54 |
|                      Loss/Loss_state_metric |            1.74 |
|             Loss/Loss_state_action_to_state |          0.0047 |
|                           Loss/Act_rep_loss |           0.142 |
|                                   SAC/Alpha |         0.00589 |
|                              SAC/LogPi_mean |           0.349 |
|                                 SAC/Q1_mean |            84.8 |
|                                 SAC/Q2_mean |            84.9 |
|                            Norm/actor_model |             138 |
|                           Norm/critic_model |             143 |
|              Norm/state_action_metric_model |             111 |
|                     Norm/state_metric_model |             171 |
|        Norm/state_action_state_metric_model |             126 |
|                  Metric/self_state_distance |           0.199 |
|                 Metric/cross_state_distance |            2.51 |
|           Metric/self_state_action_distance |          0.0142 |
|          Metric/cross_state_action_distance |            3.01 |
|             Metric/avg_self_state_asymmetry |               0 |
|            Metric/avg_cross_state_asymmetry |          0.0621 |
|                Metric/avg_self_sa_asymmetry |               0 |
|               Metric/avg_cross_sa_asymmetry |          0.0344 |
|  Metric/self_state_action_to_state_distance |        0.000754 |
| Metric/cross_state_action_to_state_distance |            3.09 |
|                   Metric/h_lambda_diff_self |          0.0134 |
|                  Metric/h_lambda_diff_cross |          0.0951 |
|                                 Eval/Return |             772 |
-----------------------------------------------------------------
-----------------------------------------------------------------
|                                 Train/Steps |        4.87e+06 |
|                            Loss/Loss_critic |          0.0286 |
|                             Loss/Loss_actor |           -84.4 |
|                             Loss/Loss_alpha |       -3.61e-05 |
|               Loss/Loss_state_action_metric |             7.7 |
|                      Loss/Loss_state_metric |            2.22 |
|             Loss/Loss_state_action_to_state |         0.00642 |
|                           Loss/Act_rep_loss |          0.0501 |
|                                   SAC/Alpha |         0.00423 |
|                              SAC/LogPi_mean |           0.488 |
|                                 SAC/Q1_mean |            84.4 |
|                                 SAC/Q2_mean |            84.4 |
|                            Norm/actor_model |             139 |
|                           Norm/critic_model |             144 |
|              Norm/state_action_metric_model |             113 |
|                     Norm/state_metric_model |             174 |
|        Norm/state_action_state_metric_model |             127 |
|                  Metric/self_state_distance |          0.0136 |
|                 Metric/cross_state_distance |            2.75 |
|           Metric/self_state_action_distance |         0.00121 |
|          Metric/cross_state_action_distance |            3.22 |
|             Metric/avg_self_state_asymmetry |               0 |
|            Metric/avg_cross_state_asymmetry |          0.0283 |
|                Metric/avg_self_sa_asymmetry |               0 |
|               Metric/avg_cross_sa_asymmetry |           0.033 |
|  Metric/self_state_action_to_state_distance |         0.00134 |
| Metric/cross_state_action_to_state_distance |            3.25 |
|                   Metric/h_lambda_diff_self |          0.0011 |
|                  Metric/h_lambda_diff_cross |          0.0427 |
|                                 Eval/Return |             774 |
-----------------------------------------------------------------
-----------------------------------------------------------------
|                                 Train/Steps |           5e+06 |
|                            Loss/Loss_critic |          0.0245 |
|                             Loss/Loss_actor |           -85.8 |
|                             Loss/Loss_alpha |        0.000212 |
|               Loss/Loss_state_action_metric |            8.63 |
|                      Loss/Loss_state_metric |            1.96 |
|             Loss/Loss_state_action_to_state |         0.00415 |
|                           Loss/Act_rep_loss |          0.0157 |
|                                   SAC/Alpha |         0.00466 |
|                              SAC/LogPi_mean |           0.419 |
|                                 SAC/Q1_mean |            85.9 |
|                                 SAC/Q2_mean |            85.8 |
|                            Norm/actor_model |             141 |
|                           Norm/critic_model |             146 |
|              Norm/state_action_metric_model |             115 |
|                     Norm/state_metric_model |             178 |
|        Norm/state_action_state_metric_model |             128 |
|                  Metric/self_state_distance |          0.0109 |
|                 Metric/cross_state_distance |            2.73 |
|           Metric/self_state_action_distance |          0.0237 |
|          Metric/cross_state_action_distance |            3.17 |
|             Metric/avg_self_state_asymmetry |               0 |
|            Metric/avg_cross_state_asymmetry |          0.0251 |
|                Metric/avg_self_sa_asymmetry |               0 |
|               Metric/avg_cross_sa_asymmetry |          0.0228 |
|  Metric/self_state_action_to_state_distance |         0.00113 |
| Metric/cross_state_action_to_state_distance |            3.21 |
|                   Metric/h_lambda_diff_self |          0.0226 |
|                  Metric/h_lambda_diff_cross |          0.0503 |
|                                 Eval/Return |             774 |
-----------------------------------------------------------------
[32mSaving model …[0m
[32mDone.[0m
[32mSaving model …[0m
[32mDone.[0m
