E0907 07:44:05.516224 1047591 cuda_executor.cc:1526] Could not get kernel mode driver version: (INVALID_ARGUMENT: Version does not match the format X.Y.Z)
E0907 07:44:05.524922 1047477 cuda_executor.cc:1526] Could not get kernel mode driver version: (INVALID_ARGUMENT: Version does not match the format X.Y.Z)
[32mStart prefilling replay buffer[0m
[32mStart SAC training[0m
[32m{'log_freq': 1000, 'save_freq': 1000000, 'eval_episode_freq': 10, 'hidden_size': 256, 'lr': 0.001, 'max_grad_norm': 0.0, 'gamma': 0.99, 'update_tau': 0.005, 'train_per_step': 8, 'episode_length': 1000, 'warmup_samples': 8192, 'max_replay_size': 4000000, 'batch_size': 512, 'total_env_steps': 5000000, 'init_temperature': 0.1, 'nstep': 3, 'bootstrap_on_truncation': True, 'rep_lr_scale': 1.5, 'vis_feq': 100000, 'n_vis_frames': 4, 'num_envs': 128, 'grad_steps': 50, 'transfer_freq': 10, 'transfer_steps': 8, 'reward_scaling': 1.0, 'num_eval_envs': 128, 'target_entropy': -10.5}[0m
[32m[nstep] nstep=3 bootstrap_on_truncation=True (discount from the buffer already contains gamma^nstep)[0m
-----------------------------------------------------------------
|                                 Train/Steps |        1.36e+05 |
|                            Loss/Loss_critic |          0.0187 |
|                             Loss/Loss_actor |           -4.17 |
|                             Loss/Loss_alpha |          0.0258 |
|               Loss/Loss_state_action_metric |           0.414 |
|                      Loss/Loss_state_metric |           0.111 |
|             Loss/Loss_state_action_to_state |         0.00133 |
|                           Loss/Act_rep_loss |          0.0462 |
|                                   SAC/Alpha |         0.00173 |
|                              SAC/LogPi_mean |           -4.51 |
|                                 SAC/Q1_mean |            4.04 |
|                                 SAC/Q2_mean |            4.04 |
|                            Norm/actor_model |            33.5 |
|                           Norm/critic_model |              58 |
|              Norm/state_action_metric_model |            33.4 |
|                     Norm/state_metric_model |            32.8 |
|        Norm/state_action_state_metric_model |            32.8 |
|                  Metric/self_state_distance |         0.00799 |
|                 Metric/cross_state_distance |            1.13 |
|           Metric/self_state_action_distance |          0.0134 |
|          Metric/cross_state_action_distance |            1.18 |
|             Metric/avg_self_state_asymmetry |               0 |
|            Metric/avg_cross_state_asymmetry |          0.0132 |
|                Metric/avg_self_sa_asymmetry |               0 |
|               Metric/avg_cross_sa_asymmetry |          0.0239 |
|  Metric/self_state_action_to_state_distance |         0.00555 |
| Metric/cross_state_action_to_state_distance |            1.21 |
|                   Metric/h_lambda_diff_self |          0.0106 |
|                  Metric/h_lambda_diff_cross |          0.0493 |
|                                 Eval/Return |              19 |
-----------------------------------------------------------------
-----------------------------------------------------------------
|                                 Train/Steps |        2.64e+05 |
|                            Loss/Loss_critic |          0.0356 |
|                             Loss/Loss_actor |           -2.13 |
|                             Loss/Loss_alpha |        0.000312 |
|               Loss/Loss_state_action_metric |           0.374 |
|                      Loss/Loss_state_metric |          0.0876 |
|             Loss/Loss_state_action_to_state |         0.00123 |
|                           Loss/Act_rep_loss |          0.0178 |
|                                   SAC/Alpha |        0.000904 |
|                              SAC/LogPi_mean |            10.1 |
|                                 SAC/Q1_mean |            2.04 |
|                                 SAC/Q2_mean |            2.03 |
|                            Norm/actor_model |            44.9 |
|                           Norm/critic_model |              69 |
|              Norm/state_action_metric_model |            40.1 |
|                     Norm/state_metric_model |            37.3 |
|        Norm/state_action_state_metric_model |              38 |
|                  Metric/self_state_distance |         0.00273 |
|                 Metric/cross_state_distance |            1.11 |
|           Metric/self_state_action_distance |          0.0101 |
|          Metric/cross_state_action_distance |            1.18 |
|             Metric/avg_self_state_asymmetry |               0 |
|            Metric/avg_cross_state_asymmetry |          0.0145 |
|                Metric/avg_self_sa_asymmetry |               0 |
|               Metric/avg_cross_sa_asymmetry |          0.0271 |
|  Metric/self_state_action_to_state_distance |         0.00268 |
| Metric/cross_state_action_to_state_distance |            1.16 |
|                   Metric/h_lambda_diff_self |         0.00873 |
|                  Metric/h_lambda_diff_cross |          0.0381 |
|                                 Eval/Return |            8.92 |
-----------------------------------------------------------------
-----------------------------------------------------------------
|                                 Train/Steps |        3.92e+05 |
|                            Loss/Loss_critic |            0.17 |
|                             Loss/Loss_actor |            -2.1 |
|                             Loss/Loss_alpha |         -0.0014 |
|               Loss/Loss_state_action_metric |            0.21 |
|                      Loss/Loss_state_metric |          0.0999 |
|             Loss/Loss_state_action_to_state |         0.00933 |
|                           Loss/Act_rep_loss |           0.026 |
|                                   SAC/Alpha |         0.00175 |
|                              SAC/LogPi_mean |            11.3 |
|                                 SAC/Q1_mean |            1.93 |
|                                 SAC/Q2_mean |             1.9 |
|                            Norm/actor_model |            51.4 |
|                           Norm/critic_model |            81.6 |
|              Norm/state_action_metric_model |            47.1 |
|                     Norm/state_metric_model |            42.9 |
|        Norm/state_action_state_metric_model |            44.1 |
|                  Metric/self_state_distance |        0.000195 |
|                 Metric/cross_state_distance |            1.15 |
|           Metric/self_state_action_distance |         0.00211 |
|          Metric/cross_state_action_distance |            1.25 |
|             Metric/avg_self_state_asymmetry |               0 |
|            Metric/avg_cross_state_asymmetry |          0.0232 |
|                Metric/avg_self_sa_asymmetry |               0 |
|               Metric/avg_cross_sa_asymmetry |          0.0372 |
|  Metric/self_state_action_to_state_distance |         0.00206 |
| Metric/cross_state_action_to_state_distance |            1.23 |
|                   Metric/h_lambda_diff_self |         0.00244 |
|                  Metric/h_lambda_diff_cross |          0.0494 |
|                                 Eval/Return |            15.7 |
-----------------------------------------------------------------
-----------------------------------------------------------------
|                                 Train/Steps |         5.2e+05 |
|                            Loss/Loss_critic |          0.0678 |
|                             Loss/Loss_actor |           -2.25 |
|                             Loss/Loss_alpha |         0.00183 |
|               Loss/Loss_state_action_metric |           0.273 |
|                      Loss/Loss_state_metric |           0.067 |
|             Loss/Loss_state_action_to_state |         0.00237 |
|                           Loss/Act_rep_loss |         0.00827 |
|                                   SAC/Alpha |         0.00208 |
|                              SAC/LogPi_mean |            9.54 |
|                                 SAC/Q1_mean |            2.09 |
|                                 SAC/Q2_mean |            2.07 |
|                            Norm/actor_model |              57 |
|                           Norm/critic_model |            92.5 |
|              Norm/state_action_metric_model |            53.7 |
|                     Norm/state_metric_model |            48.5 |
|        Norm/state_action_state_metric_model |              50 |
|                  Metric/self_state_distance |         0.00106 |
|                 Metric/cross_state_distance |            1.11 |
|           Metric/self_state_action_distance |         0.00577 |
|          Metric/cross_state_action_distance |            1.18 |
|             Metric/avg_self_state_asymmetry |               0 |
|            Metric/avg_cross_state_asymmetry |          0.0158 |
|                Metric/avg_self_sa_asymmetry |               0 |
|               Metric/avg_cross_sa_asymmetry |          0.0328 |
|  Metric/self_state_action_to_state_distance |         0.00172 |
| Metric/cross_state_action_to_state_distance |            1.16 |
|                   Metric/h_lambda_diff_self |         0.00508 |
|                  Metric/h_lambda_diff_cross |          0.0394 |
|                                 Eval/Return |            27.5 |
-----------------------------------------------------------------
-----------------------------------------------------------------
|                                 Train/Steps |        6.48e+05 |
|                            Loss/Loss_critic |          0.0659 |
|                             Loss/Loss_actor |            -2.1 |
|                             Loss/Loss_alpha |       -0.000645 |
|               Loss/Loss_state_action_metric |           0.159 |
|                      Loss/Loss_state_metric |          0.0802 |
|             Loss/Loss_state_action_to_state |         0.00592 |
|                           Loss/Act_rep_loss |         0.00941 |
|                                   SAC/Alpha |         0.00185 |
|                              SAC/LogPi_mean |            10.7 |
|                                 SAC/Q1_mean |            1.99 |
|                                 SAC/Q2_mean |               2 |
|                            Norm/actor_model |            61.8 |
|                           Norm/critic_model |             102 |
|              Norm/state_action_metric_model |            59.5 |
|                     Norm/state_metric_model |            53.8 |
|        Norm/state_action_state_metric_model |            55.4 |
|                  Metric/self_state_distance |         0.00124 |
|                 Metric/cross_state_distance |            1.12 |
|           Metric/self_state_action_distance |         0.00484 |
|          Metric/cross_state_action_distance |            1.19 |
|             Metric/avg_self_state_asymmetry |               0 |
|            Metric/avg_cross_state_asymmetry |          0.0193 |
|                Metric/avg_self_sa_asymmetry |               0 |
|               Metric/avg_cross_sa_asymmetry |           0.031 |
|  Metric/self_state_action_to_state_distance |         0.00115 |
| Metric/cross_state_action_to_state_distance |            1.17 |
|                   Metric/h_lambda_diff_self |         0.00384 |
|                  Metric/h_lambda_diff_cross |          0.0388 |
|                                 Eval/Return |            26.3 |
-----------------------------------------------------------------
-----------------------------------------------------------------
|                                 Train/Steps |        7.76e+05 |
|                            Loss/Loss_critic |          0.0957 |
|                             Loss/Loss_actor |           -1.62 |
|                             Loss/Loss_alpha |        -0.00216 |
|               Loss/Loss_state_action_metric |           0.203 |
|                      Loss/Loss_state_metric |           0.101 |
|             Loss/Loss_state_action_to_state |         0.00283 |
|                           Loss/Act_rep_loss |          0.0245 |
|                                   SAC/Alpha |         0.00124 |
|                              SAC/LogPi_mean |            12.1 |
|                                 SAC/Q1_mean |            1.45 |
|                                 SAC/Q2_mean |            1.45 |
|                            Norm/actor_model |            66.1 |
|                           Norm/critic_model |             111 |
|              Norm/state_action_metric_model |            65.1 |
|                     Norm/state_metric_model |              59 |
|        Norm/state_action_state_metric_model |            60.4 |
|                  Metric/self_state_distance |         0.00164 |
|                 Metric/cross_state_distance |            1.15 |
|           Metric/self_state_action_distance |         0.00188 |
|          Metric/cross_state_action_distance |            1.23 |
|             Metric/avg_self_state_asymmetry |               0 |
|            Metric/avg_cross_state_asymmetry |           0.021 |
|                Metric/avg_self_sa_asymmetry |               0 |
|               Metric/avg_cross_sa_asymmetry |          0.0365 |
|  Metric/self_state_action_to_state_distance |         0.00181 |
| Metric/cross_state_action_to_state_distance |            1.24 |
|                   Metric/h_lambda_diff_self |         0.00259 |
|                  Metric/h_lambda_diff_cross |          0.0348 |
|                                 Eval/Return |              23 |
-----------------------------------------------------------------
-----------------------------------------------------------------
|                                 Train/Steps |        9.04e+05 |
|                            Loss/Loss_critic |           0.249 |
|                             Loss/Loss_actor |           -1.37 |
|                             Loss/Loss_alpha |          0.0013 |
|               Loss/Loss_state_action_metric |           0.363 |
|                      Loss/Loss_state_metric |          0.0929 |
|             Loss/Loss_state_action_to_state |         0.00243 |
|                           Loss/Act_rep_loss |          0.0159 |
|                                   SAC/Alpha |         0.00102 |
|                              SAC/LogPi_mean |            9.17 |
|                                 SAC/Q1_mean |            1.33 |
|                                 SAC/Q2_mean |            1.31 |
|                            Norm/actor_model |            69.7 |
|                           Norm/critic_model |             118 |
|              Norm/state_action_metric_model |            70.1 |
|                     Norm/state_metric_model |            63.4 |
|        Norm/state_action_state_metric_model |              65 |
|                  Metric/self_state_distance |         0.00154 |
|                 Metric/cross_state_distance |            1.12 |
|           Metric/self_state_action_distance |         0.00241 |
|          Metric/cross_state_action_distance |            1.18 |
|             Metric/avg_self_state_asymmetry |               0 |
|            Metric/avg_cross_state_asymmetry |          0.0162 |
|                Metric/avg_self_sa_asymmetry |               0 |
|               Metric/avg_cross_sa_asymmetry |          0.0298 |
|  Metric/self_state_action_to_state_distance |         0.00127 |
| Metric/cross_state_action_to_state_distance |            1.19 |
|                   Metric/h_lambda_diff_self |         0.00215 |
|                  Metric/h_lambda_diff_cross |          0.0366 |
|                                 Eval/Return |            37.3 |
-----------------------------------------------------------------
-----------------------------------------------------------------
|                                 Train/Steps |        1.03e+06 |
|                            Loss/Loss_critic |           0.169 |
|                             Loss/Loss_actor |            -1.2 |
|                             Loss/Loss_alpha |       -0.000952 |
|               Loss/Loss_state_action_metric |           0.395 |
|                      Loss/Loss_state_metric |           0.133 |
|             Loss/Loss_state_action_to_state |         0.00203 |
|                           Loss/Act_rep_loss |          0.0156 |
|                                   SAC/Alpha |        0.000679 |
|                              SAC/LogPi_mean |            11.8 |
|                                 SAC/Q1_mean |            1.14 |
|                                 SAC/Q2_mean |            1.11 |
|                            Norm/actor_model |            73.4 |
|                           Norm/critic_model |             125 |
|              Norm/state_action_metric_model |              75 |
|                     Norm/state_metric_model |            67.4 |
|        Norm/state_action_state_metric_model |            69.2 |
|                  Metric/self_state_distance |        0.000619 |
|                 Metric/cross_state_distance |            1.18 |
|           Metric/self_state_action_distance |         0.00117 |
|          Metric/cross_state_action_distance |            1.28 |
|             Metric/avg_self_state_asymmetry |               0 |
|            Metric/avg_cross_state_asymmetry |          0.0176 |
|                Metric/avg_self_sa_asymmetry |               0 |
|               Metric/avg_cross_sa_asymmetry |           0.033 |
|  Metric/self_state_action_to_state_distance |         0.00264 |
| Metric/cross_state_action_to_state_distance |            1.29 |
|                   Metric/h_lambda_diff_self |         0.00289 |
|                  Metric/h_lambda_diff_cross |          0.0316 |
|                                 Eval/Return |            30.6 |
-----------------------------------------------------------------
[32mSaving model …[0m
[32mDone.[0m
[32mSaving model …[0m
[32mDone.[0m
-----------------------------------------------------------------
|                                 Train/Steps |        1.16e+06 |
|                            Loss/Loss_critic |          0.0577 |
|                             Loss/Loss_actor |           -0.82 |
|                             Loss/Loss_alpha |        0.000423 |
|               Loss/Loss_state_action_metric |           0.232 |
|                      Loss/Loss_state_metric |           0.102 |
|             Loss/Loss_state_action_to_state |         0.00746 |
|                           Loss/Act_rep_loss |          0.0094 |
|                                   SAC/Alpha |        0.000608 |
|                              SAC/LogPi_mean |             9.9 |
|                                 SAC/Q1_mean |           0.802 |
|                                 SAC/Q2_mean |           0.796 |
|                            Norm/actor_model |            76.6 |
|                           Norm/critic_model |             132 |
|              Norm/state_action_metric_model |            79.6 |
|                     Norm/state_metric_model |            71.6 |
|        Norm/state_action_state_metric_model |            73.3 |
|                  Metric/self_state_distance |        0.000246 |
|                 Metric/cross_state_distance |            1.14 |
|           Metric/self_state_action_distance |         0.00452 |
|          Metric/cross_state_action_distance |            1.21 |
|             Metric/avg_self_state_asymmetry |               0 |
|            Metric/avg_cross_state_asymmetry |          0.0152 |
|                Metric/avg_self_sa_asymmetry |               0 |
|               Metric/avg_cross_sa_asymmetry |          0.0315 |
|  Metric/self_state_action_to_state_distance |          0.0013 |
| Metric/cross_state_action_to_state_distance |             1.2 |
|                   Metric/h_lambda_diff_self |         0.00543 |
|                  Metric/h_lambda_diff_cross |          0.0365 |
|                                 Eval/Return |            42.6 |
-----------------------------------------------------------------
-----------------------------------------------------------------
|                                 Train/Steps |        1.29e+06 |
|                            Loss/Loss_critic |          0.0838 |
|                             Loss/Loss_actor |          -0.645 |
|                             Loss/Loss_alpha |        0.000713 |
|               Loss/Loss_state_action_metric |           0.134 |
|                      Loss/Loss_state_metric |          0.0685 |
|             Loss/Loss_state_action_to_state |         0.00223 |
|                           Loss/Act_rep_loss |          0.0116 |
|                                   SAC/Alpha |        0.000594 |
|                              SAC/LogPi_mean |            9.17 |
|                                 SAC/Q1_mean |           0.564 |
|                                 SAC/Q2_mean |           0.565 |
|                            Norm/actor_model |            79.5 |
|                           Norm/critic_model |             138 |
|              Norm/state_action_metric_model |            84.3 |
|                     Norm/state_metric_model |            75.7 |
|        Norm/state_action_state_metric_model |            77.3 |
|                  Metric/self_state_distance |        0.000436 |
|                 Metric/cross_state_distance |             1.1 |
|           Metric/self_state_action_distance |         0.00114 |
|          Metric/cross_state_action_distance |            1.15 |
|             Metric/avg_self_state_asymmetry |               0 |
|            Metric/avg_cross_state_asymmetry |          0.0133 |
|                Metric/avg_self_sa_asymmetry |               0 |
|               Metric/avg_cross_sa_asymmetry |          0.0266 |
|  Metric/self_state_action_to_state_distance |        0.000488 |
| Metric/cross_state_action_to_state_distance |            1.15 |
|                   Metric/h_lambda_diff_self |        0.000928 |
|                  Metric/h_lambda_diff_cross |           0.028 |
|                                 Eval/Return |            29.5 |
-----------------------------------------------------------------
-----------------------------------------------------------------
|                                 Train/Steps |        1.42e+06 |
|                            Loss/Loss_critic |          0.0577 |
|                             Loss/Loss_actor |          -0.792 |
|                             Loss/Loss_alpha |        0.000697 |
|               Loss/Loss_state_action_metric |           0.248 |
|                      Loss/Loss_state_metric |           0.122 |
|             Loss/Loss_state_action_to_state |         0.00191 |
|                           Loss/Act_rep_loss |          0.0106 |
|                                   SAC/Alpha |        0.000609 |
|                              SAC/LogPi_mean |            9.53 |
|                                 SAC/Q1_mean |           0.762 |
|                                 SAC/Q2_mean |           0.745 |
|                            Norm/actor_model |            82.3 |
|                           Norm/critic_model |             145 |
|              Norm/state_action_metric_model |            88.4 |
|                     Norm/state_metric_model |              80 |
|        Norm/state_action_state_metric_model |            81.2 |
|                  Metric/self_state_distance |         0.00173 |
|                 Metric/cross_state_distance |            1.17 |
|           Metric/self_state_action_distance |         0.00128 |
|          Metric/cross_state_action_distance |            1.27 |
|             Metric/avg_self_state_asymmetry |               0 |
|            Metric/avg_cross_state_asymmetry |          0.0166 |
|                Metric/avg_self_sa_asymmetry |               0 |
|               Metric/avg_cross_sa_asymmetry |          0.0328 |
|  Metric/self_state_action_to_state_distance |         0.00219 |
| Metric/cross_state_action_to_state_distance |            1.25 |
|                   Metric/h_lambda_diff_self |         0.00288 |
|                  Metric/h_lambda_diff_cross |           0.031 |
|                                 Eval/Return |            24.1 |
-----------------------------------------------------------------
-----------------------------------------------------------------
|                                 Train/Steps |        1.54e+06 |
|                            Loss/Loss_critic |          0.0526 |
|                             Loss/Loss_actor |          -0.718 |
|                             Loss/Loss_alpha |        9.36e-05 |
|               Loss/Loss_state_action_metric |           0.533 |
|                      Loss/Loss_state_metric |           0.133 |
|             Loss/Loss_state_action_to_state |         0.00318 |
|                           Loss/Act_rep_loss |         0.00813 |
|                                   SAC/Alpha |         0.00046 |
|                              SAC/LogPi_mean |            10.4 |
|                                 SAC/Q1_mean |           0.695 |
|                                 SAC/Q2_mean |           0.693 |
|                            Norm/actor_model |            85.2 |
|                           Norm/critic_model |             151 |
|              Norm/state_action_metric_model |            92.5 |
|                     Norm/state_metric_model |            83.6 |
|        Norm/state_action_state_metric_model |            84.9 |
|                  Metric/self_state_distance |        0.000751 |
|                 Metric/cross_state_distance |            1.18 |
|           Metric/self_state_action_distance |         0.00108 |
|          Metric/cross_state_action_distance |            1.31 |
|             Metric/avg_self_state_asymmetry |               0 |
|            Metric/avg_cross_state_asymmetry |          0.0161 |
|                Metric/avg_self_sa_asymmetry |               0 |
|               Metric/avg_cross_sa_asymmetry |           0.038 |
|  Metric/self_state_action_to_state_distance |        0.000804 |
| Metric/cross_state_action_to_state_distance |             1.3 |
|                   Metric/h_lambda_diff_self |         0.00104 |
|                  Metric/h_lambda_diff_cross |          0.0344 |
|                                 Eval/Return |              35 |
-----------------------------------------------------------------
