E0905 09:40:38.906850  735420 cuda_executor.cc:1526] Could not get kernel mode driver version: (INVALID_ARGUMENT: Version does not match the format X.Y.Z)
E0905 09:40:38.915381  735311 cuda_executor.cc:1526] Could not get kernel mode driver version: (INVALID_ARGUMENT: Version does not match the format X.Y.Z)
[32mStart prefilling replay buffer[0m
[32mStart SAC training[0m
[32m{'log_freq': 1000, 'save_freq': 1000000, 'eval_episode_freq': 10, 'hidden_size': 256, 'lr': 0.001, 'max_grad_norm': 0.0, 'gamma': 0.99, 'update_tau': 0.005, 'train_per_step': 8, 'episode_length': 1000, 'warmup_samples': 8192, 'max_replay_size': 4000000, 'batch_size': 512, 'total_env_steps': 5000000, 'init_temperature': 0.1, 'nstep': 1, 'bootstrap_on_truncation': True, 'rep_lr_scale': 1.5, 'critic_rep_metric_scale': 1.0, 'critic_rep_scale': 0.05, 'vis_feq': 100000, 'n_vis_frames': 4, 'num_envs': 128, 'grad_steps': 50, 'transfer_freq': 10, 'transfer_steps': 8, 'reward_scaling': 1.0, 'num_eval_envs': 128, 'target_entropy': -3.0}[0m
[32m[nstep] nstep=1 bootstrap_on_truncation=True (discount from the buffer already contains gamma^nstep)[0m
-----------------------------------------------------------------
|                                 Train/Steps |        1.36e+05 |
|                            Loss/Loss_critic |          0.0385 |
|                             Loss/Loss_actor |           -10.8 |
|                             Loss/Loss_alpha |        -0.00849 |
|               Loss/Loss_state_action_metric |          0.0869 |
|                      Loss/Loss_state_metric |          0.0313 |
|             Loss/Loss_state_action_to_state |         0.00143 |
|                           Loss/Act_rep_loss |         0.00412 |
|                        Loss/Critic_rep_loss |            1.75 |
|                                   SAC/Alpha |         0.00828 |
|                              SAC/LogPi_mean |            4.24 |
|                                 SAC/Q1_mean |            10.6 |
|                                 SAC/Q2_mean |            10.6 |
|                            Norm/actor_model |              40 |
|                           Norm/critic_model |            45.2 |
|              Norm/state_action_metric_model |              32 |
|                     Norm/state_metric_model |            31.5 |
|        Norm/state_action_state_metric_model |              32 |
|                  Metric/self_state_distance |         0.00292 |
|                 Metric/cross_state_distance |            1.22 |
|           Metric/self_state_action_distance |         0.00775 |
|          Metric/cross_state_action_distance |            1.31 |
|             Metric/avg_self_state_asymmetry |               0 |
|            Metric/avg_cross_state_asymmetry |          0.0133 |
|                Metric/avg_self_sa_asymmetry |               0 |
|               Metric/avg_cross_sa_asymmetry |          0.0229 |
|  Metric/self_state_action_to_state_distance |         0.00247 |
| Metric/cross_state_action_to_state_distance |             1.3 |
|                   Metric/h_lambda_diff_self |         0.00613 |
|                  Metric/h_lambda_diff_cross |          0.0282 |
|                                 Eval/Return |             255 |
-----------------------------------------------------------------
-----------------------------------------------------------------
|                                 Train/Steps |        2.64e+05 |
|                            Loss/Loss_critic |          0.0971 |
|                             Loss/Loss_actor |           -24.9 |
|                             Loss/Loss_alpha |         0.00602 |
|               Loss/Loss_state_action_metric |           0.452 |
|                      Loss/Loss_state_metric |           0.297 |
|             Loss/Loss_state_action_to_state |        0.000921 |
|                           Loss/Act_rep_loss |         0.00494 |
|                        Loss/Critic_rep_loss |            6.68 |
|                                   SAC/Alpha |           0.016 |
|                              SAC/LogPi_mean |            2.31 |
|                                 SAC/Q1_mean |            24.7 |
|                                 SAC/Q2_mean |            24.7 |
|                            Norm/actor_model |            54.6 |
|                           Norm/critic_model |            60.4 |
|              Norm/state_action_metric_model |            36.8 |
|                     Norm/state_metric_model |            35.2 |
|        Norm/state_action_state_metric_model |            36.3 |
|                  Metric/self_state_distance |         0.00208 |
|                 Metric/cross_state_distance |            1.77 |
|           Metric/self_state_action_distance |          0.0103 |
|          Metric/cross_state_action_distance |               2 |
|             Metric/avg_self_state_asymmetry |               0 |
|            Metric/avg_cross_state_asymmetry |          0.0174 |
|                Metric/avg_self_sa_asymmetry |               0 |
|               Metric/avg_cross_sa_asymmetry |           0.026 |
|  Metric/self_state_action_to_state_distance |         0.00143 |
| Metric/cross_state_action_to_state_distance |            2.01 |
|                   Metric/h_lambda_diff_self |         0.00915 |
|                  Metric/h_lambda_diff_cross |           0.032 |
|                                 Eval/Return |             971 |
-----------------------------------------------------------------
-----------------------------------------------------------------
|                                 Train/Steps |        3.92e+05 |
|                            Loss/Loss_critic |          0.0787 |
|                             Loss/Loss_actor |           -41.2 |
|                             Loss/Loss_alpha |         0.00176 |
|               Loss/Loss_state_action_metric |           0.608 |
|                      Loss/Loss_state_metric |           0.403 |
|             Loss/Loss_state_action_to_state |         0.00111 |
|                           Loss/Act_rep_loss |         0.00213 |
|                        Loss/Critic_rep_loss |            6.34 |
|                                   SAC/Alpha |          0.0106 |
|                              SAC/LogPi_mean |            2.84 |
|                                 SAC/Q1_mean |              41 |
|                                 SAC/Q2_mean |              41 |
|                            Norm/actor_model |            64.1 |
|                           Norm/critic_model |            68.3 |
|              Norm/state_action_metric_model |            42.2 |
|                     Norm/state_metric_model |            40.2 |
|        Norm/state_action_state_metric_model |            41.6 |
|                  Metric/self_state_distance |         0.00281 |
|                 Metric/cross_state_distance |            1.94 |
|           Metric/self_state_action_distance |          0.0041 |
|          Metric/cross_state_action_distance |            2.26 |
|             Metric/avg_self_state_asymmetry |               0 |
|            Metric/avg_cross_state_asymmetry |          0.0141 |
|                Metric/avg_self_sa_asymmetry |               0 |
|               Metric/avg_cross_sa_asymmetry |          0.0273 |
|  Metric/self_state_action_to_state_distance |         0.00337 |
| Metric/cross_state_action_to_state_distance |            2.24 |
|                   Metric/h_lambda_diff_self |         0.00415 |
|                  Metric/h_lambda_diff_cross |          0.0301 |
|                                 Eval/Return |             962 |
-----------------------------------------------------------------
-----------------------------------------------------------------
|                                 Train/Steps |         5.2e+05 |
|                            Loss/Loss_critic |          0.0624 |
|                             Loss/Loss_actor |           -53.5 |
|                             Loss/Loss_alpha |        -0.00013 |
|               Loss/Loss_state_action_metric |           0.604 |
|                      Loss/Loss_state_metric |           0.405 |
|             Loss/Loss_state_action_to_state |        0.000972 |
|                           Loss/Act_rep_loss |         0.00793 |
|                        Loss/Critic_rep_loss |            6.37 |
|                                   SAC/Alpha |         0.00732 |
|                              SAC/LogPi_mean |            3.26 |
|                                 SAC/Q1_mean |            53.4 |
|                                 SAC/Q2_mean |            53.5 |
|                            Norm/actor_model |            71.4 |
|                           Norm/critic_model |              75 |
|              Norm/state_action_metric_model |            47.7 |
|                     Norm/state_metric_model |            45.6 |
|        Norm/state_action_state_metric_model |            46.9 |
|                  Metric/self_state_distance |         0.00263 |
|                 Metric/cross_state_distance |             1.9 |
|           Metric/self_state_action_distance |         0.00287 |
|          Metric/cross_state_action_distance |            2.22 |
|             Metric/avg_self_state_asymmetry |               0 |
|            Metric/avg_cross_state_asymmetry |          0.0164 |
|                Metric/avg_self_sa_asymmetry |               0 |
|               Metric/avg_cross_sa_asymmetry |          0.0198 |
|  Metric/self_state_action_to_state_distance |         0.00146 |
| Metric/cross_state_action_to_state_distance |            2.21 |
|                   Metric/h_lambda_diff_self |         0.00263 |
|                  Metric/h_lambda_diff_cross |          0.0219 |
|                                 Eval/Return |             975 |
-----------------------------------------------------------------
-----------------------------------------------------------------
|                                 Train/Steps |        6.48e+05 |
|                            Loss/Loss_critic |          0.0541 |
|                             Loss/Loss_actor |           -63.9 |
|                             Loss/Loss_alpha |       -0.000356 |
|               Loss/Loss_state_action_metric |           0.547 |
|                      Loss/Loss_state_metric |           0.369 |
|             Loss/Loss_state_action_to_state |        0.000832 |
|                           Loss/Act_rep_loss |           0.006 |
|                        Loss/Critic_rep_loss |            5.76 |
|                                   SAC/Alpha |         0.00611 |
|                              SAC/LogPi_mean |            2.99 |
|                                 SAC/Q1_mean |            63.8 |
|                                 SAC/Q2_mean |            63.8 |
|                            Norm/actor_model |              77 |
|                           Norm/critic_model |            81.1 |
|              Norm/state_action_metric_model |              53 |
|                     Norm/state_metric_model |            51.6 |
|        Norm/state_action_state_metric_model |              52 |
|                  Metric/self_state_distance |         0.00634 |
|                 Metric/cross_state_distance |            1.82 |
|           Metric/self_state_action_distance |         0.00407 |
|          Metric/cross_state_action_distance |            2.08 |
|             Metric/avg_self_state_asymmetry |               0 |
|            Metric/avg_cross_state_asymmetry |          0.0122 |
|                Metric/avg_self_sa_asymmetry |               0 |
|               Metric/avg_cross_sa_asymmetry |          0.0183 |
|  Metric/self_state_action_to_state_distance |         0.00405 |
| Metric/cross_state_action_to_state_distance |            2.07 |
|                   Metric/h_lambda_diff_self |         0.00425 |
|                  Metric/h_lambda_diff_cross |          0.0201 |
|                                 Eval/Return |             980 |
-----------------------------------------------------------------
-----------------------------------------------------------------
|                                 Train/Steps |        7.76e+05 |
|                            Loss/Loss_critic |          0.0642 |
|                             Loss/Loss_actor |             -71 |
|                             Loss/Loss_alpha |         0.00148 |
|               Loss/Loss_state_action_metric |           0.457 |
|                      Loss/Loss_state_metric |           0.304 |
|             Loss/Loss_state_action_to_state |         0.00118 |
|                           Loss/Act_rep_loss |          0.0145 |
|                        Loss/Critic_rep_loss |            5.11 |
|                                   SAC/Alpha |         0.00469 |
|                              SAC/LogPi_mean |            2.77 |
|                                 SAC/Q1_mean |              71 |
|                                 SAC/Q2_mean |              71 |
|                            Norm/actor_model |            82.3 |
|                           Norm/critic_model |            86.6 |
|              Norm/state_action_metric_model |              58 |
|                     Norm/state_metric_model |              58 |
|        Norm/state_action_state_metric_model |            56.8 |
|                  Metric/self_state_distance |        0.000678 |
|                 Metric/cross_state_distance |            1.69 |
|           Metric/self_state_action_distance |         0.00393 |
|          Metric/cross_state_action_distance |            1.91 |
|             Metric/avg_self_state_asymmetry |               0 |
|            Metric/avg_cross_state_asymmetry |          0.0132 |
|                Metric/avg_self_sa_asymmetry |               0 |
|               Metric/avg_cross_sa_asymmetry |          0.0214 |
|  Metric/self_state_action_to_state_distance |         0.00234 |
| Metric/cross_state_action_to_state_distance |             1.9 |
|                   Metric/h_lambda_diff_self |         0.00449 |
|                  Metric/h_lambda_diff_cross |           0.022 |
|                                 Eval/Return |             980 |
-----------------------------------------------------------------
-----------------------------------------------------------------
|                                 Train/Steps |        9.04e+05 |
|                            Loss/Loss_critic |          0.0542 |
|                             Loss/Loss_actor |             -77 |
|                             Loss/Loss_alpha |        -0.00185 |
|               Loss/Loss_state_action_metric |           0.458 |
|                      Loss/Loss_state_metric |           0.311 |
|             Loss/Loss_state_action_to_state |         0.00082 |
|                           Loss/Act_rep_loss |          0.0102 |
|                        Loss/Critic_rep_loss |            5.56 |
|                                   SAC/Alpha |         0.00449 |
|                              SAC/LogPi_mean |            3.47 |
|                                 SAC/Q1_mean |              77 |
|                                 SAC/Q2_mean |              77 |
|                            Norm/actor_model |              87 |
|                           Norm/critic_model |            91.7 |
|              Norm/state_action_metric_model |            62.6 |
|                     Norm/state_metric_model |            63.9 |
|        Norm/state_action_state_metric_model |            61.2 |
|                  Metric/self_state_distance |         0.00108 |
|                 Metric/cross_state_distance |            1.71 |
|           Metric/self_state_action_distance |          0.0018 |
|          Metric/cross_state_action_distance |            1.92 |
|             Metric/avg_self_state_asymmetry |               0 |
|            Metric/avg_cross_state_asymmetry |          0.0105 |
|                Metric/avg_self_sa_asymmetry |               0 |
|               Metric/avg_cross_sa_asymmetry |          0.0165 |
|  Metric/self_state_action_to_state_distance |         0.00424 |
| Metric/cross_state_action_to_state_distance |            1.91 |
|                   Metric/h_lambda_diff_self |         0.00355 |
|                  Metric/h_lambda_diff_cross |          0.0198 |
|                                 Eval/Return |             977 |
-----------------------------------------------------------------
-----------------------------------------------------------------
|                                 Train/Steps |        1.03e+06 |
|                            Loss/Loss_critic |          0.0466 |
|                             Loss/Loss_actor |           -80.8 |
|                             Loss/Loss_alpha |       -0.000463 |
|               Loss/Loss_state_action_metric |           0.408 |
|                      Loss/Loss_state_metric |           0.274 |
|             Loss/Loss_state_action_to_state |        0.000842 |
|                           Loss/Act_rep_loss |         0.00468 |
|                        Loss/Critic_rep_loss |            4.86 |
|                                   SAC/Alpha |         0.00365 |
|                              SAC/LogPi_mean |            3.07 |
|                                 SAC/Q1_mean |            80.9 |
|                                 SAC/Q2_mean |            80.8 |
|                            Norm/actor_model |            91.4 |
|                           Norm/critic_model |            96.6 |
|              Norm/state_action_metric_model |              67 |
|                     Norm/state_metric_model |            69.3 |
|        Norm/state_action_state_metric_model |            65.8 |
|                  Metric/self_state_distance |        0.000654 |
|                 Metric/cross_state_distance |            1.62 |
|           Metric/self_state_action_distance |         0.00393 |
|          Metric/cross_state_action_distance |            1.83 |
|             Metric/avg_self_state_asymmetry |               0 |
|            Metric/avg_cross_state_asymmetry |          0.0114 |
|                Metric/avg_self_sa_asymmetry |               0 |
|               Metric/avg_cross_sa_asymmetry |          0.0193 |
|  Metric/self_state_action_to_state_distance |        0.000203 |
| Metric/cross_state_action_to_state_distance |            1.83 |
|                   Metric/h_lambda_diff_self |         0.00373 |
|                  Metric/h_lambda_diff_cross |          0.0225 |
|                                 Eval/Return |             983 |
-----------------------------------------------------------------
[32mSaving model …[0m
[32mDone.[0m
[32mSaving model …[0m
[32mDone.[0m
-----------------------------------------------------------------
|                                 Train/Steps |        1.16e+06 |
|                            Loss/Loss_critic |          0.0653 |
|                             Loss/Loss_actor |           -84.2 |
|                             Loss/Loss_alpha |        0.000342 |
|               Loss/Loss_state_action_metric |           0.381 |
|                      Loss/Loss_state_metric |            0.25 |
|             Loss/Loss_state_action_to_state |         0.00107 |
|                           Loss/Act_rep_loss |          0.0126 |
|                        Loss/Critic_rep_loss |            4.95 |
|                                   SAC/Alpha |         0.00345 |
|                              SAC/LogPi_mean |            2.74 |
|                                 SAC/Q1_mean |            84.1 |
|                                 SAC/Q2_mean |            84.2 |
|                            Norm/actor_model |            95.2 |
|                           Norm/critic_model |             101 |
|              Norm/state_action_metric_model |            71.2 |
|                     Norm/state_metric_model |            74.3 |
|        Norm/state_action_state_metric_model |              70 |
|                  Metric/self_state_distance |         0.00155 |
|                 Metric/cross_state_distance |            1.58 |
|           Metric/self_state_action_distance |         0.00212 |
|          Metric/cross_state_action_distance |            1.79 |
|             Metric/avg_self_state_asymmetry |               0 |
|            Metric/avg_cross_state_asymmetry |          0.0128 |
|                Metric/avg_self_sa_asymmetry |               0 |
|               Metric/avg_cross_sa_asymmetry |          0.0199 |
|  Metric/self_state_action_to_state_distance |        0.000635 |
| Metric/cross_state_action_to_state_distance |            1.78 |
|                   Metric/h_lambda_diff_self |         0.00184 |
|                  Metric/h_lambda_diff_cross |          0.0188 |
|                                 Eval/Return |             979 |
-----------------------------------------------------------------
-----------------------------------------------------------------
|                                 Train/Steps |        1.29e+06 |
|                            Loss/Loss_critic |          0.0602 |
|                             Loss/Loss_actor |           -86.9 |
|                             Loss/Loss_alpha |        -0.00224 |
|               Loss/Loss_state_action_metric |           0.342 |
|                      Loss/Loss_state_metric |           0.233 |
|             Loss/Loss_state_action_to_state |        0.000511 |
|                           Loss/Act_rep_loss |          0.0164 |
|                        Loss/Critic_rep_loss |            4.27 |
|                                   SAC/Alpha |         0.00305 |
|                              SAC/LogPi_mean |            3.62 |
|                                 SAC/Q1_mean |            86.8 |
|                                 SAC/Q2_mean |            86.8 |
|                            Norm/actor_model |              99 |
|                           Norm/critic_model |             106 |
|              Norm/state_action_metric_model |            75.2 |
|                     Norm/state_metric_model |            78.7 |
|        Norm/state_action_state_metric_model |              74 |
|                  Metric/self_state_distance |         0.00138 |
|                 Metric/cross_state_distance |            1.53 |
|           Metric/self_state_action_distance |         0.00277 |
|          Metric/cross_state_action_distance |            1.69 |
|             Metric/avg_self_state_asymmetry |               0 |
|            Metric/avg_cross_state_asymmetry |         0.00921 |
|                Metric/avg_self_sa_asymmetry |               0 |
|               Metric/avg_cross_sa_asymmetry |          0.0128 |
|  Metric/self_state_action_to_state_distance |        0.000618 |
| Metric/cross_state_action_to_state_distance |            1.69 |
|                   Metric/h_lambda_diff_self |         0.00222 |
|                  Metric/h_lambda_diff_cross |           0.017 |
|                                 Eval/Return |             984 |
-----------------------------------------------------------------
-----------------------------------------------------------------
|                                 Train/Steps |        1.42e+06 |
|                            Loss/Loss_critic |          0.0412 |
|                             Loss/Loss_actor |           -89.2 |
|                             Loss/Loss_alpha |       -0.000348 |
|               Loss/Loss_state_action_metric |           0.303 |
|                      Loss/Loss_state_metric |           0.208 |
|             Loss/Loss_state_action_to_state |        0.000394 |
|                           Loss/Act_rep_loss |          0.0132 |
|                        Loss/Critic_rep_loss |            3.88 |
|                                   SAC/Alpha |         0.00266 |
|                              SAC/LogPi_mean |            3.17 |
|                                 SAC/Q1_mean |            89.2 |
|                                 SAC/Q2_mean |            89.2 |
|                            Norm/actor_model |             102 |
|                           Norm/critic_model |             110 |
|              Norm/state_action_metric_model |              79 |
|                     Norm/state_metric_model |            82.9 |
|        Norm/state_action_state_metric_model |            77.9 |
|                  Metric/self_state_distance |         0.00118 |
|                 Metric/cross_state_distance |            1.47 |
|           Metric/self_state_action_distance |         0.00281 |
|          Metric/cross_state_action_distance |            1.61 |
|             Metric/avg_self_state_asymmetry |               0 |
|            Metric/avg_cross_state_asymmetry |         0.00932 |
|                Metric/avg_self_sa_asymmetry |               0 |
|               Metric/avg_cross_sa_asymmetry |          0.0112 |
|  Metric/self_state_action_to_state_distance |         0.00369 |
| Metric/cross_state_action_to_state_distance |            1.61 |
|                   Metric/h_lambda_diff_self |         0.00406 |
|                  Metric/h_lambda_diff_cross |          0.0129 |
|                                 Eval/Return |             982 |
-----------------------------------------------------------------
-----------------------------------------------------------------
|                                 Train/Steps |        1.54e+06 |
|                            Loss/Loss_critic |          0.0542 |
|                             Loss/Loss_actor |           -90.3 |
|                             Loss/Loss_alpha |       -0.000581 |
|               Loss/Loss_state_action_metric |           0.306 |
|                      Loss/Loss_state_metric |           0.188 |
|             Loss/Loss_state_action_to_state |        0.000698 |
|                           Loss/Act_rep_loss |          0.0177 |
|                        Loss/Critic_rep_loss |            3.87 |
|                                   SAC/Alpha |         0.00246 |
|                              SAC/LogPi_mean |            3.22 |
|                                 SAC/Q1_mean |            90.2 |
|                                 SAC/Q2_mean |            90.3 |
|                            Norm/actor_model |             106 |
|                           Norm/critic_model |             114 |
|              Norm/state_action_metric_model |            82.6 |
|                     Norm/state_metric_model |            86.9 |
|        Norm/state_action_state_metric_model |            81.7 |
|                  Metric/self_state_distance |         0.00159 |
|                 Metric/cross_state_distance |            1.46 |
|           Metric/self_state_action_distance |        0.000692 |
|          Metric/cross_state_action_distance |            1.62 |
|             Metric/avg_self_state_asymmetry |               0 |
|            Metric/avg_cross_state_asymmetry |         0.00968 |
|                Metric/avg_self_sa_asymmetry |               0 |
|               Metric/avg_cross_sa_asymmetry |          0.0164 |
|  Metric/self_state_action_to_state_distance |        0.000706 |
| Metric/cross_state_action_to_state_distance |            1.62 |
|                   Metric/h_lambda_diff_self |        0.000692 |
|                  Metric/h_lambda_diff_cross |          0.0154 |
|                                 Eval/Return |             984 |
-----------------------------------------------------------------
-----------------------------------------------------------------
|                                 Train/Steps |        1.67e+06 |
|                            Loss/Loss_critic |          0.0421 |
|                             Loss/Loss_actor |           -91.5 |
|                             Loss/Loss_alpha |       -0.000366 |
|               Loss/Loss_state_action_metric |           0.283 |
|                      Loss/Loss_state_metric |           0.184 |
|             Loss/Loss_state_action_to_state |        0.000871 |
|                           Loss/Act_rep_loss |          0.0145 |
|                        Loss/Critic_rep_loss |            3.58 |
|                                   SAC/Alpha |         0.00225 |
|                              SAC/LogPi_mean |            3.32 |
|                                 SAC/Q1_mean |            91.5 |
|                                 SAC/Q2_mean |            91.4 |
|                            Norm/actor_model |             109 |
|                           Norm/critic_model |             119 |
|              Norm/state_action_metric_model |            86.1 |
|                     Norm/state_metric_model |            90.5 |
|        Norm/state_action_state_metric_model |            85.4 |
|                  Metric/self_state_distance |         0.00597 |
|                 Metric/cross_state_distance |            1.42 |
|           Metric/self_state_action_distance |         0.00182 |
|          Metric/cross_state_action_distance |            1.56 |
|             Metric/avg_self_state_asymmetry |               0 |
|            Metric/avg_cross_state_asymmetry |         0.00756 |
|                Metric/avg_self_sa_asymmetry |               0 |
|               Metric/avg_cross_sa_asymmetry |          0.0143 |
|  Metric/self_state_action_to_state_distance |        0.000738 |
| Metric/cross_state_action_to_state_distance |            1.55 |
|                   Metric/h_lambda_diff_self |         0.00157 |
|                  Metric/h_lambda_diff_cross |          0.0146 |
|                                 Eval/Return |             982 |
-----------------------------------------------------------------
-----------------------------------------------------------------
|                                 Train/Steps |         1.8e+06 |
|                            Loss/Loss_critic |          0.0337 |
|                             Loss/Loss_actor |           -92.6 |
|                             Loss/Loss_alpha |       -0.000487 |
|               Loss/Loss_state_action_metric |           0.249 |
|                      Loss/Loss_state_metric |           0.165 |
|             Loss/Loss_state_action_to_state |        0.000506 |
|                           Loss/Act_rep_loss |          0.0131 |
|                        Loss/Critic_rep_loss |            3.29 |
|                                   SAC/Alpha |         0.00234 |
|                              SAC/LogPi_mean |            3.37 |
|                                 SAC/Q1_mean |            92.5 |
|                                 SAC/Q2_mean |            92.6 |
|                            Norm/actor_model |             112 |
|                           Norm/critic_model |             122 |
|              Norm/state_action_metric_model |            89.6 |
|                     Norm/state_metric_model |            94.4 |
|        Norm/state_action_state_metric_model |              89 |
|                  Metric/self_state_distance |        0.000379 |
|                 Metric/cross_state_distance |            1.38 |
|           Metric/self_state_action_distance |         0.00149 |
|          Metric/cross_state_action_distance |             1.5 |
|             Metric/avg_self_state_asymmetry |               0 |
|            Metric/avg_cross_state_asymmetry |         0.00808 |
|                Metric/avg_self_sa_asymmetry |               0 |
|               Metric/avg_cross_sa_asymmetry |          0.0138 |
|  Metric/self_state_action_to_state_distance |        0.000686 |
| Metric/cross_state_action_to_state_distance |             1.5 |
|                   Metric/h_lambda_diff_self |         0.00162 |
|                  Metric/h_lambda_diff_cross |          0.0138 |
|                                 Eval/Return |             985 |
-----------------------------------------------------------------
-----------------------------------------------------------------
|                                 Train/Steps |        1.93e+06 |
|                            Loss/Loss_critic |          0.0331 |
|                             Loss/Loss_actor |           -93.5 |
|                             Loss/Loss_alpha |        -0.00103 |
|               Loss/Loss_state_action_metric |           0.255 |
|                      Loss/Loss_state_metric |           0.166 |
|             Loss/Loss_state_action_to_state |         0.00116 |
|                           Loss/Act_rep_loss |          0.0187 |
|                        Loss/Critic_rep_loss |            3.07 |
|                                   SAC/Alpha |         0.00212 |
|                              SAC/LogPi_mean |            3.38 |
|                                 SAC/Q1_mean |            93.5 |
|                                 SAC/Q2_mean |            93.4 |
|                            Norm/actor_model |             114 |
|                           Norm/critic_model |             126 |
|              Norm/state_action_metric_model |            92.8 |
|                     Norm/state_metric_model |            98.1 |
|        Norm/state_action_state_metric_model |            92.5 |
|                  Metric/self_state_distance |        0.000415 |
|                 Metric/cross_state_distance |             1.4 |
|           Metric/self_state_action_distance |         0.00107 |
|          Metric/cross_state_action_distance |            1.53 |
|             Metric/avg_self_state_asymmetry |               0 |
|            Metric/avg_cross_state_asymmetry |          0.0101 |
|                Metric/avg_self_sa_asymmetry |               0 |
|               Metric/avg_cross_sa_asymmetry |          0.0158 |
|  Metric/self_state_action_to_state_distance |        0.000436 |
| Metric/cross_state_action_to_state_distance |            1.53 |
|                   Metric/h_lambda_diff_self |        0.000983 |
|                  Metric/h_lambda_diff_cross |          0.0146 |
|                                 Eval/Return |             982 |
-----------------------------------------------------------------
-----------------------------------------------------------------
|                                 Train/Steps |        2.06e+06 |
|                            Loss/Loss_critic |          0.0468 |
|                             Loss/Loss_actor |           -93.6 |
|                             Loss/Loss_alpha |        7.28e-05 |
|               Loss/Loss_state_action_metric |            0.28 |
|                      Loss/Loss_state_metric |           0.183 |
|             Loss/Loss_state_action_to_state |        0.000787 |
|                           Loss/Act_rep_loss |          0.0159 |
|                        Loss/Critic_rep_loss |            3.64 |
|                                   SAC/Alpha |         0.00199 |
|                              SAC/LogPi_mean |            3.02 |
|                                 SAC/Q1_mean |            93.7 |
|                                 SAC/Q2_mean |            93.6 |
|                            Norm/actor_model |             117 |
|                           Norm/critic_model |             130 |
|              Norm/state_action_metric_model |              96 |
|                     Norm/state_metric_model |             102 |
|        Norm/state_action_state_metric_model |            95.9 |
|                  Metric/self_state_distance |        0.000705 |
|                 Metric/cross_state_distance |            1.43 |
|           Metric/self_state_action_distance |          0.0083 |
|          Metric/cross_state_action_distance |            1.57 |
|             Metric/avg_self_state_asymmetry |               0 |
|            Metric/avg_cross_state_asymmetry |          0.0125 |
|                Metric/avg_self_sa_asymmetry |               0 |
|               Metric/avg_cross_sa_asymmetry |          0.0147 |
|  Metric/self_state_action_to_state_distance |        0.000662 |
| Metric/cross_state_action_to_state_distance |            1.55 |
|                   Metric/h_lambda_diff_self |         0.00763 |
|                  Metric/h_lambda_diff_cross |          0.0226 |
|                                 Eval/Return |             984 |
-----------------------------------------------------------------
[32mSaving model …[0m
[32mDone.[0m
[32mSaving model …[0m
[32mDone.[0m
-----------------------------------------------------------------
|                                 Train/Steps |        2.18e+06 |
|                            Loss/Loss_critic |          0.0464 |
|                             Loss/Loss_actor |           -94.4 |
|                             Loss/Loss_alpha |       -0.000165 |
|               Loss/Loss_state_action_metric |           0.232 |
|                      Loss/Loss_state_metric |           0.156 |
|             Loss/Loss_state_action_to_state |        0.000761 |
|                           Loss/Act_rep_loss |          0.0193 |
|                        Loss/Critic_rep_loss |            2.79 |
|                                   SAC/Alpha |         0.00183 |
|                              SAC/LogPi_mean |             2.9 |
|                                 SAC/Q1_mean |            94.4 |
|                                 SAC/Q2_mean |            94.4 |
|                            Norm/actor_model |             120 |
|                           Norm/critic_model |             134 |
|              Norm/state_action_metric_model |            99.1 |
|                     Norm/state_metric_model |             106 |
|        Norm/state_action_state_metric_model |            99.2 |
|                  Metric/self_state_distance |        0.000973 |
|                 Metric/cross_state_distance |            1.34 |
|           Metric/self_state_action_distance |        0.000761 |
|          Metric/cross_state_action_distance |            1.45 |
|             Metric/avg_self_state_asymmetry |               0 |
|            Metric/avg_cross_state_asymmetry |         0.00958 |
|                Metric/avg_self_sa_asymmetry |               0 |
|               Metric/avg_cross_sa_asymmetry |           0.012 |
|  Metric/self_state_action_to_state_distance |        0.000926 |
| Metric/cross_state_action_to_state_distance |            1.45 |
|                   Metric/h_lambda_diff_self |         0.00153 |
|                  Metric/h_lambda_diff_cross |           0.013 |
|                                 Eval/Return |             984 |
-----------------------------------------------------------------
-----------------------------------------------------------------
|                                 Train/Steps |        2.31e+06 |
|                            Loss/Loss_critic |          0.0294 |
|                             Loss/Loss_actor |           -95.1 |
|                             Loss/Loss_alpha |        0.000506 |
|               Loss/Loss_state_action_metric |           0.209 |
|                      Loss/Loss_state_metric |           0.137 |
|             Loss/Loss_state_action_to_state |        0.000608 |
|                           Loss/Act_rep_loss |          0.0178 |
|                        Loss/Critic_rep_loss |            2.47 |
|                                   SAC/Alpha |         0.00193 |
|                              SAC/LogPi_mean |             2.8 |
|                                 SAC/Q1_mean |            95.1 |
|                                 SAC/Q2_mean |            95.1 |
|                            Norm/actor_model |             122 |
|                           Norm/critic_model |             137 |
|              Norm/state_action_metric_model |             102 |
|                     Norm/state_metric_model |             109 |
|        Norm/state_action_state_metric_model |             103 |
|                  Metric/self_state_distance |        0.000439 |
|                 Metric/cross_state_distance |            1.31 |
|           Metric/self_state_action_distance |         0.00438 |
|          Metric/cross_state_action_distance |             1.4 |
|             Metric/avg_self_state_asymmetry |               0 |
|            Metric/avg_cross_state_asymmetry |         0.00699 |
|                Metric/avg_self_sa_asymmetry |               0 |
|               Metric/avg_cross_sa_asymmetry |          0.0124 |
|  Metric/self_state_action_to_state_distance |        0.000741 |
| Metric/cross_state_action_to_state_distance |             1.4 |
|                   Metric/h_lambda_diff_self |         0.00377 |
|                  Metric/h_lambda_diff_cross |          0.0115 |
|                                 Eval/Return |             982 |
-----------------------------------------------------------------
-----------------------------------------------------------------
|                                 Train/Steps |        2.44e+06 |
|                            Loss/Loss_critic |          0.0312 |
|                             Loss/Loss_actor |           -95.2 |
|                             Loss/Loss_alpha |       -0.000878 |
|               Loss/Loss_state_action_metric |            0.18 |
|                      Loss/Loss_state_metric |           0.119 |
|             Loss/Loss_state_action_to_state |        0.000541 |
|                           Loss/Act_rep_loss |           0.022 |
|                        Loss/Critic_rep_loss |            2.49 |
|                                   SAC/Alpha |         0.00185 |
|                              SAC/LogPi_mean |            3.28 |
|                                 SAC/Q1_mean |            95.2 |
|                                 SAC/Q2_mean |            95.2 |
|                            Norm/actor_model |             124 |
|                           Norm/critic_model |             140 |
|              Norm/state_action_metric_model |             105 |
|                     Norm/state_metric_model |             113 |
|        Norm/state_action_state_metric_model |             106 |
|                  Metric/self_state_distance |         0.00372 |
|                 Metric/cross_state_distance |            1.28 |
|           Metric/self_state_action_distance |         0.00294 |
|          Metric/cross_state_action_distance |            1.36 |
|             Metric/avg_self_state_asymmetry |               0 |
|            Metric/avg_cross_state_asymmetry |         0.00764 |
|                Metric/avg_self_sa_asymmetry |               0 |
|               Metric/avg_cross_sa_asymmetry |          0.0113 |
|  Metric/self_state_action_to_state_distance |         0.00129 |
| Metric/cross_state_action_to_state_distance |            1.37 |
|                   Metric/h_lambda_diff_self |         0.00268 |
|                  Metric/h_lambda_diff_cross |          0.0142 |
|                                 Eval/Return |             984 |
-----------------------------------------------------------------
-----------------------------------------------------------------
|                                 Train/Steps |        2.57e+06 |
|                            Loss/Loss_critic |          0.0249 |
|                             Loss/Loss_actor |           -95.6 |
|                             Loss/Loss_alpha |        0.000497 |
|               Loss/Loss_state_action_metric |           0.198 |
|                      Loss/Loss_state_metric |           0.121 |
|             Loss/Loss_state_action_to_state |         0.00153 |
|                           Loss/Act_rep_loss |          0.0204 |
|                        Loss/Critic_rep_loss |            2.48 |
|                                   SAC/Alpha |          0.0017 |
|                              SAC/LogPi_mean |            2.58 |
|                                 SAC/Q1_mean |            95.7 |
|                                 SAC/Q2_mean |            95.5 |
|                            Norm/actor_model |             126 |
|                           Norm/critic_model |             144 |
|              Norm/state_action_metric_model |             108 |
|                     Norm/state_metric_model |             117 |
|        Norm/state_action_state_metric_model |             109 |
|                  Metric/self_state_distance |         0.00117 |
|                 Metric/cross_state_distance |            1.28 |
|           Metric/self_state_action_distance |         0.00157 |
|          Metric/cross_state_action_distance |            1.39 |
|             Metric/avg_self_state_asymmetry |               0 |
|            Metric/avg_cross_state_asymmetry |         0.00951 |
|                Metric/avg_self_sa_asymmetry |               0 |
|               Metric/avg_cross_sa_asymmetry |          0.0144 |
|  Metric/self_state_action_to_state_distance |        0.000503 |
| Metric/cross_state_action_to_state_distance |            1.38 |
|                   Metric/h_lambda_diff_self |         0.00138 |
|                  Metric/h_lambda_diff_cross |          0.0169 |
|                                 Eval/Return |             984 |
-----------------------------------------------------------------
-----------------------------------------------------------------
|                                 Train/Steps |         2.7e+06 |
|                            Loss/Loss_critic |          0.0337 |
|                             Loss/Loss_actor |           -96.2 |
|                             Loss/Loss_alpha |        0.000773 |
|               Loss/Loss_state_action_metric |           0.152 |
|                      Loss/Loss_state_metric |          0.0936 |
|             Loss/Loss_state_action_to_state |        0.000284 |
|                           Loss/Act_rep_loss |          0.0166 |
|                        Loss/Critic_rep_loss |            1.89 |
|                                   SAC/Alpha |         0.00163 |
|                              SAC/LogPi_mean |            2.67 |
|                                 SAC/Q1_mean |            96.2 |
|                                 SAC/Q2_mean |            96.3 |
|                            Norm/actor_model |             128 |
|                           Norm/critic_model |             147 |
|              Norm/state_action_metric_model |             111 |
|                     Norm/state_metric_model |             120 |
|        Norm/state_action_state_metric_model |             112 |
|                  Metric/self_state_distance |        0.000164 |
|                 Metric/cross_state_distance |            1.21 |
|           Metric/self_state_action_distance |        0.000654 |
|          Metric/cross_state_action_distance |            1.28 |
|             Metric/avg_self_state_asymmetry |               0 |
|            Metric/avg_cross_state_asymmetry |           0.006 |
|                Metric/avg_self_sa_asymmetry |               0 |
|               Metric/avg_cross_sa_asymmetry |         0.00978 |
|  Metric/self_state_action_to_state_distance |        2.56e-05 |
| Metric/cross_state_action_to_state_distance |            1.27 |
|                   Metric/h_lambda_diff_self |        0.000628 |
|                  Metric/h_lambda_diff_cross |          0.0114 |
|                                 Eval/Return |             986 |
-----------------------------------------------------------------
-----------------------------------------------------------------
|                                 Train/Steps |        2.82e+06 |
|                            Loss/Loss_critic |          0.0328 |
|                             Loss/Loss_actor |           -95.9 |
|                             Loss/Loss_alpha |        0.000356 |
|               Loss/Loss_state_action_metric |           0.202 |
|                      Loss/Loss_state_metric |           0.133 |
|             Loss/Loss_state_action_to_state |        0.000611 |
|                           Loss/Act_rep_loss |          0.0144 |
|                        Loss/Critic_rep_loss |            2.43 |
|                                   SAC/Alpha |         0.00168 |
|                              SAC/LogPi_mean |            2.91 |
|                                 SAC/Q1_mean |            95.9 |
|                                 SAC/Q2_mean |            95.9 |
|                            Norm/actor_model |             130 |
|                           Norm/critic_model |             150 |
|              Norm/state_action_metric_model |             113 |
|                     Norm/state_metric_model |             124 |
|        Norm/state_action_state_metric_model |             115 |
|                  Metric/self_state_distance |        0.000525 |
|                 Metric/cross_state_distance |            1.29 |
|           Metric/self_state_action_distance |         0.00128 |
|          Metric/cross_state_action_distance |            1.39 |
|             Metric/avg_self_state_asymmetry |               0 |
|            Metric/avg_cross_state_asymmetry |         0.00775 |
|                Metric/avg_self_sa_asymmetry |               0 |
|               Metric/avg_cross_sa_asymmetry |          0.0117 |
|  Metric/self_state_action_to_state_distance |         0.00199 |
| Metric/cross_state_action_to_state_distance |            1.39 |
|                   Metric/h_lambda_diff_self |         0.00181 |
|                  Metric/h_lambda_diff_cross |          0.0126 |
|                                 Eval/Return |             985 |
-----------------------------------------------------------------
-----------------------------------------------------------------
|                                 Train/Steps |        2.95e+06 |
|                            Loss/Loss_critic |          0.0371 |
|                             Loss/Loss_actor |           -96.1 |
|                             Loss/Loss_alpha |       -1.85e-05 |
|               Loss/Loss_state_action_metric |           0.167 |
|                      Loss/Loss_state_metric |           0.112 |
|             Loss/Loss_state_action_to_state |        0.000622 |
|                           Loss/Act_rep_loss |          0.0287 |
|                        Loss/Critic_rep_loss |            2.38 |
|                                   SAC/Alpha |         0.00136 |
|                              SAC/LogPi_mean |            2.87 |
|                                 SAC/Q1_mean |            96.1 |
|                                 SAC/Q2_mean |            96.1 |
|                            Norm/actor_model |             133 |
|                           Norm/critic_model |             153 |
|              Norm/state_action_metric_model |             116 |
|                     Norm/state_metric_model |             127 |
|        Norm/state_action_state_metric_model |             118 |
|                  Metric/self_state_distance |        0.000134 |
|                 Metric/cross_state_distance |            1.26 |
|           Metric/self_state_action_distance |        0.000844 |
|          Metric/cross_state_action_distance |            1.33 |
|             Metric/avg_self_state_asymmetry |               0 |
|            Metric/avg_cross_state_asymmetry |         0.00827 |
|                Metric/avg_self_sa_asymmetry |               0 |
|               Metric/avg_cross_sa_asymmetry |          0.0151 |
|  Metric/self_state_action_to_state_distance |        0.000321 |
| Metric/cross_state_action_to_state_distance |            1.33 |
|                   Metric/h_lambda_diff_self |        0.000677 |
|                  Metric/h_lambda_diff_cross |           0.017 |
|                                 Eval/Return |             983 |
-----------------------------------------------------------------
-----------------------------------------------------------------
|                                 Train/Steps |        3.08e+06 |
|                            Loss/Loss_critic |          0.0316 |
|                             Loss/Loss_actor |           -96.4 |
|                             Loss/Loss_alpha |       -0.000385 |
|               Loss/Loss_state_action_metric |           0.181 |
|                      Loss/Loss_state_metric |            0.12 |
|             Loss/Loss_state_action_to_state |        0.000535 |
|                           Loss/Act_rep_loss |          0.0166 |
|                        Loss/Critic_rep_loss |            2.33 |
|                                   SAC/Alpha |         0.00131 |
|                              SAC/LogPi_mean |            3.18 |
|                                 SAC/Q1_mean |            96.4 |
|                                 SAC/Q2_mean |            96.4 |
|                            Norm/actor_model |             134 |
|                           Norm/critic_model |             157 |
|              Norm/state_action_metric_model |             119 |
|                     Norm/state_metric_model |             131 |
|        Norm/state_action_state_metric_model |             121 |
|                  Metric/self_state_distance |        0.000503 |
|                 Metric/cross_state_distance |            1.27 |
|           Metric/self_state_action_distance |         0.00304 |
|          Metric/cross_state_action_distance |            1.36 |
|             Metric/avg_self_state_asymmetry |               0 |
|            Metric/avg_cross_state_asymmetry |         0.00671 |
|                Metric/avg_self_sa_asymmetry |               0 |
|               Metric/avg_cross_sa_asymmetry |          0.0082 |
|  Metric/self_state_action_to_state_distance |         0.00158 |
| Metric/cross_state_action_to_state_distance |            1.35 |
|                   Metric/h_lambda_diff_self |          0.0026 |
|                  Metric/h_lambda_diff_cross |          0.0138 |
|                                 Eval/Return |             984 |
-----------------------------------------------------------------
[32mSaving model …[0m
[32mDone.[0m
[32mSaving model …[0m
[32mDone.[0m
-----------------------------------------------------------------
|                                 Train/Steps |        3.21e+06 |
|                            Loss/Loss_critic |          0.0396 |
|                             Loss/Loss_actor |           -96.1 |
|                             Loss/Loss_alpha |       -0.000239 |
|               Loss/Loss_state_action_metric |           0.198 |
|                      Loss/Loss_state_metric |           0.133 |
|             Loss/Loss_state_action_to_state |        0.000553 |
|                           Loss/Act_rep_loss |          0.0228 |
|                        Loss/Critic_rep_loss |            2.41 |
|                                   SAC/Alpha |         0.00147 |
|                              SAC/LogPi_mean |            3.05 |
|                                 SAC/Q1_mean |            96.2 |
|                                 SAC/Q2_mean |            96.1 |
|                            Norm/actor_model |             136 |
|                           Norm/critic_model |             160 |
|              Norm/state_action_metric_model |             121 |
|                     Norm/state_metric_model |             134 |
|        Norm/state_action_state_metric_model |             124 |
|                  Metric/self_state_distance |        0.000151 |
|                 Metric/cross_state_distance |            1.29 |
|           Metric/self_state_action_distance |        0.000775 |
|          Metric/cross_state_action_distance |            1.38 |
|             Metric/avg_self_state_asymmetry |               0 |
|            Metric/avg_cross_state_asymmetry |         0.00677 |
|                Metric/avg_self_sa_asymmetry |               0 |
|               Metric/avg_cross_sa_asymmetry |           0.012 |
|  Metric/self_state_action_to_state_distance |        0.000516 |
| Metric/cross_state_action_to_state_distance |            1.38 |
|                   Metric/h_lambda_diff_self |        0.000598 |
|                  Metric/h_lambda_diff_cross |          0.0104 |
|                                 Eval/Return |             986 |
-----------------------------------------------------------------
-----------------------------------------------------------------
|                                 Train/Steps |        3.34e+06 |
|                            Loss/Loss_critic |          0.0268 |
|                             Loss/Loss_actor |           -96.7 |
|                             Loss/Loss_alpha |       -0.000255 |
|               Loss/Loss_state_action_metric |           0.175 |
|                      Loss/Loss_state_metric |           0.114 |
|             Loss/Loss_state_action_to_state |        0.000685 |
|                           Loss/Act_rep_loss |          0.0269 |
|                        Loss/Critic_rep_loss |            2.19 |
|                                   SAC/Alpha |          0.0014 |
|                              SAC/LogPi_mean |            3.36 |
|                                 SAC/Q1_mean |            96.7 |
|                                 SAC/Q2_mean |            96.7 |
|                            Norm/actor_model |             138 |
|                           Norm/critic_model |             163 |
|              Norm/state_action_metric_model |             124 |
|                     Norm/state_metric_model |             137 |
|        Norm/state_action_state_metric_model |             127 |
|                  Metric/self_state_distance |         0.00146 |
|                 Metric/cross_state_distance |            1.26 |
|           Metric/self_state_action_distance |         0.00142 |
|          Metric/cross_state_action_distance |            1.32 |
|             Metric/avg_self_state_asymmetry |               0 |
|            Metric/avg_cross_state_asymmetry |          0.0082 |
|                Metric/avg_self_sa_asymmetry |               0 |
|               Metric/avg_cross_sa_asymmetry |          0.0105 |
|  Metric/self_state_action_to_state_distance |        0.000553 |
| Metric/cross_state_action_to_state_distance |            1.33 |
|                   Metric/h_lambda_diff_self |         0.00118 |
|                  Metric/h_lambda_diff_cross |          0.0152 |
|                                 Eval/Return |             986 |
-----------------------------------------------------------------
-----------------------------------------------------------------
|                                 Train/Steps |        3.46e+06 |
|                            Loss/Loss_critic |          0.0262 |
|                             Loss/Loss_actor |           -96.5 |
|                             Loss/Loss_alpha |       -3.88e-05 |
|               Loss/Loss_state_action_metric |           0.201 |
|                      Loss/Loss_state_metric |           0.134 |
|             Loss/Loss_state_action_to_state |        0.000251 |
|                           Loss/Act_rep_loss |          0.0225 |
|                        Loss/Critic_rep_loss |            2.26 |
|                                   SAC/Alpha |         0.00129 |
|                              SAC/LogPi_mean |            3.11 |
|                                 SAC/Q1_mean |            96.5 |
|                                 SAC/Q2_mean |            96.5 |
|                            Norm/actor_model |             140 |
|                           Norm/critic_model |             166 |
|              Norm/state_action_metric_model |             126 |
|                     Norm/state_metric_model |             141 |
|        Norm/state_action_state_metric_model |             130 |
|                  Metric/self_state_distance |        0.000256 |
|                 Metric/cross_state_distance |            1.28 |
|           Metric/self_state_action_distance |         0.00102 |
|          Metric/cross_state_action_distance |            1.38 |
|             Metric/avg_self_state_asymmetry |               0 |
|            Metric/avg_cross_state_asymmetry |         0.00625 |
|                Metric/avg_self_sa_asymmetry |               0 |
|               Metric/avg_cross_sa_asymmetry |          0.0104 |
|  Metric/self_state_action_to_state_distance |        0.000598 |
| Metric/cross_state_action_to_state_distance |            1.37 |
|                   Metric/h_lambda_diff_self |        0.000926 |
|                  Metric/h_lambda_diff_cross |          0.0113 |
|                                 Eval/Return |             986 |
-----------------------------------------------------------------
-----------------------------------------------------------------
|                                 Train/Steps |        3.59e+06 |
|                            Loss/Loss_critic |          0.0259 |
|                             Loss/Loss_actor |           -96.9 |
|                             Loss/Loss_alpha |        0.000474 |
|               Loss/Loss_state_action_metric |           0.144 |
|                      Loss/Loss_state_metric |          0.0969 |
|             Loss/Loss_state_action_to_state |        0.000428 |
|                           Loss/Act_rep_loss |          0.0317 |
|                        Loss/Critic_rep_loss |            1.88 |
|                                   SAC/Alpha |         0.00128 |
|                              SAC/LogPi_mean |            2.77 |
|                                 SAC/Q1_mean |            96.9 |
|                                 SAC/Q2_mean |              97 |
|                            Norm/actor_model |             142 |
|                           Norm/critic_model |             169 |
|              Norm/state_action_metric_model |             129 |
|                     Norm/state_metric_model |             144 |
|        Norm/state_action_state_metric_model |             132 |
|                  Metric/self_state_distance |        0.000304 |
|                 Metric/cross_state_distance |            1.21 |
|           Metric/self_state_action_distance |         0.00169 |
|          Metric/cross_state_action_distance |            1.28 |
|             Metric/avg_self_state_asymmetry |               0 |
|            Metric/avg_cross_state_asymmetry |         0.00673 |
|                Metric/avg_self_sa_asymmetry |               0 |
|               Metric/avg_cross_sa_asymmetry |          0.0103 |
|  Metric/self_state_action_to_state_distance |         3.2e-05 |
| Metric/cross_state_action_to_state_distance |            1.28 |
|                   Metric/h_lambda_diff_self |         0.00167 |
|                  Metric/h_lambda_diff_cross |         0.00942 |
|                                 Eval/Return |             985 |
-----------------------------------------------------------------
-----------------------------------------------------------------
|                                 Train/Steps |        3.72e+06 |
|                            Loss/Loss_critic |          0.0338 |
|                             Loss/Loss_actor |           -96.9 |
|                             Loss/Loss_alpha |         2.5e-05 |
|               Loss/Loss_state_action_metric |           0.176 |
|                      Loss/Loss_state_metric |            0.12 |
|             Loss/Loss_state_action_to_state |        0.000438 |
|                           Loss/Act_rep_loss |          0.0263 |
|                        Loss/Critic_rep_loss |            2.08 |
|                                   SAC/Alpha |         0.00121 |
|                              SAC/LogPi_mean |            2.87 |
|                                 SAC/Q1_mean |            96.9 |
|                                 SAC/Q2_mean |            96.9 |
|                            Norm/actor_model |             144 |
|                           Norm/critic_model |             172 |
|              Norm/state_action_metric_model |             131 |
|                     Norm/state_metric_model |             147 |
|        Norm/state_action_state_metric_model |             135 |
|                  Metric/self_state_distance |        0.000293 |
|                 Metric/cross_state_distance |            1.26 |
|           Metric/self_state_action_distance |        0.000697 |
|          Metric/cross_state_action_distance |            1.34 |
|             Metric/avg_self_state_asymmetry |               0 |
|            Metric/avg_cross_state_asymmetry |         0.00551 |
|                Metric/avg_self_sa_asymmetry |               0 |
|               Metric/avg_cross_sa_asymmetry |         0.00903 |
|  Metric/self_state_action_to_state_distance |        0.000203 |
| Metric/cross_state_action_to_state_distance |            1.34 |
|                   Metric/h_lambda_diff_self |        0.000597 |
|                  Metric/h_lambda_diff_cross |         0.00893 |
|                                 Eval/Return |             984 |
-----------------------------------------------------------------
-----------------------------------------------------------------
|                                 Train/Steps |        3.85e+06 |
|                            Loss/Loss_critic |          0.0272 |
|                             Loss/Loss_actor |           -96.9 |
|                             Loss/Loss_alpha |       -0.000356 |
|               Loss/Loss_state_action_metric |           0.172 |
|                      Loss/Loss_state_metric |           0.114 |
|             Loss/Loss_state_action_to_state |        0.000606 |
|                           Loss/Act_rep_loss |          0.0234 |
|                        Loss/Critic_rep_loss |            2.24 |
|                                   SAC/Alpha |         0.00142 |
|                              SAC/LogPi_mean |            3.29 |
|                                 SAC/Q1_mean |            96.9 |
|                                 SAC/Q2_mean |            96.8 |
|                            Norm/actor_model |             146 |
|                           Norm/critic_model |             174 |
|              Norm/state_action_metric_model |             134 |
|                     Norm/state_metric_model |             151 |
|        Norm/state_action_state_metric_model |             138 |
|                  Metric/self_state_distance |        0.000506 |
|                 Metric/cross_state_distance |            1.25 |
|           Metric/self_state_action_distance |         0.00353 |
|          Metric/cross_state_action_distance |            1.33 |
|             Metric/avg_self_state_asymmetry |               0 |
|            Metric/avg_cross_state_asymmetry |         0.00703 |
|                Metric/avg_self_sa_asymmetry |               0 |
|               Metric/avg_cross_sa_asymmetry |          0.0127 |
|  Metric/self_state_action_to_state_distance |         0.00155 |
| Metric/cross_state_action_to_state_distance |            1.33 |
|                   Metric/h_lambda_diff_self |         0.00303 |
|                  Metric/h_lambda_diff_cross |          0.0105 |
|                                 Eval/Return |             986 |
-----------------------------------------------------------------
-----------------------------------------------------------------
|                                 Train/Steps |        3.98e+06 |
|                            Loss/Loss_critic |          0.0249 |
|                             Loss/Loss_actor |           -97.3 |
|                             Loss/Loss_alpha |        0.000409 |
|               Loss/Loss_state_action_metric |           0.137 |
|                      Loss/Loss_state_metric |          0.0867 |
|             Loss/Loss_state_action_to_state |        0.000312 |
|                           Loss/Act_rep_loss |          0.0254 |
|                        Loss/Critic_rep_loss |            1.53 |
|                                   SAC/Alpha |         0.00114 |
|                              SAC/LogPi_mean |             2.5 |
|                                 SAC/Q1_mean |            97.4 |
|                                 SAC/Q2_mean |            97.4 |
|                            Norm/actor_model |             148 |
|                           Norm/critic_model |             177 |
|              Norm/state_action_metric_model |             136 |
|                     Norm/state_metric_model |             154 |
|        Norm/state_action_state_metric_model |             140 |
|                  Metric/self_state_distance |        0.000443 |
|                 Metric/cross_state_distance |            1.18 |
|           Metric/self_state_action_distance |         0.00223 |
|          Metric/cross_state_action_distance |            1.23 |
|             Metric/avg_self_state_asymmetry |               0 |
|            Metric/avg_cross_state_asymmetry |         0.00555 |
|                Metric/avg_self_sa_asymmetry |               0 |
|               Metric/avg_cross_sa_asymmetry |         0.00812 |
|  Metric/self_state_action_to_state_distance |         0.00018 |
| Metric/cross_state_action_to_state_distance |            1.23 |
|                   Metric/h_lambda_diff_self |         0.00214 |
|                  Metric/h_lambda_diff_cross |         0.00788 |
|                                 Eval/Return |             984 |
-----------------------------------------------------------------
-----------------------------------------------------------------
|                                 Train/Steps |         4.1e+06 |
|                            Loss/Loss_critic |          0.0252 |
|                             Loss/Loss_actor |           -97.7 |
|                             Loss/Loss_alpha |        -0.00033 |
|               Loss/Loss_state_action_metric |          0.0821 |
|                      Loss/Loss_state_metric |           0.053 |
|             Loss/Loss_state_action_to_state |        0.000331 |
|                           Loss/Act_rep_loss |          0.0272 |
|                        Loss/Critic_rep_loss |            1.08 |
|                                   SAC/Alpha |         0.00104 |
|                              SAC/LogPi_mean |            3.16 |
|                                 SAC/Q1_mean |            97.7 |
|                                 SAC/Q2_mean |            97.7 |
|                            Norm/actor_model |             149 |
|                           Norm/critic_model |             180 |
|              Norm/state_action_metric_model |             138 |
|                     Norm/state_metric_model |             157 |
|        Norm/state_action_state_metric_model |             143 |
|                  Metric/self_state_distance |        0.000478 |
|                 Metric/cross_state_distance |            1.12 |
|           Metric/self_state_action_distance |         0.00605 |
|          Metric/cross_state_action_distance |            1.16 |
|             Metric/avg_self_state_asymmetry |               0 |
|            Metric/avg_cross_state_asymmetry |         0.00566 |
|                Metric/avg_self_sa_asymmetry |               0 |
|               Metric/avg_cross_sa_asymmetry |          0.0084 |
|  Metric/self_state_action_to_state_distance |         0.00108 |
| Metric/cross_state_action_to_state_distance |            1.16 |
|                   Metric/h_lambda_diff_self |         0.00542 |
|                  Metric/h_lambda_diff_cross |         0.00769 |
|                                 Eval/Return |             986 |
-----------------------------------------------------------------
[32mSaving model …[0m
[32mDone.[0m
[32mSaving model …[0m
[32mDone.[0m
-----------------------------------------------------------------
|                                 Train/Steps |        4.23e+06 |
|                            Loss/Loss_critic |          0.0201 |
|                             Loss/Loss_actor |             -98 |
|                             Loss/Loss_alpha |       -0.000507 |
|               Loss/Loss_state_action_metric |          0.0585 |
|                      Loss/Loss_state_metric |           0.039 |
|             Loss/Loss_state_action_to_state |        0.000634 |
|                           Loss/Act_rep_loss |          0.0281 |
|                        Loss/Critic_rep_loss |           0.823 |
|                                   SAC/Alpha |        0.000762 |
|                              SAC/LogPi_mean |            3.77 |
|                                 SAC/Q1_mean |            98.1 |
|                                 SAC/Q2_mean |              98 |
|                            Norm/actor_model |             151 |
|                           Norm/critic_model |             182 |
|              Norm/state_action_metric_model |             141 |
|                     Norm/state_metric_model |             160 |
|        Norm/state_action_state_metric_model |             145 |
|                  Metric/self_state_distance |        0.000437 |
|                 Metric/cross_state_distance |            1.09 |
|           Metric/self_state_action_distance |         0.00366 |
|          Metric/cross_state_action_distance |            1.12 |
|             Metric/avg_self_state_asymmetry |               0 |
|            Metric/avg_cross_state_asymmetry |         0.00571 |
|                Metric/avg_self_sa_asymmetry |               0 |
|               Metric/avg_cross_sa_asymmetry |         0.00941 |
|  Metric/self_state_action_to_state_distance |          0.0012 |
| Metric/cross_state_action_to_state_distance |            1.12 |
|                   Metric/h_lambda_diff_self |         0.00329 |
|                  Metric/h_lambda_diff_cross |          0.0093 |
|                                 Eval/Return |             985 |
-----------------------------------------------------------------
-----------------------------------------------------------------
|                                 Train/Steps |        4.36e+06 |
|                            Loss/Loss_critic |          0.0229 |
|                             Loss/Loss_actor |           -98.2 |
|                             Loss/Loss_alpha |       -0.000135 |
|               Loss/Loss_state_action_metric |           0.056 |
|                      Loss/Loss_state_metric |          0.0377 |
|             Loss/Loss_state_action_to_state |        0.000358 |
|                           Loss/Act_rep_loss |          0.0284 |
|                        Loss/Critic_rep_loss |             0.7 |
|                                   SAC/Alpha |         0.00078 |
|                              SAC/LogPi_mean |             3.1 |
|                                 SAC/Q1_mean |            98.4 |
|                                 SAC/Q2_mean |            98.3 |
|                            Norm/actor_model |             153 |
|                           Norm/critic_model |             185 |
|              Norm/state_action_metric_model |             143 |
|                     Norm/state_metric_model |             162 |
|        Norm/state_action_state_metric_model |             148 |
|                  Metric/self_state_distance |         0.00076 |
|                 Metric/cross_state_distance |            1.07 |
|           Metric/self_state_action_distance |        0.000441 |
|          Metric/cross_state_action_distance |            1.09 |
|             Metric/avg_self_state_asymmetry |               0 |
|            Metric/avg_cross_state_asymmetry |         0.00572 |
|                Metric/avg_self_sa_asymmetry |               0 |
|               Metric/avg_cross_sa_asymmetry |         0.00756 |
|  Metric/self_state_action_to_state_distance |        0.000747 |
| Metric/cross_state_action_to_state_distance |            1.09 |
|                   Metric/h_lambda_diff_self |        0.000783 |
|                  Metric/h_lambda_diff_cross |         0.00738 |
|                                 Eval/Return |             985 |
-----------------------------------------------------------------
-----------------------------------------------------------------
|                                 Train/Steps |        4.49e+06 |
|                            Loss/Loss_critic |          0.0167 |
|                             Loss/Loss_actor |           -98.5 |
|                             Loss/Loss_alpha |       -0.000407 |
|               Loss/Loss_state_action_metric |           0.037 |
|                      Loss/Loss_state_metric |          0.0224 |
|             Loss/Loss_state_action_to_state |        0.000925 |
|                           Loss/Act_rep_loss |          0.0323 |
|                        Loss/Critic_rep_loss |           0.586 |
|                                   SAC/Alpha |        0.000757 |
|                              SAC/LogPi_mean |            3.48 |
|                                 SAC/Q1_mean |            98.6 |
|                                 SAC/Q2_mean |            98.6 |
|                            Norm/actor_model |             154 |
|                           Norm/critic_model |             187 |
|              Norm/state_action_metric_model |             145 |
|                     Norm/state_metric_model |             165 |
|        Norm/state_action_state_metric_model |             150 |
|                  Metric/self_state_distance |         0.00165 |
|                 Metric/cross_state_distance |            1.05 |
|           Metric/self_state_action_distance |         0.00114 |
|          Metric/cross_state_action_distance |            1.07 |
|             Metric/avg_self_state_asymmetry |               0 |
|            Metric/avg_cross_state_asymmetry |         0.00531 |
|                Metric/avg_self_sa_asymmetry |               0 |
|               Metric/avg_cross_sa_asymmetry |         0.00719 |
|  Metric/self_state_action_to_state_distance |         0.00169 |
| Metric/cross_state_action_to_state_distance |            1.06 |
|                   Metric/h_lambda_diff_self |         0.00168 |
|                  Metric/h_lambda_diff_cross |         0.00619 |
|                                 Eval/Return |             984 |
-----------------------------------------------------------------
-----------------------------------------------------------------
|                                 Train/Steps |        4.62e+06 |
|                            Loss/Loss_critic |          0.0195 |
|                             Loss/Loss_actor |           -98.7 |
|                             Loss/Loss_alpha |         0.00058 |
|               Loss/Loss_state_action_metric |          0.0409 |
|                      Loss/Loss_state_metric |          0.0256 |
|             Loss/Loss_state_action_to_state |        0.000465 |
|                           Loss/Act_rep_loss |          0.0263 |
|                        Loss/Critic_rep_loss |           0.377 |
|                                   SAC/Alpha |        0.000693 |
|                              SAC/LogPi_mean |            2.14 |
|                                 SAC/Q1_mean |            98.8 |
|                                 SAC/Q2_mean |            98.7 |
|                            Norm/actor_model |             156 |
|                           Norm/critic_model |             189 |
|              Norm/state_action_metric_model |             147 |
|                     Norm/state_metric_model |             168 |
|        Norm/state_action_state_metric_model |             152 |
|                  Metric/self_state_distance |        0.000262 |
|                 Metric/cross_state_distance |            1.05 |
|           Metric/self_state_action_distance |         0.00416 |
|          Metric/cross_state_action_distance |            1.07 |
|             Metric/avg_self_state_asymmetry |               0 |
|            Metric/avg_cross_state_asymmetry |         0.00385 |
|                Metric/avg_self_sa_asymmetry |               0 |
|               Metric/avg_cross_sa_asymmetry |         0.00661 |
|  Metric/self_state_action_to_state_distance |         0.00126 |
| Metric/cross_state_action_to_state_distance |            1.06 |
|                   Metric/h_lambda_diff_self |         0.00322 |
|                  Metric/h_lambda_diff_cross |          0.0109 |
|                                 Eval/Return |             984 |
-----------------------------------------------------------------
-----------------------------------------------------------------
|                                 Train/Steps |        4.74e+06 |
|                            Loss/Loss_critic |          0.0142 |
|                             Loss/Loss_actor |           -98.7 |
|                             Loss/Loss_alpha |       -8.25e-05 |
|               Loss/Loss_state_action_metric |          0.0369 |
|                      Loss/Loss_state_metric |          0.0203 |
|             Loss/Loss_state_action_to_state |        0.000793 |
|                           Loss/Act_rep_loss |          0.0253 |
|                        Loss/Critic_rep_loss |           0.505 |
|                                   SAC/Alpha |        0.000819 |
|                              SAC/LogPi_mean |            3.14 |
|                                 SAC/Q1_mean |            98.7 |
|                                 SAC/Q2_mean |            98.8 |
|                            Norm/actor_model |             157 |
|                           Norm/critic_model |             192 |
|              Norm/state_action_metric_model |             149 |
|                     Norm/state_metric_model |             170 |
|        Norm/state_action_state_metric_model |             155 |
|                  Metric/self_state_distance |         0.00052 |
|                 Metric/cross_state_distance |            1.03 |
|           Metric/self_state_action_distance |         0.00457 |
|          Metric/cross_state_action_distance |            1.05 |
|             Metric/avg_self_state_asymmetry |               0 |
|            Metric/avg_cross_state_asymmetry |         0.00532 |
|                Metric/avg_self_sa_asymmetry |               0 |
|               Metric/avg_cross_sa_asymmetry |          0.0063 |
|  Metric/self_state_action_to_state_distance |        0.000464 |
| Metric/cross_state_action_to_state_distance |            1.05 |
|                   Metric/h_lambda_diff_self |         0.00423 |
|                  Metric/h_lambda_diff_cross |         0.00861 |
|                                 Eval/Return |             981 |
-----------------------------------------------------------------
-----------------------------------------------------------------
|                                 Train/Steps |        4.87e+06 |
|                            Loss/Loss_critic |          0.0191 |
|                             Loss/Loss_actor |           -98.9 |
|                             Loss/Loss_alpha |       -7.25e-05 |
|               Loss/Loss_state_action_metric |           0.025 |
|                      Loss/Loss_state_metric |          0.0168 |
|             Loss/Loss_state_action_to_state |        0.000223 |
|                           Loss/Act_rep_loss |          0.0335 |
|                        Loss/Critic_rep_loss |           0.312 |
|                                   SAC/Alpha |        0.000802 |
|                              SAC/LogPi_mean |            3.19 |
|                                 SAC/Q1_mean |            98.9 |
|                                 SAC/Q2_mean |            98.9 |
|                            Norm/actor_model |             159 |
|                           Norm/critic_model |             194 |
|              Norm/state_action_metric_model |             151 |
|                     Norm/state_metric_model |             173 |
|        Norm/state_action_state_metric_model |             157 |
|                  Metric/self_state_distance |        0.000793 |
|                 Metric/cross_state_distance |            1.03 |
|           Metric/self_state_action_distance |         0.00144 |
|          Metric/cross_state_action_distance |            1.05 |
|             Metric/avg_self_state_asymmetry |               0 |
|            Metric/avg_cross_state_asymmetry |         0.00356 |
|                Metric/avg_self_sa_asymmetry |               0 |
|               Metric/avg_cross_sa_asymmetry |         0.00486 |
|  Metric/self_state_action_to_state_distance |        0.000375 |
| Metric/cross_state_action_to_state_distance |            1.04 |
|                   Metric/h_lambda_diff_self |         0.00113 |
|                  Metric/h_lambda_diff_cross |          0.0121 |
|                                 Eval/Return |             984 |
-----------------------------------------------------------------
-----------------------------------------------------------------
|                                 Train/Steps |           5e+06 |
|                            Loss/Loss_critic |          0.0168 |
|                             Loss/Loss_actor |           -98.9 |
|                             Loss/Loss_alpha |        0.000122 |
|               Loss/Loss_state_action_metric |          0.0269 |
|                      Loss/Loss_state_metric |          0.0167 |
|             Loss/Loss_state_action_to_state |        0.000224 |
|                           Loss/Act_rep_loss |          0.0308 |
|                        Loss/Critic_rep_loss |            0.28 |
|                                   SAC/Alpha |        0.000757 |
|                              SAC/LogPi_mean |            2.84 |
|                                 SAC/Q1_mean |              99 |
|                                 SAC/Q2_mean |            98.9 |
|                            Norm/actor_model |             160 |
|                           Norm/critic_model |             196 |
|              Norm/state_action_metric_model |             154 |
|                     Norm/state_metric_model |             175 |
|        Norm/state_action_state_metric_model |             160 |
|                  Metric/self_state_distance |         0.00149 |
|                 Metric/cross_state_distance |            1.04 |
|           Metric/self_state_action_distance |        0.000597 |
|          Metric/cross_state_action_distance |            1.04 |
|             Metric/avg_self_state_asymmetry |               0 |
|            Metric/avg_cross_state_asymmetry |         0.00389 |
|                Metric/avg_self_sa_asymmetry |               0 |
|               Metric/avg_cross_sa_asymmetry |          0.0047 |
|  Metric/self_state_action_to_state_distance |         0.00172 |
| Metric/cross_state_action_to_state_distance |            1.05 |
|                   Metric/h_lambda_diff_self |         0.00164 |
|                  Metric/h_lambda_diff_cross |         0.00603 |
|                                 Eval/Return |             983 |
-----------------------------------------------------------------
[32mSaving model …[0m
[32mDone.[0m
[32mSaving model …[0m
[32mDone.[0m
