E0905 22:45:47.841751  850863 cuda_executor.cc:1526] Could not get kernel mode driver version: (INVALID_ARGUMENT: Version does not match the format X.Y.Z)
E0905 22:45:47.850118  850752 cuda_executor.cc:1526] Could not get kernel mode driver version: (INVALID_ARGUMENT: Version does not match the format X.Y.Z)
[32mStart prefilling replay buffer[0m
[32mStart SAC training[0m
[32m{'log_freq': 1000, 'save_freq': 1000000, 'eval_episode_freq': 10, 'hidden_size': 256, 'lr': 0.001, 'max_grad_norm': 0.0, 'gamma': 0.99, 'update_tau': 0.005, 'train_per_step': 8, 'episode_length': 1000, 'warmup_samples': 8192, 'max_replay_size': 4000000, 'batch_size': 512, 'total_env_steps': 5000000, 'init_temperature': 0.1, 'nstep': 3, 'bootstrap_on_truncation': True, 'rep_lr_scale': 1.5, 'n_act_samples': 5, 'act_eps': 0.1, 'aug_weight': 1.0, 'vis_feq': 100000, 'n_vis_frames': 4, 'num_envs': 128, 'grad_steps': 50, 'transfer_freq': 10, 'transfer_steps': 8, 'reward_scaling': 1.0, 'num_eval_envs': 128, 'target_entropy': -0.5}[0m
[32m[nstep] nstep=3 bootstrap_on_truncation=True (discount from the buffer already contains gamma^nstep)[0m
[32m[epsball] n_act_samples=5 act_eps=0.1 aug_weight=1.0[0m
-----------------------------------------------------------------
|                                 Train/Steps |        1.36e+05 |
|                            Loss/Loss_critic |           0.382 |
|                             Loss/Loss_actor |           -13.1 |
|                             Loss/Loss_alpha |         0.00166 |
|               Loss/Loss_state_action_metric |             4.3 |
|                      Loss/Loss_state_metric |           0.833 |
|             Loss/Loss_state_action_to_state |          0.0206 |
|                           Loss/Act_rep_loss |          0.0772 |
|                                   SAC/Alpha |          0.0273 |
|                              SAC/LogPi_mean |           0.436 |
|                                 SAC/Q1_mean |            13.1 |
|                                 SAC/Q2_mean |              13 |
|                            Norm/actor_model |            50.3 |
|                           Norm/critic_model |            97.3 |
|              Norm/state_action_metric_model |            32.3 |
|                     Norm/state_metric_model |            33.2 |
|        Norm/state_action_state_metric_model |            31.9 |
|                  Metric/self_state_distance |          0.0368 |
|                 Metric/cross_state_distance |            1.89 |
|           Metric/self_state_action_distance |          0.0818 |
|          Metric/cross_state_action_distance |            2.46 |
|             Metric/avg_self_state_asymmetry |               0 |
|            Metric/avg_cross_state_asymmetry |          0.0921 |
|                Metric/avg_self_sa_asymmetry |               0 |
|               Metric/avg_cross_sa_asymmetry |           0.123 |
|  Metric/self_state_action_to_state_distance |          0.0339 |
| Metric/cross_state_action_to_state_distance |            2.52 |
|                   Metric/h_lambda_diff_self |          0.0494 |
|                  Metric/h_lambda_diff_cross |           0.107 |
|                                 Eval/Return |             754 |
-----------------------------------------------------------------
-----------------------------------------------------------------
|                                 Train/Steps |        2.64e+05 |
|                            Loss/Loss_critic |           0.243 |
|                             Loss/Loss_actor |           -45.1 |
|                             Loss/Loss_alpha |        0.000319 |
|               Loss/Loss_state_action_metric |            8.26 |
|                      Loss/Loss_state_metric |            1.92 |
|             Loss/Loss_state_action_to_state |          0.0225 |
|                           Loss/Act_rep_loss |          0.0608 |
|                                   SAC/Alpha |          0.0232 |
|                              SAC/LogPi_mean |           0.425 |
|                                 SAC/Q1_mean |              45 |
|                                 SAC/Q2_mean |              45 |
|                            Norm/actor_model |            69.8 |
|                           Norm/critic_model |             139 |
|              Norm/state_action_metric_model |              36 |
|                     Norm/state_metric_model |            36.5 |
|        Norm/state_action_state_metric_model |            34.9 |
|                  Metric/self_state_distance |          0.0328 |
|                 Metric/cross_state_distance |            2.75 |
|           Metric/self_state_action_distance |          0.0919 |
|          Metric/cross_state_action_distance |            4.11 |
|             Metric/avg_self_state_asymmetry |               0 |
|            Metric/avg_cross_state_asymmetry |          0.0868 |
|                Metric/avg_self_sa_asymmetry |               0 |
|               Metric/avg_cross_sa_asymmetry |          0.0895 |
|  Metric/self_state_action_to_state_distance |          0.0385 |
| Metric/cross_state_action_to_state_distance |            4.06 |
|                   Metric/h_lambda_diff_self |          0.0542 |
|                  Metric/h_lambda_diff_cross |           0.126 |
|                                 Eval/Return |           1e+03 |
-----------------------------------------------------------------
-----------------------------------------------------------------
|                                 Train/Steps |        3.92e+05 |
|                            Loss/Loss_critic |           0.558 |
|                             Loss/Loss_actor |           -62.6 |
|                             Loss/Loss_alpha |         0.00277 |
|               Loss/Loss_state_action_metric |            7.83 |
|                      Loss/Loss_state_metric |            1.94 |
|             Loss/Loss_state_action_to_state |          0.0114 |
|                           Loss/Act_rep_loss |          0.0634 |
|                                   SAC/Alpha |          0.0204 |
|                              SAC/LogPi_mean |            0.34 |
|                                 SAC/Q1_mean |            62.5 |
|                                 SAC/Q2_mean |            62.5 |
|                            Norm/actor_model |            82.8 |
|                           Norm/critic_model |             167 |
|              Norm/state_action_metric_model |            39.3 |
|                     Norm/state_metric_model |            38.3 |
|        Norm/state_action_state_metric_model |            37.7 |
|                  Metric/self_state_distance |          0.0305 |
|                 Metric/cross_state_distance |            2.78 |
|           Metric/self_state_action_distance |          0.0537 |
|          Metric/cross_state_action_distance |            3.64 |
|             Metric/avg_self_state_asymmetry |               0 |
|            Metric/avg_cross_state_asymmetry |          0.0439 |
|                Metric/avg_self_sa_asymmetry |               0 |
|               Metric/avg_cross_sa_asymmetry |          0.0622 |
|  Metric/self_state_action_to_state_distance |          0.0112 |
| Metric/cross_state_action_to_state_distance |            3.65 |
|                   Metric/h_lambda_diff_self |          0.0434 |
|                  Metric/h_lambda_diff_cross |          0.0667 |
|                                 Eval/Return |           1e+03 |
-----------------------------------------------------------------
-----------------------------------------------------------------
|                                 Train/Steps |         5.2e+05 |
|                            Loss/Loss_critic |           0.551 |
|                             Loss/Loss_actor |           -71.3 |
|                             Loss/Loss_alpha |        0.000426 |
|               Loss/Loss_state_action_metric |            6.85 |
|                      Loss/Loss_state_metric |            1.63 |
|             Loss/Loss_state_action_to_state |          0.0144 |
|                           Loss/Act_rep_loss |          0.0259 |
|                                   SAC/Alpha |           0.018 |
|                              SAC/LogPi_mean |           0.505 |
|                                 SAC/Q1_mean |            71.2 |
|                                 SAC/Q2_mean |            71.1 |
|                            Norm/actor_model |            92.8 |
|                           Norm/critic_model |             183 |
|              Norm/state_action_metric_model |            42.8 |
|                     Norm/state_metric_model |            41.3 |
|        Norm/state_action_state_metric_model |            40.4 |
|                  Metric/self_state_distance |          0.0122 |
|                 Metric/cross_state_distance |            2.53 |
|           Metric/self_state_action_distance |          0.0452 |
|          Metric/cross_state_action_distance |            3.36 |
|             Metric/avg_self_state_asymmetry |               0 |
|            Metric/avg_cross_state_asymmetry |          0.0391 |
|                Metric/avg_self_sa_asymmetry |               0 |
|               Metric/avg_cross_sa_asymmetry |          0.0299 |
|  Metric/self_state_action_to_state_distance |          0.0248 |
| Metric/cross_state_action_to_state_distance |            3.34 |
|                   Metric/h_lambda_diff_self |          0.0212 |
|                  Metric/h_lambda_diff_cross |          0.0599 |
|                                 Eval/Return |           1e+03 |
-----------------------------------------------------------------
-----------------------------------------------------------------
|                                 Train/Steps |        6.48e+05 |
|                            Loss/Loss_critic |           0.141 |
|                             Loss/Loss_actor |           -78.5 |
|                             Loss/Loss_alpha |         0.00158 |
|               Loss/Loss_state_action_metric |            5.79 |
|                      Loss/Loss_state_metric |            1.56 |
|             Loss/Loss_state_action_to_state |         0.00711 |
|                           Loss/Act_rep_loss |          0.0323 |
|                                   SAC/Alpha |          0.0114 |
|                              SAC/LogPi_mean |           0.455 |
|                                 SAC/Q1_mean |            78.4 |
|                                 SAC/Q2_mean |            78.4 |
|                            Norm/actor_model |             102 |
|                           Norm/critic_model |             194 |
|              Norm/state_action_metric_model |            46.4 |
|                     Norm/state_metric_model |            44.1 |
|        Norm/state_action_state_metric_model |            43.3 |
|                  Metric/self_state_distance |         0.00716 |
|                 Metric/cross_state_distance |            2.32 |
|           Metric/self_state_action_distance |          0.0271 |
|          Metric/cross_state_action_distance |            2.91 |
|             Metric/avg_self_state_asymmetry |               0 |
|            Metric/avg_cross_state_asymmetry |          0.0242 |
|                Metric/avg_self_sa_asymmetry |               0 |
|               Metric/avg_cross_sa_asymmetry |          0.0228 |
|  Metric/self_state_action_to_state_distance |         0.00173 |
| Metric/cross_state_action_to_state_distance |            2.88 |
|                   Metric/h_lambda_diff_self |          0.0253 |
|                  Metric/h_lambda_diff_cross |          0.0397 |
|                                 Eval/Return |           1e+03 |
-----------------------------------------------------------------
-----------------------------------------------------------------
|                                 Train/Steps |        7.76e+05 |
|                            Loss/Loss_critic |           0.245 |
|                             Loss/Loss_actor |             -84 |
|                             Loss/Loss_alpha |       -0.000619 |
|               Loss/Loss_state_action_metric |            4.88 |
|                      Loss/Loss_state_metric |            1.33 |
|             Loss/Loss_state_action_to_state |         0.00736 |
|                           Loss/Act_rep_loss |          0.0766 |
|                                   SAC/Alpha |         0.00866 |
|                              SAC/LogPi_mean |           0.601 |
|                                 SAC/Q1_mean |            83.9 |
|                                 SAC/Q2_mean |            83.9 |
|                            Norm/actor_model |             109 |
|                           Norm/critic_model |             202 |
|              Norm/state_action_metric_model |            49.6 |
|                     Norm/state_metric_model |            47.2 |
|        Norm/state_action_state_metric_model |            45.8 |
|                  Metric/self_state_distance |          0.0127 |
|                 Metric/cross_state_distance |             2.1 |
|           Metric/self_state_action_distance |          0.0448 |
|          Metric/cross_state_action_distance |            2.45 |
|             Metric/avg_self_state_asymmetry |               0 |
|            Metric/avg_cross_state_asymmetry |          0.0237 |
|                Metric/avg_self_sa_asymmetry |               0 |
|               Metric/avg_cross_sa_asymmetry |           0.036 |
|  Metric/self_state_action_to_state_distance |         0.00181 |
| Metric/cross_state_action_to_state_distance |            2.45 |
|                   Metric/h_lambda_diff_self |           0.043 |
|                  Metric/h_lambda_diff_cross |          0.0494 |
|                                 Eval/Return |           1e+03 |
-----------------------------------------------------------------
-----------------------------------------------------------------
|                                 Train/Steps |        9.04e+05 |
|                            Loss/Loss_critic |           0.186 |
|                             Loss/Loss_actor |           -85.4 |
|                             Loss/Loss_alpha |       -0.000723 |
|               Loss/Loss_state_action_metric |            5.63 |
|                      Loss/Loss_state_metric |            1.46 |
|             Loss/Loss_state_action_to_state |          0.0084 |
|                           Loss/Act_rep_loss |          0.0454 |
|                                   SAC/Alpha |         0.00764 |
|                              SAC/LogPi_mean |           0.558 |
|                                 SAC/Q1_mean |            85.4 |
|                                 SAC/Q2_mean |            85.3 |
|                            Norm/actor_model |             115 |
|                           Norm/critic_model |             209 |
|              Norm/state_action_metric_model |            52.3 |
|                     Norm/state_metric_model |            50.5 |
|        Norm/state_action_state_metric_model |            48.1 |
|                  Metric/self_state_distance |         0.00507 |
|                 Metric/cross_state_distance |            2.24 |
|           Metric/self_state_action_distance |          0.0112 |
|          Metric/cross_state_action_distance |            2.63 |
|             Metric/avg_self_state_asymmetry |               0 |
|            Metric/avg_cross_state_asymmetry |          0.0188 |
|                Metric/avg_self_sa_asymmetry |               0 |
|               Metric/avg_cross_sa_asymmetry |          0.0239 |
|  Metric/self_state_action_to_state_distance |         0.00604 |
| Metric/cross_state_action_to_state_distance |            2.62 |
|                   Metric/h_lambda_diff_self |         0.00603 |
|                  Metric/h_lambda_diff_cross |          0.0325 |
|                                 Eval/Return |           1e+03 |
-----------------------------------------------------------------
-----------------------------------------------------------------
|                                 Train/Steps |        1.03e+06 |
|                            Loss/Loss_critic |          0.0729 |
|                             Loss/Loss_actor |           -85.2 |
|                             Loss/Loss_alpha |       -0.000319 |
|               Loss/Loss_state_action_metric |            5.32 |
|                      Loss/Loss_state_metric |            1.26 |
|             Loss/Loss_state_action_to_state |         0.00259 |
|                           Loss/Act_rep_loss |          0.0399 |
|                                   SAC/Alpha |         0.00416 |
|                              SAC/LogPi_mean |           0.556 |
|                                 SAC/Q1_mean |            85.3 |
|                                 SAC/Q2_mean |            85.2 |
|                            Norm/actor_model |             120 |
|                           Norm/critic_model |             215 |
|              Norm/state_action_metric_model |            54.8 |
|                     Norm/state_metric_model |            53.8 |
|        Norm/state_action_state_metric_model |            50.3 |
|                  Metric/self_state_distance |          0.0161 |
|                 Metric/cross_state_distance |            2.09 |
|           Metric/self_state_action_distance |          0.0294 |
|          Metric/cross_state_action_distance |             2.5 |
|             Metric/avg_self_state_asymmetry |               0 |
|            Metric/avg_cross_state_asymmetry |          0.0264 |
|                Metric/avg_self_sa_asymmetry |               0 |
|               Metric/avg_cross_sa_asymmetry |          0.0228 |
|  Metric/self_state_action_to_state_distance |         0.00267 |
| Metric/cross_state_action_to_state_distance |             2.5 |
|                   Metric/h_lambda_diff_self |          0.0268 |
|                  Metric/h_lambda_diff_cross |          0.0337 |
|                                 Eval/Return |           1e+03 |
-----------------------------------------------------------------
[32mSaving model …[0m
[32mDone.[0m
[32mSaving model …[0m
[32mDone.[0m
-----------------------------------------------------------------
|                                 Train/Steps |        1.16e+06 |
|                            Loss/Loss_critic |           0.127 |
|                             Loss/Loss_actor |           -87.9 |
|                             Loss/Loss_alpha |        0.000402 |
|               Loss/Loss_state_action_metric |            5.01 |
|                      Loss/Loss_state_metric |             1.2 |
|             Loss/Loss_state_action_to_state |         0.00356 |
|                           Loss/Act_rep_loss |          0.0346 |
|                                   SAC/Alpha |         0.00421 |
|                              SAC/LogPi_mean |           0.421 |
|                                 SAC/Q1_mean |            87.9 |
|                                 SAC/Q2_mean |            87.9 |
|                            Norm/actor_model |             125 |
|                           Norm/critic_model |             220 |
|              Norm/state_action_metric_model |            57.3 |
|                     Norm/state_metric_model |            57.5 |
|        Norm/state_action_state_metric_model |            52.5 |
|                  Metric/self_state_distance |          0.0118 |
|                 Metric/cross_state_distance |            2.01 |
|           Metric/self_state_action_distance |          0.0327 |
|          Metric/cross_state_action_distance |            2.33 |
|             Metric/avg_self_state_asymmetry |               0 |
|            Metric/avg_cross_state_asymmetry |          0.0242 |
|                Metric/avg_self_sa_asymmetry |               0 |
|               Metric/avg_cross_sa_asymmetry |            0.02 |
|  Metric/self_state_action_to_state_distance |         0.00406 |
| Metric/cross_state_action_to_state_distance |            2.31 |
|                   Metric/h_lambda_diff_self |          0.0287 |
|                  Metric/h_lambda_diff_cross |          0.0398 |
|                                 Eval/Return |           1e+03 |
-----------------------------------------------------------------
-----------------------------------------------------------------
|                                 Train/Steps |        1.29e+06 |
|                            Loss/Loss_critic |          0.0336 |
|                             Loss/Loss_actor |           -90.1 |
|                             Loss/Loss_alpha |        8.06e-05 |
|               Loss/Loss_state_action_metric |            4.05 |
|                      Loss/Loss_state_metric |            1.06 |
|             Loss/Loss_state_action_to_state |         0.00389 |
|                           Loss/Act_rep_loss |          0.0788 |
|                                   SAC/Alpha |         0.00402 |
|                              SAC/LogPi_mean |           0.494 |
|                                 SAC/Q1_mean |            90.1 |
|                                 SAC/Q2_mean |            90.1 |
|                            Norm/actor_model |             131 |
|                           Norm/critic_model |             225 |
|              Norm/state_action_metric_model |            59.9 |
|                     Norm/state_metric_model |            60.3 |
|        Norm/state_action_state_metric_model |            54.7 |
|                  Metric/self_state_distance |          0.0124 |
|                 Metric/cross_state_distance |            1.82 |
|           Metric/self_state_action_distance |           0.023 |
|          Metric/cross_state_action_distance |            2.04 |
|             Metric/avg_self_state_asymmetry |               0 |
|            Metric/avg_cross_state_asymmetry |           0.014 |
|                Metric/avg_self_sa_asymmetry |               0 |
|               Metric/avg_cross_sa_asymmetry |          0.0162 |
|  Metric/self_state_action_to_state_distance |           0.016 |
| Metric/cross_state_action_to_state_distance |            2.05 |
|                   Metric/h_lambda_diff_self |          0.0165 |
|                  Metric/h_lambda_diff_cross |          0.0215 |
|                                 Eval/Return |           1e+03 |
-----------------------------------------------------------------
-----------------------------------------------------------------
|                                 Train/Steps |        1.42e+06 |
|                            Loss/Loss_critic |          0.0765 |
|                             Loss/Loss_actor |             -92 |
|                             Loss/Loss_alpha |        0.000223 |
|               Loss/Loss_state_action_metric |             3.3 |
|                      Loss/Loss_state_metric |           0.861 |
|             Loss/Loss_state_action_to_state |         0.00315 |
|                           Loss/Act_rep_loss |          0.0505 |
|                                   SAC/Alpha |         0.00497 |
|                              SAC/LogPi_mean |           0.447 |
|                                 SAC/Q1_mean |              92 |
|                                 SAC/Q2_mean |              92 |
|                            Norm/actor_model |             135 |
|                           Norm/critic_model |             229 |
|              Norm/state_action_metric_model |            62.1 |
|                     Norm/state_metric_model |            63.7 |
|        Norm/state_action_state_metric_model |            56.7 |
|                  Metric/self_state_distance |          0.0227 |
|                 Metric/cross_state_distance |            1.68 |
|           Metric/self_state_action_distance |          0.0119 |
|          Metric/cross_state_action_distance |            1.86 |
|             Metric/avg_self_state_asymmetry |               0 |
|            Metric/avg_cross_state_asymmetry |          0.0174 |
|                Metric/avg_self_sa_asymmetry |               0 |
|               Metric/avg_cross_sa_asymmetry |          0.0187 |
|  Metric/self_state_action_to_state_distance |         0.00353 |
| Metric/cross_state_action_to_state_distance |            1.86 |
|                   Metric/h_lambda_diff_self |          0.0092 |
|                  Metric/h_lambda_diff_cross |          0.0221 |
|                                 Eval/Return |           1e+03 |
-----------------------------------------------------------------
-----------------------------------------------------------------
|                                 Train/Steps |        1.54e+06 |
|                            Loss/Loss_critic |           0.664 |
|                             Loss/Loss_actor |           -90.6 |
|                             Loss/Loss_alpha |        -0.00176 |
|               Loss/Loss_state_action_metric |            4.57 |
|                      Loss/Loss_state_metric |            1.08 |
|             Loss/Loss_state_action_to_state |         0.00242 |
|                           Loss/Act_rep_loss |          0.0643 |
|                                   SAC/Alpha |         0.00359 |
|                              SAC/LogPi_mean |           0.929 |
|                                 SAC/Q1_mean |            90.5 |
|                                 SAC/Q2_mean |            90.6 |
|                            Norm/actor_model |             139 |
|                           Norm/critic_model |             233 |
|              Norm/state_action_metric_model |            64.8 |
|                     Norm/state_metric_model |            66.3 |
|        Norm/state_action_state_metric_model |            59.2 |
|                  Metric/self_state_distance |         0.00473 |
|                 Metric/cross_state_distance |            1.87 |
|           Metric/self_state_action_distance |          0.0201 |
|          Metric/cross_state_action_distance |            2.07 |
|             Metric/avg_self_state_asymmetry |               0 |
|            Metric/avg_cross_state_asymmetry |          0.0179 |
|                Metric/avg_self_sa_asymmetry |               0 |
|               Metric/avg_cross_sa_asymmetry |          0.0113 |
|  Metric/self_state_action_to_state_distance |         0.00173 |
| Metric/cross_state_action_to_state_distance |            2.08 |
|                   Metric/h_lambda_diff_self |          0.0184 |
|                  Metric/h_lambda_diff_cross |          0.0181 |
|                                 Eval/Return |           1e+03 |
-----------------------------------------------------------------
-----------------------------------------------------------------
|                                 Train/Steps |        1.67e+06 |
|                            Loss/Loss_critic |           0.145 |
|                             Loss/Loss_actor |           -92.5 |
|                             Loss/Loss_alpha |        -0.00033 |
|               Loss/Loss_state_action_metric |            4.29 |
|                      Loss/Loss_state_metric |            1.07 |
|             Loss/Loss_state_action_to_state |         0.00292 |
|                           Loss/Act_rep_loss |          0.0367 |
|                                   SAC/Alpha |         0.00353 |
|                              SAC/LogPi_mean |           0.608 |
|                                 SAC/Q1_mean |            92.5 |
|                                 SAC/Q2_mean |            92.5 |
|                            Norm/actor_model |             143 |
|                           Norm/critic_model |             236 |
|              Norm/state_action_metric_model |            66.7 |
|                     Norm/state_metric_model |            69.5 |
|        Norm/state_action_state_metric_model |            60.6 |
|                  Metric/self_state_distance |         0.00731 |
|                 Metric/cross_state_distance |            1.85 |
|           Metric/self_state_action_distance |          0.0169 |
|          Metric/cross_state_action_distance |            2.05 |
|             Metric/avg_self_state_asymmetry |               0 |
|            Metric/avg_cross_state_asymmetry |           0.017 |
|                Metric/avg_self_sa_asymmetry |               0 |
|               Metric/avg_cross_sa_asymmetry |           0.013 |
|  Metric/self_state_action_to_state_distance |        0.000712 |
| Metric/cross_state_action_to_state_distance |            2.03 |
|                   Metric/h_lambda_diff_self |          0.0162 |
|                  Metric/h_lambda_diff_cross |          0.0247 |
|                                 Eval/Return |           1e+03 |
-----------------------------------------------------------------
-----------------------------------------------------------------
|                                 Train/Steps |         1.8e+06 |
|                            Loss/Loss_critic |          0.0477 |
|                             Loss/Loss_actor |           -92.3 |
|                             Loss/Loss_alpha |        0.000188 |
|               Loss/Loss_state_action_metric |            3.71 |
|                      Loss/Loss_state_metric |           0.914 |
|             Loss/Loss_state_action_to_state |         0.00436 |
|                           Loss/Act_rep_loss |          0.0398 |
|                                   SAC/Alpha |         0.00294 |
|                              SAC/LogPi_mean |           0.527 |
|                                 SAC/Q1_mean |            92.3 |
|                                 SAC/Q2_mean |            92.3 |
|                            Norm/actor_model |             146 |
|                           Norm/critic_model |             240 |
|              Norm/state_action_metric_model |              69 |
|                     Norm/state_metric_model |            72.1 |
|        Norm/state_action_state_metric_model |            62.4 |
|                  Metric/self_state_distance |          0.0134 |
|                 Metric/cross_state_distance |            1.74 |
|           Metric/self_state_action_distance |          0.0423 |
|          Metric/cross_state_action_distance |            1.89 |
|             Metric/avg_self_state_asymmetry |               0 |
|            Metric/avg_cross_state_asymmetry |          0.0148 |
|                Metric/avg_self_sa_asymmetry |               0 |
|               Metric/avg_cross_sa_asymmetry |           0.015 |
|  Metric/self_state_action_to_state_distance |         0.00104 |
| Metric/cross_state_action_to_state_distance |            1.88 |
|                   Metric/h_lambda_diff_self |          0.0413 |
|                  Metric/h_lambda_diff_cross |          0.0215 |
|                                 Eval/Return |           1e+03 |
-----------------------------------------------------------------
-----------------------------------------------------------------
|                                 Train/Steps |        1.93e+06 |
|                            Loss/Loss_critic |           0.108 |
|                             Loss/Loss_actor |           -94.1 |
|                             Loss/Loss_alpha |       -6.16e-05 |
|               Loss/Loss_state_action_metric |            3.04 |
|                      Loss/Loss_state_metric |           0.745 |
|             Loss/Loss_state_action_to_state |          0.0022 |
|                           Loss/Act_rep_loss |          0.0751 |
|                                   SAC/Alpha |         0.00239 |
|                              SAC/LogPi_mean |           0.609 |
|                                 SAC/Q1_mean |              94 |
|                                 SAC/Q2_mean |            94.1 |
|                            Norm/actor_model |             149 |
|                           Norm/critic_model |             243 |
|              Norm/state_action_metric_model |            71.3 |
|                     Norm/state_metric_model |            74.9 |
|        Norm/state_action_state_metric_model |            64.3 |
|                  Metric/self_state_distance |         0.00795 |
|                 Metric/cross_state_distance |            1.59 |
|           Metric/self_state_action_distance |          0.0126 |
|          Metric/cross_state_action_distance |            1.71 |
|             Metric/avg_self_state_asymmetry |               0 |
|            Metric/avg_cross_state_asymmetry |          0.0169 |
|                Metric/avg_self_sa_asymmetry |               0 |
|               Metric/avg_cross_sa_asymmetry |          0.0145 |
|  Metric/self_state_action_to_state_distance |          0.0012 |
| Metric/cross_state_action_to_state_distance |            1.71 |
|                   Metric/h_lambda_diff_self |          0.0114 |
|                  Metric/h_lambda_diff_cross |          0.0131 |
|                                 Eval/Return |           1e+03 |
-----------------------------------------------------------------
-----------------------------------------------------------------
|                                 Train/Steps |        2.06e+06 |
|                            Loss/Loss_critic |          0.0426 |
|                             Loss/Loss_actor |           -93.8 |
|                             Loss/Loss_alpha |       -2.06e-05 |
|               Loss/Loss_state_action_metric |            3.32 |
|                      Loss/Loss_state_metric |           0.748 |
|             Loss/Loss_state_action_to_state |         0.00361 |
|                           Loss/Act_rep_loss |          0.0679 |
|                                   SAC/Alpha |         0.00234 |
|                              SAC/LogPi_mean |           0.521 |
|                                 SAC/Q1_mean |            93.8 |
|                                 SAC/Q2_mean |            93.8 |
|                            Norm/actor_model |             152 |
|                           Norm/critic_model |             246 |
|              Norm/state_action_metric_model |            73.6 |
|                     Norm/state_metric_model |            77.2 |
|        Norm/state_action_state_metric_model |            65.8 |
|                  Metric/self_state_distance |          0.0166 |
|                 Metric/cross_state_distance |            1.65 |
|           Metric/self_state_action_distance |         0.00464 |
|          Metric/cross_state_action_distance |            1.79 |
|             Metric/avg_self_state_asymmetry |               0 |
|            Metric/avg_cross_state_asymmetry |         0.00979 |
|                Metric/avg_self_sa_asymmetry |               0 |
|               Metric/avg_cross_sa_asymmetry |          0.0146 |
|  Metric/self_state_action_to_state_distance |         0.00219 |
| Metric/cross_state_action_to_state_distance |            1.79 |
|                   Metric/h_lambda_diff_self |         0.00279 |
|                  Metric/h_lambda_diff_cross |          0.0169 |
|                                 Eval/Return |           1e+03 |
-----------------------------------------------------------------
[32mSaving model …[0m
[32mDone.[0m
[32mSaving model …[0m
[32mDone.[0m
-----------------------------------------------------------------
|                                 Train/Steps |        2.18e+06 |
|                            Loss/Loss_critic |           0.707 |
|                             Loss/Loss_actor |           -94.2 |
|                             Loss/Loss_alpha |        -0.00156 |
|               Loss/Loss_state_action_metric |            2.72 |
|                      Loss/Loss_state_metric |           0.694 |
|             Loss/Loss_state_action_to_state |         0.00662 |
|                           Loss/Act_rep_loss |          0.0626 |
|                                   SAC/Alpha |         0.00367 |
|                              SAC/LogPi_mean |           0.962 |
|                                 SAC/Q1_mean |            94.2 |
|                                 SAC/Q2_mean |            94.2 |
|                            Norm/actor_model |             155 |
|                           Norm/critic_model |             250 |
|              Norm/state_action_metric_model |            75.6 |
|                     Norm/state_metric_model |            79.7 |
|        Norm/state_action_state_metric_model |            67.5 |
|                  Metric/self_state_distance |         0.00593 |
|                 Metric/cross_state_distance |            1.53 |
|           Metric/self_state_action_distance |         0.00559 |
|          Metric/cross_state_action_distance |            1.66 |
|             Metric/avg_self_state_asymmetry |               0 |
|            Metric/avg_cross_state_asymmetry |           0.011 |
|                Metric/avg_self_sa_asymmetry |               0 |
|               Metric/avg_cross_sa_asymmetry |         0.00906 |
|  Metric/self_state_action_to_state_distance |        0.000241 |
| Metric/cross_state_action_to_state_distance |            1.65 |
|                   Metric/h_lambda_diff_self |         0.00535 |
|                  Metric/h_lambda_diff_cross |          0.0256 |
|                                 Eval/Return |           1e+03 |
-----------------------------------------------------------------
-----------------------------------------------------------------
|                                 Train/Steps |        2.31e+06 |
|                            Loss/Loss_critic |          0.0791 |
|                             Loss/Loss_actor |           -95.7 |
|                             Loss/Loss_alpha |       -0.000247 |
|               Loss/Loss_state_action_metric |            2.13 |
|                      Loss/Loss_state_metric |            0.52 |
|             Loss/Loss_state_action_to_state |         0.00229 |
|                           Loss/Act_rep_loss |          0.0725 |
|                                   SAC/Alpha |         0.00273 |
|                              SAC/LogPi_mean |           0.543 |
|                                 SAC/Q1_mean |            95.7 |
|                                 SAC/Q2_mean |            95.7 |
|                            Norm/actor_model |             157 |
|                           Norm/critic_model |             253 |
|              Norm/state_action_metric_model |            77.8 |
|                     Norm/state_metric_model |            82.6 |
|        Norm/state_action_state_metric_model |            69.3 |
|                  Metric/self_state_distance |         0.00574 |
|                 Metric/cross_state_distance |             1.4 |
|           Metric/self_state_action_distance |         0.00245 |
|          Metric/cross_state_action_distance |            1.48 |
|             Metric/avg_self_state_asymmetry |               0 |
|            Metric/avg_cross_state_asymmetry |          0.0105 |
|                Metric/avg_self_sa_asymmetry |               0 |
|               Metric/avg_cross_sa_asymmetry |          0.0128 |
|  Metric/self_state_action_to_state_distance |        4.85e-05 |
| Metric/cross_state_action_to_state_distance |            1.47 |
|                   Metric/h_lambda_diff_self |          0.0024 |
|                  Metric/h_lambda_diff_cross |          0.0155 |
|                                 Eval/Return |           1e+03 |
-----------------------------------------------------------------
-----------------------------------------------------------------
|                                 Train/Steps |        2.44e+06 |
|                            Loss/Loss_critic |          0.0224 |
|                             Loss/Loss_actor |             -95 |
|                             Loss/Loss_alpha |        0.000171 |
|               Loss/Loss_state_action_metric |            2.92 |
|                      Loss/Loss_state_metric |           0.691 |
|             Loss/Loss_state_action_to_state |         0.00414 |
|                           Loss/Act_rep_loss |           0.072 |
|                                   SAC/Alpha |         0.00321 |
|                              SAC/LogPi_mean |           0.428 |
|                                 SAC/Q1_mean |            95.1 |
|                                 SAC/Q2_mean |              95 |
|                            Norm/actor_model |             159 |
|                           Norm/critic_model |             257 |
|              Norm/state_action_metric_model |              80 |
|                     Norm/state_metric_model |            85.9 |
|        Norm/state_action_state_metric_model |            70.9 |
|                  Metric/self_state_distance |         0.00322 |
|                 Metric/cross_state_distance |            1.53 |
|           Metric/self_state_action_distance |          0.0076 |
|          Metric/cross_state_action_distance |            1.63 |
|             Metric/avg_self_state_asymmetry |               0 |
|            Metric/avg_cross_state_asymmetry |            0.01 |
|                Metric/avg_self_sa_asymmetry |               0 |
|               Metric/avg_cross_sa_asymmetry |          0.0127 |
|  Metric/self_state_action_to_state_distance |        0.000153 |
| Metric/cross_state_action_to_state_distance |            1.62 |
|                   Metric/h_lambda_diff_self |         0.00745 |
|                  Metric/h_lambda_diff_cross |          0.0117 |
|                                 Eval/Return |           1e+03 |
-----------------------------------------------------------------
-----------------------------------------------------------------
|                                 Train/Steps |        2.57e+06 |
|                            Loss/Loss_critic |          0.0888 |
|                             Loss/Loss_actor |           -95.7 |
|                             Loss/Loss_alpha |        0.000373 |
|               Loss/Loss_state_action_metric |            2.03 |
|                      Loss/Loss_state_metric |           0.493 |
|             Loss/Loss_state_action_to_state |         0.00253 |
|                           Loss/Act_rep_loss |          0.0808 |
|                                   SAC/Alpha |         0.00261 |
|                              SAC/LogPi_mean |           0.273 |
|                                 SAC/Q1_mean |            95.7 |
|                                 SAC/Q2_mean |            95.7 |
|                            Norm/actor_model |             161 |
|                           Norm/critic_model |             261 |
|              Norm/state_action_metric_model |            82.2 |
|                     Norm/state_metric_model |            88.1 |
|        Norm/state_action_state_metric_model |            72.7 |
|                  Metric/self_state_distance |          0.0126 |
|                 Metric/cross_state_distance |            1.38 |
|           Metric/self_state_action_distance |         0.00312 |
|          Metric/cross_state_action_distance |            1.44 |
|             Metric/avg_self_state_asymmetry |               0 |
|            Metric/avg_cross_state_asymmetry |          0.0114 |
|                Metric/avg_self_sa_asymmetry |               0 |
|               Metric/avg_cross_sa_asymmetry |          0.0104 |
|  Metric/self_state_action_to_state_distance |        0.000805 |
| Metric/cross_state_action_to_state_distance |            1.44 |
|                   Metric/h_lambda_diff_self |         0.00233 |
|                  Metric/h_lambda_diff_cross |          0.0216 |
|                                 Eval/Return |           1e+03 |
-----------------------------------------------------------------
-----------------------------------------------------------------
|                                 Train/Steps |         2.7e+06 |
|                            Loss/Loss_critic |          0.0371 |
|                             Loss/Loss_actor |           -96.1 |
|                             Loss/Loss_alpha |        0.000182 |
|               Loss/Loss_state_action_metric |            1.91 |
|                      Loss/Loss_state_metric |           0.473 |
|             Loss/Loss_state_action_to_state |         0.00239 |
|                           Loss/Act_rep_loss |          0.0802 |
|                                   SAC/Alpha |          0.0021 |
|                              SAC/LogPi_mean |           0.425 |
|                                 SAC/Q1_mean |            96.1 |
|                                 SAC/Q2_mean |            96.1 |
|                            Norm/actor_model |             164 |
|                           Norm/critic_model |             263 |
|              Norm/state_action_metric_model |            84.3 |
|                     Norm/state_metric_model |            90.9 |
|        Norm/state_action_state_metric_model |            74.4 |
|                  Metric/self_state_distance |         0.00195 |
|                 Metric/cross_state_distance |            1.36 |
|           Metric/self_state_action_distance |         0.00216 |
|          Metric/cross_state_action_distance |             1.4 |
|             Metric/avg_self_state_asymmetry |               0 |
|            Metric/avg_cross_state_asymmetry |         0.00877 |
|                Metric/avg_self_sa_asymmetry |               0 |
|               Metric/avg_cross_sa_asymmetry |         0.00823 |
|  Metric/self_state_action_to_state_distance |         0.00231 |
| Metric/cross_state_action_to_state_distance |            1.41 |
|                   Metric/h_lambda_diff_self |         0.00157 |
|                  Metric/h_lambda_diff_cross |          0.0108 |
|                                 Eval/Return |             811 |
-----------------------------------------------------------------
-----------------------------------------------------------------
|                                 Train/Steps |        2.82e+06 |
|                            Loss/Loss_critic |          0.0415 |
|                             Loss/Loss_actor |           -95.3 |
|                             Loss/Loss_alpha |       -0.000397 |
|               Loss/Loss_state_action_metric |            2.56 |
|                      Loss/Loss_state_metric |           0.574 |
|             Loss/Loss_state_action_to_state |         0.00193 |
|                           Loss/Act_rep_loss |          0.0693 |
|                                   SAC/Alpha |         0.00334 |
|                              SAC/LogPi_mean |           0.633 |
|                                 SAC/Q1_mean |            95.3 |
|                                 SAC/Q2_mean |            95.2 |
|                            Norm/actor_model |             166 |
|                           Norm/critic_model |             266 |
|              Norm/state_action_metric_model |            86.3 |
|                     Norm/state_metric_model |            93.5 |
|        Norm/state_action_state_metric_model |            75.9 |
|                  Metric/self_state_distance |         0.00112 |
|                 Metric/cross_state_distance |            1.45 |
|           Metric/self_state_action_distance |         0.00672 |
|          Metric/cross_state_action_distance |            1.55 |
|             Metric/avg_self_state_asymmetry |               0 |
|            Metric/avg_cross_state_asymmetry |           0.015 |
|                Metric/avg_self_sa_asymmetry |               0 |
|               Metric/avg_cross_sa_asymmetry |          0.0101 |
|  Metric/self_state_action_to_state_distance |          0.0014 |
| Metric/cross_state_action_to_state_distance |            1.55 |
|                   Metric/h_lambda_diff_self |         0.00557 |
|                  Metric/h_lambda_diff_cross |         0.00987 |
|                                 Eval/Return |           1e+03 |
-----------------------------------------------------------------
-----------------------------------------------------------------
|                                 Train/Steps |        2.95e+06 |
|                            Loss/Loss_critic |          0.0281 |
|                             Loss/Loss_actor |             -96 |
|                             Loss/Loss_alpha |        0.000383 |
|               Loss/Loss_state_action_metric |            2.03 |
|                      Loss/Loss_state_metric |           0.405 |
|             Loss/Loss_state_action_to_state |         0.00179 |
|                           Loss/Act_rep_loss |          0.0644 |
|                                   SAC/Alpha |         0.00274 |
|                              SAC/LogPi_mean |           0.564 |
|                                 SAC/Q1_mean |            96.1 |
|                                 SAC/Q2_mean |              96 |
|                            Norm/actor_model |             168 |
|                           Norm/critic_model |             269 |
|              Norm/state_action_metric_model |            88.2 |
|                     Norm/state_metric_model |            96.2 |
|        Norm/state_action_state_metric_model |            77.6 |
|                  Metric/self_state_distance |         0.00172 |
|                 Metric/cross_state_distance |            1.34 |
|           Metric/self_state_action_distance |         0.00863 |
|          Metric/cross_state_action_distance |            1.43 |
|             Metric/avg_self_state_asymmetry |               0 |
|            Metric/avg_cross_state_asymmetry |         0.00895 |
|                Metric/avg_self_sa_asymmetry |               0 |
|               Metric/avg_cross_sa_asymmetry |          0.0117 |
|  Metric/self_state_action_to_state_distance |        0.000719 |
| Metric/cross_state_action_to_state_distance |            1.42 |
|                   Metric/h_lambda_diff_self |         0.00791 |
|                  Metric/h_lambda_diff_cross |          0.0226 |
|                                 Eval/Return |           1e+03 |
-----------------------------------------------------------------
-----------------------------------------------------------------
|                                 Train/Steps |        3.08e+06 |
|                            Loss/Loss_critic |           0.132 |
|                             Loss/Loss_actor |           -95.7 |
|                             Loss/Loss_alpha |        9.46e-05 |
|               Loss/Loss_state_action_metric |             2.6 |
|                      Loss/Loss_state_metric |            0.58 |
|             Loss/Loss_state_action_to_state |        0.000827 |
|                           Loss/Act_rep_loss |          0.0842 |
|                                   SAC/Alpha |         0.00142 |
|                              SAC/LogPi_mean |           0.478 |
|                                 SAC/Q1_mean |            95.7 |
|                                 SAC/Q2_mean |            95.7 |
|                            Norm/actor_model |             170 |
|                           Norm/critic_model |             272 |
|              Norm/state_action_metric_model |            90.2 |
|                     Norm/state_metric_model |            98.4 |
|        Norm/state_action_state_metric_model |            79.2 |
|                  Metric/self_state_distance |        0.000691 |
|                 Metric/cross_state_distance |            1.44 |
|           Metric/self_state_action_distance |         0.00391 |
|          Metric/cross_state_action_distance |            1.52 |
|             Metric/avg_self_state_asymmetry |               0 |
|            Metric/avg_cross_state_asymmetry |         0.00913 |
|                Metric/avg_self_sa_asymmetry |               0 |
|               Metric/avg_cross_sa_asymmetry |         0.00709 |
|  Metric/self_state_action_to_state_distance |         0.00272 |
| Metric/cross_state_action_to_state_distance |            1.53 |
|                   Metric/h_lambda_diff_self |         0.00226 |
|                  Metric/h_lambda_diff_cross |          0.0148 |
|                                 Eval/Return |           1e+03 |
-----------------------------------------------------------------
[32mSaving model …[0m
[32mDone.[0m
[32mSaving model …[0m
[32mDone.[0m
-----------------------------------------------------------------
|                                 Train/Steps |        3.21e+06 |
|                            Loss/Loss_critic |           0.907 |
|                             Loss/Loss_actor |           -94.4 |
|                             Loss/Loss_alpha |       -0.000386 |
|               Loss/Loss_state_action_metric |             2.2 |
|                      Loss/Loss_state_metric |           0.552 |
|             Loss/Loss_state_action_to_state |         0.00268 |
|                           Loss/Act_rep_loss |          0.0778 |
|                                   SAC/Alpha |         0.00178 |
|                              SAC/LogPi_mean |           0.623 |
|                                 SAC/Q1_mean |            94.3 |
|                                 SAC/Q2_mean |            94.3 |
|                            Norm/actor_model |             172 |
|                           Norm/critic_model |             275 |
|              Norm/state_action_metric_model |            92.3 |
|                     Norm/state_metric_model |             101 |
|        Norm/state_action_state_metric_model |              81 |
|                  Metric/self_state_distance |         0.00121 |
|                 Metric/cross_state_distance |            1.43 |
|           Metric/self_state_action_distance |         0.00302 |
|          Metric/cross_state_action_distance |            1.51 |
|             Metric/avg_self_state_asymmetry |               0 |
|            Metric/avg_cross_state_asymmetry |          0.0112 |
|                Metric/avg_self_sa_asymmetry |               0 |
|               Metric/avg_cross_sa_asymmetry |          0.0112 |
|  Metric/self_state_action_to_state_distance |         0.00089 |
| Metric/cross_state_action_to_state_distance |            1.51 |
|                   Metric/h_lambda_diff_self |         0.00214 |
|                  Metric/h_lambda_diff_cross |          0.0167 |
|                                 Eval/Return |           1e+03 |
-----------------------------------------------------------------
-----------------------------------------------------------------
|                                 Train/Steps |        3.34e+06 |
|                            Loss/Loss_critic |          0.0169 |
|                             Loss/Loss_actor |           -96.8 |
|                             Loss/Loss_alpha |        0.000262 |
|               Loss/Loss_state_action_metric |            1.82 |
|                      Loss/Loss_state_metric |           0.433 |
|             Loss/Loss_state_action_to_state |        0.000897 |
|                           Loss/Act_rep_loss |          0.0708 |
|                                   SAC/Alpha |         0.00201 |
|                              SAC/LogPi_mean |           0.407 |
|                                 SAC/Q1_mean |            96.8 |
|                                 SAC/Q2_mean |            96.8 |
|                            Norm/actor_model |             174 |
|                           Norm/critic_model |             277 |
|              Norm/state_action_metric_model |            94.1 |
|                     Norm/state_metric_model |             104 |
|        Norm/state_action_state_metric_model |            82.5 |
|                  Metric/self_state_distance |          0.0012 |
|                 Metric/cross_state_distance |            1.31 |
|           Metric/self_state_action_distance |         0.00918 |
|          Metric/cross_state_action_distance |            1.37 |
|             Metric/avg_self_state_asymmetry |               0 |
|            Metric/avg_cross_state_asymmetry |         0.00906 |
|                Metric/avg_self_sa_asymmetry |               0 |
|               Metric/avg_cross_sa_asymmetry |          0.0071 |
|  Metric/self_state_action_to_state_distance |         0.00292 |
| Metric/cross_state_action_to_state_distance |            1.36 |
|                   Metric/h_lambda_diff_self |         0.00633 |
|                  Metric/h_lambda_diff_cross |         0.00936 |
|                                 Eval/Return |           1e+03 |
-----------------------------------------------------------------
-----------------------------------------------------------------
|                                 Train/Steps |        3.46e+06 |
|                            Loss/Loss_critic |          0.0672 |
|                             Loss/Loss_actor |           -96.1 |
|                             Loss/Loss_alpha |        -0.00057 |
|               Loss/Loss_state_action_metric |            1.93 |
|                      Loss/Loss_state_metric |           0.452 |
|             Loss/Loss_state_action_to_state |        0.000731 |
|                           Loss/Act_rep_loss |           0.055 |
|                                   SAC/Alpha |         0.00194 |
|                              SAC/LogPi_mean |           0.792 |
|                                 SAC/Q1_mean |            96.1 |
|                                 SAC/Q2_mean |            96.2 |
|                            Norm/actor_model |             175 |
|                           Norm/critic_model |             279 |
|              Norm/state_action_metric_model |              96 |
|                     Norm/state_metric_model |             107 |
|        Norm/state_action_state_metric_model |              84 |
|                  Metric/self_state_distance |        0.000323 |
|                 Metric/cross_state_distance |            1.33 |
|           Metric/self_state_action_distance |          0.0199 |
|          Metric/cross_state_action_distance |            1.44 |
|             Metric/avg_self_state_asymmetry |               0 |
|            Metric/avg_cross_state_asymmetry |          0.0102 |
|                Metric/avg_self_sa_asymmetry |               0 |
|               Metric/avg_cross_sa_asymmetry |          0.0088 |
|  Metric/self_state_action_to_state_distance |        0.000286 |
| Metric/cross_state_action_to_state_distance |             1.4 |
|                   Metric/h_lambda_diff_self |          0.0196 |
|                  Metric/h_lambda_diff_cross |          0.0368 |
|                                 Eval/Return |           1e+03 |
-----------------------------------------------------------------
-----------------------------------------------------------------
|                                 Train/Steps |        3.59e+06 |
|                            Loss/Loss_critic |           0.558 |
|                             Loss/Loss_actor |           -96.4 |
|                             Loss/Loss_alpha |       -0.000396 |
|               Loss/Loss_state_action_metric |            2.18 |
|                      Loss/Loss_state_metric |           0.536 |
|             Loss/Loss_state_action_to_state |        0.000358 |
|                           Loss/Act_rep_loss |          0.0787 |
|                                   SAC/Alpha |         0.00139 |
|                              SAC/LogPi_mean |           0.872 |
|                                 SAC/Q1_mean |            96.4 |
|                                 SAC/Q2_mean |            96.4 |
|                            Norm/actor_model |             177 |
|                           Norm/critic_model |             281 |
|              Norm/state_action_metric_model |            98.1 |
|                     Norm/state_metric_model |             109 |
|        Norm/state_action_state_metric_model |            85.4 |
|                  Metric/self_state_distance |         0.00539 |
|                 Metric/cross_state_distance |            1.39 |
|           Metric/self_state_action_distance |        0.000734 |
|          Metric/cross_state_action_distance |            1.46 |
|             Metric/avg_self_state_asymmetry |               0 |
|            Metric/avg_cross_state_asymmetry |         0.00938 |
|                Metric/avg_self_sa_asymmetry |               0 |
|               Metric/avg_cross_sa_asymmetry |         0.00561 |
|  Metric/self_state_action_to_state_distance |        9.34e-06 |
| Metric/cross_state_action_to_state_distance |            1.45 |
|                   Metric/h_lambda_diff_self |        0.000736 |
|                  Metric/h_lambda_diff_cross |         0.00738 |
|                                 Eval/Return |           1e+03 |
-----------------------------------------------------------------
-----------------------------------------------------------------
|                                 Train/Steps |        3.72e+06 |
|                            Loss/Loss_critic |          0.0371 |
|                             Loss/Loss_actor |           -95.8 |
|                             Loss/Loss_alpha |        0.000248 |
|               Loss/Loss_state_action_metric |            2.09 |
|                      Loss/Loss_state_metric |           0.478 |
|             Loss/Loss_state_action_to_state |        0.000803 |
|                           Loss/Act_rep_loss |          0.0867 |
|                                   SAC/Alpha |         0.00141 |
|                              SAC/LogPi_mean |           0.295 |
|                                 SAC/Q1_mean |            95.8 |
|                                 SAC/Q2_mean |            95.9 |
|                            Norm/actor_model |             178 |
|                           Norm/critic_model |             284 |
|              Norm/state_action_metric_model |             100 |
|                     Norm/state_metric_model |             111 |
|        Norm/state_action_state_metric_model |            86.9 |
|                  Metric/self_state_distance |        0.000251 |
|                 Metric/cross_state_distance |            1.37 |
|           Metric/self_state_action_distance |         0.00498 |
|          Metric/cross_state_action_distance |            1.45 |
|             Metric/avg_self_state_asymmetry |               0 |
|            Metric/avg_cross_state_asymmetry |         0.00757 |
|                Metric/avg_self_sa_asymmetry |               0 |
|               Metric/avg_cross_sa_asymmetry |         0.00684 |
|  Metric/self_state_action_to_state_distance |        0.000293 |
| Metric/cross_state_action_to_state_distance |            1.44 |
|                   Metric/h_lambda_diff_self |         0.00469 |
|                  Metric/h_lambda_diff_cross |         0.00896 |
|                                 Eval/Return |           1e+03 |
-----------------------------------------------------------------
-----------------------------------------------------------------
|                                 Train/Steps |        3.85e+06 |
|                            Loss/Loss_critic |          0.0389 |
|                             Loss/Loss_actor |           -96.8 |
|                             Loss/Loss_alpha |        0.000164 |
|               Loss/Loss_state_action_metric |            1.59 |
|                      Loss/Loss_state_metric |           0.375 |
|             Loss/Loss_state_action_to_state |         0.00162 |
|                           Loss/Act_rep_loss |          0.0644 |
|                                   SAC/Alpha |         0.00218 |
|                              SAC/LogPi_mean |           0.338 |
|                                 SAC/Q1_mean |            96.9 |
|                                 SAC/Q2_mean |            96.8 |
|                            Norm/actor_model |             179 |
|                           Norm/critic_model |             287 |
|              Norm/state_action_metric_model |             102 |
|                     Norm/state_metric_model |             114 |
|        Norm/state_action_state_metric_model |            88.3 |
|                  Metric/self_state_distance |        0.000875 |
|                 Metric/cross_state_distance |            1.29 |
|           Metric/self_state_action_distance |          0.0024 |
|          Metric/cross_state_action_distance |            1.34 |
|             Metric/avg_self_state_asymmetry |               0 |
|            Metric/avg_cross_state_asymmetry |          0.0112 |
|                Metric/avg_self_sa_asymmetry |               0 |
|               Metric/avg_cross_sa_asymmetry |         0.00626 |
|  Metric/self_state_action_to_state_distance |        0.000377 |
| Metric/cross_state_action_to_state_distance |            1.33 |
|                   Metric/h_lambda_diff_self |         0.00203 |
|                  Metric/h_lambda_diff_cross |          0.0112 |
|                                 Eval/Return |           1e+03 |
-----------------------------------------------------------------
-----------------------------------------------------------------
|                                 Train/Steps |        3.98e+06 |
|                            Loss/Loss_critic |          0.0158 |
|                             Loss/Loss_actor |           -97.4 |
|                             Loss/Loss_alpha |        0.000195 |
|               Loss/Loss_state_action_metric |            1.42 |
|                      Loss/Loss_state_metric |           0.338 |
|             Loss/Loss_state_action_to_state |         0.00315 |
|                           Loss/Act_rep_loss |          0.0856 |
|                                   SAC/Alpha |         0.00163 |
|                              SAC/LogPi_mean |           0.384 |
|                                 SAC/Q1_mean |            97.4 |
|                                 SAC/Q2_mean |            97.5 |
|                            Norm/actor_model |             180 |
|                           Norm/critic_model |             290 |
|              Norm/state_action_metric_model |             104 |
|                     Norm/state_metric_model |             116 |
|        Norm/state_action_state_metric_model |            89.9 |
|                  Metric/self_state_distance |        0.000634 |
|                 Metric/cross_state_distance |            1.23 |
|           Metric/self_state_action_distance |         0.00345 |
|          Metric/cross_state_action_distance |            1.28 |
|             Metric/avg_self_state_asymmetry |               0 |
|            Metric/avg_cross_state_asymmetry |         0.00795 |
|                Metric/avg_self_sa_asymmetry |               0 |
|               Metric/avg_cross_sa_asymmetry |         0.00675 |
|  Metric/self_state_action_to_state_distance |        0.000146 |
| Metric/cross_state_action_to_state_distance |            1.28 |
|                   Metric/h_lambda_diff_self |          0.0033 |
|                  Metric/h_lambda_diff_cross |         0.00731 |
|                                 Eval/Return |           1e+03 |
-----------------------------------------------------------------
-----------------------------------------------------------------
|                                 Train/Steps |         4.1e+06 |
|                            Loss/Loss_critic |          0.0105 |
|                             Loss/Loss_actor |           -99.2 |
|                             Loss/Loss_alpha |       -5.18e-05 |
|               Loss/Loss_state_action_metric |           0.677 |
|                      Loss/Loss_state_metric |           0.141 |
|             Loss/Loss_state_action_to_state |         0.00549 |
|                           Loss/Act_rep_loss |             0.1 |
|                                   SAC/Alpha |        0.000845 |
|                              SAC/LogPi_mean |           0.517 |
|                                 SAC/Q1_mean |            99.2 |
|                                 SAC/Q2_mean |            99.2 |
|                            Norm/actor_model |             181 |
|                           Norm/critic_model |             292 |
|              Norm/state_action_metric_model |             105 |
|                     Norm/state_metric_model |             118 |
|        Norm/state_action_state_metric_model |            91.2 |
|                  Metric/self_state_distance |         0.00128 |
|                 Metric/cross_state_distance |            1.07 |
|           Metric/self_state_action_distance |          0.0147 |
|          Metric/cross_state_action_distance |            1.08 |
|             Metric/avg_self_state_asymmetry |               0 |
|            Metric/avg_cross_state_asymmetry |          0.0136 |
|                Metric/avg_self_sa_asymmetry |               0 |
|               Metric/avg_cross_sa_asymmetry |         0.00808 |
|  Metric/self_state_action_to_state_distance |        0.000746 |
| Metric/cross_state_action_to_state_distance |            1.08 |
|                   Metric/h_lambda_diff_self |           0.014 |
|                  Metric/h_lambda_diff_cross |            0.01 |
|                                 Eval/Return |           1e+03 |
-----------------------------------------------------------------
[32mSaving model …[0m
[32mDone.[0m
[32mSaving model …[0m
[32mDone.[0m
-----------------------------------------------------------------
|                                 Train/Steps |        4.23e+06 |
|                            Loss/Loss_critic |          0.0118 |
|                             Loss/Loss_actor |           -99.7 |
|                             Loss/Loss_alpha |        8.47e-05 |
|               Loss/Loss_state_action_metric |           0.189 |
|                      Loss/Loss_state_metric |          0.0277 |
|             Loss/Loss_state_action_to_state |        2.83e-05 |
|                           Loss/Act_rep_loss |           0.167 |
|                                   SAC/Alpha |        0.000675 |
|                              SAC/LogPi_mean |            0.36 |
|                                 SAC/Q1_mean |            99.8 |
|                                 SAC/Q2_mean |            99.7 |
|                            Norm/actor_model |             182 |
|                           Norm/critic_model |             292 |
|              Norm/state_action_metric_model |             106 |
|                     Norm/state_metric_model |             119 |
|        Norm/state_action_state_metric_model |              92 |
|                  Metric/self_state_distance |         0.00732 |
|                 Metric/cross_state_distance |           0.938 |
|           Metric/self_state_action_distance |          0.0157 |
|          Metric/cross_state_action_distance |           0.931 |
|             Metric/avg_self_state_asymmetry |               0 |
|            Metric/avg_cross_state_asymmetry |         0.00394 |
|                Metric/avg_self_sa_asymmetry |               0 |
|               Metric/avg_cross_sa_asymmetry |         0.00513 |
|  Metric/self_state_action_to_state_distance |        2.84e-05 |
| Metric/cross_state_action_to_state_distance |           0.936 |
|                   Metric/h_lambda_diff_self |          0.0157 |
|                  Metric/h_lambda_diff_cross |         0.00529 |
|                                 Eval/Return |             952 |
-----------------------------------------------------------------
-----------------------------------------------------------------
|                                 Train/Steps |        4.36e+06 |
|                            Loss/Loss_critic |          0.0027 |
|                             Loss/Loss_actor |           -99.8 |
|                             Loss/Loss_alpha |       -3.13e-05 |
|               Loss/Loss_state_action_metric |          0.0679 |
|                      Loss/Loss_state_metric |         0.00234 |
|             Loss/Loss_state_action_to_state |        2.43e-05 |
|                           Loss/Act_rep_loss |           0.185 |
|                                   SAC/Alpha |          0.0004 |
|                              SAC/LogPi_mean |           0.597 |
|                                 SAC/Q1_mean |            99.8 |
|                                 SAC/Q2_mean |            99.8 |
|                            Norm/actor_model |             182 |
|                           Norm/critic_model |             292 |
|              Norm/state_action_metric_model |             107 |
|                     Norm/state_metric_model |             120 |
|        Norm/state_action_state_metric_model |            92.7 |
|                  Metric/self_state_distance |          0.0031 |
|                 Metric/cross_state_distance |           0.905 |
|           Metric/self_state_action_distance |         0.00245 |
|          Metric/cross_state_action_distance |           0.884 |
|             Metric/avg_self_state_asymmetry |               0 |
|            Metric/avg_cross_state_asymmetry |         0.00294 |
|                Metric/avg_self_sa_asymmetry |               0 |
|               Metric/avg_cross_sa_asymmetry |         0.00314 |
|  Metric/self_state_action_to_state_distance |        8.84e-05 |
| Metric/cross_state_action_to_state_distance |           0.896 |
|                   Metric/h_lambda_diff_self |         0.00236 |
|                  Metric/h_lambda_diff_cross |          0.0131 |
|                                 Eval/Return |           1e+03 |
-----------------------------------------------------------------
-----------------------------------------------------------------
|                                 Train/Steps |        4.49e+06 |
|                            Loss/Loss_critic |         0.00327 |
|                             Loss/Loss_actor |           -99.8 |
|                             Loss/Loss_alpha |       -7.52e-05 |
|               Loss/Loss_state_action_metric |           0.074 |
|                      Loss/Loss_state_metric |         0.00497 |
|             Loss/Loss_state_action_to_state |        0.000994 |
|                           Loss/Act_rep_loss |           0.131 |
|                                   SAC/Alpha |        0.000763 |
|                              SAC/LogPi_mean |           0.564 |
|                                 SAC/Q1_mean |            99.8 |
|                                 SAC/Q2_mean |            99.8 |
|                            Norm/actor_model |             182 |
|                           Norm/critic_model |             293 |
|              Norm/state_action_metric_model |             108 |
|                     Norm/state_metric_model |             121 |
|        Norm/state_action_state_metric_model |            93.6 |
|                  Metric/self_state_distance |          0.0012 |
|                 Metric/cross_state_distance |           0.937 |
|           Metric/self_state_action_distance |          0.0068 |
|          Metric/cross_state_action_distance |           0.934 |
|             Metric/avg_self_state_asymmetry |               0 |
|            Metric/avg_cross_state_asymmetry |         0.00818 |
|                Metric/avg_self_sa_asymmetry |               0 |
|               Metric/avg_cross_sa_asymmetry |         0.00591 |
|  Metric/self_state_action_to_state_distance |        0.000949 |
| Metric/cross_state_action_to_state_distance |           0.908 |
|                   Metric/h_lambda_diff_self |         0.00597 |
|                  Metric/h_lambda_diff_cross |          0.0261 |
|                                 Eval/Return |           1e+03 |
-----------------------------------------------------------------
-----------------------------------------------------------------
|                                 Train/Steps |        4.62e+06 |
|                            Loss/Loss_critic |           0.005 |
|                             Loss/Loss_actor |           -99.8 |
|                             Loss/Loss_alpha |       -6.45e-07 |
|               Loss/Loss_state_action_metric |          0.0488 |
|                      Loss/Loss_state_metric |          0.0164 |
|             Loss/Loss_state_action_to_state |          0.0036 |
|                           Loss/Act_rep_loss |           0.156 |
|                                   SAC/Alpha |        0.000667 |
|                              SAC/LogPi_mean |           0.463 |
|                                 SAC/Q1_mean |            99.8 |
|                                 SAC/Q2_mean |            99.8 |
|                            Norm/actor_model |             183 |
|                           Norm/critic_model |             293 |
|              Norm/state_action_metric_model |             110 |
|                     Norm/state_metric_model |             122 |
|        Norm/state_action_state_metric_model |            94.3 |
|                  Metric/self_state_distance |         0.00135 |
|                 Metric/cross_state_distance |           0.937 |
|           Metric/self_state_action_distance |         0.00274 |
|          Metric/cross_state_action_distance |            0.92 |
|             Metric/avg_self_state_asymmetry |               0 |
|            Metric/avg_cross_state_asymmetry |         0.00737 |
|                Metric/avg_self_sa_asymmetry |               0 |
|               Metric/avg_cross_sa_asymmetry |         0.00514 |
|  Metric/self_state_action_to_state_distance |         0.00508 |
| Metric/cross_state_action_to_state_distance |           0.922 |
|                   Metric/h_lambda_diff_self |         0.00353 |
|                  Metric/h_lambda_diff_cross |         0.00613 |
|                                 Eval/Return |           1e+03 |
-----------------------------------------------------------------
-----------------------------------------------------------------
|                                 Train/Steps |        4.74e+06 |
|                            Loss/Loss_critic |        0.000843 |
|                             Loss/Loss_actor |           -99.8 |
|                             Loss/Loss_alpha |       -2.78e-05 |
|               Loss/Loss_state_action_metric |         0.00634 |
|                      Loss/Loss_state_metric |         0.00251 |
|             Loss/Loss_state_action_to_state |        0.000116 |
|                           Loss/Act_rep_loss |           0.164 |
|                                   SAC/Alpha |        0.000881 |
|                              SAC/LogPi_mean |            0.52 |
|                                 SAC/Q1_mean |            99.8 |
|                                 SAC/Q2_mean |            99.8 |
|                            Norm/actor_model |             183 |
|                           Norm/critic_model |             293 |
|              Norm/state_action_metric_model |             111 |
|                     Norm/state_metric_model |             124 |
|        Norm/state_action_state_metric_model |            95.5 |
|                  Metric/self_state_distance |        0.000235 |
|                 Metric/cross_state_distance |            0.91 |
|           Metric/self_state_action_distance |        0.000662 |
|          Metric/cross_state_action_distance |             0.9 |
|             Metric/avg_self_state_asymmetry |               0 |
|            Metric/avg_cross_state_asymmetry |         0.00283 |
|                Metric/avg_self_sa_asymmetry |               0 |
|               Metric/avg_cross_sa_asymmetry |         0.00458 |
|  Metric/self_state_action_to_state_distance |        1.11e-05 |
| Metric/cross_state_action_to_state_distance |           0.899 |
|                   Metric/h_lambda_diff_self |        0.000651 |
|                  Metric/h_lambda_diff_cross |         0.00426 |
|                                 Eval/Return |           1e+03 |
-----------------------------------------------------------------
-----------------------------------------------------------------
|                                 Train/Steps |        4.87e+06 |
|                            Loss/Loss_critic |        0.000681 |
|                             Loss/Loss_actor |           -99.9 |
|                             Loss/Loss_alpha |       -2.05e-05 |
|               Loss/Loss_state_action_metric |         0.00574 |
|                      Loss/Loss_state_metric |         0.00176 |
|             Loss/Loss_state_action_to_state |        0.000186 |
|                           Loss/Act_rep_loss |           0.154 |
|                                   SAC/Alpha |        0.000251 |
|                              SAC/LogPi_mean |           0.526 |
|                                 SAC/Q1_mean |            99.9 |
|                                 SAC/Q2_mean |            99.9 |
|                            Norm/actor_model |             183 |
|                           Norm/critic_model |             294 |
|              Norm/state_action_metric_model |             112 |
|                     Norm/state_metric_model |             125 |
|        Norm/state_action_state_metric_model |            96.6 |
|                  Metric/self_state_distance |        0.000647 |
|                 Metric/cross_state_distance |           0.915 |
|           Metric/self_state_action_distance |         0.00143 |
|          Metric/cross_state_action_distance |           0.922 |
|             Metric/avg_self_state_asymmetry |               0 |
|            Metric/avg_cross_state_asymmetry |         0.00405 |
|                Metric/avg_self_sa_asymmetry |               0 |
|               Metric/avg_cross_sa_asymmetry |         0.00477 |
|  Metric/self_state_action_to_state_distance |        0.000449 |
| Metric/cross_state_action_to_state_distance |           0.903 |
|                   Metric/h_lambda_diff_self |         0.00111 |
|                  Metric/h_lambda_diff_cross |          0.0197 |
|                                 Eval/Return |           1e+03 |
-----------------------------------------------------------------
-----------------------------------------------------------------
|                                 Train/Steps |           5e+06 |
|                            Loss/Loss_critic |         0.00258 |
|                             Loss/Loss_actor |           -99.8 |
|                             Loss/Loss_alpha |       -1.15e-06 |
|               Loss/Loss_state_action_metric |           0.262 |
|                      Loss/Loss_state_metric |          0.0263 |
|             Loss/Loss_state_action_to_state |         4.2e-05 |
|                           Loss/Act_rep_loss |           0.154 |
|                                   SAC/Alpha |        0.000224 |
|                              SAC/LogPi_mean |           0.457 |
|                                 SAC/Q1_mean |            99.8 |
|                                 SAC/Q2_mean |            99.8 |
|                            Norm/actor_model |             183 |
|                           Norm/critic_model |             294 |
|              Norm/state_action_metric_model |             113 |
|                     Norm/state_metric_model |             126 |
|        Norm/state_action_state_metric_model |            98.1 |
|                  Metric/self_state_distance |         0.00191 |
|                 Metric/cross_state_distance |           0.939 |
|           Metric/self_state_action_distance |         0.00418 |
|          Metric/cross_state_action_distance |           0.938 |
|             Metric/avg_self_state_asymmetry |               0 |
|            Metric/avg_cross_state_asymmetry |         0.00349 |
|                Metric/avg_self_sa_asymmetry |               0 |
|               Metric/avg_cross_sa_asymmetry |         0.00405 |
|  Metric/self_state_action_to_state_distance |        0.000522 |
| Metric/cross_state_action_to_state_distance |           0.931 |
|                   Metric/h_lambda_diff_self |         0.00367 |
|                  Metric/h_lambda_diff_cross |          0.0149 |
|                                 Eval/Return |           1e+03 |
-----------------------------------------------------------------
[32mSaving model …[0m
[32mDone.[0m
[32mSaving model …[0m
[32mDone.[0m
