E0905 13:18:27.162115  769371 cuda_executor.cc:1526] Could not get kernel mode driver version: (INVALID_ARGUMENT: Version does not match the format X.Y.Z)
E0905 13:18:27.170490  769253 cuda_executor.cc:1526] Could not get kernel mode driver version: (INVALID_ARGUMENT: Version does not match the format X.Y.Z)
[32mStart prefilling replay buffer[0m
[32mStart SAC training[0m
[32m{'log_freq': 1000, 'save_freq': 1000000, 'eval_episode_freq': 10, 'hidden_size': 256, 'lr': 0.001, 'max_grad_norm': 0.0, 'gamma': 0.99, 'update_tau': 0.005, 'train_per_step': 8, 'episode_length': 1000, 'warmup_samples': 8192, 'max_replay_size': 4000000, 'batch_size': 512, 'total_env_steps': 5000000, 'init_temperature': 0.1, 'nstep': 3, 'bootstrap_on_truncation': True, 'rep_lr_scale': 1.5, 'critic_bound_scale': 0.1, 'critic_con_scale': 0.05, 'critic_reg_warmup_steps': 100000, 'critic_reg_ramp_steps': 100000, 'critic_rep_metric_scale': 1.0, 'metric_gate_scale': 0.0, 'actor_soft_gate': True, 'vis_feq': 100000, 'n_vis_frames': 4, 'num_envs': 128, 'grad_steps': 50, 'transfer_freq': 10, 'transfer_steps': 8, 'reward_scaling': 1.0, 'num_eval_envs': 128, 'target_entropy': -0.5}[0m
[32m[nstep] nstep=3 bootstrap_on_truncation=True (discount from the buffer already contains gamma^nstep)[0m
[32m[qreg] bound_scale=0.1 con_scale=0.05 warmup=100000 ramp=100000 metric_scale=1.0 gate_scale=0.0 actor_soft_gate=True[0m
-----------------------------------------------------------------
|                                 Train/Steps |        1.36e+05 |
|                            Loss/Loss_critic |          0.0108 |
|                             Loss/Loss_actor |          -0.099 |
|                             Loss/Loss_alpha |         0.00177 |
|               Loss/Loss_state_action_metric |         0.00666 |
|                      Loss/Loss_state_metric |         0.00424 |
|             Loss/Loss_state_action_to_state |        0.000626 |
|                           Loss/Act_rep_loss |           0.489 |
|                                   SAC/Alpha |         0.00186 |
|                              SAC/LogPi_mean |          -0.432 |
|                                 SAC/Q1_mean |           0.122 |
|                                 SAC/Q2_mean |           0.113 |
|                            Norm/actor_model |            31.6 |
|                           Norm/critic_model |            71.5 |
|              Norm/state_action_metric_model |            30.2 |
|                     Norm/state_metric_model |              31 |
|        Norm/state_action_state_metric_model |            32.2 |
|                  Metric/self_state_distance |         0.00419 |
|                 Metric/cross_state_distance |           0.996 |
|           Metric/self_state_action_distance |          0.0237 |
|          Metric/cross_state_action_distance |           0.978 |
|             Metric/avg_self_state_asymmetry |               0 |
|            Metric/avg_cross_state_asymmetry |           0.013 |
|                Metric/avg_self_sa_asymmetry |               0 |
|               Metric/avg_cross_sa_asymmetry |         0.00867 |
|  Metric/self_state_action_to_state_distance |          0.0151 |
| Metric/cross_state_action_to_state_distance |           0.967 |
|                   Metric/h_lambda_diff_self |          0.0187 |
|                  Metric/h_lambda_diff_cross |          0.0201 |
|                                 Eval/Return |             4.2 |
-----------------------------------------------------------------
-----------------------------------------------------------------
|                                 Train/Steps |        2.64e+05 |
|                            Loss/Loss_critic |           0.034 |
|                             Loss/Loss_actor |          -0.161 |
|                             Loss/Loss_alpha |       -0.000222 |
|               Loss/Loss_state_action_metric |          0.0494 |
|                      Loss/Loss_state_metric |          0.0227 |
|             Loss/Loss_state_action_to_state |          0.0014 |
|                           Loss/Act_rep_loss |           0.534 |
|                                   SAC/Alpha |         0.00104 |
|                              SAC/LogPi_mean |           0.734 |
|                                 SAC/Q1_mean |           0.173 |
|                                 SAC/Q2_mean |           0.176 |
|                            Norm/actor_model |            41.8 |
|                           Norm/critic_model |            90.3 |
|              Norm/state_action_metric_model |            31.5 |
|                     Norm/state_metric_model |            32.8 |
|        Norm/state_action_state_metric_model |              35 |
|                  Metric/self_state_distance |         0.00218 |
|                 Metric/cross_state_distance |            1.04 |
|           Metric/self_state_action_distance |          0.0186 |
|          Metric/cross_state_action_distance |            1.03 |
|             Metric/avg_self_state_asymmetry |               0 |
|            Metric/avg_cross_state_asymmetry |          0.0112 |
|                Metric/avg_self_sa_asymmetry |               0 |
|               Metric/avg_cross_sa_asymmetry |           0.011 |
|  Metric/self_state_action_to_state_distance |          0.0029 |
| Metric/cross_state_action_to_state_distance |            1.03 |
|                   Metric/h_lambda_diff_self |          0.0166 |
|                  Metric/h_lambda_diff_cross |          0.0193 |
|                                 Eval/Return |             5.7 |
-----------------------------------------------------------------
-----------------------------------------------------------------
|                                 Train/Steps |        3.92e+05 |
|                            Loss/Loss_critic |          0.0303 |
|                             Loss/Loss_actor |         -0.0764 |
|                             Loss/Loss_alpha |       -5.37e-05 |
|               Loss/Loss_state_action_metric |          0.0287 |
|                      Loss/Loss_state_metric |          0.0149 |
|             Loss/Loss_state_action_to_state |        0.000632 |
|                           Loss/Act_rep_loss |           0.514 |
|                                   SAC/Alpha |        0.000812 |
|                              SAC/LogPi_mean |           0.533 |
|                                 SAC/Q1_mean |           0.085 |
|                                 SAC/Q2_mean |           0.095 |
|                            Norm/actor_model |            47.3 |
|                           Norm/critic_model |             101 |
|              Norm/state_action_metric_model |            33.4 |
|                     Norm/state_metric_model |            35.2 |
|        Norm/state_action_state_metric_model |            37.7 |
|                  Metric/self_state_distance |         0.00119 |
|                 Metric/cross_state_distance |            1.01 |
|           Metric/self_state_action_distance |           0.017 |
|          Metric/cross_state_action_distance |               1 |
|             Metric/avg_self_state_asymmetry |               0 |
|            Metric/avg_cross_state_asymmetry |         0.00738 |
|                Metric/avg_self_sa_asymmetry |               0 |
|               Metric/avg_cross_sa_asymmetry |         0.00766 |
|  Metric/self_state_action_to_state_distance |         0.00338 |
| Metric/cross_state_action_to_state_distance |           0.997 |
|                   Metric/h_lambda_diff_self |          0.0171 |
|                  Metric/h_lambda_diff_cross |           0.011 |
|                                 Eval/Return |            16.9 |
-----------------------------------------------------------------
-----------------------------------------------------------------
|                                 Train/Steps |         5.2e+05 |
|                            Loss/Loss_critic |          0.0523 |
|                             Loss/Loss_actor |          -0.249 |
|                             Loss/Loss_alpha |       -3.21e-05 |
|               Loss/Loss_state_action_metric |          0.0595 |
|                      Loss/Loss_state_metric |          0.0291 |
|             Loss/Loss_state_action_to_state |        0.000753 |
|                           Loss/Act_rep_loss |            0.54 |
|                                   SAC/Alpha |        0.000789 |
|                              SAC/LogPi_mean |           0.449 |
|                                 SAC/Q1_mean |           0.259 |
|                                 SAC/Q2_mean |           0.265 |
|                            Norm/actor_model |            52.6 |
|                           Norm/critic_model |             114 |
|              Norm/state_action_metric_model |            35.4 |
|                     Norm/state_metric_model |            37.8 |
|        Norm/state_action_state_metric_model |            40.2 |
|                  Metric/self_state_distance |         0.00163 |
|                 Metric/cross_state_distance |            1.03 |
|           Metric/self_state_action_distance |         0.00433 |
|          Metric/cross_state_action_distance |            1.04 |
|             Metric/avg_self_state_asymmetry |               0 |
|            Metric/avg_cross_state_asymmetry |         0.00578 |
|                Metric/avg_self_sa_asymmetry |               0 |
|               Metric/avg_cross_sa_asymmetry |         0.00684 |
|  Metric/self_state_action_to_state_distance |         0.00562 |
| Metric/cross_state_action_to_state_distance |            1.03 |
|                   Metric/h_lambda_diff_self |         0.00743 |
|                  Metric/h_lambda_diff_cross |          0.0112 |
|                                 Eval/Return |            7.15 |
-----------------------------------------------------------------
-----------------------------------------------------------------
|                                 Train/Steps |        6.48e+05 |
|                            Loss/Loss_critic |          0.0427 |
|                             Loss/Loss_actor |          -0.228 |
|                             Loss/Loss_alpha |        4.02e-05 |
|               Loss/Loss_state_action_metric |          0.0625 |
|                      Loss/Loss_state_metric |          0.0249 |
|             Loss/Loss_state_action_to_state |        0.000362 |
|                           Loss/Act_rep_loss |            0.54 |
|                                   SAC/Alpha |        0.000768 |
|                              SAC/LogPi_mean |           0.527 |
|                                 SAC/Q1_mean |           0.239 |
|                                 SAC/Q2_mean |           0.235 |
|                            Norm/actor_model |            56.6 |
|                           Norm/critic_model |             122 |
|              Norm/state_action_metric_model |            37.6 |
|                     Norm/state_metric_model |              40 |
|        Norm/state_action_state_metric_model |            42.8 |
|                  Metric/self_state_distance |         0.00722 |
|                 Metric/cross_state_distance |            1.02 |
|           Metric/self_state_action_distance |        0.000334 |
|          Metric/cross_state_action_distance |            1.03 |
|             Metric/avg_self_state_asymmetry |               0 |
|            Metric/avg_cross_state_asymmetry |         0.00927 |
|                Metric/avg_self_sa_asymmetry |               0 |
|               Metric/avg_cross_sa_asymmetry |         0.00802 |
|  Metric/self_state_action_to_state_distance |        0.000839 |
| Metric/cross_state_action_to_state_distance |            1.04 |
|                   Metric/h_lambda_diff_self |        0.000986 |
|                  Metric/h_lambda_diff_cross |          0.0114 |
|                                 Eval/Return |            15.8 |
-----------------------------------------------------------------
-----------------------------------------------------------------
|                                 Train/Steps |        7.76e+05 |
|                            Loss/Loss_critic |          0.0293 |
|                             Loss/Loss_actor |          -0.166 |
|                             Loss/Loss_alpha |        6.41e-05 |
|               Loss/Loss_state_action_metric |         0.00174 |
|                      Loss/Loss_state_metric |         0.00199 |
|             Loss/Loss_state_action_to_state |        7.04e-05 |
|                           Loss/Act_rep_loss |           0.488 |
|                                   SAC/Alpha |        0.000715 |
|                              SAC/LogPi_mean |           0.459 |
|                                 SAC/Q1_mean |            0.18 |
|                                 SAC/Q2_mean |           0.178 |
|                            Norm/actor_model |            60.7 |
|                           Norm/critic_model |             130 |
|              Norm/state_action_metric_model |            39.8 |
|                     Norm/state_metric_model |            42.8 |
|        Norm/state_action_state_metric_model |            45.1 |
|                  Metric/self_state_distance |         0.00117 |
|                 Metric/cross_state_distance |           0.998 |
|           Metric/self_state_action_distance |         0.00148 |
|          Metric/cross_state_action_distance |            0.97 |
|             Metric/avg_self_state_asymmetry |               0 |
|            Metric/avg_cross_state_asymmetry |          0.0047 |
|                Metric/avg_self_sa_asymmetry |               0 |
|               Metric/avg_cross_sa_asymmetry |         0.00413 |
|  Metric/self_state_action_to_state_distance |          0.0009 |
| Metric/cross_state_action_to_state_distance |           0.967 |
|                   Metric/h_lambda_diff_self |         0.00213 |
|                  Metric/h_lambda_diff_cross |         0.00637 |
|                                 Eval/Return |            10.2 |
-----------------------------------------------------------------
-----------------------------------------------------------------
|                                 Train/Steps |        9.04e+05 |
|                            Loss/Loss_critic |          0.0947 |
|                             Loss/Loss_actor |          -0.454 |
|                             Loss/Loss_alpha |        5.94e-05 |
|               Loss/Loss_state_action_metric |           0.124 |
|                      Loss/Loss_state_metric |          0.0574 |
|             Loss/Loss_state_action_to_state |        0.000379 |
|                           Loss/Act_rep_loss |           0.591 |
|                                   SAC/Alpha |        0.000716 |
|                              SAC/LogPi_mean |            0.37 |
|                                 SAC/Q1_mean |           0.469 |
|                                 SAC/Q2_mean |           0.469 |
|                            Norm/actor_model |              65 |
|                           Norm/critic_model |             137 |
|              Norm/state_action_metric_model |            42.1 |
|                     Norm/state_metric_model |            45.1 |
|        Norm/state_action_state_metric_model |            47.4 |
|                  Metric/self_state_distance |        0.000548 |
|                 Metric/cross_state_distance |            1.06 |
|           Metric/self_state_action_distance |         0.00542 |
|          Metric/cross_state_action_distance |             1.1 |
|             Metric/avg_self_state_asymmetry |               0 |
|            Metric/avg_cross_state_asymmetry |          0.0081 |
|                Metric/avg_self_sa_asymmetry |               0 |
|               Metric/avg_cross_sa_asymmetry |          0.0073 |
|  Metric/self_state_action_to_state_distance |         0.00192 |
| Metric/cross_state_action_to_state_distance |            1.11 |
|                   Metric/h_lambda_diff_self |         0.00563 |
|                  Metric/h_lambda_diff_cross |         0.00925 |
|                                 Eval/Return |              18 |
-----------------------------------------------------------------
-----------------------------------------------------------------
|                                 Train/Steps |        1.03e+06 |
|                            Loss/Loss_critic |           0.115 |
|                             Loss/Loss_actor |          -0.506 |
|                             Loss/Loss_alpha |       -8.88e-05 |
|               Loss/Loss_state_action_metric |           0.135 |
|                      Loss/Loss_state_metric |          0.0634 |
|             Loss/Loss_state_action_to_state |        0.000572 |
|                           Loss/Act_rep_loss |           0.576 |
|                                   SAC/Alpha |        0.000864 |
|                              SAC/LogPi_mean |           0.565 |
|                                 SAC/Q1_mean |           0.518 |
|                                 SAC/Q2_mean |           0.529 |
|                            Norm/actor_model |            68.5 |
|                           Norm/critic_model |             144 |
|              Norm/state_action_metric_model |            44.5 |
|                     Norm/state_metric_model |            47.4 |
|        Norm/state_action_state_metric_model |            49.7 |
|                  Metric/self_state_distance |        0.000924 |
|                 Metric/cross_state_distance |            1.06 |
|           Metric/self_state_action_distance |         0.00138 |
|          Metric/cross_state_action_distance |            1.09 |
|             Metric/avg_self_state_asymmetry |               0 |
|            Metric/avg_cross_state_asymmetry |         0.00648 |
|                Metric/avg_self_sa_asymmetry |               0 |
|               Metric/avg_cross_sa_asymmetry |         0.00798 |
|  Metric/self_state_action_to_state_distance |         0.00839 |
| Metric/cross_state_action_to_state_distance |            1.08 |
|                   Metric/h_lambda_diff_self |         0.00843 |
|                  Metric/h_lambda_diff_cross |           0.013 |
|                                 Eval/Return |            20.8 |
-----------------------------------------------------------------
[32mSaving model …[0m
[32mDone.[0m
[32mSaving model …[0m
[32mDone.[0m
-----------------------------------------------------------------
|                                 Train/Steps |        1.16e+06 |
|                            Loss/Loss_critic |           0.126 |
|                             Loss/Loss_actor |           -0.43 |
|                             Loss/Loss_alpha |       -0.000138 |
|               Loss/Loss_state_action_metric |          0.0401 |
|                      Loss/Loss_state_metric |          0.0195 |
|             Loss/Loss_state_action_to_state |        0.000414 |
|                           Loss/Act_rep_loss |           0.524 |
|                                   SAC/Alpha |        0.000938 |
|                              SAC/LogPi_mean |            0.71 |
|                                 SAC/Q1_mean |            0.46 |
|                                 SAC/Q2_mean |            0.44 |
|                            Norm/actor_model |            72.3 |
|                           Norm/critic_model |             151 |
|              Norm/state_action_metric_model |            46.7 |
|                     Norm/state_metric_model |            49.7 |
|        Norm/state_action_state_metric_model |            51.9 |
|                  Metric/self_state_distance |        0.000776 |
|                 Metric/cross_state_distance |            1.01 |
|           Metric/self_state_action_distance |         0.00686 |
|          Metric/cross_state_action_distance |            1.02 |
|             Metric/avg_self_state_asymmetry |               0 |
|            Metric/avg_cross_state_asymmetry |         0.00821 |
|                Metric/avg_self_sa_asymmetry |               0 |
|               Metric/avg_cross_sa_asymmetry |         0.00523 |
|  Metric/self_state_action_to_state_distance |        0.000968 |
| Metric/cross_state_action_to_state_distance |            1.02 |
|                   Metric/h_lambda_diff_self |         0.00712 |
|                  Metric/h_lambda_diff_cross |         0.00952 |
|                                 Eval/Return |            23.1 |
-----------------------------------------------------------------
-----------------------------------------------------------------
|                                 Train/Steps |        1.29e+06 |
|                            Loss/Loss_critic |           0.114 |
|                             Loss/Loss_actor |          -0.453 |
|                             Loss/Loss_alpha |         9.8e-05 |
|               Loss/Loss_state_action_metric |          0.0371 |
|                      Loss/Loss_state_metric |          0.0198 |
|             Loss/Loss_state_action_to_state |        0.000209 |
|                           Loss/Act_rep_loss |           0.535 |
|                                   SAC/Alpha |         0.00113 |
|                              SAC/LogPi_mean |           0.506 |
|                                 SAC/Q1_mean |           0.465 |
|                                 SAC/Q2_mean |           0.478 |
|                            Norm/actor_model |            75.5 |
|                           Norm/critic_model |             157 |
|              Norm/state_action_metric_model |            48.9 |
|                     Norm/state_metric_model |            51.9 |
|        Norm/state_action_state_metric_model |            54.2 |
|                  Metric/self_state_distance |         0.00261 |
|                 Metric/cross_state_distance |            1.01 |
|           Metric/self_state_action_distance |        0.000555 |
|          Metric/cross_state_action_distance |            1.03 |
|             Metric/avg_self_state_asymmetry |               0 |
|            Metric/avg_cross_state_asymmetry |         0.00494 |
|                Metric/avg_self_sa_asymmetry |               0 |
|               Metric/avg_cross_sa_asymmetry |         0.00495 |
|  Metric/self_state_action_to_state_distance |         0.00409 |
| Metric/cross_state_action_to_state_distance |            1.03 |
|                   Metric/h_lambda_diff_self |         0.00402 |
|                  Metric/h_lambda_diff_cross |         0.00813 |
|                                 Eval/Return |            22.6 |
-----------------------------------------------------------------
-----------------------------------------------------------------
|                                 Train/Steps |        1.42e+06 |
|                            Loss/Loss_critic |           0.144 |
|                             Loss/Loss_actor |          -0.647 |
|                             Loss/Loss_alpha |       -0.000115 |
|               Loss/Loss_state_action_metric |          0.0619 |
|                      Loss/Loss_state_metric |          0.0276 |
|             Loss/Loss_state_action_to_state |        0.000229 |
|                           Loss/Act_rep_loss |           0.563 |
|                                   SAC/Alpha |         0.00106 |
|                              SAC/LogPi_mean |           0.552 |
|                                 SAC/Q1_mean |           0.664 |
|                                 SAC/Q2_mean |           0.667 |
|                            Norm/actor_model |            79.2 |
|                           Norm/critic_model |             163 |
|              Norm/state_action_metric_model |            50.9 |
|                     Norm/state_metric_model |            54.3 |
|        Norm/state_action_state_metric_model |            56.4 |
|                  Metric/self_state_distance |         0.00172 |
|                 Metric/cross_state_distance |            1.04 |
|           Metric/self_state_action_distance |          0.0175 |
|          Metric/cross_state_action_distance |            1.06 |
|             Metric/avg_self_state_asymmetry |               0 |
|            Metric/avg_cross_state_asymmetry |         0.00607 |
|                Metric/avg_self_sa_asymmetry |               0 |
|               Metric/avg_cross_sa_asymmetry |         0.00693 |
|  Metric/self_state_action_to_state_distance |        0.000991 |
| Metric/cross_state_action_to_state_distance |            1.07 |
|                   Metric/h_lambda_diff_self |          0.0174 |
|                  Metric/h_lambda_diff_cross |          0.0126 |
|                                 Eval/Return |            21.9 |
-----------------------------------------------------------------
-----------------------------------------------------------------
|                                 Train/Steps |        1.54e+06 |
|                            Loss/Loss_critic |           0.197 |
|                             Loss/Loss_actor |          -0.905 |
|                             Loss/Loss_alpha |       -1.69e-05 |
|               Loss/Loss_state_action_metric |           0.178 |
|                      Loss/Loss_state_metric |          0.0919 |
|             Loss/Loss_state_action_to_state |        0.000414 |
|                           Loss/Act_rep_loss |           0.638 |
|                                   SAC/Alpha |        0.000803 |
|                              SAC/LogPi_mean |           0.551 |
|                                 SAC/Q1_mean |           0.921 |
|                                 SAC/Q2_mean |           0.921 |
|                            Norm/actor_model |            82.5 |
|                           Norm/critic_model |             168 |
|              Norm/state_action_metric_model |              53 |
|                     Norm/state_metric_model |            56.8 |
|        Norm/state_action_state_metric_model |            58.6 |
|                  Metric/self_state_distance |        0.000309 |
|                 Metric/cross_state_distance |            1.11 |
|           Metric/self_state_action_distance |         0.00195 |
|          Metric/cross_state_action_distance |            1.17 |
|             Metric/avg_self_state_asymmetry |               0 |
|            Metric/avg_cross_state_asymmetry |         0.00784 |
|                Metric/avg_self_sa_asymmetry |               0 |
|               Metric/avg_cross_sa_asymmetry |         0.00714 |
|  Metric/self_state_action_to_state_distance |        0.000433 |
| Metric/cross_state_action_to_state_distance |            1.17 |
|                   Metric/h_lambda_diff_self |         0.00215 |
|                  Metric/h_lambda_diff_cross |         0.00956 |
|                                 Eval/Return |            31.7 |
-----------------------------------------------------------------
-----------------------------------------------------------------
|                                 Train/Steps |        1.67e+06 |
|                            Loss/Loss_critic |           0.236 |
|                             Loss/Loss_actor |           -1.11 |
|                             Loss/Loss_alpha |        3.54e-05 |
|               Loss/Loss_state_action_metric |           0.212 |
|                      Loss/Loss_state_metric |           0.108 |
|             Loss/Loss_state_action_to_state |        0.000203 |
|                           Loss/Act_rep_loss |           0.626 |
|                                   SAC/Alpha |        0.000934 |
|                              SAC/LogPi_mean |            0.48 |
|                                 SAC/Q1_mean |            1.12 |
|                                 SAC/Q2_mean |            1.14 |
|                            Norm/actor_model |            85.6 |
|                           Norm/critic_model |             173 |
|              Norm/state_action_metric_model |            55.2 |
|                     Norm/state_metric_model |            59.1 |
|        Norm/state_action_state_metric_model |            60.6 |
|                  Metric/self_state_distance |         0.00192 |
|                 Metric/cross_state_distance |            1.11 |
|           Metric/self_state_action_distance |         0.00128 |
|          Metric/cross_state_action_distance |            1.16 |
|             Metric/avg_self_state_asymmetry |               0 |
|            Metric/avg_cross_state_asymmetry |         0.00663 |
|                Metric/avg_self_sa_asymmetry |               0 |
|               Metric/avg_cross_sa_asymmetry |         0.00613 |
|  Metric/self_state_action_to_state_distance |         0.00105 |
| Metric/cross_state_action_to_state_distance |            1.16 |
|                   Metric/h_lambda_diff_self |         0.00185 |
|                  Metric/h_lambda_diff_cross |         0.00911 |
|                                 Eval/Return |            30.3 |
-----------------------------------------------------------------
-----------------------------------------------------------------
|                                 Train/Steps |         1.8e+06 |
|                            Loss/Loss_critic |           0.155 |
|                             Loss/Loss_actor |          -0.807 |
|                             Loss/Loss_alpha |        9.48e-05 |
|               Loss/Loss_state_action_metric |           0.124 |
|                      Loss/Loss_state_metric |          0.0637 |
|             Loss/Loss_state_action_to_state |        0.000188 |
|                           Loss/Act_rep_loss |           0.581 |
|                                   SAC/Alpha |         0.00119 |
|                              SAC/LogPi_mean |           0.451 |
|                                 SAC/Q1_mean |           0.831 |
|                                 SAC/Q2_mean |           0.816 |
|                            Norm/actor_model |            88.7 |
|                           Norm/critic_model |             179 |
|              Norm/state_action_metric_model |            57.5 |
|                     Norm/state_metric_model |            61.7 |
|        Norm/state_action_state_metric_model |            62.6 |
|                  Metric/self_state_distance |        0.000952 |
|                 Metric/cross_state_distance |            1.07 |
|           Metric/self_state_action_distance |         0.00122 |
|          Metric/cross_state_action_distance |            1.09 |
|             Metric/avg_self_state_asymmetry |               0 |
|            Metric/avg_cross_state_asymmetry |          0.0062 |
|                Metric/avg_self_sa_asymmetry |               0 |
|               Metric/avg_cross_sa_asymmetry |         0.00623 |
|  Metric/self_state_action_to_state_distance |         0.00191 |
| Metric/cross_state_action_to_state_distance |            1.09 |
|                   Metric/h_lambda_diff_self |         0.00227 |
|                  Metric/h_lambda_diff_cross |         0.00852 |
|                                 Eval/Return |            25.9 |
-----------------------------------------------------------------
-----------------------------------------------------------------
|                                 Train/Steps |        1.93e+06 |
|                            Loss/Loss_critic |           0.207 |
|                             Loss/Loss_actor |           -1.01 |
|                             Loss/Loss_alpha |        0.000208 |
|               Loss/Loss_state_action_metric |           0.106 |
|                      Loss/Loss_state_metric |          0.0517 |
|             Loss/Loss_state_action_to_state |        0.000443 |
|                           Loss/Act_rep_loss |           0.594 |
|                                   SAC/Alpha |         0.00122 |
|                              SAC/LogPi_mean |           0.413 |
|                                 SAC/Q1_mean |            1.04 |
|                                 SAC/Q2_mean |            1.02 |
|                            Norm/actor_model |            91.7 |
|                           Norm/critic_model |             184 |
|              Norm/state_action_metric_model |            59.4 |
|                     Norm/state_metric_model |            64.1 |
|        Norm/state_action_state_metric_model |            64.8 |
|                  Metric/self_state_distance |         0.00093 |
|                 Metric/cross_state_distance |            1.06 |
|           Metric/self_state_action_distance |         0.00112 |
|          Metric/cross_state_action_distance |            1.11 |
|             Metric/avg_self_state_asymmetry |               0 |
|            Metric/avg_cross_state_asymmetry |         0.00666 |
|                Metric/avg_self_sa_asymmetry |               0 |
|               Metric/avg_cross_sa_asymmetry |         0.00535 |
|  Metric/self_state_action_to_state_distance |         0.00219 |
| Metric/cross_state_action_to_state_distance |             1.1 |
|                   Metric/h_lambda_diff_self |         0.00243 |
|                  Metric/h_lambda_diff_cross |          0.0125 |
|                                 Eval/Return |            25.4 |
-----------------------------------------------------------------
-----------------------------------------------------------------
|                                 Train/Steps |        2.06e+06 |
|                            Loss/Loss_critic |           0.173 |
|                             Loss/Loss_actor |          -0.949 |
|                             Loss/Loss_alpha |       -9.18e-06 |
|               Loss/Loss_state_action_metric |           0.135 |
|                      Loss/Loss_state_metric |          0.0633 |
|             Loss/Loss_state_action_to_state |        0.000322 |
|                           Loss/Act_rep_loss |           0.623 |
|                                   SAC/Alpha |          0.0012 |
|                              SAC/LogPi_mean |           0.479 |
|                                 SAC/Q1_mean |           0.976 |
|                                 SAC/Q2_mean |           0.968 |
|                            Norm/actor_model |            94.6 |
|                           Norm/critic_model |             189 |
|              Norm/state_action_metric_model |            61.6 |
|                     Norm/state_metric_model |            66.5 |
|        Norm/state_action_state_metric_model |            66.7 |
|                  Metric/self_state_distance |        0.000224 |
|                 Metric/cross_state_distance |            1.09 |
|           Metric/self_state_action_distance |         0.00241 |
|          Metric/cross_state_action_distance |            1.14 |
|             Metric/avg_self_state_asymmetry |               0 |
|            Metric/avg_cross_state_asymmetry |          0.0064 |
|                Metric/avg_self_sa_asymmetry |               0 |
|               Metric/avg_cross_sa_asymmetry |         0.00725 |
|  Metric/self_state_action_to_state_distance |         0.00231 |
| Metric/cross_state_action_to_state_distance |            1.15 |
|                   Metric/h_lambda_diff_self |           0.003 |
|                  Metric/h_lambda_diff_cross |          0.0096 |
|                                 Eval/Return |            22.8 |
-----------------------------------------------------------------
[32mSaving model …[0m
[32mDone.[0m
[32mSaving model …[0m
[32mDone.[0m
-----------------------------------------------------------------
|                                 Train/Steps |        2.18e+06 |
|                            Loss/Loss_critic |           0.239 |
|                             Loss/Loss_actor |           -1.14 |
|                             Loss/Loss_alpha |       -6.55e-05 |
|               Loss/Loss_state_action_metric |           0.189 |
|                      Loss/Loss_state_metric |          0.0981 |
|             Loss/Loss_state_action_to_state |        0.000272 |
|                           Loss/Act_rep_loss |           0.616 |
|                                   SAC/Alpha |          0.0011 |
|                              SAC/LogPi_mean |           0.559 |
|                                 SAC/Q1_mean |            1.16 |
|                                 SAC/Q2_mean |            1.17 |
|                            Norm/actor_model |            97.5 |
|                           Norm/critic_model |             193 |
|              Norm/state_action_metric_model |            63.5 |
|                     Norm/state_metric_model |            68.8 |
|        Norm/state_action_state_metric_model |            68.4 |
|                  Metric/self_state_distance |        0.000833 |
|                 Metric/cross_state_distance |            1.11 |
|           Metric/self_state_action_distance |         0.00136 |
|          Metric/cross_state_action_distance |            1.14 |
|             Metric/avg_self_state_asymmetry |               0 |
|            Metric/avg_cross_state_asymmetry |         0.00623 |
|                Metric/avg_self_sa_asymmetry |               0 |
|               Metric/avg_cross_sa_asymmetry |         0.00624 |
|  Metric/self_state_action_to_state_distance |         0.00152 |
| Metric/cross_state_action_to_state_distance |            1.14 |
|                   Metric/h_lambda_diff_self |         0.00206 |
|                  Metric/h_lambda_diff_cross |          0.0081 |
|                                 Eval/Return |            23.7 |
-----------------------------------------------------------------
