E0906 05:44:46.600470  910571 cuda_executor.cc:1526] Could not get kernel mode driver version: (INVALID_ARGUMENT: Version does not match the format X.Y.Z)
E0906 05:44:46.608990  910461 cuda_executor.cc:1526] Could not get kernel mode driver version: (INVALID_ARGUMENT: Version does not match the format X.Y.Z)
[32mStart prefilling replay buffer[0m
[32mStart SAC training[0m
[32m{'log_freq': 1000, 'save_freq': 1000000, 'eval_episode_freq': 10, 'hidden_size': 256, 'lr': 0.001, 'max_grad_norm': 0.0, 'gamma': 0.99, 'update_tau': 0.005, 'train_per_step': 8, 'episode_length': 1000, 'warmup_samples': 8192, 'max_replay_size': 4000000, 'batch_size': 512, 'total_env_steps': 5000000, 'init_temperature': 0.1, 'nstep': 3, 'bootstrap_on_truncation': True, 'rep_lr_scale': 1.5, 'n_act_samples': 5, 'act_eps': 0.1, 'aug_weight': 1.0, 'vis_feq': 100000, 'n_vis_frames': 4, 'num_envs': 128, 'grad_steps': 50, 'transfer_freq': 10, 'transfer_steps': 8, 'reward_scaling': 1.0, 'num_eval_envs': 128, 'target_entropy': -2.0}[0m
[32m[nstep] nstep=3 bootstrap_on_truncation=True (discount from the buffer already contains gamma^nstep)[0m
[32m[epsball] n_act_samples=5 act_eps=0.1 aug_weight=1.0[0m
-----------------------------------------------------------------
|                                 Train/Steps |        1.36e+05 |
|                            Loss/Loss_critic |         0.00178 |
|                             Loss/Loss_actor |          -0.659 |
|                             Loss/Loss_alpha |         0.00643 |
|               Loss/Loss_state_action_metric |          0.0132 |
|                      Loss/Loss_state_metric |         0.00307 |
|             Loss/Loss_state_action_to_state |        0.000559 |
|                           Loss/Act_rep_loss |           0.181 |
|                                   SAC/Alpha |         0.00161 |
|                              SAC/LogPi_mean |           -2.04 |
|                                 SAC/Q1_mean |           0.655 |
|                                 SAC/Q2_mean |           0.657 |
|                            Norm/actor_model |            26.8 |
|                           Norm/critic_model |            35.4 |
|              Norm/state_action_metric_model |            30.8 |
|                     Norm/state_metric_model |            30.7 |
|        Norm/state_action_state_metric_model |            30.3 |
|                  Metric/self_state_distance |          0.0031 |
|                 Metric/cross_state_distance |           0.888 |
|           Metric/self_state_action_distance |          0.0055 |
|          Metric/cross_state_action_distance |           0.886 |
|             Metric/avg_self_state_asymmetry |               0 |
|            Metric/avg_cross_state_asymmetry |         0.00453 |
|                Metric/avg_self_sa_asymmetry |               0 |
|               Metric/avg_cross_sa_asymmetry |         0.00704 |
|  Metric/self_state_action_to_state_distance |         0.00106 |
| Metric/cross_state_action_to_state_distance |           0.893 |
|                   Metric/h_lambda_diff_self |         0.00481 |
|                  Metric/h_lambda_diff_cross |          0.0104 |
|                                 Eval/Return |           0.321 |
-----------------------------------------------------------------
-----------------------------------------------------------------
|                                 Train/Steps |        2.64e+05 |
|                            Loss/Loss_critic |        0.000491 |
|                             Loss/Loss_actor |          -0.187 |
|                             Loss/Loss_alpha |       -0.000185 |
|               Loss/Loss_state_action_metric |          0.0437 |
|                      Loss/Loss_state_metric |         0.00404 |
|             Loss/Loss_state_action_to_state |         0.00115 |
|                           Loss/Act_rep_loss |           0.198 |
|                                   SAC/Alpha |        0.000141 |
|                              SAC/LogPi_mean |             3.2 |
|                                 SAC/Q1_mean |           0.188 |
|                                 SAC/Q2_mean |           0.189 |
|                            Norm/actor_model |            35.6 |
|                           Norm/critic_model |            48.2 |
|              Norm/state_action_metric_model |            33.2 |
|                     Norm/state_metric_model |            32.5 |
|        Norm/state_action_state_metric_model |            31.9 |
|                  Metric/self_state_distance |         0.00303 |
|                 Metric/cross_state_distance |             0.9 |
|           Metric/self_state_action_distance |         0.00399 |
|          Metric/cross_state_action_distance |           0.891 |
|             Metric/avg_self_state_asymmetry |               0 |
|            Metric/avg_cross_state_asymmetry |         0.00675 |
|                Metric/avg_self_sa_asymmetry |               0 |
|               Metric/avg_cross_sa_asymmetry |         0.00888 |
|  Metric/self_state_action_to_state_distance |         0.00195 |
| Metric/cross_state_action_to_state_distance |           0.885 |
|                   Metric/h_lambda_diff_self |         0.00331 |
|                  Metric/h_lambda_diff_cross |          0.0152 |
|                                 Eval/Return |             1.4 |
-----------------------------------------------------------------
-----------------------------------------------------------------
|                                 Train/Steps |        3.92e+05 |
|                            Loss/Loss_critic |        9.46e-05 |
|                             Loss/Loss_actor |         -0.0548 |
|                             Loss/Loss_alpha |        -3.6e-05 |
|               Loss/Loss_state_action_metric |         0.00838 |
|                      Loss/Loss_state_metric |         0.00336 |
|             Loss/Loss_state_action_to_state |        0.000204 |
|                           Loss/Act_rep_loss |           0.179 |
|                                   SAC/Alpha |        7.25e-05 |
|                              SAC/LogPi_mean |            2.36 |
|                                 SAC/Q1_mean |           0.055 |
|                                 SAC/Q2_mean |          0.0559 |
|                            Norm/actor_model |            41.1 |
|                           Norm/critic_model |              56 |
|              Norm/state_action_metric_model |            36.2 |
|                     Norm/state_metric_model |            35.5 |
|        Norm/state_action_state_metric_model |            34.5 |
|                  Metric/self_state_distance |        0.000685 |
|                 Metric/cross_state_distance |           0.902 |
|           Metric/self_state_action_distance |          0.0031 |
|          Metric/cross_state_action_distance |           0.893 |
|             Metric/avg_self_state_asymmetry |               0 |
|            Metric/avg_cross_state_asymmetry |         0.00457 |
|                Metric/avg_self_sa_asymmetry |               0 |
|               Metric/avg_cross_sa_asymmetry |         0.00752 |
|  Metric/self_state_action_to_state_distance |         0.00129 |
| Metric/cross_state_action_to_state_distance |           0.883 |
|                   Metric/h_lambda_diff_self |         0.00358 |
|                  Metric/h_lambda_diff_cross |          0.0121 |
|                                 Eval/Return |            1.43 |
-----------------------------------------------------------------
-----------------------------------------------------------------
|                                 Train/Steps |         5.2e+05 |
|                            Loss/Loss_critic |         0.00046 |
|                             Loss/Loss_actor |          -0.108 |
|                             Loss/Loss_alpha |        0.000254 |
|               Loss/Loss_state_action_metric |         0.00867 |
|                      Loss/Loss_state_metric |         0.00242 |
|             Loss/Loss_state_action_to_state |        6.21e-05 |
|                           Loss/Act_rep_loss |           0.176 |
|                                   SAC/Alpha |        0.000689 |
|                              SAC/LogPi_mean |            1.61 |
|                                 SAC/Q1_mean |           0.101 |
|                                 SAC/Q2_mean |             0.1 |
|                            Norm/actor_model |            45.6 |
|                           Norm/critic_model |            61.5 |
|              Norm/state_action_metric_model |            39.4 |
|                     Norm/state_metric_model |            38.5 |
|        Norm/state_action_state_metric_model |            37.6 |
|                  Metric/self_state_distance |        0.000672 |
|                 Metric/cross_state_distance |           0.909 |
|           Metric/self_state_action_distance |         0.00115 |
|          Metric/cross_state_action_distance |           0.896 |
|             Metric/avg_self_state_asymmetry |               0 |
|            Metric/avg_cross_state_asymmetry |         0.00293 |
|                Metric/avg_self_sa_asymmetry |               0 |
|               Metric/avg_cross_sa_asymmetry |         0.00618 |
|  Metric/self_state_action_to_state_distance |         0.00128 |
| Metric/cross_state_action_to_state_distance |           0.891 |
|                   Metric/h_lambda_diff_self |         0.00148 |
|                  Metric/h_lambda_diff_cross |         0.00573 |
|                                 Eval/Return |            4.67 |
-----------------------------------------------------------------
-----------------------------------------------------------------
|                                 Train/Steps |        6.48e+05 |
|                            Loss/Loss_critic |         0.00257 |
|                             Loss/Loss_actor |          -0.428 |
|                             Loss/Loss_alpha |        1.56e-05 |
|               Loss/Loss_state_action_metric |           0.039 |
|                      Loss/Loss_state_metric |         0.00972 |
|             Loss/Loss_state_action_to_state |          0.0022 |
|                           Loss/Act_rep_loss |            0.15 |
|                                   SAC/Alpha |         0.00103 |
|                              SAC/LogPi_mean |            2.06 |
|                                 SAC/Q1_mean |           0.421 |
|                                 SAC/Q2_mean |           0.414 |
|                            Norm/actor_model |            51.8 |
|                           Norm/critic_model |            66.9 |
|              Norm/state_action_metric_model |            43.9 |
|                     Norm/state_metric_model |            43.1 |
|        Norm/state_action_state_metric_model |            42.6 |
|                  Metric/self_state_distance |         0.00348 |
|                 Metric/cross_state_distance |            0.95 |
|           Metric/self_state_action_distance |         0.00232 |
|          Metric/cross_state_action_distance |           0.935 |
|             Metric/avg_self_state_asymmetry |               0 |
|            Metric/avg_cross_state_asymmetry |         0.00568 |
|                Metric/avg_self_sa_asymmetry |               0 |
|               Metric/avg_cross_sa_asymmetry |         0.00978 |
|  Metric/self_state_action_to_state_distance |        0.000733 |
| Metric/cross_state_action_to_state_distance |            0.94 |
|                   Metric/h_lambda_diff_self |         0.00179 |
|                  Metric/h_lambda_diff_cross |          0.0135 |
|                                 Eval/Return |            21.6 |
-----------------------------------------------------------------
-----------------------------------------------------------------
|                                 Train/Steps |        7.76e+05 |
|                            Loss/Loss_critic |         0.00413 |
|                             Loss/Loss_actor |           -1.05 |
|                             Loss/Loss_alpha |       -0.000348 |
|               Loss/Loss_state_action_metric |            0.13 |
|                      Loss/Loss_state_metric |          0.0436 |
|             Loss/Loss_state_action_to_state |         0.00095 |
|                           Loss/Act_rep_loss |           0.133 |
|                                   SAC/Alpha |         0.00149 |
|                              SAC/LogPi_mean |            2.25 |
|                                 SAC/Q1_mean |            1.02 |
|                                 SAC/Q2_mean |            1.02 |
|                            Norm/actor_model |            58.3 |
|                           Norm/critic_model |            72.5 |
|              Norm/state_action_metric_model |            48.4 |
|                     Norm/state_metric_model |            47.7 |
|        Norm/state_action_state_metric_model |            47.3 |
|                  Metric/self_state_distance |         0.00156 |
|                 Metric/cross_state_distance |            1.04 |
|           Metric/self_state_action_distance |         0.00208 |
|          Metric/cross_state_action_distance |            1.04 |
|             Metric/avg_self_state_asymmetry |               0 |
|            Metric/avg_cross_state_asymmetry |         0.00972 |
|                Metric/avg_self_sa_asymmetry |               0 |
|               Metric/avg_cross_sa_asymmetry |          0.0144 |
|  Metric/self_state_action_to_state_distance |         0.00253 |
| Metric/cross_state_action_to_state_distance |            1.04 |
|                   Metric/h_lambda_diff_self |         0.00265 |
|                  Metric/h_lambda_diff_cross |          0.0135 |
|                                 Eval/Return |              32 |
-----------------------------------------------------------------
-----------------------------------------------------------------
|                                 Train/Steps |        9.04e+05 |
|                            Loss/Loss_critic |           0.006 |
|                             Loss/Loss_actor |           -1.56 |
|                             Loss/Loss_alpha |        0.000138 |
|               Loss/Loss_state_action_metric |           0.189 |
|                      Loss/Loss_state_metric |          0.0652 |
|             Loss/Loss_state_action_to_state |         0.00131 |
|                           Loss/Act_rep_loss |           0.123 |
|                                   SAC/Alpha |         0.00175 |
|                              SAC/LogPi_mean |            1.81 |
|                                 SAC/Q1_mean |            1.54 |
|                                 SAC/Q2_mean |            1.54 |
|                            Norm/actor_model |            64.5 |
|                           Norm/critic_model |            78.1 |
|              Norm/state_action_metric_model |            52.7 |
|                     Norm/state_metric_model |            51.6 |
|        Norm/state_action_state_metric_model |            51.1 |
|                  Metric/self_state_distance |         0.00131 |
|                 Metric/cross_state_distance |            1.12 |
|           Metric/self_state_action_distance |         0.00237 |
|          Metric/cross_state_action_distance |            1.13 |
|             Metric/avg_self_state_asymmetry |               0 |
|            Metric/avg_cross_state_asymmetry |         0.00955 |
|                Metric/avg_self_sa_asymmetry |               0 |
|               Metric/avg_cross_sa_asymmetry |          0.0181 |
|  Metric/self_state_action_to_state_distance |         0.00165 |
| Metric/cross_state_action_to_state_distance |            1.13 |
|                   Metric/h_lambda_diff_self |         0.00233 |
|                  Metric/h_lambda_diff_cross |          0.0151 |
|                                 Eval/Return |            41.1 |
-----------------------------------------------------------------
-----------------------------------------------------------------
|                                 Train/Steps |        1.03e+06 |
|                            Loss/Loss_critic |         0.00632 |
|                             Loss/Loss_actor |           -2.05 |
|                             Loss/Loss_alpha |        6.27e-05 |
|               Loss/Loss_state_action_metric |            0.27 |
|                      Loss/Loss_state_metric |          0.0788 |
|             Loss/Loss_state_action_to_state |         0.00281 |
|                           Loss/Act_rep_loss |           0.101 |
|                                   SAC/Alpha |         0.00186 |
|                              SAC/LogPi_mean |            2.06 |
|                                 SAC/Q1_mean |            2.03 |
|                                 SAC/Q2_mean |            2.03 |
|                            Norm/actor_model |            69.7 |
|                           Norm/critic_model |              83 |
|              Norm/state_action_metric_model |            56.6 |
|                     Norm/state_metric_model |            55.3 |
|        Norm/state_action_state_metric_model |            54.7 |
|                  Metric/self_state_distance |         0.00236 |
|                 Metric/cross_state_distance |            1.16 |
|           Metric/self_state_action_distance |         0.00426 |
|          Metric/cross_state_action_distance |            1.19 |
|             Metric/avg_self_state_asymmetry |               0 |
|            Metric/avg_cross_state_asymmetry |         0.00868 |
|                Metric/avg_self_sa_asymmetry |               0 |
|               Metric/avg_cross_sa_asymmetry |          0.0169 |
|  Metric/self_state_action_to_state_distance |         0.00223 |
| Metric/cross_state_action_to_state_distance |            1.18 |
|                   Metric/h_lambda_diff_self |          0.0034 |
|                  Metric/h_lambda_diff_cross |          0.0168 |
|                                 Eval/Return |            35.7 |
-----------------------------------------------------------------
[32mSaving model …[0m
[32mDone.[0m
[32mSaving model …[0m
[32mDone.[0m
-----------------------------------------------------------------
|                                 Train/Steps |        1.16e+06 |
|                            Loss/Loss_critic |         0.00419 |
|                             Loss/Loss_actor |           -2.14 |
|                             Loss/Loss_alpha |        0.000574 |
|               Loss/Loss_state_action_metric |           0.236 |
|                      Loss/Loss_state_metric |          0.0888 |
|             Loss/Loss_state_action_to_state |         0.00322 |
|                           Loss/Act_rep_loss |           0.107 |
|                                   SAC/Alpha |         0.00175 |
|                              SAC/LogPi_mean |            1.74 |
|                                 SAC/Q1_mean |            2.11 |
|                                 SAC/Q2_mean |            2.11 |
|                            Norm/actor_model |            74.3 |
|                           Norm/critic_model |            87.7 |
|              Norm/state_action_metric_model |            60.3 |
|                     Norm/state_metric_model |            58.4 |
|        Norm/state_action_state_metric_model |            57.8 |
|                  Metric/self_state_distance |         0.00282 |
|                 Metric/cross_state_distance |            1.18 |
|           Metric/self_state_action_distance |           0.004 |
|          Metric/cross_state_action_distance |            1.21 |
|             Metric/avg_self_state_asymmetry |               0 |
|            Metric/avg_cross_state_asymmetry |         0.00913 |
|                Metric/avg_self_sa_asymmetry |               0 |
|               Metric/avg_cross_sa_asymmetry |          0.0164 |
|  Metric/self_state_action_to_state_distance |         0.00201 |
| Metric/cross_state_action_to_state_distance |            1.21 |
|                   Metric/h_lambda_diff_self |          0.0036 |
|                  Metric/h_lambda_diff_cross |           0.019 |
|                                 Eval/Return |            36.6 |
-----------------------------------------------------------------
-----------------------------------------------------------------
|                                 Train/Steps |        1.29e+06 |
|                            Loss/Loss_critic |          0.0126 |
|                             Loss/Loss_actor |           -2.73 |
|                             Loss/Loss_alpha |       -0.000538 |
|               Loss/Loss_state_action_metric |           0.364 |
|                      Loss/Loss_state_metric |           0.126 |
|             Loss/Loss_state_action_to_state |         0.00421 |
|                           Loss/Act_rep_loss |          0.0932 |
|                                   SAC/Alpha |         0.00176 |
|                              SAC/LogPi_mean |            2.24 |
|                                 SAC/Q1_mean |            2.68 |
|                                 SAC/Q2_mean |            2.69 |
|                            Norm/actor_model |            78.7 |
|                           Norm/critic_model |            91.9 |
|              Norm/state_action_metric_model |              64 |
|                     Norm/state_metric_model |            61.9 |
|        Norm/state_action_state_metric_model |            61.1 |
|                  Metric/self_state_distance |         0.00723 |
|                 Metric/cross_state_distance |            1.24 |
|           Metric/self_state_action_distance |         0.00399 |
|          Metric/cross_state_action_distance |            1.27 |
|             Metric/avg_self_state_asymmetry |               0 |
|            Metric/avg_cross_state_asymmetry |          0.0104 |
|                Metric/avg_self_sa_asymmetry |               0 |
|               Metric/avg_cross_sa_asymmetry |          0.0176 |
|  Metric/self_state_action_to_state_distance |        0.000254 |
| Metric/cross_state_action_to_state_distance |            1.26 |
|                   Metric/h_lambda_diff_self |         0.00379 |
|                  Metric/h_lambda_diff_cross |          0.0195 |
|                                 Eval/Return |              63 |
-----------------------------------------------------------------
-----------------------------------------------------------------
|                                 Train/Steps |        1.42e+06 |
|                            Loss/Loss_critic |         0.00537 |
|                             Loss/Loss_actor |           -3.33 |
|                             Loss/Loss_alpha |       -0.000493 |
|               Loss/Loss_state_action_metric |           0.348 |
|                      Loss/Loss_state_metric |           0.131 |
|             Loss/Loss_state_action_to_state |         0.00142 |
|                           Loss/Act_rep_loss |           0.082 |
|                                   SAC/Alpha |         0.00201 |
|                              SAC/LogPi_mean |            2.32 |
|                                 SAC/Q1_mean |            3.29 |
|                                 SAC/Q2_mean |             3.3 |
|                            Norm/actor_model |              83 |
|                           Norm/critic_model |            95.9 |
|              Norm/state_action_metric_model |            67.6 |
|                     Norm/state_metric_model |            65.6 |
|        Norm/state_action_state_metric_model |            64.4 |
|                  Metric/self_state_distance |        0.000875 |
|                 Metric/cross_state_distance |            1.28 |
|           Metric/self_state_action_distance |         0.00953 |
|          Metric/cross_state_action_distance |            1.31 |
|             Metric/avg_self_state_asymmetry |               0 |
|            Metric/avg_cross_state_asymmetry |          0.0121 |
|                Metric/avg_self_sa_asymmetry |               0 |
|               Metric/avg_cross_sa_asymmetry |          0.0181 |
|  Metric/self_state_action_to_state_distance |         0.00061 |
| Metric/cross_state_action_to_state_distance |            1.32 |
|                   Metric/h_lambda_diff_self |         0.00894 |
|                  Metric/h_lambda_diff_cross |          0.0193 |
|                                 Eval/Return |            67.9 |
-----------------------------------------------------------------
-----------------------------------------------------------------
|                                 Train/Steps |        1.54e+06 |
|                            Loss/Loss_critic |          0.0097 |
|                             Loss/Loss_actor |           -3.44 |
|                             Loss/Loss_alpha |        0.000331 |
|               Loss/Loss_state_action_metric |           0.541 |
|                      Loss/Loss_state_metric |             0.2 |
|             Loss/Loss_state_action_to_state |          0.0019 |
|                           Loss/Act_rep_loss |          0.0802 |
|                                   SAC/Alpha |          0.0021 |
|                              SAC/LogPi_mean |             1.8 |
|                                 SAC/Q1_mean |            3.39 |
|                                 SAC/Q2_mean |            3.39 |
|                            Norm/actor_model |            87.2 |
|                           Norm/critic_model |            99.8 |
|              Norm/state_action_metric_model |            70.8 |
|                     Norm/state_metric_model |            69.1 |
|        Norm/state_action_state_metric_model |            67.8 |
|                  Metric/self_state_distance |        0.000972 |
|                 Metric/cross_state_distance |            1.34 |
|           Metric/self_state_action_distance |         0.00667 |
|          Metric/cross_state_action_distance |            1.41 |
|             Metric/avg_self_state_asymmetry |               0 |
|            Metric/avg_cross_state_asymmetry |          0.0145 |
|                Metric/avg_self_sa_asymmetry |               0 |
|               Metric/avg_cross_sa_asymmetry |          0.0208 |
|  Metric/self_state_action_to_state_distance |         0.00104 |
| Metric/cross_state_action_to_state_distance |             1.4 |
|                   Metric/h_lambda_diff_self |         0.00615 |
|                  Metric/h_lambda_diff_cross |           0.021 |
|                                 Eval/Return |            70.3 |
-----------------------------------------------------------------
-----------------------------------------------------------------
|                                 Train/Steps |        1.67e+06 |
|                            Loss/Loss_critic |            0.01 |
|                             Loss/Loss_actor |           -3.78 |
|                             Loss/Loss_alpha |        0.000421 |
|               Loss/Loss_state_action_metric |           0.675 |
|                      Loss/Loss_state_metric |           0.242 |
|             Loss/Loss_state_action_to_state |         0.00216 |
|                           Loss/Act_rep_loss |          0.0798 |
|                                   SAC/Alpha |         0.00249 |
|                              SAC/LogPi_mean |            1.82 |
|                                 SAC/Q1_mean |            3.76 |
|                                 SAC/Q2_mean |            3.74 |
|                            Norm/actor_model |            91.2 |
|                           Norm/critic_model |             103 |
|              Norm/state_action_metric_model |            73.8 |
|                     Norm/state_metric_model |            72.2 |
|        Norm/state_action_state_metric_model |            70.6 |
|                  Metric/self_state_distance |         0.00189 |
|                 Metric/cross_state_distance |            1.38 |
|           Metric/self_state_action_distance |         0.00327 |
|          Metric/cross_state_action_distance |            1.44 |
|             Metric/avg_self_state_asymmetry |               0 |
|            Metric/avg_cross_state_asymmetry |          0.0127 |
|                Metric/avg_self_sa_asymmetry |               0 |
|               Metric/avg_cross_sa_asymmetry |          0.0222 |
|  Metric/self_state_action_to_state_distance |        0.000577 |
| Metric/cross_state_action_to_state_distance |            1.44 |
|                   Metric/h_lambda_diff_self |         0.00292 |
|                  Metric/h_lambda_diff_cross |          0.0219 |
|                                 Eval/Return |            75.1 |
-----------------------------------------------------------------
-----------------------------------------------------------------
|                                 Train/Steps |         1.8e+06 |
|                            Loss/Loss_critic |          0.0215 |
|                             Loss/Loss_actor |            -4.7 |
|                             Loss/Loss_alpha |       -0.000838 |
|               Loss/Loss_state_action_metric |           0.873 |
|                      Loss/Loss_state_metric |           0.306 |
|             Loss/Loss_state_action_to_state |         0.00122 |
|                           Loss/Act_rep_loss |           0.075 |
|                                   SAC/Alpha |         0.00282 |
|                              SAC/LogPi_mean |            2.27 |
|                                 SAC/Q1_mean |            4.64 |
|                                 SAC/Q2_mean |            4.64 |
|                            Norm/actor_model |            95.2 |
|                           Norm/critic_model |             107 |
|              Norm/state_action_metric_model |            76.9 |
|                     Norm/state_metric_model |            75.2 |
|        Norm/state_action_state_metric_model |            73.5 |
|                  Metric/self_state_distance |         0.00225 |
|                 Metric/cross_state_distance |            1.48 |
|           Metric/self_state_action_distance |         0.00427 |
|          Metric/cross_state_action_distance |            1.56 |
|             Metric/avg_self_state_asymmetry |               0 |
|            Metric/avg_cross_state_asymmetry |          0.0143 |
|                Metric/avg_self_sa_asymmetry |               0 |
|               Metric/avg_cross_sa_asymmetry |          0.0231 |
|  Metric/self_state_action_to_state_distance |         0.00094 |
| Metric/cross_state_action_to_state_distance |            1.55 |
|                   Metric/h_lambda_diff_self |         0.00345 |
|                  Metric/h_lambda_diff_cross |          0.0235 |
|                                 Eval/Return |              72 |
-----------------------------------------------------------------
-----------------------------------------------------------------
|                                 Train/Steps |        1.93e+06 |
|                            Loss/Loss_critic |          0.0105 |
|                             Loss/Loss_actor |           -4.62 |
|                             Loss/Loss_alpha |        0.000245 |
|               Loss/Loss_state_action_metric |           0.956 |
|                      Loss/Loss_state_metric |           0.335 |
|             Loss/Loss_state_action_to_state |         0.00216 |
|                           Loss/Act_rep_loss |          0.0754 |
|                                   SAC/Alpha |         0.00297 |
|                              SAC/LogPi_mean |            1.83 |
|                                 SAC/Q1_mean |            4.57 |
|                                 SAC/Q2_mean |            4.58 |
|                            Norm/actor_model |              99 |
|                           Norm/critic_model |             110 |
|              Norm/state_action_metric_model |              80 |
|                     Norm/state_metric_model |            78.4 |
|        Norm/state_action_state_metric_model |            76.5 |
|                  Metric/self_state_distance |         0.00321 |
|                 Metric/cross_state_distance |            1.46 |
|           Metric/self_state_action_distance |          0.0018 |
|          Metric/cross_state_action_distance |            1.54 |
|             Metric/avg_self_state_asymmetry |               0 |
|            Metric/avg_cross_state_asymmetry |          0.0162 |
|                Metric/avg_self_sa_asymmetry |               0 |
|               Metric/avg_cross_sa_asymmetry |          0.0199 |
|  Metric/self_state_action_to_state_distance |         0.00113 |
| Metric/cross_state_action_to_state_distance |            1.54 |
|                   Metric/h_lambda_diff_self |         0.00221 |
|                  Metric/h_lambda_diff_cross |          0.0226 |
|                                 Eval/Return |            61.4 |
-----------------------------------------------------------------
-----------------------------------------------------------------
|                                 Train/Steps |        2.06e+06 |
|                            Loss/Loss_critic |         0.00926 |
|                             Loss/Loss_actor |           -5.41 |
|                             Loss/Loss_alpha |       -0.000149 |
|               Loss/Loss_state_action_metric |           0.981 |
|                      Loss/Loss_state_metric |           0.362 |
|             Loss/Loss_state_action_to_state |         0.00184 |
|                           Loss/Act_rep_loss |          0.0707 |
|                                   SAC/Alpha |         0.00306 |
|                              SAC/LogPi_mean |            1.97 |
|                                 SAC/Q1_mean |            5.35 |
|                                 SAC/Q2_mean |            5.36 |
|                            Norm/actor_model |             103 |
|                           Norm/critic_model |             114 |
|              Norm/state_action_metric_model |            83.1 |
|                     Norm/state_metric_model |            81.4 |
|        Norm/state_action_state_metric_model |            79.1 |
|                  Metric/self_state_distance |         0.00205 |
|                 Metric/cross_state_distance |            1.55 |
|           Metric/self_state_action_distance |         0.00428 |
|          Metric/cross_state_action_distance |            1.66 |
|             Metric/avg_self_state_asymmetry |               0 |
|            Metric/avg_cross_state_asymmetry |          0.0167 |
|                Metric/avg_self_sa_asymmetry |               0 |
|               Metric/avg_cross_sa_asymmetry |          0.0212 |
|  Metric/self_state_action_to_state_distance |         0.00125 |
| Metric/cross_state_action_to_state_distance |            1.66 |
|                   Metric/h_lambda_diff_self |         0.00362 |
|                  Metric/h_lambda_diff_cross |          0.0241 |
|                                 Eval/Return |            90.4 |
-----------------------------------------------------------------
[32mSaving model …[0m
[32mDone.[0m
[32mSaving model …[0m
[32mDone.[0m
-----------------------------------------------------------------
|                                 Train/Steps |        2.18e+06 |
|                            Loss/Loss_critic |          0.0374 |
|                             Loss/Loss_actor |           -5.68 |
|                             Loss/Loss_alpha |        0.000241 |
|               Loss/Loss_state_action_metric |           0.926 |
|                      Loss/Loss_state_metric |           0.341 |
|             Loss/Loss_state_action_to_state |         0.00463 |
|                           Loss/Act_rep_loss |          0.0652 |
|                                   SAC/Alpha |         0.00311 |
|                              SAC/LogPi_mean |            1.95 |
|                                 SAC/Q1_mean |            5.63 |
|                                 SAC/Q2_mean |            5.66 |
|                            Norm/actor_model |             106 |
|                           Norm/critic_model |             117 |
|              Norm/state_action_metric_model |              86 |
|                     Norm/state_metric_model |            84.4 |
|        Norm/state_action_state_metric_model |            82.1 |
|                  Metric/self_state_distance |         0.00132 |
|                 Metric/cross_state_distance |             1.5 |
|           Metric/self_state_action_distance |         0.00418 |
|          Metric/cross_state_action_distance |            1.62 |
|             Metric/avg_self_state_asymmetry |               0 |
|            Metric/avg_cross_state_asymmetry |          0.0172 |
|                Metric/avg_self_sa_asymmetry |               0 |
|               Metric/avg_cross_sa_asymmetry |          0.0238 |
|  Metric/self_state_action_to_state_distance |         0.00105 |
| Metric/cross_state_action_to_state_distance |            1.61 |
|                   Metric/h_lambda_diff_self |         0.00406 |
|                  Metric/h_lambda_diff_cross |          0.0253 |
|                                 Eval/Return |            79.5 |
-----------------------------------------------------------------
-----------------------------------------------------------------
|                                 Train/Steps |        2.31e+06 |
|                            Loss/Loss_critic |          0.0167 |
|                             Loss/Loss_actor |           -5.48 |
|                             Loss/Loss_alpha |        0.000762 |
|               Loss/Loss_state_action_metric |            1.25 |
|                      Loss/Loss_state_metric |           0.357 |
|             Loss/Loss_state_action_to_state |         0.00141 |
|                           Loss/Act_rep_loss |          0.0769 |
|                                   SAC/Alpha |         0.00305 |
|                              SAC/LogPi_mean |            1.74 |
|                                 SAC/Q1_mean |            5.43 |
|                                 SAC/Q2_mean |            5.42 |
|                            Norm/actor_model |             110 |
|                           Norm/critic_model |             120 |
|              Norm/state_action_metric_model |            88.9 |
|                     Norm/state_metric_model |            87.4 |
|        Norm/state_action_state_metric_model |            84.6 |
|                  Metric/self_state_distance |          0.0031 |
|                 Metric/cross_state_distance |            1.51 |
|           Metric/self_state_action_distance |         0.00258 |
|          Metric/cross_state_action_distance |             1.6 |
|             Metric/avg_self_state_asymmetry |               0 |
|            Metric/avg_cross_state_asymmetry |           0.014 |
|                Metric/avg_self_sa_asymmetry |               0 |
|               Metric/avg_cross_sa_asymmetry |           0.022 |
|  Metric/self_state_action_to_state_distance |         0.00107 |
| Metric/cross_state_action_to_state_distance |            1.61 |
|                   Metric/h_lambda_diff_self |          0.0024 |
|                  Metric/h_lambda_diff_cross |          0.0212 |
|                                 Eval/Return |              75 |
-----------------------------------------------------------------
-----------------------------------------------------------------
|                                 Train/Steps |        2.44e+06 |
|                            Loss/Loss_critic |          0.0152 |
|                             Loss/Loss_actor |           -5.62 |
|                             Loss/Loss_alpha |         0.00176 |
|               Loss/Loss_state_action_metric |             1.4 |
|                      Loss/Loss_state_metric |           0.522 |
|             Loss/Loss_state_action_to_state |         0.00187 |
|                           Loss/Act_rep_loss |          0.0678 |
|                                   SAC/Alpha |         0.00329 |
|                              SAC/LogPi_mean |            1.49 |
|                                 SAC/Q1_mean |            5.56 |
|                                 SAC/Q2_mean |            5.56 |
|                            Norm/actor_model |             113 |
|                           Norm/critic_model |             124 |
|              Norm/state_action_metric_model |            91.7 |
|                     Norm/state_metric_model |            90.4 |
|        Norm/state_action_state_metric_model |            87.4 |
|                  Metric/self_state_distance |         0.00207 |
|                 Metric/cross_state_distance |            1.68 |
|           Metric/self_state_action_distance |         0.00731 |
|          Metric/cross_state_action_distance |             1.8 |
|             Metric/avg_self_state_asymmetry |               0 |
|            Metric/avg_cross_state_asymmetry |          0.0139 |
|                Metric/avg_self_sa_asymmetry |               0 |
|               Metric/avg_cross_sa_asymmetry |          0.0217 |
|  Metric/self_state_action_to_state_distance |         0.00105 |
| Metric/cross_state_action_to_state_distance |             1.8 |
|                   Metric/h_lambda_diff_self |         0.00644 |
|                  Metric/h_lambda_diff_cross |          0.0237 |
|                                 Eval/Return |            96.2 |
-----------------------------------------------------------------
-----------------------------------------------------------------
|                                 Train/Steps |        2.57e+06 |
|                            Loss/Loss_critic |          0.0101 |
|                             Loss/Loss_actor |           -7.15 |
|                             Loss/Loss_alpha |        -0.00156 |
|               Loss/Loss_state_action_metric |            1.85 |
|                      Loss/Loss_state_metric |           0.607 |
|             Loss/Loss_state_action_to_state |         0.00176 |
|                           Loss/Act_rep_loss |          0.0559 |
|                                   SAC/Alpha |         0.00328 |
|                              SAC/LogPi_mean |            2.33 |
|                                 SAC/Q1_mean |            7.11 |
|                                 SAC/Q2_mean |            7.09 |
|                            Norm/actor_model |             116 |
|                           Norm/critic_model |             127 |
|              Norm/state_action_metric_model |            94.4 |
|                     Norm/state_metric_model |            93.3 |
|        Norm/state_action_state_metric_model |              90 |
|                  Metric/self_state_distance |         0.00202 |
|                 Metric/cross_state_distance |            1.79 |
|           Metric/self_state_action_distance |         0.00198 |
|          Metric/cross_state_action_distance |            1.95 |
|             Metric/avg_self_state_asymmetry |               0 |
|            Metric/avg_cross_state_asymmetry |          0.0148 |
|                Metric/avg_self_sa_asymmetry |               0 |
|               Metric/avg_cross_sa_asymmetry |           0.026 |
|  Metric/self_state_action_to_state_distance |         0.00169 |
| Metric/cross_state_action_to_state_distance |            1.93 |
|                   Metric/h_lambda_diff_self |         0.00215 |
|                  Metric/h_lambda_diff_cross |           0.031 |
|                                 Eval/Return |              96 |
-----------------------------------------------------------------
-----------------------------------------------------------------
|                                 Train/Steps |         2.7e+06 |
|                            Loss/Loss_critic |         0.00976 |
|                             Loss/Loss_actor |           -7.13 |
|                             Loss/Loss_alpha |       -0.000562 |
|               Loss/Loss_state_action_metric |            1.79 |
|                      Loss/Loss_state_metric |           0.652 |
|             Loss/Loss_state_action_to_state |         0.00212 |
|                           Loss/Act_rep_loss |          0.0589 |
|                                   SAC/Alpha |         0.00337 |
|                              SAC/LogPi_mean |            2.11 |
|                                 SAC/Q1_mean |            7.08 |
|                                 SAC/Q2_mean |            7.07 |
|                            Norm/actor_model |             119 |
|                           Norm/critic_model |             130 |
|              Norm/state_action_metric_model |              97 |
|                     Norm/state_metric_model |            96.2 |
|        Norm/state_action_state_metric_model |            92.8 |
|                  Metric/self_state_distance |         0.00298 |
|                 Metric/cross_state_distance |            1.82 |
|           Metric/self_state_action_distance |         0.00271 |
|          Metric/cross_state_action_distance |            1.99 |
|             Metric/avg_self_state_asymmetry |               0 |
|            Metric/avg_cross_state_asymmetry |          0.0172 |
|                Metric/avg_self_sa_asymmetry |               0 |
|               Metric/avg_cross_sa_asymmetry |          0.0268 |
|  Metric/self_state_action_to_state_distance |        0.000981 |
| Metric/cross_state_action_to_state_distance |            1.98 |
|                   Metric/h_lambda_diff_self |         0.00222 |
|                  Metric/h_lambda_diff_cross |          0.0282 |
|                                 Eval/Return |            87.6 |
-----------------------------------------------------------------
-----------------------------------------------------------------
|                                 Train/Steps |        2.82e+06 |
|                            Loss/Loss_critic |          0.0135 |
|                             Loss/Loss_actor |           -6.83 |
|                             Loss/Loss_alpha |       -0.000296 |
|               Loss/Loss_state_action_metric |            1.48 |
|                      Loss/Loss_state_metric |           0.548 |
|             Loss/Loss_state_action_to_state |         0.00155 |
|                           Loss/Act_rep_loss |          0.0612 |
|                                   SAC/Alpha |         0.00351 |
|                              SAC/LogPi_mean |            2.14 |
|                                 SAC/Q1_mean |            6.76 |
|                                 SAC/Q2_mean |            6.78 |
|                            Norm/actor_model |             122 |
|                           Norm/critic_model |             133 |
|              Norm/state_action_metric_model |            99.7 |
|                     Norm/state_metric_model |              99 |
|        Norm/state_action_state_metric_model |            95.3 |
|                  Metric/self_state_distance |          0.0025 |
|                 Metric/cross_state_distance |            1.72 |
|           Metric/self_state_action_distance |         0.00371 |
|          Metric/cross_state_action_distance |            1.86 |
|             Metric/avg_self_state_asymmetry |               0 |
|            Metric/avg_cross_state_asymmetry |          0.0155 |
|                Metric/avg_self_sa_asymmetry |               0 |
|               Metric/avg_cross_sa_asymmetry |          0.0243 |
|  Metric/self_state_action_to_state_distance |         0.00138 |
| Metric/cross_state_action_to_state_distance |            1.86 |
|                   Metric/h_lambda_diff_self |         0.00419 |
|                  Metric/h_lambda_diff_cross |          0.0238 |
|                                 Eval/Return |             102 |
-----------------------------------------------------------------
-----------------------------------------------------------------
|                                 Train/Steps |        2.95e+06 |
|                            Loss/Loss_critic |          0.0109 |
|                             Loss/Loss_actor |            -6.2 |
|                             Loss/Loss_alpha |         0.00245 |
|               Loss/Loss_state_action_metric |            1.21 |
|                      Loss/Loss_state_metric |           0.456 |
|             Loss/Loss_state_action_to_state |         0.00224 |
|                           Loss/Act_rep_loss |          0.0631 |
|                                   SAC/Alpha |         0.00359 |
|                              SAC/LogPi_mean |            1.38 |
|                                 SAC/Q1_mean |            6.17 |
|                                 SAC/Q2_mean |            6.18 |
|                            Norm/actor_model |             124 |
|                           Norm/critic_model |             136 |
|              Norm/state_action_metric_model |             102 |
|                     Norm/state_metric_model |             102 |
|        Norm/state_action_state_metric_model |            97.9 |
|                  Metric/self_state_distance |         0.00144 |
|                 Metric/cross_state_distance |            1.61 |
|           Metric/self_state_action_distance |         0.00273 |
|          Metric/cross_state_action_distance |            1.71 |
|             Metric/avg_self_state_asymmetry |               0 |
|            Metric/avg_cross_state_asymmetry |          0.0148 |
|                Metric/avg_self_sa_asymmetry |               0 |
|               Metric/avg_cross_sa_asymmetry |          0.0243 |
|  Metric/self_state_action_to_state_distance |        0.000731 |
| Metric/cross_state_action_to_state_distance |            1.72 |
|                   Metric/h_lambda_diff_self |         0.00229 |
|                  Metric/h_lambda_diff_cross |          0.0272 |
|                                 Eval/Return |             107 |
-----------------------------------------------------------------
-----------------------------------------------------------------
|                                 Train/Steps |        3.08e+06 |
|                            Loss/Loss_critic |          0.0134 |
|                             Loss/Loss_actor |           -7.13 |
|                             Loss/Loss_alpha |        0.000529 |
|               Loss/Loss_state_action_metric |            1.81 |
|                      Loss/Loss_state_metric |           0.664 |
|             Loss/Loss_state_action_to_state |         0.00208 |
|                           Loss/Act_rep_loss |          0.0627 |
|                                   SAC/Alpha |          0.0035 |
|                              SAC/LogPi_mean |            1.76 |
|                                 SAC/Q1_mean |            7.09 |
|                                 SAC/Q2_mean |            7.11 |
|                            Norm/actor_model |             127 |
|                           Norm/critic_model |             139 |
|              Norm/state_action_metric_model |             105 |
|                     Norm/state_metric_model |             104 |
|        Norm/state_action_state_metric_model |             100 |
|                  Metric/self_state_distance |         0.00131 |
|                 Metric/cross_state_distance |            1.83 |
|           Metric/self_state_action_distance |         0.00555 |
|          Metric/cross_state_action_distance |            1.99 |
|             Metric/avg_self_state_asymmetry |               0 |
|            Metric/avg_cross_state_asymmetry |          0.0168 |
|                Metric/avg_self_sa_asymmetry |               0 |
|               Metric/avg_cross_sa_asymmetry |          0.0252 |
|  Metric/self_state_action_to_state_distance |         0.00174 |
| Metric/cross_state_action_to_state_distance |            1.98 |
|                   Metric/h_lambda_diff_self |         0.00416 |
|                  Metric/h_lambda_diff_cross |           0.028 |
|                                 Eval/Return |            91.1 |
-----------------------------------------------------------------
[32mSaving model …[0m
[32mDone.[0m
[32mSaving model …[0m
[32mDone.[0m
-----------------------------------------------------------------
|                                 Train/Steps |        3.21e+06 |
|                            Loss/Loss_critic |          0.0206 |
|                             Loss/Loss_actor |           -6.94 |
|                             Loss/Loss_alpha |        0.000432 |
|               Loss/Loss_state_action_metric |            1.31 |
|                      Loss/Loss_state_metric |           0.468 |
|             Loss/Loss_state_action_to_state |         0.00133 |
|                           Loss/Act_rep_loss |          0.0676 |
|                                   SAC/Alpha |         0.00359 |
|                              SAC/LogPi_mean |            1.97 |
|                                 SAC/Q1_mean |            6.88 |
|                                 SAC/Q2_mean |            6.89 |
|                            Norm/actor_model |             130 |
|                           Norm/critic_model |             141 |
|              Norm/state_action_metric_model |             107 |
|                     Norm/state_metric_model |             107 |
|        Norm/state_action_state_metric_model |             103 |
|                  Metric/self_state_distance |        0.000935 |
|                 Metric/cross_state_distance |            1.58 |
|           Metric/self_state_action_distance |         0.00199 |
|          Metric/cross_state_action_distance |            1.71 |
|             Metric/avg_self_state_asymmetry |               0 |
|            Metric/avg_cross_state_asymmetry |          0.0143 |
|                Metric/avg_self_sa_asymmetry |               0 |
|               Metric/avg_cross_sa_asymmetry |          0.0211 |
|  Metric/self_state_action_to_state_distance |        0.000858 |
| Metric/cross_state_action_to_state_distance |            1.72 |
|                   Metric/h_lambda_diff_self |         0.00188 |
|                  Metric/h_lambda_diff_cross |          0.0235 |
|                                 Eval/Return |            73.4 |
-----------------------------------------------------------------
-----------------------------------------------------------------
|                                 Train/Steps |        3.34e+06 |
|                            Loss/Loss_critic |          0.0128 |
|                             Loss/Loss_actor |           -7.54 |
|                             Loss/Loss_alpha |       -0.000721 |
|               Loss/Loss_state_action_metric |            1.83 |
|                      Loss/Loss_state_metric |           0.676 |
|             Loss/Loss_state_action_to_state |         0.00247 |
|                           Loss/Act_rep_loss |          0.0528 |
|                                   SAC/Alpha |         0.00382 |
|                              SAC/LogPi_mean |            2.16 |
|                                 SAC/Q1_mean |            7.48 |
|                                 SAC/Q2_mean |            7.49 |
|                            Norm/actor_model |             132 |
|                           Norm/critic_model |             144 |
|              Norm/state_action_metric_model |             110 |
|                     Norm/state_metric_model |             110 |
|        Norm/state_action_state_metric_model |             105 |
|                  Metric/self_state_distance |         0.00294 |
|                 Metric/cross_state_distance |            1.86 |
|           Metric/self_state_action_distance |         0.00304 |
|          Metric/cross_state_action_distance |            2.03 |
|             Metric/avg_self_state_asymmetry |               0 |
|            Metric/avg_cross_state_asymmetry |           0.017 |
|                Metric/avg_self_sa_asymmetry |               0 |
|               Metric/avg_cross_sa_asymmetry |          0.0259 |
|  Metric/self_state_action_to_state_distance |        0.000895 |
| Metric/cross_state_action_to_state_distance |            2.01 |
|                   Metric/h_lambda_diff_self |         0.00257 |
|                  Metric/h_lambda_diff_cross |          0.0293 |
|                                 Eval/Return |             109 |
-----------------------------------------------------------------
-----------------------------------------------------------------
|                                 Train/Steps |        3.46e+06 |
|                            Loss/Loss_critic |          0.0141 |
|                             Loss/Loss_actor |           -7.22 |
|                             Loss/Loss_alpha |         0.00154 |
|               Loss/Loss_state_action_metric |            2.01 |
|                      Loss/Loss_state_metric |            0.74 |
|             Loss/Loss_state_action_to_state |          0.0033 |
|                           Loss/Act_rep_loss |          0.0589 |
|                                   SAC/Alpha |         0.00358 |
|                              SAC/LogPi_mean |            1.58 |
|                                 SAC/Q1_mean |            7.18 |
|                                 SAC/Q2_mean |            7.16 |
|                            Norm/actor_model |             135 |
|                           Norm/critic_model |             147 |
|              Norm/state_action_metric_model |             112 |
|                     Norm/state_metric_model |             112 |
|        Norm/state_action_state_metric_model |             108 |
|                  Metric/self_state_distance |         0.00156 |
|                 Metric/cross_state_distance |            1.92 |
|           Metric/self_state_action_distance |         0.00334 |
|          Metric/cross_state_action_distance |             2.1 |
|             Metric/avg_self_state_asymmetry |               0 |
|            Metric/avg_cross_state_asymmetry |          0.0183 |
|                Metric/avg_self_sa_asymmetry |               0 |
|               Metric/avg_cross_sa_asymmetry |          0.0253 |
|  Metric/self_state_action_to_state_distance |        0.000285 |
| Metric/cross_state_action_to_state_distance |             2.1 |
|                   Metric/h_lambda_diff_self |         0.00309 |
|                  Metric/h_lambda_diff_cross |          0.0238 |
|                                 Eval/Return |            90.7 |
-----------------------------------------------------------------
-----------------------------------------------------------------
|                                 Train/Steps |        3.59e+06 |
|                            Loss/Loss_critic |          0.0179 |
|                             Loss/Loss_actor |           -8.11 |
|                             Loss/Loss_alpha |       -0.000541 |
|               Loss/Loss_state_action_metric |            2.26 |
|                      Loss/Loss_state_metric |           0.775 |
|             Loss/Loss_state_action_to_state |         0.00463 |
|                           Loss/Act_rep_loss |          0.0458 |
|                                   SAC/Alpha |         0.00364 |
|                              SAC/LogPi_mean |            2.14 |
|                                 SAC/Q1_mean |            8.07 |
|                                 SAC/Q2_mean |            8.08 |
|                            Norm/actor_model |             138 |
|                           Norm/critic_model |             149 |
|              Norm/state_action_metric_model |             114 |
|                     Norm/state_metric_model |             115 |
|        Norm/state_action_state_metric_model |             110 |
|                  Metric/self_state_distance |         0.00229 |
|                 Metric/cross_state_distance |               2 |
|           Metric/self_state_action_distance |         0.00363 |
|          Metric/cross_state_action_distance |            2.22 |
|             Metric/avg_self_state_asymmetry |               0 |
|            Metric/avg_cross_state_asymmetry |          0.0203 |
|                Metric/avg_self_sa_asymmetry |               0 |
|               Metric/avg_cross_sa_asymmetry |            0.03 |
|  Metric/self_state_action_to_state_distance |         0.00121 |
| Metric/cross_state_action_to_state_distance |            2.22 |
|                   Metric/h_lambda_diff_self |         0.00318 |
|                  Metric/h_lambda_diff_cross |          0.0299 |
|                                 Eval/Return |             112 |
-----------------------------------------------------------------
-----------------------------------------------------------------
|                                 Train/Steps |        3.72e+06 |
|                            Loss/Loss_critic |           0.014 |
|                             Loss/Loss_actor |           -7.99 |
|                             Loss/Loss_alpha |       -0.000696 |
|               Loss/Loss_state_action_metric |            2.12 |
|                      Loss/Loss_state_metric |           0.773 |
|             Loss/Loss_state_action_to_state |         0.00202 |
|                           Loss/Act_rep_loss |          0.0512 |
|                                   SAC/Alpha |         0.00366 |
|                              SAC/LogPi_mean |            2.19 |
|                                 SAC/Q1_mean |            7.96 |
|                                 SAC/Q2_mean |            7.96 |
|                            Norm/actor_model |             140 |
|                           Norm/critic_model |             152 |
|              Norm/state_action_metric_model |             117 |
|                     Norm/state_metric_model |             117 |
|        Norm/state_action_state_metric_model |             112 |
|                  Metric/self_state_distance |          0.0018 |
|                 Metric/cross_state_distance |            1.92 |
|           Metric/self_state_action_distance |         0.00356 |
|          Metric/cross_state_action_distance |            2.09 |
|             Metric/avg_self_state_asymmetry |               0 |
|            Metric/avg_cross_state_asymmetry |          0.0172 |
|                Metric/avg_self_sa_asymmetry |               0 |
|               Metric/avg_cross_sa_asymmetry |          0.0278 |
|  Metric/self_state_action_to_state_distance |        0.000831 |
| Metric/cross_state_action_to_state_distance |             2.1 |
|                   Metric/h_lambda_diff_self |         0.00331 |
|                  Metric/h_lambda_diff_cross |          0.0267 |
|                                 Eval/Return |             109 |
-----------------------------------------------------------------
-----------------------------------------------------------------
|                                 Train/Steps |        3.85e+06 |
|                            Loss/Loss_critic |          0.0146 |
|                             Loss/Loss_actor |           -7.85 |
|                             Loss/Loss_alpha |        0.000705 |
|               Loss/Loss_state_action_metric |            2.07 |
|                      Loss/Loss_state_metric |            0.76 |
|             Loss/Loss_state_action_to_state |           0.002 |
|                           Loss/Act_rep_loss |          0.0555 |
|                                   SAC/Alpha |         0.00374 |
|                              SAC/LogPi_mean |            1.86 |
|                                 SAC/Q1_mean |            7.82 |
|                                 SAC/Q2_mean |            7.82 |
|                            Norm/actor_model |             142 |
|                           Norm/critic_model |             154 |
|              Norm/state_action_metric_model |             119 |
|                     Norm/state_metric_model |             120 |
|        Norm/state_action_state_metric_model |             115 |
|                  Metric/self_state_distance |         0.00342 |
|                 Metric/cross_state_distance |            1.92 |
|           Metric/self_state_action_distance |          0.0068 |
|          Metric/cross_state_action_distance |            2.11 |
|             Metric/avg_self_state_asymmetry |               0 |
|            Metric/avg_cross_state_asymmetry |          0.0164 |
|                Metric/avg_self_sa_asymmetry |               0 |
|               Metric/avg_cross_sa_asymmetry |          0.0253 |
|  Metric/self_state_action_to_state_distance |        0.000692 |
| Metric/cross_state_action_to_state_distance |             2.1 |
|                   Metric/h_lambda_diff_self |         0.00617 |
|                  Metric/h_lambda_diff_cross |          0.0331 |
|                                 Eval/Return |            89.9 |
-----------------------------------------------------------------
-----------------------------------------------------------------
|                                 Train/Steps |        3.98e+06 |
|                            Loss/Loss_critic |          0.0141 |
|                             Loss/Loss_actor |           -7.99 |
|                             Loss/Loss_alpha |       -0.000262 |
|               Loss/Loss_state_action_metric |            2.01 |
|                      Loss/Loss_state_metric |           0.742 |
|             Loss/Loss_state_action_to_state |         0.00166 |
|                           Loss/Act_rep_loss |          0.0492 |
|                                   SAC/Alpha |         0.00377 |
|                              SAC/LogPi_mean |            2.08 |
|                                 SAC/Q1_mean |            7.95 |
|                                 SAC/Q2_mean |            7.94 |
|                            Norm/actor_model |             145 |
|                           Norm/critic_model |             156 |
|              Norm/state_action_metric_model |             122 |
|                     Norm/state_metric_model |             122 |
|        Norm/state_action_state_metric_model |             117 |
|                  Metric/self_state_distance |         0.00254 |
|                 Metric/cross_state_distance |            1.87 |
|           Metric/self_state_action_distance |         0.00281 |
|          Metric/cross_state_action_distance |            2.05 |
|             Metric/avg_self_state_asymmetry |               0 |
|            Metric/avg_cross_state_asymmetry |          0.0129 |
|                Metric/avg_self_sa_asymmetry |               0 |
|               Metric/avg_cross_sa_asymmetry |          0.0233 |
|  Metric/self_state_action_to_state_distance |        0.000713 |
| Metric/cross_state_action_to_state_distance |            2.03 |
|                   Metric/h_lambda_diff_self |         0.00248 |
|                  Metric/h_lambda_diff_cross |          0.0292 |
|                                 Eval/Return |             111 |
-----------------------------------------------------------------
-----------------------------------------------------------------
|                                 Train/Steps |         4.1e+06 |
|                            Loss/Loss_critic |          0.0167 |
|                             Loss/Loss_actor |           -7.88 |
|                             Loss/Loss_alpha |         0.00086 |
|               Loss/Loss_state_action_metric |            2.21 |
|                      Loss/Loss_state_metric |           0.797 |
|             Loss/Loss_state_action_to_state |         0.00191 |
|                           Loss/Act_rep_loss |          0.0559 |
|                                   SAC/Alpha |         0.00382 |
|                              SAC/LogPi_mean |            1.82 |
|                                 SAC/Q1_mean |            7.84 |
|                                 SAC/Q2_mean |            7.87 |
|                            Norm/actor_model |             147 |
|                           Norm/critic_model |             158 |
|              Norm/state_action_metric_model |             124 |
|                     Norm/state_metric_model |             125 |
|        Norm/state_action_state_metric_model |             119 |
|                  Metric/self_state_distance |         0.00167 |
|                 Metric/cross_state_distance |            1.97 |
|           Metric/self_state_action_distance |         0.00316 |
|          Metric/cross_state_action_distance |            2.19 |
|             Metric/avg_self_state_asymmetry |               0 |
|            Metric/avg_cross_state_asymmetry |          0.0219 |
|                Metric/avg_self_sa_asymmetry |               0 |
|               Metric/avg_cross_sa_asymmetry |          0.0266 |
|  Metric/self_state_action_to_state_distance |          0.0035 |
| Metric/cross_state_action_to_state_distance |             2.2 |
|                   Metric/h_lambda_diff_self |         0.00488 |
|                  Metric/h_lambda_diff_cross |           0.029 |
|                                 Eval/Return |             101 |
-----------------------------------------------------------------
[32mSaving model …[0m
[32mDone.[0m
[32mSaving model …[0m
[32mDone.[0m
-----------------------------------------------------------------
|                                 Train/Steps |        4.23e+06 |
|                            Loss/Loss_critic |          0.0198 |
|                             Loss/Loss_actor |           -8.23 |
|                             Loss/Loss_alpha |         0.00023 |
|               Loss/Loss_state_action_metric |            2.12 |
|                      Loss/Loss_state_metric |            0.77 |
|             Loss/Loss_state_action_to_state |         0.00197 |
|                           Loss/Act_rep_loss |          0.0497 |
|                                   SAC/Alpha |         0.00377 |
|                              SAC/LogPi_mean |            1.85 |
|                                 SAC/Q1_mean |            8.19 |
|                                 SAC/Q2_mean |             8.2 |
|                            Norm/actor_model |             149 |
|                           Norm/critic_model |             160 |
|              Norm/state_action_metric_model |             127 |
|                     Norm/state_metric_model |             127 |
|        Norm/state_action_state_metric_model |             122 |
|                  Metric/self_state_distance |         0.00294 |
|                 Metric/cross_state_distance |            1.93 |
|           Metric/self_state_action_distance |         0.00295 |
|          Metric/cross_state_action_distance |            2.14 |
|             Metric/avg_self_state_asymmetry |               0 |
|            Metric/avg_cross_state_asymmetry |          0.0173 |
|                Metric/avg_self_sa_asymmetry |               0 |
|               Metric/avg_cross_sa_asymmetry |          0.0273 |
|  Metric/self_state_action_to_state_distance |        0.000839 |
| Metric/cross_state_action_to_state_distance |            2.14 |
|                   Metric/h_lambda_diff_self |         0.00243 |
|                  Metric/h_lambda_diff_cross |          0.0291 |
|                                 Eval/Return |             131 |
-----------------------------------------------------------------
-----------------------------------------------------------------
|                                 Train/Steps |        4.36e+06 |
|                            Loss/Loss_critic |          0.0261 |
|                             Loss/Loss_actor |           -8.83 |
|                             Loss/Loss_alpha |       -0.000651 |
|               Loss/Loss_state_action_metric |            2.08 |
|                      Loss/Loss_state_metric |           0.748 |
|             Loss/Loss_state_action_to_state |         0.00195 |
|                           Loss/Act_rep_loss |          0.0472 |
|                                   SAC/Alpha |         0.00378 |
|                              SAC/LogPi_mean |            2.06 |
|                                 SAC/Q1_mean |            8.81 |
|                                 SAC/Q2_mean |            8.81 |
|                            Norm/actor_model |             152 |
|                           Norm/critic_model |             163 |
|              Norm/state_action_metric_model |             129 |
|                     Norm/state_metric_model |             130 |
|        Norm/state_action_state_metric_model |             124 |
|                  Metric/self_state_distance |         0.00299 |
|                 Metric/cross_state_distance |            1.94 |
|           Metric/self_state_action_distance |         0.00527 |
|          Metric/cross_state_action_distance |             2.1 |
|             Metric/avg_self_state_asymmetry |               0 |
|            Metric/avg_cross_state_asymmetry |          0.0165 |
|                Metric/avg_self_sa_asymmetry |               0 |
|               Metric/avg_cross_sa_asymmetry |          0.0228 |
|  Metric/self_state_action_to_state_distance |         0.00418 |
| Metric/cross_state_action_to_state_distance |            2.12 |
|                   Metric/h_lambda_diff_self |         0.00756 |
|                  Metric/h_lambda_diff_cross |          0.0307 |
|                                 Eval/Return |             107 |
-----------------------------------------------------------------
-----------------------------------------------------------------
|                                 Train/Steps |        4.49e+06 |
|                            Loss/Loss_critic |          0.0111 |
|                             Loss/Loss_actor |           -8.97 |
|                             Loss/Loss_alpha |       -0.000916 |
|               Loss/Loss_state_action_metric |            2.26 |
|                      Loss/Loss_state_metric |           0.825 |
|             Loss/Loss_state_action_to_state |         0.00157 |
|                           Loss/Act_rep_loss |          0.0495 |
|                                   SAC/Alpha |         0.00372 |
|                              SAC/LogPi_mean |            2.17 |
|                                 SAC/Q1_mean |            8.96 |
|                                 SAC/Q2_mean |            8.95 |
|                            Norm/actor_model |             154 |
|                           Norm/critic_model |             165 |
|              Norm/state_action_metric_model |             132 |
|                     Norm/state_metric_model |             133 |
|        Norm/state_action_state_metric_model |             126 |
|                  Metric/self_state_distance |         0.00167 |
|                 Metric/cross_state_distance |            2.01 |
|           Metric/self_state_action_distance |         0.00138 |
|          Metric/cross_state_action_distance |            2.21 |
|             Metric/avg_self_state_asymmetry |               0 |
|            Metric/avg_cross_state_asymmetry |          0.0199 |
|                Metric/avg_self_sa_asymmetry |               0 |
|               Metric/avg_cross_sa_asymmetry |          0.0267 |
|  Metric/self_state_action_to_state_distance |         6.2e-05 |
| Metric/cross_state_action_to_state_distance |            2.21 |
|                   Metric/h_lambda_diff_self |         0.00134 |
|                  Metric/h_lambda_diff_cross |           0.025 |
|                                 Eval/Return |             114 |
-----------------------------------------------------------------
-----------------------------------------------------------------
|                                 Train/Steps |        4.62e+06 |
|                            Loss/Loss_critic |          0.0116 |
|                             Loss/Loss_actor |           -8.89 |
|                             Loss/Loss_alpha |        0.000313 |
|               Loss/Loss_state_action_metric |            2.32 |
|                      Loss/Loss_state_metric |           0.841 |
|             Loss/Loss_state_action_to_state |         0.00199 |
|                           Loss/Act_rep_loss |           0.048 |
|                                   SAC/Alpha |         0.00384 |
|                              SAC/LogPi_mean |            1.97 |
|                                 SAC/Q1_mean |            8.86 |
|                                 SAC/Q2_mean |            8.86 |
|                            Norm/actor_model |             155 |
|                           Norm/critic_model |             166 |
|              Norm/state_action_metric_model |             135 |
|                     Norm/state_metric_model |             135 |
|        Norm/state_action_state_metric_model |             129 |
|                  Metric/self_state_distance |         0.00274 |
|                 Metric/cross_state_distance |            1.99 |
|           Metric/self_state_action_distance |         0.00201 |
|          Metric/cross_state_action_distance |             2.2 |
|             Metric/avg_self_state_asymmetry |               0 |
|            Metric/avg_cross_state_asymmetry |          0.0178 |
|                Metric/avg_self_sa_asymmetry |               0 |
|               Metric/avg_cross_sa_asymmetry |          0.0258 |
|  Metric/self_state_action_to_state_distance |        0.000498 |
| Metric/cross_state_action_to_state_distance |            2.19 |
|                   Metric/h_lambda_diff_self |          0.0017 |
|                  Metric/h_lambda_diff_cross |           0.024 |
|                                 Eval/Return |            97.3 |
-----------------------------------------------------------------
-----------------------------------------------------------------
|                                 Train/Steps |        4.74e+06 |
|                            Loss/Loss_critic |          0.0132 |
|                             Loss/Loss_actor |           -9.45 |
|                             Loss/Loss_alpha |        -0.00017 |
|               Loss/Loss_state_action_metric |            2.64 |
|                      Loss/Loss_state_metric |           0.958 |
|             Loss/Loss_state_action_to_state |         0.00216 |
|                           Loss/Act_rep_loss |          0.0387 |
|                                   SAC/Alpha |         0.00375 |
|                              SAC/LogPi_mean |            1.95 |
|                                 SAC/Q1_mean |            9.45 |
|                                 SAC/Q2_mean |            9.43 |
|                            Norm/actor_model |             157 |
|                           Norm/critic_model |             168 |
|              Norm/state_action_metric_model |             137 |
|                     Norm/state_metric_model |             138 |
|        Norm/state_action_state_metric_model |             131 |
|                  Metric/self_state_distance |         0.00194 |
|                 Metric/cross_state_distance |            2.18 |
|           Metric/self_state_action_distance |         0.00487 |
|          Metric/cross_state_action_distance |            2.42 |
|             Metric/avg_self_state_asymmetry |               0 |
|            Metric/avg_cross_state_asymmetry |          0.0298 |
|                Metric/avg_self_sa_asymmetry |               0 |
|               Metric/avg_cross_sa_asymmetry |          0.0288 |
|  Metric/self_state_action_to_state_distance |         0.00163 |
| Metric/cross_state_action_to_state_distance |             2.4 |
|                   Metric/h_lambda_diff_self |         0.00408 |
|                  Metric/h_lambda_diff_cross |           0.029 |
|                                 Eval/Return |             109 |
-----------------------------------------------------------------
-----------------------------------------------------------------
|                                 Train/Steps |        4.87e+06 |
|                            Loss/Loss_critic |         0.00954 |
|                             Loss/Loss_actor |           -9.73 |
|                             Loss/Loss_alpha |        0.000185 |
|               Loss/Loss_state_action_metric |            3.25 |
|                      Loss/Loss_state_metric |             1.2 |
|             Loss/Loss_state_action_to_state |         0.00224 |
|                           Loss/Act_rep_loss |          0.0408 |
|                                   SAC/Alpha |         0.00377 |
|                              SAC/LogPi_mean |            1.87 |
|                                 SAC/Q1_mean |             9.7 |
|                                 SAC/Q2_mean |            9.72 |
|                            Norm/actor_model |             159 |
|                           Norm/critic_model |             170 |
|              Norm/state_action_metric_model |             139 |
|                     Norm/state_metric_model |             140 |
|        Norm/state_action_state_metric_model |             133 |
|                  Metric/self_state_distance |         0.00482 |
|                 Metric/cross_state_distance |            2.38 |
|           Metric/self_state_action_distance |         0.00319 |
|          Metric/cross_state_action_distance |            2.61 |
|             Metric/avg_self_state_asymmetry |               0 |
|            Metric/avg_cross_state_asymmetry |          0.0255 |
|                Metric/avg_self_sa_asymmetry |               0 |
|               Metric/avg_cross_sa_asymmetry |           0.029 |
|  Metric/self_state_action_to_state_distance |         0.00133 |
| Metric/cross_state_action_to_state_distance |            2.63 |
|                   Metric/h_lambda_diff_self |         0.00269 |
|                  Metric/h_lambda_diff_cross |          0.0355 |
|                                 Eval/Return |             111 |
-----------------------------------------------------------------
-----------------------------------------------------------------
|                                 Train/Steps |           5e+06 |
|                            Loss/Loss_critic |         0.00917 |
|                             Loss/Loss_actor |           -9.25 |
|                             Loss/Loss_alpha |         0.00115 |
|               Loss/Loss_state_action_metric |            2.56 |
|                      Loss/Loss_state_metric |           0.922 |
|             Loss/Loss_state_action_to_state |         0.00185 |
|                           Loss/Act_rep_loss |          0.0511 |
|                                   SAC/Alpha |         0.00386 |
|                              SAC/LogPi_mean |            1.84 |
|                                 SAC/Q1_mean |            9.23 |
|                                 SAC/Q2_mean |            9.23 |
|                            Norm/actor_model |             160 |
|                           Norm/critic_model |             171 |
|              Norm/state_action_metric_model |             142 |
|                     Norm/state_metric_model |             143 |
|        Norm/state_action_state_metric_model |             136 |
|                  Metric/self_state_distance |        0.000744 |
|                 Metric/cross_state_distance |            2.02 |
|           Metric/self_state_action_distance |           0.003 |
|          Metric/cross_state_action_distance |             2.3 |
|             Metric/avg_self_state_asymmetry |               0 |
|            Metric/avg_cross_state_asymmetry |            0.02 |
|                Metric/avg_self_sa_asymmetry |               0 |
|               Metric/avg_cross_sa_asymmetry |          0.0272 |
|  Metric/self_state_action_to_state_distance |        0.000398 |
| Metric/cross_state_action_to_state_distance |            2.28 |
|                   Metric/h_lambda_diff_self |         0.00271 |
|                  Metric/h_lambda_diff_cross |          0.0367 |
|                                 Eval/Return |            91.6 |
-----------------------------------------------------------------
[32mSaving model …[0m
[32mDone.[0m
[32mSaving model …[0m
[32mDone.[0m
