E0904 12:21:39.151187  415500 cuda_executor.cc:1526] Could not get kernel mode driver version: (INVALID_ARGUMENT: Version does not match the format X.Y.Z)
E0904 12:21:39.159485  415388 cuda_executor.cc:1526] Could not get kernel mode driver version: (INVALID_ARGUMENT: Version does not match the format X.Y.Z)
[32mStart prefilling replay buffer[0m
[32mStart SAC training[0m
[32m{'log_freq': 1000, 'save_freq': 1000000, 'eval_episode_freq': 10, 'hidden_size': 256, 'lr': 0.001, 'max_grad_norm': 0.0, 'gamma': 0.99, 'update_tau': 0.005, 'train_per_step': 8, 'episode_length': 1000, 'warmup_samples': 8192, 'max_replay_size': 4000000, 'batch_size': 512, 'total_env_steps': 2000000, 'init_temperature': 0.1, 'nstep': 3, 'bootstrap_on_truncation': True, 'rep_lr_scale': 5.0, 'vis_feq': 100000, 'n_vis_frames': 4, 'num_envs': 128, 'grad_steps': 50, 'transfer_freq': 10, 'transfer_steps': 8, 'reward_scaling': 1.0, 'num_eval_envs': 128, 'target_entropy': -0.5}[0m
[32m[nstep] nstep=3 bootstrap_on_truncation=True (discount from the buffer already contains gamma^nstep)[0m
-----------------------------------------------------------------
|                                 Train/Steps |        1.36e+05 |
|                            Loss/Loss_critic |        1.87e-05 |
|                             Loss/Loss_actor |           -0.11 |
|                             Loss/Loss_alpha |         0.00169 |
|               Loss/Loss_state_action_metric |         0.00331 |
|                      Loss/Loss_state_metric |         0.00215 |
|             Loss/Loss_state_action_to_state |        0.000623 |
|                           Loss/Act_rep_loss |          0.0984 |
|                                   SAC/Alpha |         0.00173 |
|                              SAC/LogPi_mean |          -0.498 |
|                                 SAC/Q1_mean |            0.11 |
|                                 SAC/Q2_mean |           0.111 |
|                            Norm/actor_model |            26.7 |
|                           Norm/critic_model |            56.7 |
|              Norm/state_action_metric_model |            30.5 |
|                     Norm/state_metric_model |            31.4 |
|        Norm/state_action_state_metric_model |            32.5 |
|                  Metric/self_state_distance |         0.00358 |
|                 Metric/cross_state_distance |           0.954 |
|           Metric/self_state_action_distance |          0.0205 |
|          Metric/cross_state_action_distance |           0.926 |
|             Metric/avg_self_state_asymmetry |               0 |
|            Metric/avg_cross_state_asymmetry |         0.00934 |
|                Metric/avg_self_sa_asymmetry |               0 |
|               Metric/avg_cross_sa_asymmetry |          0.0124 |
|  Metric/self_state_action_to_state_distance |         0.00574 |
| Metric/cross_state_action_to_state_distance |           0.924 |
|                   Metric/h_lambda_diff_self |          0.0187 |
|                  Metric/h_lambda_diff_cross |          0.0213 |
|                                 Eval/Return |          0.0938 |
-----------------------------------------------------------------
-----------------------------------------------------------------
|                                 Train/Steps |        2.64e+05 |
|                            Loss/Loss_critic |        1.48e-05 |
|                             Loss/Loss_actor |        -0.00499 |
|                             Loss/Loss_alpha |        0.000127 |
|               Loss/Loss_state_action_metric |         0.00297 |
|                      Loss/Loss_state_metric |         0.00177 |
|             Loss/Loss_state_action_to_state |        0.000592 |
|                           Loss/Act_rep_loss |           0.137 |
|                                   SAC/Alpha |        0.000257 |
|                              SAC/LogPi_mean |         -0.0342 |
|                                 SAC/Q1_mean |          0.0071 |
|                                 SAC/Q2_mean |         0.00663 |
|                            Norm/actor_model |            34.7 |
|                           Norm/critic_model |            64.1 |
|              Norm/state_action_metric_model |            32.2 |
|                     Norm/state_metric_model |            32.9 |
|        Norm/state_action_state_metric_model |            34.9 |
|                  Metric/self_state_distance |         0.00261 |
|                 Metric/cross_state_distance |           0.929 |
|           Metric/self_state_action_distance |         0.00369 |
|          Metric/cross_state_action_distance |           0.922 |
|             Metric/avg_self_state_asymmetry |               0 |
|            Metric/avg_cross_state_asymmetry |         0.00582 |
|                Metric/avg_self_sa_asymmetry |               0 |
|               Metric/avg_cross_sa_asymmetry |          0.0122 |
|  Metric/self_state_action_to_state_distance |         0.00191 |
| Metric/cross_state_action_to_state_distance |           0.915 |
|                   Metric/h_lambda_diff_self |         0.00423 |
|                  Metric/h_lambda_diff_cross |          0.0117 |
|                                 Eval/Return |               0 |
-----------------------------------------------------------------
-----------------------------------------------------------------
|                                 Train/Steps |        3.92e+05 |
|                            Loss/Loss_critic |         9.2e-06 |
|                             Loss/Loss_actor |          0.0315 |
|                             Loss/Loss_alpha |       -0.000171 |
|               Loss/Loss_state_action_metric |         0.00249 |
|                      Loss/Loss_state_metric |         0.00125 |
|             Loss/Loss_state_action_to_state |        0.000125 |
|                           Loss/Act_rep_loss |           0.127 |
|                                   SAC/Alpha |        0.000366 |
|                              SAC/LogPi_mean |           0.993 |
|                                 SAC/Q1_mean |         -0.0301 |
|                                 SAC/Q2_mean |         -0.0284 |
|                            Norm/actor_model |            39.5 |
|                           Norm/critic_model |            75.8 |
|              Norm/state_action_metric_model |            35.1 |
|                     Norm/state_metric_model |            34.8 |
|        Norm/state_action_state_metric_model |            36.8 |
|                  Metric/self_state_distance |        0.000335 |
|                 Metric/cross_state_distance |           0.938 |
|           Metric/self_state_action_distance |         0.00748 |
|          Metric/cross_state_action_distance |           0.926 |
|             Metric/avg_self_state_asymmetry |               0 |
|            Metric/avg_cross_state_asymmetry |          0.0065 |
|                Metric/avg_self_sa_asymmetry |               0 |
|               Metric/avg_cross_sa_asymmetry |         0.00822 |
|  Metric/self_state_action_to_state_distance |         0.00124 |
| Metric/cross_state_action_to_state_distance |           0.921 |
|                   Metric/h_lambda_diff_self |         0.00708 |
|                  Metric/h_lambda_diff_cross |         0.00883 |
|                                 Eval/Return |            0.18 |
-----------------------------------------------------------------
-----------------------------------------------------------------
|                                 Train/Steps |         5.2e+05 |
|                            Loss/Loss_critic |        8.53e-06 |
|                             Loss/Loss_actor |          0.0411 |
|                             Loss/Loss_alpha |        5.78e-05 |
|               Loss/Loss_state_action_metric |          0.0018 |
|                      Loss/Loss_state_metric |         0.00132 |
|             Loss/Loss_state_action_to_state |        0.000103 |
|                           Loss/Act_rep_loss |            0.12 |
|                                   SAC/Alpha |        0.000304 |
|                              SAC/LogPi_mean |           0.315 |
|                                 SAC/Q1_mean |         -0.0369 |
|                                 SAC/Q2_mean |         -0.0406 |
|                            Norm/actor_model |            42.9 |
|                           Norm/critic_model |            79.9 |
|              Norm/state_action_metric_model |            38.1 |
|                     Norm/state_metric_model |            36.3 |
|        Norm/state_action_state_metric_model |            38.4 |
|                  Metric/self_state_distance |        0.000312 |
|                 Metric/cross_state_distance |           0.947 |
|           Metric/self_state_action_distance |         0.00826 |
|          Metric/cross_state_action_distance |           0.923 |
|             Metric/avg_self_state_asymmetry |               0 |
|            Metric/avg_cross_state_asymmetry |         0.00364 |
|                Metric/avg_self_sa_asymmetry |               0 |
|               Metric/avg_cross_sa_asymmetry |         0.00976 |
|  Metric/self_state_action_to_state_distance |         0.00164 |
| Metric/cross_state_action_to_state_distance |           0.922 |
|                   Metric/h_lambda_diff_self |         0.00799 |
|                  Metric/h_lambda_diff_cross |         0.00782 |
|                                 Eval/Return |           0.617 |
-----------------------------------------------------------------
-----------------------------------------------------------------
|                                 Train/Steps |        6.48e+05 |
|                            Loss/Loss_critic |         0.00571 |
|                             Loss/Loss_actor |          0.0469 |
|                             Loss/Loss_alpha |       -0.000207 |
|               Loss/Loss_state_action_metric |         0.00285 |
|                      Loss/Loss_state_metric |         0.00221 |
|             Loss/Loss_state_action_to_state |         8.6e-05 |
|                           Loss/Act_rep_loss |            0.12 |
|                                   SAC/Alpha |        0.000505 |
|                              SAC/LogPi_mean |           0.881 |
|                                 SAC/Q1_mean |         -0.0452 |
|                                 SAC/Q2_mean |         -0.0443 |
|                            Norm/actor_model |              47 |
|                           Norm/critic_model |            82.9 |
|              Norm/state_action_metric_model |            40.7 |
|                     Norm/state_metric_model |            37.4 |
|        Norm/state_action_state_metric_model |            39.9 |
|                  Metric/self_state_distance |         0.00063 |
|                 Metric/cross_state_distance |           0.943 |
|           Metric/self_state_action_distance |         0.00239 |
|          Metric/cross_state_action_distance |           0.921 |
|             Metric/avg_self_state_asymmetry |               0 |
|            Metric/avg_cross_state_asymmetry |         0.00552 |
|                Metric/avg_self_sa_asymmetry |               0 |
|               Metric/avg_cross_sa_asymmetry |          0.0113 |
|  Metric/self_state_action_to_state_distance |         0.00231 |
| Metric/cross_state_action_to_state_distance |            0.92 |
|                   Metric/h_lambda_diff_self |          0.0036 |
|                  Metric/h_lambda_diff_cross |         0.00565 |
|                                 Eval/Return |           0.141 |
-----------------------------------------------------------------
-----------------------------------------------------------------
|                                 Train/Steps |        7.76e+05 |
|                            Loss/Loss_critic |         0.00023 |
|                             Loss/Loss_actor |            0.05 |
|                             Loss/Loss_alpha |         4.1e-05 |
|               Loss/Loss_state_action_metric |         0.00193 |
|                      Loss/Loss_state_metric |         0.00146 |
|             Loss/Loss_state_action_to_state |        3.52e-05 |
|                           Loss/Act_rep_loss |           0.131 |
|                                   SAC/Alpha |        0.000208 |
|                              SAC/LogPi_mean |           0.391 |
|                                 SAC/Q1_mean |         -0.0443 |
|                                 SAC/Q2_mean |         -0.0491 |
|                            Norm/actor_model |            51.1 |
|                           Norm/critic_model |            87.3 |
|              Norm/state_action_metric_model |            43.1 |
|                     Norm/state_metric_model |            38.8 |
|        Norm/state_action_state_metric_model |            41.4 |
|                  Metric/self_state_distance |         0.00223 |
|                 Metric/cross_state_distance |           0.939 |
|           Metric/self_state_action_distance |         0.00616 |
|          Metric/cross_state_action_distance |           0.917 |
|             Metric/avg_self_state_asymmetry |               0 |
|            Metric/avg_cross_state_asymmetry |         0.00251 |
|                Metric/avg_self_sa_asymmetry |               0 |
|               Metric/avg_cross_sa_asymmetry |         0.00494 |
|  Metric/self_state_action_to_state_distance |        0.000413 |
| Metric/cross_state_action_to_state_distance |            0.92 |
|                   Metric/h_lambda_diff_self |          0.0061 |
|                  Metric/h_lambda_diff_cross |         0.00489 |
|                                 Eval/Return |            1.64 |
-----------------------------------------------------------------
-----------------------------------------------------------------
|                                 Train/Steps |        9.04e+05 |
|                            Loss/Loss_critic |        0.000113 |
|                             Loss/Loss_actor |          0.0649 |
|                             Loss/Loss_alpha |       -7.46e-06 |
|               Loss/Loss_state_action_metric |          0.0029 |
|                      Loss/Loss_state_metric |         0.00319 |
|             Loss/Loss_state_action_to_state |        0.000576 |
|                           Loss/Act_rep_loss |           0.128 |
|                                   SAC/Alpha |        0.000295 |
|                              SAC/LogPi_mean |           0.294 |
|                                 SAC/Q1_mean |          -0.063 |
|                                 SAC/Q2_mean |          -0.062 |
|                            Norm/actor_model |            55.7 |
|                           Norm/critic_model |            92.9 |
|              Norm/state_action_metric_model |            45.5 |
|                     Norm/state_metric_model |            40.5 |
|        Norm/state_action_state_metric_model |              43 |
|                  Metric/self_state_distance |         0.00148 |
|                 Metric/cross_state_distance |           0.951 |
|           Metric/self_state_action_distance |         0.00172 |
|          Metric/cross_state_action_distance |           0.922 |
|             Metric/avg_self_state_asymmetry |               0 |
|            Metric/avg_cross_state_asymmetry |         0.00515 |
|                Metric/avg_self_sa_asymmetry |               0 |
|               Metric/avg_cross_sa_asymmetry |         0.00785 |
|  Metric/self_state_action_to_state_distance |          0.0011 |
| Metric/cross_state_action_to_state_distance |           0.935 |
|                   Metric/h_lambda_diff_self |         0.00181 |
|                  Metric/h_lambda_diff_cross |           0.015 |
|                                 Eval/Return |           0.516 |
-----------------------------------------------------------------
-----------------------------------------------------------------
|                                 Train/Steps |        1.03e+06 |
|                            Loss/Loss_critic |        3.44e-05 |
|                             Loss/Loss_actor |          0.0564 |
|                             Loss/Loss_alpha |         6.3e-05 |
|               Loss/Loss_state_action_metric |         0.00277 |
|                      Loss/Loss_state_metric |         0.00195 |
|             Loss/Loss_state_action_to_state |        0.000197 |
|                           Loss/Act_rep_loss |           0.125 |
|                                   SAC/Alpha |        0.000263 |
|                              SAC/LogPi_mean |           0.281 |
|                                 SAC/Q1_mean |         -0.0558 |
|                                 SAC/Q2_mean |         -0.0469 |
|                            Norm/actor_model |            59.1 |
|                           Norm/critic_model |            95.9 |
|              Norm/state_action_metric_model |            48.2 |
|                     Norm/state_metric_model |            42.5 |
|        Norm/state_action_state_metric_model |            44.9 |
|                  Metric/self_state_distance |          0.0013 |
|                 Metric/cross_state_distance |           0.942 |
|           Metric/self_state_action_distance |          0.0101 |
|          Metric/cross_state_action_distance |           0.923 |
|             Metric/avg_self_state_asymmetry |               0 |
|            Metric/avg_cross_state_asymmetry |         0.00229 |
|                Metric/avg_self_sa_asymmetry |               0 |
|               Metric/avg_cross_sa_asymmetry |         0.00758 |
|  Metric/self_state_action_to_state_distance |         0.00388 |
| Metric/cross_state_action_to_state_distance |           0.919 |
|                   Metric/h_lambda_diff_self |            0.01 |
|                  Metric/h_lambda_diff_cross |         0.00786 |
|                                 Eval/Return |           0.227 |
-----------------------------------------------------------------
[32mSaving model …[0m
[32mDone.[0m
[32mSaving model …[0m
[32mDone.[0m
-----------------------------------------------------------------
|                                 Train/Steps |        1.16e+06 |
|                            Loss/Loss_critic |        0.000288 |
|                             Loss/Loss_actor |          0.0392 |
|                             Loss/Loss_alpha |        5.93e-06 |
|               Loss/Loss_state_action_metric |         0.00184 |
|                      Loss/Loss_state_metric |         0.00115 |
|             Loss/Loss_state_action_to_state |        0.000139 |
|                           Loss/Act_rep_loss |           0.119 |
|                                   SAC/Alpha |        0.000328 |
|                              SAC/LogPi_mean |           0.473 |
|                                 SAC/Q1_mean |         -0.0361 |
|                                 SAC/Q2_mean |         -0.0382 |
|                            Norm/actor_model |            62.3 |
|                           Norm/critic_model |            96.9 |
|              Norm/state_action_metric_model |            50.8 |
|                     Norm/state_metric_model |            44.5 |
|        Norm/state_action_state_metric_model |            46.6 |
|                  Metric/self_state_distance |         0.00157 |
|                 Metric/cross_state_distance |           0.945 |
|           Metric/self_state_action_distance |         0.00267 |
|          Metric/cross_state_action_distance |           0.929 |
|             Metric/avg_self_state_asymmetry |               0 |
|            Metric/avg_cross_state_asymmetry |         0.00261 |
|                Metric/avg_self_sa_asymmetry |               0 |
|               Metric/avg_cross_sa_asymmetry |         0.00545 |
|  Metric/self_state_action_to_state_distance |        0.000894 |
| Metric/cross_state_action_to_state_distance |           0.923 |
|                   Metric/h_lambda_diff_self |         0.00289 |
|                  Metric/h_lambda_diff_cross |         0.00857 |
|                                 Eval/Return |           0.234 |
-----------------------------------------------------------------
-----------------------------------------------------------------
|                                 Train/Steps |        1.29e+06 |
|                            Loss/Loss_critic |        0.000177 |
|                             Loss/Loss_actor |          0.0346 |
|                             Loss/Loss_alpha |        3.13e-05 |
|               Loss/Loss_state_action_metric |         0.00194 |
|                      Loss/Loss_state_metric |         0.00191 |
|             Loss/Loss_state_action_to_state |        7.72e-05 |
|                           Loss/Act_rep_loss |           0.122 |
|                                   SAC/Alpha |        0.000123 |
|                              SAC/LogPi_mean |           0.175 |
|                                 SAC/Q1_mean |         -0.0316 |
|                                 SAC/Q2_mean |         -0.0329 |
|                            Norm/actor_model |            65.3 |
|                           Norm/critic_model |            98.6 |
|              Norm/state_action_metric_model |            53.2 |
|                     Norm/state_metric_model |            46.6 |
|        Norm/state_action_state_metric_model |            48.5 |
|                  Metric/self_state_distance |        0.000861 |
|                 Metric/cross_state_distance |           0.942 |
|           Metric/self_state_action_distance |         0.00411 |
|          Metric/cross_state_action_distance |           0.925 |
|             Metric/avg_self_state_asymmetry |               0 |
|            Metric/avg_cross_state_asymmetry |         0.00425 |
|                Metric/avg_self_sa_asymmetry |               0 |
|               Metric/avg_cross_sa_asymmetry |         0.00482 |
|  Metric/self_state_action_to_state_distance |         0.00105 |
| Metric/cross_state_action_to_state_distance |           0.927 |
|                   Metric/h_lambda_diff_self |         0.00403 |
|                  Metric/h_lambda_diff_cross |         0.00501 |
|                                 Eval/Return |            1.44 |
-----------------------------------------------------------------
-----------------------------------------------------------------
|                                 Train/Steps |        1.42e+06 |
|                            Loss/Loss_critic |          0.0131 |
|                             Loss/Loss_actor |          0.0153 |
|                             Loss/Loss_alpha |         2.5e-05 |
|               Loss/Loss_state_action_metric |          0.0462 |
|                      Loss/Loss_state_metric |         0.00303 |
|             Loss/Loss_state_action_to_state |         0.00113 |
|                           Loss/Act_rep_loss |           0.124 |
|                                   SAC/Alpha |        0.000191 |
|                              SAC/LogPi_mean |           0.341 |
|                                 SAC/Q1_mean |         -0.0138 |
|                                 SAC/Q2_mean |         -0.0164 |
|                            Norm/actor_model |            68.4 |
|                           Norm/critic_model |             101 |
|              Norm/state_action_metric_model |            56.1 |
|                     Norm/state_metric_model |            48.6 |
|        Norm/state_action_state_metric_model |            50.2 |
|                  Metric/self_state_distance |        0.000786 |
|                 Metric/cross_state_distance |            0.95 |
|           Metric/self_state_action_distance |         0.00509 |
|          Metric/cross_state_action_distance |           0.935 |
|             Metric/avg_self_state_asymmetry |               0 |
|            Metric/avg_cross_state_asymmetry |         0.00346 |
|                Metric/avg_self_sa_asymmetry |               0 |
|               Metric/avg_cross_sa_asymmetry |          0.0054 |
|  Metric/self_state_action_to_state_distance |        0.000408 |
| Metric/cross_state_action_to_state_distance |           0.927 |
|                   Metric/h_lambda_diff_self |         0.00498 |
|                  Metric/h_lambda_diff_cross |          0.0133 |
|                                 Eval/Return |             1.6 |
-----------------------------------------------------------------
-----------------------------------------------------------------
|                                 Train/Steps |        1.54e+06 |
|                            Loss/Loss_critic |         0.00074 |
|                             Loss/Loss_actor |          0.0196 |
|                             Loss/Loss_alpha |       -0.000117 |
|               Loss/Loss_state_action_metric |         0.00298 |
|                      Loss/Loss_state_metric |         0.00217 |
|             Loss/Loss_state_action_to_state |        0.000683 |
|                           Loss/Act_rep_loss |            0.12 |
|                                   SAC/Alpha |        0.000224 |
|                              SAC/LogPi_mean |           0.968 |
|                                 SAC/Q1_mean |         -0.0183 |
|                                 SAC/Q2_mean |         -0.0165 |
|                            Norm/actor_model |            71.2 |
|                           Norm/critic_model |             103 |
|              Norm/state_action_metric_model |            58.8 |
|                     Norm/state_metric_model |            50.9 |
|        Norm/state_action_state_metric_model |            51.9 |
|                  Metric/self_state_distance |        0.000462 |
|                 Metric/cross_state_distance |           0.956 |
|           Metric/self_state_action_distance |         0.00136 |
|          Metric/cross_state_action_distance |           0.928 |
|             Metric/avg_self_state_asymmetry |               0 |
|            Metric/avg_cross_state_asymmetry |         0.00442 |
|                Metric/avg_self_sa_asymmetry |               0 |
|               Metric/avg_cross_sa_asymmetry |         0.00555 |
|  Metric/self_state_action_to_state_distance |         0.00171 |
| Metric/cross_state_action_to_state_distance |           0.931 |
|                   Metric/h_lambda_diff_self |         0.00177 |
|                  Metric/h_lambda_diff_cross |         0.00719 |
|                                 Eval/Return |            2.55 |
-----------------------------------------------------------------
-----------------------------------------------------------------
|                                 Train/Steps |        1.67e+06 |
|                            Loss/Loss_critic |          0.0433 |
|                             Loss/Loss_actor |          -0.114 |
|                             Loss/Loss_alpha |        0.000136 |
|               Loss/Loss_state_action_metric |          0.0575 |
|                      Loss/Loss_state_metric |          0.0294 |
|             Loss/Loss_state_action_to_state |         0.00113 |
|                           Loss/Act_rep_loss |           0.122 |
|                                   SAC/Alpha |        0.000302 |
|                              SAC/LogPi_mean |          0.0328 |
|                                 SAC/Q1_mean |           0.123 |
|                                 SAC/Q2_mean |           0.115 |
|                            Norm/actor_model |            74.2 |
|                           Norm/critic_model |             105 |
|              Norm/state_action_metric_model |            61.3 |
|                     Norm/state_metric_model |            52.7 |
|        Norm/state_action_state_metric_model |            53.9 |
|                  Metric/self_state_distance |         0.00143 |
|                 Metric/cross_state_distance |           0.966 |
|           Metric/self_state_action_distance |         0.00136 |
|          Metric/cross_state_action_distance |            0.97 |
|             Metric/avg_self_state_asymmetry |               0 |
|            Metric/avg_cross_state_asymmetry |         0.00527 |
|                Metric/avg_self_sa_asymmetry |               0 |
|               Metric/avg_cross_sa_asymmetry |         0.00657 |
|  Metric/self_state_action_to_state_distance |         0.00187 |
| Metric/cross_state_action_to_state_distance |           0.965 |
|                   Metric/h_lambda_diff_self |         0.00237 |
|                  Metric/h_lambda_diff_cross |         0.00689 |
|                                 Eval/Return |           0.781 |
-----------------------------------------------------------------
-----------------------------------------------------------------
|                                 Train/Steps |         1.8e+06 |
|                            Loss/Loss_critic |         0.00143 |
|                             Loss/Loss_actor |          0.0075 |
|                             Loss/Loss_alpha |       -0.000111 |
|               Loss/Loss_state_action_metric |         0.00206 |
|                      Loss/Loss_state_metric |         0.00125 |
|             Loss/Loss_state_action_to_state |        0.000153 |
|                           Loss/Act_rep_loss |           0.127 |
|                                   SAC/Alpha |        0.000169 |
|                              SAC/LogPi_mean |            1.17 |
|                                 SAC/Q1_mean |        -0.00298 |
|                                 SAC/Q2_mean |        -0.00723 |
|                            Norm/actor_model |            76.9 |
|                           Norm/critic_model |             107 |
|              Norm/state_action_metric_model |            63.4 |
|                     Norm/state_metric_model |            54.3 |
|        Norm/state_action_state_metric_model |            55.3 |
|                  Metric/self_state_distance |        0.000922 |
|                 Metric/cross_state_distance |           0.942 |
|           Metric/self_state_action_distance |        0.000681 |
|          Metric/cross_state_action_distance |           0.929 |
|             Metric/avg_self_state_asymmetry |               0 |
|            Metric/avg_cross_state_asymmetry |         0.00233 |
|                Metric/avg_self_sa_asymmetry |               0 |
|               Metric/avg_cross_sa_asymmetry |         0.00542 |
|  Metric/self_state_action_to_state_distance |          0.0011 |
| Metric/cross_state_action_to_state_distance |           0.923 |
|                   Metric/h_lambda_diff_self |         0.00117 |
|                  Metric/h_lambda_diff_cross |         0.00772 |
|                                 Eval/Return |           0.594 |
-----------------------------------------------------------------
-----------------------------------------------------------------
|                                 Train/Steps |        1.93e+06 |
|                            Loss/Loss_critic |        1.89e-06 |
|                             Loss/Loss_actor |           0.023 |
|                             Loss/Loss_alpha |        0.000108 |
|               Loss/Loss_state_action_metric |         0.00181 |
|                      Loss/Loss_state_metric |         0.00136 |
|             Loss/Loss_state_action_to_state |        5.45e-05 |
|                           Loss/Act_rep_loss |           0.122 |
|                                   SAC/Alpha |        0.000263 |
|                              SAC/LogPi_mean |          0.0649 |
|                                 SAC/Q1_mean |         -0.0226 |
|                                 SAC/Q2_mean |         -0.0215 |
|                            Norm/actor_model |            79.9 |
|                           Norm/critic_model |             109 |
|              Norm/state_action_metric_model |            65.8 |
|                     Norm/state_metric_model |            56.7 |
|        Norm/state_action_state_metric_model |            57.2 |
|                  Metric/self_state_distance |        0.000407 |
|                 Metric/cross_state_distance |           0.939 |
|           Metric/self_state_action_distance |          0.0031 |
|          Metric/cross_state_action_distance |           0.923 |
|             Metric/avg_self_state_asymmetry |               0 |
|            Metric/avg_cross_state_asymmetry |         0.00248 |
|                Metric/avg_self_sa_asymmetry |               0 |
|               Metric/avg_cross_sa_asymmetry |         0.00467 |
|  Metric/self_state_action_to_state_distance |         0.00113 |
| Metric/cross_state_action_to_state_distance |           0.923 |
|                   Metric/h_lambda_diff_self |         0.00346 |
|                  Metric/h_lambda_diff_cross |         0.00463 |
|                                 Eval/Return |            1.27 |
-----------------------------------------------------------------
-----------------------------------------------------------------
|                                 Train/Steps |        2.06e+06 |
|                            Loss/Loss_critic |        4.01e-05 |
|                             Loss/Loss_actor |          0.0158 |
|                             Loss/Loss_alpha |        7.06e-05 |
|               Loss/Loss_state_action_metric |         0.00138 |
|                      Loss/Loss_state_metric |        0.000928 |
|             Loss/Loss_state_action_to_state |        3.28e-05 |
|                           Loss/Act_rep_loss |           0.116 |
|                                   SAC/Alpha |         0.00032 |
|                              SAC/LogPi_mean |           0.291 |
|                                 SAC/Q1_mean |         -0.0159 |
|                                 SAC/Q2_mean |         -0.0147 |
|                            Norm/actor_model |            81.9 |
|                           Norm/critic_model |             111 |
|              Norm/state_action_metric_model |            68.3 |
|                     Norm/state_metric_model |            58.3 |
|        Norm/state_action_state_metric_model |            58.8 |
|                  Metric/self_state_distance |        0.000222 |
|                 Metric/cross_state_distance |           0.946 |
|           Metric/self_state_action_distance |         0.00372 |
|          Metric/cross_state_action_distance |            0.93 |
|             Metric/avg_self_state_asymmetry |               0 |
|            Metric/avg_cross_state_asymmetry |         0.00238 |
|                Metric/avg_self_sa_asymmetry |               0 |
|               Metric/avg_cross_sa_asymmetry |         0.00532 |
|  Metric/self_state_action_to_state_distance |        0.000944 |
| Metric/cross_state_action_to_state_distance |           0.923 |
|                   Metric/h_lambda_diff_self |         0.00361 |
|                  Metric/h_lambda_diff_cross |         0.00801 |
|                                 Eval/Return |           0.578 |
-----------------------------------------------------------------
[32mSaving model …[0m
[32mDone.[0m
[32mSaving model …[0m
[32mDone.[0m
[32mSaving model …[0m
[32mDone.[0m
[32mSaving model …[0m
[32mDone.[0m
