E0905 02:42:52.368313  659881 cuda_executor.cc:1526] Could not get kernel mode driver version: (INVALID_ARGUMENT: Version does not match the format X.Y.Z)
E0905 02:42:52.376847  659772 cuda_executor.cc:1526] Could not get kernel mode driver version: (INVALID_ARGUMENT: Version does not match the format X.Y.Z)
[32mStart prefilling replay buffer[0m
[32mStart SAC training[0m
[32m{'log_freq': 1000, 'save_freq': 1000000, 'eval_episode_freq': 10, 'hidden_size': 256, 'lr': 0.001, 'max_grad_norm': 0.0, 'gamma': 0.99, 'update_tau': 0.005, 'train_per_step': 8, 'episode_length': 1000, 'warmup_samples': 8192, 'max_replay_size': 4000000, 'batch_size': 512, 'total_env_steps': 5000000, 'init_temperature': 0.1, 'nstep': 3, 'bootstrap_on_truncation': True, 'rep_lr_scale': 1.5, 'critic_rep_metric_scale': 1.0, 'critic_rep_scale': 0.05, 'vis_feq': 100000, 'n_vis_frames': 4, 'num_envs': 128, 'grad_steps': 50, 'transfer_freq': 10, 'transfer_steps': 8, 'reward_scaling': 1.0, 'num_eval_envs': 128, 'target_entropy': -0.5}[0m
[32m[nstep] nstep=3 bootstrap_on_truncation=True (discount from the buffer already contains gamma^nstep)[0m
-----------------------------------------------------------------
|                                 Train/Steps |        1.36e+05 |
|                            Loss/Loss_critic |          0.0144 |
|                             Loss/Loss_actor |           -7.41 |
|                             Loss/Loss_alpha |         -0.0044 |
|               Loss/Loss_state_action_metric |           0.708 |
|                      Loss/Loss_state_metric |           0.337 |
|             Loss/Loss_state_action_to_state |         0.00156 |
|                           Loss/Act_rep_loss |         0.00631 |
|                        Loss/Critic_rep_loss |            5.37 |
|                                   SAC/Alpha |          0.0116 |
|                              SAC/LogPi_mean |           0.834 |
|                                 SAC/Q1_mean |            7.38 |
|                                 SAC/Q2_mean |            7.42 |
|                            Norm/actor_model |            34.7 |
|                           Norm/critic_model |            53.3 |
|              Norm/state_action_metric_model |            31.1 |
|                     Norm/state_metric_model |            32.1 |
|        Norm/state_action_state_metric_model |              31 |
|                  Metric/self_state_distance |          0.0182 |
|                 Metric/cross_state_distance |            1.65 |
|           Metric/self_state_action_distance |           0.059 |
|          Metric/cross_state_action_distance |            2.08 |
|             Metric/avg_self_state_asymmetry |               0 |
|            Metric/avg_cross_state_asymmetry |          0.0223 |
|                Metric/avg_self_sa_asymmetry |               0 |
|               Metric/avg_cross_sa_asymmetry |          0.0318 |
|  Metric/self_state_action_to_state_distance |          0.0199 |
| Metric/cross_state_action_to_state_distance |             2.1 |
|                   Metric/h_lambda_diff_self |          0.0393 |
|                  Metric/h_lambda_diff_cross |          0.0606 |
|                                 Eval/Return |             227 |
-----------------------------------------------------------------
-----------------------------------------------------------------
|                                 Train/Steps |        2.64e+05 |
|                            Loss/Loss_critic |          0.0992 |
|                             Loss/Loss_actor |           -29.8 |
|                             Loss/Loss_alpha |         0.00156 |
|               Loss/Loss_state_action_metric |            1.53 |
|                      Loss/Loss_state_metric |           0.634 |
|             Loss/Loss_state_action_to_state |         0.00234 |
|                           Loss/Act_rep_loss |         0.00657 |
|                        Loss/Critic_rep_loss |            17.1 |
|                                   SAC/Alpha |          0.0655 |
|                              SAC/LogPi_mean |           0.493 |
|                                 SAC/Q1_mean |            29.7 |
|                                 SAC/Q2_mean |            29.7 |
|                            Norm/actor_model |            54.5 |
|                           Norm/critic_model |             104 |
|              Norm/state_action_metric_model |            33.8 |
|                     Norm/state_metric_model |              39 |
|        Norm/state_action_state_metric_model |            33.1 |
|                  Metric/self_state_distance |          0.0121 |
|                 Metric/cross_state_distance |            1.98 |
|           Metric/self_state_action_distance |          0.0522 |
|          Metric/cross_state_action_distance |            2.87 |
|             Metric/avg_self_state_asymmetry |               0 |
|            Metric/avg_cross_state_asymmetry |           0.035 |
|                Metric/avg_self_sa_asymmetry |               0 |
|               Metric/avg_cross_sa_asymmetry |          0.0361 |
|  Metric/self_state_action_to_state_distance |          0.0172 |
| Metric/cross_state_action_to_state_distance |            2.81 |
|                   Metric/h_lambda_diff_self |          0.0357 |
|                  Metric/h_lambda_diff_cross |          0.0731 |
|                                 Eval/Return |             674 |
-----------------------------------------------------------------
-----------------------------------------------------------------
|                                 Train/Steps |        3.92e+05 |
|                            Loss/Loss_critic |           0.125 |
|                             Loss/Loss_actor |           -47.4 |
|                             Loss/Loss_alpha |         0.00639 |
|               Loss/Loss_state_action_metric |            2.06 |
|                      Loss/Loss_state_metric |            1.03 |
|             Loss/Loss_state_action_to_state |         0.00177 |
|                           Loss/Act_rep_loss |         0.00701 |
|                        Loss/Critic_rep_loss |            22.7 |
|                                   SAC/Alpha |          0.0693 |
|                              SAC/LogPi_mean |           0.449 |
|                                 SAC/Q1_mean |            47.3 |
|                                 SAC/Q2_mean |            47.3 |
|                            Norm/actor_model |            65.1 |
|                           Norm/critic_model |             123 |
|              Norm/state_action_metric_model |            36.8 |
|                     Norm/state_metric_model |            54.4 |
|        Norm/state_action_state_metric_model |            34.9 |
|                  Metric/self_state_distance |          0.0193 |
|                 Metric/cross_state_distance |            2.37 |
|           Metric/self_state_action_distance |          0.0329 |
|          Metric/cross_state_action_distance |            3.29 |
|             Metric/avg_self_state_asymmetry |               0 |
|            Metric/avg_cross_state_asymmetry |          0.0346 |
|                Metric/avg_self_sa_asymmetry |               0 |
|               Metric/avg_cross_sa_asymmetry |          0.0334 |
|  Metric/self_state_action_to_state_distance |          0.0168 |
| Metric/cross_state_action_to_state_distance |            3.25 |
|                   Metric/h_lambda_diff_self |          0.0244 |
|                  Metric/h_lambda_diff_cross |          0.0673 |
|                                 Eval/Return |             857 |
-----------------------------------------------------------------
-----------------------------------------------------------------
|                                 Train/Steps |         5.2e+05 |
|                            Loss/Loss_critic |          0.0812 |
|                             Loss/Loss_actor |           -59.5 |
|                             Loss/Loss_alpha |         0.00143 |
|               Loss/Loss_state_action_metric |            2.51 |
|                      Loss/Loss_state_metric |            1.21 |
|             Loss/Loss_state_action_to_state |         0.00206 |
|                           Loss/Act_rep_loss |         0.00494 |
|                        Loss/Critic_rep_loss |            26.9 |
|                                   SAC/Alpha |          0.0548 |
|                              SAC/LogPi_mean |           0.398 |
|                                 SAC/Q1_mean |            59.4 |
|                                 SAC/Q2_mean |            59.5 |
|                            Norm/actor_model |            72.9 |
|                           Norm/critic_model |             132 |
|              Norm/state_action_metric_model |            40.1 |
|                     Norm/state_metric_model |            64.4 |
|        Norm/state_action_state_metric_model |              37 |
|                  Metric/self_state_distance |         0.00923 |
|                 Metric/cross_state_distance |             2.5 |
|           Metric/self_state_action_distance |          0.0396 |
|          Metric/cross_state_action_distance |            3.42 |
|             Metric/avg_self_state_asymmetry |               0 |
|            Metric/avg_cross_state_asymmetry |           0.019 |
|                Metric/avg_self_sa_asymmetry |               0 |
|               Metric/avg_cross_sa_asymmetry |          0.0289 |
|  Metric/self_state_action_to_state_distance |          0.0109 |
| Metric/cross_state_action_to_state_distance |            3.44 |
|                   Metric/h_lambda_diff_self |          0.0295 |
|                  Metric/h_lambda_diff_cross |          0.0466 |
|                                 Eval/Return |             848 |
-----------------------------------------------------------------
-----------------------------------------------------------------
|                                 Train/Steps |        6.48e+05 |
|                            Loss/Loss_critic |             0.1 |
|                             Loss/Loss_actor |           -66.4 |
|                             Loss/Loss_alpha |         0.00101 |
|               Loss/Loss_state_action_metric |             2.8 |
|                      Loss/Loss_state_metric |            1.32 |
|             Loss/Loss_state_action_to_state |         0.00132 |
|                           Loss/Act_rep_loss |         0.00128 |
|                        Loss/Critic_rep_loss |            26.6 |
|                                   SAC/Alpha |          0.0423 |
|                              SAC/LogPi_mean |           0.484 |
|                                 SAC/Q1_mean |            66.4 |
|                                 SAC/Q2_mean |            66.3 |
|                            Norm/actor_model |            79.6 |
|                           Norm/critic_model |             139 |
|              Norm/state_action_metric_model |            43.3 |
|                     Norm/state_metric_model |            70.2 |
|        Norm/state_action_state_metric_model |            39.3 |
|                  Metric/self_state_distance |         0.00332 |
|                 Metric/cross_state_distance |            2.54 |
|           Metric/self_state_action_distance |          0.0372 |
|          Metric/cross_state_action_distance |            3.48 |
|             Metric/avg_self_state_asymmetry |               0 |
|            Metric/avg_cross_state_asymmetry |          0.0202 |
|                Metric/avg_self_sa_asymmetry |               0 |
|               Metric/avg_cross_sa_asymmetry |          0.0232 |
|  Metric/self_state_action_to_state_distance |          0.0086 |
| Metric/cross_state_action_to_state_distance |            3.47 |
|                   Metric/h_lambda_diff_self |          0.0287 |
|                  Metric/h_lambda_diff_cross |          0.0397 |
|                                 Eval/Return |             833 |
-----------------------------------------------------------------
-----------------------------------------------------------------
|                                 Train/Steps |        7.76e+05 |
|                            Loss/Loss_critic |          0.0792 |
|                             Loss/Loss_actor |           -70.1 |
|                             Loss/Loss_alpha |       -0.000875 |
|               Loss/Loss_state_action_metric |            2.42 |
|                      Loss/Loss_state_metric |            1.16 |
|             Loss/Loss_state_action_to_state |         0.00196 |
|                           Loss/Act_rep_loss |         0.00411 |
|                        Loss/Critic_rep_loss |            24.5 |
|                                   SAC/Alpha |          0.0361 |
|                              SAC/LogPi_mean |           0.564 |
|                                 SAC/Q1_mean |              70 |
|                                 SAC/Q2_mean |            70.1 |
|                            Norm/actor_model |            85.7 |
|                           Norm/critic_model |             145 |
|              Norm/state_action_metric_model |            46.2 |
|                     Norm/state_metric_model |              75 |
|        Norm/state_action_state_metric_model |              42 |
|                  Metric/self_state_distance |         0.00514 |
|                 Metric/cross_state_distance |            2.39 |
|           Metric/self_state_action_distance |           0.029 |
|          Metric/cross_state_action_distance |            3.27 |
|             Metric/avg_self_state_asymmetry |               0 |
|            Metric/avg_cross_state_asymmetry |          0.0175 |
|                Metric/avg_self_sa_asymmetry |               0 |
|               Metric/avg_cross_sa_asymmetry |           0.028 |
|  Metric/self_state_action_to_state_distance |          0.0111 |
| Metric/cross_state_action_to_state_distance |            3.27 |
|                   Metric/h_lambda_diff_self |          0.0188 |
|                  Metric/h_lambda_diff_cross |          0.0452 |
|                                 Eval/Return |             844 |
-----------------------------------------------------------------
-----------------------------------------------------------------
|                                 Train/Steps |        9.04e+05 |
|                            Loss/Loss_critic |          0.0891 |
|                             Loss/Loss_actor |             -74 |
|                             Loss/Loss_alpha |        -0.00192 |
|               Loss/Loss_state_action_metric |            2.77 |
|                      Loss/Loss_state_metric |            1.34 |
|             Loss/Loss_state_action_to_state |         0.00112 |
|                           Loss/Act_rep_loss |         0.00305 |
|                        Loss/Critic_rep_loss |              25 |
|                                   SAC/Alpha |          0.0326 |
|                              SAC/LogPi_mean |           0.505 |
|                                 SAC/Q1_mean |              74 |
|                                 SAC/Q2_mean |              74 |
|                            Norm/actor_model |            91.3 |
|                           Norm/critic_model |             150 |
|              Norm/state_action_metric_model |              49 |
|                     Norm/state_metric_model |            78.8 |
|        Norm/state_action_state_metric_model |            44.1 |
|                  Metric/self_state_distance |         0.00553 |
|                 Metric/cross_state_distance |             2.5 |
|           Metric/self_state_action_distance |          0.0248 |
|          Metric/cross_state_action_distance |            3.38 |
|             Metric/avg_self_state_asymmetry |               0 |
|            Metric/avg_cross_state_asymmetry |          0.0187 |
|                Metric/avg_self_sa_asymmetry |               0 |
|               Metric/avg_cross_sa_asymmetry |          0.0179 |
|  Metric/self_state_action_to_state_distance |          0.0101 |
| Metric/cross_state_action_to_state_distance |            3.41 |
|                   Metric/h_lambda_diff_self |          0.0166 |
|                  Metric/h_lambda_diff_cross |          0.0507 |
|                                 Eval/Return |             852 |
-----------------------------------------------------------------
-----------------------------------------------------------------
|                                 Train/Steps |        1.03e+06 |
|                            Loss/Loss_critic |          0.0679 |
|                             Loss/Loss_actor |           -75.7 |
|                             Loss/Loss_alpha |        -0.00559 |
|               Loss/Loss_state_action_metric |            2.57 |
|                      Loss/Loss_state_metric |            1.11 |
|             Loss/Loss_state_action_to_state |         0.00104 |
|                           Loss/Act_rep_loss |         0.00418 |
|                        Loss/Critic_rep_loss |            21.8 |
|                                   SAC/Alpha |            0.03 |
|                              SAC/LogPi_mean |           0.572 |
|                                 SAC/Q1_mean |            75.7 |
|                                 SAC/Q2_mean |            75.7 |
|                            Norm/actor_model |            96.5 |
|                           Norm/critic_model |             155 |
|              Norm/state_action_metric_model |            51.8 |
|                     Norm/state_metric_model |            82.4 |
|        Norm/state_action_state_metric_model |              47 |
|                  Metric/self_state_distance |         0.00482 |
|                 Metric/cross_state_distance |            2.26 |
|           Metric/self_state_action_distance |          0.0218 |
|          Metric/cross_state_action_distance |            3.07 |
|             Metric/avg_self_state_asymmetry |               0 |
|            Metric/avg_cross_state_asymmetry |          0.0131 |
|                Metric/avg_self_sa_asymmetry |               0 |
|               Metric/avg_cross_sa_asymmetry |          0.0247 |
|  Metric/self_state_action_to_state_distance |          0.0154 |
| Metric/cross_state_action_to_state_distance |            3.05 |
|                   Metric/h_lambda_diff_self |          0.0118 |
|                  Metric/h_lambda_diff_cross |           0.045 |
|                                 Eval/Return |             846 |
-----------------------------------------------------------------
[32mSaving model …[0m
[32mDone.[0m
[32mSaving model …[0m
[32mDone.[0m
-----------------------------------------------------------------
|                                 Train/Steps |        1.16e+06 |
|                            Loss/Loss_critic |          0.0678 |
|                             Loss/Loss_actor |           -77.3 |
|                             Loss/Loss_alpha |        -0.00142 |
|               Loss/Loss_state_action_metric |            2.22 |
|                      Loss/Loss_state_metric |            1.07 |
|             Loss/Loss_state_action_to_state |        0.000772 |
|                           Loss/Act_rep_loss |         0.00142 |
|                        Loss/Critic_rep_loss |            20.7 |
|                                   SAC/Alpha |          0.0267 |
|                              SAC/LogPi_mean |            0.53 |
|                                 SAC/Q1_mean |            77.3 |
|                                 SAC/Q2_mean |            77.3 |
|                            Norm/actor_model |             101 |
|                           Norm/critic_model |             159 |
|              Norm/state_action_metric_model |            54.4 |
|                     Norm/state_metric_model |            85.7 |
|        Norm/state_action_state_metric_model |            49.5 |
|                  Metric/self_state_distance |         0.00446 |
|                 Metric/cross_state_distance |            2.25 |
|           Metric/self_state_action_distance |          0.0182 |
|          Metric/cross_state_action_distance |            3.07 |
|             Metric/avg_self_state_asymmetry |               0 |
|            Metric/avg_cross_state_asymmetry |          0.0114 |
|                Metric/avg_self_sa_asymmetry |               0 |
|               Metric/avg_cross_sa_asymmetry |          0.0211 |
|  Metric/self_state_action_to_state_distance |         0.00623 |
| Metric/cross_state_action_to_state_distance |            3.05 |
|                   Metric/h_lambda_diff_self |          0.0123 |
|                  Metric/h_lambda_diff_cross |           0.045 |
|                                 Eval/Return |             840 |
-----------------------------------------------------------------
-----------------------------------------------------------------
|                                 Train/Steps |        1.29e+06 |
|                            Loss/Loss_critic |          0.0965 |
|                             Loss/Loss_actor |           -78.5 |
|                             Loss/Loss_alpha |        -0.00145 |
|               Loss/Loss_state_action_metric |            2.12 |
|                      Loss/Loss_state_metric |            1.07 |
|             Loss/Loss_state_action_to_state |         0.00102 |
|                           Loss/Act_rep_loss |         0.00402 |
|                        Loss/Critic_rep_loss |            20.3 |
|                                   SAC/Alpha |          0.0249 |
|                              SAC/LogPi_mean |           0.559 |
|                                 SAC/Q1_mean |            78.5 |
|                                 SAC/Q2_mean |            78.6 |
|                            Norm/actor_model |             106 |
|                           Norm/critic_model |             163 |
|              Norm/state_action_metric_model |              57 |
|                     Norm/state_metric_model |            88.6 |
|        Norm/state_action_state_metric_model |            52.6 |
|                  Metric/self_state_distance |         0.00419 |
|                 Metric/cross_state_distance |            2.24 |
|           Metric/self_state_action_distance |          0.0153 |
|          Metric/cross_state_action_distance |            3.07 |
|             Metric/avg_self_state_asymmetry |               0 |
|            Metric/avg_cross_state_asymmetry |          0.0129 |
|                Metric/avg_self_sa_asymmetry |               0 |
|               Metric/avg_cross_sa_asymmetry |          0.0216 |
|  Metric/self_state_action_to_state_distance |           0.012 |
| Metric/cross_state_action_to_state_distance |            3.05 |
|                   Metric/h_lambda_diff_self |         0.00923 |
|                  Metric/h_lambda_diff_cross |          0.0433 |
|                                 Eval/Return |             848 |
-----------------------------------------------------------------
-----------------------------------------------------------------
|                                 Train/Steps |        1.42e+06 |
|                            Loss/Loss_critic |          0.0306 |
|                             Loss/Loss_actor |           -80.7 |
|                             Loss/Loss_alpha |         0.00159 |
|               Loss/Loss_state_action_metric |            2.11 |
|                      Loss/Loss_state_metric |            1.09 |
|             Loss/Loss_state_action_to_state |         0.00112 |
|                           Loss/Act_rep_loss |          0.0026 |
|                        Loss/Critic_rep_loss |            19.8 |
|                                   SAC/Alpha |          0.0245 |
|                              SAC/LogPi_mean |           0.435 |
|                                 SAC/Q1_mean |            80.7 |
|                                 SAC/Q2_mean |            80.7 |
|                            Norm/actor_model |             110 |
|                           Norm/critic_model |             167 |
|              Norm/state_action_metric_model |            59.5 |
|                     Norm/state_metric_model |            92.3 |
|        Norm/state_action_state_metric_model |            55.1 |
|                  Metric/self_state_distance |         0.00465 |
|                 Metric/cross_state_distance |            2.25 |
|           Metric/self_state_action_distance |          0.0207 |
|          Metric/cross_state_action_distance |            3.07 |
|             Metric/avg_self_state_asymmetry |               0 |
|            Metric/avg_cross_state_asymmetry |          0.0173 |
|                Metric/avg_self_sa_asymmetry |               0 |
|               Metric/avg_cross_sa_asymmetry |          0.0228 |
|  Metric/self_state_action_to_state_distance |          0.0127 |
| Metric/cross_state_action_to_state_distance |            3.03 |
|                   Metric/h_lambda_diff_self |          0.0103 |
|                  Metric/h_lambda_diff_cross |          0.0489 |
|                                 Eval/Return |             842 |
-----------------------------------------------------------------
-----------------------------------------------------------------
|                                 Train/Steps |        1.54e+06 |
|                            Loss/Loss_critic |           0.108 |
|                             Loss/Loss_actor |           -80.2 |
|                             Loss/Loss_alpha |       -0.000205 |
|               Loss/Loss_state_action_metric |            2.78 |
|                      Loss/Loss_state_metric |            1.13 |
|             Loss/Loss_state_action_to_state |        0.000746 |
|                           Loss/Act_rep_loss |         0.00729 |
|                        Loss/Critic_rep_loss |            18.7 |
|                                   SAC/Alpha |          0.0231 |
|                              SAC/LogPi_mean |           0.564 |
|                                 SAC/Q1_mean |            80.2 |
|                                 SAC/Q2_mean |            80.2 |
|                            Norm/actor_model |             114 |
|                           Norm/critic_model |             171 |
|              Norm/state_action_metric_model |              62 |
|                     Norm/state_metric_model |            94.8 |
|        Norm/state_action_state_metric_model |            57.8 |
|                  Metric/self_state_distance |         0.00585 |
|                 Metric/cross_state_distance |            2.26 |
|           Metric/self_state_action_distance |          0.0165 |
|          Metric/cross_state_action_distance |            2.99 |
|             Metric/avg_self_state_asymmetry |               0 |
|            Metric/avg_cross_state_asymmetry |          0.0131 |
|                Metric/avg_self_sa_asymmetry |               0 |
|               Metric/avg_cross_sa_asymmetry |          0.0237 |
|  Metric/self_state_action_to_state_distance |          0.0051 |
| Metric/cross_state_action_to_state_distance |            2.98 |
|                   Metric/h_lambda_diff_self |          0.0118 |
|                  Metric/h_lambda_diff_cross |          0.0364 |
|                                 Eval/Return |             848 |
-----------------------------------------------------------------
-----------------------------------------------------------------
|                                 Train/Steps |        1.67e+06 |
|                            Loss/Loss_critic |          0.0439 |
|                             Loss/Loss_actor |           -81.6 |
|                             Loss/Loss_alpha |        -0.00186 |
|               Loss/Loss_state_action_metric |            2.24 |
|                      Loss/Loss_state_metric |             1.1 |
|             Loss/Loss_state_action_to_state |         0.00098 |
|                           Loss/Act_rep_loss |         0.00254 |
|                        Loss/Critic_rep_loss |            18.4 |
|                                   SAC/Alpha |          0.0229 |
|                              SAC/LogPi_mean |            0.63 |
|                                 SAC/Q1_mean |            81.6 |
|                                 SAC/Q2_mean |            81.6 |
|                            Norm/actor_model |             117 |
|                           Norm/critic_model |             175 |
|              Norm/state_action_metric_model |            64.4 |
|                     Norm/state_metric_model |            96.9 |
|        Norm/state_action_state_metric_model |            60.2 |
|                  Metric/self_state_distance |         0.00264 |
|                 Metric/cross_state_distance |            2.24 |
|           Metric/self_state_action_distance |          0.0123 |
|          Metric/cross_state_action_distance |            3.01 |
|             Metric/avg_self_state_asymmetry |               0 |
|            Metric/avg_cross_state_asymmetry |          0.0102 |
|                Metric/avg_self_sa_asymmetry |               0 |
|               Metric/avg_cross_sa_asymmetry |          0.0185 |
|  Metric/self_state_action_to_state_distance |         0.00274 |
| Metric/cross_state_action_to_state_distance |            2.98 |
|                   Metric/h_lambda_diff_self |         0.00955 |
|                  Metric/h_lambda_diff_cross |          0.0472 |
|                                 Eval/Return |             851 |
-----------------------------------------------------------------
-----------------------------------------------------------------
|                                 Train/Steps |         1.8e+06 |
|                            Loss/Loss_critic |          0.0605 |
|                             Loss/Loss_actor |           -80.9 |
|                             Loss/Loss_alpha |        -0.00105 |
|               Loss/Loss_state_action_metric |            2.21 |
|                      Loss/Loss_state_metric |            1.08 |
|             Loss/Loss_state_action_to_state |         0.00118 |
|                           Loss/Act_rep_loss |         0.00693 |
|                        Loss/Critic_rep_loss |            18.5 |
|                                   SAC/Alpha |          0.0206 |
|                              SAC/LogPi_mean |           0.631 |
|                                 SAC/Q1_mean |            80.9 |
|                                 SAC/Q2_mean |            80.9 |
|                            Norm/actor_model |             121 |
|                           Norm/critic_model |             179 |
|              Norm/state_action_metric_model |            66.7 |
|                     Norm/state_metric_model |            99.8 |
|        Norm/state_action_state_metric_model |            63.8 |
|                  Metric/self_state_distance |         0.00369 |
|                 Metric/cross_state_distance |            2.17 |
|           Metric/self_state_action_distance |          0.0143 |
|          Metric/cross_state_action_distance |            2.85 |
|             Metric/avg_self_state_asymmetry |               0 |
|            Metric/avg_cross_state_asymmetry |          0.0144 |
|                Metric/avg_self_sa_asymmetry |               0 |
|               Metric/avg_cross_sa_asymmetry |          0.0165 |
|  Metric/self_state_action_to_state_distance |          0.0152 |
| Metric/cross_state_action_to_state_distance |            2.87 |
|                   Metric/h_lambda_diff_self |          0.0104 |
|                  Metric/h_lambda_diff_cross |          0.0324 |
|                                 Eval/Return |             849 |
-----------------------------------------------------------------
-----------------------------------------------------------------
|                                 Train/Steps |        1.93e+06 |
|                            Loss/Loss_critic |          0.0668 |
|                             Loss/Loss_actor |           -83.3 |
|                             Loss/Loss_alpha |        1.18e-06 |
|               Loss/Loss_state_action_metric |            2.24 |
|                      Loss/Loss_state_metric |            1.02 |
|             Loss/Loss_state_action_to_state |        0.000639 |
|                           Loss/Act_rep_loss |         0.00153 |
|                        Loss/Critic_rep_loss |            17.5 |
|                                   SAC/Alpha |          0.0208 |
|                              SAC/LogPi_mean |           0.569 |
|                                 SAC/Q1_mean |            83.3 |
|                                 SAC/Q2_mean |            83.3 |
|                            Norm/actor_model |             124 |
|                           Norm/critic_model |             183 |
|              Norm/state_action_metric_model |            68.9 |
|                     Norm/state_metric_model |             102 |
|        Norm/state_action_state_metric_model |              66 |
|                  Metric/self_state_distance |         0.00376 |
|                 Metric/cross_state_distance |            2.17 |
|           Metric/self_state_action_distance |          0.0133 |
|          Metric/cross_state_action_distance |            2.88 |
|             Metric/avg_self_state_asymmetry |               0 |
|            Metric/avg_cross_state_asymmetry |          0.0128 |
|                Metric/avg_self_sa_asymmetry |               0 |
|               Metric/avg_cross_sa_asymmetry |          0.0254 |
|  Metric/self_state_action_to_state_distance |         0.00526 |
| Metric/cross_state_action_to_state_distance |            2.87 |
|                   Metric/h_lambda_diff_self |         0.00967 |
|                  Metric/h_lambda_diff_cross |          0.0304 |
|                                 Eval/Return |             853 |
-----------------------------------------------------------------
-----------------------------------------------------------------
|                                 Train/Steps |        2.06e+06 |
|                            Loss/Loss_critic |          0.0623 |
|                             Loss/Loss_actor |           -83.3 |
|                             Loss/Loss_alpha |       -0.000119 |
|               Loss/Loss_state_action_metric |            2.45 |
|                      Loss/Loss_state_metric |            1.06 |
|             Loss/Loss_state_action_to_state |         0.00245 |
|                           Loss/Act_rep_loss |          0.0232 |
|                        Loss/Critic_rep_loss |            18.2 |
|                                   SAC/Alpha |          0.0194 |
|                              SAC/LogPi_mean |           0.488 |
|                                 SAC/Q1_mean |            83.3 |
|                                 SAC/Q2_mean |            83.2 |
|                            Norm/actor_model |             127 |
|                           Norm/critic_model |             186 |
|              Norm/state_action_metric_model |            71.2 |
|                     Norm/state_metric_model |             105 |
|        Norm/state_action_state_metric_model |            68.4 |
|                  Metric/self_state_distance |           0.016 |
|                 Metric/cross_state_distance |            2.18 |
|           Metric/self_state_action_distance |          0.0192 |
|          Metric/cross_state_action_distance |             2.9 |
|             Metric/avg_self_state_asymmetry |               0 |
|            Metric/avg_cross_state_asymmetry |          0.0193 |
|                Metric/avg_self_sa_asymmetry |               0 |
|               Metric/avg_cross_sa_asymmetry |          0.0199 |
|  Metric/self_state_action_to_state_distance |           0.019 |
| Metric/cross_state_action_to_state_distance |            2.93 |
|                   Metric/h_lambda_diff_self |          0.0117 |
|                  Metric/h_lambda_diff_cross |           0.055 |
|                                 Eval/Return |             853 |
-----------------------------------------------------------------
[32mSaving model …[0m
[32mDone.[0m
[32mSaving model …[0m
[32mDone.[0m
-----------------------------------------------------------------
|                                 Train/Steps |        2.18e+06 |
|                            Loss/Loss_critic |          0.0565 |
|                             Loss/Loss_actor |           -84.2 |
|                             Loss/Loss_alpha |       -0.000211 |
|               Loss/Loss_state_action_metric |            2.08 |
|                      Loss/Loss_state_metric |           0.945 |
|             Loss/Loss_state_action_to_state |         0.00102 |
|                           Loss/Act_rep_loss |        0.000357 |
|                        Loss/Critic_rep_loss |              15 |
|                                   SAC/Alpha |          0.0192 |
|                              SAC/LogPi_mean |           0.555 |
|                                 SAC/Q1_mean |            84.1 |
|                                 SAC/Q2_mean |            84.3 |
|                            Norm/actor_model |             130 |
|                           Norm/critic_model |             190 |
|              Norm/state_action_metric_model |            73.3 |
|                     Norm/state_metric_model |             107 |
|        Norm/state_action_state_metric_model |            70.7 |
|                  Metric/self_state_distance |         0.00282 |
|                 Metric/cross_state_distance |            2.07 |
|           Metric/self_state_action_distance |          0.0132 |
|          Metric/cross_state_action_distance |            2.73 |
|             Metric/avg_self_state_asymmetry |               0 |
|            Metric/avg_cross_state_asymmetry |         0.00765 |
|                Metric/avg_self_sa_asymmetry |               0 |
|               Metric/avg_cross_sa_asymmetry |          0.0121 |
|  Metric/self_state_action_to_state_distance |          0.0041 |
| Metric/cross_state_action_to_state_distance |            2.72 |
|                   Metric/h_lambda_diff_self |         0.00982 |
|                  Metric/h_lambda_diff_cross |          0.0232 |
|                                 Eval/Return |             860 |
-----------------------------------------------------------------
-----------------------------------------------------------------
|                                 Train/Steps |        2.31e+06 |
|                            Loss/Loss_critic |          0.0326 |
|                             Loss/Loss_actor |           -84.5 |
|                             Loss/Loss_alpha |         0.00166 |
|               Loss/Loss_state_action_metric |            2.05 |
|                      Loss/Loss_state_metric |            1.01 |
|             Loss/Loss_state_action_to_state |        0.000653 |
|                           Loss/Act_rep_loss |         0.00126 |
|                        Loss/Critic_rep_loss |            15.7 |
|                                   SAC/Alpha |          0.0191 |
|                              SAC/LogPi_mean |           0.395 |
|                                 SAC/Q1_mean |            84.5 |
|                                 SAC/Q2_mean |            84.6 |
|                            Norm/actor_model |             133 |
|                           Norm/critic_model |             193 |
|              Norm/state_action_metric_model |            75.4 |
|                     Norm/state_metric_model |             110 |
|        Norm/state_action_state_metric_model |            72.9 |
|                  Metric/self_state_distance |         0.00301 |
|                 Metric/cross_state_distance |            2.13 |
|           Metric/self_state_action_distance |          0.0123 |
|          Metric/cross_state_action_distance |            2.85 |
|             Metric/avg_self_state_asymmetry |               0 |
|            Metric/avg_cross_state_asymmetry |         0.00917 |
|                Metric/avg_self_sa_asymmetry |               0 |
|               Metric/avg_cross_sa_asymmetry |          0.0227 |
|  Metric/self_state_action_to_state_distance |         0.00819 |
| Metric/cross_state_action_to_state_distance |            2.84 |
|                   Metric/h_lambda_diff_self |          0.0125 |
|                  Metric/h_lambda_diff_cross |          0.0297 |
|                                 Eval/Return |             855 |
-----------------------------------------------------------------
-----------------------------------------------------------------
|                                 Train/Steps |        2.44e+06 |
|                            Loss/Loss_critic |          0.0333 |
|                             Loss/Loss_actor |           -85.5 |
|                             Loss/Loss_alpha |       -0.000851 |
|               Loss/Loss_state_action_metric |            2.32 |
|                      Loss/Loss_state_metric |           0.959 |
|             Loss/Loss_state_action_to_state |        0.000479 |
|                           Loss/Act_rep_loss |        0.000213 |
|                        Loss/Critic_rep_loss |            15.4 |
|                                   SAC/Alpha |          0.0193 |
|                              SAC/LogPi_mean |           0.509 |
|                                 SAC/Q1_mean |            85.5 |
|                                 SAC/Q2_mean |            85.6 |
|                            Norm/actor_model |             136 |
|                           Norm/critic_model |             196 |
|              Norm/state_action_metric_model |            77.4 |
|                     Norm/state_metric_model |             112 |
|        Norm/state_action_state_metric_model |            74.9 |
|                  Metric/self_state_distance |         0.00285 |
|                 Metric/cross_state_distance |            2.09 |
|           Metric/self_state_action_distance |         0.00825 |
|          Metric/cross_state_action_distance |            2.75 |
|             Metric/avg_self_state_asymmetry |               0 |
|            Metric/avg_cross_state_asymmetry |         0.00865 |
|                Metric/avg_self_sa_asymmetry |               0 |
|               Metric/avg_cross_sa_asymmetry |          0.0139 |
|  Metric/self_state_action_to_state_distance |         0.00261 |
| Metric/cross_state_action_to_state_distance |            2.75 |
|                   Metric/h_lambda_diff_self |         0.00629 |
|                  Metric/h_lambda_diff_cross |          0.0209 |
|                                 Eval/Return |             854 |
-----------------------------------------------------------------
-----------------------------------------------------------------
|                                 Train/Steps |        2.57e+06 |
|                            Loss/Loss_critic |          0.0225 |
|                             Loss/Loss_actor |             -86 |
|                             Loss/Loss_alpha |          0.0025 |
|               Loss/Loss_state_action_metric |            1.76 |
|                      Loss/Loss_state_metric |           0.922 |
|             Loss/Loss_state_action_to_state |        0.000451 |
|                           Loss/Act_rep_loss |        0.000676 |
|                        Loss/Critic_rep_loss |            15.2 |
|                                   SAC/Alpha |          0.0195 |
|                              SAC/LogPi_mean |           0.325 |
|                                 SAC/Q1_mean |              86 |
|                                 SAC/Q2_mean |              86 |
|                            Norm/actor_model |             138 |
|                           Norm/critic_model |             200 |
|              Norm/state_action_metric_model |            79.3 |
|                     Norm/state_metric_model |             115 |
|        Norm/state_action_state_metric_model |            77.2 |
|                  Metric/self_state_distance |         0.00197 |
|                 Metric/cross_state_distance |            2.05 |
|           Metric/self_state_action_distance |           0.014 |
|          Metric/cross_state_action_distance |            2.67 |
|             Metric/avg_self_state_asymmetry |               0 |
|            Metric/avg_cross_state_asymmetry |          0.0102 |
|                Metric/avg_self_sa_asymmetry |               0 |
|               Metric/avg_cross_sa_asymmetry |          0.0261 |
|  Metric/self_state_action_to_state_distance |         0.00359 |
| Metric/cross_state_action_to_state_distance |            2.68 |
|                   Metric/h_lambda_diff_self |          0.0108 |
|                  Metric/h_lambda_diff_cross |          0.0235 |
|                                 Eval/Return |             858 |
-----------------------------------------------------------------
-----------------------------------------------------------------
|                                 Train/Steps |         2.7e+06 |
|                            Loss/Loss_critic |          0.0314 |
|                             Loss/Loss_actor |           -87.5 |
|                             Loss/Loss_alpha |       -0.000686 |
|               Loss/Loss_state_action_metric |            1.75 |
|                      Loss/Loss_state_metric |           0.832 |
|             Loss/Loss_state_action_to_state |         0.00237 |
|                           Loss/Act_rep_loss |        0.000636 |
|                        Loss/Critic_rep_loss |            13.4 |
|                                   SAC/Alpha |           0.019 |
|                              SAC/LogPi_mean |           0.543 |
|                                 SAC/Q1_mean |            87.5 |
|                                 SAC/Q2_mean |            87.5 |
|                            Norm/actor_model |             141 |
|                           Norm/critic_model |             203 |
|              Norm/state_action_metric_model |            81.2 |
|                     Norm/state_metric_model |             118 |
|        Norm/state_action_state_metric_model |            79.4 |
|                  Metric/self_state_distance |         0.00296 |
|                 Metric/cross_state_distance |            1.95 |
|           Metric/self_state_action_distance |          0.0179 |
|          Metric/cross_state_action_distance |            2.52 |
|             Metric/avg_self_state_asymmetry |               0 |
|            Metric/avg_cross_state_asymmetry |          0.0127 |
|                Metric/avg_self_sa_asymmetry |               0 |
|               Metric/avg_cross_sa_asymmetry |          0.0142 |
|  Metric/self_state_action_to_state_distance |          0.0264 |
| Metric/cross_state_action_to_state_distance |            2.54 |
|                   Metric/h_lambda_diff_self |          0.0266 |
|                  Metric/h_lambda_diff_cross |          0.0402 |
|                                 Eval/Return |             860 |
-----------------------------------------------------------------
-----------------------------------------------------------------
|                                 Train/Steps |        2.82e+06 |
|                            Loss/Loss_critic |          0.0258 |
|                             Loss/Loss_actor |           -85.4 |
|                             Loss/Loss_alpha |        -0.00114 |
|               Loss/Loss_state_action_metric |            2.22 |
|                      Loss/Loss_state_metric |               1 |
|             Loss/Loss_state_action_to_state |        0.000508 |
|                           Loss/Act_rep_loss |        0.000363 |
|                        Loss/Critic_rep_loss |            15.6 |
|                                   SAC/Alpha |          0.0183 |
|                              SAC/LogPi_mean |           0.525 |
|                                 SAC/Q1_mean |            85.4 |
|                                 SAC/Q2_mean |            85.4 |
|                            Norm/actor_model |             143 |
|                           Norm/critic_model |             206 |
|              Norm/state_action_metric_model |              83 |
|                     Norm/state_metric_model |             121 |
|        Norm/state_action_state_metric_model |            81.6 |
|                  Metric/self_state_distance |         0.00431 |
|                 Metric/cross_state_distance |            2.12 |
|           Metric/self_state_action_distance |         0.00902 |
|          Metric/cross_state_action_distance |            2.79 |
|             Metric/avg_self_state_asymmetry |               0 |
|            Metric/avg_cross_state_asymmetry |          0.0112 |
|                Metric/avg_self_sa_asymmetry |               0 |
|               Metric/avg_cross_sa_asymmetry |          0.0127 |
|  Metric/self_state_action_to_state_distance |         0.00334 |
| Metric/cross_state_action_to_state_distance |            2.81 |
|                   Metric/h_lambda_diff_self |         0.00645 |
|                  Metric/h_lambda_diff_cross |          0.0278 |
|                                 Eval/Return |             860 |
-----------------------------------------------------------------
-----------------------------------------------------------------
|                                 Train/Steps |        2.95e+06 |
|                            Loss/Loss_critic |           0.033 |
|                             Loss/Loss_actor |           -85.7 |
|                             Loss/Loss_alpha |       -0.000211 |
|               Loss/Loss_state_action_metric |            2.46 |
|                      Loss/Loss_state_metric |           0.989 |
|             Loss/Loss_state_action_to_state |         0.00049 |
|                           Loss/Act_rep_loss |         0.00661 |
|                        Loss/Critic_rep_loss |            14.9 |
|                                   SAC/Alpha |          0.0173 |
|                              SAC/LogPi_mean |           0.548 |
|                                 SAC/Q1_mean |            85.7 |
|                                 SAC/Q2_mean |            85.7 |
|                            Norm/actor_model |             146 |
|                           Norm/critic_model |             209 |
|              Norm/state_action_metric_model |            84.8 |
|                     Norm/state_metric_model |             124 |
|        Norm/state_action_state_metric_model |            83.6 |
|                  Metric/self_state_distance |          0.0112 |
|                 Metric/cross_state_distance |            2.09 |
|           Metric/self_state_action_distance |          0.0181 |
|          Metric/cross_state_action_distance |            2.77 |
|             Metric/avg_self_state_asymmetry |               0 |
|            Metric/avg_cross_state_asymmetry |          0.0131 |
|                Metric/avg_self_sa_asymmetry |               0 |
|               Metric/avg_cross_sa_asymmetry |          0.0252 |
|  Metric/self_state_action_to_state_distance |         0.00342 |
| Metric/cross_state_action_to_state_distance |            2.76 |
|                   Metric/h_lambda_diff_self |           0.015 |
|                  Metric/h_lambda_diff_cross |          0.0273 |
|                                 Eval/Return |             860 |
-----------------------------------------------------------------
-----------------------------------------------------------------
|                                 Train/Steps |        3.08e+06 |
|                            Loss/Loss_critic |          0.0229 |
|                             Loss/Loss_actor |           -87.1 |
|                             Loss/Loss_alpha |        0.000751 |
|               Loss/Loss_state_action_metric |            2.19 |
|                      Loss/Loss_state_metric |           0.904 |
|             Loss/Loss_state_action_to_state |        0.000573 |
|                           Loss/Act_rep_loss |         0.00155 |
|                        Loss/Critic_rep_loss |            14.5 |
|                                   SAC/Alpha |          0.0176 |
|                              SAC/LogPi_mean |           0.463 |
|                                 SAC/Q1_mean |            87.1 |
|                                 SAC/Q2_mean |            87.1 |
|                            Norm/actor_model |             148 |
|                           Norm/critic_model |             212 |
|              Norm/state_action_metric_model |            86.4 |
|                     Norm/state_metric_model |             125 |
|        Norm/state_action_state_metric_model |            85.9 |
|                  Metric/self_state_distance |         0.00216 |
|                 Metric/cross_state_distance |               2 |
|           Metric/self_state_action_distance |          0.0114 |
|          Metric/cross_state_action_distance |            2.64 |
|             Metric/avg_self_state_asymmetry |               0 |
|            Metric/avg_cross_state_asymmetry |         0.00785 |
|                Metric/avg_self_sa_asymmetry |               0 |
|               Metric/avg_cross_sa_asymmetry |          0.0117 |
|  Metric/self_state_action_to_state_distance |         0.00407 |
| Metric/cross_state_action_to_state_distance |            2.63 |
|                   Metric/h_lambda_diff_self |         0.00804 |
|                  Metric/h_lambda_diff_cross |          0.0217 |
|                                 Eval/Return |             862 |
-----------------------------------------------------------------
[32mSaving model …[0m
[32mDone.[0m
[32mSaving model …[0m
[32mDone.[0m
-----------------------------------------------------------------
|                                 Train/Steps |        3.21e+06 |
|                            Loss/Loss_critic |          0.0448 |
|                             Loss/Loss_actor |           -85.6 |
|                             Loss/Loss_alpha |        -0.00266 |
|               Loss/Loss_state_action_metric |            2.23 |
|                      Loss/Loss_state_metric |            1.08 |
|             Loss/Loss_state_action_to_state |        0.000651 |
|                           Loss/Act_rep_loss |        0.000198 |
|                        Loss/Critic_rep_loss |            16.2 |
|                                   SAC/Alpha |          0.0174 |
|                              SAC/LogPi_mean |           0.564 |
|                                 SAC/Q1_mean |            85.6 |
|                                 SAC/Q2_mean |            85.5 |
|                            Norm/actor_model |             150 |
|                           Norm/critic_model |             215 |
|              Norm/state_action_metric_model |            88.2 |
|                     Norm/state_metric_model |             128 |
|        Norm/state_action_state_metric_model |            87.6 |
|                  Metric/self_state_distance |         0.00315 |
|                 Metric/cross_state_distance |            2.19 |
|           Metric/self_state_action_distance |          0.0169 |
|          Metric/cross_state_action_distance |            2.93 |
|             Metric/avg_self_state_asymmetry |               0 |
|            Metric/avg_cross_state_asymmetry |          0.0078 |
|                Metric/avg_self_sa_asymmetry |               0 |
|               Metric/avg_cross_sa_asymmetry |          0.0142 |
|  Metric/self_state_action_to_state_distance |         0.00268 |
| Metric/cross_state_action_to_state_distance |            2.93 |
|                   Metric/h_lambda_diff_self |          0.0145 |
|                  Metric/h_lambda_diff_cross |          0.0209 |
|                                 Eval/Return |             861 |
-----------------------------------------------------------------
-----------------------------------------------------------------
|                                 Train/Steps |        3.34e+06 |
|                            Loss/Loss_critic |          0.0172 |
|                             Loss/Loss_actor |             -86 |
|                             Loss/Loss_alpha |       -0.000691 |
|               Loss/Loss_state_action_metric |            2.53 |
|                      Loss/Loss_state_metric |            1.07 |
|             Loss/Loss_state_action_to_state |        0.000844 |
|                           Loss/Act_rep_loss |        0.000542 |
|                        Loss/Critic_rep_loss |            15.4 |
|                                   SAC/Alpha |          0.0161 |
|                              SAC/LogPi_mean |           0.521 |
|                                 SAC/Q1_mean |              86 |
|                                 SAC/Q2_mean |              86 |
|                            Norm/actor_model |             153 |
|                           Norm/critic_model |             218 |
|              Norm/state_action_metric_model |            89.9 |
|                     Norm/state_metric_model |             130 |
|        Norm/state_action_state_metric_model |              90 |
|                  Metric/self_state_distance |         0.00377 |
|                 Metric/cross_state_distance |            2.16 |
|           Metric/self_state_action_distance |          0.0154 |
|          Metric/cross_state_action_distance |            2.85 |
|             Metric/avg_self_state_asymmetry |               0 |
|            Metric/avg_cross_state_asymmetry |         0.00803 |
|                Metric/avg_self_sa_asymmetry |               0 |
|               Metric/avg_cross_sa_asymmetry |          0.0129 |
|  Metric/self_state_action_to_state_distance |         0.00575 |
| Metric/cross_state_action_to_state_distance |            2.85 |
|                   Metric/h_lambda_diff_self |          0.0114 |
|                  Metric/h_lambda_diff_cross |          0.0199 |
|                                 Eval/Return |             864 |
-----------------------------------------------------------------
-----------------------------------------------------------------
|                                 Train/Steps |        3.46e+06 |
|                            Loss/Loss_critic |          0.0303 |
|                             Loss/Loss_actor |           -87.3 |
|                             Loss/Loss_alpha |        0.000392 |
|               Loss/Loss_state_action_metric |            1.93 |
|                      Loss/Loss_state_metric |           0.882 |
|             Loss/Loss_state_action_to_state |        0.000422 |
|                           Loss/Act_rep_loss |         0.00265 |
|                        Loss/Critic_rep_loss |            13.7 |
|                                   SAC/Alpha |          0.0174 |
|                              SAC/LogPi_mean |           0.458 |
|                                 SAC/Q1_mean |            87.3 |
|                                 SAC/Q2_mean |            87.3 |
|                            Norm/actor_model |             155 |
|                           Norm/critic_model |             220 |
|              Norm/state_action_metric_model |            91.6 |
|                     Norm/state_metric_model |             133 |
|        Norm/state_action_state_metric_model |            92.1 |
|                  Metric/self_state_distance |         0.00383 |
|                 Metric/cross_state_distance |               2 |
|           Metric/self_state_action_distance |           0.011 |
|          Metric/cross_state_action_distance |            2.64 |
|             Metric/avg_self_state_asymmetry |               0 |
|            Metric/avg_cross_state_asymmetry |         0.00987 |
|                Metric/avg_self_sa_asymmetry |               0 |
|               Metric/avg_cross_sa_asymmetry |          0.0117 |
|  Metric/self_state_action_to_state_distance |         0.00484 |
| Metric/cross_state_action_to_state_distance |            2.65 |
|                   Metric/h_lambda_diff_self |         0.00753 |
|                  Metric/h_lambda_diff_cross |          0.0231 |
|                                 Eval/Return |             832 |
-----------------------------------------------------------------
-----------------------------------------------------------------
|                                 Train/Steps |        3.59e+06 |
|                            Loss/Loss_critic |          0.0302 |
|                             Loss/Loss_actor |           -87.7 |
|                             Loss/Loss_alpha |          0.0004 |
|               Loss/Loss_state_action_metric |            1.84 |
|                      Loss/Loss_state_metric |           0.892 |
|             Loss/Loss_state_action_to_state |        0.000437 |
|                           Loss/Act_rep_loss |        8.32e-05 |
|                        Loss/Critic_rep_loss |            13.6 |
|                                   SAC/Alpha |          0.0169 |
|                              SAC/LogPi_mean |           0.569 |
|                                 SAC/Q1_mean |            87.7 |
|                                 SAC/Q2_mean |            87.8 |
|                            Norm/actor_model |             157 |
|                           Norm/critic_model |             223 |
|              Norm/state_action_metric_model |            93.3 |
|                     Norm/state_metric_model |             135 |
|        Norm/state_action_state_metric_model |            93.9 |
|                  Metric/self_state_distance |          0.0016 |
|                 Metric/cross_state_distance |               2 |
|           Metric/self_state_action_distance |           0.017 |
|          Metric/cross_state_action_distance |            2.63 |
|             Metric/avg_self_state_asymmetry |               0 |
|            Metric/avg_cross_state_asymmetry |         0.00788 |
|                Metric/avg_self_sa_asymmetry |               0 |
|               Metric/avg_cross_sa_asymmetry |          0.0117 |
|  Metric/self_state_action_to_state_distance |         0.00681 |
| Metric/cross_state_action_to_state_distance |            2.64 |
|                   Metric/h_lambda_diff_self |          0.0129 |
|                  Metric/h_lambda_diff_cross |          0.0261 |
|                                 Eval/Return |             864 |
-----------------------------------------------------------------
-----------------------------------------------------------------
|                                 Train/Steps |        3.72e+06 |
|                            Loss/Loss_critic |          0.0404 |
|                             Loss/Loss_actor |           -87.2 |
|                             Loss/Loss_alpha |        0.000168 |
|               Loss/Loss_state_action_metric |            1.67 |
|                      Loss/Loss_state_metric |           0.859 |
|             Loss/Loss_state_action_to_state |        0.000566 |
|                           Loss/Act_rep_loss |         0.00138 |
|                        Loss/Critic_rep_loss |              14 |
|                                   SAC/Alpha |          0.0158 |
|                              SAC/LogPi_mean |           0.495 |
|                                 SAC/Q1_mean |            87.2 |
|                                 SAC/Q2_mean |            87.2 |
|                            Norm/actor_model |             159 |
|                           Norm/critic_model |             226 |
|              Norm/state_action_metric_model |              95 |
|                     Norm/state_metric_model |             138 |
|        Norm/state_action_state_metric_model |            95.6 |
|                  Metric/self_state_distance |         0.00716 |
|                 Metric/cross_state_distance |            1.99 |
|           Metric/self_state_action_distance |         0.00893 |
|          Metric/cross_state_action_distance |            2.61 |
|             Metric/avg_self_state_asymmetry |               0 |
|            Metric/avg_cross_state_asymmetry |         0.00991 |
|                Metric/avg_self_sa_asymmetry |               0 |
|               Metric/avg_cross_sa_asymmetry |          0.0121 |
|  Metric/self_state_action_to_state_distance |         0.00403 |
| Metric/cross_state_action_to_state_distance |            2.61 |
|                   Metric/h_lambda_diff_self |         0.00736 |
|                  Metric/h_lambda_diff_cross |          0.0246 |
|                                 Eval/Return |             861 |
-----------------------------------------------------------------
-----------------------------------------------------------------
|                                 Train/Steps |        3.85e+06 |
|                            Loss/Loss_critic |          0.0119 |
|                             Loss/Loss_actor |             -87 |
|                             Loss/Loss_alpha |       -0.000596 |
|               Loss/Loss_state_action_metric |            1.71 |
|                      Loss/Loss_state_metric |            0.83 |
|             Loss/Loss_state_action_to_state |        0.000501 |
|                           Loss/Act_rep_loss |        0.000371 |
|                        Loss/Critic_rep_loss |            13.4 |
|                                   SAC/Alpha |          0.0164 |
|                              SAC/LogPi_mean |           0.557 |
|                                 SAC/Q1_mean |              87 |
|                                 SAC/Q2_mean |              87 |
|                            Norm/actor_model |             161 |
|                           Norm/critic_model |             229 |
|              Norm/state_action_metric_model |            96.6 |
|                     Norm/state_metric_model |             140 |
|        Norm/state_action_state_metric_model |            97.5 |
|                  Metric/self_state_distance |         0.00155 |
|                 Metric/cross_state_distance |            1.94 |
|           Metric/self_state_action_distance |         0.00912 |
|          Metric/cross_state_action_distance |            2.55 |
|             Metric/avg_self_state_asymmetry |               0 |
|            Metric/avg_cross_state_asymmetry |         0.00878 |
|                Metric/avg_self_sa_asymmetry |               0 |
|               Metric/avg_cross_sa_asymmetry |          0.0155 |
|  Metric/self_state_action_to_state_distance |         0.00249 |
| Metric/cross_state_action_to_state_distance |            2.53 |
|                   Metric/h_lambda_diff_self |         0.00671 |
|                  Metric/h_lambda_diff_cross |          0.0294 |
|                                 Eval/Return |             864 |
-----------------------------------------------------------------
-----------------------------------------------------------------
|                                 Train/Steps |        3.98e+06 |
|                            Loss/Loss_critic |          0.0168 |
|                             Loss/Loss_actor |           -87.9 |
|                             Loss/Loss_alpha |       -3.71e-05 |
|               Loss/Loss_state_action_metric |            2.37 |
|                      Loss/Loss_state_metric |           0.989 |
|             Loss/Loss_state_action_to_state |        0.000376 |
|                           Loss/Act_rep_loss |        0.000581 |
|                        Loss/Critic_rep_loss |            14.3 |
|                                   SAC/Alpha |          0.0165 |
|                              SAC/LogPi_mean |            0.46 |
|                                 SAC/Q1_mean |            87.9 |
|                                 SAC/Q2_mean |            87.9 |
|                            Norm/actor_model |             163 |
|                           Norm/critic_model |             231 |
|              Norm/state_action_metric_model |            98.2 |
|                     Norm/state_metric_model |             143 |
|        Norm/state_action_state_metric_model |            99.7 |
|                  Metric/self_state_distance |         0.00291 |
|                 Metric/cross_state_distance |             2.1 |
|           Metric/self_state_action_distance |         0.00681 |
|          Metric/cross_state_action_distance |            2.75 |
|             Metric/avg_self_state_asymmetry |               0 |
|            Metric/avg_cross_state_asymmetry |         0.00812 |
|                Metric/avg_self_sa_asymmetry |               0 |
|               Metric/avg_cross_sa_asymmetry |          0.0122 |
|  Metric/self_state_action_to_state_distance |         0.00456 |
| Metric/cross_state_action_to_state_distance |            2.75 |
|                   Metric/h_lambda_diff_self |         0.00411 |
|                  Metric/h_lambda_diff_cross |          0.0194 |
|                                 Eval/Return |             864 |
-----------------------------------------------------------------
-----------------------------------------------------------------
|                                 Train/Steps |         4.1e+06 |
|                            Loss/Loss_critic |          0.0167 |
|                             Loss/Loss_actor |           -89.3 |
|                             Loss/Loss_alpha |       -0.000181 |
|               Loss/Loss_state_action_metric |            1.73 |
|                      Loss/Loss_state_metric |           0.806 |
|             Loss/Loss_state_action_to_state |        0.000455 |
|                           Loss/Act_rep_loss |        0.000967 |
|                        Loss/Critic_rep_loss |            10.6 |
|                                   SAC/Alpha |          0.0133 |
|                              SAC/LogPi_mean |           0.518 |
|                                 SAC/Q1_mean |            89.3 |
|                                 SAC/Q2_mean |            89.3 |
|                            Norm/actor_model |             165 |
|                           Norm/critic_model |             233 |
|              Norm/state_action_metric_model |            99.8 |
|                     Norm/state_metric_model |             146 |
|        Norm/state_action_state_metric_model |             102 |
|                  Metric/self_state_distance |         0.00259 |
|                 Metric/cross_state_distance |            1.89 |
|           Metric/self_state_action_distance |          0.0104 |
|          Metric/cross_state_action_distance |            2.46 |
|             Metric/avg_self_state_asymmetry |               0 |
|            Metric/avg_cross_state_asymmetry |         0.00849 |
|                Metric/avg_self_sa_asymmetry |               0 |
|               Metric/avg_cross_sa_asymmetry |           0.016 |
|  Metric/self_state_action_to_state_distance |          0.0112 |
| Metric/cross_state_action_to_state_distance |            2.46 |
|                   Metric/h_lambda_diff_self |         0.00955 |
|                  Metric/h_lambda_diff_cross |          0.0182 |
|                                 Eval/Return |             855 |
-----------------------------------------------------------------
[32mSaving model …[0m
[32mDone.[0m
[32mSaving model …[0m
[32mDone.[0m
-----------------------------------------------------------------
|                                 Train/Steps |        4.23e+06 |
|                            Loss/Loss_critic |         0.00245 |
|                             Loss/Loss_actor |           -88.8 |
|                             Loss/Loss_alpha |        -0.00118 |
|               Loss/Loss_state_action_metric |            2.59 |
|                      Loss/Loss_state_metric |           0.957 |
|             Loss/Loss_state_action_to_state |        0.000328 |
|                           Loss/Act_rep_loss |        0.000848 |
|                        Loss/Critic_rep_loss |            12.6 |
|                                   SAC/Alpha |          0.0115 |
|                              SAC/LogPi_mean |            0.58 |
|                                 SAC/Q1_mean |            88.9 |
|                                 SAC/Q2_mean |            88.9 |
|                            Norm/actor_model |             166 |
|                           Norm/critic_model |             234 |
|              Norm/state_action_metric_model |             101 |
|                     Norm/state_metric_model |             148 |
|        Norm/state_action_state_metric_model |             104 |
|                  Metric/self_state_distance |         0.00217 |
|                 Metric/cross_state_distance |            2.02 |
|           Metric/self_state_action_distance |         0.00719 |
|          Metric/cross_state_action_distance |            2.66 |
|             Metric/avg_self_state_asymmetry |               0 |
|            Metric/avg_cross_state_asymmetry |         0.00492 |
|                Metric/avg_self_sa_asymmetry |               0 |
|               Metric/avg_cross_sa_asymmetry |          0.0152 |
|  Metric/self_state_action_to_state_distance |         0.00569 |
| Metric/cross_state_action_to_state_distance |            2.66 |
|                   Metric/h_lambda_diff_self |         0.00469 |
|                  Metric/h_lambda_diff_cross |          0.0173 |
|                                 Eval/Return |             861 |
-----------------------------------------------------------------
-----------------------------------------------------------------
|                                 Train/Steps |        4.36e+06 |
|                            Loss/Loss_critic |         0.00276 |
|                             Loss/Loss_actor |           -89.8 |
|                             Loss/Loss_alpha |        8.19e-05 |
|               Loss/Loss_state_action_metric |            1.98 |
|                      Loss/Loss_state_metric |           0.894 |
|             Loss/Loss_state_action_to_state |         0.00024 |
|                           Loss/Act_rep_loss |        0.000968 |
|                        Loss/Critic_rep_loss |            11.1 |
|                                   SAC/Alpha |          0.0116 |
|                              SAC/LogPi_mean |           0.552 |
|                                 SAC/Q1_mean |            89.8 |
|                                 SAC/Q2_mean |            89.9 |
|                            Norm/actor_model |             166 |
|                           Norm/critic_model |             234 |
|              Norm/state_action_metric_model |             103 |
|                     Norm/state_metric_model |             151 |
|        Norm/state_action_state_metric_model |             105 |
|                  Metric/self_state_distance |         0.00173 |
|                 Metric/cross_state_distance |            1.95 |
|           Metric/self_state_action_distance |         0.00821 |
|          Metric/cross_state_action_distance |            2.49 |
|             Metric/avg_self_state_asymmetry |               0 |
|            Metric/avg_cross_state_asymmetry |         0.00398 |
|                Metric/avg_self_sa_asymmetry |               0 |
|               Metric/avg_cross_sa_asymmetry |         0.00787 |
|  Metric/self_state_action_to_state_distance |         0.00243 |
| Metric/cross_state_action_to_state_distance |             2.5 |
|                   Metric/h_lambda_diff_self |         0.00617 |
|                  Metric/h_lambda_diff_cross |           0.017 |
|                                 Eval/Return |             865 |
-----------------------------------------------------------------
-----------------------------------------------------------------
|                                 Train/Steps |        4.49e+06 |
|                            Loss/Loss_critic |         0.00439 |
|                             Loss/Loss_actor |           -91.2 |
|                             Loss/Loss_alpha |       -0.000398 |
|               Loss/Loss_state_action_metric |             1.9 |
|                      Loss/Loss_state_metric |           0.782 |
|             Loss/Loss_state_action_to_state |        0.000295 |
|                           Loss/Act_rep_loss |         0.00127 |
|                        Loss/Critic_rep_loss |            9.61 |
|                                   SAC/Alpha |          0.0114 |
|                              SAC/LogPi_mean |           0.499 |
|                                 SAC/Q1_mean |            91.2 |
|                                 SAC/Q2_mean |            91.3 |
|                            Norm/actor_model |             166 |
|                           Norm/critic_model |             234 |
|              Norm/state_action_metric_model |             104 |
|                     Norm/state_metric_model |             154 |
|        Norm/state_action_state_metric_model |             107 |
|                  Metric/self_state_distance |        0.000869 |
|                 Metric/cross_state_distance |            1.85 |
|           Metric/self_state_action_distance |          0.0061 |
|          Metric/cross_state_action_distance |            2.36 |
|             Metric/avg_self_state_asymmetry |               0 |
|            Metric/avg_cross_state_asymmetry |          0.0046 |
|                Metric/avg_self_sa_asymmetry |               0 |
|               Metric/avg_cross_sa_asymmetry |         0.00727 |
|  Metric/self_state_action_to_state_distance |         0.00209 |
| Metric/cross_state_action_to_state_distance |            2.37 |
|                   Metric/h_lambda_diff_self |         0.00435 |
|                  Metric/h_lambda_diff_cross |          0.0198 |
|                                 Eval/Return |             848 |
-----------------------------------------------------------------
-----------------------------------------------------------------
|                                 Train/Steps |        4.62e+06 |
|                            Loss/Loss_critic |         0.00154 |
|                             Loss/Loss_actor |           -91.5 |
|                             Loss/Loss_alpha |        0.000409 |
|               Loss/Loss_state_action_metric |            1.67 |
|                      Loss/Loss_state_metric |           0.738 |
|             Loss/Loss_state_action_to_state |        0.000192 |
|                           Loss/Act_rep_loss |         0.00103 |
|                        Loss/Critic_rep_loss |            8.81 |
|                                   SAC/Alpha |          0.0112 |
|                              SAC/LogPi_mean |           0.482 |
|                                 SAC/Q1_mean |            91.5 |
|                                 SAC/Q2_mean |            91.5 |
|                            Norm/actor_model |             167 |
|                           Norm/critic_model |             234 |
|              Norm/state_action_metric_model |             106 |
|                     Norm/state_metric_model |             157 |
|        Norm/state_action_state_metric_model |             108 |
|                  Metric/self_state_distance |         0.00283 |
|                 Metric/cross_state_distance |             1.8 |
|           Metric/self_state_action_distance |          0.0114 |
|          Metric/cross_state_action_distance |            2.28 |
|             Metric/avg_self_state_asymmetry |               0 |
|            Metric/avg_cross_state_asymmetry |         0.00535 |
|                Metric/avg_self_sa_asymmetry |               0 |
|               Metric/avg_cross_sa_asymmetry |         0.00579 |
|  Metric/self_state_action_to_state_distance |        0.000842 |
| Metric/cross_state_action_to_state_distance |            2.28 |
|                   Metric/h_lambda_diff_self |          0.0107 |
|                  Metric/h_lambda_diff_cross |          0.0148 |
|                                 Eval/Return |             857 |
-----------------------------------------------------------------
-----------------------------------------------------------------
|                                 Train/Steps |        4.74e+06 |
|                            Loss/Loss_critic |         0.00333 |
|                             Loss/Loss_actor |           -92.7 |
|                             Loss/Loss_alpha |       -3.52e-05 |
|               Loss/Loss_state_action_metric |            1.12 |
|                      Loss/Loss_state_metric |            0.59 |
|             Loss/Loss_state_action_to_state |        0.000233 |
|                           Loss/Act_rep_loss |          0.0223 |
|                        Loss/Critic_rep_loss |            7.19 |
|                                   SAC/Alpha |          0.0107 |
|                              SAC/LogPi_mean |           0.484 |
|                                 SAC/Q1_mean |            92.8 |
|                                 SAC/Q2_mean |            92.7 |
|                            Norm/actor_model |             167 |
|                           Norm/critic_model |             234 |
|              Norm/state_action_metric_model |             107 |
|                     Norm/state_metric_model |             160 |
|        Norm/state_action_state_metric_model |             110 |
|                  Metric/self_state_distance |          0.0223 |
|                 Metric/cross_state_distance |            1.64 |
|           Metric/self_state_action_distance |          0.0158 |
|          Metric/cross_state_action_distance |               2 |
|             Metric/avg_self_state_asymmetry |               0 |
|            Metric/avg_cross_state_asymmetry |          0.0137 |
|                Metric/avg_self_sa_asymmetry |               0 |
|               Metric/avg_cross_sa_asymmetry |          0.0305 |
|  Metric/self_state_action_to_state_distance |         0.00132 |
| Metric/cross_state_action_to_state_distance |            2.03 |
|                   Metric/h_lambda_diff_self |          0.0144 |
|                  Metric/h_lambda_diff_cross |          0.0354 |
|                                 Eval/Return |             867 |
-----------------------------------------------------------------
-----------------------------------------------------------------
|                                 Train/Steps |        4.87e+06 |
|                            Loss/Loss_critic |          0.0016 |
|                             Loss/Loss_actor |             -92 |
|                             Loss/Loss_alpha |       -0.000518 |
|               Loss/Loss_state_action_metric |            1.54 |
|                      Loss/Loss_state_metric |           0.736 |
|             Loss/Loss_state_action_to_state |        0.000333 |
|                           Loss/Act_rep_loss |          0.0159 |
|                        Loss/Critic_rep_loss |            8.62 |
|                                   SAC/Alpha |          0.0106 |
|                              SAC/LogPi_mean |           0.484 |
|                                 SAC/Q1_mean |              92 |
|                                 SAC/Q2_mean |              92 |
|                            Norm/actor_model |             168 |
|                           Norm/critic_model |             234 |
|              Norm/state_action_metric_model |             108 |
|                     Norm/state_metric_model |             163 |
|        Norm/state_action_state_metric_model |             112 |
|                  Metric/self_state_distance |          0.0254 |
|                 Metric/cross_state_distance |            1.78 |
|           Metric/self_state_action_distance |         0.00875 |
|          Metric/cross_state_action_distance |            2.26 |
|             Metric/avg_self_state_asymmetry |               0 |
|            Metric/avg_cross_state_asymmetry |          0.0106 |
|                Metric/avg_self_sa_asymmetry |               0 |
|               Metric/avg_cross_sa_asymmetry |         0.00951 |
|  Metric/self_state_action_to_state_distance |         0.00121 |
| Metric/cross_state_action_to_state_distance |            2.26 |
|                   Metric/h_lambda_diff_self |         0.00779 |
|                  Metric/h_lambda_diff_cross |          0.0249 |
|                                 Eval/Return |             864 |
-----------------------------------------------------------------
-----------------------------------------------------------------
|                                 Train/Steps |           5e+06 |
|                            Loss/Loss_critic |          0.0034 |
|                             Loss/Loss_actor |           -92.1 |
|                             Loss/Loss_alpha |        6.68e-05 |
|               Loss/Loss_state_action_metric |             1.9 |
|                      Loss/Loss_state_metric |           0.763 |
|             Loss/Loss_state_action_to_state |         0.00019 |
|                           Loss/Act_rep_loss |        0.000138 |
|                        Loss/Critic_rep_loss |            8.56 |
|                                   SAC/Alpha |          0.0117 |
|                              SAC/LogPi_mean |           0.465 |
|                                 SAC/Q1_mean |            92.1 |
|                                 SAC/Q2_mean |            92.1 |
|                            Norm/actor_model |             168 |
|                           Norm/critic_model |             235 |
|              Norm/state_action_metric_model |             110 |
|                     Norm/state_metric_model |             166 |
|        Norm/state_action_state_metric_model |             114 |
|                  Metric/self_state_distance |          0.0016 |
|                 Metric/cross_state_distance |            1.82 |
|           Metric/self_state_action_distance |         0.00687 |
|          Metric/cross_state_action_distance |            2.32 |
|             Metric/avg_self_state_asymmetry |               0 |
|            Metric/avg_cross_state_asymmetry |         0.00392 |
|                Metric/avg_self_sa_asymmetry |               0 |
|               Metric/avg_cross_sa_asymmetry |         0.00832 |
|  Metric/self_state_action_to_state_distance |         0.00122 |
| Metric/cross_state_action_to_state_distance |            2.32 |
|                   Metric/h_lambda_diff_self |         0.00581 |
|                  Metric/h_lambda_diff_cross |          0.0161 |
|                                 Eval/Return |             866 |
-----------------------------------------------------------------
[32mSaving model …[0m
[32mDone.[0m
[32mSaving model …[0m
[32mDone.[0m
