E0905 03:05:15.459746  664915 cuda_executor.cc:1526] Could not get kernel mode driver version: (INVALID_ARGUMENT: Version does not match the format X.Y.Z)
E0905 03:05:15.468270  664806 cuda_executor.cc:1526] Could not get kernel mode driver version: (INVALID_ARGUMENT: Version does not match the format X.Y.Z)
[32mStart prefilling replay buffer[0m
[32mStart SAC training[0m
[32m{'log_freq': 1000, 'save_freq': 1000000, 'eval_episode_freq': 10, 'hidden_size': 256, 'lr': 0.001, 'max_grad_norm': 0.0, 'gamma': 0.99, 'update_tau': 0.005, 'train_per_step': 8, 'episode_length': 1000, 'warmup_samples': 8192, 'max_replay_size': 4000000, 'batch_size': 512, 'total_env_steps': 5000000, 'init_temperature': 0.1, 'nstep': 3, 'bootstrap_on_truncation': True, 'rep_lr_scale': 1.5, 'critic_rep_metric_scale': 1.0, 'critic_rep_scale': 0.05, 'vis_feq': 100000, 'n_vis_frames': 4, 'num_envs': 128, 'grad_steps': 50, 'transfer_freq': 10, 'transfer_steps': 8, 'reward_scaling': 1.0, 'num_eval_envs': 128, 'target_entropy': -0.5}[0m
[32m[nstep] nstep=3 bootstrap_on_truncation=True (discount from the buffer already contains gamma^nstep)[0m
-----------------------------------------------------------------
|                                 Train/Steps |        1.36e+05 |
|                            Loss/Loss_critic |        1.31e-06 |
|                             Loss/Loss_actor |          -0.169 |
|                             Loss/Loss_alpha |         0.00178 |
|               Loss/Loss_state_action_metric |         0.00357 |
|                      Loss/Loss_state_metric |           0.003 |
|             Loss/Loss_state_action_to_state |        1.59e-05 |
|                           Loss/Act_rep_loss |            0.17 |
|                        Loss/Critic_rep_loss |               0 |
|                                   SAC/Alpha |         0.00158 |
|                              SAC/LogPi_mean |          -0.654 |
|                                 SAC/Q1_mean |           0.168 |
|                                 SAC/Q2_mean |            0.17 |
|                            Norm/actor_model |              20 |
|                           Norm/critic_model |            23.8 |
|              Norm/state_action_metric_model |            30.7 |
|                     Norm/state_metric_model |            30.8 |
|        Norm/state_action_state_metric_model |            30.7 |
|                  Metric/self_state_distance |         0.00325 |
|                 Metric/cross_state_distance |           0.908 |
|           Metric/self_state_action_distance |         0.00587 |
|          Metric/cross_state_action_distance |           0.892 |
|             Metric/avg_self_state_asymmetry |               0 |
|            Metric/avg_cross_state_asymmetry |         0.00198 |
|                Metric/avg_self_sa_asymmetry |               0 |
|               Metric/avg_cross_sa_asymmetry |         0.00308 |
|  Metric/self_state_action_to_state_distance |         0.00369 |
| Metric/cross_state_action_to_state_distance |           0.889 |
|                   Metric/h_lambda_diff_self |         0.00278 |
|                  Metric/h_lambda_diff_cross |         0.00336 |
|                                 Eval/Return |               0 |
-----------------------------------------------------------------
-----------------------------------------------------------------
|                                 Train/Steps |        2.64e+05 |
|                            Loss/Loss_critic |        5.36e-08 |
|                             Loss/Loss_actor |         -0.0537 |
|                             Loss/Loss_alpha |       -0.000238 |
|               Loss/Loss_state_action_metric |         0.00472 |
|                      Loss/Loss_state_metric |         0.00201 |
|             Loss/Loss_state_action_to_state |        5.49e-05 |
|                           Loss/Act_rep_loss |           0.159 |
|                        Loss/Critic_rep_loss |               0 |
|                                   SAC/Alpha |        8.75e-05 |
|                              SAC/LogPi_mean |            3.21 |
|                                 SAC/Q1_mean |          0.0539 |
|                                 SAC/Q2_mean |          0.0539 |
|                            Norm/actor_model |            27.9 |
|                           Norm/critic_model |              24 |
|              Norm/state_action_metric_model |            31.6 |
|                     Norm/state_metric_model |            31.9 |
|        Norm/state_action_state_metric_model |            32.2 |
|                  Metric/self_state_distance |         0.00476 |
|                 Metric/cross_state_distance |            0.92 |
|           Metric/self_state_action_distance |          0.0187 |
|          Metric/cross_state_action_distance |           0.911 |
|             Metric/avg_self_state_asymmetry |               0 |
|            Metric/avg_cross_state_asymmetry |         0.00101 |
|                Metric/avg_self_sa_asymmetry |               0 |
|               Metric/avg_cross_sa_asymmetry |         0.00642 |
|  Metric/self_state_action_to_state_distance |         0.00129 |
| Metric/cross_state_action_to_state_distance |           0.902 |
|                   Metric/h_lambda_diff_self |          0.0174 |
|                  Metric/h_lambda_diff_cross |          0.0117 |
|                                 Eval/Return |               0 |
-----------------------------------------------------------------
-----------------------------------------------------------------
|                                 Train/Steps |        3.92e+05 |
|                            Loss/Loss_critic |          0.0101 |
|                             Loss/Loss_actor |         -0.0481 |
|                             Loss/Loss_alpha |        0.000131 |
|               Loss/Loss_state_action_metric |          0.0436 |
|                      Loss/Loss_state_metric |         0.00672 |
|             Loss/Loss_state_action_to_state |         0.00177 |
|                           Loss/Act_rep_loss |           0.112 |
|                        Loss/Critic_rep_loss |          0.0348 |
|                                   SAC/Alpha |        0.000446 |
|                              SAC/LogPi_mean |           0.173 |
|                                 SAC/Q1_mean |          0.0494 |
|                                 SAC/Q2_mean |          0.0502 |
|                            Norm/actor_model |            40.2 |
|                           Norm/critic_model |            37.7 |
|              Norm/state_action_metric_model |            37.1 |
|                     Norm/state_metric_model |            36.3 |
|        Norm/state_action_state_metric_model |            37.3 |
|                  Metric/self_state_distance |         0.00584 |
|                 Metric/cross_state_distance |           0.975 |
|           Metric/self_state_action_distance |          0.0146 |
|          Metric/cross_state_action_distance |           0.965 |
|             Metric/avg_self_state_asymmetry |               0 |
|            Metric/avg_cross_state_asymmetry |         0.00712 |
|                Metric/avg_self_sa_asymmetry |               0 |
|               Metric/avg_cross_sa_asymmetry |          0.0158 |
|  Metric/self_state_action_to_state_distance |         0.00434 |
| Metric/cross_state_action_to_state_distance |           0.964 |
|                   Metric/h_lambda_diff_self |          0.0104 |
|                  Metric/h_lambda_diff_cross |          0.0178 |
|                                 Eval/Return |            21.1 |
-----------------------------------------------------------------
-----------------------------------------------------------------
|                                 Train/Steps |         5.2e+05 |
|                            Loss/Loss_critic |         0.00253 |
|                             Loss/Loss_actor |          -0.191 |
|                             Loss/Loss_alpha |       -8.16e-05 |
|               Loss/Loss_state_action_metric |         0.00889 |
|                      Loss/Loss_state_metric |         0.00222 |
|             Loss/Loss_state_action_to_state |         0.00107 |
|                           Loss/Act_rep_loss |           0.116 |
|                        Loss/Critic_rep_loss |           0.211 |
|                                   SAC/Alpha |        0.000647 |
|                              SAC/LogPi_mean |           0.594 |
|                                 SAC/Q1_mean |           0.192 |
|                                 SAC/Q2_mean |           0.188 |
|                            Norm/actor_model |            47.9 |
|                           Norm/critic_model |            48.8 |
|              Norm/state_action_metric_model |            40.9 |
|                     Norm/state_metric_model |            39.6 |
|        Norm/state_action_state_metric_model |            40.9 |
|                  Metric/self_state_distance |         0.00677 |
|                 Metric/cross_state_distance |            0.96 |
|           Metric/self_state_action_distance |          0.0128 |
|          Metric/cross_state_action_distance |            0.94 |
|             Metric/avg_self_state_asymmetry |               0 |
|            Metric/avg_cross_state_asymmetry |         0.00618 |
|                Metric/avg_self_sa_asymmetry |               0 |
|               Metric/avg_cross_sa_asymmetry |         0.00925 |
|  Metric/self_state_action_to_state_distance |         0.00687 |
| Metric/cross_state_action_to_state_distance |           0.945 |
|                   Metric/h_lambda_diff_self |         0.00756 |
|                  Metric/h_lambda_diff_cross |           0.013 |
|                                 Eval/Return |               0 |
-----------------------------------------------------------------
-----------------------------------------------------------------
|                                 Train/Steps |        6.48e+05 |
|                            Loss/Loss_critic |          0.0142 |
|                             Loss/Loss_actor |           -1.17 |
|                             Loss/Loss_alpha |       -0.000201 |
|               Loss/Loss_state_action_metric |           0.123 |
|                      Loss/Loss_state_metric |           0.039 |
|             Loss/Loss_state_action_to_state |         0.00306 |
|                           Loss/Act_rep_loss |          0.0379 |
|                        Loss/Critic_rep_loss |            1.36 |
|                                   SAC/Alpha |         0.00306 |
|                              SAC/LogPi_mean |           0.497 |
|                                 SAC/Q1_mean |            1.17 |
|                                 SAC/Q2_mean |            1.16 |
|                            Norm/actor_model |            54.3 |
|                           Norm/critic_model |            64.6 |
|              Norm/state_action_metric_model |            45.6 |
|                     Norm/state_metric_model |            42.4 |
|        Norm/state_action_state_metric_model |            43.4 |
|                  Metric/self_state_distance |         0.00807 |
|                 Metric/cross_state_distance |            1.06 |
|           Metric/self_state_action_distance |          0.0257 |
|          Metric/cross_state_action_distance |             1.1 |
|             Metric/avg_self_state_asymmetry |               0 |
|            Metric/avg_cross_state_asymmetry |          0.0156 |
|                Metric/avg_self_sa_asymmetry |               0 |
|               Metric/avg_cross_sa_asymmetry |          0.0358 |
|  Metric/self_state_action_to_state_distance |          0.0119 |
| Metric/cross_state_action_to_state_distance |            1.11 |
|                   Metric/h_lambda_diff_self |          0.0187 |
|                  Metric/h_lambda_diff_cross |           0.045 |
|                                 Eval/Return |            74.7 |
-----------------------------------------------------------------
-----------------------------------------------------------------
|                                 Train/Steps |        7.76e+05 |
|                            Loss/Loss_critic |          0.0202 |
|                             Loss/Loss_actor |           -3.39 |
|                             Loss/Loss_alpha |        7.34e-05 |
|               Loss/Loss_state_action_metric |           0.368 |
|                      Loss/Loss_state_metric |           0.156 |
|             Loss/Loss_state_action_to_state |         0.00389 |
|                           Loss/Act_rep_loss |          0.0413 |
|                        Loss/Critic_rep_loss |            3.55 |
|                                   SAC/Alpha |         0.00695 |
|                              SAC/LogPi_mean |           0.422 |
|                                 SAC/Q1_mean |            3.39 |
|                                 SAC/Q2_mean |            3.37 |
|                            Norm/actor_model |            60.3 |
|                           Norm/critic_model |            80.3 |
|              Norm/state_action_metric_model |            50.3 |
|                     Norm/state_metric_model |            46.2 |
|        Norm/state_action_state_metric_model |              47 |
|                  Metric/self_state_distance |          0.0115 |
|                 Metric/cross_state_distance |            1.19 |
|           Metric/self_state_action_distance |          0.0392 |
|          Metric/cross_state_action_distance |            1.33 |
|             Metric/avg_self_state_asymmetry |               0 |
|            Metric/avg_cross_state_asymmetry |          0.0264 |
|                Metric/avg_self_sa_asymmetry |               0 |
|               Metric/avg_cross_sa_asymmetry |          0.0439 |
|  Metric/self_state_action_to_state_distance |          0.0129 |
| Metric/cross_state_action_to_state_distance |            1.31 |
|                   Metric/h_lambda_diff_self |          0.0269 |
|                  Metric/h_lambda_diff_cross |          0.0501 |
|                                 Eval/Return |             276 |
-----------------------------------------------------------------
-----------------------------------------------------------------
|                                 Train/Steps |        9.04e+05 |
|                            Loss/Loss_critic |           0.084 |
|                             Loss/Loss_actor |           -7.31 |
|                             Loss/Loss_alpha |        -0.00103 |
|               Loss/Loss_state_action_metric |           0.685 |
|                      Loss/Loss_state_metric |           0.206 |
|             Loss/Loss_state_action_to_state |         0.00677 |
|                           Loss/Act_rep_loss |          0.0426 |
|                        Loss/Critic_rep_loss |            9.22 |
|                                   SAC/Alpha |          0.0115 |
|                              SAC/LogPi_mean |           0.598 |
|                                 SAC/Q1_mean |            7.33 |
|                                 SAC/Q2_mean |            7.27 |
|                            Norm/actor_model |            65.2 |
|                           Norm/critic_model |              94 |
|              Norm/state_action_metric_model |            53.9 |
|                     Norm/state_metric_model |            49.7 |
|        Norm/state_action_state_metric_model |            50.3 |
|                  Metric/self_state_distance |          0.0141 |
|                 Metric/cross_state_distance |            1.25 |
|           Metric/self_state_action_distance |          0.0481 |
|          Metric/cross_state_action_distance |            1.52 |
|             Metric/avg_self_state_asymmetry |               0 |
|            Metric/avg_cross_state_asymmetry |          0.0279 |
|                Metric/avg_self_sa_asymmetry |               0 |
|               Metric/avg_cross_sa_asymmetry |          0.0536 |
|  Metric/self_state_action_to_state_distance |          0.0142 |
| Metric/cross_state_action_to_state_distance |            1.53 |
|                   Metric/h_lambda_diff_self |          0.0351 |
|                  Metric/h_lambda_diff_cross |          0.0662 |
|                                 Eval/Return |             604 |
-----------------------------------------------------------------
-----------------------------------------------------------------
|                                 Train/Steps |        1.03e+06 |
|                            Loss/Loss_critic |           0.109 |
|                             Loss/Loss_actor |           -16.8 |
|                             Loss/Loss_alpha |         0.00149 |
|               Loss/Loss_state_action_metric |            1.51 |
|                      Loss/Loss_state_metric |           0.594 |
|             Loss/Loss_state_action_to_state |         0.00752 |
|                           Loss/Act_rep_loss |          0.0359 |
|                        Loss/Critic_rep_loss |            20.9 |
|                                   SAC/Alpha |          0.0217 |
|                              SAC/LogPi_mean |           0.379 |
|                                 SAC/Q1_mean |            16.8 |
|                                 SAC/Q2_mean |            16.9 |
|                            Norm/actor_model |            70.3 |
|                           Norm/critic_model |             111 |
|              Norm/state_action_metric_model |            57.3 |
|                     Norm/state_metric_model |            52.6 |
|        Norm/state_action_state_metric_model |            53.5 |
|                  Metric/self_state_distance |          0.0193 |
|                 Metric/cross_state_distance |            1.72 |
|           Metric/self_state_action_distance |           0.058 |
|          Metric/cross_state_action_distance |            2.28 |
|             Metric/avg_self_state_asymmetry |               0 |
|            Metric/avg_cross_state_asymmetry |          0.0423 |
|                Metric/avg_self_sa_asymmetry |               0 |
|               Metric/avg_cross_sa_asymmetry |          0.0581 |
|  Metric/self_state_action_to_state_distance |           0.018 |
| Metric/cross_state_action_to_state_distance |            2.25 |
|                   Metric/h_lambda_diff_self |          0.0401 |
|                  Metric/h_lambda_diff_cross |          0.0883 |
|                                 Eval/Return |             601 |
-----------------------------------------------------------------
[32mSaving model …[0m
[32mDone.[0m
[32mSaving model …[0m
[32mDone.[0m
-----------------------------------------------------------------
|                                 Train/Steps |        1.16e+06 |
|                            Loss/Loss_critic |           0.114 |
|                             Loss/Loss_actor |           -22.3 |
|                             Loss/Loss_alpha |         0.00239 |
|               Loss/Loss_state_action_metric |            1.93 |
|                      Loss/Loss_state_metric |           0.756 |
|             Loss/Loss_state_action_to_state |         0.00805 |
|                           Loss/Act_rep_loss |          0.0401 |
|                        Loss/Critic_rep_loss |            25.9 |
|                                   SAC/Alpha |          0.0271 |
|                              SAC/LogPi_mean |           0.478 |
|                                 SAC/Q1_mean |            22.2 |
|                                 SAC/Q2_mean |            22.3 |
|                            Norm/actor_model |            75.1 |
|                           Norm/critic_model |             122 |
|              Norm/state_action_metric_model |            60.8 |
|                     Norm/state_metric_model |            55.1 |
|        Norm/state_action_state_metric_model |            56.4 |
|                  Metric/self_state_distance |          0.0224 |
|                 Metric/cross_state_distance |            1.86 |
|           Metric/self_state_action_distance |          0.0644 |
|          Metric/cross_state_action_distance |            2.62 |
|             Metric/avg_self_state_asymmetry |               0 |
|            Metric/avg_cross_state_asymmetry |          0.0454 |
|                Metric/avg_self_sa_asymmetry |               0 |
|               Metric/avg_cross_sa_asymmetry |          0.0734 |
|  Metric/self_state_action_to_state_distance |          0.0232 |
| Metric/cross_state_action_to_state_distance |            2.62 |
|                   Metric/h_lambda_diff_self |          0.0416 |
|                  Metric/h_lambda_diff_cross |          0.0913 |
|                                 Eval/Return |             613 |
-----------------------------------------------------------------
-----------------------------------------------------------------
|                                 Train/Steps |        1.29e+06 |
|                            Loss/Loss_critic |          0.0882 |
|                             Loss/Loss_actor |           -25.8 |
|                             Loss/Loss_alpha |       -0.000172 |
|               Loss/Loss_state_action_metric |            2.03 |
|                      Loss/Loss_state_metric |           0.746 |
|             Loss/Loss_state_action_to_state |         0.00635 |
|                           Loss/Act_rep_loss |          0.0294 |
|                        Loss/Critic_rep_loss |            29.9 |
|                                   SAC/Alpha |          0.0283 |
|                              SAC/LogPi_mean |           0.468 |
|                                 SAC/Q1_mean |            25.8 |
|                                 SAC/Q2_mean |            25.8 |
|                            Norm/actor_model |            79.2 |
|                           Norm/critic_model |             129 |
|              Norm/state_action_metric_model |            64.2 |
|                     Norm/state_metric_model |            57.6 |
|        Norm/state_action_state_metric_model |            59.2 |
|                  Metric/self_state_distance |          0.0143 |
|                 Metric/cross_state_distance |            1.89 |
|           Metric/self_state_action_distance |          0.0434 |
|          Metric/cross_state_action_distance |             2.8 |
|             Metric/avg_self_state_asymmetry |               0 |
|            Metric/avg_cross_state_asymmetry |          0.0668 |
|                Metric/avg_self_sa_asymmetry |               0 |
|               Metric/avg_cross_sa_asymmetry |          0.0545 |
|  Metric/self_state_action_to_state_distance |           0.019 |
| Metric/cross_state_action_to_state_distance |             2.8 |
|                   Metric/h_lambda_diff_self |          0.0257 |
|                  Metric/h_lambda_diff_cross |          0.0805 |
|                                 Eval/Return |             789 |
-----------------------------------------------------------------
-----------------------------------------------------------------
|                                 Train/Steps |        1.42e+06 |
|                            Loss/Loss_critic |          0.0947 |
|                             Loss/Loss_actor |           -35.4 |
|                             Loss/Loss_alpha |        -0.00137 |
|               Loss/Loss_state_action_metric |            2.47 |
|                      Loss/Loss_state_metric |            1.03 |
|             Loss/Loss_state_action_to_state |         0.00602 |
|                           Loss/Act_rep_loss |          0.0416 |
|                        Loss/Critic_rep_loss |            35.6 |
|                                   SAC/Alpha |          0.0285 |
|                              SAC/LogPi_mean |           0.515 |
|                                 SAC/Q1_mean |            35.4 |
|                                 SAC/Q2_mean |            35.3 |
|                            Norm/actor_model |            83.1 |
|                           Norm/critic_model |             136 |
|              Norm/state_action_metric_model |            67.6 |
|                     Norm/state_metric_model |            59.8 |
|        Norm/state_action_state_metric_model |            61.9 |
|                  Metric/self_state_distance |          0.0197 |
|                 Metric/cross_state_distance |            2.16 |
|           Metric/self_state_action_distance |           0.132 |
|          Metric/cross_state_action_distance |            3.19 |
|             Metric/avg_self_state_asymmetry |               0 |
|            Metric/avg_cross_state_asymmetry |          0.0446 |
|                Metric/avg_self_sa_asymmetry |               0 |
|               Metric/avg_cross_sa_asymmetry |          0.0656 |
|  Metric/self_state_action_to_state_distance |          0.0233 |
| Metric/cross_state_action_to_state_distance |            3.16 |
|                   Metric/h_lambda_diff_self |            0.11 |
|                  Metric/h_lambda_diff_cross |           0.094 |
|                                 Eval/Return |             784 |
-----------------------------------------------------------------
-----------------------------------------------------------------
|                                 Train/Steps |        1.54e+06 |
|                            Loss/Loss_critic |          0.0733 |
|                             Loss/Loss_actor |           -38.9 |
|                             Loss/Loss_alpha |        4.68e-05 |
|               Loss/Loss_state_action_metric |            2.71 |
|                      Loss/Loss_state_metric |            1.04 |
|             Loss/Loss_state_action_to_state |         0.00596 |
|                           Loss/Act_rep_loss |          0.0355 |
|                        Loss/Critic_rep_loss |            39.2 |
|                                   SAC/Alpha |           0.026 |
|                              SAC/LogPi_mean |           0.481 |
|                                 SAC/Q1_mean |              39 |
|                                 SAC/Q2_mean |            38.9 |
|                            Norm/actor_model |            86.7 |
|                           Norm/critic_model |             140 |
|              Norm/state_action_metric_model |            70.5 |
|                     Norm/state_metric_model |            62.8 |
|        Norm/state_action_state_metric_model |            64.4 |
|                  Metric/self_state_distance |           0.016 |
|                 Metric/cross_state_distance |            2.23 |
|           Metric/self_state_action_distance |          0.0804 |
|          Metric/cross_state_action_distance |            3.28 |
|             Metric/avg_self_state_asymmetry |               0 |
|            Metric/avg_cross_state_asymmetry |          0.0399 |
|                Metric/avg_self_sa_asymmetry |               0 |
|               Metric/avg_cross_sa_asymmetry |          0.0635 |
|  Metric/self_state_action_to_state_distance |          0.0271 |
| Metric/cross_state_action_to_state_distance |            3.27 |
|                   Metric/h_lambda_diff_self |          0.0548 |
|                  Metric/h_lambda_diff_cross |          0.0673 |
|                                 Eval/Return |             790 |
-----------------------------------------------------------------
-----------------------------------------------------------------
|                                 Train/Steps |        1.67e+06 |
|                            Loss/Loss_critic |          0.0595 |
|                             Loss/Loss_actor |           -40.5 |
|                             Loss/Loss_alpha |          0.0025 |
|               Loss/Loss_state_action_metric |            2.66 |
|                      Loss/Loss_state_metric |             1.1 |
|             Loss/Loss_state_action_to_state |         0.00511 |
|                           Loss/Act_rep_loss |          0.0572 |
|                        Loss/Critic_rep_loss |            39.3 |
|                                   SAC/Alpha |          0.0237 |
|                              SAC/LogPi_mean |           0.414 |
|                                 SAC/Q1_mean |            40.5 |
|                                 SAC/Q2_mean |            40.4 |
|                            Norm/actor_model |            90.2 |
|                           Norm/critic_model |             143 |
|              Norm/state_action_metric_model |            73.1 |
|                     Norm/state_metric_model |            66.1 |
|        Norm/state_action_state_metric_model |            66.8 |
|                  Metric/self_state_distance |          0.0389 |
|                 Metric/cross_state_distance |            2.29 |
|           Metric/self_state_action_distance |           0.055 |
|          Metric/cross_state_action_distance |            3.25 |
|             Metric/avg_self_state_asymmetry |               0 |
|            Metric/avg_cross_state_asymmetry |          0.0507 |
|                Metric/avg_self_sa_asymmetry |               0 |
|               Metric/avg_cross_sa_asymmetry |           0.054 |
|  Metric/self_state_action_to_state_distance |          0.0156 |
| Metric/cross_state_action_to_state_distance |            3.21 |
|                   Metric/h_lambda_diff_self |          0.0404 |
|                  Metric/h_lambda_diff_cross |          0.0657 |
|                                 Eval/Return |             794 |
-----------------------------------------------------------------
-----------------------------------------------------------------
|                                 Train/Steps |         1.8e+06 |
|                            Loss/Loss_critic |          0.0693 |
|                             Loss/Loss_actor |           -43.9 |
|                             Loss/Loss_alpha |       -0.000253 |
|               Loss/Loss_state_action_metric |            2.76 |
|                      Loss/Loss_state_metric |           0.984 |
|             Loss/Loss_state_action_to_state |         0.00624 |
|                           Loss/Act_rep_loss |          0.0365 |
|                        Loss/Critic_rep_loss |            38.2 |
|                                   SAC/Alpha |          0.0222 |
|                              SAC/LogPi_mean |           0.509 |
|                                 SAC/Q1_mean |            43.9 |
|                                 SAC/Q2_mean |            43.9 |
|                            Norm/actor_model |            93.4 |
|                           Norm/critic_model |             146 |
|              Norm/state_action_metric_model |            75.9 |
|                     Norm/state_metric_model |            69.1 |
|        Norm/state_action_state_metric_model |            69.3 |
|                  Metric/self_state_distance |          0.0275 |
|                 Metric/cross_state_distance |            2.25 |
|           Metric/self_state_action_distance |          0.0757 |
|          Metric/cross_state_action_distance |            3.28 |
|             Metric/avg_self_state_asymmetry |               0 |
|            Metric/avg_cross_state_asymmetry |          0.0657 |
|                Metric/avg_self_sa_asymmetry |               0 |
|               Metric/avg_cross_sa_asymmetry |          0.0623 |
|  Metric/self_state_action_to_state_distance |          0.0316 |
| Metric/cross_state_action_to_state_distance |            3.25 |
|                   Metric/h_lambda_diff_self |          0.0474 |
|                  Metric/h_lambda_diff_cross |          0.0918 |
|                                 Eval/Return |             783 |
-----------------------------------------------------------------
-----------------------------------------------------------------
|                                 Train/Steps |        1.93e+06 |
|                            Loss/Loss_critic |          0.0609 |
|                             Loss/Loss_actor |           -49.7 |
|                             Loss/Loss_alpha |         0.00202 |
|               Loss/Loss_state_action_metric |            2.79 |
|                      Loss/Loss_state_metric |           0.425 |
|             Loss/Loss_state_action_to_state |         0.00612 |
|                           Loss/Act_rep_loss |            0.12 |
|                        Loss/Critic_rep_loss |            39.2 |
|                                   SAC/Alpha |          0.0229 |
|                              SAC/LogPi_mean |           0.485 |
|                                 SAC/Q1_mean |            49.6 |
|                                 SAC/Q2_mean |            49.6 |
|                            Norm/actor_model |            96.6 |
|                           Norm/critic_model |             148 |
|              Norm/state_action_metric_model |            78.6 |
|                     Norm/state_metric_model |            73.1 |
|        Norm/state_action_state_metric_model |            71.7 |
|                  Metric/self_state_distance |            0.17 |
|                 Metric/cross_state_distance |            1.66 |
|           Metric/self_state_action_distance |          0.0464 |
|          Metric/cross_state_action_distance |            3.32 |
|             Metric/avg_self_state_asymmetry |               0 |
|            Metric/avg_cross_state_asymmetry |           0.196 |
|                Metric/avg_self_sa_asymmetry |               0 |
|               Metric/avg_cross_sa_asymmetry |          0.0768 |
|  Metric/self_state_action_to_state_distance |          0.0209 |
| Metric/cross_state_action_to_state_distance |             3.4 |
|                   Metric/h_lambda_diff_self |          0.0274 |
|                  Metric/h_lambda_diff_cross |           0.124 |
|                                 Eval/Return |             789 |
-----------------------------------------------------------------
-----------------------------------------------------------------
|                                 Train/Steps |        2.06e+06 |
|                            Loss/Loss_critic |          0.0643 |
|                             Loss/Loss_actor |           -50.6 |
|                             Loss/Loss_alpha |        0.000765 |
|               Loss/Loss_state_action_metric |            3.01 |
|                      Loss/Loss_state_metric |            1.05 |
|             Loss/Loss_state_action_to_state |         0.00606 |
|                           Loss/Act_rep_loss |          0.0448 |
|                        Loss/Critic_rep_loss |            41.7 |
|                                   SAC/Alpha |          0.0202 |
|                              SAC/LogPi_mean |           0.531 |
|                                 SAC/Q1_mean |            50.6 |
|                                 SAC/Q2_mean |            50.5 |
|                            Norm/actor_model |            99.8 |
|                           Norm/critic_model |             151 |
|              Norm/state_action_metric_model |            81.1 |
|                     Norm/state_metric_model |            76.8 |
|        Norm/state_action_state_metric_model |            74.3 |
|                  Metric/self_state_distance |          0.0159 |
|                 Metric/cross_state_distance |            2.43 |
|           Metric/self_state_action_distance |          0.0912 |
|          Metric/cross_state_action_distance |            3.62 |
|             Metric/avg_self_state_asymmetry |               0 |
|            Metric/avg_cross_state_asymmetry |          0.0506 |
|                Metric/avg_self_sa_asymmetry |               0 |
|               Metric/avg_cross_sa_asymmetry |          0.0573 |
|  Metric/self_state_action_to_state_distance |          0.0138 |
| Metric/cross_state_action_to_state_distance |             3.6 |
|                   Metric/h_lambda_diff_self |          0.0775 |
|                  Metric/h_lambda_diff_cross |          0.0684 |
|                                 Eval/Return |             787 |
-----------------------------------------------------------------
[32mSaving model …[0m
[32mDone.[0m
[32mSaving model …[0m
[32mDone.[0m
-----------------------------------------------------------------
|                                 Train/Steps |        2.18e+06 |
|                            Loss/Loss_critic |          0.0554 |
|                             Loss/Loss_actor |           -53.6 |
|                             Loss/Loss_alpha |       -0.000677 |
|               Loss/Loss_state_action_metric |            3.07 |
|                      Loss/Loss_state_metric |             1.2 |
|             Loss/Loss_state_action_to_state |         0.00427 |
|                           Loss/Act_rep_loss |           0.054 |
|                        Loss/Critic_rep_loss |            41.9 |
|                                   SAC/Alpha |          0.0198 |
|                              SAC/LogPi_mean |           0.604 |
|                                 SAC/Q1_mean |            53.6 |
|                                 SAC/Q2_mean |            53.6 |
|                            Norm/actor_model |             103 |
|                           Norm/critic_model |             153 |
|              Norm/state_action_metric_model |            83.7 |
|                     Norm/state_metric_model |            80.3 |
|        Norm/state_action_state_metric_model |            76.9 |
|                  Metric/self_state_distance |          0.0142 |
|                 Metric/cross_state_distance |            2.43 |
|           Metric/self_state_action_distance |          0.0574 |
|          Metric/cross_state_action_distance |            3.57 |
|             Metric/avg_self_state_asymmetry |               0 |
|            Metric/avg_cross_state_asymmetry |          0.0381 |
|                Metric/avg_self_sa_asymmetry |               0 |
|               Metric/avg_cross_sa_asymmetry |          0.0542 |
|  Metric/self_state_action_to_state_distance |          0.0133 |
| Metric/cross_state_action_to_state_distance |            3.54 |
|                   Metric/h_lambda_diff_self |          0.0445 |
|                  Metric/h_lambda_diff_cross |          0.0673 |
|                                 Eval/Return |             796 |
-----------------------------------------------------------------
-----------------------------------------------------------------
|                                 Train/Steps |        2.31e+06 |
|                            Loss/Loss_critic |          0.0532 |
|                             Loss/Loss_actor |           -54.5 |
|                             Loss/Loss_alpha |       -6.22e-05 |
|               Loss/Loss_state_action_metric |            2.96 |
|                      Loss/Loss_state_metric |            1.23 |
|             Loss/Loss_state_action_to_state |          0.0052 |
|                           Loss/Act_rep_loss |          0.0713 |
|                        Loss/Critic_rep_loss |            42.9 |
|                                   SAC/Alpha |          0.0184 |
|                              SAC/LogPi_mean |           0.538 |
|                                 SAC/Q1_mean |            54.5 |
|                                 SAC/Q2_mean |            54.4 |
|                            Norm/actor_model |             106 |
|                           Norm/critic_model |             155 |
|              Norm/state_action_metric_model |            86.3 |
|                     Norm/state_metric_model |            84.5 |
|        Norm/state_action_state_metric_model |            79.5 |
|                  Metric/self_state_distance |           0.028 |
|                 Metric/cross_state_distance |             2.4 |
|           Metric/self_state_action_distance |          0.0341 |
|          Metric/cross_state_action_distance |            3.53 |
|             Metric/avg_self_state_asymmetry |               0 |
|            Metric/avg_cross_state_asymmetry |          0.0551 |
|                Metric/avg_self_sa_asymmetry |               0 |
|               Metric/avg_cross_sa_asymmetry |          0.0962 |
|  Metric/self_state_action_to_state_distance |          0.0096 |
| Metric/cross_state_action_to_state_distance |            3.55 |
|                   Metric/h_lambda_diff_self |          0.0255 |
|                  Metric/h_lambda_diff_cross |          0.0588 |
|                                 Eval/Return |             792 |
-----------------------------------------------------------------
-----------------------------------------------------------------
|                                 Train/Steps |        2.44e+06 |
|                            Loss/Loss_critic |          0.0682 |
|                             Loss/Loss_actor |           -58.6 |
|                             Loss/Loss_alpha |        -0.00286 |
|               Loss/Loss_state_action_metric |            3.13 |
|                      Loss/Loss_state_metric |            1.04 |
|             Loss/Loss_state_action_to_state |         0.00398 |
|                           Loss/Act_rep_loss |          0.0529 |
|                        Loss/Critic_rep_loss |            41.3 |
|                                   SAC/Alpha |          0.0187 |
|                              SAC/LogPi_mean |           0.646 |
|                                 SAC/Q1_mean |            58.5 |
|                                 SAC/Q2_mean |            58.6 |
|                            Norm/actor_model |             109 |
|                           Norm/critic_model |             157 |
|              Norm/state_action_metric_model |            89.1 |
|                     Norm/state_metric_model |              89 |
|        Norm/state_action_state_metric_model |            82.2 |
|                  Metric/self_state_distance |          0.0143 |
|                 Metric/cross_state_distance |            2.32 |
|           Metric/self_state_action_distance |          0.0829 |
|          Metric/cross_state_action_distance |            3.56 |
|             Metric/avg_self_state_asymmetry |               0 |
|            Metric/avg_cross_state_asymmetry |          0.0543 |
|                Metric/avg_self_sa_asymmetry |               0 |
|               Metric/avg_cross_sa_asymmetry |          0.0988 |
|  Metric/self_state_action_to_state_distance |          0.0131 |
| Metric/cross_state_action_to_state_distance |            3.57 |
|                   Metric/h_lambda_diff_self |          0.0702 |
|                  Metric/h_lambda_diff_cross |          0.0702 |
|                                 Eval/Return |             771 |
-----------------------------------------------------------------
-----------------------------------------------------------------
|                                 Train/Steps |        2.57e+06 |
|                            Loss/Loss_critic |          0.0665 |
|                             Loss/Loss_actor |             -61 |
|                             Loss/Loss_alpha |         0.00166 |
|               Loss/Loss_state_action_metric |            2.92 |
|                      Loss/Loss_state_metric |            1.15 |
|             Loss/Loss_state_action_to_state |         0.00432 |
|                           Loss/Act_rep_loss |          0.0266 |
|                        Loss/Critic_rep_loss |            39.7 |
|                                   SAC/Alpha |          0.0193 |
|                              SAC/LogPi_mean |           0.389 |
|                                 SAC/Q1_mean |              61 |
|                                 SAC/Q2_mean |              61 |
|                            Norm/actor_model |             112 |
|                           Norm/critic_model |             159 |
|              Norm/state_action_metric_model |            91.8 |
|                     Norm/state_metric_model |            93.1 |
|        Norm/state_action_state_metric_model |            85.4 |
|                  Metric/self_state_distance |          0.0103 |
|                 Metric/cross_state_distance |            2.41 |
|           Metric/self_state_action_distance |          0.0712 |
|          Metric/cross_state_action_distance |            3.56 |
|             Metric/avg_self_state_asymmetry |               0 |
|            Metric/avg_cross_state_asymmetry |          0.0459 |
|                Metric/avg_self_sa_asymmetry |               0 |
|               Metric/avg_cross_sa_asymmetry |          0.0464 |
|  Metric/self_state_action_to_state_distance |          0.0208 |
| Metric/cross_state_action_to_state_distance |            3.56 |
|                   Metric/h_lambda_diff_self |          0.0513 |
|                  Metric/h_lambda_diff_cross |          0.0726 |
|                                 Eval/Return |             797 |
-----------------------------------------------------------------
-----------------------------------------------------------------
|                                 Train/Steps |         2.7e+06 |
|                            Loss/Loss_critic |          0.0494 |
|                             Loss/Loss_actor |           -62.6 |
|                             Loss/Loss_alpha |        0.000406 |
|               Loss/Loss_state_action_metric |            2.67 |
|                      Loss/Loss_state_metric |            1.17 |
|             Loss/Loss_state_action_to_state |         0.00283 |
|                           Loss/Act_rep_loss |          0.0494 |
|                        Loss/Critic_rep_loss |            37.5 |
|                                   SAC/Alpha |          0.0162 |
|                              SAC/LogPi_mean |           0.495 |
|                                 SAC/Q1_mean |            62.6 |
|                                 SAC/Q2_mean |            62.7 |
|                            Norm/actor_model |             115 |
|                           Norm/critic_model |             161 |
|              Norm/state_action_metric_model |            94.4 |
|                     Norm/state_metric_model |            97.3 |
|        Norm/state_action_state_metric_model |            87.5 |
|                  Metric/self_state_distance |          0.0389 |
|                 Metric/cross_state_distance |            2.29 |
|           Metric/self_state_action_distance |          0.0585 |
|          Metric/cross_state_action_distance |            3.31 |
|             Metric/avg_self_state_asymmetry |               0 |
|            Metric/avg_cross_state_asymmetry |          0.0649 |
|                Metric/avg_self_sa_asymmetry |               0 |
|               Metric/avg_cross_sa_asymmetry |          0.0689 |
|  Metric/self_state_action_to_state_distance |          0.0113 |
| Metric/cross_state_action_to_state_distance |            3.28 |
|                   Metric/h_lambda_diff_self |          0.0475 |
|                  Metric/h_lambda_diff_cross |          0.0652 |
|                                 Eval/Return |             794 |
-----------------------------------------------------------------
-----------------------------------------------------------------
|                                 Train/Steps |        2.82e+06 |
|                            Loss/Loss_critic |          0.0693 |
|                             Loss/Loss_actor |           -56.8 |
|                             Loss/Loss_alpha |        -0.00408 |
|               Loss/Loss_state_action_metric |            2.94 |
|                      Loss/Loss_state_metric |            1.26 |
|             Loss/Loss_state_action_to_state |         0.00425 |
|                           Loss/Act_rep_loss |          0.0684 |
|                        Loss/Critic_rep_loss |              39 |
|                                   SAC/Alpha |          0.0145 |
|                              SAC/LogPi_mean |           0.749 |
|                                 SAC/Q1_mean |            56.7 |
|                                 SAC/Q2_mean |            56.8 |
|                            Norm/actor_model |             118 |
|                           Norm/critic_model |             162 |
|              Norm/state_action_metric_model |            97.1 |
|                     Norm/state_metric_model |             102 |
|        Norm/state_action_state_metric_model |            90.8 |
|                  Metric/self_state_distance |          0.0244 |
|                 Metric/cross_state_distance |            2.33 |
|           Metric/self_state_action_distance |          0.0352 |
|          Metric/cross_state_action_distance |            3.41 |
|             Metric/avg_self_state_asymmetry |               0 |
|            Metric/avg_cross_state_asymmetry |          0.0475 |
|                Metric/avg_self_sa_asymmetry |               0 |
|               Metric/avg_cross_sa_asymmetry |          0.0612 |
|  Metric/self_state_action_to_state_distance |          0.0229 |
| Metric/cross_state_action_to_state_distance |            3.44 |
|                   Metric/h_lambda_diff_self |          0.0225 |
|                  Metric/h_lambda_diff_cross |          0.0662 |
|                                 Eval/Return |             799 |
-----------------------------------------------------------------
-----------------------------------------------------------------
|                                 Train/Steps |        2.95e+06 |
|                            Loss/Loss_critic |          0.0376 |
|                             Loss/Loss_actor |             -61 |
|                             Loss/Loss_alpha |        -0.00178 |
|               Loss/Loss_state_action_metric |            3.17 |
|                      Loss/Loss_state_metric |            1.06 |
|             Loss/Loss_state_action_to_state |         0.00314 |
|                           Loss/Act_rep_loss |           0.132 |
|                        Loss/Critic_rep_loss |            39.3 |
|                                   SAC/Alpha |          0.0182 |
|                              SAC/LogPi_mean |           0.626 |
|                                 SAC/Q1_mean |              61 |
|                                 SAC/Q2_mean |              61 |
|                            Norm/actor_model |             120 |
|                           Norm/critic_model |             164 |
|              Norm/state_action_metric_model |            99.8 |
|                     Norm/state_metric_model |             105 |
|        Norm/state_action_state_metric_model |            93.6 |
|                  Metric/self_state_distance |          0.0304 |
|                 Metric/cross_state_distance |            2.31 |
|           Metric/self_state_action_distance |          0.0494 |
|          Metric/cross_state_action_distance |            3.46 |
|             Metric/avg_self_state_asymmetry |               0 |
|            Metric/avg_cross_state_asymmetry |           0.101 |
|                Metric/avg_self_sa_asymmetry |               0 |
|               Metric/avg_cross_sa_asymmetry |          0.0479 |
|  Metric/self_state_action_to_state_distance |          0.0212 |
| Metric/cross_state_action_to_state_distance |             3.5 |
|                   Metric/h_lambda_diff_self |          0.0313 |
|                  Metric/h_lambda_diff_cross |          0.0615 |
|                                 Eval/Return |             800 |
-----------------------------------------------------------------
-----------------------------------------------------------------
|                                 Train/Steps |        3.08e+06 |
|                            Loss/Loss_critic |          0.0486 |
|                             Loss/Loss_actor |             -66 |
|                             Loss/Loss_alpha |        -0.00093 |
|               Loss/Loss_state_action_metric |            3.36 |
|                      Loss/Loss_state_metric |            1.14 |
|             Loss/Loss_state_action_to_state |         0.00543 |
|                           Loss/Act_rep_loss |           0.037 |
|                        Loss/Critic_rep_loss |              38 |
|                                   SAC/Alpha |          0.0149 |
|                              SAC/LogPi_mean |           0.628 |
|                                 SAC/Q1_mean |              66 |
|                                 SAC/Q2_mean |            65.9 |
|                            Norm/actor_model |             123 |
|                           Norm/critic_model |             165 |
|              Norm/state_action_metric_model |             103 |
|                     Norm/state_metric_model |             110 |
|        Norm/state_action_state_metric_model |            96.5 |
|                  Metric/self_state_distance |          0.0108 |
|                 Metric/cross_state_distance |            2.38 |
|           Metric/self_state_action_distance |          0.0495 |
|          Metric/cross_state_action_distance |            3.63 |
|             Metric/avg_self_state_asymmetry |               0 |
|            Metric/avg_cross_state_asymmetry |          0.0549 |
|                Metric/avg_self_sa_asymmetry |               0 |
|               Metric/avg_cross_sa_asymmetry |          0.0553 |
|  Metric/self_state_action_to_state_distance |          0.0161 |
| Metric/cross_state_action_to_state_distance |            3.61 |
|                   Metric/h_lambda_diff_self |          0.0345 |
|                  Metric/h_lambda_diff_cross |          0.0681 |
|                                 Eval/Return |             771 |
-----------------------------------------------------------------
[32mSaving model …[0m
[32mDone.[0m
[32mSaving model …[0m
[32mDone.[0m
-----------------------------------------------------------------
|                                 Train/Steps |        3.21e+06 |
|                            Loss/Loss_critic |          0.0344 |
|                             Loss/Loss_actor |           -64.5 |
|                             Loss/Loss_alpha |        0.000439 |
|               Loss/Loss_state_action_metric |            3.03 |
|                      Loss/Loss_state_metric |            1.24 |
|             Loss/Loss_state_action_to_state |         0.00405 |
|                           Loss/Act_rep_loss |          0.0337 |
|                        Loss/Critic_rep_loss |            39.7 |
|                                   SAC/Alpha |          0.0132 |
|                              SAC/LogPi_mean |           0.384 |
|                                 SAC/Q1_mean |            64.6 |
|                                 SAC/Q2_mean |            64.6 |
|                            Norm/actor_model |             126 |
|                           Norm/critic_model |             166 |
|              Norm/state_action_metric_model |             105 |
|                     Norm/state_metric_model |             113 |
|        Norm/state_action_state_metric_model |            99.3 |
|                  Metric/self_state_distance |         0.00814 |
|                 Metric/cross_state_distance |            2.43 |
|           Metric/self_state_action_distance |          0.0371 |
|          Metric/cross_state_action_distance |            3.52 |
|             Metric/avg_self_state_asymmetry |               0 |
|            Metric/avg_cross_state_asymmetry |          0.0351 |
|                Metric/avg_self_sa_asymmetry |               0 |
|               Metric/avg_cross_sa_asymmetry |           0.047 |
|  Metric/self_state_action_to_state_distance |          0.0169 |
| Metric/cross_state_action_to_state_distance |            3.51 |
|                   Metric/h_lambda_diff_self |          0.0225 |
|                  Metric/h_lambda_diff_cross |          0.0551 |
|                                 Eval/Return |             796 |
-----------------------------------------------------------------
-----------------------------------------------------------------
|                                 Train/Steps |        3.34e+06 |
|                            Loss/Loss_critic |          0.0479 |
|                             Loss/Loss_actor |           -63.8 |
|                             Loss/Loss_alpha |        -0.00163 |
|               Loss/Loss_state_action_metric |            3.29 |
|                      Loss/Loss_state_metric |            1.39 |
|             Loss/Loss_state_action_to_state |         0.00797 |
|                           Loss/Act_rep_loss |          0.0525 |
|                        Loss/Critic_rep_loss |            38.7 |
|                                   SAC/Alpha |          0.0132 |
|                              SAC/LogPi_mean |           0.501 |
|                                 SAC/Q1_mean |            63.8 |
|                                 SAC/Q2_mean |            63.8 |
|                            Norm/actor_model |             128 |
|                           Norm/critic_model |             168 |
|              Norm/state_action_metric_model |             108 |
|                     Norm/state_metric_model |             117 |
|        Norm/state_action_state_metric_model |             102 |
|                  Metric/self_state_distance |         0.00743 |
|                 Metric/cross_state_distance |             2.5 |
|           Metric/self_state_action_distance |          0.0554 |
|          Metric/cross_state_action_distance |             3.7 |
|             Metric/avg_self_state_asymmetry |               0 |
|            Metric/avg_cross_state_asymmetry |          0.0366 |
|                Metric/avg_self_sa_asymmetry |               0 |
|               Metric/avg_cross_sa_asymmetry |          0.0449 |
|  Metric/self_state_action_to_state_distance |          0.0388 |
| Metric/cross_state_action_to_state_distance |            3.69 |
|                   Metric/h_lambda_diff_self |          0.0247 |
|                  Metric/h_lambda_diff_cross |          0.0689 |
|                                 Eval/Return |             792 |
-----------------------------------------------------------------
-----------------------------------------------------------------
|                                 Train/Steps |        3.46e+06 |
|                            Loss/Loss_critic |          0.0474 |
|                             Loss/Loss_actor |             -66 |
|                             Loss/Loss_alpha |       -3.37e-05 |
|               Loss/Loss_state_action_metric |            2.83 |
|                      Loss/Loss_state_metric |            1.28 |
|             Loss/Loss_state_action_to_state |         0.00299 |
|                           Loss/Act_rep_loss |          0.0236 |
|                        Loss/Critic_rep_loss |            37.8 |
|                                   SAC/Alpha |          0.0137 |
|                              SAC/LogPi_mean |           0.447 |
|                                 SAC/Q1_mean |              66 |
|                                 SAC/Q2_mean |              66 |
|                            Norm/actor_model |             130 |
|                           Norm/critic_model |             169 |
|              Norm/state_action_metric_model |             110 |
|                     Norm/state_metric_model |             120 |
|        Norm/state_action_state_metric_model |             104 |
|                  Metric/self_state_distance |         0.00893 |
|                 Metric/cross_state_distance |            2.43 |
|           Metric/self_state_action_distance |          0.0489 |
|          Metric/cross_state_action_distance |            3.44 |
|             Metric/avg_self_state_asymmetry |               0 |
|            Metric/avg_cross_state_asymmetry |          0.0322 |
|                Metric/avg_self_sa_asymmetry |               0 |
|               Metric/avg_cross_sa_asymmetry |          0.0471 |
|  Metric/self_state_action_to_state_distance |         0.00918 |
| Metric/cross_state_action_to_state_distance |            3.41 |
|                   Metric/h_lambda_diff_self |          0.0403 |
|                  Metric/h_lambda_diff_cross |          0.0673 |
|                                 Eval/Return |             797 |
-----------------------------------------------------------------
-----------------------------------------------------------------
|                                 Train/Steps |        3.59e+06 |
|                            Loss/Loss_critic |          0.0319 |
|                             Loss/Loss_actor |           -67.8 |
|                             Loss/Loss_alpha |        0.000743 |
|               Loss/Loss_state_action_metric |             2.8 |
|                      Loss/Loss_state_metric |            1.12 |
|             Loss/Loss_state_action_to_state |           0.002 |
|                           Loss/Act_rep_loss |          0.0818 |
|                        Loss/Critic_rep_loss |            33.9 |
|                                   SAC/Alpha |          0.0141 |
|                              SAC/LogPi_mean |           0.522 |
|                                 SAC/Q1_mean |            67.9 |
|                                 SAC/Q2_mean |            67.8 |
|                            Norm/actor_model |             132 |
|                           Norm/critic_model |             170 |
|              Norm/state_action_metric_model |             113 |
|                     Norm/state_metric_model |             123 |
|        Norm/state_action_state_metric_model |             107 |
|                  Metric/self_state_distance |           0.013 |
|                 Metric/cross_state_distance |            2.26 |
|           Metric/self_state_action_distance |          0.0318 |
|          Metric/cross_state_action_distance |            3.26 |
|             Metric/avg_self_state_asymmetry |               0 |
|            Metric/avg_cross_state_asymmetry |          0.0395 |
|                Metric/avg_self_sa_asymmetry |               0 |
|               Metric/avg_cross_sa_asymmetry |          0.0403 |
|  Metric/self_state_action_to_state_distance |         0.00692 |
| Metric/cross_state_action_to_state_distance |            3.29 |
|                   Metric/h_lambda_diff_self |          0.0254 |
|                  Metric/h_lambda_diff_cross |          0.0587 |
|                                 Eval/Return |             802 |
-----------------------------------------------------------------
-----------------------------------------------------------------
|                                 Train/Steps |        3.72e+06 |
|                            Loss/Loss_critic |            0.04 |
|                             Loss/Loss_actor |           -67.5 |
|                             Loss/Loss_alpha |       -0.000124 |
|               Loss/Loss_state_action_metric |            2.96 |
|                      Loss/Loss_state_metric |            1.36 |
|             Loss/Loss_state_action_to_state |         0.00272 |
|                           Loss/Act_rep_loss |          0.0431 |
|                        Loss/Critic_rep_loss |            35.2 |
|                                   SAC/Alpha |          0.0132 |
|                              SAC/LogPi_mean |           0.549 |
|                                 SAC/Q1_mean |            67.5 |
|                                 SAC/Q2_mean |            67.5 |
|                            Norm/actor_model |             135 |
|                           Norm/critic_model |             172 |
|              Norm/state_action_metric_model |             116 |
|                     Norm/state_metric_model |             127 |
|        Norm/state_action_state_metric_model |             110 |
|                  Metric/self_state_distance |           0.011 |
|                 Metric/cross_state_distance |            2.42 |
|           Metric/self_state_action_distance |          0.0419 |
|          Metric/cross_state_action_distance |            3.53 |
|             Metric/avg_self_state_asymmetry |               0 |
|            Metric/avg_cross_state_asymmetry |          0.0312 |
|                Metric/avg_self_sa_asymmetry |               0 |
|               Metric/avg_cross_sa_asymmetry |          0.0389 |
|  Metric/self_state_action_to_state_distance |          0.0145 |
| Metric/cross_state_action_to_state_distance |            3.48 |
|                   Metric/h_lambda_diff_self |          0.0285 |
|                  Metric/h_lambda_diff_cross |          0.0607 |
|                                 Eval/Return |             796 |
-----------------------------------------------------------------
-----------------------------------------------------------------
|                                 Train/Steps |        3.85e+06 |
|                            Loss/Loss_critic |          0.0591 |
|                             Loss/Loss_actor |           -65.7 |
|                             Loss/Loss_alpha |        -0.00126 |
|               Loss/Loss_state_action_metric |            2.98 |
|                      Loss/Loss_state_metric |            1.24 |
|             Loss/Loss_state_action_to_state |         0.00226 |
|                           Loss/Act_rep_loss |          0.0205 |
|                        Loss/Critic_rep_loss |            35.4 |
|                                   SAC/Alpha |          0.0108 |
|                              SAC/LogPi_mean |           0.644 |
|                                 SAC/Q1_mean |            65.7 |
|                                 SAC/Q2_mean |            65.7 |
|                            Norm/actor_model |             137 |
|                           Norm/critic_model |             173 |
|              Norm/state_action_metric_model |             118 |
|                     Norm/state_metric_model |             130 |
|        Norm/state_action_state_metric_model |             112 |
|                  Metric/self_state_distance |         0.00677 |
|                 Metric/cross_state_distance |            2.44 |
|           Metric/self_state_action_distance |          0.0392 |
|          Metric/cross_state_action_distance |            3.47 |
|             Metric/avg_self_state_asymmetry |               0 |
|            Metric/avg_cross_state_asymmetry |          0.0348 |
|                Metric/avg_self_sa_asymmetry |               0 |
|               Metric/avg_cross_sa_asymmetry |          0.0408 |
|  Metric/self_state_action_to_state_distance |         0.00835 |
| Metric/cross_state_action_to_state_distance |            3.47 |
|                   Metric/h_lambda_diff_self |          0.0314 |
|                  Metric/h_lambda_diff_cross |          0.0551 |
|                                 Eval/Return |             804 |
-----------------------------------------------------------------
-----------------------------------------------------------------
|                                 Train/Steps |        3.98e+06 |
|                            Loss/Loss_critic |          0.0393 |
|                             Loss/Loss_actor |           -70.3 |
|                             Loss/Loss_alpha |       -0.000516 |
|               Loss/Loss_state_action_metric |            3.24 |
|                      Loss/Loss_state_metric |            1.38 |
|             Loss/Loss_state_action_to_state |         0.00253 |
|                           Loss/Act_rep_loss |          0.0426 |
|                        Loss/Critic_rep_loss |            36.6 |
|                                   SAC/Alpha |         0.00924 |
|                              SAC/LogPi_mean |           0.533 |
|                                 SAC/Q1_mean |            70.3 |
|                                 SAC/Q2_mean |            70.3 |
|                            Norm/actor_model |             139 |
|                           Norm/critic_model |             174 |
|              Norm/state_action_metric_model |             121 |
|                     Norm/state_metric_model |             133 |
|        Norm/state_action_state_metric_model |             114 |
|                  Metric/self_state_distance |         0.00856 |
|                 Metric/cross_state_distance |            2.46 |
|           Metric/self_state_action_distance |          0.0373 |
|          Metric/cross_state_action_distance |            3.51 |
|             Metric/avg_self_state_asymmetry |               0 |
|            Metric/avg_cross_state_asymmetry |            0.03 |
|                Metric/avg_self_sa_asymmetry |               0 |
|               Metric/avg_cross_sa_asymmetry |          0.0431 |
|  Metric/self_state_action_to_state_distance |         0.00924 |
| Metric/cross_state_action_to_state_distance |            3.49 |
|                   Metric/h_lambda_diff_self |          0.0286 |
|                  Metric/h_lambda_diff_cross |          0.0467 |
|                                 Eval/Return |             798 |
-----------------------------------------------------------------
-----------------------------------------------------------------
|                                 Train/Steps |         4.1e+06 |
|                            Loss/Loss_critic |          0.0582 |
|                             Loss/Loss_actor |           -73.4 |
|                             Loss/Loss_alpha |        0.000284 |
|               Loss/Loss_state_action_metric |            2.89 |
|                      Loss/Loss_state_metric |            1.21 |
|             Loss/Loss_state_action_to_state |         0.00408 |
|                           Loss/Act_rep_loss |          0.0505 |
|                        Loss/Critic_rep_loss |            31.9 |
|                                   SAC/Alpha |          0.0104 |
|                              SAC/LogPi_mean |           0.448 |
|                                 SAC/Q1_mean |            73.4 |
|                                 SAC/Q2_mean |            73.5 |
|                            Norm/actor_model |             141 |
|                           Norm/critic_model |             175 |
|              Norm/state_action_metric_model |             124 |
|                     Norm/state_metric_model |             136 |
|        Norm/state_action_state_metric_model |             117 |
|                  Metric/self_state_distance |         0.00619 |
|                 Metric/cross_state_distance |            2.28 |
|           Metric/self_state_action_distance |          0.0575 |
|          Metric/cross_state_action_distance |            3.29 |
|             Metric/avg_self_state_asymmetry |               0 |
|            Metric/avg_cross_state_asymmetry |          0.0307 |
|                Metric/avg_self_sa_asymmetry |               0 |
|               Metric/avg_cross_sa_asymmetry |          0.0395 |
|  Metric/self_state_action_to_state_distance |           0.024 |
| Metric/cross_state_action_to_state_distance |             3.3 |
|                   Metric/h_lambda_diff_self |          0.0345 |
|                  Metric/h_lambda_diff_cross |          0.0634 |
|                                 Eval/Return |             805 |
-----------------------------------------------------------------
[32mSaving model …[0m
[32mDone.[0m
[32mSaving model …[0m
[32mDone.[0m
-----------------------------------------------------------------
|                                 Train/Steps |        4.23e+06 |
|                            Loss/Loss_critic |          0.0372 |
|                             Loss/Loss_actor |           -74.9 |
|                             Loss/Loss_alpha |       -0.000699 |
|               Loss/Loss_state_action_metric |            3.18 |
|                      Loss/Loss_state_metric |            1.09 |
|             Loss/Loss_state_action_to_state |         0.00254 |
|                           Loss/Act_rep_loss |          0.0167 |
|                        Loss/Critic_rep_loss |            32.2 |
|                                   SAC/Alpha |          0.0115 |
|                              SAC/LogPi_mean |            0.53 |
|                                 SAC/Q1_mean |              75 |
|                                 SAC/Q2_mean |            74.9 |
|                            Norm/actor_model |             143 |
|                           Norm/critic_model |             176 |
|              Norm/state_action_metric_model |             126 |
|                     Norm/state_metric_model |             140 |
|        Norm/state_action_state_metric_model |             120 |
|                  Metric/self_state_distance |         0.00886 |
|                 Metric/cross_state_distance |            2.33 |
|           Metric/self_state_action_distance |          0.0468 |
|          Metric/cross_state_action_distance |            3.39 |
|             Metric/avg_self_state_asymmetry |               0 |
|            Metric/avg_cross_state_asymmetry |          0.0243 |
|                Metric/avg_self_sa_asymmetry |               0 |
|               Metric/avg_cross_sa_asymmetry |          0.0316 |
|  Metric/self_state_action_to_state_distance |          0.0078 |
| Metric/cross_state_action_to_state_distance |            3.39 |
|                   Metric/h_lambda_diff_self |          0.0397 |
|                  Metric/h_lambda_diff_cross |          0.0631 |
|                                 Eval/Return |             806 |
-----------------------------------------------------------------
-----------------------------------------------------------------
|                                 Train/Steps |        4.36e+06 |
|                            Loss/Loss_critic |          0.0245 |
|                             Loss/Loss_actor |           -78.4 |
|                             Loss/Loss_alpha |       -8.94e-06 |
|               Loss/Loss_state_action_metric |            2.92 |
|                      Loss/Loss_state_metric |            1.09 |
|             Loss/Loss_state_action_to_state |         0.00152 |
|                           Loss/Act_rep_loss |          0.0177 |
|                        Loss/Critic_rep_loss |            27.8 |
|                                   SAC/Alpha |         0.00905 |
|                              SAC/LogPi_mean |           0.609 |
|                                 SAC/Q1_mean |            78.4 |
|                                 SAC/Q2_mean |            78.5 |
|                            Norm/actor_model |             145 |
|                           Norm/critic_model |             177 |
|              Norm/state_action_metric_model |             129 |
|                     Norm/state_metric_model |             142 |
|        Norm/state_action_state_metric_model |             122 |
|                  Metric/self_state_distance |          0.0114 |
|                 Metric/cross_state_distance |            2.25 |
|           Metric/self_state_action_distance |          0.0371 |
|          Metric/cross_state_action_distance |            3.28 |
|             Metric/avg_self_state_asymmetry |               0 |
|            Metric/avg_cross_state_asymmetry |          0.0291 |
|                Metric/avg_self_sa_asymmetry |               0 |
|               Metric/avg_cross_sa_asymmetry |          0.0326 |
|  Metric/self_state_action_to_state_distance |         0.00848 |
| Metric/cross_state_action_to_state_distance |            3.25 |
|                   Metric/h_lambda_diff_self |          0.0288 |
|                  Metric/h_lambda_diff_cross |          0.0441 |
|                                 Eval/Return |             794 |
-----------------------------------------------------------------
-----------------------------------------------------------------
|                                 Train/Steps |        4.49e+06 |
|                            Loss/Loss_critic |          0.0193 |
|                             Loss/Loss_actor |             -81 |
|                             Loss/Loss_alpha |         0.00132 |
|               Loss/Loss_state_action_metric |            2.77 |
|                      Loss/Loss_state_metric |            1.06 |
|             Loss/Loss_state_action_to_state |         0.00704 |
|                           Loss/Act_rep_loss |          0.0514 |
|                        Loss/Critic_rep_loss |            24.3 |
|                                   SAC/Alpha |         0.00653 |
|                              SAC/LogPi_mean |           0.258 |
|                                 SAC/Q1_mean |            81.1 |
|                                 SAC/Q2_mean |              81 |
|                            Norm/actor_model |             147 |
|                           Norm/critic_model |             177 |
|              Norm/state_action_metric_model |             132 |
|                     Norm/state_metric_model |             144 |
|        Norm/state_action_state_metric_model |             124 |
|                  Metric/self_state_distance |           0.009 |
|                 Metric/cross_state_distance |            2.16 |
|           Metric/self_state_action_distance |          0.0548 |
|          Metric/cross_state_action_distance |            3.06 |
|             Metric/avg_self_state_asymmetry |               0 |
|            Metric/avg_cross_state_asymmetry |          0.0274 |
|                Metric/avg_self_sa_asymmetry |               0 |
|               Metric/avg_cross_sa_asymmetry |          0.0282 |
|  Metric/self_state_action_to_state_distance |          0.0496 |
| Metric/cross_state_action_to_state_distance |            3.05 |
|                   Metric/h_lambda_diff_self |          0.0206 |
|                  Metric/h_lambda_diff_cross |           0.065 |
|                                 Eval/Return |             803 |
-----------------------------------------------------------------
-----------------------------------------------------------------
|                                 Train/Steps |        4.62e+06 |
|                            Loss/Loss_critic |          0.0176 |
|                             Loss/Loss_actor |           -83.1 |
|                             Loss/Loss_alpha |         0.00054 |
|               Loss/Loss_state_action_metric |            2.45 |
|                      Loss/Loss_state_metric |           0.999 |
|             Loss/Loss_state_action_to_state |         0.00326 |
|                           Loss/Act_rep_loss |         0.00966 |
|                        Loss/Critic_rep_loss |            20.9 |
|                                   SAC/Alpha |         0.00647 |
|                              SAC/LogPi_mean |           0.438 |
|                                 SAC/Q1_mean |            83.1 |
|                                 SAC/Q2_mean |            83.2 |
|                            Norm/actor_model |             149 |
|                           Norm/critic_model |             178 |
|              Norm/state_action_metric_model |             134 |
|                     Norm/state_metric_model |             147 |
|        Norm/state_action_state_metric_model |             126 |
|                  Metric/self_state_distance |          0.0064 |
|                 Metric/cross_state_distance |            2.06 |
|           Metric/self_state_action_distance |          0.0438 |
|          Metric/cross_state_action_distance |             2.9 |
|             Metric/avg_self_state_asymmetry |               0 |
|            Metric/avg_cross_state_asymmetry |          0.0253 |
|                Metric/avg_self_sa_asymmetry |               0 |
|               Metric/avg_cross_sa_asymmetry |          0.0364 |
|  Metric/self_state_action_to_state_distance |          0.0132 |
| Metric/cross_state_action_to_state_distance |            2.88 |
|                   Metric/h_lambda_diff_self |           0.031 |
|                  Metric/h_lambda_diff_cross |          0.0451 |
|                                 Eval/Return |             806 |
-----------------------------------------------------------------
-----------------------------------------------------------------
|                                 Train/Steps |        4.74e+06 |
|                            Loss/Loss_critic |          0.0245 |
|                             Loss/Loss_actor |           -87.2 |
|                             Loss/Loss_alpha |        0.000588 |
|               Loss/Loss_state_action_metric |            2.22 |
|                      Loss/Loss_state_metric |           0.962 |
|             Loss/Loss_state_action_to_state |         0.00334 |
|                           Loss/Act_rep_loss |          0.0194 |
|                        Loss/Critic_rep_loss |            17.1 |
|                                   SAC/Alpha |         0.00444 |
|                              SAC/LogPi_mean |           0.383 |
|                                 SAC/Q1_mean |            87.2 |
|                                 SAC/Q2_mean |            87.2 |
|                            Norm/actor_model |             151 |
|                           Norm/critic_model |             179 |
|              Norm/state_action_metric_model |             137 |
|                     Norm/state_metric_model |             150 |
|        Norm/state_action_state_metric_model |             129 |
|                  Metric/self_state_distance |         0.00783 |
|                 Metric/cross_state_distance |            2.03 |
|           Metric/self_state_action_distance |          0.0245 |
|          Metric/cross_state_action_distance |            2.75 |
|             Metric/avg_self_state_asymmetry |               0 |
|            Metric/avg_cross_state_asymmetry |          0.0196 |
|                Metric/avg_self_sa_asymmetry |               0 |
|               Metric/avg_cross_sa_asymmetry |          0.0243 |
|  Metric/self_state_action_to_state_distance |         0.00326 |
| Metric/cross_state_action_to_state_distance |            2.72 |
|                   Metric/h_lambda_diff_self |          0.0212 |
|                  Metric/h_lambda_diff_cross |          0.0466 |
|                                 Eval/Return |             799 |
-----------------------------------------------------------------
-----------------------------------------------------------------
|                                 Train/Steps |        4.87e+06 |
|                            Loss/Loss_critic |          0.0135 |
|                             Loss/Loss_actor |           -87.8 |
|                             Loss/Loss_alpha |        0.000489 |
|               Loss/Loss_state_action_metric |            2.33 |
|                      Loss/Loss_state_metric |            1.08 |
|             Loss/Loss_state_action_to_state |         0.00414 |
|                           Loss/Act_rep_loss |          0.0681 |
|                        Loss/Critic_rep_loss |            16.8 |
|                                   SAC/Alpha |         0.00418 |
|                              SAC/LogPi_mean |           0.384 |
|                                 SAC/Q1_mean |            87.8 |
|                                 SAC/Q2_mean |            87.8 |
|                            Norm/actor_model |             152 |
|                           Norm/critic_model |             180 |
|              Norm/state_action_metric_model |             140 |
|                     Norm/state_metric_model |             153 |
|        Norm/state_action_state_metric_model |             132 |
|                  Metric/self_state_distance |          0.0169 |
|                 Metric/cross_state_distance |             2.1 |
|           Metric/self_state_action_distance |           0.045 |
|          Metric/cross_state_action_distance |            2.76 |
|             Metric/avg_self_state_asymmetry |               0 |
|            Metric/avg_cross_state_asymmetry |          0.0268 |
|                Metric/avg_self_sa_asymmetry |               0 |
|               Metric/avg_cross_sa_asymmetry |          0.0582 |
|  Metric/self_state_action_to_state_distance |          0.0292 |
| Metric/cross_state_action_to_state_distance |            2.79 |
|                   Metric/h_lambda_diff_self |          0.0217 |
|                  Metric/h_lambda_diff_cross |          0.0579 |
|                                 Eval/Return |             804 |
-----------------------------------------------------------------
-----------------------------------------------------------------
|                                 Train/Steps |           5e+06 |
|                            Loss/Loss_critic |          0.0194 |
|                             Loss/Loss_actor |           -88.3 |
|                             Loss/Loss_alpha |       -0.000311 |
|               Loss/Loss_state_action_metric |            2.64 |
|                      Loss/Loss_state_metric |            1.11 |
|             Loss/Loss_state_action_to_state |         0.00126 |
|                           Loss/Act_rep_loss |           0.037 |
|                        Loss/Critic_rep_loss |            15.8 |
|                                   SAC/Alpha |         0.00301 |
|                              SAC/LogPi_mean |           0.532 |
|                                 SAC/Q1_mean |            88.3 |
|                                 SAC/Q2_mean |            88.3 |
|                            Norm/actor_model |             153 |
|                           Norm/critic_model |             181 |
|              Norm/state_action_metric_model |             142 |
|                     Norm/state_metric_model |             155 |
|        Norm/state_action_state_metric_model |             135 |
|                  Metric/self_state_distance |         0.00801 |
|                 Metric/cross_state_distance |            2.09 |
|           Metric/self_state_action_distance |          0.0169 |
|          Metric/cross_state_action_distance |            2.71 |
|             Metric/avg_self_state_asymmetry |               0 |
|            Metric/avg_cross_state_asymmetry |          0.0185 |
|                Metric/avg_self_sa_asymmetry |               0 |
|               Metric/avg_cross_sa_asymmetry |          0.0192 |
|  Metric/self_state_action_to_state_distance |         0.00889 |
| Metric/cross_state_action_to_state_distance |            2.72 |
|                   Metric/h_lambda_diff_self |          0.0111 |
|                  Metric/h_lambda_diff_cross |          0.0271 |
|                                 Eval/Return |             796 |
-----------------------------------------------------------------
[32mSaving model …[0m
[32mDone.[0m
[32mSaving model …[0m
[32mDone.[0m
