E0905 04:37:46.357148  684932 cuda_executor.cc:1526] Could not get kernel mode driver version: (INVALID_ARGUMENT: Version does not match the format X.Y.Z)
E0905 04:37:46.365454  684822 cuda_executor.cc:1526] Could not get kernel mode driver version: (INVALID_ARGUMENT: Version does not match the format X.Y.Z)
[32mStart prefilling replay buffer[0m
[32mStart SAC training[0m
[32m{'log_freq': 1000, 'save_freq': 1000000, 'eval_episode_freq': 10, 'hidden_size': 256, 'lr': 0.001, 'max_grad_norm': 0.0, 'gamma': 0.99, 'update_tau': 0.005, 'train_per_step': 8, 'episode_length': 1000, 'warmup_samples': 8192, 'max_replay_size': 4000000, 'batch_size': 512, 'total_env_steps': 5000000, 'init_temperature': 0.1, 'nstep': 3, 'bootstrap_on_truncation': True, 'rep_lr_scale': 1.5, 'critic_rep_metric_scale': 1.0, 'critic_rep_scale': 0.05, 'vis_feq': 100000, 'n_vis_frames': 4, 'num_envs': 128, 'grad_steps': 50, 'transfer_freq': 10, 'transfer_steps': 8, 'reward_scaling': 1.0, 'num_eval_envs': 128, 'target_entropy': -1.0}[0m
[32m[nstep] nstep=3 bootstrap_on_truncation=True (discount from the buffer already contains gamma^nstep)[0m
-----------------------------------------------------------------
|                                 Train/Steps |        1.36e+05 |
|                            Loss/Loss_critic |            1.89 |
|                             Loss/Loss_actor |           -18.9 |
|                             Loss/Loss_alpha |         0.00168 |
|               Loss/Loss_state_action_metric |            2.67 |
|                      Loss/Loss_state_metric |            1.03 |
|             Loss/Loss_state_action_to_state |         0.00418 |
|                           Loss/Act_rep_loss |          0.0388 |
|                        Loss/Critic_rep_loss |            24.4 |
|                                   SAC/Alpha |           0.021 |
|                              SAC/LogPi_mean |           0.904 |
|                                 SAC/Q1_mean |            18.8 |
|                                 SAC/Q2_mean |              19 |
|                            Norm/actor_model |            51.3 |
|                           Norm/critic_model |            89.6 |
|              Norm/state_action_metric_model |            29.7 |
|                     Norm/state_metric_model |            29.9 |
|        Norm/state_action_state_metric_model |            29.3 |
|                  Metric/self_state_distance |         0.00889 |
|                 Metric/cross_state_distance |            2.27 |
|           Metric/self_state_action_distance |          0.0308 |
|          Metric/cross_state_action_distance |            3.14 |
|             Metric/avg_self_state_asymmetry |               0 |
|            Metric/avg_cross_state_asymmetry |          0.0741 |
|                Metric/avg_self_sa_asymmetry |               0 |
|               Metric/avg_cross_sa_asymmetry |          0.0628 |
|  Metric/self_state_action_to_state_distance |          0.0115 |
| Metric/cross_state_action_to_state_distance |            3.13 |
|                   Metric/h_lambda_diff_self |          0.0215 |
|                  Metric/h_lambda_diff_cross |          0.0695 |
|                                 Eval/Return |             227 |
-----------------------------------------------------------------
-----------------------------------------------------------------
|                                 Train/Steps |        2.64e+05 |
|                            Loss/Loss_critic |            2.76 |
|                             Loss/Loss_actor |           -30.7 |
|                             Loss/Loss_alpha |        -0.00442 |
|               Loss/Loss_state_action_metric |            2.53 |
|                      Loss/Loss_state_metric |            1.02 |
|             Loss/Loss_state_action_to_state |         0.00257 |
|                           Loss/Act_rep_loss |          0.0305 |
|                        Loss/Critic_rep_loss |            35.5 |
|                                   SAC/Alpha |          0.0298 |
|                              SAC/LogPi_mean |            1.14 |
|                                 SAC/Q1_mean |            30.6 |
|                                 SAC/Q2_mean |            30.6 |
|                            Norm/actor_model |            65.8 |
|                           Norm/critic_model |             114 |
|              Norm/state_action_metric_model |            31.4 |
|                     Norm/state_metric_model |              37 |
|        Norm/state_action_state_metric_model |            30.1 |
|                  Metric/self_state_distance |          0.0203 |
|                 Metric/cross_state_distance |            2.13 |
|           Metric/self_state_action_distance |          0.0246 |
|          Metric/cross_state_action_distance |            3.18 |
|             Metric/avg_self_state_asymmetry |               0 |
|            Metric/avg_cross_state_asymmetry |          0.0595 |
|                Metric/avg_self_sa_asymmetry |               0 |
|               Metric/avg_cross_sa_asymmetry |          0.0527 |
|  Metric/self_state_action_to_state_distance |          0.0096 |
| Metric/cross_state_action_to_state_distance |            3.18 |
|                   Metric/h_lambda_diff_self |          0.0173 |
|                  Metric/h_lambda_diff_cross |          0.0543 |
|                                 Eval/Return |             318 |
-----------------------------------------------------------------
-----------------------------------------------------------------
|                                 Train/Steps |        3.92e+05 |
|                            Loss/Loss_critic |            5.21 |
|                             Loss/Loss_actor |           -37.9 |
|                             Loss/Loss_alpha |        -0.00355 |
|               Loss/Loss_state_action_metric |            2.94 |
|                      Loss/Loss_state_metric |            1.09 |
|             Loss/Loss_state_action_to_state |         0.00363 |
|                           Loss/Act_rep_loss |          0.0345 |
|                        Loss/Critic_rep_loss |            39.1 |
|                                   SAC/Alpha |          0.0297 |
|                              SAC/LogPi_mean |            1.01 |
|                                 SAC/Q1_mean |            37.7 |
|                                 SAC/Q2_mean |            37.8 |
|                            Norm/actor_model |            76.4 |
|                           Norm/critic_model |             134 |
|              Norm/state_action_metric_model |            33.9 |
|                     Norm/state_metric_model |            48.9 |
|        Norm/state_action_state_metric_model |            31.6 |
|                  Metric/self_state_distance |         0.00778 |
|                 Metric/cross_state_distance |            2.29 |
|           Metric/self_state_action_distance |          0.0242 |
|          Metric/cross_state_action_distance |            3.26 |
|             Metric/avg_self_state_asymmetry |               0 |
|            Metric/avg_cross_state_asymmetry |          0.0268 |
|                Metric/avg_self_sa_asymmetry |               0 |
|               Metric/avg_cross_sa_asymmetry |          0.0692 |
|  Metric/self_state_action_to_state_distance |         0.00515 |
| Metric/cross_state_action_to_state_distance |            3.28 |
|                   Metric/h_lambda_diff_self |          0.0194 |
|                  Metric/h_lambda_diff_cross |          0.0626 |
|                                 Eval/Return |             359 |
-----------------------------------------------------------------
-----------------------------------------------------------------
|                                 Train/Steps |         5.2e+05 |
|                            Loss/Loss_critic |            4.13 |
|                             Loss/Loss_actor |           -42.2 |
|                             Loss/Loss_alpha |         0.00138 |
|               Loss/Loss_state_action_metric |            3.04 |
|                      Loss/Loss_state_metric |            1.29 |
|             Loss/Loss_state_action_to_state |         0.00552 |
|                           Loss/Act_rep_loss |          0.0241 |
|                        Loss/Critic_rep_loss |            43.5 |
|                                   SAC/Alpha |          0.0275 |
|                              SAC/LogPi_mean |            1.02 |
|                                 SAC/Q1_mean |            42.1 |
|                                 SAC/Q2_mean |            42.3 |
|                            Norm/actor_model |            84.3 |
|                           Norm/critic_model |             148 |
|              Norm/state_action_metric_model |            36.7 |
|                     Norm/state_metric_model |            57.6 |
|        Norm/state_action_state_metric_model |            33.7 |
|                  Metric/self_state_distance |         0.00897 |
|                 Metric/cross_state_distance |             2.5 |
|           Metric/self_state_action_distance |          0.0331 |
|          Metric/cross_state_action_distance |            3.48 |
|             Metric/avg_self_state_asymmetry |               0 |
|            Metric/avg_cross_state_asymmetry |          0.0314 |
|                Metric/avg_self_sa_asymmetry |               0 |
|               Metric/avg_cross_sa_asymmetry |          0.0502 |
|  Metric/self_state_action_to_state_distance |         0.00634 |
| Metric/cross_state_action_to_state_distance |             3.5 |
|                   Metric/h_lambda_diff_self |          0.0284 |
|                  Metric/h_lambda_diff_cross |          0.0525 |
|                                 Eval/Return |             463 |
-----------------------------------------------------------------
-----------------------------------------------------------------
|                                 Train/Steps |        6.48e+05 |
|                            Loss/Loss_critic |             5.1 |
|                             Loss/Loss_actor |           -45.1 |
|                             Loss/Loss_alpha |        -0.00107 |
|               Loss/Loss_state_action_metric |            3.77 |
|                      Loss/Loss_state_metric |            1.27 |
|             Loss/Loss_state_action_to_state |         0.00265 |
|                           Loss/Act_rep_loss |          0.0304 |
|                        Loss/Critic_rep_loss |            47.9 |
|                                   SAC/Alpha |          0.0266 |
|                              SAC/LogPi_mean |            1.03 |
|                                 SAC/Q1_mean |            45.1 |
|                                 SAC/Q2_mean |              45 |
|                            Norm/actor_model |            91.3 |
|                           Norm/critic_model |             160 |
|              Norm/state_action_metric_model |            39.5 |
|                     Norm/state_metric_model |            63.4 |
|        Norm/state_action_state_metric_model |            36.2 |
|                  Metric/self_state_distance |         0.00656 |
|                 Metric/cross_state_distance |            2.51 |
|           Metric/self_state_action_distance |          0.0153 |
|          Metric/cross_state_action_distance |            3.92 |
|             Metric/avg_self_state_asymmetry |               0 |
|            Metric/avg_cross_state_asymmetry |          0.0359 |
|                Metric/avg_self_sa_asymmetry |               0 |
|               Metric/avg_cross_sa_asymmetry |          0.0461 |
|  Metric/self_state_action_to_state_distance |         0.00405 |
| Metric/cross_state_action_to_state_distance |            3.86 |
|                   Metric/h_lambda_diff_self |          0.0121 |
|                  Metric/h_lambda_diff_cross |           0.085 |
|                                 Eval/Return |             435 |
-----------------------------------------------------------------
-----------------------------------------------------------------
|                                 Train/Steps |        7.76e+05 |
|                            Loss/Loss_critic |           0.458 |
|                             Loss/Loss_actor |           -48.8 |
|                             Loss/Loss_alpha |         0.00447 |
|               Loss/Loss_state_action_metric |            3.17 |
|                      Loss/Loss_state_metric |            1.19 |
|             Loss/Loss_state_action_to_state |         0.00235 |
|                           Loss/Act_rep_loss |          0.0215 |
|                        Loss/Critic_rep_loss |              45 |
|                                   SAC/Alpha |          0.0255 |
|                              SAC/LogPi_mean |           0.959 |
|                                 SAC/Q1_mean |            48.7 |
|                                 SAC/Q2_mean |            48.8 |
|                            Norm/actor_model |            97.7 |
|                           Norm/critic_model |             175 |
|              Norm/state_action_metric_model |            42.2 |
|                     Norm/state_metric_model |            69.5 |
|        Norm/state_action_state_metric_model |            39.1 |
|                  Metric/self_state_distance |          0.0016 |
|                 Metric/cross_state_distance |            2.35 |
|           Metric/self_state_action_distance |          0.0203 |
|          Metric/cross_state_action_distance |            3.67 |
|             Metric/avg_self_state_asymmetry |               0 |
|            Metric/avg_cross_state_asymmetry |          0.0356 |
|                Metric/avg_self_sa_asymmetry |               0 |
|               Metric/avg_cross_sa_asymmetry |           0.104 |
|  Metric/self_state_action_to_state_distance |         0.00894 |
| Metric/cross_state_action_to_state_distance |            3.47 |
|                   Metric/h_lambda_diff_self |          0.0183 |
|                  Metric/h_lambda_diff_cross |           0.215 |
|                                 Eval/Return |             445 |
-----------------------------------------------------------------
-----------------------------------------------------------------
|                                 Train/Steps |        9.04e+05 |
|                            Loss/Loss_critic |           0.327 |
|                             Loss/Loss_actor |             -53 |
|                             Loss/Loss_alpha |       -1.29e-05 |
|               Loss/Loss_state_action_metric |            3.16 |
|                      Loss/Loss_state_metric |            1.37 |
|             Loss/Loss_state_action_to_state |         0.00191 |
|                           Loss/Act_rep_loss |          0.0132 |
|                        Loss/Critic_rep_loss |            43.4 |
|                                   SAC/Alpha |          0.0299 |
|                              SAC/LogPi_mean |           0.861 |
|                                 SAC/Q1_mean |              53 |
|                                 SAC/Q2_mean |            52.9 |
|                            Norm/actor_model |             104 |
|                           Norm/critic_model |             188 |
|              Norm/state_action_metric_model |            45.4 |
|                     Norm/state_metric_model |            75.6 |
|        Norm/state_action_state_metric_model |              42 |
|                  Metric/self_state_distance |         0.00661 |
|                 Metric/cross_state_distance |            2.46 |
|           Metric/self_state_action_distance |          0.0116 |
|          Metric/cross_state_action_distance |            3.69 |
|             Metric/avg_self_state_asymmetry |               0 |
|            Metric/avg_cross_state_asymmetry |          0.0257 |
|                Metric/avg_self_sa_asymmetry |               0 |
|               Metric/avg_cross_sa_asymmetry |          0.0444 |
|  Metric/self_state_action_to_state_distance |         0.00384 |
| Metric/cross_state_action_to_state_distance |            3.67 |
|                   Metric/h_lambda_diff_self |         0.00941 |
|                  Metric/h_lambda_diff_cross |          0.0452 |
|                                 Eval/Return |             525 |
-----------------------------------------------------------------
-----------------------------------------------------------------
|                                 Train/Steps |        1.03e+06 |
|                            Loss/Loss_critic |           0.605 |
|                             Loss/Loss_actor |           -55.4 |
|                             Loss/Loss_alpha |         0.00273 |
|               Loss/Loss_state_action_metric |            3.28 |
|                      Loss/Loss_state_metric |            1.31 |
|             Loss/Loss_state_action_to_state |         0.00388 |
|                           Loss/Act_rep_loss |          0.0252 |
|                        Loss/Critic_rep_loss |            43.8 |
|                                   SAC/Alpha |          0.0303 |
|                              SAC/LogPi_mean |           0.988 |
|                                 SAC/Q1_mean |            55.3 |
|                                 SAC/Q2_mean |            55.4 |
|                            Norm/actor_model |             110 |
|                           Norm/critic_model |             200 |
|              Norm/state_action_metric_model |              49 |
|                     Norm/state_metric_model |            81.3 |
|        Norm/state_action_state_metric_model |            44.7 |
|                  Metric/self_state_distance |          0.0103 |
|                 Metric/cross_state_distance |            2.49 |
|           Metric/self_state_action_distance |          0.0434 |
|          Metric/cross_state_action_distance |            3.63 |
|             Metric/avg_self_state_asymmetry |               0 |
|            Metric/avg_cross_state_asymmetry |          0.0298 |
|                Metric/avg_self_sa_asymmetry |               0 |
|               Metric/avg_cross_sa_asymmetry |          0.0625 |
|  Metric/self_state_action_to_state_distance |         0.00716 |
| Metric/cross_state_action_to_state_distance |            3.66 |
|                   Metric/h_lambda_diff_self |          0.0364 |
|                  Metric/h_lambda_diff_cross |          0.0643 |
|                                 Eval/Return |             572 |
-----------------------------------------------------------------
[32mSaving model …[0m
[32mDone.[0m
[32mSaving model …[0m
[32mDone.[0m
-----------------------------------------------------------------
|                                 Train/Steps |        1.16e+06 |
|                            Loss/Loss_critic |           0.458 |
|                             Loss/Loss_actor |           -54.4 |
|                             Loss/Loss_alpha |        -0.00137 |
|               Loss/Loss_state_action_metric |            2.91 |
|                      Loss/Loss_state_metric |             1.1 |
|             Loss/Loss_state_action_to_state |         0.00268 |
|                           Loss/Act_rep_loss |          0.0137 |
|                        Loss/Critic_rep_loss |            41.3 |
|                                   SAC/Alpha |          0.0267 |
|                              SAC/LogPi_mean |            1.06 |
|                                 SAC/Q1_mean |            54.4 |
|                                 SAC/Q2_mean |            54.3 |
|                            Norm/actor_model |             116 |
|                           Norm/critic_model |             213 |
|              Norm/state_action_metric_model |            52.7 |
|                     Norm/state_metric_model |            87.2 |
|        Norm/state_action_state_metric_model |            47.3 |
|                  Metric/self_state_distance |         0.00471 |
|                 Metric/cross_state_distance |            2.31 |
|           Metric/self_state_action_distance |          0.0165 |
|          Metric/cross_state_action_distance |            3.52 |
|             Metric/avg_self_state_asymmetry |               0 |
|            Metric/avg_cross_state_asymmetry |          0.0203 |
|                Metric/avg_self_sa_asymmetry |               0 |
|               Metric/avg_cross_sa_asymmetry |          0.0484 |
|  Metric/self_state_action_to_state_distance |         0.00894 |
| Metric/cross_state_action_to_state_distance |            3.49 |
|                   Metric/h_lambda_diff_self |          0.0131 |
|                  Metric/h_lambda_diff_cross |          0.0649 |
|                                 Eval/Return |             572 |
-----------------------------------------------------------------
-----------------------------------------------------------------
|                                 Train/Steps |        1.29e+06 |
|                            Loss/Loss_critic |           0.485 |
|                             Loss/Loss_actor |           -58.7 |
|                             Loss/Loss_alpha |        -0.00307 |
|               Loss/Loss_state_action_metric |            3.02 |
|                      Loss/Loss_state_metric |             1.2 |
|             Loss/Loss_state_action_to_state |         0.00168 |
|                           Loss/Act_rep_loss |          0.0212 |
|                        Loss/Critic_rep_loss |            41.6 |
|                                   SAC/Alpha |          0.0266 |
|                              SAC/LogPi_mean |            1.22 |
|                                 SAC/Q1_mean |            58.7 |
|                                 SAC/Q2_mean |            58.5 |
|                            Norm/actor_model |             121 |
|                           Norm/critic_model |             223 |
|              Norm/state_action_metric_model |              56 |
|                     Norm/state_metric_model |            92.5 |
|        Norm/state_action_state_metric_model |            49.8 |
|                  Metric/self_state_distance |         0.00339 |
|                 Metric/cross_state_distance |            2.37 |
|           Metric/self_state_action_distance |          0.0194 |
|          Metric/cross_state_action_distance |            3.57 |
|             Metric/avg_self_state_asymmetry |               0 |
|            Metric/avg_cross_state_asymmetry |          0.0212 |
|                Metric/avg_self_sa_asymmetry |               0 |
|               Metric/avg_cross_sa_asymmetry |          0.0416 |
|  Metric/self_state_action_to_state_distance |         0.00901 |
| Metric/cross_state_action_to_state_distance |            3.57 |
|                   Metric/h_lambda_diff_self |          0.0115 |
|                  Metric/h_lambda_diff_cross |          0.0396 |
|                                 Eval/Return |             641 |
-----------------------------------------------------------------
-----------------------------------------------------------------
|                                 Train/Steps |        1.42e+06 |
|                            Loss/Loss_critic |           0.904 |
|                             Loss/Loss_actor |           -58.2 |
|                             Loss/Loss_alpha |        -0.00446 |
|               Loss/Loss_state_action_metric |            3.25 |
|                      Loss/Loss_state_metric |            1.33 |
|             Loss/Loss_state_action_to_state |         0.00202 |
|                           Loss/Act_rep_loss |          0.0155 |
|                        Loss/Critic_rep_loss |            42.4 |
|                                   SAC/Alpha |          0.0251 |
|                              SAC/LogPi_mean |            1.23 |
|                                 SAC/Q1_mean |            58.1 |
|                                 SAC/Q2_mean |            58.2 |
|                            Norm/actor_model |             126 |
|                           Norm/critic_model |             231 |
|              Norm/state_action_metric_model |              59 |
|                     Norm/state_metric_model |            97.6 |
|        Norm/state_action_state_metric_model |            52.3 |
|                  Metric/self_state_distance |         0.00399 |
|                 Metric/cross_state_distance |            2.53 |
|           Metric/self_state_action_distance |          0.0137 |
|          Metric/cross_state_action_distance |            3.65 |
|             Metric/avg_self_state_asymmetry |               0 |
|            Metric/avg_cross_state_asymmetry |          0.0215 |
|                Metric/avg_self_sa_asymmetry |               0 |
|               Metric/avg_cross_sa_asymmetry |          0.0504 |
|  Metric/self_state_action_to_state_distance |         0.00384 |
| Metric/cross_state_action_to_state_distance |            3.62 |
|                   Metric/h_lambda_diff_self |          0.0131 |
|                  Metric/h_lambda_diff_cross |          0.0711 |
|                                 Eval/Return |             685 |
-----------------------------------------------------------------
-----------------------------------------------------------------
|                                 Train/Steps |        1.54e+06 |
|                            Loss/Loss_critic |           0.678 |
|                             Loss/Loss_actor |           -62.1 |
|                             Loss/Loss_alpha |         0.00394 |
|               Loss/Loss_state_action_metric |            3.02 |
|                      Loss/Loss_state_metric |            1.03 |
|             Loss/Loss_state_action_to_state |         0.00353 |
|                           Loss/Act_rep_loss |          0.0331 |
|                        Loss/Critic_rep_loss |            41.7 |
|                                   SAC/Alpha |          0.0279 |
|                              SAC/LogPi_mean |           0.925 |
|                                 SAC/Q1_mean |              62 |
|                                 SAC/Q2_mean |            62.1 |
|                            Norm/actor_model |             131 |
|                           Norm/critic_model |             240 |
|              Norm/state_action_metric_model |            61.7 |
|                     Norm/state_metric_model |             104 |
|        Norm/state_action_state_metric_model |            54.7 |
|                  Metric/self_state_distance |         0.00186 |
|                 Metric/cross_state_distance |            2.33 |
|           Metric/self_state_action_distance |          0.0114 |
|          Metric/cross_state_action_distance |            3.53 |
|             Metric/avg_self_state_asymmetry |               0 |
|            Metric/avg_cross_state_asymmetry |          0.0248 |
|                Metric/avg_self_sa_asymmetry |               0 |
|               Metric/avg_cross_sa_asymmetry |          0.0472 |
|  Metric/self_state_action_to_state_distance |         0.00367 |
| Metric/cross_state_action_to_state_distance |            3.56 |
|                   Metric/h_lambda_diff_self |          0.0124 |
|                  Metric/h_lambda_diff_cross |          0.0546 |
|                                 Eval/Return |             631 |
-----------------------------------------------------------------
-----------------------------------------------------------------
|                                 Train/Steps |        1.67e+06 |
|                            Loss/Loss_critic |           0.446 |
|                             Loss/Loss_actor |           -64.9 |
|                             Loss/Loss_alpha |        -0.00201 |
|               Loss/Loss_state_action_metric |             3.3 |
|                      Loss/Loss_state_metric |            1.12 |
|             Loss/Loss_state_action_to_state |          0.0031 |
|                           Loss/Act_rep_loss |         0.00781 |
|                        Loss/Critic_rep_loss |            42.8 |
|                                   SAC/Alpha |          0.0279 |
|                              SAC/LogPi_mean |             1.1 |
|                                 SAC/Q1_mean |            64.9 |
|                                 SAC/Q2_mean |            64.7 |
|                            Norm/actor_model |             136 |
|                           Norm/critic_model |             248 |
|              Norm/state_action_metric_model |            63.9 |
|                     Norm/state_metric_model |             109 |
|        Norm/state_action_state_metric_model |              57 |
|                  Metric/self_state_distance |         0.00435 |
|                 Metric/cross_state_distance |            2.49 |
|           Metric/self_state_action_distance |          0.0296 |
|          Metric/cross_state_action_distance |            3.77 |
|             Metric/avg_self_state_asymmetry |               0 |
|            Metric/avg_cross_state_asymmetry |          0.0199 |
|                Metric/avg_self_sa_asymmetry |               0 |
|               Metric/avg_cross_sa_asymmetry |           0.047 |
|  Metric/self_state_action_to_state_distance |         0.00398 |
| Metric/cross_state_action_to_state_distance |            3.77 |
|                   Metric/h_lambda_diff_self |          0.0259 |
|                  Metric/h_lambda_diff_cross |          0.0514 |
|                                 Eval/Return |             689 |
-----------------------------------------------------------------
-----------------------------------------------------------------
|                                 Train/Steps |         1.8e+06 |
|                            Loss/Loss_critic |           0.453 |
|                             Loss/Loss_actor |           -69.5 |
|                             Loss/Loss_alpha |         0.00077 |
|               Loss/Loss_state_action_metric |            2.82 |
|                      Loss/Loss_state_metric |            1.11 |
|             Loss/Loss_state_action_to_state |         0.00231 |
|                           Loss/Act_rep_loss |           0.016 |
|                        Loss/Critic_rep_loss |            33.9 |
|                                   SAC/Alpha |          0.0292 |
|                              SAC/LogPi_mean |           0.879 |
|                                 SAC/Q1_mean |            69.5 |
|                                 SAC/Q2_mean |            69.3 |
|                            Norm/actor_model |             140 |
|                           Norm/critic_model |             257 |
|              Norm/state_action_metric_model |            66.1 |
|                     Norm/state_metric_model |             115 |
|        Norm/state_action_state_metric_model |            59.1 |
|                  Metric/self_state_distance |         0.00427 |
|                 Metric/cross_state_distance |            2.25 |
|           Metric/self_state_action_distance |         0.00687 |
|          Metric/cross_state_action_distance |             3.3 |
|             Metric/avg_self_state_asymmetry |               0 |
|            Metric/avg_cross_state_asymmetry |          0.0186 |
|                Metric/avg_self_sa_asymmetry |               0 |
|               Metric/avg_cross_sa_asymmetry |          0.0317 |
|  Metric/self_state_action_to_state_distance |         0.00114 |
| Metric/cross_state_action_to_state_distance |            3.23 |
|                   Metric/h_lambda_diff_self |         0.00636 |
|                  Metric/h_lambda_diff_cross |           0.077 |
|                                 Eval/Return |             711 |
-----------------------------------------------------------------
-----------------------------------------------------------------
|                                 Train/Steps |        1.93e+06 |
|                            Loss/Loss_critic |           0.393 |
|                             Loss/Loss_actor |           -69.9 |
|                             Loss/Loss_alpha |         0.00333 |
|               Loss/Loss_state_action_metric |             2.9 |
|                      Loss/Loss_state_metric |            1.06 |
|             Loss/Loss_state_action_to_state |         0.00197 |
|                           Loss/Act_rep_loss |          0.0197 |
|                        Loss/Critic_rep_loss |            34.4 |
|                                   SAC/Alpha |          0.0289 |
|                              SAC/LogPi_mean |           0.919 |
|                                 SAC/Q1_mean |            69.7 |
|                                 SAC/Q2_mean |            69.9 |
|                            Norm/actor_model |             144 |
|                           Norm/critic_model |             265 |
|              Norm/state_action_metric_model |            67.9 |
|                     Norm/state_metric_model |             121 |
|        Norm/state_action_state_metric_model |              61 |
|                  Metric/self_state_distance |         0.00237 |
|                 Metric/cross_state_distance |            2.21 |
|           Metric/self_state_action_distance |           0.017 |
|          Metric/cross_state_action_distance |             3.4 |
|             Metric/avg_self_state_asymmetry |               0 |
|            Metric/avg_cross_state_asymmetry |            0.03 |
|                Metric/avg_self_sa_asymmetry |               0 |
|               Metric/avg_cross_sa_asymmetry |          0.0435 |
|  Metric/self_state_action_to_state_distance |         0.00124 |
| Metric/cross_state_action_to_state_distance |            3.39 |
|                   Metric/h_lambda_diff_self |          0.0167 |
|                  Metric/h_lambda_diff_cross |          0.0462 |
|                                 Eval/Return |             733 |
-----------------------------------------------------------------
-----------------------------------------------------------------
|                                 Train/Steps |        2.06e+06 |
|                            Loss/Loss_critic |           0.365 |
|                             Loss/Loss_actor |           -69.7 |
|                             Loss/Loss_alpha |        -0.00537 |
|               Loss/Loss_state_action_metric |            2.96 |
|                      Loss/Loss_state_metric |            1.26 |
|             Loss/Loss_state_action_to_state |         0.00269 |
|                           Loss/Act_rep_loss |          0.0162 |
|                        Loss/Critic_rep_loss |            35.4 |
|                                   SAC/Alpha |          0.0307 |
|                              SAC/LogPi_mean |            1.21 |
|                                 SAC/Q1_mean |            69.8 |
|                                 SAC/Q2_mean |            69.6 |
|                            Norm/actor_model |             148 |
|                           Norm/critic_model |             273 |
|              Norm/state_action_metric_model |            69.8 |
|                     Norm/state_metric_model |             126 |
|        Norm/state_action_state_metric_model |            62.4 |
|                  Metric/self_state_distance |         0.00345 |
|                 Metric/cross_state_distance |            2.42 |
|           Metric/self_state_action_distance |          0.0233 |
|          Metric/cross_state_action_distance |            3.49 |
|             Metric/avg_self_state_asymmetry |               0 |
|            Metric/avg_cross_state_asymmetry |          0.0197 |
|                Metric/avg_self_sa_asymmetry |               0 |
|               Metric/avg_cross_sa_asymmetry |          0.0383 |
|  Metric/self_state_action_to_state_distance |         0.00158 |
| Metric/cross_state_action_to_state_distance |            3.44 |
|                   Metric/h_lambda_diff_self |          0.0223 |
|                  Metric/h_lambda_diff_cross |          0.0595 |
|                                 Eval/Return |             831 |
-----------------------------------------------------------------
[32mSaving model …[0m
[32mDone.[0m
[32mSaving model …[0m
[32mDone.[0m
-----------------------------------------------------------------
|                                 Train/Steps |        2.18e+06 |
|                            Loss/Loss_critic |           0.747 |
|                             Loss/Loss_actor |           -71.4 |
|                             Loss/Loss_alpha |         0.00698 |
|               Loss/Loss_state_action_metric |            3.17 |
|                      Loss/Loss_state_metric |            1.24 |
|             Loss/Loss_state_action_to_state |         0.00149 |
|                           Loss/Act_rep_loss |          0.0257 |
|                        Loss/Critic_rep_loss |            35.3 |
|                                   SAC/Alpha |          0.0264 |
|                              SAC/LogPi_mean |           0.755 |
|                                 SAC/Q1_mean |            71.2 |
|                                 SAC/Q2_mean |            71.4 |
|                            Norm/actor_model |             152 |
|                           Norm/critic_model |             279 |
|              Norm/state_action_metric_model |            71.4 |
|                     Norm/state_metric_model |             132 |
|        Norm/state_action_state_metric_model |            64.5 |
|                  Metric/self_state_distance |         0.00576 |
|                 Metric/cross_state_distance |             2.3 |
|           Metric/self_state_action_distance |         0.00539 |
|          Metric/cross_state_action_distance |            3.42 |
|             Metric/avg_self_state_asymmetry |               0 |
|            Metric/avg_cross_state_asymmetry |          0.0228 |
|                Metric/avg_self_sa_asymmetry |               0 |
|               Metric/avg_cross_sa_asymmetry |          0.0403 |
|  Metric/self_state_action_to_state_distance |        0.000559 |
| Metric/cross_state_action_to_state_distance |            3.42 |
|                   Metric/h_lambda_diff_self |         0.00543 |
|                  Metric/h_lambda_diff_cross |          0.0356 |
|                                 Eval/Return |             695 |
-----------------------------------------------------------------
-----------------------------------------------------------------
|                                 Train/Steps |        2.31e+06 |
|                            Loss/Loss_critic |           0.431 |
|                             Loss/Loss_actor |           -73.2 |
|                             Loss/Loss_alpha |         0.00173 |
|               Loss/Loss_state_action_metric |            2.64 |
|                      Loss/Loss_state_metric |            1.11 |
|             Loss/Loss_state_action_to_state |          0.0025 |
|                           Loss/Act_rep_loss |         0.00827 |
|                        Loss/Critic_rep_loss |            30.6 |
|                                   SAC/Alpha |          0.0261 |
|                              SAC/LogPi_mean |            1.01 |
|                                 SAC/Q1_mean |            73.1 |
|                                 SAC/Q2_mean |            73.2 |
|                            Norm/actor_model |             156 |
|                           Norm/critic_model |             286 |
|              Norm/state_action_metric_model |              73 |
|                     Norm/state_metric_model |             137 |
|        Norm/state_action_state_metric_model |            65.8 |
|                  Metric/self_state_distance |          0.0036 |
|                 Metric/cross_state_distance |            2.18 |
|           Metric/self_state_action_distance |          0.0132 |
|          Metric/cross_state_action_distance |            3.12 |
|             Metric/avg_self_state_asymmetry |               0 |
|            Metric/avg_cross_state_asymmetry |          0.0258 |
|                Metric/avg_self_sa_asymmetry |               0 |
|               Metric/avg_cross_sa_asymmetry |          0.0436 |
|  Metric/self_state_action_to_state_distance |         0.00147 |
| Metric/cross_state_action_to_state_distance |            3.15 |
|                   Metric/h_lambda_diff_self |          0.0132 |
|                  Metric/h_lambda_diff_cross |          0.0523 |
|                                 Eval/Return |             709 |
-----------------------------------------------------------------
-----------------------------------------------------------------
|                                 Train/Steps |        2.44e+06 |
|                            Loss/Loss_critic |           0.255 |
|                             Loss/Loss_actor |           -77.3 |
|                             Loss/Loss_alpha |         0.00582 |
|               Loss/Loss_state_action_metric |            2.44 |
|                      Loss/Loss_state_metric |           0.893 |
|             Loss/Loss_state_action_to_state |         0.00346 |
|                           Loss/Act_rep_loss |          0.0116 |
|                        Loss/Critic_rep_loss |            27.8 |
|                                   SAC/Alpha |           0.024 |
|                              SAC/LogPi_mean |           0.744 |
|                                 SAC/Q1_mean |            77.2 |
|                                 SAC/Q2_mean |            77.3 |
|                            Norm/actor_model |             160 |
|                           Norm/critic_model |             292 |
|              Norm/state_action_metric_model |            74.4 |
|                     Norm/state_metric_model |             143 |
|        Norm/state_action_state_metric_model |            67.2 |
|                  Metric/self_state_distance |          0.0014 |
|                 Metric/cross_state_distance |            2.15 |
|           Metric/self_state_action_distance |          0.0334 |
|          Metric/cross_state_action_distance |            3.04 |
|             Metric/avg_self_state_asymmetry |               0 |
|            Metric/avg_cross_state_asymmetry |           0.023 |
|                Metric/avg_self_sa_asymmetry |               0 |
|               Metric/avg_cross_sa_asymmetry |          0.0372 |
|  Metric/self_state_action_to_state_distance |         0.00337 |
| Metric/cross_state_action_to_state_distance |               3 |
|                   Metric/h_lambda_diff_self |          0.0305 |
|                  Metric/h_lambda_diff_cross |          0.0619 |
|                                 Eval/Return |             800 |
-----------------------------------------------------------------
-----------------------------------------------------------------
|                                 Train/Steps |        2.57e+06 |
|                            Loss/Loss_critic |           0.652 |
|                             Loss/Loss_actor |             -75 |
|                             Loss/Loss_alpha |        -0.00137 |
|               Loss/Loss_state_action_metric |            3.13 |
|                      Loss/Loss_state_metric |            1.34 |
|             Loss/Loss_state_action_to_state |         0.00179 |
|                           Loss/Act_rep_loss |          0.0176 |
|                        Loss/Critic_rep_loss |            31.6 |
|                                   SAC/Alpha |          0.0232 |
|                              SAC/LogPi_mean |            1.05 |
|                                 SAC/Q1_mean |            74.9 |
|                                 SAC/Q2_mean |            74.8 |
|                            Norm/actor_model |             164 |
|                           Norm/critic_model |             298 |
|              Norm/state_action_metric_model |            76.1 |
|                     Norm/state_metric_model |             148 |
|        Norm/state_action_state_metric_model |            68.7 |
|                  Metric/self_state_distance |        0.000612 |
|                 Metric/cross_state_distance |            2.38 |
|           Metric/self_state_action_distance |         0.00111 |
|          Metric/cross_state_action_distance |            3.38 |
|             Metric/avg_self_state_asymmetry |               0 |
|            Metric/avg_cross_state_asymmetry |          0.0163 |
|                Metric/avg_self_sa_asymmetry |               0 |
|               Metric/avg_cross_sa_asymmetry |          0.0467 |
|  Metric/self_state_action_to_state_distance |         0.00792 |
| Metric/cross_state_action_to_state_distance |            3.39 |
|                   Metric/h_lambda_diff_self |          0.0088 |
|                  Metric/h_lambda_diff_cross |          0.0432 |
|                                 Eval/Return |             841 |
-----------------------------------------------------------------
-----------------------------------------------------------------
|                                 Train/Steps |         2.7e+06 |
|                            Loss/Loss_critic |           0.368 |
|                             Loss/Loss_actor |           -73.2 |
|                             Loss/Loss_alpha |        -0.00189 |
|               Loss/Loss_state_action_metric |            2.66 |
|                      Loss/Loss_state_metric |           0.973 |
|             Loss/Loss_state_action_to_state |         0.00209 |
|                           Loss/Act_rep_loss |         0.00493 |
|                        Loss/Critic_rep_loss |            30.9 |
|                                   SAC/Alpha |          0.0237 |
|                              SAC/LogPi_mean |            1.04 |
|                                 SAC/Q1_mean |              73 |
|                                 SAC/Q2_mean |            73.1 |
|                            Norm/actor_model |             168 |
|                           Norm/critic_model |             304 |
|              Norm/state_action_metric_model |            77.7 |
|                     Norm/state_metric_model |             153 |
|        Norm/state_action_state_metric_model |            70.3 |
|                  Metric/self_state_distance |         0.00201 |
|                 Metric/cross_state_distance |            2.27 |
|           Metric/self_state_action_distance |         0.00391 |
|          Metric/cross_state_action_distance |            3.21 |
|             Metric/avg_self_state_asymmetry |               0 |
|            Metric/avg_cross_state_asymmetry |          0.0219 |
|                Metric/avg_self_sa_asymmetry |               0 |
|               Metric/avg_cross_sa_asymmetry |          0.0375 |
|  Metric/self_state_action_to_state_distance |         0.00311 |
| Metric/cross_state_action_to_state_distance |            3.21 |
|                   Metric/h_lambda_diff_self |         0.00359 |
|                  Metric/h_lambda_diff_cross |            0.06 |
|                                 Eval/Return |             770 |
-----------------------------------------------------------------
-----------------------------------------------------------------
|                                 Train/Steps |        2.82e+06 |
|                            Loss/Loss_critic |            0.34 |
|                             Loss/Loss_actor |             -79 |
|                             Loss/Loss_alpha |        0.000378 |
|               Loss/Loss_state_action_metric |            2.58 |
|                      Loss/Loss_state_metric |            1.07 |
|             Loss/Loss_state_action_to_state |          0.0055 |
|                           Loss/Act_rep_loss |          0.0203 |
|                        Loss/Critic_rep_loss |            27.2 |
|                                   SAC/Alpha |          0.0218 |
|                              SAC/LogPi_mean |           0.946 |
|                                 SAC/Q1_mean |            78.9 |
|                                 SAC/Q2_mean |            78.8 |
|                            Norm/actor_model |             172 |
|                           Norm/critic_model |             309 |
|              Norm/state_action_metric_model |            79.2 |
|                     Norm/state_metric_model |             158 |
|        Norm/state_action_state_metric_model |            71.5 |
|                  Metric/self_state_distance |        0.000814 |
|                 Metric/cross_state_distance |            2.16 |
|           Metric/self_state_action_distance |         0.00781 |
|          Metric/cross_state_action_distance |            3.13 |
|             Metric/avg_self_state_asymmetry |               0 |
|            Metric/avg_cross_state_asymmetry |          0.0179 |
|                Metric/avg_self_sa_asymmetry |               0 |
|               Metric/avg_cross_sa_asymmetry |            0.04 |
|  Metric/self_state_action_to_state_distance |         0.00172 |
| Metric/cross_state_action_to_state_distance |            3.09 |
|                   Metric/h_lambda_diff_self |         0.00741 |
|                  Metric/h_lambda_diff_cross |          0.0614 |
|                                 Eval/Return |             824 |
-----------------------------------------------------------------
-----------------------------------------------------------------
|                                 Train/Steps |        2.95e+06 |
|                            Loss/Loss_critic |            0.28 |
|                             Loss/Loss_actor |           -75.8 |
|                             Loss/Loss_alpha |        0.000955 |
|               Loss/Loss_state_action_metric |            3.03 |
|                      Loss/Loss_state_metric |             1.1 |
|             Loss/Loss_state_action_to_state |         0.00199 |
|                           Loss/Act_rep_loss |           0.018 |
|                        Loss/Critic_rep_loss |            31.4 |
|                                   SAC/Alpha |          0.0198 |
|                              SAC/LogPi_mean |            0.95 |
|                                 SAC/Q1_mean |            75.7 |
|                                 SAC/Q2_mean |            75.7 |
|                            Norm/actor_model |             176 |
|                           Norm/critic_model |             315 |
|              Norm/state_action_metric_model |            80.9 |
|                     Norm/state_metric_model |             162 |
|        Norm/state_action_state_metric_model |              73 |
|                  Metric/self_state_distance |         0.00074 |
|                 Metric/cross_state_distance |            2.34 |
|           Metric/self_state_action_distance |          0.0111 |
|          Metric/cross_state_action_distance |             3.4 |
|             Metric/avg_self_state_asymmetry |               0 |
|            Metric/avg_cross_state_asymmetry |          0.0237 |
|                Metric/avg_self_sa_asymmetry |               0 |
|               Metric/avg_cross_sa_asymmetry |          0.0403 |
|  Metric/self_state_action_to_state_distance |         0.00096 |
| Metric/cross_state_action_to_state_distance |            3.37 |
|                   Metric/h_lambda_diff_self |          0.0105 |
|                  Metric/h_lambda_diff_cross |          0.0408 |
|                                 Eval/Return |             811 |
-----------------------------------------------------------------
-----------------------------------------------------------------
|                                 Train/Steps |        3.08e+06 |
|                            Loss/Loss_critic |           0.441 |
|                             Loss/Loss_actor |           -75.8 |
|                             Loss/Loss_alpha |        2.22e-05 |
|               Loss/Loss_state_action_metric |            2.91 |
|                      Loss/Loss_state_metric |            1.13 |
|             Loss/Loss_state_action_to_state |         0.00244 |
|                           Loss/Act_rep_loss |          0.0241 |
|                        Loss/Critic_rep_loss |            30.7 |
|                                   SAC/Alpha |          0.0191 |
|                              SAC/LogPi_mean |            1.13 |
|                                 SAC/Q1_mean |            75.6 |
|                                 SAC/Q2_mean |            75.7 |
|                            Norm/actor_model |             179 |
|                           Norm/critic_model |             320 |
|              Norm/state_action_metric_model |            82.6 |
|                     Norm/state_metric_model |             167 |
|        Norm/state_action_state_metric_model |            74.5 |
|                  Metric/self_state_distance |         0.00389 |
|                 Metric/cross_state_distance |             2.3 |
|           Metric/self_state_action_distance |          0.0316 |
|          Metric/cross_state_action_distance |            3.31 |
|             Metric/avg_self_state_asymmetry |               0 |
|            Metric/avg_cross_state_asymmetry |          0.0188 |
|                Metric/avg_self_sa_asymmetry |               0 |
|               Metric/avg_cross_sa_asymmetry |          0.0404 |
|  Metric/self_state_action_to_state_distance |        0.000237 |
| Metric/cross_state_action_to_state_distance |            3.26 |
|                   Metric/h_lambda_diff_self |          0.0314 |
|                  Metric/h_lambda_diff_cross |          0.0647 |
|                                 Eval/Return |             845 |
-----------------------------------------------------------------
[32mSaving model …[0m
[32mDone.[0m
[32mSaving model …[0m
[32mDone.[0m
-----------------------------------------------------------------
|                                 Train/Steps |        3.21e+06 |
|                            Loss/Loss_critic |           0.535 |
|                             Loss/Loss_actor |           -76.8 |
|                             Loss/Loss_alpha |        0.000349 |
|               Loss/Loss_state_action_metric |            2.76 |
|                      Loss/Loss_state_metric |            1.19 |
|             Loss/Loss_state_action_to_state |         0.00393 |
|                           Loss/Act_rep_loss |          0.0302 |
|                        Loss/Critic_rep_loss |            29.1 |
|                                   SAC/Alpha |          0.0176 |
|                              SAC/LogPi_mean |           0.995 |
|                                 SAC/Q1_mean |            76.7 |
|                                 SAC/Q2_mean |            76.7 |
|                            Norm/actor_model |             183 |
|                           Norm/critic_model |             326 |
|              Norm/state_action_metric_model |            84.1 |
|                     Norm/state_metric_model |             171 |
|        Norm/state_action_state_metric_model |            76.1 |
|                  Metric/self_state_distance |         0.00152 |
|                 Metric/cross_state_distance |            2.29 |
|           Metric/self_state_action_distance |          0.0258 |
|          Metric/cross_state_action_distance |            3.22 |
|             Metric/avg_self_state_asymmetry |               0 |
|            Metric/avg_cross_state_asymmetry |          0.0199 |
|                Metric/avg_self_sa_asymmetry |               0 |
|               Metric/avg_cross_sa_asymmetry |          0.0334 |
|  Metric/self_state_action_to_state_distance |        0.000283 |
| Metric/cross_state_action_to_state_distance |            3.22 |
|                   Metric/h_lambda_diff_self |          0.0258 |
|                  Metric/h_lambda_diff_cross |          0.0438 |
|                                 Eval/Return |             790 |
-----------------------------------------------------------------
-----------------------------------------------------------------
|                                 Train/Steps |        3.34e+06 |
|                            Loss/Loss_critic |           0.327 |
|                             Loss/Loss_actor |             -78 |
|                             Loss/Loss_alpha |       -0.000264 |
|               Loss/Loss_state_action_metric |             2.6 |
|                      Loss/Loss_state_metric |             1.3 |
|             Loss/Loss_state_action_to_state |         0.00152 |
|                           Loss/Act_rep_loss |          0.0319 |
|                        Loss/Critic_rep_loss |            27.6 |
|                                   SAC/Alpha |          0.0172 |
|                              SAC/LogPi_mean |            1.04 |
|                                 SAC/Q1_mean |            77.9 |
|                                 SAC/Q2_mean |            77.9 |
|                            Norm/actor_model |             186 |
|                           Norm/critic_model |             332 |
|              Norm/state_action_metric_model |            85.6 |
|                     Norm/state_metric_model |             176 |
|        Norm/state_action_state_metric_model |            77.3 |
|                  Metric/self_state_distance |         0.00111 |
|                 Metric/cross_state_distance |             2.3 |
|           Metric/self_state_action_distance |         0.00913 |
|          Metric/cross_state_action_distance |            3.14 |
|             Metric/avg_self_state_asymmetry |               0 |
|            Metric/avg_cross_state_asymmetry |          0.0169 |
|                Metric/avg_self_sa_asymmetry |               0 |
|               Metric/avg_cross_sa_asymmetry |          0.0289 |
|  Metric/self_state_action_to_state_distance |         0.00187 |
| Metric/cross_state_action_to_state_distance |            3.13 |
|                   Metric/h_lambda_diff_self |         0.00745 |
|                  Metric/h_lambda_diff_cross |          0.0246 |
|                                 Eval/Return |             819 |
-----------------------------------------------------------------
-----------------------------------------------------------------
|                                 Train/Steps |        3.46e+06 |
|                            Loss/Loss_critic |           0.257 |
|                             Loss/Loss_actor |             -82 |
|                             Loss/Loss_alpha |        0.000721 |
|               Loss/Loss_state_action_metric |            2.15 |
|                      Loss/Loss_state_metric |           0.981 |
|             Loss/Loss_state_action_to_state |         0.00229 |
|                           Loss/Act_rep_loss |         0.00745 |
|                        Loss/Critic_rep_loss |            23.7 |
|                                   SAC/Alpha |          0.0186 |
|                              SAC/LogPi_mean |           0.923 |
|                                 SAC/Q1_mean |            82.1 |
|                                 SAC/Q2_mean |            81.8 |
|                            Norm/actor_model |             190 |
|                           Norm/critic_model |             337 |
|              Norm/state_action_metric_model |            87.3 |
|                     Norm/state_metric_model |             181 |
|        Norm/state_action_state_metric_model |            78.5 |
|                  Metric/self_state_distance |         0.00199 |
|                 Metric/cross_state_distance |               2 |
|           Metric/self_state_action_distance |         0.00179 |
|          Metric/cross_state_action_distance |            2.81 |
|             Metric/avg_self_state_asymmetry |               0 |
|            Metric/avg_cross_state_asymmetry |          0.0194 |
|                Metric/avg_self_sa_asymmetry |               0 |
|               Metric/avg_cross_sa_asymmetry |          0.0338 |
|  Metric/self_state_action_to_state_distance |         0.00156 |
| Metric/cross_state_action_to_state_distance |            2.78 |
|                   Metric/h_lambda_diff_self |         0.00273 |
|                  Metric/h_lambda_diff_cross |          0.0653 |
|                                 Eval/Return |             814 |
-----------------------------------------------------------------
-----------------------------------------------------------------
|                                 Train/Steps |        3.59e+06 |
|                            Loss/Loss_critic |           0.317 |
|                             Loss/Loss_actor |             -81 |
|                             Loss/Loss_alpha |        -0.00212 |
|               Loss/Loss_state_action_metric |            3.09 |
|                      Loss/Loss_state_metric |             1.2 |
|             Loss/Loss_state_action_to_state |         0.00285 |
|                           Loss/Act_rep_loss |         0.00416 |
|                        Loss/Critic_rep_loss |            26.1 |
|                                   SAC/Alpha |          0.0181 |
|                              SAC/LogPi_mean |           0.976 |
|                                 SAC/Q1_mean |            80.9 |
|                                 SAC/Q2_mean |            80.9 |
|                            Norm/actor_model |             193 |
|                           Norm/critic_model |             342 |
|              Norm/state_action_metric_model |            88.7 |
|                     Norm/state_metric_model |             185 |
|        Norm/state_action_state_metric_model |            79.7 |
|                  Metric/self_state_distance |         0.00264 |
|                 Metric/cross_state_distance |             2.3 |
|           Metric/self_state_action_distance |         0.00242 |
|          Metric/cross_state_action_distance |            3.16 |
|             Metric/avg_self_state_asymmetry |               0 |
|            Metric/avg_cross_state_asymmetry |          0.0191 |
|                Metric/avg_self_sa_asymmetry |               0 |
|               Metric/avg_cross_sa_asymmetry |          0.0454 |
|  Metric/self_state_action_to_state_distance |        0.000423 |
| Metric/cross_state_action_to_state_distance |            3.15 |
|                   Metric/h_lambda_diff_self |         0.00225 |
|                  Metric/h_lambda_diff_cross |          0.0486 |
|                                 Eval/Return |             846 |
-----------------------------------------------------------------
-----------------------------------------------------------------
|                                 Train/Steps |        3.72e+06 |
|                            Loss/Loss_critic |            0.39 |
|                             Loss/Loss_actor |           -83.7 |
|                             Loss/Loss_alpha |        -0.00208 |
|               Loss/Loss_state_action_metric |            2.58 |
|                      Loss/Loss_state_metric |            1.03 |
|             Loss/Loss_state_action_to_state |         0.00453 |
|                           Loss/Act_rep_loss |          0.0174 |
|                        Loss/Critic_rep_loss |            23.1 |
|                                   SAC/Alpha |          0.0173 |
|                              SAC/LogPi_mean |            1.16 |
|                                 SAC/Q1_mean |            83.7 |
|                                 SAC/Q2_mean |            83.6 |
|                            Norm/actor_model |             196 |
|                           Norm/critic_model |             347 |
|              Norm/state_action_metric_model |            90.3 |
|                     Norm/state_metric_model |             189 |
|        Norm/state_action_state_metric_model |            81.5 |
|                  Metric/self_state_distance |         0.00139 |
|                 Metric/cross_state_distance |            2.18 |
|           Metric/self_state_action_distance |         0.00416 |
|          Metric/cross_state_action_distance |            3.04 |
|             Metric/avg_self_state_asymmetry |               0 |
|            Metric/avg_cross_state_asymmetry |          0.0257 |
|                Metric/avg_self_sa_asymmetry |               0 |
|               Metric/avg_cross_sa_asymmetry |          0.0492 |
|  Metric/self_state_action_to_state_distance |         0.00019 |
| Metric/cross_state_action_to_state_distance |            3.05 |
|                   Metric/h_lambda_diff_self |         0.00398 |
|                  Metric/h_lambda_diff_cross |          0.0642 |
|                                 Eval/Return |             854 |
-----------------------------------------------------------------
-----------------------------------------------------------------
|                                 Train/Steps |        3.85e+06 |
|                            Loss/Loss_critic |           0.144 |
|                             Loss/Loss_actor |           -81.5 |
|                             Loss/Loss_alpha |        0.000943 |
|               Loss/Loss_state_action_metric |            2.47 |
|                      Loss/Loss_state_metric |            1.09 |
|             Loss/Loss_state_action_to_state |          0.0019 |
|                           Loss/Act_rep_loss |          0.0287 |
|                        Loss/Critic_rep_loss |            24.3 |
|                                   SAC/Alpha |          0.0163 |
|                              SAC/LogPi_mean |           0.881 |
|                                 SAC/Q1_mean |            81.5 |
|                                 SAC/Q2_mean |            81.4 |
|                            Norm/actor_model |             199 |
|                           Norm/critic_model |             352 |
|              Norm/state_action_metric_model |            91.9 |
|                     Norm/state_metric_model |             193 |
|        Norm/state_action_state_metric_model |            82.7 |
|                  Metric/self_state_distance |         0.00215 |
|                 Metric/cross_state_distance |            2.13 |
|           Metric/self_state_action_distance |         0.00433 |
|          Metric/cross_state_action_distance |            2.91 |
|             Metric/avg_self_state_asymmetry |               0 |
|            Metric/avg_cross_state_asymmetry |           0.017 |
|                Metric/avg_self_sa_asymmetry |               0 |
|               Metric/avg_cross_sa_asymmetry |          0.0295 |
|  Metric/self_state_action_to_state_distance |         0.00156 |
| Metric/cross_state_action_to_state_distance |            2.93 |
|                   Metric/h_lambda_diff_self |         0.00438 |
|                  Metric/h_lambda_diff_cross |          0.0398 |
|                                 Eval/Return |             819 |
-----------------------------------------------------------------
-----------------------------------------------------------------
|                                 Train/Steps |        3.98e+06 |
|                            Loss/Loss_critic |           0.407 |
|                             Loss/Loss_actor |             -82 |
|                             Loss/Loss_alpha |        -0.00399 |
|               Loss/Loss_state_action_metric |            2.85 |
|                      Loss/Loss_state_metric |            1.04 |
|             Loss/Loss_state_action_to_state |         0.00189 |
|                           Loss/Act_rep_loss |         0.00623 |
|                        Loss/Critic_rep_loss |            24.7 |
|                                   SAC/Alpha |          0.0155 |
|                              SAC/LogPi_mean |            1.28 |
|                                 SAC/Q1_mean |            81.9 |
|                                 SAC/Q2_mean |            81.9 |
|                            Norm/actor_model |             202 |
|                           Norm/critic_model |             357 |
|              Norm/state_action_metric_model |            93.3 |
|                     Norm/state_metric_model |             197 |
|        Norm/state_action_state_metric_model |            84.3 |
|                  Metric/self_state_distance |         0.00198 |
|                 Metric/cross_state_distance |            2.19 |
|           Metric/self_state_action_distance |         0.00616 |
|          Metric/cross_state_action_distance |            3.07 |
|             Metric/avg_self_state_asymmetry |               0 |
|            Metric/avg_cross_state_asymmetry |          0.0209 |
|                Metric/avg_self_sa_asymmetry |               0 |
|               Metric/avg_cross_sa_asymmetry |          0.0369 |
|  Metric/self_state_action_to_state_distance |         0.00189 |
| Metric/cross_state_action_to_state_distance |            3.05 |
|                   Metric/h_lambda_diff_self |         0.00494 |
|                  Metric/h_lambda_diff_cross |          0.0416 |
|                                 Eval/Return |             867 |
-----------------------------------------------------------------
-----------------------------------------------------------------
|                                 Train/Steps |         4.1e+06 |
|                            Loss/Loss_critic |           0.129 |
|                             Loss/Loss_actor |           -83.3 |
|                             Loss/Loss_alpha |         0.00135 |
|               Loss/Loss_state_action_metric |             2.6 |
|                      Loss/Loss_state_metric |           0.961 |
|             Loss/Loss_state_action_to_state |         0.00154 |
|                           Loss/Act_rep_loss |          0.0202 |
|                        Loss/Critic_rep_loss |            23.5 |
|                                   SAC/Alpha |          0.0147 |
|                              SAC/LogPi_mean |           0.906 |
|                                 SAC/Q1_mean |            83.2 |
|                                 SAC/Q2_mean |            83.2 |
|                            Norm/actor_model |             205 |
|                           Norm/critic_model |             361 |
|              Norm/state_action_metric_model |            94.8 |
|                     Norm/state_metric_model |             202 |
|        Norm/state_action_state_metric_model |            85.8 |
|                  Metric/self_state_distance |         0.00148 |
|                 Metric/cross_state_distance |             2.1 |
|           Metric/self_state_action_distance |          0.0109 |
|          Metric/cross_state_action_distance |             2.9 |
|             Metric/avg_self_state_asymmetry |               0 |
|            Metric/avg_cross_state_asymmetry |          0.0157 |
|                Metric/avg_self_sa_asymmetry |               0 |
|               Metric/avg_cross_sa_asymmetry |          0.0319 |
|  Metric/self_state_action_to_state_distance |        3.37e-05 |
| Metric/cross_state_action_to_state_distance |            2.92 |
|                   Metric/h_lambda_diff_self |          0.0109 |
|                  Metric/h_lambda_diff_cross |          0.0381 |
|                                 Eval/Return |             832 |
-----------------------------------------------------------------
[32mSaving model …[0m
[32mDone.[0m
[32mSaving model …[0m
[32mDone.[0m
-----------------------------------------------------------------
|                                 Train/Steps |        4.23e+06 |
|                            Loss/Loss_critic |           0.163 |
|                             Loss/Loss_actor |           -83.5 |
|                             Loss/Loss_alpha |        0.000944 |
|               Loss/Loss_state_action_metric |            2.25 |
|                      Loss/Loss_state_metric |            1.04 |
|             Loss/Loss_state_action_to_state |         0.00197 |
|                           Loss/Act_rep_loss |          0.0375 |
|                        Loss/Critic_rep_loss |              23 |
|                                   SAC/Alpha |          0.0125 |
|                              SAC/LogPi_mean |           0.871 |
|                                 SAC/Q1_mean |            83.5 |
|                                 SAC/Q2_mean |            83.5 |
|                            Norm/actor_model |             208 |
|                           Norm/critic_model |             366 |
|              Norm/state_action_metric_model |            96.2 |
|                     Norm/state_metric_model |             206 |
|        Norm/state_action_state_metric_model |            87.1 |
|                  Metric/self_state_distance |        0.000406 |
|                 Metric/cross_state_distance |            2.02 |
|           Metric/self_state_action_distance |         0.00498 |
|          Metric/cross_state_action_distance |            2.81 |
|             Metric/avg_self_state_asymmetry |               0 |
|            Metric/avg_cross_state_asymmetry |          0.0125 |
|                Metric/avg_self_sa_asymmetry |               0 |
|               Metric/avg_cross_sa_asymmetry |          0.0285 |
|  Metric/self_state_action_to_state_distance |        0.000519 |
| Metric/cross_state_action_to_state_distance |            2.73 |
|                   Metric/h_lambda_diff_self |         0.00469 |
|                  Metric/h_lambda_diff_cross |          0.0776 |
|                                 Eval/Return |             838 |
-----------------------------------------------------------------
-----------------------------------------------------------------
|                                 Train/Steps |        4.36e+06 |
|                            Loss/Loss_critic |           0.218 |
|                             Loss/Loss_actor |           -87.3 |
|                             Loss/Loss_alpha |         0.00174 |
|               Loss/Loss_state_action_metric |            2.15 |
|                      Loss/Loss_state_metric |           0.892 |
|             Loss/Loss_state_action_to_state |         0.00249 |
|                           Loss/Act_rep_loss |         0.00958 |
|                        Loss/Critic_rep_loss |            18.3 |
|                                   SAC/Alpha |          0.0116 |
|                              SAC/LogPi_mean |           0.945 |
|                                 SAC/Q1_mean |            87.2 |
|                                 SAC/Q2_mean |            87.2 |
|                            Norm/actor_model |             211 |
|                           Norm/critic_model |             369 |
|              Norm/state_action_metric_model |            97.7 |
|                     Norm/state_metric_model |             210 |
|        Norm/state_action_state_metric_model |            88.6 |
|                  Metric/self_state_distance |         0.00418 |
|                 Metric/cross_state_distance |            1.94 |
|           Metric/self_state_action_distance |         0.00603 |
|          Metric/cross_state_action_distance |             2.6 |
|             Metric/avg_self_state_asymmetry |               0 |
|            Metric/avg_cross_state_asymmetry |          0.0143 |
|                Metric/avg_self_sa_asymmetry |               0 |
|               Metric/avg_cross_sa_asymmetry |          0.0317 |
|  Metric/self_state_action_to_state_distance |        5.63e-07 |
| Metric/cross_state_action_to_state_distance |            2.51 |
|                   Metric/h_lambda_diff_self |         0.00603 |
|                  Metric/h_lambda_diff_cross |          0.0908 |
|                                 Eval/Return |             850 |
-----------------------------------------------------------------
-----------------------------------------------------------------
|                                 Train/Steps |        4.49e+06 |
|                            Loss/Loss_critic |           0.251 |
|                             Loss/Loss_actor |           -85.4 |
|                             Loss/Loss_alpha |       -0.000444 |
|               Loss/Loss_state_action_metric |            2.06 |
|                      Loss/Loss_state_metric |           0.941 |
|             Loss/Loss_state_action_to_state |         0.00097 |
|                           Loss/Act_rep_loss |         0.00307 |
|                        Loss/Critic_rep_loss |            19.3 |
|                                   SAC/Alpha |          0.0104 |
|                              SAC/LogPi_mean |            1.05 |
|                                 SAC/Q1_mean |            85.3 |
|                                 SAC/Q2_mean |            85.4 |
|                            Norm/actor_model |             214 |
|                           Norm/critic_model |             373 |
|              Norm/state_action_metric_model |            99.5 |
|                     Norm/state_metric_model |             213 |
|        Norm/state_action_state_metric_model |            90.3 |
|                  Metric/self_state_distance |         0.00209 |
|                 Metric/cross_state_distance |            1.95 |
|           Metric/self_state_action_distance |         0.00573 |
|          Metric/cross_state_action_distance |            2.55 |
|             Metric/avg_self_state_asymmetry |               0 |
|            Metric/avg_cross_state_asymmetry |           0.012 |
|                Metric/avg_self_sa_asymmetry |               0 |
|               Metric/avg_cross_sa_asymmetry |           0.035 |
|  Metric/self_state_action_to_state_distance |         0.00334 |
| Metric/cross_state_action_to_state_distance |            2.52 |
|                   Metric/h_lambda_diff_self |         0.00647 |
|                  Metric/h_lambda_diff_cross |          0.0381 |
|                                 Eval/Return |             832 |
-----------------------------------------------------------------
-----------------------------------------------------------------
|                                 Train/Steps |        4.62e+06 |
|                            Loss/Loss_critic |           0.129 |
|                             Loss/Loss_actor |           -87.9 |
|                             Loss/Loss_alpha |        0.000645 |
|               Loss/Loss_state_action_metric |             1.8 |
|                      Loss/Loss_state_metric |           0.829 |
|             Loss/Loss_state_action_to_state |         0.00138 |
|                           Loss/Act_rep_loss |          0.0233 |
|                        Loss/Critic_rep_loss |              16 |
|                                   SAC/Alpha |          0.0107 |
|                              SAC/LogPi_mean |           0.958 |
|                                 SAC/Q1_mean |            87.9 |
|                                 SAC/Q2_mean |            87.8 |
|                            Norm/actor_model |             217 |
|                           Norm/critic_model |             376 |
|              Norm/state_action_metric_model |             101 |
|                     Norm/state_metric_model |             216 |
|        Norm/state_action_state_metric_model |            91.9 |
|                  Metric/self_state_distance |         0.00237 |
|                 Metric/cross_state_distance |            1.84 |
|           Metric/self_state_action_distance |          0.0102 |
|          Metric/cross_state_action_distance |             2.4 |
|             Metric/avg_self_state_asymmetry |               0 |
|            Metric/avg_cross_state_asymmetry |          0.0149 |
|                Metric/avg_self_sa_asymmetry |               0 |
|               Metric/avg_cross_sa_asymmetry |          0.0324 |
|  Metric/self_state_action_to_state_distance |        0.000431 |
| Metric/cross_state_action_to_state_distance |             2.4 |
|                   Metric/h_lambda_diff_self |         0.00987 |
|                  Metric/h_lambda_diff_cross |          0.0229 |
|                                 Eval/Return |             877 |
-----------------------------------------------------------------
-----------------------------------------------------------------
|                                 Train/Steps |        4.74e+06 |
|                            Loss/Loss_critic |            0.17 |
|                             Loss/Loss_actor |           -88.8 |
|                             Loss/Loss_alpha |         0.00052 |
|               Loss/Loss_state_action_metric |             1.9 |
|                      Loss/Loss_state_metric |            0.83 |
|             Loss/Loss_state_action_to_state |         0.00135 |
|                           Loss/Act_rep_loss |          0.0087 |
|                        Loss/Critic_rep_loss |            16.6 |
|                                   SAC/Alpha |         0.00933 |
|                              SAC/LogPi_mean |           0.911 |
|                                 SAC/Q1_mean |            88.7 |
|                                 SAC/Q2_mean |            88.8 |
|                            Norm/actor_model |             220 |
|                           Norm/critic_model |             379 |
|              Norm/state_action_metric_model |             103 |
|                     Norm/state_metric_model |             219 |
|        Norm/state_action_state_metric_model |            93.6 |
|                  Metric/self_state_distance |        0.000759 |
|                 Metric/cross_state_distance |             1.9 |
|           Metric/self_state_action_distance |         0.00598 |
|          Metric/cross_state_action_distance |            2.42 |
|             Metric/avg_self_state_asymmetry |               0 |
|            Metric/avg_cross_state_asymmetry |          0.0157 |
|                Metric/avg_self_sa_asymmetry |               0 |
|               Metric/avg_cross_sa_asymmetry |          0.0279 |
|  Metric/self_state_action_to_state_distance |         0.00365 |
| Metric/cross_state_action_to_state_distance |             2.4 |
|                   Metric/h_lambda_diff_self |         0.00436 |
|                  Metric/h_lambda_diff_cross |          0.0358 |
|                                 Eval/Return |             784 |
-----------------------------------------------------------------
-----------------------------------------------------------------
|                                 Train/Steps |        4.87e+06 |
|                            Loss/Loss_critic |           0.199 |
|                             Loss/Loss_actor |             -91 |
|                             Loss/Loss_alpha |         0.00051 |
|               Loss/Loss_state_action_metric |            1.59 |
|                      Loss/Loss_state_metric |           0.659 |
|             Loss/Loss_state_action_to_state |        0.000772 |
|                           Loss/Act_rep_loss |          0.0128 |
|                        Loss/Critic_rep_loss |            13.7 |
|                                   SAC/Alpha |         0.00865 |
|                              SAC/LogPi_mean |           0.862 |
|                                 SAC/Q1_mean |              91 |
|                                 SAC/Q2_mean |              91 |
|                            Norm/actor_model |             222 |
|                           Norm/critic_model |             382 |
|              Norm/state_action_metric_model |             105 |
|                     Norm/state_metric_model |             222 |
|        Norm/state_action_state_metric_model |            94.9 |
|                  Metric/self_state_distance |        0.000857 |
|                 Metric/cross_state_distance |            1.64 |
|           Metric/self_state_action_distance |        0.000949 |
|          Metric/cross_state_action_distance |            2.17 |
|             Metric/avg_self_state_asymmetry |               0 |
|            Metric/avg_cross_state_asymmetry |          0.0125 |
|                Metric/avg_self_sa_asymmetry |               0 |
|               Metric/avg_cross_sa_asymmetry |           0.028 |
|  Metric/self_state_action_to_state_distance |        0.000755 |
| Metric/cross_state_action_to_state_distance |            2.14 |
|                   Metric/h_lambda_diff_self |         0.00155 |
|                  Metric/h_lambda_diff_cross |          0.0381 |
|                                 Eval/Return |             870 |
-----------------------------------------------------------------
-----------------------------------------------------------------
|                                 Train/Steps |           5e+06 |
|                            Loss/Loss_critic |          0.0769 |
|                             Loss/Loss_actor |             -90 |
|                             Loss/Loss_alpha |        0.000786 |
|               Loss/Loss_state_action_metric |            1.82 |
|                      Loss/Loss_state_metric |           0.635 |
|             Loss/Loss_state_action_to_state |         0.00111 |
|                           Loss/Act_rep_loss |          0.0385 |
|                        Loss/Critic_rep_loss |            13.6 |
|                                   SAC/Alpha |         0.00834 |
|                              SAC/LogPi_mean |           0.942 |
|                                 SAC/Q1_mean |              90 |
|                                 SAC/Q2_mean |              90 |
|                            Norm/actor_model |             225 |
|                           Norm/critic_model |             384 |
|              Norm/state_action_metric_model |             106 |
|                     Norm/state_metric_model |             225 |
|        Norm/state_action_state_metric_model |            96.5 |
|                  Metric/self_state_distance |        0.000263 |
|                 Metric/cross_state_distance |            1.69 |
|           Metric/self_state_action_distance |         0.00844 |
|          Metric/cross_state_action_distance |            2.17 |
|             Metric/avg_self_state_asymmetry |               0 |
|            Metric/avg_cross_state_asymmetry |          0.0127 |
|                Metric/avg_self_sa_asymmetry |               0 |
|               Metric/avg_cross_sa_asymmetry |          0.0229 |
|  Metric/self_state_action_to_state_distance |         0.00321 |
| Metric/cross_state_action_to_state_distance |            2.18 |
|                   Metric/h_lambda_diff_self |         0.00707 |
|                  Metric/h_lambda_diff_cross |          0.0208 |
|                                 Eval/Return |             841 |
-----------------------------------------------------------------
[32mSaving model …[0m
[32mDone.[0m
[32mSaving model …[0m
[32mDone.[0m
