E0901 21:16:05.487887 1105897 cuda_executor.cc:1526] Could not get kernel mode driver version: (INVALID_ARGUMENT: Version does not match the format X.Y.Z)
E0901 21:16:05.496695 1105786 cuda_executor.cc:1526] Could not get kernel mode driver version: (INVALID_ARGUMENT: Version does not match the format X.Y.Z)
[32mStart prefilling replay buffer[0m
[32mStart SAC training[0m
[32m{'log_freq': 1000, 'save_freq': 1000000, 'eval_episode_freq': 10, 'hidden_size': 256, 'lr': 0.001, 'max_grad_norm': 0.0, 'gamma': 0.99, 'update_tau': 0.005, 'train_per_step': 8, 'episode_length': 1000, 'warmup_samples': 8192, 'max_replay_size': 4000000, 'batch_size': 512, 'total_env_steps': 5000000, 'init_temperature': 0.1, 'nstep': 3, 'bootstrap_on_truncation': True, 'rep_lr_scale': 1.5, 'vis_feq': 100000, 'n_vis_frames': 4, 'num_envs': 128, 'grad_steps': 50, 'transfer_freq': 10, 'transfer_steps': 8, 'reward_scaling': 1.0, 'num_eval_envs': 128, 'target_entropy': -1.0}[0m
[32m[nstep] nstep=3 bootstrap_on_truncation=True (discount from the buffer already contains gamma^nstep)[0m
-----------------------------------------------------------------
|                                 Train/Steps |        1.36e+05 |
|                            Loss/Loss_critic |            1.33 |
|                             Loss/Loss_actor |           -16.4 |
|                             Loss/Loss_alpha |       -9.15e-05 |
|               Loss/Loss_state_action_metric |            2.61 |
|                      Loss/Loss_state_metric |            0.92 |
|             Loss/Loss_state_action_to_state |         0.00297 |
|                           Loss/Act_rep_loss |          0.0393 |
|                                   SAC/Alpha |          0.0223 |
|                              SAC/LogPi_mean |           0.926 |
|                                 SAC/Q1_mean |            16.3 |
|                                 SAC/Q2_mean |            16.4 |
|                            Norm/actor_model |            51.8 |
|                           Norm/critic_model |            89.7 |
|              Norm/state_action_metric_model |            29.3 |
|                     Norm/state_metric_model |            29.3 |
|        Norm/state_action_state_metric_model |            29.3 |
|                  Metric/self_state_distance |         0.00994 |
|                 Metric/cross_state_distance |            2.13 |
|           Metric/self_state_action_distance |          0.0795 |
|          Metric/cross_state_action_distance |            2.91 |
|             Metric/avg_self_state_asymmetry |               0 |
|            Metric/avg_cross_state_asymmetry |          0.0426 |
|                Metric/avg_self_sa_asymmetry |               0 |
|               Metric/avg_cross_sa_asymmetry |           0.043 |
|  Metric/self_state_action_to_state_distance |          0.0127 |
| Metric/cross_state_action_to_state_distance |            2.93 |
|                   Metric/h_lambda_diff_self |           0.067 |
|                  Metric/h_lambda_diff_cross |          0.0684 |
|                                 Eval/Return |             210 |
-----------------------------------------------------------------
-----------------------------------------------------------------
|                                 Train/Steps |        2.64e+05 |
|                            Loss/Loss_critic |           0.919 |
|                             Loss/Loss_actor |           -24.5 |
|                             Loss/Loss_alpha |         0.00473 |
|               Loss/Loss_state_action_metric |            2.36 |
|                      Loss/Loss_state_metric |           0.828 |
|             Loss/Loss_state_action_to_state |         0.00415 |
|                           Loss/Act_rep_loss |          0.0347 |
|                                   SAC/Alpha |          0.0303 |
|                              SAC/LogPi_mean |           0.865 |
|                                 SAC/Q1_mean |            24.4 |
|                                 SAC/Q2_mean |            24.5 |
|                            Norm/actor_model |            66.6 |
|                           Norm/critic_model |             114 |
|              Norm/state_action_metric_model |            31.2 |
|                     Norm/state_metric_model |            35.5 |
|        Norm/state_action_state_metric_model |            30.8 |
|                  Metric/self_state_distance |          0.0102 |
|                 Metric/cross_state_distance |               2 |
|           Metric/self_state_action_distance |          0.0172 |
|          Metric/cross_state_action_distance |            2.99 |
|             Metric/avg_self_state_asymmetry |               0 |
|            Metric/avg_cross_state_asymmetry |          0.0381 |
|                Metric/avg_self_sa_asymmetry |               0 |
|               Metric/avg_cross_sa_asymmetry |           0.067 |
|  Metric/self_state_action_to_state_distance |         0.00384 |
| Metric/cross_state_action_to_state_distance |            2.99 |
|                   Metric/h_lambda_diff_self |          0.0143 |
|                  Metric/h_lambda_diff_cross |          0.0517 |
|                                 Eval/Return |             365 |
-----------------------------------------------------------------
-----------------------------------------------------------------
|                                 Train/Steps |        3.92e+05 |
|                            Loss/Loss_critic |            1.08 |
|                             Loss/Loss_actor |           -33.3 |
|                             Loss/Loss_alpha |         0.00381 |
|               Loss/Loss_state_action_metric |            2.51 |
|                      Loss/Loss_state_metric |           0.932 |
|             Loss/Loss_state_action_to_state |          0.0101 |
|                           Loss/Act_rep_loss |           0.033 |
|                                   SAC/Alpha |          0.0339 |
|                              SAC/LogPi_mean |            1.02 |
|                                 SAC/Q1_mean |            33.3 |
|                                 SAC/Q2_mean |            33.2 |
|                            Norm/actor_model |            77.2 |
|                           Norm/critic_model |             129 |
|              Norm/state_action_metric_model |            33.8 |
|                     Norm/state_metric_model |            46.4 |
|        Norm/state_action_state_metric_model |            32.8 |
|                  Metric/self_state_distance |         0.00451 |
|                 Metric/cross_state_distance |            2.11 |
|           Metric/self_state_action_distance |           0.103 |
|          Metric/cross_state_action_distance |            3.19 |
|             Metric/avg_self_state_asymmetry |               0 |
|            Metric/avg_cross_state_asymmetry |          0.0972 |
|                Metric/avg_self_sa_asymmetry |               0 |
|               Metric/avg_cross_sa_asymmetry |          0.0459 |
|  Metric/self_state_action_to_state_distance |          0.0272 |
| Metric/cross_state_action_to_state_distance |            3.15 |
|                   Metric/h_lambda_diff_self |            0.08 |
|                  Metric/h_lambda_diff_cross |          0.0607 |
|                                 Eval/Return |             397 |
-----------------------------------------------------------------
-----------------------------------------------------------------
|                                 Train/Steps |         5.2e+05 |
|                            Loss/Loss_critic |            2.05 |
|                             Loss/Loss_actor |           -40.3 |
|                             Loss/Loss_alpha |       -0.000139 |
|               Loss/Loss_state_action_metric |            3.04 |
|                      Loss/Loss_state_metric |            1.25 |
|             Loss/Loss_state_action_to_state |         0.00332 |
|                           Loss/Act_rep_loss |           0.021 |
|                                   SAC/Alpha |          0.0384 |
|                              SAC/LogPi_mean |            1.13 |
|                                 SAC/Q1_mean |            40.2 |
|                                 SAC/Q2_mean |            40.1 |
|                            Norm/actor_model |            85.7 |
|                           Norm/critic_model |             140 |
|              Norm/state_action_metric_model |            36.9 |
|                     Norm/state_metric_model |            58.5 |
|        Norm/state_action_state_metric_model |            35.3 |
|                  Metric/self_state_distance |          0.0085 |
|                 Metric/cross_state_distance |            2.33 |
|           Metric/self_state_action_distance |          0.0203 |
|          Metric/cross_state_action_distance |            3.52 |
|             Metric/avg_self_state_asymmetry |               0 |
|            Metric/avg_cross_state_asymmetry |          0.0361 |
|                Metric/avg_self_sa_asymmetry |               0 |
|               Metric/avg_cross_sa_asymmetry |          0.0616 |
|  Metric/self_state_action_to_state_distance |         0.00532 |
| Metric/cross_state_action_to_state_distance |            3.39 |
|                   Metric/h_lambda_diff_self |          0.0153 |
|                  Metric/h_lambda_diff_cross |           0.156 |
|                                 Eval/Return |             420 |
-----------------------------------------------------------------
-----------------------------------------------------------------
|                                 Train/Steps |        6.48e+05 |
|                            Loss/Loss_critic |            3.06 |
|                             Loss/Loss_actor |           -44.9 |
|                             Loss/Loss_alpha |         -0.0032 |
|               Loss/Loss_state_action_metric |            3.13 |
|                      Loss/Loss_state_metric |            1.45 |
|             Loss/Loss_state_action_to_state |          0.0342 |
|                           Loss/Act_rep_loss |          0.0187 |
|                                   SAC/Alpha |          0.0379 |
|                              SAC/LogPi_mean |            1.14 |
|                                 SAC/Q1_mean |              45 |
|                                 SAC/Q2_mean |            44.9 |
|                            Norm/actor_model |            93.1 |
|                           Norm/critic_model |             149 |
|              Norm/state_action_metric_model |            40.3 |
|                     Norm/state_metric_model |            66.2 |
|        Norm/state_action_state_metric_model |            38.1 |
|                  Metric/self_state_distance |         0.00718 |
|                 Metric/cross_state_distance |            2.51 |
|           Metric/self_state_action_distance |          0.0163 |
|          Metric/cross_state_action_distance |             3.6 |
|             Metric/avg_self_state_asymmetry |               0 |
|            Metric/avg_cross_state_asymmetry |          0.0328 |
|                Metric/avg_self_sa_asymmetry |               0 |
|               Metric/avg_cross_sa_asymmetry |          0.0405 |
|  Metric/self_state_action_to_state_distance |         0.00288 |
| Metric/cross_state_action_to_state_distance |            3.61 |
|                   Metric/h_lambda_diff_self |          0.0134 |
|                  Metric/h_lambda_diff_cross |          0.0519 |
|                                 Eval/Return |             562 |
-----------------------------------------------------------------
-----------------------------------------------------------------
|                                 Train/Steps |        7.76e+05 |
|                            Loss/Loss_critic |             1.3 |
|                             Loss/Loss_actor |           -49.7 |
|                             Loss/Loss_alpha |         0.00503 |
|               Loss/Loss_state_action_metric |            3.39 |
|                      Loss/Loss_state_metric |            1.46 |
|             Loss/Loss_state_action_to_state |         0.00633 |
|                           Loss/Act_rep_loss |          0.0182 |
|                                   SAC/Alpha |          0.0432 |
|                              SAC/LogPi_mean |           0.946 |
|                                 SAC/Q1_mean |            49.6 |
|                                 SAC/Q2_mean |            49.6 |
|                            Norm/actor_model |            99.7 |
|                           Norm/critic_model |             157 |
|              Norm/state_action_metric_model |            43.7 |
|                     Norm/state_metric_model |            72.8 |
|        Norm/state_action_state_metric_model |            40.8 |
|                  Metric/self_state_distance |         0.00563 |
|                 Metric/cross_state_distance |            2.75 |
|           Metric/self_state_action_distance |          0.0171 |
|          Metric/cross_state_action_distance |            3.76 |
|             Metric/avg_self_state_asymmetry |               0 |
|            Metric/avg_cross_state_asymmetry |          0.0359 |
|                Metric/avg_self_sa_asymmetry |               0 |
|               Metric/avg_cross_sa_asymmetry |          0.0754 |
|  Metric/self_state_action_to_state_distance |         0.00687 |
| Metric/cross_state_action_to_state_distance |            3.82 |
|                   Metric/h_lambda_diff_self |          0.0108 |
|                  Metric/h_lambda_diff_cross |          0.0832 |
|                                 Eval/Return |             552 |
-----------------------------------------------------------------
-----------------------------------------------------------------
|                                 Train/Steps |        9.04e+05 |
|                            Loss/Loss_critic |           0.826 |
|                             Loss/Loss_actor |           -58.9 |
|                             Loss/Loss_alpha |        -0.00241 |
|               Loss/Loss_state_action_metric |             3.7 |
|                      Loss/Loss_state_metric |            1.47 |
|             Loss/Loss_state_action_to_state |         0.00233 |
|                           Loss/Act_rep_loss |          0.0135 |
|                                   SAC/Alpha |          0.0432 |
|                              SAC/LogPi_mean |            0.92 |
|                                 SAC/Q1_mean |            58.8 |
|                                 SAC/Q2_mean |            58.6 |
|                            Norm/actor_model |             106 |
|                           Norm/critic_model |             165 |
|              Norm/state_action_metric_model |            47.3 |
|                     Norm/state_metric_model |            77.1 |
|        Norm/state_action_state_metric_model |            43.7 |
|                  Metric/self_state_distance |         0.00572 |
|                 Metric/cross_state_distance |            2.62 |
|           Metric/self_state_action_distance |          0.0152 |
|          Metric/cross_state_action_distance |            3.93 |
|             Metric/avg_self_state_asymmetry |               0 |
|            Metric/avg_cross_state_asymmetry |          0.0314 |
|                Metric/avg_self_sa_asymmetry |               0 |
|               Metric/avg_cross_sa_asymmetry |           0.053 |
|  Metric/self_state_action_to_state_distance |         0.00753 |
| Metric/cross_state_action_to_state_distance |            3.94 |
|                   Metric/h_lambda_diff_self |          0.0109 |
|                  Metric/h_lambda_diff_cross |          0.0526 |
|                                 Eval/Return |             612 |
-----------------------------------------------------------------
-----------------------------------------------------------------
|                                 Train/Steps |        1.03e+06 |
|                            Loss/Loss_critic |            1.13 |
|                             Loss/Loss_actor |           -59.9 |
|                             Loss/Loss_alpha |        -0.00638 |
|               Loss/Loss_state_action_metric |            2.74 |
|                      Loss/Loss_state_metric |            1.21 |
|             Loss/Loss_state_action_to_state |          0.0029 |
|                           Loss/Act_rep_loss |          0.0116 |
|                                   SAC/Alpha |          0.0406 |
|                              SAC/LogPi_mean |            1.18 |
|                                 SAC/Q1_mean |            59.8 |
|                                 SAC/Q2_mean |            59.8 |
|                            Norm/actor_model |             113 |
|                           Norm/critic_model |             172 |
|              Norm/state_action_metric_model |            50.8 |
|                     Norm/state_metric_model |            81.6 |
|        Norm/state_action_state_metric_model |            46.9 |
|                  Metric/self_state_distance |         0.00656 |
|                 Metric/cross_state_distance |            2.35 |
|           Metric/self_state_action_distance |          0.0202 |
|          Metric/cross_state_action_distance |            3.26 |
|             Metric/avg_self_state_asymmetry |               0 |
|            Metric/avg_cross_state_asymmetry |          0.0321 |
|                Metric/avg_self_sa_asymmetry |               0 |
|               Metric/avg_cross_sa_asymmetry |          0.0461 |
|  Metric/self_state_action_to_state_distance |         0.00187 |
| Metric/cross_state_action_to_state_distance |            3.23 |
|                   Metric/h_lambda_diff_self |          0.0184 |
|                  Metric/h_lambda_diff_cross |          0.0633 |
|                                 Eval/Return |             660 |
-----------------------------------------------------------------
[32mSaving model …[0m
[32mDone.[0m
[32mSaving model …[0m
[32mDone.[0m
-----------------------------------------------------------------
|                                 Train/Steps |        1.16e+06 |
|                            Loss/Loss_critic |           0.923 |
|                             Loss/Loss_actor |           -64.5 |
|                             Loss/Loss_alpha |         0.00196 |
|               Loss/Loss_state_action_metric |             3.1 |
|                      Loss/Loss_state_metric |            1.45 |
|             Loss/Loss_state_action_to_state |         0.00161 |
|                           Loss/Act_rep_loss |         0.00809 |
|                                   SAC/Alpha |          0.0371 |
|                              SAC/LogPi_mean |           0.915 |
|                                 SAC/Q1_mean |            64.3 |
|                                 SAC/Q2_mean |            64.5 |
|                            Norm/actor_model |             119 |
|                           Norm/critic_model |             179 |
|              Norm/state_action_metric_model |            54.6 |
|                     Norm/state_metric_model |              86 |
|        Norm/state_action_state_metric_model |              50 |
|                  Metric/self_state_distance |         0.00782 |
|                 Metric/cross_state_distance |            2.53 |
|           Metric/self_state_action_distance |          0.0178 |
|          Metric/cross_state_action_distance |            3.65 |
|             Metric/avg_self_state_asymmetry |               0 |
|            Metric/avg_cross_state_asymmetry |          0.0356 |
|                Metric/avg_self_sa_asymmetry |               0 |
|               Metric/avg_cross_sa_asymmetry |          0.0448 |
|  Metric/self_state_action_to_state_distance |         0.00156 |
| Metric/cross_state_action_to_state_distance |            3.63 |
|                   Metric/h_lambda_diff_self |          0.0163 |
|                  Metric/h_lambda_diff_cross |          0.0454 |
|                                 Eval/Return |             703 |
-----------------------------------------------------------------
-----------------------------------------------------------------
|                                 Train/Steps |        1.29e+06 |
|                            Loss/Loss_critic |           0.834 |
|                             Loss/Loss_actor |           -62.6 |
|                             Loss/Loss_alpha |        -0.00419 |
|               Loss/Loss_state_action_metric |            3.18 |
|                      Loss/Loss_state_metric |            1.21 |
|             Loss/Loss_state_action_to_state |         0.00234 |
|                           Loss/Act_rep_loss |          0.0115 |
|                                   SAC/Alpha |          0.0375 |
|                              SAC/LogPi_mean |           0.952 |
|                                 SAC/Q1_mean |            62.5 |
|                                 SAC/Q2_mean |            62.5 |
|                            Norm/actor_model |             124 |
|                           Norm/critic_model |             186 |
|              Norm/state_action_metric_model |            57.8 |
|                     Norm/state_metric_model |            90.3 |
|        Norm/state_action_state_metric_model |              53 |
|                  Metric/self_state_distance |         0.00569 |
|                 Metric/cross_state_distance |            2.39 |
|           Metric/self_state_action_distance |          0.0115 |
|          Metric/cross_state_action_distance |            3.65 |
|             Metric/avg_self_state_asymmetry |               0 |
|            Metric/avg_cross_state_asymmetry |          0.0417 |
|                Metric/avg_self_sa_asymmetry |               0 |
|               Metric/avg_cross_sa_asymmetry |          0.0499 |
|  Metric/self_state_action_to_state_distance |         0.00487 |
| Metric/cross_state_action_to_state_distance |            3.65 |
|                   Metric/h_lambda_diff_self |          0.0074 |
|                  Metric/h_lambda_diff_cross |          0.0522 |
|                                 Eval/Return |             745 |
-----------------------------------------------------------------
-----------------------------------------------------------------
|                                 Train/Steps |        1.42e+06 |
|                            Loss/Loss_critic |           0.923 |
|                             Loss/Loss_actor |           -70.5 |
|                             Loss/Loss_alpha |        -0.00579 |
|               Loss/Loss_state_action_metric |            3.16 |
|                      Loss/Loss_state_metric |            1.31 |
|             Loss/Loss_state_action_to_state |         0.00724 |
|                           Loss/Act_rep_loss |          0.0149 |
|                                   SAC/Alpha |          0.0343 |
|                              SAC/LogPi_mean |            1.07 |
|                                 SAC/Q1_mean |            70.4 |
|                                 SAC/Q2_mean |            70.3 |
|                            Norm/actor_model |             130 |
|                           Norm/critic_model |             192 |
|              Norm/state_action_metric_model |            61.4 |
|                     Norm/state_metric_model |            95.6 |
|        Norm/state_action_state_metric_model |            56.1 |
|                  Metric/self_state_distance |         0.00337 |
|                 Metric/cross_state_distance |            2.47 |
|           Metric/self_state_action_distance |          0.0196 |
|          Metric/cross_state_action_distance |            3.65 |
|             Metric/avg_self_state_asymmetry |               0 |
|            Metric/avg_cross_state_asymmetry |          0.0345 |
|                Metric/avg_self_sa_asymmetry |               0 |
|               Metric/avg_cross_sa_asymmetry |          0.0567 |
|  Metric/self_state_action_to_state_distance |         0.00969 |
| Metric/cross_state_action_to_state_distance |            3.57 |
|                   Metric/h_lambda_diff_self |          0.0285 |
|                  Metric/h_lambda_diff_cross |          0.0987 |
|                                 Eval/Return |             702 |
-----------------------------------------------------------------
-----------------------------------------------------------------
|                                 Train/Steps |        1.54e+06 |
|                            Loss/Loss_critic |            0.58 |
|                             Loss/Loss_actor |           -75.2 |
|                             Loss/Loss_alpha |        0.000476 |
|               Loss/Loss_state_action_metric |            3.11 |
|                      Loss/Loss_state_metric |            1.06 |
|             Loss/Loss_state_action_to_state |         0.00241 |
|                           Loss/Act_rep_loss |         0.00883 |
|                                   SAC/Alpha |          0.0338 |
|                              SAC/LogPi_mean |           0.992 |
|                                 SAC/Q1_mean |              75 |
|                                 SAC/Q2_mean |              75 |
|                            Norm/actor_model |             135 |
|                           Norm/critic_model |             199 |
|              Norm/state_action_metric_model |            64.7 |
|                     Norm/state_metric_model |             100 |
|        Norm/state_action_state_metric_model |            58.9 |
|                  Metric/self_state_distance |         0.00384 |
|                 Metric/cross_state_distance |            2.28 |
|           Metric/self_state_action_distance |          0.0328 |
|          Metric/cross_state_action_distance |            3.32 |
|             Metric/avg_self_state_asymmetry |               0 |
|            Metric/avg_cross_state_asymmetry |          0.0292 |
|                Metric/avg_self_sa_asymmetry |               0 |
|               Metric/avg_cross_sa_asymmetry |           0.043 |
|  Metric/self_state_action_to_state_distance |         0.00204 |
| Metric/cross_state_action_to_state_distance |            3.34 |
|                   Metric/h_lambda_diff_self |          0.0309 |
|                  Metric/h_lambda_diff_cross |          0.0551 |
|                                 Eval/Return |             691 |
-----------------------------------------------------------------
-----------------------------------------------------------------
|                                 Train/Steps |        1.67e+06 |
|                            Loss/Loss_critic |           0.486 |
|                             Loss/Loss_actor |           -77.5 |
|                             Loss/Loss_alpha |         0.00827 |
|               Loss/Loss_state_action_metric |            2.83 |
|                      Loss/Loss_state_metric |            1.24 |
|             Loss/Loss_state_action_to_state |         0.00356 |
|                           Loss/Act_rep_loss |         0.00428 |
|                                   SAC/Alpha |           0.031 |
|                              SAC/LogPi_mean |           0.732 |
|                                 SAC/Q1_mean |            77.4 |
|                                 SAC/Q2_mean |            77.4 |
|                            Norm/actor_model |             141 |
|                           Norm/critic_model |             204 |
|              Norm/state_action_metric_model |              67 |
|                     Norm/state_metric_model |             105 |
|        Norm/state_action_state_metric_model |            61.4 |
|                  Metric/self_state_distance |         0.00583 |
|                 Metric/cross_state_distance |             2.3 |
|           Metric/self_state_action_distance |          0.0145 |
|          Metric/cross_state_action_distance |            3.23 |
|             Metric/avg_self_state_asymmetry |               0 |
|            Metric/avg_cross_state_asymmetry |          0.0278 |
|                Metric/avg_self_sa_asymmetry |               0 |
|               Metric/avg_cross_sa_asymmetry |          0.0479 |
|  Metric/self_state_action_to_state_distance |         0.00282 |
| Metric/cross_state_action_to_state_distance |            3.18 |
|                   Metric/h_lambda_diff_self |          0.0118 |
|                  Metric/h_lambda_diff_cross |          0.0571 |
|                                 Eval/Return |             697 |
-----------------------------------------------------------------
-----------------------------------------------------------------
|                                 Train/Steps |         1.8e+06 |
|                            Loss/Loss_critic |           0.635 |
|                             Loss/Loss_actor |           -72.2 |
|                             Loss/Loss_alpha |        -0.00163 |
|               Loss/Loss_state_action_metric |            2.92 |
|                      Loss/Loss_state_metric |            1.11 |
|             Loss/Loss_state_action_to_state |         0.00319 |
|                           Loss/Act_rep_loss |          0.0151 |
|                                   SAC/Alpha |          0.0291 |
|                              SAC/LogPi_mean |            1.03 |
|                                 SAC/Q1_mean |            72.1 |
|                                 SAC/Q2_mean |              72 |
|                            Norm/actor_model |             146 |
|                           Norm/critic_model |             208 |
|              Norm/state_action_metric_model |            69.7 |
|                     Norm/state_metric_model |             110 |
|        Norm/state_action_state_metric_model |              64 |
|                  Metric/self_state_distance |         0.00712 |
|                 Metric/cross_state_distance |            2.29 |
|           Metric/self_state_action_distance |          0.0106 |
|          Metric/cross_state_action_distance |            3.34 |
|             Metric/avg_self_state_asymmetry |               0 |
|            Metric/avg_cross_state_asymmetry |          0.0435 |
|                Metric/avg_self_sa_asymmetry |               0 |
|               Metric/avg_cross_sa_asymmetry |          0.0458 |
|  Metric/self_state_action_to_state_distance |         0.00527 |
| Metric/cross_state_action_to_state_distance |            3.32 |
|                   Metric/h_lambda_diff_self |         0.00582 |
|                  Metric/h_lambda_diff_cross |          0.0586 |
|                                 Eval/Return |             722 |
-----------------------------------------------------------------
-----------------------------------------------------------------
|                                 Train/Steps |        1.93e+06 |
|                            Loss/Loss_critic |           0.578 |
|                             Loss/Loss_actor |           -80.4 |
|                             Loss/Loss_alpha |         -0.0019 |
|               Loss/Loss_state_action_metric |            2.92 |
|                      Loss/Loss_state_metric |           0.946 |
|             Loss/Loss_state_action_to_state |         0.00408 |
|                           Loss/Act_rep_loss |          0.0067 |
|                                   SAC/Alpha |           0.029 |
|                              SAC/LogPi_mean |            1.17 |
|                                 SAC/Q1_mean |            80.3 |
|                                 SAC/Q2_mean |            80.3 |
|                            Norm/actor_model |             151 |
|                           Norm/critic_model |             213 |
|              Norm/state_action_metric_model |            72.5 |
|                     Norm/state_metric_model |             115 |
|        Norm/state_action_state_metric_model |            66.4 |
|                  Metric/self_state_distance |         0.00524 |
|                 Metric/cross_state_distance |            2.22 |
|           Metric/self_state_action_distance |          0.0122 |
|          Metric/cross_state_action_distance |            3.26 |
|             Metric/avg_self_state_asymmetry |               0 |
|            Metric/avg_cross_state_asymmetry |          0.0378 |
|                Metric/avg_self_sa_asymmetry |               0 |
|               Metric/avg_cross_sa_asymmetry |          0.0524 |
|  Metric/self_state_action_to_state_distance |         0.00565 |
| Metric/cross_state_action_to_state_distance |            3.25 |
|                   Metric/h_lambda_diff_self |         0.00909 |
|                  Metric/h_lambda_diff_cross |          0.0482 |
|                                 Eval/Return |             803 |
-----------------------------------------------------------------
-----------------------------------------------------------------
|                                 Train/Steps |        2.06e+06 |
|                            Loss/Loss_critic |           0.666 |
|                             Loss/Loss_actor |             -77 |
|                             Loss/Loss_alpha |        -0.00242 |
|               Loss/Loss_state_action_metric |            2.78 |
|                      Loss/Loss_state_metric |            1.17 |
|             Loss/Loss_state_action_to_state |         0.00226 |
|                           Loss/Act_rep_loss |          0.0233 |
|                                   SAC/Alpha |          0.0263 |
|                              SAC/LogPi_mean |            1.09 |
|                                 SAC/Q1_mean |            76.9 |
|                                 SAC/Q2_mean |            76.9 |
|                            Norm/actor_model |             156 |
|                           Norm/critic_model |             217 |
|              Norm/state_action_metric_model |            75.2 |
|                     Norm/state_metric_model |             121 |
|        Norm/state_action_state_metric_model |            68.7 |
|                  Metric/self_state_distance |         0.00824 |
|                 Metric/cross_state_distance |            2.34 |
|           Metric/self_state_action_distance |          0.0286 |
|          Metric/cross_state_action_distance |            3.33 |
|             Metric/avg_self_state_asymmetry |               0 |
|            Metric/avg_cross_state_asymmetry |          0.0315 |
|                Metric/avg_self_sa_asymmetry |               0 |
|               Metric/avg_cross_sa_asymmetry |          0.0457 |
|  Metric/self_state_action_to_state_distance |         0.00267 |
| Metric/cross_state_action_to_state_distance |             3.3 |
|                   Metric/h_lambda_diff_self |          0.0259 |
|                  Metric/h_lambda_diff_cross |          0.0515 |
|                                 Eval/Return |             784 |
-----------------------------------------------------------------
[32mSaving model …[0m
[32mDone.[0m
[32mSaving model …[0m
[32mDone.[0m
-----------------------------------------------------------------
|                                 Train/Steps |        2.18e+06 |
|                            Loss/Loss_critic |           0.604 |
|                             Loss/Loss_actor |           -79.2 |
|                             Loss/Loss_alpha |         -0.0047 |
|               Loss/Loss_state_action_metric |            2.55 |
|                      Loss/Loss_state_metric |           0.883 |
|             Loss/Loss_state_action_to_state |         0.00525 |
|                           Loss/Act_rep_loss |         0.00865 |
|                                   SAC/Alpha |          0.0246 |
|                              SAC/LogPi_mean |            1.22 |
|                                 SAC/Q1_mean |            79.2 |
|                                 SAC/Q2_mean |              79 |
|                            Norm/actor_model |             160 |
|                           Norm/critic_model |             221 |
|              Norm/state_action_metric_model |            78.2 |
|                     Norm/state_metric_model |             125 |
|        Norm/state_action_state_metric_model |            71.4 |
|                  Metric/self_state_distance |         0.00227 |
|                 Metric/cross_state_distance |            2.15 |
|           Metric/self_state_action_distance |         0.00631 |
|          Metric/cross_state_action_distance |            3.04 |
|             Metric/avg_self_state_asymmetry |               0 |
|            Metric/avg_cross_state_asymmetry |          0.0473 |
|                Metric/avg_self_sa_asymmetry |               0 |
|               Metric/avg_cross_sa_asymmetry |           0.042 |
|  Metric/self_state_action_to_state_distance |         0.00148 |
| Metric/cross_state_action_to_state_distance |            3.02 |
|                   Metric/h_lambda_diff_self |         0.00519 |
|                  Metric/h_lambda_diff_cross |          0.0446 |
|                                 Eval/Return |             814 |
-----------------------------------------------------------------
-----------------------------------------------------------------
|                                 Train/Steps |        2.31e+06 |
|                            Loss/Loss_critic |           0.445 |
|                             Loss/Loss_actor |           -81.9 |
|                             Loss/Loss_alpha |        0.000126 |
|               Loss/Loss_state_action_metric |             2.6 |
|                      Loss/Loss_state_metric |            1.09 |
|             Loss/Loss_state_action_to_state |         0.00311 |
|                           Loss/Act_rep_loss |          0.0342 |
|                                   SAC/Alpha |          0.0245 |
|                              SAC/LogPi_mean |           0.966 |
|                                 SAC/Q1_mean |            81.7 |
|                                 SAC/Q2_mean |            81.9 |
|                            Norm/actor_model |             165 |
|                           Norm/critic_model |             226 |
|              Norm/state_action_metric_model |            80.9 |
|                     Norm/state_metric_model |             131 |
|        Norm/state_action_state_metric_model |            73.6 |
|                  Metric/self_state_distance |         0.00128 |
|                 Metric/cross_state_distance |            2.21 |
|           Metric/self_state_action_distance |         0.00613 |
|          Metric/cross_state_action_distance |            3.04 |
|             Metric/avg_self_state_asymmetry |               0 |
|            Metric/avg_cross_state_asymmetry |          0.0372 |
|                Metric/avg_self_sa_asymmetry |               0 |
|               Metric/avg_cross_sa_asymmetry |          0.0446 |
|  Metric/self_state_action_to_state_distance |        0.000245 |
| Metric/cross_state_action_to_state_distance |            3.02 |
|                   Metric/h_lambda_diff_self |         0.00595 |
|                  Metric/h_lambda_diff_cross |          0.0561 |
|                                 Eval/Return |             821 |
-----------------------------------------------------------------
-----------------------------------------------------------------
|                                 Train/Steps |        2.44e+06 |
|                            Loss/Loss_critic |           0.442 |
|                             Loss/Loss_actor |           -82.5 |
|                             Loss/Loss_alpha |        0.000946 |
|               Loss/Loss_state_action_metric |            2.77 |
|                      Loss/Loss_state_metric |            1.11 |
|             Loss/Loss_state_action_to_state |         0.00417 |
|                           Loss/Act_rep_loss |          0.0331 |
|                                   SAC/Alpha |          0.0218 |
|                              SAC/LogPi_mean |            0.98 |
|                                 SAC/Q1_mean |            82.4 |
|                                 SAC/Q2_mean |            82.4 |
|                            Norm/actor_model |             170 |
|                           Norm/critic_model |             231 |
|              Norm/state_action_metric_model |            83.4 |
|                     Norm/state_metric_model |             137 |
|        Norm/state_action_state_metric_model |            76.2 |
|                  Metric/self_state_distance |         0.00398 |
|                 Metric/cross_state_distance |             2.2 |
|           Metric/self_state_action_distance |         0.00554 |
|          Metric/cross_state_action_distance |            3.05 |
|             Metric/avg_self_state_asymmetry |               0 |
|            Metric/avg_cross_state_asymmetry |          0.0388 |
|                Metric/avg_self_sa_asymmetry |               0 |
|               Metric/avg_cross_sa_asymmetry |          0.0382 |
|  Metric/self_state_action_to_state_distance |         0.00819 |
| Metric/cross_state_action_to_state_distance |            3.08 |
|                   Metric/h_lambda_diff_self |         0.00644 |
|                  Metric/h_lambda_diff_cross |          0.0392 |
|                                 Eval/Return |             806 |
-----------------------------------------------------------------
-----------------------------------------------------------------
|                                 Train/Steps |        2.57e+06 |
|                            Loss/Loss_critic |           0.971 |
|                             Loss/Loss_actor |           -84.3 |
|                             Loss/Loss_alpha |        7.61e-05 |
|               Loss/Loss_state_action_metric |            2.35 |
|                      Loss/Loss_state_metric |           0.938 |
|             Loss/Loss_state_action_to_state |         0.00285 |
|                           Loss/Act_rep_loss |          0.0141 |
|                                   SAC/Alpha |          0.0206 |
|                              SAC/LogPi_mean |           0.912 |
|                                 SAC/Q1_mean |            84.3 |
|                                 SAC/Q2_mean |            84.1 |
|                            Norm/actor_model |             174 |
|                           Norm/critic_model |             235 |
|              Norm/state_action_metric_model |            85.6 |
|                     Norm/state_metric_model |             141 |
|        Norm/state_action_state_metric_model |            78.2 |
|                  Metric/self_state_distance |         0.00149 |
|                 Metric/cross_state_distance |            2.08 |
|           Metric/self_state_action_distance |         0.00131 |
|          Metric/cross_state_action_distance |            2.85 |
|             Metric/avg_self_state_asymmetry |               0 |
|            Metric/avg_cross_state_asymmetry |          0.0287 |
|                Metric/avg_self_sa_asymmetry |               0 |
|               Metric/avg_cross_sa_asymmetry |          0.0497 |
|  Metric/self_state_action_to_state_distance |         0.00144 |
| Metric/cross_state_action_to_state_distance |            2.89 |
|                   Metric/h_lambda_diff_self |         0.00113 |
|                  Metric/h_lambda_diff_cross |          0.0561 |
|                                 Eval/Return |             802 |
-----------------------------------------------------------------
-----------------------------------------------------------------
|                                 Train/Steps |         2.7e+06 |
|                            Loss/Loss_critic |           0.632 |
|                             Loss/Loss_actor |           -86.8 |
|                             Loss/Loss_alpha |         0.00109 |
|               Loss/Loss_state_action_metric |            2.13 |
|                      Loss/Loss_state_metric |           0.891 |
|             Loss/Loss_state_action_to_state |         0.00218 |
|                           Loss/Act_rep_loss |          0.0134 |
|                                   SAC/Alpha |          0.0194 |
|                              SAC/LogPi_mean |            0.88 |
|                                 SAC/Q1_mean |            86.6 |
|                                 SAC/Q2_mean |            86.7 |
|                            Norm/actor_model |             178 |
|                           Norm/critic_model |             240 |
|              Norm/state_action_metric_model |              88 |
|                     Norm/state_metric_model |             145 |
|        Norm/state_action_state_metric_model |            80.2 |
|                  Metric/self_state_distance |         0.00287 |
|                 Metric/cross_state_distance |            1.99 |
|           Metric/self_state_action_distance |         0.00979 |
|          Metric/cross_state_action_distance |            2.79 |
|             Metric/avg_self_state_asymmetry |               0 |
|            Metric/avg_cross_state_asymmetry |          0.0289 |
|                Metric/avg_self_sa_asymmetry |               0 |
|               Metric/avg_cross_sa_asymmetry |          0.0354 |
|  Metric/self_state_action_to_state_distance |         0.00351 |
| Metric/cross_state_action_to_state_distance |            2.78 |
|                   Metric/h_lambda_diff_self |         0.00714 |
|                  Metric/h_lambda_diff_cross |          0.0618 |
|                                 Eval/Return |             848 |
-----------------------------------------------------------------
-----------------------------------------------------------------
|                                 Train/Steps |        2.82e+06 |
|                            Loss/Loss_critic |           0.419 |
|                             Loss/Loss_actor |           -84.2 |
|                             Loss/Loss_alpha |        -0.00127 |
|               Loss/Loss_state_action_metric |            2.65 |
|                      Loss/Loss_state_metric |            1.05 |
|             Loss/Loss_state_action_to_state |         0.00302 |
|                           Loss/Act_rep_loss |          0.0081 |
|                                   SAC/Alpha |          0.0202 |
|                              SAC/LogPi_mean |            1.11 |
|                                 SAC/Q1_mean |            84.1 |
|                                 SAC/Q2_mean |            84.2 |
|                            Norm/actor_model |             183 |
|                           Norm/critic_model |             244 |
|              Norm/state_action_metric_model |            90.4 |
|                     Norm/state_metric_model |             150 |
|        Norm/state_action_state_metric_model |            82.7 |
|                  Metric/self_state_distance |         0.00315 |
|                 Metric/cross_state_distance |            2.19 |
|           Metric/self_state_action_distance |          0.0104 |
|          Metric/cross_state_action_distance |            3.12 |
|             Metric/avg_self_state_asymmetry |               0 |
|            Metric/avg_cross_state_asymmetry |          0.0265 |
|                Metric/avg_self_sa_asymmetry |               0 |
|               Metric/avg_cross_sa_asymmetry |          0.0558 |
|  Metric/self_state_action_to_state_distance |         0.00271 |
| Metric/cross_state_action_to_state_distance |            3.04 |
|                   Metric/h_lambda_diff_self |         0.00848 |
|                  Metric/h_lambda_diff_cross |          0.0802 |
|                                 Eval/Return |             797 |
-----------------------------------------------------------------
-----------------------------------------------------------------
|                                 Train/Steps |        2.95e+06 |
|                            Loss/Loss_critic |           0.415 |
|                             Loss/Loss_actor |           -85.7 |
|                             Loss/Loss_alpha |        -0.00183 |
|               Loss/Loss_state_action_metric |            2.36 |
|                      Loss/Loss_state_metric |            1.01 |
|             Loss/Loss_state_action_to_state |         0.00243 |
|                           Loss/Act_rep_loss |          0.0208 |
|                                   SAC/Alpha |          0.0174 |
|                              SAC/LogPi_mean |            1.12 |
|                                 SAC/Q1_mean |            85.8 |
|                                 SAC/Q2_mean |            85.6 |
|                            Norm/actor_model |             187 |
|                           Norm/critic_model |             247 |
|              Norm/state_action_metric_model |            92.6 |
|                     Norm/state_metric_model |             154 |
|        Norm/state_action_state_metric_model |            84.8 |
|                  Metric/self_state_distance |         0.00126 |
|                 Metric/cross_state_distance |            2.07 |
|           Metric/self_state_action_distance |          0.0054 |
|          Metric/cross_state_action_distance |            2.79 |
|             Metric/avg_self_state_asymmetry |               0 |
|            Metric/avg_cross_state_asymmetry |          0.0248 |
|                Metric/avg_self_sa_asymmetry |               0 |
|               Metric/avg_cross_sa_asymmetry |          0.0377 |
|  Metric/self_state_action_to_state_distance |         0.00102 |
| Metric/cross_state_action_to_state_distance |            2.82 |
|                   Metric/h_lambda_diff_self |          0.0047 |
|                  Metric/h_lambda_diff_cross |          0.0517 |
|                                 Eval/Return |             827 |
-----------------------------------------------------------------
-----------------------------------------------------------------
|                                 Train/Steps |        3.08e+06 |
|                            Loss/Loss_critic |           0.367 |
|                             Loss/Loss_actor |           -86.3 |
|                             Loss/Loss_alpha |        -0.00426 |
|               Loss/Loss_state_action_metric |            2.34 |
|                      Loss/Loss_state_metric |           0.939 |
|             Loss/Loss_state_action_to_state |         0.00123 |
|                           Loss/Act_rep_loss |         0.00644 |
|                                   SAC/Alpha |          0.0183 |
|                              SAC/LogPi_mean |            1.14 |
|                                 SAC/Q1_mean |            86.3 |
|                                 SAC/Q2_mean |            86.2 |
|                            Norm/actor_model |             191 |
|                           Norm/critic_model |             251 |
|              Norm/state_action_metric_model |            94.8 |
|                     Norm/state_metric_model |             158 |
|        Norm/state_action_state_metric_model |              87 |
|                  Metric/self_state_distance |          0.0044 |
|                 Metric/cross_state_distance |               2 |
|           Metric/self_state_action_distance |         0.00905 |
|          Metric/cross_state_action_distance |            2.63 |
|             Metric/avg_self_state_asymmetry |               0 |
|            Metric/avg_cross_state_asymmetry |          0.0224 |
|                Metric/avg_self_sa_asymmetry |               0 |
|               Metric/avg_cross_sa_asymmetry |          0.0342 |
|  Metric/self_state_action_to_state_distance |         0.00409 |
| Metric/cross_state_action_to_state_distance |            2.65 |
|                   Metric/h_lambda_diff_self |          0.0057 |
|                  Metric/h_lambda_diff_cross |          0.0415 |
|                                 Eval/Return |             814 |
-----------------------------------------------------------------
[32mSaving model …[0m
[32mDone.[0m
[32mSaving model …[0m
[32mDone.[0m
-----------------------------------------------------------------
|                                 Train/Steps |        3.21e+06 |
|                            Loss/Loss_critic |           0.314 |
|                             Loss/Loss_actor |           -86.3 |
|                             Loss/Loss_alpha |        -0.00184 |
|               Loss/Loss_state_action_metric |            2.37 |
|                      Loss/Loss_state_metric |           0.978 |
|             Loss/Loss_state_action_to_state |         0.00242 |
|                           Loss/Act_rep_loss |         0.00182 |
|                                   SAC/Alpha |          0.0173 |
|                              SAC/LogPi_mean |            1.07 |
|                                 SAC/Q1_mean |            86.2 |
|                                 SAC/Q2_mean |            86.1 |
|                            Norm/actor_model |             195 |
|                           Norm/critic_model |             255 |
|              Norm/state_action_metric_model |            96.9 |
|                     Norm/state_metric_model |             162 |
|        Norm/state_action_state_metric_model |              89 |
|                  Metric/self_state_distance |         0.00231 |
|                 Metric/cross_state_distance |            2.16 |
|           Metric/self_state_action_distance |         0.00956 |
|          Metric/cross_state_action_distance |            2.99 |
|             Metric/avg_self_state_asymmetry |               0 |
|            Metric/avg_cross_state_asymmetry |          0.0254 |
|                Metric/avg_self_sa_asymmetry |               0 |
|               Metric/avg_cross_sa_asymmetry |          0.0389 |
|  Metric/self_state_action_to_state_distance |         0.00454 |
| Metric/cross_state_action_to_state_distance |            2.96 |
|                   Metric/h_lambda_diff_self |          0.0101 |
|                  Metric/h_lambda_diff_cross |          0.0478 |
|                                 Eval/Return |             847 |
-----------------------------------------------------------------
-----------------------------------------------------------------
|                                 Train/Steps |        3.34e+06 |
|                            Loss/Loss_critic |           0.408 |
|                             Loss/Loss_actor |           -86.6 |
|                             Loss/Loss_alpha |        -0.00073 |
|               Loss/Loss_state_action_metric |            2.11 |
|                      Loss/Loss_state_metric |           0.986 |
|             Loss/Loss_state_action_to_state |         0.00277 |
|                           Loss/Act_rep_loss |         0.00461 |
|                                   SAC/Alpha |          0.0162 |
|                              SAC/LogPi_mean |            1.04 |
|                                 SAC/Q1_mean |            86.5 |
|                                 SAC/Q2_mean |            86.6 |
|                            Norm/actor_model |             199 |
|                           Norm/critic_model |             258 |
|              Norm/state_action_metric_model |            98.9 |
|                     Norm/state_metric_model |             166 |
|        Norm/state_action_state_metric_model |            91.1 |
|                  Metric/self_state_distance |        0.000799 |
|                 Metric/cross_state_distance |            2.06 |
|           Metric/self_state_action_distance |         0.00282 |
|          Metric/cross_state_action_distance |            2.76 |
|             Metric/avg_self_state_asymmetry |               0 |
|            Metric/avg_cross_state_asymmetry |          0.0248 |
|                Metric/avg_self_sa_asymmetry |               0 |
|               Metric/avg_cross_sa_asymmetry |          0.0325 |
|  Metric/self_state_action_to_state_distance |         0.00215 |
| Metric/cross_state_action_to_state_distance |            2.72 |
|                   Metric/h_lambda_diff_self |         0.00432 |
|                  Metric/h_lambda_diff_cross |          0.0638 |
|                                 Eval/Return |             883 |
-----------------------------------------------------------------
-----------------------------------------------------------------
|                                 Train/Steps |        3.46e+06 |
|                            Loss/Loss_critic |           0.178 |
|                             Loss/Loss_actor |           -87.8 |
|                             Loss/Loss_alpha |         0.00311 |
|               Loss/Loss_state_action_metric |            1.92 |
|                      Loss/Loss_state_metric |           0.817 |
|             Loss/Loss_state_action_to_state |         0.00233 |
|                           Loss/Act_rep_loss |          0.0201 |
|                                   SAC/Alpha |           0.016 |
|                              SAC/LogPi_mean |           0.872 |
|                                 SAC/Q1_mean |            87.7 |
|                                 SAC/Q2_mean |              88 |
|                            Norm/actor_model |             203 |
|                           Norm/critic_model |             262 |
|              Norm/state_action_metric_model |             101 |
|                     Norm/state_metric_model |             170 |
|        Norm/state_action_state_metric_model |            93.1 |
|                  Metric/self_state_distance |         0.00146 |
|                 Metric/cross_state_distance |            1.91 |
|           Metric/self_state_action_distance |          0.0152 |
|          Metric/cross_state_action_distance |            2.52 |
|             Metric/avg_self_state_asymmetry |               0 |
|            Metric/avg_cross_state_asymmetry |          0.0191 |
|                Metric/avg_self_sa_asymmetry |               0 |
|               Metric/avg_cross_sa_asymmetry |          0.0403 |
|  Metric/self_state_action_to_state_distance |        0.000758 |
| Metric/cross_state_action_to_state_distance |            2.53 |
|                   Metric/h_lambda_diff_self |          0.0144 |
|                  Metric/h_lambda_diff_cross |          0.0344 |
|                                 Eval/Return |             908 |
-----------------------------------------------------------------
-----------------------------------------------------------------
|                                 Train/Steps |        3.59e+06 |
|                            Loss/Loss_critic |           0.282 |
|                             Loss/Loss_actor |           -89.3 |
|                             Loss/Loss_alpha |        -0.00104 |
|               Loss/Loss_state_action_metric |            2.02 |
|                      Loss/Loss_state_metric |           0.764 |
|             Loss/Loss_state_action_to_state |         0.00354 |
|                           Loss/Act_rep_loss |          0.0314 |
|                                   SAC/Alpha |          0.0161 |
|                              SAC/LogPi_mean |            1.21 |
|                                 SAC/Q1_mean |            89.2 |
|                                 SAC/Q2_mean |            89.4 |
|                            Norm/actor_model |             207 |
|                           Norm/critic_model |             265 |
|              Norm/state_action_metric_model |             103 |
|                     Norm/state_metric_model |             175 |
|        Norm/state_action_state_metric_model |            94.8 |
|                  Metric/self_state_distance |         0.00154 |
|                 Metric/cross_state_distance |            1.93 |
|           Metric/self_state_action_distance |         0.00648 |
|          Metric/cross_state_action_distance |             2.6 |
|             Metric/avg_self_state_asymmetry |               0 |
|            Metric/avg_cross_state_asymmetry |          0.0231 |
|                Metric/avg_self_sa_asymmetry |               0 |
|               Metric/avg_cross_sa_asymmetry |          0.0375 |
|  Metric/self_state_action_to_state_distance |        8.95e-05 |
| Metric/cross_state_action_to_state_distance |            2.69 |
|                   Metric/h_lambda_diff_self |          0.0064 |
|                  Metric/h_lambda_diff_cross |          0.0981 |
|                                 Eval/Return |             861 |
-----------------------------------------------------------------
-----------------------------------------------------------------
|                                 Train/Steps |        3.72e+06 |
|                            Loss/Loss_critic |           0.383 |
|                             Loss/Loss_actor |           -89.7 |
|                             Loss/Loss_alpha |        0.000952 |
|               Loss/Loss_state_action_metric |            1.69 |
|                      Loss/Loss_state_metric |           0.796 |
|             Loss/Loss_state_action_to_state |         0.00268 |
|                           Loss/Act_rep_loss |          0.0122 |
|                                   SAC/Alpha |          0.0155 |
|                              SAC/LogPi_mean |           0.938 |
|                                 SAC/Q1_mean |            89.7 |
|                                 SAC/Q2_mean |            89.6 |
|                            Norm/actor_model |             211 |
|                           Norm/critic_model |             268 |
|              Norm/state_action_metric_model |             104 |
|                     Norm/state_metric_model |             179 |
|        Norm/state_action_state_metric_model |            96.6 |
|                  Metric/self_state_distance |         0.00201 |
|                 Metric/cross_state_distance |            1.87 |
|           Metric/self_state_action_distance |         0.00238 |
|          Metric/cross_state_action_distance |            2.46 |
|             Metric/avg_self_state_asymmetry |               0 |
|            Metric/avg_cross_state_asymmetry |          0.0235 |
|                Metric/avg_self_sa_asymmetry |               0 |
|               Metric/avg_cross_sa_asymmetry |          0.0323 |
|  Metric/self_state_action_to_state_distance |        3.69e-05 |
| Metric/cross_state_action_to_state_distance |            2.44 |
|                   Metric/h_lambda_diff_self |         0.00234 |
|                  Metric/h_lambda_diff_cross |          0.0366 |
|                                 Eval/Return |             881 |
-----------------------------------------------------------------
-----------------------------------------------------------------
|                                 Train/Steps |        3.85e+06 |
|                            Loss/Loss_critic |           0.508 |
|                             Loss/Loss_actor |           -88.5 |
|                             Loss/Loss_alpha |        -0.00115 |
|               Loss/Loss_state_action_metric |            1.96 |
|                      Loss/Loss_state_metric |           0.811 |
|             Loss/Loss_state_action_to_state |         0.00296 |
|                           Loss/Act_rep_loss |         0.00927 |
|                                   SAC/Alpha |           0.015 |
|                              SAC/LogPi_mean |            1.11 |
|                                 SAC/Q1_mean |            88.5 |
|                                 SAC/Q2_mean |            88.4 |
|                            Norm/actor_model |             215 |
|                           Norm/critic_model |             271 |
|              Norm/state_action_metric_model |             106 |
|                     Norm/state_metric_model |             183 |
|        Norm/state_action_state_metric_model |            98.5 |
|                  Metric/self_state_distance |         0.00343 |
|                 Metric/cross_state_distance |            1.88 |
|           Metric/self_state_action_distance |          0.0211 |
|          Metric/cross_state_action_distance |            2.51 |
|             Metric/avg_self_state_asymmetry |               0 |
|            Metric/avg_cross_state_asymmetry |          0.0235 |
|                Metric/avg_self_sa_asymmetry |               0 |
|               Metric/avg_cross_sa_asymmetry |          0.0342 |
|  Metric/self_state_action_to_state_distance |        0.000866 |
| Metric/cross_state_action_to_state_distance |            2.49 |
|                   Metric/h_lambda_diff_self |          0.0208 |
|                  Metric/h_lambda_diff_cross |          0.0402 |
|                                 Eval/Return |             862 |
-----------------------------------------------------------------
-----------------------------------------------------------------
|                                 Train/Steps |        3.98e+06 |
|                            Loss/Loss_critic |           0.159 |
|                             Loss/Loss_actor |           -87.3 |
|                             Loss/Loss_alpha |       -2.56e-05 |
|               Loss/Loss_state_action_metric |            2.15 |
|                      Loss/Loss_state_metric |           0.854 |
|             Loss/Loss_state_action_to_state |         0.00122 |
|                           Loss/Act_rep_loss |         0.00216 |
|                                   SAC/Alpha |          0.0162 |
|                              SAC/LogPi_mean |           0.925 |
|                                 SAC/Q1_mean |            87.3 |
|                                 SAC/Q2_mean |            87.2 |
|                            Norm/actor_model |             219 |
|                           Norm/critic_model |             275 |
|              Norm/state_action_metric_model |             108 |
|                     Norm/state_metric_model |             186 |
|        Norm/state_action_state_metric_model |             101 |
|                  Metric/self_state_distance |        0.000813 |
|                 Metric/cross_state_distance |            1.94 |
|           Metric/self_state_action_distance |         0.00512 |
|          Metric/cross_state_action_distance |             2.6 |
|             Metric/avg_self_state_asymmetry |               0 |
|            Metric/avg_cross_state_asymmetry |          0.0203 |
|                Metric/avg_self_sa_asymmetry |               0 |
|               Metric/avg_cross_sa_asymmetry |          0.0346 |
|  Metric/self_state_action_to_state_distance |        0.000146 |
| Metric/cross_state_action_to_state_distance |            2.59 |
|                   Metric/h_lambda_diff_self |         0.00497 |
|                  Metric/h_lambda_diff_cross |          0.0307 |
|                                 Eval/Return |             904 |
-----------------------------------------------------------------
-----------------------------------------------------------------
|                                 Train/Steps |         4.1e+06 |
|                            Loss/Loss_critic |           0.314 |
|                             Loss/Loss_actor |           -90.3 |
|                             Loss/Loss_alpha |        0.000992 |
|               Loss/Loss_state_action_metric |            1.72 |
|                      Loss/Loss_state_metric |           0.623 |
|             Loss/Loss_state_action_to_state |          0.0015 |
|                           Loss/Act_rep_loss |          0.0294 |
|                                   SAC/Alpha |          0.0136 |
|                              SAC/LogPi_mean |           0.938 |
|                                 SAC/Q1_mean |            90.1 |
|                                 SAC/Q2_mean |            90.3 |
|                            Norm/actor_model |             222 |
|                           Norm/critic_model |             278 |
|              Norm/state_action_metric_model |             110 |
|                     Norm/state_metric_model |             190 |
|        Norm/state_action_state_metric_model |             102 |
|                  Metric/self_state_distance |         0.00336 |
|                 Metric/cross_state_distance |             1.7 |
|           Metric/self_state_action_distance |           0.013 |
|          Metric/cross_state_action_distance |            2.26 |
|             Metric/avg_self_state_asymmetry |               0 |
|            Metric/avg_cross_state_asymmetry |          0.0208 |
|                Metric/avg_self_sa_asymmetry |               0 |
|               Metric/avg_cross_sa_asymmetry |          0.0344 |
|  Metric/self_state_action_to_state_distance |        0.000282 |
| Metric/cross_state_action_to_state_distance |            2.24 |
|                   Metric/h_lambda_diff_self |          0.0127 |
|                  Metric/h_lambda_diff_cross |          0.0385 |
|                                 Eval/Return |             887 |
-----------------------------------------------------------------
[32mSaving model …[0m
[32mDone.[0m
[32mSaving model …[0m
[32mDone.[0m
-----------------------------------------------------------------
|                                 Train/Steps |        4.23e+06 |
|                            Loss/Loss_critic |           0.228 |
|                             Loss/Loss_actor |           -90.3 |
|                             Loss/Loss_alpha |        -0.00145 |
|               Loss/Loss_state_action_metric |            2.02 |
|                      Loss/Loss_state_metric |           0.679 |
|             Loss/Loss_state_action_to_state |         0.00275 |
|                           Loss/Act_rep_loss |          0.0183 |
|                                   SAC/Alpha |          0.0118 |
|                              SAC/LogPi_mean |            1.19 |
|                                 SAC/Q1_mean |            90.2 |
|                                 SAC/Q2_mean |            90.3 |
|                            Norm/actor_model |             226 |
|                           Norm/critic_model |             280 |
|              Norm/state_action_metric_model |             111 |
|                     Norm/state_metric_model |             194 |
|        Norm/state_action_state_metric_model |             104 |
|                  Metric/self_state_distance |         0.00181 |
|                 Metric/cross_state_distance |            1.77 |
|           Metric/self_state_action_distance |         0.00589 |
|          Metric/cross_state_action_distance |            2.35 |
|             Metric/avg_self_state_asymmetry |               0 |
|            Metric/avg_cross_state_asymmetry |          0.0247 |
|                Metric/avg_self_sa_asymmetry |               0 |
|               Metric/avg_cross_sa_asymmetry |          0.0403 |
|  Metric/self_state_action_to_state_distance |        2.45e-05 |
| Metric/cross_state_action_to_state_distance |            2.33 |
|                   Metric/h_lambda_diff_self |         0.00586 |
|                  Metric/h_lambda_diff_cross |          0.0435 |
|                                 Eval/Return |             903 |
-----------------------------------------------------------------
-----------------------------------------------------------------
|                                 Train/Steps |        4.36e+06 |
|                            Loss/Loss_critic |           0.348 |
|                             Loss/Loss_actor |           -92.2 |
|                             Loss/Loss_alpha |       -0.000105 |
|               Loss/Loss_state_action_metric |            1.56 |
|                      Loss/Loss_state_metric |           0.656 |
|             Loss/Loss_state_action_to_state |         0.00172 |
|                           Loss/Act_rep_loss |          0.0236 |
|                                   SAC/Alpha |          0.0109 |
|                              SAC/LogPi_mean |             0.9 |
|                                 SAC/Q1_mean |            92.2 |
|                                 SAC/Q2_mean |            92.3 |
|                            Norm/actor_model |             229 |
|                           Norm/critic_model |             283 |
|              Norm/state_action_metric_model |             113 |
|                     Norm/state_metric_model |             197 |
|        Norm/state_action_state_metric_model |             106 |
|                  Metric/self_state_distance |        0.000419 |
|                 Metric/cross_state_distance |             1.7 |
|           Metric/self_state_action_distance |          0.0041 |
|          Metric/cross_state_action_distance |            2.19 |
|             Metric/avg_self_state_asymmetry |               0 |
|            Metric/avg_cross_state_asymmetry |          0.0211 |
|                Metric/avg_self_sa_asymmetry |               0 |
|               Metric/avg_cross_sa_asymmetry |          0.0329 |
|  Metric/self_state_action_to_state_distance |         0.00274 |
| Metric/cross_state_action_to_state_distance |            2.17 |
|                   Metric/h_lambda_diff_self |         0.00477 |
|                  Metric/h_lambda_diff_cross |          0.0372 |
|                                 Eval/Return |             868 |
-----------------------------------------------------------------
-----------------------------------------------------------------
|                                 Train/Steps |        4.49e+06 |
|                            Loss/Loss_critic |           0.169 |
|                             Loss/Loss_actor |           -93.1 |
|                             Loss/Loss_alpha |       -0.000265 |
|               Loss/Loss_state_action_metric |            1.38 |
|                      Loss/Loss_state_metric |           0.564 |
|             Loss/Loss_state_action_to_state |         0.00158 |
|                           Loss/Act_rep_loss |         0.00641 |
|                                   SAC/Alpha |         0.00887 |
|                              SAC/LogPi_mean |           0.917 |
|                                 SAC/Q1_mean |            93.1 |
|                                 SAC/Q2_mean |              93 |
|                            Norm/actor_model |             233 |
|                           Norm/critic_model |             286 |
|              Norm/state_action_metric_model |             115 |
|                     Norm/state_metric_model |             200 |
|        Norm/state_action_state_metric_model |             108 |
|                  Metric/self_state_distance |        0.000457 |
|                 Metric/cross_state_distance |            1.59 |
|           Metric/self_state_action_distance |         0.00335 |
|          Metric/cross_state_action_distance |            1.96 |
|             Metric/avg_self_state_asymmetry |               0 |
|            Metric/avg_cross_state_asymmetry |          0.0222 |
|                Metric/avg_self_sa_asymmetry |               0 |
|               Metric/avg_cross_sa_asymmetry |           0.032 |
|  Metric/self_state_action_to_state_distance |         0.00292 |
| Metric/cross_state_action_to_state_distance |            1.95 |
|                   Metric/h_lambda_diff_self |         0.00229 |
|                  Metric/h_lambda_diff_cross |          0.0317 |
|                                 Eval/Return |             917 |
-----------------------------------------------------------------
-----------------------------------------------------------------
|                                 Train/Steps |        4.62e+06 |
|                            Loss/Loss_critic |           0.244 |
|                             Loss/Loss_actor |           -93.5 |
|                             Loss/Loss_alpha |       -0.000114 |
|               Loss/Loss_state_action_metric |            1.29 |
|                      Loss/Loss_state_metric |           0.455 |
|             Loss/Loss_state_action_to_state |         0.00291 |
|                           Loss/Act_rep_loss |          0.0188 |
|                                   SAC/Alpha |         0.00872 |
|                              SAC/LogPi_mean |           0.919 |
|                                 SAC/Q1_mean |            93.4 |
|                                 SAC/Q2_mean |            93.6 |
|                            Norm/actor_model |             236 |
|                           Norm/critic_model |             289 |
|              Norm/state_action_metric_model |             117 |
|                     Norm/state_metric_model |             202 |
|        Norm/state_action_state_metric_model |             110 |
|                  Metric/self_state_distance |          0.0062 |
|                 Metric/cross_state_distance |            1.53 |
|           Metric/self_state_action_distance |          0.0116 |
|          Metric/cross_state_action_distance |            1.89 |
|             Metric/avg_self_state_asymmetry |               0 |
|            Metric/avg_cross_state_asymmetry |          0.0157 |
|                Metric/avg_self_sa_asymmetry |               0 |
|               Metric/avg_cross_sa_asymmetry |          0.0272 |
|  Metric/self_state_action_to_state_distance |        0.000397 |
| Metric/cross_state_action_to_state_distance |            1.91 |
|                   Metric/h_lambda_diff_self |          0.0112 |
|                  Metric/h_lambda_diff_cross |          0.0359 |
|                                 Eval/Return |             887 |
-----------------------------------------------------------------
-----------------------------------------------------------------
|                                 Train/Steps |        4.74e+06 |
|                            Loss/Loss_critic |           0.591 |
|                             Loss/Loss_actor |             -94 |
|                             Loss/Loss_alpha |        0.000652 |
|               Loss/Loss_state_action_metric |           0.849 |
|                      Loss/Loss_state_metric |           0.417 |
|             Loss/Loss_state_action_to_state |         0.00099 |
|                           Loss/Act_rep_loss |           0.013 |
|                                   SAC/Alpha |         0.00746 |
|                              SAC/LogPi_mean |           0.872 |
|                                 SAC/Q1_mean |            94.1 |
|                                 SAC/Q2_mean |              94 |
|                            Norm/actor_model |             239 |
|                           Norm/critic_model |             292 |
|              Norm/state_action_metric_model |             119 |
|                     Norm/state_metric_model |             205 |
|        Norm/state_action_state_metric_model |             111 |
|                  Metric/self_state_distance |        8.73e-05 |
|                 Metric/cross_state_distance |            1.42 |
|           Metric/self_state_action_distance |         0.00101 |
|          Metric/cross_state_action_distance |            1.67 |
|             Metric/avg_self_state_asymmetry |               0 |
|            Metric/avg_cross_state_asymmetry |          0.0139 |
|                Metric/avg_self_sa_asymmetry |               0 |
|               Metric/avg_cross_sa_asymmetry |          0.0225 |
|  Metric/self_state_action_to_state_distance |         0.00596 |
| Metric/cross_state_action_to_state_distance |             1.7 |
|                   Metric/h_lambda_diff_self |         0.00546 |
|                  Metric/h_lambda_diff_cross |          0.0351 |
|                                 Eval/Return |             852 |
-----------------------------------------------------------------
-----------------------------------------------------------------
|                                 Train/Steps |        4.87e+06 |
|                            Loss/Loss_critic |           0.168 |
|                             Loss/Loss_actor |           -95.2 |
|                             Loss/Loss_alpha |        -0.00196 |
|               Loss/Loss_state_action_metric |            1.01 |
|                      Loss/Loss_state_metric |           0.421 |
|             Loss/Loss_state_action_to_state |        0.000897 |
|                           Loss/Act_rep_loss |          0.0297 |
|                                   SAC/Alpha |          0.0078 |
|                              SAC/LogPi_mean |            1.22 |
|                                 SAC/Q1_mean |            95.5 |
|                                 SAC/Q2_mean |            95.1 |
|                            Norm/actor_model |             242 |
|                           Norm/critic_model |             294 |
|              Norm/state_action_metric_model |             120 |
|                     Norm/state_metric_model |             208 |
|        Norm/state_action_state_metric_model |             113 |
|                  Metric/self_state_distance |        0.000677 |
|                 Metric/cross_state_distance |            1.44 |
|           Metric/self_state_action_distance |         0.00313 |
|          Metric/cross_state_action_distance |            1.75 |
|             Metric/avg_self_state_asymmetry |               0 |
|            Metric/avg_cross_state_asymmetry |          0.0122 |
|                Metric/avg_self_sa_asymmetry |               0 |
|               Metric/avg_cross_sa_asymmetry |          0.0279 |
|  Metric/self_state_action_to_state_distance |        0.000537 |
| Metric/cross_state_action_to_state_distance |            1.74 |
|                   Metric/h_lambda_diff_self |         0.00267 |
|                  Metric/h_lambda_diff_cross |          0.0292 |
|                                 Eval/Return |             879 |
-----------------------------------------------------------------
-----------------------------------------------------------------
|                                 Train/Steps |           5e+06 |
|                            Loss/Loss_critic |          0.0969 |
|                             Loss/Loss_actor |           -94.3 |
|                             Loss/Loss_alpha |        0.000131 |
|               Loss/Loss_state_action_metric |            1.36 |
|                      Loss/Loss_state_metric |           0.497 |
|             Loss/Loss_state_action_to_state |         0.00188 |
|                           Loss/Act_rep_loss |          0.0303 |
|                                   SAC/Alpha |         0.00707 |
|                              SAC/LogPi_mean |           0.999 |
|                                 SAC/Q1_mean |            94.3 |
|                                 SAC/Q2_mean |            94.3 |
|                            Norm/actor_model |             245 |
|                           Norm/critic_model |             296 |
|              Norm/state_action_metric_model |             122 |
|                     Norm/state_metric_model |             211 |
|        Norm/state_action_state_metric_model |             115 |
|                  Metric/self_state_distance |         0.00351 |
|                 Metric/cross_state_distance |            1.52 |
|           Metric/self_state_action_distance |         0.00321 |
|          Metric/cross_state_action_distance |            1.91 |
|             Metric/avg_self_state_asymmetry |               0 |
|            Metric/avg_cross_state_asymmetry |          0.0164 |
|                Metric/avg_self_sa_asymmetry |               0 |
|               Metric/avg_cross_sa_asymmetry |          0.0285 |
|  Metric/self_state_action_to_state_distance |         0.00105 |
| Metric/cross_state_action_to_state_distance |            1.89 |
|                   Metric/h_lambda_diff_self |         0.00413 |
|                  Metric/h_lambda_diff_cross |          0.0288 |
|                                 Eval/Return |             912 |
-----------------------------------------------------------------
[32mSaving model …[0m
[32mDone.[0m
[32mSaving model …[0m
[32mDone.[0m
