E0905 11:06:27.311242  747076 cuda_executor.cc:1526] Could not get kernel mode driver version: (INVALID_ARGUMENT: Version does not match the format X.Y.Z)
E0905 11:06:27.319808  746967 cuda_executor.cc:1526] Could not get kernel mode driver version: (INVALID_ARGUMENT: Version does not match the format X.Y.Z)
[32mStart prefilling replay buffer[0m
[32mStart SAC training[0m
[32m{'log_freq': 1000, 'save_freq': 1000000, 'eval_episode_freq': 10, 'hidden_size': 256, 'lr': 0.001, 'max_grad_norm': 0.0, 'gamma': 0.99, 'update_tau': 0.005, 'train_per_step': 8, 'episode_length': 1000, 'warmup_samples': 8192, 'max_replay_size': 4000000, 'batch_size': 512, 'total_env_steps': 5000000, 'init_temperature': 0.1, 'nstep': 1, 'bootstrap_on_truncation': True, 'rep_lr_scale': 1.5, 'critic_rep_metric_scale': 1.0, 'critic_rep_scale': 0.05, 'vis_feq': 100000, 'n_vis_frames': 4, 'num_envs': 128, 'grad_steps': 50, 'transfer_freq': 10, 'transfer_steps': 8, 'reward_scaling': 1.0, 'num_eval_envs': 128, 'target_entropy': -3.0}[0m
[32m[nstep] nstep=1 bootstrap_on_truncation=True (discount from the buffer already contains gamma^nstep)[0m
-----------------------------------------------------------------
|                                 Train/Steps |        1.36e+05 |
|                            Loss/Loss_critic |          0.0459 |
|                             Loss/Loss_actor |           -6.14 |
|                             Loss/Loss_alpha |         0.00244 |
|               Loss/Loss_state_action_metric |          0.0961 |
|                      Loss/Loss_state_metric |          0.0534 |
|             Loss/Loss_state_action_to_state |         0.00106 |
|                           Loss/Act_rep_loss |        0.000544 |
|                        Loss/Critic_rep_loss |            1.58 |
|                                   SAC/Alpha |         0.00605 |
|                              SAC/LogPi_mean |            2.75 |
|                                 SAC/Q1_mean |            6.07 |
|                                 SAC/Q2_mean |            6.06 |
|                            Norm/actor_model |            39.6 |
|                           Norm/critic_model |            45.3 |
|              Norm/state_action_metric_model |            31.8 |
|                     Norm/state_metric_model |            31.5 |
|        Norm/state_action_state_metric_model |            31.4 |
|                  Metric/self_state_distance |          0.0018 |
|                 Metric/cross_state_distance |            1.28 |
|           Metric/self_state_action_distance |           0.006 |
|          Metric/cross_state_action_distance |            1.38 |
|             Metric/avg_self_state_asymmetry |               0 |
|            Metric/avg_cross_state_asymmetry |          0.0164 |
|                Metric/avg_self_sa_asymmetry |               0 |
|               Metric/avg_cross_sa_asymmetry |          0.0242 |
|  Metric/self_state_action_to_state_distance |         0.00319 |
| Metric/cross_state_action_to_state_distance |            1.36 |
|                   Metric/h_lambda_diff_self |         0.00549 |
|                  Metric/h_lambda_diff_cross |          0.0312 |
|                                 Eval/Return |             441 |
-----------------------------------------------------------------
-----------------------------------------------------------------
|                                 Train/Steps |        2.64e+05 |
|                            Loss/Loss_critic |          0.0899 |
|                             Loss/Loss_actor |           -20.8 |
|                             Loss/Loss_alpha |        -0.00305 |
|               Loss/Loss_state_action_metric |           0.629 |
|                      Loss/Loss_state_metric |           0.419 |
|             Loss/Loss_state_action_to_state |         0.00127 |
|                           Loss/Act_rep_loss |        0.000643 |
|                        Loss/Critic_rep_loss |            10.3 |
|                                   SAC/Alpha |          0.0106 |
|                              SAC/LogPi_mean |            3.12 |
|                                 SAC/Q1_mean |            20.8 |
|                                 SAC/Q2_mean |            20.7 |
|                            Norm/actor_model |            53.9 |
|                           Norm/critic_model |            63.8 |
|              Norm/state_action_metric_model |            36.4 |
|                     Norm/state_metric_model |            35.3 |
|        Norm/state_action_state_metric_model |            35.4 |
|                  Metric/self_state_distance |         0.00285 |
|                 Metric/cross_state_distance |            1.96 |
|           Metric/self_state_action_distance |         0.00645 |
|          Metric/cross_state_action_distance |            2.25 |
|             Metric/avg_self_state_asymmetry |               0 |
|            Metric/avg_cross_state_asymmetry |          0.0255 |
|                Metric/avg_self_sa_asymmetry |               0 |
|               Metric/avg_cross_sa_asymmetry |          0.0256 |
|  Metric/self_state_action_to_state_distance |         0.00138 |
| Metric/cross_state_action_to_state_distance |            2.24 |
|                   Metric/h_lambda_diff_self |         0.00528 |
|                  Metric/h_lambda_diff_cross |          0.0308 |
|                                 Eval/Return |             760 |
-----------------------------------------------------------------
-----------------------------------------------------------------
|                                 Train/Steps |        3.92e+05 |
|                            Loss/Loss_critic |           0.111 |
|                             Loss/Loss_actor |           -31.4 |
|                             Loss/Loss_alpha |       -0.000257 |
|               Loss/Loss_state_action_metric |           0.638 |
|                      Loss/Loss_state_metric |           0.428 |
|             Loss/Loss_state_action_to_state |        0.000916 |
|                           Loss/Act_rep_loss |        0.000263 |
|                        Loss/Critic_rep_loss |            15.4 |
|                                   SAC/Alpha |          0.0101 |
|                              SAC/LogPi_mean |            2.97 |
|                                 SAC/Q1_mean |            31.4 |
|                                 SAC/Q2_mean |            31.4 |
|                            Norm/actor_model |            63.2 |
|                           Norm/critic_model |            74.5 |
|              Norm/state_action_metric_model |            41.1 |
|                     Norm/state_metric_model |            39.9 |
|        Norm/state_action_state_metric_model |            39.4 |
|                  Metric/self_state_distance |         0.00116 |
|                 Metric/cross_state_distance |            1.97 |
|           Metric/self_state_action_distance |         0.00637 |
|          Metric/cross_state_action_distance |            2.26 |
|             Metric/avg_self_state_asymmetry |               0 |
|            Metric/avg_cross_state_asymmetry |          0.0195 |
|                Metric/avg_self_sa_asymmetry |               0 |
|               Metric/avg_cross_sa_asymmetry |          0.0232 |
|  Metric/self_state_action_to_state_distance |         0.00104 |
| Metric/cross_state_action_to_state_distance |            2.26 |
|                   Metric/h_lambda_diff_self |         0.00592 |
|                  Metric/h_lambda_diff_cross |          0.0287 |
|                                 Eval/Return |             923 |
-----------------------------------------------------------------
-----------------------------------------------------------------
|                                 Train/Steps |         5.2e+05 |
|                            Loss/Loss_critic |          0.0538 |
|                             Loss/Loss_actor |           -45.6 |
|                             Loss/Loss_alpha |        0.000536 |
|               Loss/Loss_state_action_metric |           0.756 |
|                      Loss/Loss_state_metric |           0.517 |
|             Loss/Loss_state_action_to_state |        0.000863 |
|                           Loss/Act_rep_loss |        0.000836 |
|                        Loss/Critic_rep_loss |            14.4 |
|                                   SAC/Alpha |          0.0102 |
|                              SAC/LogPi_mean |            3.02 |
|                                 SAC/Q1_mean |            45.5 |
|                                 SAC/Q2_mean |            45.5 |
|                            Norm/actor_model |            69.5 |
|                           Norm/critic_model |            81.3 |
|              Norm/state_action_metric_model |            45.5 |
|                     Norm/state_metric_model |            44.1 |
|        Norm/state_action_state_metric_model |            43.3 |
|                  Metric/self_state_distance |         0.00137 |
|                 Metric/cross_state_distance |            2.09 |
|           Metric/self_state_action_distance |         0.00534 |
|          Metric/cross_state_action_distance |            2.42 |
|             Metric/avg_self_state_asymmetry |               0 |
|            Metric/avg_cross_state_asymmetry |          0.0126 |
|                Metric/avg_self_sa_asymmetry |               0 |
|               Metric/avg_cross_sa_asymmetry |          0.0258 |
|  Metric/self_state_action_to_state_distance |        0.000176 |
| Metric/cross_state_action_to_state_distance |            2.41 |
|                   Metric/h_lambda_diff_self |         0.00519 |
|                  Metric/h_lambda_diff_cross |          0.0255 |
|                                 Eval/Return |             964 |
-----------------------------------------------------------------
-----------------------------------------------------------------
|                                 Train/Steps |        6.48e+05 |
|                            Loss/Loss_critic |          0.0649 |
|                             Loss/Loss_actor |           -55.6 |
|                             Loss/Loss_alpha |          0.0024 |
|               Loss/Loss_state_action_metric |           0.707 |
|                      Loss/Loss_state_metric |           0.483 |
|             Loss/Loss_state_action_to_state |        0.000513 |
|                           Loss/Act_rep_loss |         0.00163 |
|                        Loss/Critic_rep_loss |            13.3 |
|                                   SAC/Alpha |          0.0106 |
|                              SAC/LogPi_mean |            3.07 |
|                                 SAC/Q1_mean |            55.5 |
|                                 SAC/Q2_mean |            55.4 |
|                            Norm/actor_model |            75.4 |
|                           Norm/critic_model |            87.1 |
|              Norm/state_action_metric_model |            49.6 |
|                     Norm/state_metric_model |            48.3 |
|        Norm/state_action_state_metric_model |            47.1 |
|                  Metric/self_state_distance |        0.000628 |
|                 Metric/cross_state_distance |            2.01 |
|           Metric/self_state_action_distance |         0.00228 |
|          Metric/cross_state_action_distance |            2.32 |
|             Metric/avg_self_state_asymmetry |               0 |
|            Metric/avg_cross_state_asymmetry |          0.0111 |
|                Metric/avg_self_sa_asymmetry |               0 |
|               Metric/avg_cross_sa_asymmetry |          0.0172 |
|  Metric/self_state_action_to_state_distance |        0.000558 |
| Metric/cross_state_action_to_state_distance |            2.32 |
|                   Metric/h_lambda_diff_self |         0.00207 |
|                  Metric/h_lambda_diff_cross |          0.0228 |
|                                 Eval/Return |             966 |
-----------------------------------------------------------------
-----------------------------------------------------------------
|                                 Train/Steps |        7.76e+05 |
|                            Loss/Loss_critic |          0.0659 |
|                             Loss/Loss_actor |           -64.8 |
|                             Loss/Loss_alpha |         0.00179 |
|               Loss/Loss_state_action_metric |           0.641 |
|                      Loss/Loss_state_metric |           0.386 |
|             Loss/Loss_state_action_to_state |         0.00048 |
|                           Loss/Act_rep_loss |         0.00267 |
|                        Loss/Critic_rep_loss |            10.6 |
|                                   SAC/Alpha |          0.0104 |
|                              SAC/LogPi_mean |            2.83 |
|                                 SAC/Q1_mean |            64.6 |
|                                 SAC/Q2_mean |            64.6 |
|                            Norm/actor_model |            80.7 |
|                           Norm/critic_model |            92.4 |
|              Norm/state_action_metric_model |            53.6 |
|                     Norm/state_metric_model |            52.2 |
|        Norm/state_action_state_metric_model |            50.6 |
|                  Metric/self_state_distance |         0.00233 |
|                 Metric/cross_state_distance |            1.86 |
|           Metric/self_state_action_distance |         0.00979 |
|          Metric/cross_state_action_distance |            2.13 |
|             Metric/avg_self_state_asymmetry |               0 |
|            Metric/avg_cross_state_asymmetry |          0.0141 |
|                Metric/avg_self_sa_asymmetry |               0 |
|               Metric/avg_cross_sa_asymmetry |          0.0185 |
|  Metric/self_state_action_to_state_distance |           0.001 |
| Metric/cross_state_action_to_state_distance |            2.14 |
|                   Metric/h_lambda_diff_self |         0.00903 |
|                  Metric/h_lambda_diff_cross |          0.0225 |
|                                 Eval/Return |             959 |
-----------------------------------------------------------------
-----------------------------------------------------------------
|                                 Train/Steps |        9.04e+05 |
|                            Loss/Loss_critic |          0.0719 |
|                             Loss/Loss_actor |           -71.6 |
|                             Loss/Loss_alpha |       -0.000465 |
|               Loss/Loss_state_action_metric |           0.516 |
|                      Loss/Loss_state_metric |           0.349 |
|             Loss/Loss_state_action_to_state |        0.000621 |
|                           Loss/Act_rep_loss |         0.00509 |
|                        Loss/Critic_rep_loss |             9.1 |
|                                   SAC/Alpha |         0.00645 |
|                              SAC/LogPi_mean |            2.95 |
|                                 SAC/Q1_mean |            71.7 |
|                                 SAC/Q2_mean |            71.6 |
|                            Norm/actor_model |            85.5 |
|                           Norm/critic_model |            97.2 |
|              Norm/state_action_metric_model |            57.3 |
|                     Norm/state_metric_model |            55.7 |
|        Norm/state_action_state_metric_model |            54.1 |
|                  Metric/self_state_distance |          0.0018 |
|                 Metric/cross_state_distance |            1.74 |
|           Metric/self_state_action_distance |        0.000667 |
|          Metric/cross_state_action_distance |            1.96 |
|             Metric/avg_self_state_asymmetry |               0 |
|            Metric/avg_cross_state_asymmetry |          0.0103 |
|                Metric/avg_self_sa_asymmetry |               0 |
|               Metric/avg_cross_sa_asymmetry |          0.0188 |
|  Metric/self_state_action_to_state_distance |         0.00192 |
| Metric/cross_state_action_to_state_distance |            1.96 |
|                   Metric/h_lambda_diff_self |         0.00172 |
|                  Metric/h_lambda_diff_cross |          0.0214 |
|                                 Eval/Return |             972 |
-----------------------------------------------------------------
-----------------------------------------------------------------
|                                 Train/Steps |        1.03e+06 |
|                            Loss/Loss_critic |          0.0828 |
|                             Loss/Loss_actor |           -75.8 |
|                             Loss/Loss_alpha |        0.000691 |
|               Loss/Loss_state_action_metric |           0.522 |
|                      Loss/Loss_state_metric |           0.355 |
|             Loss/Loss_state_action_to_state |        0.000493 |
|                           Loss/Act_rep_loss |         0.00613 |
|                        Loss/Critic_rep_loss |            8.27 |
|                                   SAC/Alpha |         0.00779 |
|                              SAC/LogPi_mean |            3.18 |
|                                 SAC/Q1_mean |            75.8 |
|                                 SAC/Q2_mean |            75.7 |
|                            Norm/actor_model |            89.9 |
|                           Norm/critic_model |             102 |
|              Norm/state_action_metric_model |            60.8 |
|                     Norm/state_metric_model |            59.5 |
|        Norm/state_action_state_metric_model |            57.4 |
|                  Metric/self_state_distance |         0.00519 |
|                 Metric/cross_state_distance |            1.73 |
|           Metric/self_state_action_distance |         0.00175 |
|          Metric/cross_state_action_distance |            1.95 |
|             Metric/avg_self_state_asymmetry |               0 |
|            Metric/avg_cross_state_asymmetry |          0.0096 |
|                Metric/avg_self_sa_asymmetry |               0 |
|               Metric/avg_cross_sa_asymmetry |          0.0156 |
|  Metric/self_state_action_to_state_distance |         0.00128 |
| Metric/cross_state_action_to_state_distance |            1.96 |
|                   Metric/h_lambda_diff_self |         0.00188 |
|                  Metric/h_lambda_diff_cross |          0.0186 |
|                                 Eval/Return |             969 |
-----------------------------------------------------------------
[32mSaving model …[0m
[32mDone.[0m
[32mSaving model …[0m
[32mDone.[0m
-----------------------------------------------------------------
|                                 Train/Steps |        1.16e+06 |
|                            Loss/Loss_critic |          0.0854 |
|                             Loss/Loss_actor |           -80.9 |
|                             Loss/Loss_alpha |         0.00089 |
|               Loss/Loss_state_action_metric |           0.448 |
|                      Loss/Loss_state_metric |             0.3 |
|             Loss/Loss_state_action_to_state |        0.000934 |
|                           Loss/Act_rep_loss |         0.00661 |
|                        Loss/Critic_rep_loss |            6.84 |
|                                   SAC/Alpha |          0.0055 |
|                              SAC/LogPi_mean |            2.92 |
|                                 SAC/Q1_mean |            80.9 |
|                                 SAC/Q2_mean |            80.9 |
|                            Norm/actor_model |            93.6 |
|                           Norm/critic_model |             106 |
|              Norm/state_action_metric_model |            64.2 |
|                     Norm/state_metric_model |            62.8 |
|        Norm/state_action_state_metric_model |            60.7 |
|                  Metric/self_state_distance |         0.00295 |
|                 Metric/cross_state_distance |            1.63 |
|           Metric/self_state_action_distance |         0.00212 |
|          Metric/cross_state_action_distance |            1.83 |
|             Metric/avg_self_state_asymmetry |               0 |
|            Metric/avg_cross_state_asymmetry |         0.00931 |
|                Metric/avg_self_sa_asymmetry |               0 |
|               Metric/avg_cross_sa_asymmetry |          0.0166 |
|  Metric/self_state_action_to_state_distance |         0.00123 |
| Metric/cross_state_action_to_state_distance |            1.82 |
|                   Metric/h_lambda_diff_self |         0.00141 |
|                  Metric/h_lambda_diff_cross |          0.0178 |
|                                 Eval/Return |             969 |
-----------------------------------------------------------------
-----------------------------------------------------------------
|                                 Train/Steps |        1.29e+06 |
|                            Loss/Loss_critic |          0.0706 |
|                             Loss/Loss_actor |           -82.9 |
|                             Loss/Loss_alpha |        -0.00154 |
|               Loss/Loss_state_action_metric |           0.441 |
|                      Loss/Loss_state_metric |           0.298 |
|             Loss/Loss_state_action_to_state |        0.000692 |
|                           Loss/Act_rep_loss |         0.00657 |
|                        Loss/Critic_rep_loss |            6.67 |
|                                   SAC/Alpha |         0.00545 |
|                              SAC/LogPi_mean |            3.33 |
|                                 SAC/Q1_mean |            82.9 |
|                                 SAC/Q2_mean |            82.8 |
|                            Norm/actor_model |            97.3 |
|                           Norm/critic_model |             111 |
|              Norm/state_action_metric_model |            67.3 |
|                     Norm/state_metric_model |            66.1 |
|        Norm/state_action_state_metric_model |            63.6 |
|                  Metric/self_state_distance |        0.000777 |
|                 Metric/cross_state_distance |            1.63 |
|           Metric/self_state_action_distance |        0.000672 |
|          Metric/cross_state_action_distance |             1.8 |
|             Metric/avg_self_state_asymmetry |               0 |
|            Metric/avg_cross_state_asymmetry |         0.00851 |
|                Metric/avg_self_sa_asymmetry |               0 |
|               Metric/avg_cross_sa_asymmetry |          0.0142 |
|  Metric/self_state_action_to_state_distance |        0.000963 |
| Metric/cross_state_action_to_state_distance |            1.79 |
|                   Metric/h_lambda_diff_self |        0.000843 |
|                  Metric/h_lambda_diff_cross |          0.0203 |
|                                 Eval/Return |             948 |
-----------------------------------------------------------------
-----------------------------------------------------------------
|                                 Train/Steps |        1.42e+06 |
|                            Loss/Loss_critic |          0.0805 |
|                             Loss/Loss_actor |           -84.6 |
|                             Loss/Loss_alpha |        -0.00126 |
|               Loss/Loss_state_action_metric |           0.459 |
|                      Loss/Loss_state_metric |           0.311 |
|             Loss/Loss_state_action_to_state |        0.000423 |
|                           Loss/Act_rep_loss |         0.00957 |
|                        Loss/Critic_rep_loss |            7.64 |
|                                   SAC/Alpha |         0.00488 |
|                              SAC/LogPi_mean |            3.39 |
|                                 SAC/Q1_mean |            84.5 |
|                                 SAC/Q2_mean |            84.6 |
|                            Norm/actor_model |             101 |
|                           Norm/critic_model |             115 |
|              Norm/state_action_metric_model |            70.4 |
|                     Norm/state_metric_model |            69.4 |
|        Norm/state_action_state_metric_model |            66.7 |
|                  Metric/self_state_distance |        0.000435 |
|                 Metric/cross_state_distance |            1.66 |
|           Metric/self_state_action_distance |         0.00126 |
|          Metric/cross_state_action_distance |            1.85 |
|             Metric/avg_self_state_asymmetry |               0 |
|            Metric/avg_cross_state_asymmetry |         0.00905 |
|                Metric/avg_self_sa_asymmetry |               0 |
|               Metric/avg_cross_sa_asymmetry |          0.0148 |
|  Metric/self_state_action_to_state_distance |         0.00125 |
| Metric/cross_state_action_to_state_distance |            1.84 |
|                   Metric/h_lambda_diff_self |         0.00114 |
|                  Metric/h_lambda_diff_cross |            0.02 |
|                                 Eval/Return |             971 |
-----------------------------------------------------------------
-----------------------------------------------------------------
|                                 Train/Steps |        1.54e+06 |
|                            Loss/Loss_critic |           0.065 |
|                             Loss/Loss_actor |           -86.5 |
|                             Loss/Loss_alpha |        0.000847 |
|               Loss/Loss_state_action_metric |           0.447 |
|                      Loss/Loss_state_metric |           0.305 |
|             Loss/Loss_state_action_to_state |        0.000492 |
|                           Loss/Act_rep_loss |         0.00765 |
|                        Loss/Critic_rep_loss |            7.22 |
|                                   SAC/Alpha |          0.0056 |
|                              SAC/LogPi_mean |            2.88 |
|                                 SAC/Q1_mean |            86.5 |
|                                 SAC/Q2_mean |            86.5 |
|                            Norm/actor_model |             104 |
|                           Norm/critic_model |             118 |
|              Norm/state_action_metric_model |            73.3 |
|                     Norm/state_metric_model |            72.5 |
|        Norm/state_action_state_metric_model |            69.6 |
|                  Metric/self_state_distance |        0.000765 |
|                 Metric/cross_state_distance |            1.62 |
|           Metric/self_state_action_distance |         0.00268 |
|          Metric/cross_state_action_distance |             1.8 |
|             Metric/avg_self_state_asymmetry |               0 |
|            Metric/avg_cross_state_asymmetry |         0.00756 |
|                Metric/avg_self_sa_asymmetry |               0 |
|               Metric/avg_cross_sa_asymmetry |          0.0138 |
|  Metric/self_state_action_to_state_distance |        0.000895 |
| Metric/cross_state_action_to_state_distance |            1.79 |
|                   Metric/h_lambda_diff_self |         0.00249 |
|                  Metric/h_lambda_diff_cross |          0.0163 |
|                                 Eval/Return |             971 |
-----------------------------------------------------------------
-----------------------------------------------------------------
|                                 Train/Steps |        1.67e+06 |
|                            Loss/Loss_critic |          0.0717 |
|                             Loss/Loss_actor |           -88.2 |
|                             Loss/Loss_alpha |        -0.00104 |
|               Loss/Loss_state_action_metric |           0.449 |
|                      Loss/Loss_state_metric |           0.284 |
|             Loss/Loss_state_action_to_state |        0.000382 |
|                           Loss/Act_rep_loss |         0.00834 |
|                        Loss/Critic_rep_loss |             6.5 |
|                                   SAC/Alpha |         0.00542 |
|                              SAC/LogPi_mean |            3.25 |
|                                 SAC/Q1_mean |              88 |
|                                 SAC/Q2_mean |            88.1 |
|                            Norm/actor_model |             107 |
|                           Norm/critic_model |             122 |
|              Norm/state_action_metric_model |            76.1 |
|                     Norm/state_metric_model |            75.6 |
|        Norm/state_action_state_metric_model |            72.3 |
|                  Metric/self_state_distance |        0.000617 |
|                 Metric/cross_state_distance |            1.58 |
|           Metric/self_state_action_distance |         0.00462 |
|          Metric/cross_state_action_distance |            1.74 |
|             Metric/avg_self_state_asymmetry |               0 |
|            Metric/avg_cross_state_asymmetry |         0.00946 |
|                Metric/avg_self_sa_asymmetry |               0 |
|               Metric/avg_cross_sa_asymmetry |          0.0128 |
|  Metric/self_state_action_to_state_distance |        0.000602 |
| Metric/cross_state_action_to_state_distance |            1.75 |
|                   Metric/h_lambda_diff_self |         0.00419 |
|                  Metric/h_lambda_diff_cross |          0.0182 |
|                                 Eval/Return |             974 |
-----------------------------------------------------------------
-----------------------------------------------------------------
|                                 Train/Steps |         1.8e+06 |
|                            Loss/Loss_critic |          0.0825 |
|                             Loss/Loss_actor |           -89.6 |
|                             Loss/Loss_alpha |        0.000846 |
|               Loss/Loss_state_action_metric |           0.374 |
|                      Loss/Loss_state_metric |           0.255 |
|             Loss/Loss_state_action_to_state |        0.000499 |
|                           Loss/Act_rep_loss |         0.00572 |
|                        Loss/Critic_rep_loss |            5.26 |
|                                   SAC/Alpha |         0.00409 |
|                              SAC/LogPi_mean |            3.08 |
|                                 SAC/Q1_mean |            89.7 |
|                                 SAC/Q2_mean |            89.7 |
|                            Norm/actor_model |             110 |
|                           Norm/critic_model |             126 |
|              Norm/state_action_metric_model |            78.7 |
|                     Norm/state_metric_model |            78.5 |
|        Norm/state_action_state_metric_model |            75.1 |
|                  Metric/self_state_distance |        0.000741 |
|                 Metric/cross_state_distance |            1.52 |
|           Metric/self_state_action_distance |         0.00092 |
|          Metric/cross_state_action_distance |            1.66 |
|             Metric/avg_self_state_asymmetry |               0 |
|            Metric/avg_cross_state_asymmetry |         0.00746 |
|                Metric/avg_self_sa_asymmetry |               0 |
|               Metric/avg_cross_sa_asymmetry |          0.0125 |
|  Metric/self_state_action_to_state_distance |        0.000353 |
| Metric/cross_state_action_to_state_distance |            1.66 |
|                   Metric/h_lambda_diff_self |        0.000799 |
|                  Metric/h_lambda_diff_cross |          0.0153 |
|                                 Eval/Return |             963 |
-----------------------------------------------------------------
-----------------------------------------------------------------
|                                 Train/Steps |        1.93e+06 |
|                            Loss/Loss_critic |          0.0549 |
|                             Loss/Loss_actor |           -90.3 |
|                             Loss/Loss_alpha |        -0.00119 |
|               Loss/Loss_state_action_metric |           0.377 |
|                      Loss/Loss_state_metric |           0.216 |
|             Loss/Loss_state_action_to_state |        0.000448 |
|                           Loss/Act_rep_loss |         0.00489 |
|                        Loss/Critic_rep_loss |            5.33 |
|                                   SAC/Alpha |         0.00433 |
|                              SAC/LogPi_mean |            3.18 |
|                                 SAC/Q1_mean |            90.2 |
|                                 SAC/Q2_mean |            90.3 |
|                            Norm/actor_model |             113 |
|                           Norm/critic_model |             129 |
|              Norm/state_action_metric_model |            81.3 |
|                     Norm/state_metric_model |            81.6 |
|        Norm/state_action_state_metric_model |            77.7 |
|                  Metric/self_state_distance |         0.00112 |
|                 Metric/cross_state_distance |            1.45 |
|           Metric/self_state_action_distance |         0.00101 |
|          Metric/cross_state_action_distance |             1.6 |
|             Metric/avg_self_state_asymmetry |               0 |
|            Metric/avg_cross_state_asymmetry |         0.00673 |
|                Metric/avg_self_sa_asymmetry |               0 |
|               Metric/avg_cross_sa_asymmetry |          0.0134 |
|  Metric/self_state_action_to_state_distance |         0.00293 |
| Metric/cross_state_action_to_state_distance |            1.59 |
|                   Metric/h_lambda_diff_self |         0.00323 |
|                  Metric/h_lambda_diff_cross |          0.0242 |
|                                 Eval/Return |             971 |
-----------------------------------------------------------------
-----------------------------------------------------------------
|                                 Train/Steps |        2.06e+06 |
|                            Loss/Loss_critic |          0.0393 |
|                             Loss/Loss_actor |           -91.5 |
|                             Loss/Loss_alpha |        2.72e-05 |
|               Loss/Loss_state_action_metric |            0.33 |
|                      Loss/Loss_state_metric |             0.2 |
|             Loss/Loss_state_action_to_state |        0.000259 |
|                           Loss/Act_rep_loss |         0.00552 |
|                        Loss/Critic_rep_loss |            4.79 |
|                                   SAC/Alpha |         0.00413 |
|                              SAC/LogPi_mean |            3.17 |
|                                 SAC/Q1_mean |            91.5 |
|                                 SAC/Q2_mean |            91.5 |
|                            Norm/actor_model |             116 |
|                           Norm/critic_model |             133 |
|              Norm/state_action_metric_model |            83.9 |
|                     Norm/state_metric_model |            84.5 |
|        Norm/state_action_state_metric_model |            80.3 |
|                  Metric/self_state_distance |         0.00421 |
|                 Metric/cross_state_distance |            1.42 |
|           Metric/self_state_action_distance |        0.000923 |
|          Metric/cross_state_action_distance |            1.54 |
|             Metric/avg_self_state_asymmetry |               0 |
|            Metric/avg_cross_state_asymmetry |         0.00589 |
|                Metric/avg_self_sa_asymmetry |               0 |
|               Metric/avg_cross_sa_asymmetry |         0.00907 |
|  Metric/self_state_action_to_state_distance |        0.000667 |
| Metric/cross_state_action_to_state_distance |            1.53 |
|                   Metric/h_lambda_diff_self |        0.000879 |
|                  Metric/h_lambda_diff_cross |           0.017 |
|                                 Eval/Return |             970 |
-----------------------------------------------------------------
[32mSaving model …[0m
[32mDone.[0m
[32mSaving model …[0m
[32mDone.[0m
-----------------------------------------------------------------
|                                 Train/Steps |        2.18e+06 |
|                            Loss/Loss_critic |          0.0727 |
|                             Loss/Loss_actor |           -91.9 |
|                             Loss/Loss_alpha |        -0.00116 |
|               Loss/Loss_state_action_metric |            0.36 |
|                      Loss/Loss_state_metric |           0.231 |
|             Loss/Loss_state_action_to_state |        0.000683 |
|                           Loss/Act_rep_loss |          0.0072 |
|                        Loss/Critic_rep_loss |            4.51 |
|                                   SAC/Alpha |         0.00382 |
|                              SAC/LogPi_mean |            3.34 |
|                                 SAC/Q1_mean |              92 |
|                                 SAC/Q2_mean |            91.9 |
|                            Norm/actor_model |             119 |
|                           Norm/critic_model |             136 |
|              Norm/state_action_metric_model |            86.3 |
|                     Norm/state_metric_model |            87.4 |
|        Norm/state_action_state_metric_model |            82.8 |
|                  Metric/self_state_distance |        0.000718 |
|                 Metric/cross_state_distance |            1.48 |
|           Metric/self_state_action_distance |          0.0012 |
|          Metric/cross_state_action_distance |            1.61 |
|             Metric/avg_self_state_asymmetry |               0 |
|            Metric/avg_cross_state_asymmetry |         0.00842 |
|                Metric/avg_self_sa_asymmetry |               0 |
|               Metric/avg_cross_sa_asymmetry |          0.0113 |
|  Metric/self_state_action_to_state_distance |         0.00031 |
| Metric/cross_state_action_to_state_distance |            1.61 |
|                   Metric/h_lambda_diff_self |         0.00119 |
|                  Metric/h_lambda_diff_cross |          0.0172 |
|                                 Eval/Return |             972 |
-----------------------------------------------------------------
-----------------------------------------------------------------
|                                 Train/Steps |        2.31e+06 |
|                            Loss/Loss_critic |          0.0371 |
|                             Loss/Loss_actor |           -92.5 |
|                             Loss/Loss_alpha |        7.53e-05 |
|               Loss/Loss_state_action_metric |           0.288 |
|                      Loss/Loss_state_metric |             0.2 |
|             Loss/Loss_state_action_to_state |        0.000417 |
|                           Loss/Act_rep_loss |          0.0145 |
|                        Loss/Critic_rep_loss |            4.54 |
|                                   SAC/Alpha |         0.00359 |
|                              SAC/LogPi_mean |            3.13 |
|                                 SAC/Q1_mean |            92.5 |
|                                 SAC/Q2_mean |            92.5 |
|                            Norm/actor_model |             121 |
|                           Norm/critic_model |             139 |
|              Norm/state_action_metric_model |            88.7 |
|                     Norm/state_metric_model |            90.1 |
|        Norm/state_action_state_metric_model |            85.4 |
|                  Metric/self_state_distance |        9.44e-05 |
|                 Metric/cross_state_distance |            1.42 |
|           Metric/self_state_action_distance |        0.000585 |
|          Metric/cross_state_action_distance |            1.53 |
|             Metric/avg_self_state_asymmetry |               0 |
|            Metric/avg_cross_state_asymmetry |         0.00712 |
|                Metric/avg_self_sa_asymmetry |               0 |
|               Metric/avg_cross_sa_asymmetry |          0.0125 |
|  Metric/self_state_action_to_state_distance |        0.000764 |
| Metric/cross_state_action_to_state_distance |            1.54 |
|                   Metric/h_lambda_diff_self |         0.00077 |
|                  Metric/h_lambda_diff_cross |           0.021 |
|                                 Eval/Return |             973 |
-----------------------------------------------------------------
-----------------------------------------------------------------
|                                 Train/Steps |        2.44e+06 |
|                            Loss/Loss_critic |          0.0398 |
|                             Loss/Loss_actor |             -93 |
|                             Loss/Loss_alpha |        -0.00259 |
|               Loss/Loss_state_action_metric |           0.281 |
|                      Loss/Loss_state_metric |           0.193 |
|             Loss/Loss_state_action_to_state |        0.000386 |
|                           Loss/Act_rep_loss |          0.0137 |
|                        Loss/Critic_rep_loss |            4.09 |
|                                   SAC/Alpha |         0.00334 |
|                              SAC/LogPi_mean |            3.74 |
|                                 SAC/Q1_mean |              93 |
|                                 SAC/Q2_mean |              93 |
|                            Norm/actor_model |             124 |
|                           Norm/critic_model |             142 |
|              Norm/state_action_metric_model |            91.2 |
|                     Norm/state_metric_model |              93 |
|        Norm/state_action_state_metric_model |            87.8 |
|                  Metric/self_state_distance |        0.000655 |
|                 Metric/cross_state_distance |             1.4 |
|           Metric/self_state_action_distance |        0.000781 |
|          Metric/cross_state_action_distance |            1.53 |
|             Metric/avg_self_state_asymmetry |               0 |
|            Metric/avg_cross_state_asymmetry |         0.00653 |
|                Metric/avg_self_sa_asymmetry |               0 |
|               Metric/avg_cross_sa_asymmetry |          0.0103 |
|  Metric/self_state_action_to_state_distance |        0.000242 |
| Metric/cross_state_action_to_state_distance |            1.52 |
|                   Metric/h_lambda_diff_self |        0.000726 |
|                  Metric/h_lambda_diff_cross |          0.0135 |
|                                 Eval/Return |             971 |
-----------------------------------------------------------------
-----------------------------------------------------------------
|                                 Train/Steps |        2.57e+06 |
|                            Loss/Loss_critic |          0.0617 |
|                             Loss/Loss_actor |           -93.8 |
|                             Loss/Loss_alpha |        0.000855 |
|               Loss/Loss_state_action_metric |           0.236 |
|                      Loss/Loss_state_metric |           0.161 |
|             Loss/Loss_state_action_to_state |        0.000288 |
|                           Loss/Act_rep_loss |          0.0118 |
|                        Loss/Critic_rep_loss |            3.16 |
|                                   SAC/Alpha |          0.0034 |
|                              SAC/LogPi_mean |            2.72 |
|                                 SAC/Q1_mean |            93.8 |
|                                 SAC/Q2_mean |            93.8 |
|                            Norm/actor_model |             126 |
|                           Norm/critic_model |             146 |
|              Norm/state_action_metric_model |            93.5 |
|                     Norm/state_metric_model |            95.8 |
|        Norm/state_action_state_metric_model |            90.2 |
|                  Metric/self_state_distance |        0.000954 |
|                 Metric/cross_state_distance |            1.33 |
|           Metric/self_state_action_distance |         0.00185 |
|          Metric/cross_state_action_distance |            1.42 |
|             Metric/avg_self_state_asymmetry |               0 |
|            Metric/avg_cross_state_asymmetry |         0.00595 |
|                Metric/avg_self_sa_asymmetry |               0 |
|               Metric/avg_cross_sa_asymmetry |         0.00917 |
|  Metric/self_state_action_to_state_distance |        0.000248 |
| Metric/cross_state_action_to_state_distance |            1.41 |
|                   Metric/h_lambda_diff_self |          0.0017 |
|                  Metric/h_lambda_diff_cross |           0.011 |
|                                 Eval/Return |             973 |
-----------------------------------------------------------------
-----------------------------------------------------------------
|                                 Train/Steps |         2.7e+06 |
|                            Loss/Loss_critic |          0.0447 |
|                             Loss/Loss_actor |           -93.6 |
|                             Loss/Loss_alpha |        0.000252 |
|               Loss/Loss_state_action_metric |           0.306 |
|                      Loss/Loss_state_metric |           0.205 |
|             Loss/Loss_state_action_to_state |         0.00033 |
|                           Loss/Act_rep_loss |          0.0087 |
|                        Loss/Critic_rep_loss |            3.87 |
|                                   SAC/Alpha |         0.00315 |
|                              SAC/LogPi_mean |            2.94 |
|                                 SAC/Q1_mean |            93.6 |
|                                 SAC/Q2_mean |            93.7 |
|                            Norm/actor_model |             128 |
|                           Norm/critic_model |             149 |
|              Norm/state_action_metric_model |            95.6 |
|                     Norm/state_metric_model |            98.5 |
|        Norm/state_action_state_metric_model |            92.5 |
|                  Metric/self_state_distance |        5.63e-05 |
|                 Metric/cross_state_distance |            1.41 |
|           Metric/self_state_action_distance |        0.000999 |
|          Metric/cross_state_action_distance |            1.53 |
|             Metric/avg_self_state_asymmetry |               0 |
|            Metric/avg_cross_state_asymmetry |         0.00771 |
|                Metric/avg_self_sa_asymmetry |               0 |
|               Metric/avg_cross_sa_asymmetry |         0.00989 |
|  Metric/self_state_action_to_state_distance |        0.000377 |
| Metric/cross_state_action_to_state_distance |            1.52 |
|                   Metric/h_lambda_diff_self |         0.00102 |
|                  Metric/h_lambda_diff_cross |          0.0116 |
|                                 Eval/Return |             956 |
-----------------------------------------------------------------
-----------------------------------------------------------------
|                                 Train/Steps |        2.82e+06 |
|                            Loss/Loss_critic |          0.0342 |
|                             Loss/Loss_actor |           -94.1 |
|                             Loss/Loss_alpha |        0.000191 |
|               Loss/Loss_state_action_metric |           0.257 |
|                      Loss/Loss_state_metric |           0.174 |
|             Loss/Loss_state_action_to_state |        0.000329 |
|                           Loss/Act_rep_loss |          0.0124 |
|                        Loss/Critic_rep_loss |            3.56 |
|                                   SAC/Alpha |         0.00297 |
|                              SAC/LogPi_mean |            2.89 |
|                                 SAC/Q1_mean |            94.1 |
|                                 SAC/Q2_mean |            94.2 |
|                            Norm/actor_model |             131 |
|                           Norm/critic_model |             152 |
|              Norm/state_action_metric_model |            97.8 |
|                     Norm/state_metric_model |             101 |
|        Norm/state_action_state_metric_model |            94.8 |
|                  Metric/self_state_distance |         0.00309 |
|                 Metric/cross_state_distance |            1.36 |
|           Metric/self_state_action_distance |         0.00116 |
|          Metric/cross_state_action_distance |            1.47 |
|             Metric/avg_self_state_asymmetry |               0 |
|            Metric/avg_cross_state_asymmetry |         0.00633 |
|                Metric/avg_self_sa_asymmetry |               0 |
|               Metric/avg_cross_sa_asymmetry |          0.0101 |
|  Metric/self_state_action_to_state_distance |         0.00101 |
| Metric/cross_state_action_to_state_distance |            1.46 |
|                   Metric/h_lambda_diff_self |         0.00115 |
|                  Metric/h_lambda_diff_cross |          0.0137 |
|                                 Eval/Return |             974 |
-----------------------------------------------------------------
-----------------------------------------------------------------
|                                 Train/Steps |        2.95e+06 |
|                            Loss/Loss_critic |          0.0472 |
|                             Loss/Loss_actor |           -94.4 |
|                             Loss/Loss_alpha |         0.00187 |
|               Loss/Loss_state_action_metric |           0.252 |
|                      Loss/Loss_state_metric |           0.148 |
|             Loss/Loss_state_action_to_state |        0.000349 |
|                           Loss/Act_rep_loss |          0.0059 |
|                        Loss/Critic_rep_loss |             3.1 |
|                                   SAC/Alpha |         0.00286 |
|                              SAC/LogPi_mean |            2.24 |
|                                 SAC/Q1_mean |            94.4 |
|                                 SAC/Q2_mean |            94.4 |
|                            Norm/actor_model |             133 |
|                           Norm/critic_model |             155 |
|              Norm/state_action_metric_model |             100 |
|                     Norm/state_metric_model |             104 |
|        Norm/state_action_state_metric_model |            97.1 |
|                  Metric/self_state_distance |         0.00108 |
|                 Metric/cross_state_distance |            1.31 |
|           Metric/self_state_action_distance |         0.00151 |
|          Metric/cross_state_action_distance |            1.41 |
|             Metric/avg_self_state_asymmetry |               0 |
|            Metric/avg_cross_state_asymmetry |         0.00649 |
|                Metric/avg_self_sa_asymmetry |               0 |
|               Metric/avg_cross_sa_asymmetry |         0.00993 |
|  Metric/self_state_action_to_state_distance |        0.000294 |
| Metric/cross_state_action_to_state_distance |             1.4 |
|                   Metric/h_lambda_diff_self |         0.00133 |
|                  Metric/h_lambda_diff_cross |          0.0103 |
|                                 Eval/Return |             973 |
-----------------------------------------------------------------
-----------------------------------------------------------------
|                                 Train/Steps |        3.08e+06 |
|                            Loss/Loss_critic |          0.0281 |
|                             Loss/Loss_actor |           -94.7 |
|                             Loss/Loss_alpha |       -4.31e-05 |
|               Loss/Loss_state_action_metric |           0.236 |
|                      Loss/Loss_state_metric |           0.158 |
|             Loss/Loss_state_action_to_state |        0.000227 |
|                           Loss/Act_rep_loss |          0.0101 |
|                        Loss/Critic_rep_loss |             3.2 |
|                                   SAC/Alpha |         0.00271 |
|                              SAC/LogPi_mean |            2.86 |
|                                 SAC/Q1_mean |            94.7 |
|                                 SAC/Q2_mean |            94.8 |
|                            Norm/actor_model |             135 |
|                           Norm/critic_model |             158 |
|              Norm/state_action_metric_model |             102 |
|                     Norm/state_metric_model |             106 |
|        Norm/state_action_state_metric_model |            99.3 |
|                  Metric/self_state_distance |        0.000514 |
|                 Metric/cross_state_distance |            1.32 |
|           Metric/self_state_action_distance |         0.00164 |
|          Metric/cross_state_action_distance |            1.41 |
|             Metric/avg_self_state_asymmetry |               0 |
|            Metric/avg_cross_state_asymmetry |         0.00562 |
|                Metric/avg_self_sa_asymmetry |               0 |
|               Metric/avg_cross_sa_asymmetry |         0.00927 |
|  Metric/self_state_action_to_state_distance |        0.000545 |
| Metric/cross_state_action_to_state_distance |            1.42 |
|                   Metric/h_lambda_diff_self |         0.00151 |
|                  Metric/h_lambda_diff_cross |          0.0124 |
|                                 Eval/Return |             974 |
-----------------------------------------------------------------
[32mSaving model …[0m
[32mDone.[0m
[32mSaving model …[0m
[32mDone.[0m
-----------------------------------------------------------------
|                                 Train/Steps |        3.21e+06 |
|                            Loss/Loss_critic |          0.0312 |
|                             Loss/Loss_actor |           -94.7 |
|                             Loss/Loss_alpha |        8.52e-05 |
|               Loss/Loss_state_action_metric |           0.256 |
|                      Loss/Loss_state_metric |           0.175 |
|             Loss/Loss_state_action_to_state |        0.000256 |
|                           Loss/Act_rep_loss |            0.01 |
|                        Loss/Critic_rep_loss |             3.4 |
|                                   SAC/Alpha |         0.00257 |
|                              SAC/LogPi_mean |            2.95 |
|                                 SAC/Q1_mean |            94.7 |
|                                 SAC/Q2_mean |            94.7 |
|                            Norm/actor_model |             137 |
|                           Norm/critic_model |             161 |
|              Norm/state_action_metric_model |             104 |
|                     Norm/state_metric_model |             108 |
|        Norm/state_action_state_metric_model |             102 |
|                  Metric/self_state_distance |        0.000735 |
|                 Metric/cross_state_distance |            1.36 |
|           Metric/self_state_action_distance |         0.00119 |
|          Metric/cross_state_action_distance |            1.45 |
|             Metric/avg_self_state_asymmetry |               0 |
|            Metric/avg_cross_state_asymmetry |         0.00672 |
|                Metric/avg_self_sa_asymmetry |               0 |
|               Metric/avg_cross_sa_asymmetry |          0.0115 |
|  Metric/self_state_action_to_state_distance |        0.000332 |
| Metric/cross_state_action_to_state_distance |            1.46 |
|                   Metric/h_lambda_diff_self |         0.00107 |
|                  Metric/h_lambda_diff_cross |          0.0132 |
|                                 Eval/Return |             974 |
-----------------------------------------------------------------
-----------------------------------------------------------------
|                                 Train/Steps |        3.34e+06 |
|                            Loss/Loss_critic |          0.0247 |
|                             Loss/Loss_actor |           -95.1 |
|                             Loss/Loss_alpha |       -1.21e-05 |
|               Loss/Loss_state_action_metric |           0.219 |
|                      Loss/Loss_state_metric |            0.15 |
|             Loss/Loss_state_action_to_state |        0.000341 |
|                           Loss/Act_rep_loss |         0.00555 |
|                        Loss/Critic_rep_loss |            2.84 |
|                                   SAC/Alpha |         0.00278 |
|                              SAC/LogPi_mean |            3.05 |
|                                 SAC/Q1_mean |              95 |
|                                 SAC/Q2_mean |            95.1 |
|                            Norm/actor_model |             139 |
|                           Norm/critic_model |             164 |
|              Norm/state_action_metric_model |             106 |
|                     Norm/state_metric_model |             111 |
|        Norm/state_action_state_metric_model |             104 |
|                  Metric/self_state_distance |         0.00367 |
|                 Metric/cross_state_distance |            1.31 |
|           Metric/self_state_action_distance |         0.00176 |
|          Metric/cross_state_action_distance |             1.4 |
|             Metric/avg_self_state_asymmetry |               0 |
|            Metric/avg_cross_state_asymmetry |         0.00557 |
|                Metric/avg_self_sa_asymmetry |               0 |
|               Metric/avg_cross_sa_asymmetry |         0.00851 |
|  Metric/self_state_action_to_state_distance |         0.00334 |
| Metric/cross_state_action_to_state_distance |            1.39 |
|                   Metric/h_lambda_diff_self |         0.00317 |
|                  Metric/h_lambda_diff_cross |          0.0132 |
|                                 Eval/Return |             972 |
-----------------------------------------------------------------
-----------------------------------------------------------------
|                                 Train/Steps |        3.46e+06 |
|                            Loss/Loss_critic |          0.0426 |
|                             Loss/Loss_actor |             -95 |
|                             Loss/Loss_alpha |        -0.00159 |
|               Loss/Loss_state_action_metric |           0.286 |
|                      Loss/Loss_state_metric |           0.172 |
|             Loss/Loss_state_action_to_state |        0.000308 |
|                           Loss/Act_rep_loss |         0.00676 |
|                        Loss/Critic_rep_loss |            3.07 |
|                                   SAC/Alpha |         0.00259 |
|                              SAC/LogPi_mean |            3.66 |
|                                 SAC/Q1_mean |              95 |
|                                 SAC/Q2_mean |              95 |
|                            Norm/actor_model |             141 |
|                           Norm/critic_model |             166 |
|              Norm/state_action_metric_model |             108 |
|                     Norm/state_metric_model |             113 |
|        Norm/state_action_state_metric_model |             106 |
|                  Metric/self_state_distance |        0.000434 |
|                 Metric/cross_state_distance |            1.35 |
|           Metric/self_state_action_distance |        0.000873 |
|          Metric/cross_state_action_distance |            1.45 |
|             Metric/avg_self_state_asymmetry |               0 |
|            Metric/avg_cross_state_asymmetry |          0.0061 |
|                Metric/avg_self_sa_asymmetry |               0 |
|               Metric/avg_cross_sa_asymmetry |          0.0095 |
|  Metric/self_state_action_to_state_distance |         0.00055 |
| Metric/cross_state_action_to_state_distance |            1.45 |
|                   Metric/h_lambda_diff_self |        0.000721 |
|                  Metric/h_lambda_diff_cross |          0.0115 |
|                                 Eval/Return |             975 |
-----------------------------------------------------------------
-----------------------------------------------------------------
|                                 Train/Steps |        3.59e+06 |
|                            Loss/Loss_critic |          0.0629 |
|                             Loss/Loss_actor |           -95.3 |
|                             Loss/Loss_alpha |       -0.000283 |
|               Loss/Loss_state_action_metric |             0.2 |
|                      Loss/Loss_state_metric |           0.136 |
|             Loss/Loss_state_action_to_state |        0.000285 |
|                           Loss/Act_rep_loss |         0.00951 |
|                        Loss/Critic_rep_loss |            2.49 |
|                                   SAC/Alpha |         0.00236 |
|                              SAC/LogPi_mean |            2.94 |
|                                 SAC/Q1_mean |            95.3 |
|                                 SAC/Q2_mean |            95.4 |
|                            Norm/actor_model |             143 |
|                           Norm/critic_model |             169 |
|              Norm/state_action_metric_model |             110 |
|                     Norm/state_metric_model |             116 |
|        Norm/state_action_state_metric_model |             108 |
|                  Metric/self_state_distance |        0.000353 |
|                 Metric/cross_state_distance |            1.28 |
|           Metric/self_state_action_distance |        0.000847 |
|          Metric/cross_state_action_distance |            1.36 |
|             Metric/avg_self_state_asymmetry |               0 |
|            Metric/avg_cross_state_asymmetry |         0.00588 |
|                Metric/avg_self_sa_asymmetry |               0 |
|               Metric/avg_cross_sa_asymmetry |         0.00968 |
|  Metric/self_state_action_to_state_distance |         0.00035 |
| Metric/cross_state_action_to_state_distance |            1.36 |
|                   Metric/h_lambda_diff_self |        0.000643 |
|                  Metric/h_lambda_diff_cross |          0.0116 |
|                                 Eval/Return |             974 |
-----------------------------------------------------------------
-----------------------------------------------------------------
|                                 Train/Steps |        3.72e+06 |
|                            Loss/Loss_critic |           0.033 |
|                             Loss/Loss_actor |           -95.4 |
|                             Loss/Loss_alpha |        -0.00143 |
|               Loss/Loss_state_action_metric |           0.259 |
|                      Loss/Loss_state_metric |           0.134 |
|             Loss/Loss_state_action_to_state |        0.000412 |
|                           Loss/Act_rep_loss |         0.00626 |
|                        Loss/Critic_rep_loss |            2.53 |
|                                   SAC/Alpha |         0.00236 |
|                              SAC/LogPi_mean |            3.44 |
|                                 SAC/Q1_mean |            95.5 |
|                                 SAC/Q2_mean |            95.4 |
|                            Norm/actor_model |             145 |
|                           Norm/critic_model |             172 |
|              Norm/state_action_metric_model |             112 |
|                     Norm/state_metric_model |             118 |
|        Norm/state_action_state_metric_model |             110 |
|                  Metric/self_state_distance |        0.000753 |
|                 Metric/cross_state_distance |            1.29 |
|           Metric/self_state_action_distance |         0.00233 |
|          Metric/cross_state_action_distance |            1.38 |
|             Metric/avg_self_state_asymmetry |               0 |
|            Metric/avg_cross_state_asymmetry |         0.00681 |
|                Metric/avg_self_sa_asymmetry |               0 |
|               Metric/avg_cross_sa_asymmetry |          0.0102 |
|  Metric/self_state_action_to_state_distance |        0.000312 |
| Metric/cross_state_action_to_state_distance |            1.36 |
|                   Metric/h_lambda_diff_self |          0.0021 |
|                  Metric/h_lambda_diff_cross |          0.0235 |
|                                 Eval/Return |             972 |
-----------------------------------------------------------------
-----------------------------------------------------------------
|                                 Train/Steps |        3.85e+06 |
|                            Loss/Loss_critic |          0.0437 |
|                             Loss/Loss_actor |           -95.6 |
|                             Loss/Loss_alpha |        6.86e-05 |
|               Loss/Loss_state_action_metric |           0.225 |
|                      Loss/Loss_state_metric |           0.148 |
|             Loss/Loss_state_action_to_state |        0.000345 |
|                           Loss/Act_rep_loss |         0.00755 |
|                        Loss/Critic_rep_loss |            2.84 |
|                                   SAC/Alpha |         0.00235 |
|                              SAC/LogPi_mean |            3.13 |
|                                 SAC/Q1_mean |            95.6 |
|                                 SAC/Q2_mean |            95.7 |
|                            Norm/actor_model |             147 |
|                           Norm/critic_model |             175 |
|              Norm/state_action_metric_model |             114 |
|                     Norm/state_metric_model |             120 |
|        Norm/state_action_state_metric_model |             112 |
|                  Metric/self_state_distance |        0.000738 |
|                 Metric/cross_state_distance |            1.31 |
|           Metric/self_state_action_distance |        0.000161 |
|          Metric/cross_state_action_distance |             1.4 |
|             Metric/avg_self_state_asymmetry |               0 |
|            Metric/avg_cross_state_asymmetry |         0.00677 |
|                Metric/avg_self_sa_asymmetry |               0 |
|               Metric/avg_cross_sa_asymmetry |         0.00858 |
|  Metric/self_state_action_to_state_distance |        0.000228 |
| Metric/cross_state_action_to_state_distance |             1.4 |
|                   Metric/h_lambda_diff_self |        0.000252 |
|                  Metric/h_lambda_diff_cross |          0.0103 |
|                                 Eval/Return |             972 |
-----------------------------------------------------------------
-----------------------------------------------------------------
|                                 Train/Steps |        3.98e+06 |
|                            Loss/Loss_critic |          0.0291 |
|                             Loss/Loss_actor |           -95.7 |
|                             Loss/Loss_alpha |       -0.000344 |
|               Loss/Loss_state_action_metric |           0.172 |
|                      Loss/Loss_state_metric |           0.119 |
|             Loss/Loss_state_action_to_state |        0.000265 |
|                           Loss/Act_rep_loss |         0.00509 |
|                        Loss/Critic_rep_loss |            2.32 |
|                                   SAC/Alpha |          0.0022 |
|                              SAC/LogPi_mean |            3.05 |
|                                 SAC/Q1_mean |            95.8 |
|                                 SAC/Q2_mean |            95.7 |
|                            Norm/actor_model |             149 |
|                           Norm/critic_model |             178 |
|              Norm/state_action_metric_model |             116 |
|                     Norm/state_metric_model |             122 |
|        Norm/state_action_state_metric_model |             114 |
|                  Metric/self_state_distance |         0.00538 |
|                 Metric/cross_state_distance |            1.24 |
|           Metric/self_state_action_distance |         0.00134 |
|          Metric/cross_state_action_distance |            1.33 |
|             Metric/avg_self_state_asymmetry |               0 |
|            Metric/avg_cross_state_asymmetry |         0.00516 |
|                Metric/avg_self_sa_asymmetry |               0 |
|               Metric/avg_cross_sa_asymmetry |         0.00846 |
|  Metric/self_state_action_to_state_distance |        0.000201 |
| Metric/cross_state_action_to_state_distance |            1.32 |
|                   Metric/h_lambda_diff_self |         0.00118 |
|                  Metric/h_lambda_diff_cross |          0.0147 |
|                                 Eval/Return |             974 |
-----------------------------------------------------------------
-----------------------------------------------------------------
|                                 Train/Steps |         4.1e+06 |
|                            Loss/Loss_critic |          0.0171 |
|                             Loss/Loss_actor |           -96.3 |
|                             Loss/Loss_alpha |        0.000401 |
|               Loss/Loss_state_action_metric |           0.157 |
|                      Loss/Loss_state_metric |          0.0932 |
|             Loss/Loss_state_action_to_state |        0.000255 |
|                           Loss/Act_rep_loss |         0.00846 |
|                        Loss/Critic_rep_loss |            1.85 |
|                                   SAC/Alpha |         0.00181 |
|                              SAC/LogPi_mean |            2.77 |
|                                 SAC/Q1_mean |            96.4 |
|                                 SAC/Q2_mean |            96.4 |
|                            Norm/actor_model |             151 |
|                           Norm/critic_model |             180 |
|              Norm/state_action_metric_model |             118 |
|                     Norm/state_metric_model |             125 |
|        Norm/state_action_state_metric_model |             116 |
|                  Metric/self_state_distance |         0.00019 |
|                 Metric/cross_state_distance |            1.19 |
|           Metric/self_state_action_distance |         0.00118 |
|          Metric/cross_state_action_distance |            1.24 |
|             Metric/avg_self_state_asymmetry |               0 |
|            Metric/avg_cross_state_asymmetry |         0.00426 |
|                Metric/avg_self_sa_asymmetry |               0 |
|               Metric/avg_cross_sa_asymmetry |         0.00722 |
|  Metric/self_state_action_to_state_distance |        0.000649 |
| Metric/cross_state_action_to_state_distance |            1.24 |
|                   Metric/h_lambda_diff_self |         0.00103 |
|                  Metric/h_lambda_diff_cross |         0.00768 |
|                                 Eval/Return |             974 |
-----------------------------------------------------------------
[32mSaving model …[0m
[32mDone.[0m
[32mSaving model …[0m
[32mDone.[0m
-----------------------------------------------------------------
|                                 Train/Steps |        4.23e+06 |
|                            Loss/Loss_critic |          0.0485 |
|                             Loss/Loss_actor |           -96.7 |
|                             Loss/Loss_alpha |        -0.00132 |
|               Loss/Loss_state_action_metric |           0.114 |
|                      Loss/Loss_state_metric |          0.0761 |
|             Loss/Loss_state_action_to_state |        0.000232 |
|                           Loss/Act_rep_loss |          0.0135 |
|                        Loss/Critic_rep_loss |            1.34 |
|                                   SAC/Alpha |          0.0017 |
|                              SAC/LogPi_mean |            3.62 |
|                                 SAC/Q1_mean |            96.8 |
|                                 SAC/Q2_mean |            96.7 |
|                            Norm/actor_model |             152 |
|                           Norm/critic_model |             183 |
|              Norm/state_action_metric_model |             120 |
|                     Norm/state_metric_model |             127 |
|        Norm/state_action_state_metric_model |             118 |
|                  Metric/self_state_distance |        0.000201 |
|                 Metric/cross_state_distance |            1.16 |
|           Metric/self_state_action_distance |         0.00068 |
|          Metric/cross_state_action_distance |            1.21 |
|             Metric/avg_self_state_asymmetry |               0 |
|            Metric/avg_cross_state_asymmetry |         0.00542 |
|                Metric/avg_self_sa_asymmetry |               0 |
|               Metric/avg_cross_sa_asymmetry |         0.00783 |
|  Metric/self_state_action_to_state_distance |        6.23e-05 |
| Metric/cross_state_action_to_state_distance |            1.21 |
|                   Metric/h_lambda_diff_self |        0.000645 |
|                  Metric/h_lambda_diff_cross |         0.00965 |
|                                 Eval/Return |             974 |
-----------------------------------------------------------------
-----------------------------------------------------------------
|                                 Train/Steps |        4.36e+06 |
|                            Loss/Loss_critic |          0.0218 |
|                             Loss/Loss_actor |           -97.4 |
|                             Loss/Loss_alpha |       -0.000252 |
|               Loss/Loss_state_action_metric |          0.0702 |
|                      Loss/Loss_state_metric |          0.0471 |
|             Loss/Loss_state_action_to_state |        0.000239 |
|                           Loss/Act_rep_loss |         0.00842 |
|                        Loss/Critic_rep_loss |            0.56 |
|                                   SAC/Alpha |         0.00158 |
|                              SAC/LogPi_mean |            3.12 |
|                                 SAC/Q1_mean |            97.5 |
|                                 SAC/Q2_mean |            97.4 |
|                            Norm/actor_model |             154 |
|                           Norm/critic_model |             185 |
|              Norm/state_action_metric_model |             121 |
|                     Norm/state_metric_model |             129 |
|        Norm/state_action_state_metric_model |             119 |
|                  Metric/self_state_distance |        0.000661 |
|                 Metric/cross_state_distance |             1.1 |
|           Metric/self_state_action_distance |         0.00596 |
|          Metric/cross_state_action_distance |            1.13 |
|             Metric/avg_self_state_asymmetry |               0 |
|            Metric/avg_cross_state_asymmetry |         0.00371 |
|                Metric/avg_self_sa_asymmetry |               0 |
|               Metric/avg_cross_sa_asymmetry |         0.00842 |
|  Metric/self_state_action_to_state_distance |        4.58e-05 |
| Metric/cross_state_action_to_state_distance |            1.13 |
|                   Metric/h_lambda_diff_self |         0.00592 |
|                  Metric/h_lambda_diff_cross |         0.00893 |
|                                 Eval/Return |             975 |
-----------------------------------------------------------------
-----------------------------------------------------------------
|                                 Train/Steps |        4.49e+06 |
|                            Loss/Loss_critic |          0.0117 |
|                             Loss/Loss_actor |           -97.8 |
|                             Loss/Loss_alpha |         0.00057 |
|               Loss/Loss_state_action_metric |          0.0385 |
|                      Loss/Loss_state_metric |          0.0273 |
|             Loss/Loss_state_action_to_state |        0.000144 |
|                           Loss/Act_rep_loss |           0.013 |
|                        Loss/Critic_rep_loss |           0.297 |
|                                   SAC/Alpha |          0.0014 |
|                              SAC/LogPi_mean |            2.53 |
|                                 SAC/Q1_mean |            97.8 |
|                                 SAC/Q2_mean |            97.9 |
|                            Norm/actor_model |             156 |
|                           Norm/critic_model |             187 |
|              Norm/state_action_metric_model |             123 |
|                     Norm/state_metric_model |             131 |
|        Norm/state_action_state_metric_model |             121 |
|                  Metric/self_state_distance |        0.000816 |
|                 Metric/cross_state_distance |            1.05 |
|           Metric/self_state_action_distance |         0.00452 |
|          Metric/cross_state_action_distance |            1.06 |
|             Metric/avg_self_state_asymmetry |               0 |
|            Metric/avg_cross_state_asymmetry |         0.00334 |
|                Metric/avg_self_sa_asymmetry |               0 |
|               Metric/avg_cross_sa_asymmetry |         0.00527 |
|  Metric/self_state_action_to_state_distance |         8.2e-05 |
| Metric/cross_state_action_to_state_distance |            1.06 |
|                   Metric/h_lambda_diff_self |         0.00445 |
|                  Metric/h_lambda_diff_cross |          0.0057 |
|                                 Eval/Return |             973 |
-----------------------------------------------------------------
-----------------------------------------------------------------
|                                 Train/Steps |        4.62e+06 |
|                            Loss/Loss_critic |          0.0252 |
|                             Loss/Loss_actor |           -97.7 |
|                             Loss/Loss_alpha |        0.000273 |
|               Loss/Loss_state_action_metric |           0.121 |
|                      Loss/Loss_state_metric |          0.0457 |
|             Loss/Loss_state_action_to_state |        0.000314 |
|                           Loss/Act_rep_loss |          0.0145 |
|                        Loss/Critic_rep_loss |           0.622 |
|                                   SAC/Alpha |         0.00123 |
|                              SAC/LogPi_mean |            2.69 |
|                                 SAC/Q1_mean |            97.7 |
|                                 SAC/Q2_mean |            97.7 |
|                            Norm/actor_model |             157 |
|                           Norm/critic_model |             189 |
|              Norm/state_action_metric_model |             125 |
|                     Norm/state_metric_model |             132 |
|        Norm/state_action_state_metric_model |             123 |
|                  Metric/self_state_distance |        0.000222 |
|                 Metric/cross_state_distance |            1.09 |
|           Metric/self_state_action_distance |         0.00138 |
|          Metric/cross_state_action_distance |            1.12 |
|             Metric/avg_self_state_asymmetry |               0 |
|            Metric/avg_cross_state_asymmetry |         0.00359 |
|                Metric/avg_self_sa_asymmetry |               0 |
|               Metric/avg_cross_sa_asymmetry |         0.00599 |
|  Metric/self_state_action_to_state_distance |        5.55e-05 |
| Metric/cross_state_action_to_state_distance |            1.13 |
|                   Metric/h_lambda_diff_self |         0.00136 |
|                  Metric/h_lambda_diff_cross |          0.0129 |
|                                 Eval/Return |             970 |
-----------------------------------------------------------------
-----------------------------------------------------------------
|                                 Train/Steps |        4.74e+06 |
|                            Loss/Loss_critic |          0.0297 |
|                             Loss/Loss_actor |           -97.8 |
|                             Loss/Loss_alpha |        -0.00023 |
|               Loss/Loss_state_action_metric |           0.109 |
|                      Loss/Loss_state_metric |          0.0414 |
|             Loss/Loss_state_action_to_state |        0.000203 |
|                           Loss/Act_rep_loss |          0.0229 |
|                        Loss/Critic_rep_loss |           0.433 |
|                                   SAC/Alpha |         0.00127 |
|                              SAC/LogPi_mean |            3.24 |
|                                 SAC/Q1_mean |              98 |
|                                 SAC/Q2_mean |            97.8 |
|                            Norm/actor_model |             159 |
|                           Norm/critic_model |             191 |
|              Norm/state_action_metric_model |             126 |
|                     Norm/state_metric_model |             134 |
|        Norm/state_action_state_metric_model |             124 |
|                  Metric/self_state_distance |        0.000547 |
|                 Metric/cross_state_distance |             1.1 |
|           Metric/self_state_action_distance |        0.000889 |
|          Metric/cross_state_action_distance |            1.11 |
|             Metric/avg_self_state_asymmetry |               0 |
|            Metric/avg_cross_state_asymmetry |         0.00516 |
|                Metric/avg_self_sa_asymmetry |               0 |
|               Metric/avg_cross_sa_asymmetry |          0.0067 |
|  Metric/self_state_action_to_state_distance |        0.000139 |
| Metric/cross_state_action_to_state_distance |            1.12 |
|                   Metric/h_lambda_diff_self |        0.000831 |
|                  Metric/h_lambda_diff_cross |          0.0136 |
|                                 Eval/Return |             974 |
-----------------------------------------------------------------
-----------------------------------------------------------------
|                                 Train/Steps |        4.87e+06 |
|                            Loss/Loss_critic |          0.0171 |
|                             Loss/Loss_actor |           -97.9 |
|                             Loss/Loss_alpha |       -0.000479 |
|               Loss/Loss_state_action_metric |          0.0599 |
|                      Loss/Loss_state_metric |          0.0413 |
|             Loss/Loss_state_action_to_state |        0.000144 |
|                           Loss/Act_rep_loss |         0.00902 |
|                        Loss/Critic_rep_loss |           0.483 |
|                                   SAC/Alpha |         0.00129 |
|                              SAC/LogPi_mean |            3.18 |
|                                 SAC/Q1_mean |            97.9 |
|                                 SAC/Q2_mean |            97.9 |
|                            Norm/actor_model |             161 |
|                           Norm/critic_model |             193 |
|              Norm/state_action_metric_model |             128 |
|                     Norm/state_metric_model |             136 |
|        Norm/state_action_state_metric_model |             126 |
|                  Metric/self_state_distance |         0.00079 |
|                 Metric/cross_state_distance |            1.09 |
|           Metric/self_state_action_distance |        0.000937 |
|          Metric/cross_state_action_distance |            1.12 |
|             Metric/avg_self_state_asymmetry |               0 |
|            Metric/avg_cross_state_asymmetry |         0.00304 |
|                Metric/avg_self_sa_asymmetry |               0 |
|               Metric/avg_cross_sa_asymmetry |         0.00633 |
|  Metric/self_state_action_to_state_distance |        0.000105 |
| Metric/cross_state_action_to_state_distance |            1.12 |
|                   Metric/h_lambda_diff_self |         0.00089 |
|                  Metric/h_lambda_diff_cross |         0.00834 |
|                                 Eval/Return |             976 |
-----------------------------------------------------------------
-----------------------------------------------------------------
|                                 Train/Steps |           5e+06 |
|                            Loss/Loss_critic |          0.0161 |
|                             Loss/Loss_actor |           -97.8 |
|                             Loss/Loss_alpha |       -0.000534 |
|               Loss/Loss_state_action_metric |          0.0846 |
|                      Loss/Loss_state_metric |          0.0572 |
|             Loss/Loss_state_action_to_state |        0.000167 |
|                           Loss/Act_rep_loss |          0.0126 |
|                        Loss/Critic_rep_loss |           0.744 |
|                                   SAC/Alpha |         0.00116 |
|                              SAC/LogPi_mean |            3.48 |
|                                 SAC/Q1_mean |            97.8 |
|                                 SAC/Q2_mean |            97.9 |
|                            Norm/actor_model |             162 |
|                           Norm/critic_model |             195 |
|              Norm/state_action_metric_model |             130 |
|                     Norm/state_metric_model |             138 |
|        Norm/state_action_state_metric_model |             128 |
|                  Metric/self_state_distance |          0.0013 |
|                 Metric/cross_state_distance |            1.11 |
|           Metric/self_state_action_distance |        0.000627 |
|          Metric/cross_state_action_distance |            1.14 |
|             Metric/avg_self_state_asymmetry |               0 |
|            Metric/avg_cross_state_asymmetry |         0.00344 |
|                Metric/avg_self_sa_asymmetry |               0 |
|               Metric/avg_cross_sa_asymmetry |         0.00554 |
|  Metric/self_state_action_to_state_distance |         0.00363 |
| Metric/cross_state_action_to_state_distance |            1.14 |
|                   Metric/h_lambda_diff_self |         0.00343 |
|                  Metric/h_lambda_diff_cross |          0.0071 |
|                                 Eval/Return |             974 |
-----------------------------------------------------------------
[32mSaving model …[0m
[32mDone.[0m
[32mSaving model …[0m
[32mDone.[0m
