E0905 03:54:57.203378  676064 cuda_executor.cc:1526] Could not get kernel mode driver version: (INVALID_ARGUMENT: Version does not match the format X.Y.Z)
E0905 03:54:57.212032  675955 cuda_executor.cc:1526] Could not get kernel mode driver version: (INVALID_ARGUMENT: Version does not match the format X.Y.Z)
[32mStart prefilling replay buffer[0m
[32mStart SAC training[0m
[32m{'log_freq': 1000, 'save_freq': 1000000, 'eval_episode_freq': 10, 'hidden_size': 256, 'lr': 0.001, 'max_grad_norm': 0.0, 'gamma': 0.99, 'update_tau': 0.005, 'train_per_step': 8, 'episode_length': 1000, 'warmup_samples': 8192, 'max_replay_size': 4000000, 'batch_size': 512, 'total_env_steps': 5000000, 'init_temperature': 0.1, 'nstep': 3, 'bootstrap_on_truncation': True, 'rep_lr_scale': 1.5, 'critic_rep_metric_scale': 1.0, 'critic_rep_scale': 0.05, 'vis_feq': 100000, 'n_vis_frames': 4, 'num_envs': 128, 'grad_steps': 50, 'transfer_freq': 10, 'transfer_steps': 8, 'reward_scaling': 1.0, 'num_eval_envs': 128, 'target_entropy': -1.0}[0m
[32m[nstep] nstep=3 bootstrap_on_truncation=True (discount from the buffer already contains gamma^nstep)[0m
-----------------------------------------------------------------
|                                 Train/Steps |        1.36e+05 |
|                            Loss/Loss_critic |           0.181 |
|                             Loss/Loss_actor |           -2.26 |
|                             Loss/Loss_alpha |         -0.0171 |
|               Loss/Loss_state_action_metric |           0.567 |
|                      Loss/Loss_state_metric |          0.0766 |
|             Loss/Loss_state_action_to_state |         0.00698 |
|                           Loss/Act_rep_loss |          0.0287 |
|                        Loss/Critic_rep_loss |           0.804 |
|                                   SAC/Alpha |          0.0236 |
|                              SAC/LogPi_mean |            1.68 |
|                                 SAC/Q1_mean |            2.12 |
|                                 SAC/Q2_mean |            2.11 |
|                            Norm/actor_model |            38.7 |
|                           Norm/critic_model |            58.1 |
|              Norm/state_action_metric_model |            32.4 |
|                     Norm/state_metric_model |            30.3 |
|        Norm/state_action_state_metric_model |            30.8 |
|                  Metric/self_state_distance |            0.01 |
|                 Metric/cross_state_distance |            1.18 |
|           Metric/self_state_action_distance |          0.0313 |
|          Metric/cross_state_action_distance |            1.39 |
|             Metric/avg_self_state_asymmetry |               0 |
|            Metric/avg_cross_state_asymmetry |          0.0295 |
|                Metric/avg_self_sa_asymmetry |               0 |
|               Metric/avg_cross_sa_asymmetry |          0.0584 |
|  Metric/self_state_action_to_state_distance |         0.00921 |
| Metric/cross_state_action_to_state_distance |            1.32 |
|                   Metric/h_lambda_diff_self |           0.024 |
|                  Metric/h_lambda_diff_cross |           0.118 |
|                                 Eval/Return |             411 |
-----------------------------------------------------------------
-----------------------------------------------------------------
|                                 Train/Steps |        2.64e+05 |
|                            Loss/Loss_critic |            1.35 |
|                             Loss/Loss_actor |           -18.6 |
|                             Loss/Loss_alpha |         -0.0106 |
|               Loss/Loss_state_action_metric |            2.34 |
|                      Loss/Loss_state_metric |           0.487 |
|             Loss/Loss_state_action_to_state |          0.0119 |
|                           Loss/Act_rep_loss |         0.00259 |
|                        Loss/Critic_rep_loss |            5.33 |
|                                   SAC/Alpha |           0.136 |
|                              SAC/LogPi_mean |            1.02 |
|                                 SAC/Q1_mean |            18.5 |
|                                 SAC/Q2_mean |            18.5 |
|                            Norm/actor_model |            55.2 |
|                           Norm/critic_model |            87.5 |
|              Norm/state_action_metric_model |            40.3 |
|                     Norm/state_metric_model |              37 |
|        Norm/state_action_state_metric_model |            37.9 |
|                  Metric/self_state_distance |         0.00811 |
|                 Metric/cross_state_distance |               2 |
|           Metric/self_state_action_distance |          0.0299 |
|          Metric/cross_state_action_distance |             2.9 |
|             Metric/avg_self_state_asymmetry |               0 |
|            Metric/avg_cross_state_asymmetry |          0.0639 |
|                Metric/avg_self_sa_asymmetry |               0 |
|               Metric/avg_cross_sa_asymmetry |           0.131 |
|  Metric/self_state_action_to_state_distance |          0.0106 |
| Metric/cross_state_action_to_state_distance |            2.87 |
|                   Metric/h_lambda_diff_self |          0.0249 |
|                  Metric/h_lambda_diff_cross |            0.13 |
|                                 Eval/Return |             634 |
-----------------------------------------------------------------
-----------------------------------------------------------------
|                                 Train/Steps |        3.92e+05 |
|                            Loss/Loss_critic |            1.51 |
|                             Loss/Loss_actor |           -31.4 |
|                             Loss/Loss_alpha |          0.0215 |
|               Loss/Loss_state_action_metric |            2.49 |
|                      Loss/Loss_state_metric |           0.464 |
|             Loss/Loss_state_action_to_state |          0.0113 |
|                           Loss/Act_rep_loss |         0.00173 |
|                        Loss/Critic_rep_loss |            5.82 |
|                                   SAC/Alpha |           0.176 |
|                              SAC/LogPi_mean |            1.05 |
|                                 SAC/Q1_mean |            31.4 |
|                                 SAC/Q2_mean |            31.4 |
|                            Norm/actor_model |            66.5 |
|                           Norm/critic_model |             104 |
|              Norm/state_action_metric_model |            46.3 |
|                     Norm/state_metric_model |            44.8 |
|        Norm/state_action_state_metric_model |            44.3 |
|                  Metric/self_state_distance |           0.008 |
|                 Metric/cross_state_distance |            1.97 |
|           Metric/self_state_action_distance |          0.0248 |
|          Metric/cross_state_action_distance |            3.12 |
|             Metric/avg_self_state_asymmetry |               0 |
|            Metric/avg_cross_state_asymmetry |          0.0558 |
|                Metric/avg_self_sa_asymmetry |               0 |
|               Metric/avg_cross_sa_asymmetry |           0.132 |
|  Metric/self_state_action_to_state_distance |         0.00273 |
| Metric/cross_state_action_to_state_distance |            3.05 |
|                   Metric/h_lambda_diff_self |          0.0222 |
|                  Metric/h_lambda_diff_cross |           0.147 |
|                                 Eval/Return |             676 |
-----------------------------------------------------------------
-----------------------------------------------------------------
|                                 Train/Steps |         5.2e+05 |
|                            Loss/Loss_critic |            1.35 |
|                             Loss/Loss_actor |           -39.7 |
|                             Loss/Loss_alpha |          0.0215 |
|               Loss/Loss_state_action_metric |            2.46 |
|                      Loss/Loss_state_metric |           0.649 |
|             Loss/Loss_state_action_to_state |         0.00798 |
|                           Loss/Act_rep_loss |         0.00172 |
|                        Loss/Critic_rep_loss |             5.4 |
|                                   SAC/Alpha |           0.183 |
|                              SAC/LogPi_mean |           0.842 |
|                                 SAC/Q1_mean |            39.7 |
|                                 SAC/Q2_mean |            39.7 |
|                            Norm/actor_model |            76.1 |
|                           Norm/critic_model |             116 |
|              Norm/state_action_metric_model |            51.8 |
|                     Norm/state_metric_model |            52.2 |
|        Norm/state_action_state_metric_model |            50.3 |
|                  Metric/self_state_distance |          0.0175 |
|                 Metric/cross_state_distance |             2.1 |
|           Metric/self_state_action_distance |          0.0212 |
|          Metric/cross_state_action_distance |            3.23 |
|             Metric/avg_self_state_asymmetry |               0 |
|            Metric/avg_cross_state_asymmetry |          0.0511 |
|                Metric/avg_self_sa_asymmetry |               0 |
|               Metric/avg_cross_sa_asymmetry |           0.133 |
|  Metric/self_state_action_to_state_distance |         0.00793 |
| Metric/cross_state_action_to_state_distance |            3.19 |
|                   Metric/h_lambda_diff_self |          0.0164 |
|                  Metric/h_lambda_diff_cross |           0.136 |
|                                 Eval/Return |             680 |
-----------------------------------------------------------------
-----------------------------------------------------------------
|                                 Train/Steps |        6.48e+05 |
|                            Loss/Loss_critic |            1.54 |
|                             Loss/Loss_actor |           -45.5 |
|                             Loss/Loss_alpha |         -0.0167 |
|               Loss/Loss_state_action_metric |            2.64 |
|                      Loss/Loss_state_metric |           0.529 |
|             Loss/Loss_state_action_to_state |         0.00887 |
|                           Loss/Act_rep_loss |         0.00156 |
|                        Loss/Critic_rep_loss |            4.89 |
|                                   SAC/Alpha |            0.18 |
|                              SAC/LogPi_mean |             1.1 |
|                                 SAC/Q1_mean |            45.6 |
|                                 SAC/Q2_mean |            45.6 |
|                            Norm/actor_model |            84.9 |
|                           Norm/critic_model |             126 |
|              Norm/state_action_metric_model |              57 |
|                     Norm/state_metric_model |            59.2 |
|        Norm/state_action_state_metric_model |            55.6 |
|                  Metric/self_state_distance |         0.00626 |
|                 Metric/cross_state_distance |            2.07 |
|           Metric/self_state_action_distance |          0.0279 |
|          Metric/cross_state_action_distance |             3.2 |
|             Metric/avg_self_state_asymmetry |               0 |
|            Metric/avg_cross_state_asymmetry |          0.0537 |
|                Metric/avg_self_sa_asymmetry |               0 |
|               Metric/avg_cross_sa_asymmetry |           0.125 |
|  Metric/self_state_action_to_state_distance |         0.00579 |
| Metric/cross_state_action_to_state_distance |            3.26 |
|                   Metric/h_lambda_diff_self |          0.0289 |
|                  Metric/h_lambda_diff_cross |           0.136 |
|                                 Eval/Return |             718 |
-----------------------------------------------------------------
-----------------------------------------------------------------
|                                 Train/Steps |        7.76e+05 |
|                            Loss/Loss_critic |            1.49 |
|                             Loss/Loss_actor |           -49.8 |
|                             Loss/Loss_alpha |          0.0159 |
|               Loss/Loss_state_action_metric |             2.5 |
|                      Loss/Loss_state_metric |            0.57 |
|             Loss/Loss_state_action_to_state |         0.00708 |
|                           Loss/Act_rep_loss |        0.000106 |
|                        Loss/Critic_rep_loss |            4.07 |
|                                   SAC/Alpha |           0.181 |
|                              SAC/LogPi_mean |           0.898 |
|                                 SAC/Q1_mean |            49.9 |
|                                 SAC/Q2_mean |            49.8 |
|                            Norm/actor_model |            92.9 |
|                           Norm/critic_model |             135 |
|              Norm/state_action_metric_model |            61.7 |
|                     Norm/state_metric_model |            66.6 |
|        Norm/state_action_state_metric_model |            60.6 |
|                  Metric/self_state_distance |         0.00649 |
|                 Metric/cross_state_distance |            2.06 |
|           Metric/self_state_action_distance |          0.0209 |
|          Metric/cross_state_action_distance |            3.24 |
|             Metric/avg_self_state_asymmetry |               0 |
|            Metric/avg_cross_state_asymmetry |          0.0531 |
|                Metric/avg_self_sa_asymmetry |               0 |
|               Metric/avg_cross_sa_asymmetry |            0.13 |
|  Metric/self_state_action_to_state_distance |          0.0066 |
| Metric/cross_state_action_to_state_distance |             3.2 |
|                   Metric/h_lambda_diff_self |          0.0165 |
|                  Metric/h_lambda_diff_cross |           0.138 |
|                                 Eval/Return |             770 |
-----------------------------------------------------------------
-----------------------------------------------------------------
|                                 Train/Steps |        9.04e+05 |
|                            Loss/Loss_critic |            1.54 |
|                             Loss/Loss_actor |           -52.9 |
|                             Loss/Loss_alpha |          0.0117 |
|               Loss/Loss_state_action_metric |            2.56 |
|                      Loss/Loss_state_metric |           0.485 |
|             Loss/Loss_state_action_to_state |         0.00598 |
|                           Loss/Act_rep_loss |         0.00167 |
|                        Loss/Critic_rep_loss |            4.74 |
|                                   SAC/Alpha |           0.186 |
|                              SAC/LogPi_mean |           0.937 |
|                                 SAC/Q1_mean |            52.9 |
|                                 SAC/Q2_mean |            52.9 |
|                            Norm/actor_model |             101 |
|                           Norm/critic_model |             142 |
|              Norm/state_action_metric_model |            66.1 |
|                     Norm/state_metric_model |            73.3 |
|        Norm/state_action_state_metric_model |            65.3 |
|                  Metric/self_state_distance |         0.00383 |
|                 Metric/cross_state_distance |            2.14 |
|           Metric/self_state_action_distance |          0.0162 |
|          Metric/cross_state_action_distance |            3.34 |
|             Metric/avg_self_state_asymmetry |               0 |
|            Metric/avg_cross_state_asymmetry |          0.0518 |
|                Metric/avg_self_sa_asymmetry |               0 |
|               Metric/avg_cross_sa_asymmetry |           0.126 |
|  Metric/self_state_action_to_state_distance |         0.00637 |
| Metric/cross_state_action_to_state_distance |            3.32 |
|                   Metric/h_lambda_diff_self |          0.0159 |
|                  Metric/h_lambda_diff_cross |           0.122 |
|                                 Eval/Return |             851 |
-----------------------------------------------------------------
-----------------------------------------------------------------
|                                 Train/Steps |        1.03e+06 |
|                            Loss/Loss_critic |            1.55 |
|                             Loss/Loss_actor |           -55.8 |
|                             Loss/Loss_alpha |        -0.00443 |
|               Loss/Loss_state_action_metric |            2.14 |
|                      Loss/Loss_state_metric |           0.561 |
|             Loss/Loss_state_action_to_state |         0.00806 |
|                           Loss/Act_rep_loss |        0.000873 |
|                        Loss/Critic_rep_loss |            4.87 |
|                                   SAC/Alpha |           0.183 |
|                              SAC/LogPi_mean |            1.07 |
|                                 SAC/Q1_mean |            55.8 |
|                                 SAC/Q2_mean |            55.9 |
|                            Norm/actor_model |             108 |
|                           Norm/critic_model |             150 |
|              Norm/state_action_metric_model |            70.5 |
|                     Norm/state_metric_model |            79.8 |
|        Norm/state_action_state_metric_model |            69.9 |
|                  Metric/self_state_distance |         0.00345 |
|                 Metric/cross_state_distance |            2.02 |
|           Metric/self_state_action_distance |          0.0129 |
|          Metric/cross_state_action_distance |            3.03 |
|             Metric/avg_self_state_asymmetry |               0 |
|            Metric/avg_cross_state_asymmetry |          0.0501 |
|                Metric/avg_self_sa_asymmetry |               0 |
|               Metric/avg_cross_sa_asymmetry |           0.123 |
|  Metric/self_state_action_to_state_distance |        0.000791 |
| Metric/cross_state_action_to_state_distance |            3.07 |
|                   Metric/h_lambda_diff_self |          0.0128 |
|                  Metric/h_lambda_diff_cross |           0.126 |
|                                 Eval/Return |             911 |
-----------------------------------------------------------------
[32mSaving model …[0m
[32mDone.[0m
[32mSaving model …[0m
[32mDone.[0m
-----------------------------------------------------------------
|                                 Train/Steps |        1.16e+06 |
|                            Loss/Loss_critic |            1.41 |
|                             Loss/Loss_actor |           -58.6 |
|                             Loss/Loss_alpha |          0.0184 |
|               Loss/Loss_state_action_metric |            2.05 |
|                      Loss/Loss_state_metric |            0.46 |
|             Loss/Loss_state_action_to_state |         0.00655 |
|                           Loss/Act_rep_loss |        0.000491 |
|                        Loss/Critic_rep_loss |            4.57 |
|                                   SAC/Alpha |           0.195 |
|                              SAC/LogPi_mean |            1.02 |
|                                 SAC/Q1_mean |            58.7 |
|                                 SAC/Q2_mean |            58.7 |
|                            Norm/actor_model |             115 |
|                           Norm/critic_model |             157 |
|              Norm/state_action_metric_model |            74.6 |
|                     Norm/state_metric_model |              86 |
|        Norm/state_action_state_metric_model |            74.2 |
|                  Metric/self_state_distance |         0.00324 |
|                 Metric/cross_state_distance |            2.05 |
|           Metric/self_state_action_distance |         0.00849 |
|          Metric/cross_state_action_distance |            3.18 |
|             Metric/avg_self_state_asymmetry |               0 |
|            Metric/avg_cross_state_asymmetry |          0.0488 |
|                Metric/avg_self_sa_asymmetry |               0 |
|               Metric/avg_cross_sa_asymmetry |           0.115 |
|  Metric/self_state_action_to_state_distance |         0.00598 |
| Metric/cross_state_action_to_state_distance |             3.1 |
|                   Metric/h_lambda_diff_self |           0.006 |
|                  Metric/h_lambda_diff_cross |           0.134 |
|                                 Eval/Return |             883 |
-----------------------------------------------------------------
-----------------------------------------------------------------
|                                 Train/Steps |        1.29e+06 |
|                            Loss/Loss_critic |            1.56 |
|                             Loss/Loss_actor |           -60.8 |
|                             Loss/Loss_alpha |          0.0408 |
|               Loss/Loss_state_action_metric |            2.13 |
|                      Loss/Loss_state_metric |           0.639 |
|             Loss/Loss_state_action_to_state |         0.00703 |
|                           Loss/Act_rep_loss |        0.000397 |
|                        Loss/Critic_rep_loss |            3.74 |
|                                   SAC/Alpha |           0.202 |
|                              SAC/LogPi_mean |           0.791 |
|                                 SAC/Q1_mean |            60.9 |
|                                 SAC/Q2_mean |            60.8 |
|                            Norm/actor_model |             122 |
|                           Norm/critic_model |             164 |
|              Norm/state_action_metric_model |            78.8 |
|                     Norm/state_metric_model |            91.3 |
|        Norm/state_action_state_metric_model |            78.5 |
|                  Metric/self_state_distance |          0.0109 |
|                 Metric/cross_state_distance |            2.04 |
|           Metric/self_state_action_distance |          0.0195 |
|          Metric/cross_state_action_distance |            3.14 |
|             Metric/avg_self_state_asymmetry |               0 |
|            Metric/avg_cross_state_asymmetry |          0.0456 |
|                Metric/avg_self_sa_asymmetry |               0 |
|               Metric/avg_cross_sa_asymmetry |           0.105 |
|  Metric/self_state_action_to_state_distance |           0.013 |
| Metric/cross_state_action_to_state_distance |            3.08 |
|                   Metric/h_lambda_diff_self |          0.0133 |
|                  Metric/h_lambda_diff_cross |           0.111 |
|                                 Eval/Return |             910 |
-----------------------------------------------------------------
-----------------------------------------------------------------
|                                 Train/Steps |        1.42e+06 |
|                            Loss/Loss_critic |            1.31 |
|                             Loss/Loss_actor |           -63.5 |
|                             Loss/Loss_alpha |          0.0227 |
|               Loss/Loss_state_action_metric |             1.9 |
|                      Loss/Loss_state_metric |           0.551 |
|             Loss/Loss_state_action_to_state |         0.00901 |
|                           Loss/Act_rep_loss |        4.27e-05 |
|                        Loss/Critic_rep_loss |            3.57 |
|                                   SAC/Alpha |           0.201 |
|                              SAC/LogPi_mean |           0.912 |
|                                 SAC/Q1_mean |            63.6 |
|                                 SAC/Q2_mean |            63.5 |
|                            Norm/actor_model |             129 |
|                           Norm/critic_model |             170 |
|              Norm/state_action_metric_model |            82.7 |
|                     Norm/state_metric_model |            96.5 |
|        Norm/state_action_state_metric_model |            82.6 |
|                  Metric/self_state_distance |         0.00277 |
|                 Metric/cross_state_distance |            1.99 |
|           Metric/self_state_action_distance |         0.00839 |
|          Metric/cross_state_action_distance |            3.07 |
|             Metric/avg_self_state_asymmetry |               0 |
|            Metric/avg_cross_state_asymmetry |          0.0488 |
|                Metric/avg_self_sa_asymmetry |               0 |
|               Metric/avg_cross_sa_asymmetry |           0.113 |
|  Metric/self_state_action_to_state_distance |         0.00149 |
| Metric/cross_state_action_to_state_distance |            3.03 |
|                   Metric/h_lambda_diff_self |         0.00786 |
|                  Metric/h_lambda_diff_cross |           0.118 |
|                                 Eval/Return |             968 |
-----------------------------------------------------------------
-----------------------------------------------------------------
|                                 Train/Steps |        1.54e+06 |
|                            Loss/Loss_critic |            1.34 |
|                             Loss/Loss_actor |           -64.6 |
|                             Loss/Loss_alpha |         0.00146 |
|               Loss/Loss_state_action_metric |            2.03 |
|                      Loss/Loss_state_metric |           0.481 |
|             Loss/Loss_state_action_to_state |          0.0104 |
|                           Loss/Act_rep_loss |        0.000548 |
|                        Loss/Critic_rep_loss |            4.13 |
|                                   SAC/Alpha |           0.202 |
|                              SAC/LogPi_mean |            1.06 |
|                                 SAC/Q1_mean |            64.6 |
|                                 SAC/Q2_mean |            64.6 |
|                            Norm/actor_model |             135 |
|                           Norm/critic_model |             176 |
|              Norm/state_action_metric_model |            86.4 |
|                     Norm/state_metric_model |             101 |
|        Norm/state_action_state_metric_model |            86.7 |
|                  Metric/self_state_distance |         0.00235 |
|                 Metric/cross_state_distance |            1.88 |
|           Metric/self_state_action_distance |          0.0191 |
|          Metric/cross_state_action_distance |            3.07 |
|             Metric/avg_self_state_asymmetry |               0 |
|            Metric/avg_cross_state_asymmetry |          0.0476 |
|                Metric/avg_self_sa_asymmetry |               0 |
|               Metric/avg_cross_sa_asymmetry |           0.112 |
|  Metric/self_state_action_to_state_distance |         0.00455 |
| Metric/cross_state_action_to_state_distance |            3.02 |
|                   Metric/h_lambda_diff_self |          0.0171 |
|                  Metric/h_lambda_diff_cross |           0.125 |
|                                 Eval/Return |             878 |
-----------------------------------------------------------------
-----------------------------------------------------------------
|                                 Train/Steps |        1.67e+06 |
|                            Loss/Loss_critic |            1.26 |
|                             Loss/Loss_actor |           -66.1 |
|                             Loss/Loss_alpha |         0.00839 |
|               Loss/Loss_state_action_metric |             1.8 |
|                      Loss/Loss_state_metric |            0.42 |
|             Loss/Loss_state_action_to_state |          0.0104 |
|                           Loss/Act_rep_loss |         0.00207 |
|                        Loss/Critic_rep_loss |            3.67 |
|                                   SAC/Alpha |           0.209 |
|                              SAC/LogPi_mean |            1.03 |
|                                 SAC/Q1_mean |            66.3 |
|                                 SAC/Q2_mean |            66.1 |
|                            Norm/actor_model |             141 |
|                           Norm/critic_model |             182 |
|              Norm/state_action_metric_model |              90 |
|                     Norm/state_metric_model |             106 |
|        Norm/state_action_state_metric_model |            90.6 |
|                  Metric/self_state_distance |         0.00186 |
|                 Metric/cross_state_distance |            1.84 |
|           Metric/self_state_action_distance |          0.0329 |
|          Metric/cross_state_action_distance |            2.92 |
|             Metric/avg_self_state_asymmetry |               0 |
|            Metric/avg_cross_state_asymmetry |          0.0431 |
|                Metric/avg_self_sa_asymmetry |               0 |
|               Metric/avg_cross_sa_asymmetry |           0.112 |
|  Metric/self_state_action_to_state_distance |         0.00476 |
| Metric/cross_state_action_to_state_distance |             2.9 |
|                   Metric/h_lambda_diff_self |          0.0305 |
|                  Metric/h_lambda_diff_cross |           0.104 |
|                                 Eval/Return |             941 |
-----------------------------------------------------------------
-----------------------------------------------------------------
|                                 Train/Steps |         1.8e+06 |
|                            Loss/Loss_critic |            1.21 |
|                             Loss/Loss_actor |           -66.6 |
|                             Loss/Loss_alpha |         0.00729 |
|               Loss/Loss_state_action_metric |            2.05 |
|                      Loss/Loss_state_metric |           0.479 |
|             Loss/Loss_state_action_to_state |          0.0102 |
|                           Loss/Act_rep_loss |         0.00165 |
|                        Loss/Critic_rep_loss |            4.05 |
|                                   SAC/Alpha |           0.216 |
|                              SAC/LogPi_mean |            1.01 |
|                                 SAC/Q1_mean |            66.7 |
|                                 SAC/Q2_mean |            66.7 |
|                            Norm/actor_model |             146 |
|                           Norm/critic_model |             188 |
|              Norm/state_action_metric_model |            93.5 |
|                     Norm/state_metric_model |             111 |
|        Norm/state_action_state_metric_model |            94.5 |
|                  Metric/self_state_distance |         0.00301 |
|                 Metric/cross_state_distance |            1.92 |
|           Metric/self_state_action_distance |          0.0103 |
|          Metric/cross_state_action_distance |            3.05 |
|             Metric/avg_self_state_asymmetry |               0 |
|            Metric/avg_cross_state_asymmetry |          0.0473 |
|                Metric/avg_self_sa_asymmetry |               0 |
|               Metric/avg_cross_sa_asymmetry |            0.11 |
|  Metric/self_state_action_to_state_distance |         0.00101 |
| Metric/cross_state_action_to_state_distance |            3.01 |
|                   Metric/h_lambda_diff_self |         0.00951 |
|                  Metric/h_lambda_diff_cross |           0.113 |
|                                 Eval/Return |             930 |
-----------------------------------------------------------------
-----------------------------------------------------------------
|                                 Train/Steps |        1.93e+06 |
|                            Loss/Loss_critic |            1.79 |
|                             Loss/Loss_actor |           -68.6 |
|                             Loss/Loss_alpha |          0.0315 |
|               Loss/Loss_state_action_metric |             1.9 |
|                      Loss/Loss_state_metric |           0.514 |
|             Loss/Loss_state_action_to_state |         0.00828 |
|                           Loss/Act_rep_loss |        0.000348 |
|                        Loss/Critic_rep_loss |            3.39 |
|                                   SAC/Alpha |           0.217 |
|                              SAC/LogPi_mean |           0.978 |
|                                 SAC/Q1_mean |            68.7 |
|                                 SAC/Q2_mean |            68.7 |
|                            Norm/actor_model |             151 |
|                           Norm/critic_model |             193 |
|              Norm/state_action_metric_model |            96.8 |
|                     Norm/state_metric_model |             115 |
|        Norm/state_action_state_metric_model |            98.2 |
|                  Metric/self_state_distance |         0.00362 |
|                 Metric/cross_state_distance |            1.89 |
|           Metric/self_state_action_distance |         0.00968 |
|          Metric/cross_state_action_distance |            2.81 |
|             Metric/avg_self_state_asymmetry |               0 |
|            Metric/avg_cross_state_asymmetry |          0.0437 |
|                Metric/avg_self_sa_asymmetry |               0 |
|               Metric/avg_cross_sa_asymmetry |             0.1 |
|  Metric/self_state_action_to_state_distance |         0.00111 |
| Metric/cross_state_action_to_state_distance |            2.83 |
|                   Metric/h_lambda_diff_self |         0.00915 |
|                  Metric/h_lambda_diff_cross |           0.103 |
|                                 Eval/Return |             925 |
-----------------------------------------------------------------
-----------------------------------------------------------------
|                                 Train/Steps |        2.06e+06 |
|                            Loss/Loss_critic |            1.36 |
|                             Loss/Loss_actor |           -68.7 |
|                             Loss/Loss_alpha |         -0.0106 |
|               Loss/Loss_state_action_metric |             2.1 |
|                      Loss/Loss_state_metric |           0.515 |
|             Loss/Loss_state_action_to_state |         0.00423 |
|                           Loss/Act_rep_loss |         0.00196 |
|                        Loss/Critic_rep_loss |            3.73 |
|                                   SAC/Alpha |            0.22 |
|                              SAC/LogPi_mean |           0.964 |
|                                 SAC/Q1_mean |            68.8 |
|                                 SAC/Q2_mean |            68.9 |
|                            Norm/actor_model |             156 |
|                           Norm/critic_model |             198 |
|              Norm/state_action_metric_model |             100 |
|                     Norm/state_metric_model |             119 |
|        Norm/state_action_state_metric_model |             102 |
|                  Metric/self_state_distance |         0.00166 |
|                 Metric/cross_state_distance |               2 |
|           Metric/self_state_action_distance |          0.0119 |
|          Metric/cross_state_action_distance |            2.99 |
|             Metric/avg_self_state_asymmetry |               0 |
|            Metric/avg_cross_state_asymmetry |          0.0507 |
|                Metric/avg_self_sa_asymmetry |               0 |
|               Metric/avg_cross_sa_asymmetry |           0.109 |
|  Metric/self_state_action_to_state_distance |         0.00182 |
| Metric/cross_state_action_to_state_distance |             2.9 |
|                   Metric/h_lambda_diff_self |          0.0104 |
|                  Metric/h_lambda_diff_cross |           0.126 |
|                                 Eval/Return |             921 |
-----------------------------------------------------------------
[32mSaving model …[0m
[32mDone.[0m
[32mSaving model …[0m
[32mDone.[0m
-----------------------------------------------------------------
|                                 Train/Steps |        2.18e+06 |
|                            Loss/Loss_critic |             1.3 |
|                             Loss/Loss_actor |           -69.5 |
|                             Loss/Loss_alpha |         0.00427 |
|               Loss/Loss_state_action_metric |            1.68 |
|                      Loss/Loss_state_metric |           0.424 |
|             Loss/Loss_state_action_to_state |         0.00773 |
|                           Loss/Act_rep_loss |         0.00614 |
|                        Loss/Critic_rep_loss |            3.43 |
|                                   SAC/Alpha |           0.216 |
|                              SAC/LogPi_mean |           0.969 |
|                                 SAC/Q1_mean |            69.6 |
|                                 SAC/Q2_mean |            69.5 |
|                            Norm/actor_model |             161 |
|                           Norm/critic_model |             203 |
|              Norm/state_action_metric_model |             103 |
|                     Norm/state_metric_model |             123 |
|        Norm/state_action_state_metric_model |             105 |
|                  Metric/self_state_distance |         0.00344 |
|                 Metric/cross_state_distance |            1.87 |
|           Metric/self_state_action_distance |          0.0234 |
|          Metric/cross_state_action_distance |            2.83 |
|             Metric/avg_self_state_asymmetry |               0 |
|            Metric/avg_cross_state_asymmetry |          0.0377 |
|                Metric/avg_self_sa_asymmetry |               0 |
|               Metric/avg_cross_sa_asymmetry |          0.0998 |
|  Metric/self_state_action_to_state_distance |         0.00517 |
| Metric/cross_state_action_to_state_distance |            2.78 |
|                   Metric/h_lambda_diff_self |          0.0208 |
|                  Metric/h_lambda_diff_cross |           0.114 |
|                                 Eval/Return |             958 |
-----------------------------------------------------------------
-----------------------------------------------------------------
|                                 Train/Steps |        2.31e+06 |
|                            Loss/Loss_critic |            1.37 |
|                             Loss/Loss_actor |             -71 |
|                             Loss/Loss_alpha |         -0.0241 |
|               Loss/Loss_state_action_metric |            1.63 |
|                      Loss/Loss_state_metric |           0.355 |
|             Loss/Loss_state_action_to_state |          0.0111 |
|                           Loss/Act_rep_loss |         0.00237 |
|                        Loss/Critic_rep_loss |            2.44 |
|                                   SAC/Alpha |            0.22 |
|                              SAC/LogPi_mean |            1.08 |
|                                 SAC/Q1_mean |            71.2 |
|                                 SAC/Q2_mean |            71.3 |
|                            Norm/actor_model |             165 |
|                           Norm/critic_model |             208 |
|              Norm/state_action_metric_model |             106 |
|                     Norm/state_metric_model |             127 |
|        Norm/state_action_state_metric_model |             108 |
|                  Metric/self_state_distance |         0.00121 |
|                 Metric/cross_state_distance |             1.6 |
|           Metric/self_state_action_distance |          0.0055 |
|          Metric/cross_state_action_distance |            2.56 |
|             Metric/avg_self_state_asymmetry |               0 |
|            Metric/avg_cross_state_asymmetry |          0.0348 |
|                Metric/avg_self_sa_asymmetry |               0 |
|               Metric/avg_cross_sa_asymmetry |           0.101 |
|  Metric/self_state_action_to_state_distance |          0.0011 |
| Metric/cross_state_action_to_state_distance |             2.5 |
|                   Metric/h_lambda_diff_self |         0.00516 |
|                  Metric/h_lambda_diff_cross |          0.0974 |
|                                 Eval/Return |             973 |
-----------------------------------------------------------------
-----------------------------------------------------------------
|                                 Train/Steps |        2.44e+06 |
|                            Loss/Loss_critic |            1.21 |
|                             Loss/Loss_actor |           -71.1 |
|                             Loss/Loss_alpha |         0.00217 |
|               Loss/Loss_state_action_metric |            1.86 |
|                      Loss/Loss_state_metric |           0.469 |
|             Loss/Loss_state_action_to_state |         0.00955 |
|                           Loss/Act_rep_loss |         0.00188 |
|                        Loss/Critic_rep_loss |            2.95 |
|                                   SAC/Alpha |           0.221 |
|                              SAC/LogPi_mean |               1 |
|                                 SAC/Q1_mean |            71.3 |
|                                 SAC/Q2_mean |            71.2 |
|                            Norm/actor_model |             170 |
|                           Norm/critic_model |             212 |
|              Norm/state_action_metric_model |             109 |
|                     Norm/state_metric_model |             130 |
|        Norm/state_action_state_metric_model |             112 |
|                  Metric/self_state_distance |          0.0204 |
|                 Metric/cross_state_distance |            1.81 |
|           Metric/self_state_action_distance |         0.00356 |
|          Metric/cross_state_action_distance |            2.73 |
|             Metric/avg_self_state_asymmetry |               0 |
|            Metric/avg_cross_state_asymmetry |          0.0443 |
|                Metric/avg_self_sa_asymmetry |               0 |
|               Metric/avg_cross_sa_asymmetry |           0.106 |
|  Metric/self_state_action_to_state_distance |        0.000447 |
| Metric/cross_state_action_to_state_distance |             2.7 |
|                   Metric/h_lambda_diff_self |         0.00334 |
|                  Metric/h_lambda_diff_cross |           0.104 |
|                                 Eval/Return |             979 |
-----------------------------------------------------------------
-----------------------------------------------------------------
|                                 Train/Steps |        2.57e+06 |
|                            Loss/Loss_critic |            1.12 |
|                             Loss/Loss_actor |           -72.1 |
|                             Loss/Loss_alpha |         -0.0136 |
|               Loss/Loss_state_action_metric |            1.48 |
|                      Loss/Loss_state_metric |           0.359 |
|             Loss/Loss_state_action_to_state |         0.00815 |
|                           Loss/Act_rep_loss |         0.00287 |
|                        Loss/Critic_rep_loss |            2.65 |
|                                   SAC/Alpha |           0.225 |
|                              SAC/LogPi_mean |           0.882 |
|                                 SAC/Q1_mean |            72.2 |
|                                 SAC/Q2_mean |            72.2 |
|                            Norm/actor_model |             174 |
|                           Norm/critic_model |             217 |
|              Norm/state_action_metric_model |             112 |
|                     Norm/state_metric_model |             134 |
|        Norm/state_action_state_metric_model |             115 |
|                  Metric/self_state_distance |          0.0022 |
|                 Metric/cross_state_distance |            1.66 |
|           Metric/self_state_action_distance |          0.0227 |
|          Metric/cross_state_action_distance |            2.58 |
|             Metric/avg_self_state_asymmetry |               0 |
|            Metric/avg_cross_state_asymmetry |          0.0394 |
|                Metric/avg_self_sa_asymmetry |               0 |
|               Metric/avg_cross_sa_asymmetry |          0.0991 |
|  Metric/self_state_action_to_state_distance |        0.000773 |
| Metric/cross_state_action_to_state_distance |            2.58 |
|                   Metric/h_lambda_diff_self |           0.022 |
|                  Metric/h_lambda_diff_cross |           0.103 |
|                                 Eval/Return |             979 |
-----------------------------------------------------------------
-----------------------------------------------------------------
|                                 Train/Steps |         2.7e+06 |
|                            Loss/Loss_critic |            1.09 |
|                             Loss/Loss_actor |           -72.6 |
|                             Loss/Loss_alpha |         0.00262 |
|               Loss/Loss_state_action_metric |            1.51 |
|                      Loss/Loss_state_metric |           0.391 |
|             Loss/Loss_state_action_to_state |         0.00512 |
|                           Loss/Act_rep_loss |        0.000945 |
|                        Loss/Critic_rep_loss |            2.81 |
|                                   SAC/Alpha |           0.219 |
|                              SAC/LogPi_mean |            1.11 |
|                                 SAC/Q1_mean |            72.8 |
|                                 SAC/Q2_mean |            72.9 |
|                            Norm/actor_model |             178 |
|                           Norm/critic_model |             221 |
|              Norm/state_action_metric_model |             115 |
|                     Norm/state_metric_model |             137 |
|        Norm/state_action_state_metric_model |             118 |
|                  Metric/self_state_distance |         0.00171 |
|                 Metric/cross_state_distance |            1.69 |
|           Metric/self_state_action_distance |         0.00376 |
|          Metric/cross_state_action_distance |            2.56 |
|             Metric/avg_self_state_asymmetry |               0 |
|            Metric/avg_cross_state_asymmetry |          0.0394 |
|                Metric/avg_self_sa_asymmetry |               0 |
|               Metric/avg_cross_sa_asymmetry |          0.0932 |
|  Metric/self_state_action_to_state_distance |        8.36e-05 |
| Metric/cross_state_action_to_state_distance |            2.54 |
|                   Metric/h_lambda_diff_self |         0.00368 |
|                  Metric/h_lambda_diff_cross |          0.0907 |
|                                 Eval/Return |             937 |
-----------------------------------------------------------------
-----------------------------------------------------------------
|                                 Train/Steps |        2.82e+06 |
|                            Loss/Loss_critic |            1.14 |
|                             Loss/Loss_actor |           -72.7 |
|                             Loss/Loss_alpha |          0.0181 |
|               Loss/Loss_state_action_metric |            1.61 |
|                      Loss/Loss_state_metric |           0.376 |
|             Loss/Loss_state_action_to_state |         0.00888 |
|                           Loss/Act_rep_loss |         0.00119 |
|                        Loss/Critic_rep_loss |            2.96 |
|                                   SAC/Alpha |           0.224 |
|                              SAC/LogPi_mean |           0.932 |
|                                 SAC/Q1_mean |            72.8 |
|                                 SAC/Q2_mean |            72.8 |
|                            Norm/actor_model |             182 |
|                           Norm/critic_model |             225 |
|              Norm/state_action_metric_model |             118 |
|                     Norm/state_metric_model |             141 |
|        Norm/state_action_state_metric_model |             121 |
|                  Metric/self_state_distance |        0.000141 |
|                 Metric/cross_state_distance |            1.77 |
|           Metric/self_state_action_distance |          0.0127 |
|          Metric/cross_state_action_distance |            2.68 |
|             Metric/avg_self_state_asymmetry |               0 |
|            Metric/avg_cross_state_asymmetry |          0.0424 |
|                Metric/avg_self_sa_asymmetry |               0 |
|               Metric/avg_cross_sa_asymmetry |          0.0893 |
|  Metric/self_state_action_to_state_distance |         0.00138 |
| Metric/cross_state_action_to_state_distance |            2.68 |
|                   Metric/h_lambda_diff_self |          0.0119 |
|                  Metric/h_lambda_diff_cross |           0.105 |
|                                 Eval/Return |             973 |
-----------------------------------------------------------------
-----------------------------------------------------------------
|                                 Train/Steps |        2.95e+06 |
|                            Loss/Loss_critic |            1.13 |
|                             Loss/Loss_actor |           -73.2 |
|                             Loss/Loss_alpha |         -0.0102 |
|               Loss/Loss_state_action_metric |            1.78 |
|                      Loss/Loss_state_metric |           0.291 |
|             Loss/Loss_state_action_to_state |          0.0101 |
|                           Loss/Act_rep_loss |         0.00201 |
|                        Loss/Critic_rep_loss |            2.74 |
|                                   SAC/Alpha |           0.225 |
|                              SAC/LogPi_mean |            1.07 |
|                                 SAC/Q1_mean |            73.4 |
|                                 SAC/Q2_mean |            73.4 |
|                            Norm/actor_model |             186 |
|                           Norm/critic_model |             229 |
|              Norm/state_action_metric_model |             120 |
|                     Norm/state_metric_model |             144 |
|        Norm/state_action_state_metric_model |             124 |
|                  Metric/self_state_distance |         0.00195 |
|                 Metric/cross_state_distance |            1.72 |
|           Metric/self_state_action_distance |         0.00247 |
|          Metric/cross_state_action_distance |            2.59 |
|             Metric/avg_self_state_asymmetry |               0 |
|            Metric/avg_cross_state_asymmetry |          0.0442 |
|                Metric/avg_self_sa_asymmetry |               0 |
|               Metric/avg_cross_sa_asymmetry |           0.114 |
|  Metric/self_state_action_to_state_distance |        0.000807 |
| Metric/cross_state_action_to_state_distance |            2.56 |
|                   Metric/h_lambda_diff_self |         0.00279 |
|                  Metric/h_lambda_diff_cross |          0.0993 |
|                                 Eval/Return |             970 |
-----------------------------------------------------------------
-----------------------------------------------------------------
|                                 Train/Steps |        3.08e+06 |
|                            Loss/Loss_critic |           0.776 |
|                             Loss/Loss_actor |           -73.9 |
|                             Loss/Loss_alpha |         -0.0155 |
|               Loss/Loss_state_action_metric |            1.54 |
|                      Loss/Loss_state_metric |           0.406 |
|             Loss/Loss_state_action_to_state |         0.00641 |
|                           Loss/Act_rep_loss |         0.00124 |
|                        Loss/Critic_rep_loss |            2.53 |
|                                   SAC/Alpha |           0.228 |
|                              SAC/LogPi_mean |            1.01 |
|                                 SAC/Q1_mean |            74.1 |
|                                 SAC/Q2_mean |            74.1 |
|                            Norm/actor_model |             189 |
|                           Norm/critic_model |             233 |
|              Norm/state_action_metric_model |             123 |
|                     Norm/state_metric_model |             147 |
|        Norm/state_action_state_metric_model |             127 |
|                  Metric/self_state_distance |         0.00139 |
|                 Metric/cross_state_distance |            1.69 |
|           Metric/self_state_action_distance |          0.0219 |
|          Metric/cross_state_action_distance |            2.46 |
|             Metric/avg_self_state_asymmetry |               0 |
|            Metric/avg_cross_state_asymmetry |          0.0382 |
|                Metric/avg_self_sa_asymmetry |               0 |
|               Metric/avg_cross_sa_asymmetry |          0.0975 |
|  Metric/self_state_action_to_state_distance |        0.000638 |
| Metric/cross_state_action_to_state_distance |            2.45 |
|                   Metric/h_lambda_diff_self |          0.0212 |
|                  Metric/h_lambda_diff_cross |          0.0861 |
|                                 Eval/Return |             962 |
-----------------------------------------------------------------
[32mSaving model …[0m
[32mDone.[0m
[32mSaving model …[0m
[32mDone.[0m
-----------------------------------------------------------------
|                                 Train/Steps |        3.21e+06 |
|                            Loss/Loss_critic |            0.97 |
|                             Loss/Loss_actor |           -73.8 |
|                             Loss/Loss_alpha |         0.00642 |
|               Loss/Loss_state_action_metric |            1.48 |
|                      Loss/Loss_state_metric |           0.445 |
|             Loss/Loss_state_action_to_state |         0.00364 |
|                           Loss/Act_rep_loss |         0.00482 |
|                        Loss/Critic_rep_loss |            3.19 |
|                                   SAC/Alpha |           0.227 |
|                              SAC/LogPi_mean |           0.911 |
|                                 SAC/Q1_mean |            73.8 |
|                                 SAC/Q2_mean |            73.9 |
|                            Norm/actor_model |             193 |
|                           Norm/critic_model |             237 |
|              Norm/state_action_metric_model |             126 |
|                     Norm/state_metric_model |             150 |
|        Norm/state_action_state_metric_model |             129 |
|                  Metric/self_state_distance |         0.00016 |
|                 Metric/cross_state_distance |            1.77 |
|           Metric/self_state_action_distance |         0.00424 |
|          Metric/cross_state_action_distance |            2.47 |
|             Metric/avg_self_state_asymmetry |               0 |
|            Metric/avg_cross_state_asymmetry |          0.0372 |
|                Metric/avg_self_sa_asymmetry |               0 |
|               Metric/avg_cross_sa_asymmetry |           0.093 |
|  Metric/self_state_action_to_state_distance |        9.84e-05 |
| Metric/cross_state_action_to_state_distance |            2.53 |
|                   Metric/h_lambda_diff_self |         0.00415 |
|                  Metric/h_lambda_diff_cross |           0.116 |
|                                 Eval/Return |             950 |
-----------------------------------------------------------------
-----------------------------------------------------------------
|                                 Train/Steps |        3.34e+06 |
|                            Loss/Loss_critic |           0.931 |
|                             Loss/Loss_actor |           -74.8 |
|                             Loss/Loss_alpha |          0.0189 |
|               Loss/Loss_state_action_metric |            1.42 |
|                      Loss/Loss_state_metric |           0.286 |
|             Loss/Loss_state_action_to_state |         0.00678 |
|                           Loss/Act_rep_loss |         0.00178 |
|                        Loss/Critic_rep_loss |            2.48 |
|                                   SAC/Alpha |           0.227 |
|                              SAC/LogPi_mean |            1.02 |
|                                 SAC/Q1_mean |            75.1 |
|                                 SAC/Q2_mean |            75.1 |
|                            Norm/actor_model |             197 |
|                           Norm/critic_model |             241 |
|              Norm/state_action_metric_model |             128 |
|                     Norm/state_metric_model |             153 |
|        Norm/state_action_state_metric_model |             132 |
|                  Metric/self_state_distance |         0.00665 |
|                 Metric/cross_state_distance |            1.66 |
|           Metric/self_state_action_distance |         0.00685 |
|          Metric/cross_state_action_distance |            2.46 |
|             Metric/avg_self_state_asymmetry |               0 |
|            Metric/avg_cross_state_asymmetry |          0.0396 |
|                Metric/avg_self_sa_asymmetry |               0 |
|               Metric/avg_cross_sa_asymmetry |          0.0924 |
|  Metric/self_state_action_to_state_distance |         0.00066 |
| Metric/cross_state_action_to_state_distance |            2.49 |
|                   Metric/h_lambda_diff_self |         0.00704 |
|                  Metric/h_lambda_diff_cross |          0.0864 |
|                                 Eval/Return |             966 |
-----------------------------------------------------------------
-----------------------------------------------------------------
|                                 Train/Steps |        3.46e+06 |
|                            Loss/Loss_critic |            1.01 |
|                             Loss/Loss_actor |           -75.2 |
|                             Loss/Loss_alpha |       -0.000997 |
|               Loss/Loss_state_action_metric |            1.36 |
|                      Loss/Loss_state_metric |           0.316 |
|             Loss/Loss_state_action_to_state |         0.00877 |
|                           Loss/Act_rep_loss |         0.00205 |
|                        Loss/Critic_rep_loss |            2.57 |
|                                   SAC/Alpha |           0.226 |
|                              SAC/LogPi_mean |            1.01 |
|                                 SAC/Q1_mean |            75.4 |
|                                 SAC/Q2_mean |            75.3 |
|                            Norm/actor_model |             201 |
|                           Norm/critic_model |             245 |
|              Norm/state_action_metric_model |             131 |
|                     Norm/state_metric_model |             156 |
|        Norm/state_action_state_metric_model |             135 |
|                  Metric/self_state_distance |         0.00146 |
|                 Metric/cross_state_distance |            1.63 |
|           Metric/self_state_action_distance |         0.00819 |
|          Metric/cross_state_action_distance |            2.46 |
|             Metric/avg_self_state_asymmetry |               0 |
|            Metric/avg_cross_state_asymmetry |          0.0394 |
|                Metric/avg_self_sa_asymmetry |               0 |
|               Metric/avg_cross_sa_asymmetry |          0.0874 |
|  Metric/self_state_action_to_state_distance |        0.000107 |
| Metric/cross_state_action_to_state_distance |            2.45 |
|                   Metric/h_lambda_diff_self |         0.00812 |
|                  Metric/h_lambda_diff_cross |          0.0847 |
|                                 Eval/Return |             979 |
-----------------------------------------------------------------
-----------------------------------------------------------------
|                                 Train/Steps |        3.59e+06 |
|                            Loss/Loss_critic |            1.09 |
|                             Loss/Loss_actor |           -74.9 |
|                             Loss/Loss_alpha |         0.00245 |
|               Loss/Loss_state_action_metric |            1.46 |
|                      Loss/Loss_state_metric |           0.377 |
|             Loss/Loss_state_action_to_state |         0.00554 |
|                           Loss/Act_rep_loss |        0.000595 |
|                        Loss/Critic_rep_loss |            2.68 |
|                                   SAC/Alpha |            0.23 |
|                              SAC/LogPi_mean |            1.06 |
|                                 SAC/Q1_mean |            75.1 |
|                                 SAC/Q2_mean |              75 |
|                            Norm/actor_model |             204 |
|                           Norm/critic_model |             249 |
|              Norm/state_action_metric_model |             133 |
|                     Norm/state_metric_model |             158 |
|        Norm/state_action_state_metric_model |             138 |
|                  Metric/self_state_distance |          0.0004 |
|                 Metric/cross_state_distance |            1.72 |
|           Metric/self_state_action_distance |         0.00443 |
|          Metric/cross_state_action_distance |            2.52 |
|             Metric/avg_self_state_asymmetry |               0 |
|            Metric/avg_cross_state_asymmetry |          0.0405 |
|                Metric/avg_self_sa_asymmetry |               0 |
|               Metric/avg_cross_sa_asymmetry |          0.0929 |
|  Metric/self_state_action_to_state_distance |        4.01e-05 |
| Metric/cross_state_action_to_state_distance |            2.48 |
|                   Metric/h_lambda_diff_self |          0.0044 |
|                  Metric/h_lambda_diff_cross |           0.101 |
|                                 Eval/Return |             980 |
-----------------------------------------------------------------
-----------------------------------------------------------------
|                                 Train/Steps |        3.72e+06 |
|                            Loss/Loss_critic |           0.694 |
|                             Loss/Loss_actor |           -75.5 |
|                             Loss/Loss_alpha |          0.0135 |
|               Loss/Loss_state_action_metric |            1.26 |
|                      Loss/Loss_state_metric |            0.26 |
|             Loss/Loss_state_action_to_state |         0.00254 |
|                           Loss/Act_rep_loss |         0.00113 |
|                        Loss/Critic_rep_loss |            2.32 |
|                                   SAC/Alpha |           0.231 |
|                              SAC/LogPi_mean |           0.984 |
|                                 SAC/Q1_mean |            75.6 |
|                                 SAC/Q2_mean |            75.7 |
|                            Norm/actor_model |             208 |
|                           Norm/critic_model |             253 |
|              Norm/state_action_metric_model |             136 |
|                     Norm/state_metric_model |             161 |
|        Norm/state_action_state_metric_model |             140 |
|                  Metric/self_state_distance |         0.00161 |
|                 Metric/cross_state_distance |            1.61 |
|           Metric/self_state_action_distance |           0.025 |
|          Metric/cross_state_action_distance |             2.5 |
|             Metric/avg_self_state_asymmetry |               0 |
|            Metric/avg_cross_state_asymmetry |          0.0393 |
|                Metric/avg_self_sa_asymmetry |               0 |
|               Metric/avg_cross_sa_asymmetry |           0.093 |
|  Metric/self_state_action_to_state_distance |        0.000324 |
| Metric/cross_state_action_to_state_distance |            2.47 |
|                   Metric/h_lambda_diff_self |          0.0247 |
|                  Metric/h_lambda_diff_cross |          0.0992 |
|                                 Eval/Return |             978 |
-----------------------------------------------------------------
-----------------------------------------------------------------
|                                 Train/Steps |        3.85e+06 |
|                            Loss/Loss_critic |            1.04 |
|                             Loss/Loss_actor |           -75.7 |
|                             Loss/Loss_alpha |          -0.034 |
|               Loss/Loss_state_action_metric |            1.24 |
|                      Loss/Loss_state_metric |           0.254 |
|             Loss/Loss_state_action_to_state |         0.00662 |
|                           Loss/Act_rep_loss |          0.0039 |
|                        Loss/Critic_rep_loss |            2.42 |
|                                   SAC/Alpha |           0.228 |
|                              SAC/LogPi_mean |            1.18 |
|                                 SAC/Q1_mean |            75.9 |
|                                 SAC/Q2_mean |            75.8 |
|                            Norm/actor_model |             211 |
|                           Norm/critic_model |             256 |
|              Norm/state_action_metric_model |             138 |
|                     Norm/state_metric_model |             164 |
|        Norm/state_action_state_metric_model |             143 |
|                  Metric/self_state_distance |        6.13e-05 |
|                 Metric/cross_state_distance |            1.62 |
|           Metric/self_state_action_distance |         0.00125 |
|          Metric/cross_state_action_distance |             2.4 |
|             Metric/avg_self_state_asymmetry |               0 |
|            Metric/avg_cross_state_asymmetry |          0.0394 |
|                Metric/avg_self_sa_asymmetry |               0 |
|               Metric/avg_cross_sa_asymmetry |          0.0942 |
|  Metric/self_state_action_to_state_distance |        0.000538 |
| Metric/cross_state_action_to_state_distance |            2.38 |
|                   Metric/h_lambda_diff_self |         0.00135 |
|                  Metric/h_lambda_diff_cross |          0.0931 |
|                                 Eval/Return |             980 |
-----------------------------------------------------------------
-----------------------------------------------------------------
|                                 Train/Steps |        3.98e+06 |
|                            Loss/Loss_critic |           0.807 |
|                             Loss/Loss_actor |           -75.9 |
|                             Loss/Loss_alpha |         0.00276 |
|               Loss/Loss_state_action_metric |            1.32 |
|                      Loss/Loss_state_metric |           0.375 |
|             Loss/Loss_state_action_to_state |         0.00664 |
|                           Loss/Act_rep_loss |        0.000861 |
|                        Loss/Critic_rep_loss |            2.19 |
|                                   SAC/Alpha |           0.233 |
|                              SAC/LogPi_mean |            1.03 |
|                                 SAC/Q1_mean |            76.1 |
|                                 SAC/Q2_mean |            76.1 |
|                            Norm/actor_model |             215 |
|                           Norm/critic_model |             260 |
|              Norm/state_action_metric_model |             140 |
|                     Norm/state_metric_model |             167 |
|        Norm/state_action_state_metric_model |             146 |
|                  Metric/self_state_distance |        0.000836 |
|                 Metric/cross_state_distance |            1.67 |
|           Metric/self_state_action_distance |         0.00646 |
|          Metric/cross_state_action_distance |            2.41 |
|             Metric/avg_self_state_asymmetry |               0 |
|            Metric/avg_cross_state_asymmetry |          0.0352 |
|                Metric/avg_self_sa_asymmetry |               0 |
|               Metric/avg_cross_sa_asymmetry |          0.0885 |
|  Metric/self_state_action_to_state_distance |          0.0017 |
| Metric/cross_state_action_to_state_distance |            2.42 |
|                   Metric/h_lambda_diff_self |         0.00742 |
|                  Metric/h_lambda_diff_cross |          0.0882 |
|                                 Eval/Return |             972 |
-----------------------------------------------------------------
-----------------------------------------------------------------
|                                 Train/Steps |         4.1e+06 |
|                            Loss/Loss_critic |           0.611 |
|                             Loss/Loss_actor |             -77 |
|                             Loss/Loss_alpha |          0.0248 |
|               Loss/Loss_state_action_metric |             1.3 |
|                      Loss/Loss_state_metric |           0.345 |
|             Loss/Loss_state_action_to_state |         0.00438 |
|                           Loss/Act_rep_loss |        0.000465 |
|                        Loss/Critic_rep_loss |            1.62 |
|                                   SAC/Alpha |           0.218 |
|                              SAC/LogPi_mean |           0.957 |
|                                 SAC/Q1_mean |            77.2 |
|                                 SAC/Q2_mean |            77.2 |
|                            Norm/actor_model |             218 |
|                           Norm/critic_model |             263 |
|              Norm/state_action_metric_model |             143 |
|                     Norm/state_metric_model |             169 |
|        Norm/state_action_state_metric_model |             148 |
|                  Metric/self_state_distance |         0.00189 |
|                 Metric/cross_state_distance |            1.63 |
|           Metric/self_state_action_distance |         0.00896 |
|          Metric/cross_state_action_distance |             2.3 |
|             Metric/avg_self_state_asymmetry |               0 |
|            Metric/avg_cross_state_asymmetry |          0.0368 |
|                Metric/avg_self_sa_asymmetry |               0 |
|               Metric/avg_cross_sa_asymmetry |          0.0846 |
|  Metric/self_state_action_to_state_distance |        0.000319 |
| Metric/cross_state_action_to_state_distance |            2.28 |
|                   Metric/h_lambda_diff_self |         0.00875 |
|                  Metric/h_lambda_diff_cross |          0.0698 |
|                                 Eval/Return |             981 |
-----------------------------------------------------------------
[32mSaving model …[0m
[32mDone.[0m
[32mSaving model …[0m
[32mDone.[0m
-----------------------------------------------------------------
|                                 Train/Steps |        4.23e+06 |
|                            Loss/Loss_critic |           0.661 |
|                             Loss/Loss_actor |           -77.6 |
|                             Loss/Loss_alpha |          0.0101 |
|               Loss/Loss_state_action_metric |            1.32 |
|                      Loss/Loss_state_metric |           0.301 |
|             Loss/Loss_state_action_to_state |         0.00735 |
|                           Loss/Act_rep_loss |        0.000974 |
|                        Loss/Critic_rep_loss |            1.42 |
|                                   SAC/Alpha |           0.213 |
|                              SAC/LogPi_mean |           0.986 |
|                                 SAC/Q1_mean |            77.8 |
|                                 SAC/Q2_mean |            77.8 |
|                            Norm/actor_model |             221 |
|                           Norm/critic_model |             266 |
|              Norm/state_action_metric_model |             145 |
|                     Norm/state_metric_model |             172 |
|        Norm/state_action_state_metric_model |             151 |
|                  Metric/self_state_distance |        0.000864 |
|                 Metric/cross_state_distance |            1.62 |
|           Metric/self_state_action_distance |          0.0171 |
|          Metric/cross_state_action_distance |            2.37 |
|             Metric/avg_self_state_asymmetry |               0 |
|            Metric/avg_cross_state_asymmetry |          0.0354 |
|                Metric/avg_self_sa_asymmetry |               0 |
|               Metric/avg_cross_sa_asymmetry |          0.0773 |
|  Metric/self_state_action_to_state_distance |        0.000538 |
| Metric/cross_state_action_to_state_distance |            2.27 |
|                   Metric/h_lambda_diff_self |          0.0167 |
|                  Metric/h_lambda_diff_cross |           0.121 |
|                                 Eval/Return |             980 |
-----------------------------------------------------------------
-----------------------------------------------------------------
|                                 Train/Steps |        4.36e+06 |
|                            Loss/Loss_critic |           0.841 |
|                             Loss/Loss_actor |           -78.3 |
|                             Loss/Loss_alpha |         -0.0312 |
|               Loss/Loss_state_action_metric |            1.34 |
|                      Loss/Loss_state_metric |           0.278 |
|             Loss/Loss_state_action_to_state |         0.00656 |
|                           Loss/Act_rep_loss |        0.000609 |
|                        Loss/Critic_rep_loss |            1.04 |
|                                   SAC/Alpha |           0.205 |
|                              SAC/LogPi_mean |            1.02 |
|                                 SAC/Q1_mean |            78.5 |
|                                 SAC/Q2_mean |            78.6 |
|                            Norm/actor_model |             224 |
|                           Norm/critic_model |             269 |
|              Norm/state_action_metric_model |             147 |
|                     Norm/state_metric_model |             175 |
|        Norm/state_action_state_metric_model |             153 |
|                  Metric/self_state_distance |        0.000644 |
|                 Metric/cross_state_distance |            1.57 |
|           Metric/self_state_action_distance |         0.00545 |
|          Metric/cross_state_action_distance |            2.21 |
|             Metric/avg_self_state_asymmetry |               0 |
|            Metric/avg_cross_state_asymmetry |          0.0354 |
|                Metric/avg_self_sa_asymmetry |               0 |
|               Metric/avg_cross_sa_asymmetry |          0.0847 |
|  Metric/self_state_action_to_state_distance |         0.00089 |
| Metric/cross_state_action_to_state_distance |            2.15 |
|                   Metric/h_lambda_diff_self |         0.00504 |
|                  Metric/h_lambda_diff_cross |           0.087 |
|                                 Eval/Return |             979 |
-----------------------------------------------------------------
-----------------------------------------------------------------
|                                 Train/Steps |        4.49e+06 |
|                            Loss/Loss_critic |           0.719 |
|                             Loss/Loss_actor |           -79.5 |
|                             Loss/Loss_alpha |        -0.00158 |
|               Loss/Loss_state_action_metric |            1.22 |
|                      Loss/Loss_state_metric |           0.246 |
|             Loss/Loss_state_action_to_state |         0.00441 |
|                           Loss/Act_rep_loss |        0.000771 |
|                        Loss/Critic_rep_loss |           0.854 |
|                                   SAC/Alpha |           0.207 |
|                              SAC/LogPi_mean |           0.902 |
|                                 SAC/Q1_mean |            79.7 |
|                                 SAC/Q2_mean |            79.8 |
|                            Norm/actor_model |             227 |
|                           Norm/critic_model |             272 |
|              Norm/state_action_metric_model |             149 |
|                     Norm/state_metric_model |             178 |
|        Norm/state_action_state_metric_model |             155 |
|                  Metric/self_state_distance |        0.000671 |
|                 Metric/cross_state_distance |            1.51 |
|           Metric/self_state_action_distance |           0.028 |
|          Metric/cross_state_action_distance |            2.09 |
|             Metric/avg_self_state_asymmetry |               0 |
|            Metric/avg_cross_state_asymmetry |          0.0353 |
|                Metric/avg_self_sa_asymmetry |               0 |
|               Metric/avg_cross_sa_asymmetry |          0.0736 |
|  Metric/self_state_action_to_state_distance |        0.000143 |
| Metric/cross_state_action_to_state_distance |            2.04 |
|                   Metric/h_lambda_diff_self |          0.0278 |
|                  Metric/h_lambda_diff_cross |          0.0867 |
|                                 Eval/Return |             970 |
-----------------------------------------------------------------
-----------------------------------------------------------------
|                                 Train/Steps |        4.62e+06 |
|                            Loss/Loss_critic |           0.325 |
|                             Loss/Loss_actor |           -80.4 |
|                             Loss/Loss_alpha |           0.012 |
|               Loss/Loss_state_action_metric |           0.663 |
|                      Loss/Loss_state_metric |           0.157 |
|             Loss/Loss_state_action_to_state |         0.00287 |
|                           Loss/Act_rep_loss |        0.000477 |
|                        Loss/Critic_rep_loss |           0.665 |
|                                   SAC/Alpha |           0.201 |
|                              SAC/LogPi_mean |            0.98 |
|                                 SAC/Q1_mean |            80.7 |
|                                 SAC/Q2_mean |            80.7 |
|                            Norm/actor_model |             230 |
|                           Norm/critic_model |             274 |
|              Norm/state_action_metric_model |             151 |
|                     Norm/state_metric_model |             180 |
|        Norm/state_action_state_metric_model |             158 |
|                  Metric/self_state_distance |        0.000227 |
|                 Metric/cross_state_distance |            1.44 |
|           Metric/self_state_action_distance |         0.00241 |
|          Metric/cross_state_action_distance |            1.86 |
|             Metric/avg_self_state_asymmetry |               0 |
|            Metric/avg_cross_state_asymmetry |          0.0292 |
|                Metric/avg_self_sa_asymmetry |               0 |
|               Metric/avg_cross_sa_asymmetry |          0.0671 |
|  Metric/self_state_action_to_state_distance |        0.000155 |
| Metric/cross_state_action_to_state_distance |            1.85 |
|                   Metric/h_lambda_diff_self |         0.00248 |
|                  Metric/h_lambda_diff_cross |          0.0634 |
|                                 Eval/Return |             980 |
-----------------------------------------------------------------
-----------------------------------------------------------------
|                                 Train/Steps |        4.74e+06 |
|                            Loss/Loss_critic |           0.482 |
|                             Loss/Loss_actor |           -81.1 |
|                             Loss/Loss_alpha |         -0.0263 |
|               Loss/Loss_state_action_metric |            0.67 |
|                      Loss/Loss_state_metric |           0.212 |
|             Loss/Loss_state_action_to_state |         0.00386 |
|                           Loss/Act_rep_loss |        0.000608 |
|                        Loss/Critic_rep_loss |           0.721 |
|                                   SAC/Alpha |           0.199 |
|                              SAC/LogPi_mean |            1.08 |
|                                 SAC/Q1_mean |            81.4 |
|                                 SAC/Q2_mean |            81.3 |
|                            Norm/actor_model |             233 |
|                           Norm/critic_model |             277 |
|              Norm/state_action_metric_model |             153 |
|                     Norm/state_metric_model |             182 |
|        Norm/state_action_state_metric_model |             160 |
|                  Metric/self_state_distance |         0.00263 |
|                 Metric/cross_state_distance |            1.46 |
|           Metric/self_state_action_distance |            0.01 |
|          Metric/cross_state_action_distance |            1.93 |
|             Metric/avg_self_state_asymmetry |               0 |
|            Metric/avg_cross_state_asymmetry |          0.0293 |
|                Metric/avg_self_sa_asymmetry |               0 |
|               Metric/avg_cross_sa_asymmetry |          0.0679 |
|  Metric/self_state_action_to_state_distance |         0.00129 |
| Metric/cross_state_action_to_state_distance |            1.93 |
|                   Metric/h_lambda_diff_self |         0.00918 |
|                  Metric/h_lambda_diff_cross |           0.067 |
|                                 Eval/Return |             970 |
-----------------------------------------------------------------
-----------------------------------------------------------------
|                                 Train/Steps |        4.87e+06 |
|                            Loss/Loss_critic |           0.529 |
|                             Loss/Loss_actor |             -82 |
|                             Loss/Loss_alpha |        -0.00328 |
|               Loss/Loss_state_action_metric |           0.738 |
|                      Loss/Loss_state_metric |           0.172 |
|             Loss/Loss_state_action_to_state |         0.00377 |
|                           Loss/Act_rep_loss |          0.0023 |
|                        Loss/Critic_rep_loss |           0.624 |
|                                   SAC/Alpha |           0.194 |
|                              SAC/LogPi_mean |           0.996 |
|                                 SAC/Q1_mean |            82.2 |
|                                 SAC/Q2_mean |            82.3 |
|                            Norm/actor_model |             235 |
|                           Norm/critic_model |             280 |
|              Norm/state_action_metric_model |             155 |
|                     Norm/state_metric_model |             185 |
|        Norm/state_action_state_metric_model |             162 |
|                  Metric/self_state_distance |         0.00135 |
|                 Metric/cross_state_distance |             1.4 |
|           Metric/self_state_action_distance |        0.000842 |
|          Metric/cross_state_action_distance |             1.8 |
|             Metric/avg_self_state_asymmetry |               0 |
|            Metric/avg_cross_state_asymmetry |          0.0263 |
|                Metric/avg_self_sa_asymmetry |               0 |
|               Metric/avg_cross_sa_asymmetry |          0.0803 |
|  Metric/self_state_action_to_state_distance |        0.000704 |
| Metric/cross_state_action_to_state_distance |            1.78 |
|                   Metric/h_lambda_diff_self |         0.00125 |
|                  Metric/h_lambda_diff_cross |          0.0775 |
|                                 Eval/Return |             982 |
-----------------------------------------------------------------
-----------------------------------------------------------------
|                                 Train/Steps |           5e+06 |
|                            Loss/Loss_critic |           0.364 |
|                             Loss/Loss_actor |           -82.3 |
|                             Loss/Loss_alpha |         -0.0105 |
|               Loss/Loss_state_action_metric |            0.94 |
|                      Loss/Loss_state_metric |           0.216 |
|             Loss/Loss_state_action_to_state |         0.00574 |
|                           Loss/Act_rep_loss |         0.00184 |
|                        Loss/Critic_rep_loss |           0.656 |
|                                   SAC/Alpha |           0.188 |
|                              SAC/LogPi_mean |            1.03 |
|                                 SAC/Q1_mean |            82.6 |
|                                 SAC/Q2_mean |            82.6 |
|                            Norm/actor_model |             238 |
|                           Norm/critic_model |             282 |
|              Norm/state_action_metric_model |             157 |
|                     Norm/state_metric_model |             187 |
|        Norm/state_action_state_metric_model |             164 |
|                  Metric/self_state_distance |        0.000408 |
|                 Metric/cross_state_distance |            1.47 |
|           Metric/self_state_action_distance |         0.00475 |
|          Metric/cross_state_action_distance |            1.91 |
|             Metric/avg_self_state_asymmetry |               0 |
|            Metric/avg_cross_state_asymmetry |           0.025 |
|                Metric/avg_self_sa_asymmetry |               0 |
|               Metric/avg_cross_sa_asymmetry |           0.073 |
|  Metric/self_state_action_to_state_distance |        0.000491 |
| Metric/cross_state_action_to_state_distance |            1.84 |
|                   Metric/h_lambda_diff_self |         0.00487 |
|                  Metric/h_lambda_diff_cross |          0.0903 |
|                                 Eval/Return |             968 |
-----------------------------------------------------------------
[32mSaving model …[0m
[32mDone.[0m
[32mSaving model …[0m
[32mDone.[0m
