E0905 02:00:10.337080  650150 cuda_executor.cc:1526] Could not get kernel mode driver version: (INVALID_ARGUMENT: Version does not match the format X.Y.Z)
E0905 02:00:10.345291  650041 cuda_executor.cc:1526] Could not get kernel mode driver version: (INVALID_ARGUMENT: Version does not match the format X.Y.Z)
[32mStart prefilling replay buffer[0m
[32mStart SAC training[0m
[32m{'log_freq': 1000, 'save_freq': 1000000, 'eval_episode_freq': 10, 'hidden_size': 256, 'lr': 0.001, 'max_grad_norm': 0.0, 'gamma': 0.99, 'update_tau': 0.005, 'train_per_step': 8, 'episode_length': 1000, 'warmup_samples': 8192, 'max_replay_size': 4000000, 'batch_size': 512, 'total_env_steps': 5000000, 'init_temperature': 0.1, 'nstep': 3, 'bootstrap_on_truncation': True, 'rep_lr_scale': 1.5, 'critic_rep_metric_scale': 1.0, 'critic_rep_scale': 0.05, 'vis_feq': 100000, 'n_vis_frames': 4, 'num_envs': 128, 'grad_steps': 50, 'transfer_freq': 10, 'transfer_steps': 8, 'reward_scaling': 1.0, 'num_eval_envs': 128, 'target_entropy': -1.0}[0m
[32m[nstep] nstep=3 bootstrap_on_truncation=True (discount from the buffer already contains gamma^nstep)[0m
-----------------------------------------------------------------
|                                 Train/Steps |        1.36e+05 |
|                            Loss/Loss_critic |        4.79e-07 |
|                             Loss/Loss_actor |          -0.332 |
|                             Loss/Loss_alpha |         0.00356 |
|               Loss/Loss_state_action_metric |         0.00287 |
|                      Loss/Loss_state_metric |         0.00215 |
|             Loss/Loss_state_action_to_state |        8.82e-06 |
|                           Loss/Act_rep_loss |           0.159 |
|                        Loss/Critic_rep_loss |               0 |
|                                   SAC/Alpha |         0.00152 |
|                              SAC/LogPi_mean |           -1.33 |
|                                 SAC/Q1_mean |           0.331 |
|                                 SAC/Q2_mean |            0.33 |
|                            Norm/actor_model |            17.9 |
|                           Norm/critic_model |            22.8 |
|              Norm/state_action_metric_model |              30 |
|                     Norm/state_metric_model |            30.3 |
|        Norm/state_action_state_metric_model |            30.1 |
|                  Metric/self_state_distance |         0.00077 |
|                 Metric/cross_state_distance |           0.921 |
|           Metric/self_state_action_distance |         0.00172 |
|          Metric/cross_state_action_distance |           0.913 |
|             Metric/avg_self_state_asymmetry |               0 |
|            Metric/avg_cross_state_asymmetry |         0.00139 |
|                Metric/avg_self_sa_asymmetry |               0 |
|               Metric/avg_cross_sa_asymmetry |         0.00304 |
|  Metric/self_state_action_to_state_distance |        9.42e-05 |
| Metric/cross_state_action_to_state_distance |           0.906 |
|                   Metric/h_lambda_diff_self |         0.00165 |
|                  Metric/h_lambda_diff_cross |         0.00672 |
|                                 Eval/Return |               0 |
-----------------------------------------------------------------
-----------------------------------------------------------------
|                                 Train/Steps |        2.64e+05 |
|                            Loss/Loss_critic |        8.86e-08 |
|                             Loss/Loss_actor |          -0.107 |
|                             Loss/Loss_alpha |        0.000112 |
|               Loss/Loss_state_action_metric |          0.0026 |
|                      Loss/Loss_state_metric |         0.00208 |
|             Loss/Loss_state_action_to_state |        6.32e-07 |
|                           Loss/Act_rep_loss |           0.164 |
|                        Loss/Critic_rep_loss |               0 |
|                                   SAC/Alpha |        6.11e-05 |
|                              SAC/LogPi_mean |          -0.846 |
|                                 SAC/Q1_mean |           0.107 |
|                                 SAC/Q2_mean |           0.107 |
|                            Norm/actor_model |            24.2 |
|                           Norm/critic_model |            22.7 |
|              Norm/state_action_metric_model |            31.8 |
|                     Norm/state_metric_model |            32.2 |
|        Norm/state_action_state_metric_model |            32.4 |
|                  Metric/self_state_distance |        0.000836 |
|                 Metric/cross_state_distance |           0.909 |
|           Metric/self_state_action_distance |         0.00178 |
|          Metric/cross_state_action_distance |           0.898 |
|             Metric/avg_self_state_asymmetry |               0 |
|            Metric/avg_cross_state_asymmetry |         0.00268 |
|                Metric/avg_self_sa_asymmetry |               0 |
|               Metric/avg_cross_sa_asymmetry |        0.000516 |
|  Metric/self_state_action_to_state_distance |        0.000146 |
| Metric/cross_state_action_to_state_distance |           0.898 |
|                   Metric/h_lambda_diff_self |         0.00163 |
|                  Metric/h_lambda_diff_cross |        0.000744 |
|                                 Eval/Return |               0 |
-----------------------------------------------------------------
-----------------------------------------------------------------
|                                 Train/Steps |        3.92e+05 |
|                            Loss/Loss_critic |          0.0235 |
|                             Loss/Loss_actor |         -0.0361 |
|                             Loss/Loss_alpha |       -5.26e-05 |
|               Loss/Loss_state_action_metric |          0.0205 |
|                      Loss/Loss_state_metric |          0.0026 |
|             Loss/Loss_state_action_to_state |         0.00137 |
|                           Loss/Act_rep_loss |           0.153 |
|                        Loss/Critic_rep_loss |         0.00995 |
|                                   SAC/Alpha |        0.000137 |
|                              SAC/LogPi_mean |            1.48 |
|                                 SAC/Q1_mean |          0.0398 |
|                                 SAC/Q2_mean |           0.038 |
|                            Norm/actor_model |            34.3 |
|                           Norm/critic_model |            28.6 |
|              Norm/state_action_metric_model |            36.4 |
|                     Norm/state_metric_model |            34.1 |
|        Norm/state_action_state_metric_model |            34.9 |
|                  Metric/self_state_distance |        0.000993 |
|                 Metric/cross_state_distance |           0.928 |
|           Metric/self_state_action_distance |         0.00956 |
|          Metric/cross_state_action_distance |           0.904 |
|             Metric/avg_self_state_asymmetry |               0 |
|            Metric/avg_cross_state_asymmetry |         0.00396 |
|                Metric/avg_self_sa_asymmetry |               0 |
|               Metric/avg_cross_sa_asymmetry |          0.0062 |
|  Metric/self_state_action_to_state_distance |         0.00141 |
| Metric/cross_state_action_to_state_distance |           0.907 |
|                   Metric/h_lambda_diff_self |         0.00836 |
|                  Metric/h_lambda_diff_cross |          0.0148 |
|                                 Eval/Return |               0 |
-----------------------------------------------------------------
-----------------------------------------------------------------
|                                 Train/Steps |         5.2e+05 |
|                            Loss/Loss_critic |           0.144 |
|                             Loss/Loss_actor |           -5.24 |
|                             Loss/Loss_alpha |       -0.000363 |
|               Loss/Loss_state_action_metric |            1.06 |
|                      Loss/Loss_state_metric |           0.304 |
|             Loss/Loss_state_action_to_state |          0.0033 |
|                           Loss/Act_rep_loss |          0.0311 |
|                        Loss/Critic_rep_loss |            6.34 |
|                                   SAC/Alpha |          0.0364 |
|                              SAC/LogPi_mean |           0.989 |
|                                 SAC/Q1_mean |            5.11 |
|                                 SAC/Q2_mean |            5.17 |
|                            Norm/actor_model |            44.2 |
|                           Norm/critic_model |            59.4 |
|              Norm/state_action_metric_model |            45.2 |
|                     Norm/state_metric_model |            42.9 |
|        Norm/state_action_state_metric_model |            41.6 |
|                  Metric/self_state_distance |         0.00874 |
|                 Metric/cross_state_distance |            1.39 |
|           Metric/self_state_action_distance |          0.0203 |
|          Metric/cross_state_action_distance |            1.73 |
|             Metric/avg_self_state_asymmetry |               0 |
|            Metric/avg_cross_state_asymmetry |          0.0346 |
|                Metric/avg_self_sa_asymmetry |               0 |
|               Metric/avg_cross_sa_asymmetry |           0.052 |
|  Metric/self_state_action_to_state_distance |          0.0132 |
| Metric/cross_state_action_to_state_distance |            1.73 |
|                   Metric/h_lambda_diff_self |          0.0142 |
|                  Metric/h_lambda_diff_cross |          0.0322 |
|                                 Eval/Return |             851 |
-----------------------------------------------------------------
-----------------------------------------------------------------
|                                 Train/Steps |        6.48e+05 |
|                            Loss/Loss_critic |           0.338 |
|                             Loss/Loss_actor |           -23.5 |
|                             Loss/Loss_alpha |         -0.0174 |
|               Loss/Loss_state_action_metric |            2.45 |
|                      Loss/Loss_state_metric |           0.833 |
|             Loss/Loss_state_action_to_state |         0.00235 |
|                           Loss/Act_rep_loss |          0.0264 |
|                        Loss/Critic_rep_loss |            16.8 |
|                                   SAC/Alpha |           0.158 |
|                              SAC/LogPi_mean |            1.26 |
|                                 SAC/Q1_mean |            23.3 |
|                                 SAC/Q2_mean |            23.4 |
|                            Norm/actor_model |            48.8 |
|                           Norm/critic_model |            81.1 |
|              Norm/state_action_metric_model |            50.2 |
|                     Norm/state_metric_model |              49 |
|        Norm/state_action_state_metric_model |              46 |
|                  Metric/self_state_distance |         0.00633 |
|                 Metric/cross_state_distance |             2.1 |
|           Metric/self_state_action_distance |          0.0412 |
|          Metric/cross_state_action_distance |            3.04 |
|             Metric/avg_self_state_asymmetry |               0 |
|            Metric/avg_cross_state_asymmetry |          0.0315 |
|                Metric/avg_self_sa_asymmetry |               0 |
|               Metric/avg_cross_sa_asymmetry |          0.0362 |
|  Metric/self_state_action_to_state_distance |         0.00993 |
| Metric/cross_state_action_to_state_distance |            2.99 |
|                   Metric/h_lambda_diff_self |          0.0349 |
|                  Metric/h_lambda_diff_cross |          0.0564 |
|                                 Eval/Return |             949 |
-----------------------------------------------------------------
-----------------------------------------------------------------
|                                 Train/Steps |        7.76e+05 |
|                            Loss/Loss_critic |           0.729 |
|                             Loss/Loss_actor |           -40.6 |
|                             Loss/Loss_alpha |          0.0212 |
|               Loss/Loss_state_action_metric |            2.85 |
|                      Loss/Loss_state_metric |            1.07 |
|             Loss/Loss_state_action_to_state |         0.00177 |
|                           Loss/Act_rep_loss |          0.0222 |
|                        Loss/Critic_rep_loss |            19.8 |
|                                   SAC/Alpha |           0.201 |
|                              SAC/LogPi_mean |           0.981 |
|                                 SAC/Q1_mean |            40.4 |
|                                 SAC/Q2_mean |            40.4 |
|                            Norm/actor_model |            53.8 |
|                           Norm/critic_model |            94.3 |
|              Norm/state_action_metric_model |            54.4 |
|                     Norm/state_metric_model |            54.4 |
|        Norm/state_action_state_metric_model |            49.6 |
|                  Metric/self_state_distance |          0.0091 |
|                 Metric/cross_state_distance |            2.22 |
|           Metric/self_state_action_distance |          0.0193 |
|          Metric/cross_state_action_distance |             3.2 |
|             Metric/avg_self_state_asymmetry |               0 |
|            Metric/avg_cross_state_asymmetry |          0.0255 |
|                Metric/avg_self_sa_asymmetry |               0 |
|               Metric/avg_cross_sa_asymmetry |          0.0362 |
|  Metric/self_state_action_to_state_distance |         0.00308 |
| Metric/cross_state_action_to_state_distance |            3.17 |
|                   Metric/h_lambda_diff_self |          0.0165 |
|                  Metric/h_lambda_diff_cross |          0.0413 |
|                                 Eval/Return |             947 |
-----------------------------------------------------------------
-----------------------------------------------------------------
|                                 Train/Steps |        9.04e+05 |
|                            Loss/Loss_critic |           0.663 |
|                             Loss/Loss_actor |           -54.5 |
|                             Loss/Loss_alpha |         -0.0196 |
|               Loss/Loss_state_action_metric |            3.16 |
|                      Loss/Loss_state_metric |            1.42 |
|             Loss/Loss_state_action_to_state |         0.00359 |
|                           Loss/Act_rep_loss |          0.0206 |
|                        Loss/Critic_rep_loss |            23.8 |
|                                   SAC/Alpha |           0.185 |
|                              SAC/LogPi_mean |            1.02 |
|                                 SAC/Q1_mean |            54.1 |
|                                 SAC/Q2_mean |            54.1 |
|                            Norm/actor_model |            58.3 |
|                           Norm/critic_model |             103 |
|              Norm/state_action_metric_model |            58.5 |
|                     Norm/state_metric_model |            60.2 |
|        Norm/state_action_state_metric_model |            53.5 |
|                  Metric/self_state_distance |         0.00837 |
|                 Metric/cross_state_distance |            2.53 |
|           Metric/self_state_action_distance |          0.0121 |
|          Metric/cross_state_action_distance |            3.57 |
|             Metric/avg_self_state_asymmetry |               0 |
|            Metric/avg_cross_state_asymmetry |           0.027 |
|                Metric/avg_self_sa_asymmetry |               0 |
|               Metric/avg_cross_sa_asymmetry |          0.0334 |
|  Metric/self_state_action_to_state_distance |          0.0149 |
| Metric/cross_state_action_to_state_distance |            3.57 |
|                   Metric/h_lambda_diff_self |          0.0154 |
|                  Metric/h_lambda_diff_cross |          0.0456 |
|                                 Eval/Return |             947 |
-----------------------------------------------------------------
-----------------------------------------------------------------
|                                 Train/Steps |        1.03e+06 |
|                            Loss/Loss_critic |           0.469 |
|                             Loss/Loss_actor |           -62.1 |
|                             Loss/Loss_alpha |          0.0321 |
|               Loss/Loss_state_action_metric |             3.6 |
|                      Loss/Loss_state_metric |            1.58 |
|             Loss/Loss_state_action_to_state |         0.00128 |
|                           Loss/Act_rep_loss |          0.0146 |
|                        Loss/Critic_rep_loss |            25.2 |
|                                   SAC/Alpha |           0.168 |
|                              SAC/LogPi_mean |           0.948 |
|                                 SAC/Q1_mean |            61.8 |
|                                 SAC/Q2_mean |            61.8 |
|                            Norm/actor_model |            62.9 |
|                           Norm/critic_model |             110 |
|              Norm/state_action_metric_model |            61.6 |
|                     Norm/state_metric_model |            65.9 |
|        Norm/state_action_state_metric_model |            56.7 |
|                  Metric/self_state_distance |         0.00234 |
|                 Metric/cross_state_distance |            2.62 |
|           Metric/self_state_action_distance |          0.0173 |
|          Metric/cross_state_action_distance |            3.77 |
|             Metric/avg_self_state_asymmetry |               0 |
|            Metric/avg_cross_state_asymmetry |          0.0279 |
|                Metric/avg_self_sa_asymmetry |               0 |
|               Metric/avg_cross_sa_asymmetry |          0.0254 |
|  Metric/self_state_action_to_state_distance |         0.00364 |
| Metric/cross_state_action_to_state_distance |            3.75 |
|                   Metric/h_lambda_diff_self |          0.0143 |
|                  Metric/h_lambda_diff_cross |          0.0327 |
|                                 Eval/Return |             949 |
-----------------------------------------------------------------
[32mSaving model …[0m
[32mDone.[0m
[32mSaving model …[0m
[32mDone.[0m
-----------------------------------------------------------------
|                                 Train/Steps |        1.16e+06 |
|                            Loss/Loss_critic |           0.704 |
|                             Loss/Loss_actor |           -68.8 |
|                             Loss/Loss_alpha |        -0.00893 |
|               Loss/Loss_state_action_metric |            3.75 |
|                      Loss/Loss_state_metric |            1.74 |
|             Loss/Loss_state_action_to_state |         0.00176 |
|                           Loss/Act_rep_loss |          0.0118 |
|                        Loss/Critic_rep_loss |            28.1 |
|                                   SAC/Alpha |           0.149 |
|                              SAC/LogPi_mean |            1.08 |
|                                 SAC/Q1_mean |            68.4 |
|                                 SAC/Q2_mean |            68.4 |
|                            Norm/actor_model |              67 |
|                           Norm/critic_model |             115 |
|              Norm/state_action_metric_model |            64.9 |
|                     Norm/state_metric_model |            72.7 |
|        Norm/state_action_state_metric_model |            59.5 |
|                  Metric/self_state_distance |         0.00257 |
|                 Metric/cross_state_distance |            2.77 |
|           Metric/self_state_action_distance |          0.0163 |
|          Metric/cross_state_action_distance |            4.01 |
|             Metric/avg_self_state_asymmetry |               0 |
|            Metric/avg_cross_state_asymmetry |          0.0182 |
|                Metric/avg_self_sa_asymmetry |               0 |
|               Metric/avg_cross_sa_asymmetry |           0.027 |
|  Metric/self_state_action_to_state_distance |         0.00641 |
| Metric/cross_state_action_to_state_distance |            4.05 |
|                   Metric/h_lambda_diff_self |          0.0154 |
|                  Metric/h_lambda_diff_cross |          0.0666 |
|                                 Eval/Return |             948 |
-----------------------------------------------------------------
-----------------------------------------------------------------
|                                 Train/Steps |        1.29e+06 |
|                            Loss/Loss_critic |            0.68 |
|                             Loss/Loss_actor |           -70.6 |
|                             Loss/Loss_alpha |         -0.0191 |
|               Loss/Loss_state_action_metric |            3.95 |
|                      Loss/Loss_state_metric |            1.63 |
|             Loss/Loss_state_action_to_state |         0.00109 |
|                           Loss/Act_rep_loss |          0.0161 |
|                        Loss/Critic_rep_loss |            26.4 |
|                                   SAC/Alpha |           0.127 |
|                              SAC/LogPi_mean |            1.15 |
|                                 SAC/Q1_mean |            70.2 |
|                                 SAC/Q2_mean |            70.3 |
|                            Norm/actor_model |              71 |
|                           Norm/critic_model |             119 |
|              Norm/state_action_metric_model |            67.8 |
|                     Norm/state_metric_model |            79.7 |
|        Norm/state_action_state_metric_model |            62.5 |
|                  Metric/self_state_distance |          0.0014 |
|                 Metric/cross_state_distance |            2.87 |
|           Metric/self_state_action_distance |          0.0144 |
|          Metric/cross_state_action_distance |            3.98 |
|             Metric/avg_self_state_asymmetry |               0 |
|            Metric/avg_cross_state_asymmetry |          0.0233 |
|                Metric/avg_self_sa_asymmetry |               0 |
|               Metric/avg_cross_sa_asymmetry |          0.0257 |
|  Metric/self_state_action_to_state_distance |         0.00303 |
| Metric/cross_state_action_to_state_distance |            3.95 |
|                   Metric/h_lambda_diff_self |          0.0137 |
|                  Metric/h_lambda_diff_cross |          0.0491 |
|                                 Eval/Return |             950 |
-----------------------------------------------------------------
-----------------------------------------------------------------
|                                 Train/Steps |        1.42e+06 |
|                            Loss/Loss_critic |           0.422 |
|                             Loss/Loss_actor |           -76.2 |
|                             Loss/Loss_alpha |         0.00795 |
|               Loss/Loss_state_action_metric |            3.33 |
|                      Loss/Loss_state_metric |            1.49 |
|             Loss/Loss_state_action_to_state |         0.00109 |
|                           Loss/Act_rep_loss |         0.00797 |
|                        Loss/Critic_rep_loss |            23.1 |
|                                   SAC/Alpha |           0.113 |
|                              SAC/LogPi_mean |           0.919 |
|                                 SAC/Q1_mean |              76 |
|                                 SAC/Q2_mean |            75.9 |
|                            Norm/actor_model |            74.6 |
|                           Norm/critic_model |             123 |
|              Norm/state_action_metric_model |              71 |
|                     Norm/state_metric_model |            86.3 |
|        Norm/state_action_state_metric_model |            65.6 |
|                  Metric/self_state_distance |         0.00343 |
|                 Metric/cross_state_distance |            2.65 |
|           Metric/self_state_action_distance |          0.0104 |
|          Metric/cross_state_action_distance |            3.68 |
|             Metric/avg_self_state_asymmetry |               0 |
|            Metric/avg_cross_state_asymmetry |          0.0162 |
|                Metric/avg_self_sa_asymmetry |               0 |
|               Metric/avg_cross_sa_asymmetry |           0.033 |
|  Metric/self_state_action_to_state_distance |         0.00347 |
| Metric/cross_state_action_to_state_distance |            3.67 |
|                   Metric/h_lambda_diff_self |         0.00774 |
|                  Metric/h_lambda_diff_cross |          0.0267 |
|                                 Eval/Return |             951 |
-----------------------------------------------------------------
-----------------------------------------------------------------
|                                 Train/Steps |        1.54e+06 |
|                            Loss/Loss_critic |           0.478 |
|                             Loss/Loss_actor |           -77.7 |
|                             Loss/Loss_alpha |         0.00466 |
|               Loss/Loss_state_action_metric |            3.27 |
|                      Loss/Loss_state_metric |            1.52 |
|             Loss/Loss_state_action_to_state |         0.00099 |
|                           Loss/Act_rep_loss |          0.0283 |
|                        Loss/Critic_rep_loss |            21.4 |
|                                   SAC/Alpha |          0.0971 |
|                              SAC/LogPi_mean |            1.14 |
|                                 SAC/Q1_mean |            77.4 |
|                                 SAC/Q2_mean |            77.4 |
|                            Norm/actor_model |            78.2 |
|                           Norm/critic_model |             126 |
|              Norm/state_action_metric_model |            73.8 |
|                     Norm/state_metric_model |            93.3 |
|        Norm/state_action_state_metric_model |            68.5 |
|                  Metric/self_state_distance |         0.00399 |
|                 Metric/cross_state_distance |             2.5 |
|           Metric/self_state_action_distance |          0.0124 |
|          Metric/cross_state_action_distance |            3.49 |
|             Metric/avg_self_state_asymmetry |               0 |
|            Metric/avg_cross_state_asymmetry |          0.0169 |
|                Metric/avg_self_sa_asymmetry |               0 |
|               Metric/avg_cross_sa_asymmetry |          0.0253 |
|  Metric/self_state_action_to_state_distance |         0.00279 |
| Metric/cross_state_action_to_state_distance |             3.5 |
|                   Metric/h_lambda_diff_self |            0.01 |
|                  Metric/h_lambda_diff_cross |          0.0308 |
|                                 Eval/Return |             950 |
-----------------------------------------------------------------
-----------------------------------------------------------------
|                                 Train/Steps |        1.67e+06 |
|                            Loss/Loss_critic |           0.329 |
|                             Loss/Loss_actor |           -80.7 |
|                             Loss/Loss_alpha |         0.00793 |
|               Loss/Loss_state_action_metric |            3.31 |
|                      Loss/Loss_state_metric |            1.34 |
|             Loss/Loss_state_action_to_state |        0.000789 |
|                           Loss/Act_rep_loss |          0.0103 |
|                        Loss/Critic_rep_loss |            20.4 |
|                                   SAC/Alpha |          0.0851 |
|                              SAC/LogPi_mean |           0.909 |
|                                 SAC/Q1_mean |            80.3 |
|                                 SAC/Q2_mean |            80.4 |
|                            Norm/actor_model |            81.4 |
|                           Norm/critic_model |             128 |
|              Norm/state_action_metric_model |            76.7 |
|                     Norm/state_metric_model |            99.5 |
|        Norm/state_action_state_metric_model |            71.7 |
|                  Metric/self_state_distance |         0.00167 |
|                 Metric/cross_state_distance |            2.46 |
|           Metric/self_state_action_distance |         0.00634 |
|          Metric/cross_state_action_distance |            3.53 |
|             Metric/avg_self_state_asymmetry |               0 |
|            Metric/avg_cross_state_asymmetry |          0.0296 |
|                Metric/avg_self_sa_asymmetry |               0 |
|               Metric/avg_cross_sa_asymmetry |          0.0244 |
|  Metric/self_state_action_to_state_distance |         0.00104 |
| Metric/cross_state_action_to_state_distance |            3.53 |
|                   Metric/h_lambda_diff_self |         0.00579 |
|                  Metric/h_lambda_diff_cross |          0.0314 |
|                                 Eval/Return |             950 |
-----------------------------------------------------------------
-----------------------------------------------------------------
|                                 Train/Steps |         1.8e+06 |
|                            Loss/Loss_critic |           0.476 |
|                             Loss/Loss_actor |           -81.6 |
|                             Loss/Loss_alpha |          0.0027 |
|               Loss/Loss_state_action_metric |            3.51 |
|                      Loss/Loss_state_metric |            1.42 |
|             Loss/Loss_state_action_to_state |         0.00149 |
|                           Loss/Act_rep_loss |         0.00599 |
|                        Loss/Critic_rep_loss |              20 |
|                                   SAC/Alpha |          0.0725 |
|                              SAC/LogPi_mean |           0.953 |
|                                 SAC/Q1_mean |            81.3 |
|                                 SAC/Q2_mean |            81.4 |
|                            Norm/actor_model |            84.6 |
|                           Norm/critic_model |             130 |
|              Norm/state_action_metric_model |            79.8 |
|                     Norm/state_metric_model |             105 |
|        Norm/state_action_state_metric_model |            74.7 |
|                  Metric/self_state_distance |        0.000695 |
|                 Metric/cross_state_distance |             2.5 |
|           Metric/self_state_action_distance |         0.00198 |
|          Metric/cross_state_action_distance |            3.63 |
|             Metric/avg_self_state_asymmetry |               0 |
|            Metric/avg_cross_state_asymmetry |          0.0269 |
|                Metric/avg_self_sa_asymmetry |               0 |
|               Metric/avg_cross_sa_asymmetry |          0.0231 |
|  Metric/self_state_action_to_state_distance |         0.00375 |
| Metric/cross_state_action_to_state_distance |            3.61 |
|                   Metric/h_lambda_diff_self |         0.00337 |
|                  Metric/h_lambda_diff_cross |          0.0357 |
|                                 Eval/Return |             951 |
-----------------------------------------------------------------
-----------------------------------------------------------------
|                                 Train/Steps |        1.93e+06 |
|                            Loss/Loss_critic |            0.37 |
|                             Loss/Loss_actor |           -83.8 |
|                             Loss/Loss_alpha |         0.00367 |
|               Loss/Loss_state_action_metric |            3.27 |
|                      Loss/Loss_state_metric |            1.52 |
|             Loss/Loss_state_action_to_state |         0.00115 |
|                           Loss/Act_rep_loss |         0.00535 |
|                        Loss/Critic_rep_loss |            18.9 |
|                                   SAC/Alpha |          0.0651 |
|                              SAC/LogPi_mean |            1.01 |
|                                 SAC/Q1_mean |            83.5 |
|                                 SAC/Q2_mean |            83.6 |
|                            Norm/actor_model |            87.9 |
|                           Norm/critic_model |             132 |
|              Norm/state_action_metric_model |            82.4 |
|                     Norm/state_metric_model |             109 |
|        Norm/state_action_state_metric_model |            77.7 |
|                  Metric/self_state_distance |         0.00145 |
|                 Metric/cross_state_distance |            2.47 |
|           Metric/self_state_action_distance |          0.0051 |
|          Metric/cross_state_action_distance |            3.45 |
|             Metric/avg_self_state_asymmetry |               0 |
|            Metric/avg_cross_state_asymmetry |          0.0203 |
|                Metric/avg_self_sa_asymmetry |               0 |
|               Metric/avg_cross_sa_asymmetry |          0.0204 |
|  Metric/self_state_action_to_state_distance |         0.00188 |
| Metric/cross_state_action_to_state_distance |            3.47 |
|                   Metric/h_lambda_diff_self |          0.0038 |
|                  Metric/h_lambda_diff_cross |          0.0356 |
|                                 Eval/Return |             951 |
-----------------------------------------------------------------
-----------------------------------------------------------------
|                                 Train/Steps |        2.06e+06 |
|                            Loss/Loss_critic |           0.537 |
|                             Loss/Loss_actor |           -83.9 |
|                             Loss/Loss_alpha |        -0.00455 |
|               Loss/Loss_state_action_metric |            3.16 |
|                      Loss/Loss_state_metric |            1.48 |
|             Loss/Loss_state_action_to_state |        0.000542 |
|                           Loss/Act_rep_loss |          0.0264 |
|                        Loss/Critic_rep_loss |            17.2 |
|                                   SAC/Alpha |          0.0588 |
|                              SAC/LogPi_mean |            1.11 |
|                                 SAC/Q1_mean |            83.6 |
|                                 SAC/Q2_mean |            83.5 |
|                            Norm/actor_model |            90.8 |
|                           Norm/critic_model |             134 |
|              Norm/state_action_metric_model |            85.1 |
|                     Norm/state_metric_model |             113 |
|        Norm/state_action_state_metric_model |            80.5 |
|                  Metric/self_state_distance |          0.0011 |
|                 Metric/cross_state_distance |            2.46 |
|           Metric/self_state_action_distance |         0.00367 |
|          Metric/cross_state_action_distance |            3.29 |
|             Metric/avg_self_state_asymmetry |               0 |
|            Metric/avg_cross_state_asymmetry |          0.0185 |
|                Metric/avg_self_sa_asymmetry |               0 |
|               Metric/avg_cross_sa_asymmetry |          0.0199 |
|  Metric/self_state_action_to_state_distance |         0.00203 |
| Metric/cross_state_action_to_state_distance |            3.28 |
|                   Metric/h_lambda_diff_self |         0.00242 |
|                  Metric/h_lambda_diff_cross |          0.0439 |
|                                 Eval/Return |             951 |
-----------------------------------------------------------------
[32mSaving model …[0m
[32mDone.[0m
[32mSaving model …[0m
[32mDone.[0m
-----------------------------------------------------------------
|                                 Train/Steps |        2.18e+06 |
|                            Loss/Loss_critic |            0.29 |
|                             Loss/Loss_actor |           -87.5 |
|                             Loss/Loss_alpha |         0.00441 |
|               Loss/Loss_state_action_metric |            3.19 |
|                      Loss/Loss_state_metric |            1.37 |
|             Loss/Loss_state_action_to_state |        0.000867 |
|                           Loss/Act_rep_loss |         0.00857 |
|                        Loss/Critic_rep_loss |            15.8 |
|                                   SAC/Alpha |          0.0514 |
|                              SAC/LogPi_mean |           0.964 |
|                                 SAC/Q1_mean |            87.2 |
|                                 SAC/Q2_mean |            87.2 |
|                            Norm/actor_model |            93.8 |
|                           Norm/critic_model |             136 |
|              Norm/state_action_metric_model |              88 |
|                     Norm/state_metric_model |             117 |
|        Norm/state_action_state_metric_model |            83.2 |
|                  Metric/self_state_distance |        0.000942 |
|                 Metric/cross_state_distance |            2.36 |
|           Metric/self_state_action_distance |         0.00576 |
|          Metric/cross_state_action_distance |            3.19 |
|             Metric/avg_self_state_asymmetry |               0 |
|            Metric/avg_cross_state_asymmetry |          0.0126 |
|                Metric/avg_self_sa_asymmetry |               0 |
|               Metric/avg_cross_sa_asymmetry |           0.021 |
|  Metric/self_state_action_to_state_distance |        0.000744 |
| Metric/cross_state_action_to_state_distance |             3.2 |
|                   Metric/h_lambda_diff_self |         0.00518 |
|                  Metric/h_lambda_diff_cross |          0.0298 |
|                                 Eval/Return |             951 |
-----------------------------------------------------------------
-----------------------------------------------------------------
|                                 Train/Steps |        2.31e+06 |
|                            Loss/Loss_critic |           0.211 |
|                             Loss/Loss_actor |           -86.5 |
|                             Loss/Loss_alpha |         0.00273 |
|               Loss/Loss_state_action_metric |            3.25 |
|                      Loss/Loss_state_metric |            1.48 |
|             Loss/Loss_state_action_to_state |        0.000607 |
|                           Loss/Act_rep_loss |         0.00663 |
|                        Loss/Critic_rep_loss |            16.3 |
|                                   SAC/Alpha |          0.0446 |
|                              SAC/LogPi_mean |           0.977 |
|                                 SAC/Q1_mean |            86.2 |
|                                 SAC/Q2_mean |            86.2 |
|                            Norm/actor_model |            96.8 |
|                           Norm/critic_model |             137 |
|              Norm/state_action_metric_model |            90.6 |
|                     Norm/state_metric_model |             121 |
|        Norm/state_action_state_metric_model |              86 |
|                  Metric/self_state_distance |        0.000566 |
|                 Metric/cross_state_distance |            2.44 |
|           Metric/self_state_action_distance |         0.00351 |
|          Metric/cross_state_action_distance |            3.28 |
|             Metric/avg_self_state_asymmetry |               0 |
|            Metric/avg_cross_state_asymmetry |         0.00866 |
|                Metric/avg_self_sa_asymmetry |               0 |
|               Metric/avg_cross_sa_asymmetry |          0.0174 |
|  Metric/self_state_action_to_state_distance |         0.00155 |
| Metric/cross_state_action_to_state_distance |            3.25 |
|                   Metric/h_lambda_diff_self |         0.00298 |
|                  Metric/h_lambda_diff_cross |          0.0306 |
|                                 Eval/Return |             951 |
-----------------------------------------------------------------
-----------------------------------------------------------------
|                                 Train/Steps |        2.44e+06 |
|                            Loss/Loss_critic |           0.183 |
|                             Loss/Loss_actor |           -88.8 |
|                             Loss/Loss_alpha |         0.00282 |
|               Loss/Loss_state_action_metric |            2.73 |
|                      Loss/Loss_state_metric |            1.32 |
|             Loss/Loss_state_action_to_state |        0.000562 |
|                           Loss/Act_rep_loss |         0.00405 |
|                        Loss/Critic_rep_loss |            13.7 |
|                                   SAC/Alpha |           0.039 |
|                              SAC/LogPi_mean |           0.944 |
|                                 SAC/Q1_mean |            88.6 |
|                                 SAC/Q2_mean |            88.7 |
|                            Norm/actor_model |            99.6 |
|                           Norm/critic_model |             139 |
|              Norm/state_action_metric_model |            93.4 |
|                     Norm/state_metric_model |             124 |
|        Norm/state_action_state_metric_model |            88.9 |
|                  Metric/self_state_distance |         0.00207 |
|                 Metric/cross_state_distance |            2.27 |
|           Metric/self_state_action_distance |          0.0042 |
|          Metric/cross_state_action_distance |            2.99 |
|             Metric/avg_self_state_asymmetry |               0 |
|            Metric/avg_cross_state_asymmetry |         0.00974 |
|                Metric/avg_self_sa_asymmetry |               0 |
|               Metric/avg_cross_sa_asymmetry |          0.0158 |
|  Metric/self_state_action_to_state_distance |         0.00152 |
| Metric/cross_state_action_to_state_distance |               3 |
|                   Metric/h_lambda_diff_self |         0.00324 |
|                  Metric/h_lambda_diff_cross |          0.0286 |
|                                 Eval/Return |             951 |
-----------------------------------------------------------------
-----------------------------------------------------------------
|                                 Train/Steps |        2.57e+06 |
|                            Loss/Loss_critic |           0.197 |
|                             Loss/Loss_actor |           -89.9 |
|                             Loss/Loss_alpha |         0.00594 |
|               Loss/Loss_state_action_metric |            2.78 |
|                      Loss/Loss_state_metric |             1.1 |
|             Loss/Loss_state_action_to_state |        0.000676 |
|                           Loss/Act_rep_loss |         0.00684 |
|                        Loss/Critic_rep_loss |            13.1 |
|                                   SAC/Alpha |          0.0345 |
|                              SAC/LogPi_mean |           0.822 |
|                                 SAC/Q1_mean |            89.8 |
|                                 SAC/Q2_mean |            89.8 |
|                            Norm/actor_model |             102 |
|                           Norm/critic_model |             141 |
|              Norm/state_action_metric_model |            96.3 |
|                     Norm/state_metric_model |             127 |
|        Norm/state_action_state_metric_model |            91.6 |
|                  Metric/self_state_distance |         0.00241 |
|                 Metric/cross_state_distance |            2.07 |
|           Metric/self_state_action_distance |         0.00605 |
|          Metric/cross_state_action_distance |            2.82 |
|             Metric/avg_self_state_asymmetry |               0 |
|            Metric/avg_cross_state_asymmetry |           0.013 |
|                Metric/avg_self_sa_asymmetry |               0 |
|               Metric/avg_cross_sa_asymmetry |          0.0193 |
|  Metric/self_state_action_to_state_distance |          0.0035 |
| Metric/cross_state_action_to_state_distance |            2.81 |
|                   Metric/h_lambda_diff_self |         0.00607 |
|                  Metric/h_lambda_diff_cross |          0.0425 |
|                                 Eval/Return |             951 |
-----------------------------------------------------------------
-----------------------------------------------------------------
|                                 Train/Steps |         2.7e+06 |
|                            Loss/Loss_critic |           0.184 |
|                             Loss/Loss_actor |           -90.3 |
|                             Loss/Loss_alpha |          0.0065 |
|               Loss/Loss_state_action_metric |            2.64 |
|                      Loss/Loss_state_metric |            1.17 |
|             Loss/Loss_state_action_to_state |         0.00127 |
|                           Loss/Act_rep_loss |         0.00981 |
|                        Loss/Critic_rep_loss |            12.2 |
|                                   SAC/Alpha |           0.032 |
|                              SAC/LogPi_mean |           0.785 |
|                                 SAC/Q1_mean |            90.1 |
|                                 SAC/Q2_mean |            90.2 |
|                            Norm/actor_model |             105 |
|                           Norm/critic_model |             142 |
|              Norm/state_action_metric_model |            99.3 |
|                     Norm/state_metric_model |             130 |
|        Norm/state_action_state_metric_model |            94.1 |
|                  Metric/self_state_distance |         0.00241 |
|                 Metric/cross_state_distance |            2.16 |
|           Metric/self_state_action_distance |         0.00129 |
|          Metric/cross_state_action_distance |            2.84 |
|             Metric/avg_self_state_asymmetry |               0 |
|            Metric/avg_cross_state_asymmetry |         0.00828 |
|                Metric/avg_self_sa_asymmetry |               0 |
|               Metric/avg_cross_sa_asymmetry |           0.017 |
|  Metric/self_state_action_to_state_distance |         0.00278 |
| Metric/cross_state_action_to_state_distance |            2.85 |
|                   Metric/h_lambda_diff_self |         0.00302 |
|                  Metric/h_lambda_diff_cross |          0.0196 |
|                                 Eval/Return |             950 |
-----------------------------------------------------------------
-----------------------------------------------------------------
|                                 Train/Steps |        2.82e+06 |
|                            Loss/Loss_critic |           0.154 |
|                             Loss/Loss_actor |           -90.5 |
|                             Loss/Loss_alpha |         0.00247 |
|               Loss/Loss_state_action_metric |            2.59 |
|                      Loss/Loss_state_metric |            1.13 |
|             Loss/Loss_state_action_to_state |        0.000968 |
|                           Loss/Act_rep_loss |          0.0125 |
|                        Loss/Critic_rep_loss |              12 |
|                                   SAC/Alpha |          0.0276 |
|                              SAC/LogPi_mean |           0.903 |
|                                 SAC/Q1_mean |            90.2 |
|                                 SAC/Q2_mean |            90.3 |
|                            Norm/actor_model |             108 |
|                           Norm/critic_model |             144 |
|              Norm/state_action_metric_model |             102 |
|                     Norm/state_metric_model |             133 |
|        Norm/state_action_state_metric_model |            96.6 |
|                  Metric/self_state_distance |         0.00133 |
|                 Metric/cross_state_distance |            2.15 |
|           Metric/self_state_action_distance |         0.00264 |
|          Metric/cross_state_action_distance |            2.85 |
|             Metric/avg_self_state_asymmetry |               0 |
|            Metric/avg_cross_state_asymmetry |          0.0103 |
|                Metric/avg_self_sa_asymmetry |               0 |
|               Metric/avg_cross_sa_asymmetry |          0.0175 |
|  Metric/self_state_action_to_state_distance |        0.000451 |
| Metric/cross_state_action_to_state_distance |            2.87 |
|                   Metric/h_lambda_diff_self |         0.00241 |
|                  Metric/h_lambda_diff_cross |          0.0306 |
|                                 Eval/Return |             951 |
-----------------------------------------------------------------
-----------------------------------------------------------------
|                                 Train/Steps |        2.95e+06 |
|                            Loss/Loss_critic |           0.341 |
|                             Loss/Loss_actor |             -90 |
|                             Loss/Loss_alpha |         -0.0029 |
|               Loss/Loss_state_action_metric |            2.88 |
|                      Loss/Loss_state_metric |            1.32 |
|             Loss/Loss_state_action_to_state |        0.000859 |
|                           Loss/Act_rep_loss |           0.013 |
|                        Loss/Critic_rep_loss |            13.2 |
|                                   SAC/Alpha |          0.0261 |
|                              SAC/LogPi_mean |            1.07 |
|                                 SAC/Q1_mean |            89.8 |
|                                 SAC/Q2_mean |            89.8 |
|                            Norm/actor_model |             110 |
|                           Norm/critic_model |             146 |
|              Norm/state_action_metric_model |             105 |
|                     Norm/state_metric_model |             135 |
|        Norm/state_action_state_metric_model |            99.2 |
|                  Metric/self_state_distance |         0.00137 |
|                 Metric/cross_state_distance |            2.28 |
|           Metric/self_state_action_distance |         0.00666 |
|          Metric/cross_state_action_distance |            2.96 |
|             Metric/avg_self_state_asymmetry |               0 |
|            Metric/avg_cross_state_asymmetry |          0.0107 |
|                Metric/avg_self_sa_asymmetry |               0 |
|               Metric/avg_cross_sa_asymmetry |          0.0184 |
|  Metric/self_state_action_to_state_distance |         0.00393 |
| Metric/cross_state_action_to_state_distance |            2.99 |
|                   Metric/h_lambda_diff_self |         0.00552 |
|                  Metric/h_lambda_diff_cross |          0.0343 |
|                                 Eval/Return |             951 |
-----------------------------------------------------------------
-----------------------------------------------------------------
|                                 Train/Steps |        3.08e+06 |
|                            Loss/Loss_critic |           0.269 |
|                             Loss/Loss_actor |           -90.2 |
|                             Loss/Loss_alpha |         0.00343 |
|               Loss/Loss_state_action_metric |            2.77 |
|                      Loss/Loss_state_metric |            1.29 |
|             Loss/Loss_state_action_to_state |        0.000522 |
|                           Loss/Act_rep_loss |         0.00647 |
|                        Loss/Critic_rep_loss |            12.8 |
|                                   SAC/Alpha |           0.023 |
|                              SAC/LogPi_mean |           0.989 |
|                                 SAC/Q1_mean |              90 |
|                                 SAC/Q2_mean |              90 |
|                            Norm/actor_model |             113 |
|                           Norm/critic_model |             147 |
|              Norm/state_action_metric_model |             108 |
|                     Norm/state_metric_model |             139 |
|        Norm/state_action_state_metric_model |             102 |
|                  Metric/self_state_distance |        0.000226 |
|                 Metric/cross_state_distance |            2.19 |
|           Metric/self_state_action_distance |         0.00374 |
|          Metric/cross_state_action_distance |             2.9 |
|             Metric/avg_self_state_asymmetry |               0 |
|            Metric/avg_cross_state_asymmetry |         0.00697 |
|                Metric/avg_self_sa_asymmetry |               0 |
|               Metric/avg_cross_sa_asymmetry |           0.012 |
|  Metric/self_state_action_to_state_distance |        0.000945 |
| Metric/cross_state_action_to_state_distance |            2.89 |
|                   Metric/h_lambda_diff_self |         0.00411 |
|                  Metric/h_lambda_diff_cross |          0.0212 |
|                                 Eval/Return |             952 |
-----------------------------------------------------------------
[32mSaving model …[0m
[32mDone.[0m
[32mSaving model …[0m
[32mDone.[0m
-----------------------------------------------------------------
|                                 Train/Steps |        3.21e+06 |
|                            Loss/Loss_critic |           0.188 |
|                             Loss/Loss_actor |             -90 |
|                             Loss/Loss_alpha |        -0.00252 |
|               Loss/Loss_state_action_metric |             2.4 |
|                      Loss/Loss_state_metric |            1.05 |
|             Loss/Loss_state_action_to_state |        0.000281 |
|                           Loss/Act_rep_loss |         0.00403 |
|                        Loss/Critic_rep_loss |            11.4 |
|                                   SAC/Alpha |          0.0205 |
|                              SAC/LogPi_mean |           0.959 |
|                                 SAC/Q1_mean |            89.8 |
|                                 SAC/Q2_mean |            89.8 |
|                            Norm/actor_model |             115 |
|                           Norm/critic_model |             149 |
|              Norm/state_action_metric_model |             111 |
|                     Norm/state_metric_model |             141 |
|        Norm/state_action_state_metric_model |             104 |
|                  Metric/self_state_distance |        0.000644 |
|                 Metric/cross_state_distance |            2.06 |
|           Metric/self_state_action_distance |         0.00933 |
|          Metric/cross_state_action_distance |            2.71 |
|             Metric/avg_self_state_asymmetry |               0 |
|            Metric/avg_cross_state_asymmetry |          0.0088 |
|                Metric/avg_self_sa_asymmetry |               0 |
|               Metric/avg_cross_sa_asymmetry |          0.0158 |
|  Metric/self_state_action_to_state_distance |         0.00208 |
| Metric/cross_state_action_to_state_distance |            2.69 |
|                   Metric/h_lambda_diff_self |         0.00923 |
|                  Metric/h_lambda_diff_cross |          0.0259 |
|                                 Eval/Return |             951 |
-----------------------------------------------------------------
-----------------------------------------------------------------
|                                 Train/Steps |        3.34e+06 |
|                            Loss/Loss_critic |           0.224 |
|                             Loss/Loss_actor |           -92.3 |
|                             Loss/Loss_alpha |          0.0153 |
|               Loss/Loss_state_action_metric |            2.14 |
|                      Loss/Loss_state_metric |            1.01 |
|             Loss/Loss_state_action_to_state |         0.00134 |
|                           Loss/Act_rep_loss |           0.005 |
|                        Loss/Critic_rep_loss |            10.1 |
|                                   SAC/Alpha |            0.04 |
|                              SAC/LogPi_mean |           0.594 |
|                                 SAC/Q1_mean |            92.2 |
|                                 SAC/Q2_mean |            92.1 |
|                            Norm/actor_model |             118 |
|                           Norm/critic_model |             150 |
|              Norm/state_action_metric_model |             114 |
|                     Norm/state_metric_model |             143 |
|        Norm/state_action_state_metric_model |             107 |
|                  Metric/self_state_distance |        0.000722 |
|                 Metric/cross_state_distance |            1.95 |
|           Metric/self_state_action_distance |         0.00271 |
|          Metric/cross_state_action_distance |            2.52 |
|             Metric/avg_self_state_asymmetry |               0 |
|            Metric/avg_cross_state_asymmetry |         0.00733 |
|                Metric/avg_self_sa_asymmetry |               0 |
|               Metric/avg_cross_sa_asymmetry |           0.014 |
|  Metric/self_state_action_to_state_distance |        0.000769 |
| Metric/cross_state_action_to_state_distance |             2.5 |
|                   Metric/h_lambda_diff_self |          0.0022 |
|                  Metric/h_lambda_diff_cross |          0.0268 |
|                                 Eval/Return |             951 |
-----------------------------------------------------------------
-----------------------------------------------------------------
|                                 Train/Steps |        3.46e+06 |
|                            Loss/Loss_critic |           0.173 |
|                             Loss/Loss_actor |           -91.3 |
|                             Loss/Loss_alpha |         0.00219 |
|               Loss/Loss_state_action_metric |            2.38 |
|                      Loss/Loss_state_metric |            1.21 |
|             Loss/Loss_state_action_to_state |         0.00133 |
|                           Loss/Act_rep_loss |         0.00209 |
|                        Loss/Critic_rep_loss |            11.1 |
|                                   SAC/Alpha |          0.0257 |
|                              SAC/LogPi_mean |           0.937 |
|                                 SAC/Q1_mean |            91.1 |
|                                 SAC/Q2_mean |            91.1 |
|                            Norm/actor_model |             120 |
|                           Norm/critic_model |             152 |
|              Norm/state_action_metric_model |             117 |
|                     Norm/state_metric_model |             146 |
|        Norm/state_action_state_metric_model |             109 |
|                  Metric/self_state_distance |        0.000651 |
|                 Metric/cross_state_distance |            2.15 |
|           Metric/self_state_action_distance |         0.00508 |
|          Metric/cross_state_action_distance |            2.82 |
|             Metric/avg_self_state_asymmetry |               0 |
|            Metric/avg_cross_state_asymmetry |          0.0067 |
|                Metric/avg_self_sa_asymmetry |               0 |
|               Metric/avg_cross_sa_asymmetry |          0.0168 |
|  Metric/self_state_action_to_state_distance |        0.000924 |
| Metric/cross_state_action_to_state_distance |            2.81 |
|                   Metric/h_lambda_diff_self |         0.00459 |
|                  Metric/h_lambda_diff_cross |          0.0183 |
|                                 Eval/Return |             952 |
-----------------------------------------------------------------
-----------------------------------------------------------------
|                                 Train/Steps |        3.59e+06 |
|                            Loss/Loss_critic |           0.181 |
|                             Loss/Loss_actor |           -90.8 |
|                             Loss/Loss_alpha |        -0.00465 |
|               Loss/Loss_state_action_metric |            3.15 |
|                      Loss/Loss_state_metric |            1.27 |
|             Loss/Loss_state_action_to_state |         0.00155 |
|                           Loss/Act_rep_loss |         0.00172 |
|                        Loss/Critic_rep_loss |            12.8 |
|                                   SAC/Alpha |          0.0164 |
|                              SAC/LogPi_mean |            1.15 |
|                                 SAC/Q1_mean |            90.6 |
|                                 SAC/Q2_mean |            90.7 |
|                            Norm/actor_model |             122 |
|                           Norm/critic_model |             153 |
|              Norm/state_action_metric_model |             120 |
|                     Norm/state_metric_model |             148 |
|        Norm/state_action_state_metric_model |             112 |
|                  Metric/self_state_distance |         0.00193 |
|                 Metric/cross_state_distance |            2.28 |
|           Metric/self_state_action_distance |          0.0115 |
|          Metric/cross_state_action_distance |             3.1 |
|             Metric/avg_self_state_asymmetry |               0 |
|            Metric/avg_cross_state_asymmetry |          0.0102 |
|                Metric/avg_self_sa_asymmetry |               0 |
|               Metric/avg_cross_sa_asymmetry |          0.0196 |
|  Metric/self_state_action_to_state_distance |        0.000295 |
| Metric/cross_state_action_to_state_distance |            3.08 |
|                   Metric/h_lambda_diff_self |          0.0112 |
|                  Metric/h_lambda_diff_cross |          0.0352 |
|                                 Eval/Return |             952 |
-----------------------------------------------------------------
-----------------------------------------------------------------
|                                 Train/Steps |        3.72e+06 |
|                            Loss/Loss_critic |           0.483 |
|                             Loss/Loss_actor |             -93 |
|                             Loss/Loss_alpha |         0.00114 |
|               Loss/Loss_state_action_metric |            2.69 |
|                      Loss/Loss_state_metric |           0.977 |
|             Loss/Loss_state_action_to_state |        0.000366 |
|                           Loss/Act_rep_loss |         0.00527 |
|                        Loss/Critic_rep_loss |            9.49 |
|                                   SAC/Alpha |          0.0157 |
|                              SAC/LogPi_mean |           0.868 |
|                                 SAC/Q1_mean |            92.9 |
|                                 SAC/Q2_mean |            92.9 |
|                            Norm/actor_model |             124 |
|                           Norm/critic_model |             155 |
|              Norm/state_action_metric_model |             122 |
|                     Norm/state_metric_model |             150 |
|        Norm/state_action_state_metric_model |             114 |
|                  Metric/self_state_distance |        0.000475 |
|                 Metric/cross_state_distance |            1.95 |
|           Metric/self_state_action_distance |         0.00466 |
|          Metric/cross_state_action_distance |            2.55 |
|             Metric/avg_self_state_asymmetry |               0 |
|            Metric/avg_cross_state_asymmetry |         0.00749 |
|                Metric/avg_self_sa_asymmetry |               0 |
|               Metric/avg_cross_sa_asymmetry |           0.016 |
|  Metric/self_state_action_to_state_distance |         0.00124 |
| Metric/cross_state_action_to_state_distance |            2.54 |
|                   Metric/h_lambda_diff_self |         0.00364 |
|                  Metric/h_lambda_diff_cross |          0.0206 |
|                                 Eval/Return |             952 |
-----------------------------------------------------------------
-----------------------------------------------------------------
|                                 Train/Steps |        3.85e+06 |
|                            Loss/Loss_critic |           0.241 |
|                             Loss/Loss_actor |           -92.8 |
|                             Loss/Loss_alpha |       -0.000459 |
|               Loss/Loss_state_action_metric |            2.46 |
|                      Loss/Loss_state_metric |            1.08 |
|             Loss/Loss_state_action_to_state |        0.000521 |
|                           Loss/Act_rep_loss |         0.00126 |
|                        Loss/Critic_rep_loss |            9.98 |
|                                   SAC/Alpha |          0.0147 |
|                              SAC/LogPi_mean |            1.06 |
|                                 SAC/Q1_mean |            92.7 |
|                                 SAC/Q2_mean |            92.6 |
|                            Norm/actor_model |             126 |
|                           Norm/critic_model |             156 |
|              Norm/state_action_metric_model |             124 |
|                     Norm/state_metric_model |             153 |
|        Norm/state_action_state_metric_model |             117 |
|                  Metric/self_state_distance |        0.000692 |
|                 Metric/cross_state_distance |            2.06 |
|           Metric/self_state_action_distance |          0.0027 |
|          Metric/cross_state_action_distance |            2.67 |
|             Metric/avg_self_state_asymmetry |               0 |
|            Metric/avg_cross_state_asymmetry |         0.00705 |
|                Metric/avg_self_sa_asymmetry |               0 |
|               Metric/avg_cross_sa_asymmetry |          0.0162 |
|  Metric/self_state_action_to_state_distance |          0.0011 |
| Metric/cross_state_action_to_state_distance |            2.66 |
|                   Metric/h_lambda_diff_self |         0.00237 |
|                  Metric/h_lambda_diff_cross |          0.0232 |
|                                 Eval/Return |             952 |
-----------------------------------------------------------------
-----------------------------------------------------------------
|                                 Train/Steps |        3.98e+06 |
|                            Loss/Loss_critic |           0.128 |
|                             Loss/Loss_actor |           -93.1 |
|                             Loss/Loss_alpha |        0.000708 |
|               Loss/Loss_state_action_metric |            2.51 |
|                      Loss/Loss_state_metric |            1.06 |
|             Loss/Loss_state_action_to_state |        0.000839 |
|                           Loss/Act_rep_loss |         0.00217 |
|                        Loss/Critic_rep_loss |            9.09 |
|                                   SAC/Alpha |          0.0123 |
|                              SAC/LogPi_mean |            0.93 |
|                                 SAC/Q1_mean |              93 |
|                                 SAC/Q2_mean |              93 |
|                            Norm/actor_model |             128 |
|                           Norm/critic_model |             157 |
|              Norm/state_action_metric_model |             127 |
|                     Norm/state_metric_model |             155 |
|        Norm/state_action_state_metric_model |             119 |
|                  Metric/self_state_distance |        0.000398 |
|                 Metric/cross_state_distance |               2 |
|           Metric/self_state_action_distance |         0.00354 |
|          Metric/cross_state_action_distance |            2.61 |
|             Metric/avg_self_state_asymmetry |               0 |
|            Metric/avg_cross_state_asymmetry |         0.00742 |
|                Metric/avg_self_sa_asymmetry |               0 |
|               Metric/avg_cross_sa_asymmetry |          0.0138 |
|  Metric/self_state_action_to_state_distance |        0.000244 |
| Metric/cross_state_action_to_state_distance |            2.59 |
|                   Metric/h_lambda_diff_self |         0.00333 |
|                  Metric/h_lambda_diff_cross |          0.0238 |
|                                 Eval/Return |             952 |
-----------------------------------------------------------------
-----------------------------------------------------------------
|                                 Train/Steps |         4.1e+06 |
|                            Loss/Loss_critic |           0.103 |
|                             Loss/Loss_actor |           -94.2 |
|                             Loss/Loss_alpha |        0.000555 |
|               Loss/Loss_state_action_metric |            2.37 |
|                      Loss/Loss_state_metric |           0.871 |
|             Loss/Loss_state_action_to_state |        0.000617 |
|                           Loss/Act_rep_loss |         0.00131 |
|                        Loss/Critic_rep_loss |            7.98 |
|                                   SAC/Alpha |          0.0157 |
|                              SAC/LogPi_mean |           0.968 |
|                                 SAC/Q1_mean |            94.2 |
|                                 SAC/Q2_mean |            94.1 |
|                            Norm/actor_model |             130 |
|                           Norm/critic_model |             159 |
|              Norm/state_action_metric_model |             129 |
|                     Norm/state_metric_model |             157 |
|        Norm/state_action_state_metric_model |             122 |
|                  Metric/self_state_distance |         0.00117 |
|                 Metric/cross_state_distance |            1.88 |
|           Metric/self_state_action_distance |         0.00354 |
|          Metric/cross_state_action_distance |            2.39 |
|             Metric/avg_self_state_asymmetry |               0 |
|            Metric/avg_cross_state_asymmetry |         0.00662 |
|                Metric/avg_self_sa_asymmetry |               0 |
|               Metric/avg_cross_sa_asymmetry |          0.0152 |
|  Metric/self_state_action_to_state_distance |        0.000205 |
| Metric/cross_state_action_to_state_distance |            2.39 |
|                   Metric/h_lambda_diff_self |         0.00334 |
|                  Metric/h_lambda_diff_cross |          0.0196 |
|                                 Eval/Return |             952 |
-----------------------------------------------------------------
[32mSaving model …[0m
[32mDone.[0m
[32mSaving model …[0m
[32mDone.[0m
-----------------------------------------------------------------
|                                 Train/Steps |        4.23e+06 |
|                            Loss/Loss_critic |          0.0487 |
|                             Loss/Loss_actor |           -96.1 |
|                             Loss/Loss_alpha |       -0.000484 |
|               Loss/Loss_state_action_metric |            1.56 |
|                      Loss/Loss_state_metric |           0.723 |
|             Loss/Loss_state_action_to_state |        0.000401 |
|                           Loss/Act_rep_loss |         0.00117 |
|                        Loss/Critic_rep_loss |            5.14 |
|                                   SAC/Alpha |         0.00669 |
|                              SAC/LogPi_mean |            1.01 |
|                                 SAC/Q1_mean |              96 |
|                                 SAC/Q2_mean |              96 |
|                            Norm/actor_model |             132 |
|                           Norm/critic_model |             160 |
|              Norm/state_action_metric_model |             131 |
|                     Norm/state_metric_model |             159 |
|        Norm/state_action_state_metric_model |             124 |
|                  Metric/self_state_distance |        0.000543 |
|                 Metric/cross_state_distance |            1.72 |
|           Metric/self_state_action_distance |         0.00112 |
|          Metric/cross_state_action_distance |            2.14 |
|             Metric/avg_self_state_asymmetry |               0 |
|            Metric/avg_cross_state_asymmetry |         0.00733 |
|                Metric/avg_self_sa_asymmetry |               0 |
|               Metric/avg_cross_sa_asymmetry |           0.014 |
|  Metric/self_state_action_to_state_distance |        0.000472 |
| Metric/cross_state_action_to_state_distance |            2.13 |
|                   Metric/h_lambda_diff_self |         0.00147 |
|                  Metric/h_lambda_diff_cross |          0.0228 |
|                                 Eval/Return |             953 |
-----------------------------------------------------------------
-----------------------------------------------------------------
|                                 Train/Steps |        4.36e+06 |
|                            Loss/Loss_critic |          0.0394 |
|                             Loss/Loss_actor |           -97.8 |
|                             Loss/Loss_alpha |       -0.000228 |
|               Loss/Loss_state_action_metric |            1.22 |
|                      Loss/Loss_state_metric |           0.454 |
|             Loss/Loss_state_action_to_state |        0.000687 |
|                           Loss/Act_rep_loss |         0.00187 |
|                        Loss/Critic_rep_loss |            2.63 |
|                                   SAC/Alpha |         0.00566 |
|                              SAC/LogPi_mean |             1.1 |
|                                 SAC/Q1_mean |            97.8 |
|                                 SAC/Q2_mean |            97.8 |
|                            Norm/actor_model |             133 |
|                           Norm/critic_model |             161 |
|              Norm/state_action_metric_model |             134 |
|                     Norm/state_metric_model |             161 |
|        Norm/state_action_state_metric_model |             127 |
|                  Metric/self_state_distance |        0.000424 |
|                 Metric/cross_state_distance |            1.45 |
|           Metric/self_state_action_distance |         0.00267 |
|          Metric/cross_state_action_distance |            1.71 |
|             Metric/avg_self_state_asymmetry |               0 |
|            Metric/avg_cross_state_asymmetry |         0.00704 |
|                Metric/avg_self_sa_asymmetry |               0 |
|               Metric/avg_cross_sa_asymmetry |          0.0111 |
|  Metric/self_state_action_to_state_distance |         0.00235 |
| Metric/cross_state_action_to_state_distance |             1.7 |
|                   Metric/h_lambda_diff_self |         0.00351 |
|                  Metric/h_lambda_diff_cross |          0.0176 |
|                                 Eval/Return |             952 |
-----------------------------------------------------------------
-----------------------------------------------------------------
|                                 Train/Steps |        4.49e+06 |
|                            Loss/Loss_critic |          0.0116 |
|                             Loss/Loss_actor |           -99.1 |
|                             Loss/Loss_alpha |         0.00261 |
|               Loss/Loss_state_action_metric |           0.865 |
|                      Loss/Loss_state_metric |           0.239 |
|             Loss/Loss_state_action_to_state |         0.00046 |
|                           Loss/Act_rep_loss |         0.00279 |
|                        Loss/Critic_rep_loss |           0.781 |
|                                   SAC/Alpha |         0.00665 |
|                              SAC/LogPi_mean |           0.604 |
|                                 SAC/Q1_mean |            99.1 |
|                                 SAC/Q2_mean |            99.1 |
|                            Norm/actor_model |             134 |
|                           Norm/critic_model |             161 |
|              Norm/state_action_metric_model |             136 |
|                     Norm/state_metric_model |             163 |
|        Norm/state_action_state_metric_model |             129 |
|                  Metric/self_state_distance |        0.000438 |
|                 Metric/cross_state_distance |            1.24 |
|           Metric/self_state_action_distance |         0.00267 |
|          Metric/cross_state_action_distance |            1.38 |
|             Metric/avg_self_state_asymmetry |               0 |
|            Metric/avg_cross_state_asymmetry |         0.00431 |
|                Metric/avg_self_sa_asymmetry |               0 |
|               Metric/avg_cross_sa_asymmetry |          0.0105 |
|  Metric/self_state_action_to_state_distance |         0.00118 |
| Metric/cross_state_action_to_state_distance |            1.38 |
|                   Metric/h_lambda_diff_self |         0.00241 |
|                  Metric/h_lambda_diff_cross |          0.0145 |
|                                 Eval/Return |             954 |
-----------------------------------------------------------------
-----------------------------------------------------------------
|                                 Train/Steps |        4.62e+06 |
|                            Loss/Loss_critic |         0.00637 |
|                             Loss/Loss_actor |           -98.5 |
|                             Loss/Loss_alpha |       -0.000225 |
|               Loss/Loss_state_action_metric |           0.787 |
|                      Loss/Loss_state_metric |           0.416 |
|             Loss/Loss_state_action_to_state |        0.000236 |
|                           Loss/Act_rep_loss |         0.00955 |
|                        Loss/Critic_rep_loss |            1.53 |
|                                   SAC/Alpha |         0.00141 |
|                              SAC/LogPi_mean |            1.17 |
|                                 SAC/Q1_mean |            98.6 |
|                                 SAC/Q2_mean |            98.5 |
|                            Norm/actor_model |             135 |
|                           Norm/critic_model |             161 |
|              Norm/state_action_metric_model |             138 |
|                     Norm/state_metric_model |             163 |
|        Norm/state_action_state_metric_model |             131 |
|                  Metric/self_state_distance |         0.00117 |
|                 Metric/cross_state_distance |            1.39 |
|           Metric/self_state_action_distance |         0.00459 |
|          Metric/cross_state_action_distance |            1.58 |
|             Metric/avg_self_state_asymmetry |               0 |
|            Metric/avg_cross_state_asymmetry |         0.00631 |
|                Metric/avg_self_sa_asymmetry |               0 |
|               Metric/avg_cross_sa_asymmetry |         0.00993 |
|  Metric/self_state_action_to_state_distance |         0.00387 |
| Metric/cross_state_action_to_state_distance |            1.59 |
|                   Metric/h_lambda_diff_self |         0.00487 |
|                  Metric/h_lambda_diff_cross |           0.017 |
|                                 Eval/Return |             955 |
-----------------------------------------------------------------
-----------------------------------------------------------------
|                                 Train/Steps |        4.74e+06 |
|                            Loss/Loss_critic |          0.0054 |
|                             Loss/Loss_actor |           -98.8 |
|                             Loss/Loss_alpha |        9.36e-05 |
|               Loss/Loss_state_action_metric |           0.873 |
|                      Loss/Loss_state_metric |           0.354 |
|             Loss/Loss_state_action_to_state |        0.000215 |
|                           Loss/Act_rep_loss |         0.00187 |
|                        Loss/Critic_rep_loss |             1.3 |
|                                   SAC/Alpha |        0.000828 |
|                              SAC/LogPi_mean |           0.934 |
|                                 SAC/Q1_mean |            98.8 |
|                                 SAC/Q2_mean |            98.8 |
|                            Norm/actor_model |             135 |
|                           Norm/critic_model |             160 |
|              Norm/state_action_metric_model |             140 |
|                     Norm/state_metric_model |             164 |
|        Norm/state_action_state_metric_model |             133 |
|                  Metric/self_state_distance |        0.000295 |
|                 Metric/cross_state_distance |            1.33 |
|           Metric/self_state_action_distance |         0.00177 |
|          Metric/cross_state_action_distance |            1.54 |
|             Metric/avg_self_state_asymmetry |               0 |
|            Metric/avg_cross_state_asymmetry |         0.00504 |
|                Metric/avg_self_sa_asymmetry |               0 |
|               Metric/avg_cross_sa_asymmetry |          0.0104 |
|  Metric/self_state_action_to_state_distance |        0.000111 |
| Metric/cross_state_action_to_state_distance |            1.51 |
|                   Metric/h_lambda_diff_self |         0.00169 |
|                  Metric/h_lambda_diff_cross |          0.0296 |
|                                 Eval/Return |             957 |
-----------------------------------------------------------------
-----------------------------------------------------------------
|                                 Train/Steps |        4.87e+06 |
|                            Loss/Loss_critic |          0.0031 |
|                             Loss/Loss_actor |           -99.1 |
|                             Loss/Loss_alpha |        0.000365 |
|               Loss/Loss_state_action_metric |           0.921 |
|                      Loss/Loss_state_metric |           0.239 |
|             Loss/Loss_state_action_to_state |        0.000148 |
|                           Loss/Act_rep_loss |        0.000455 |
|                        Loss/Critic_rep_loss |           0.964 |
|                                   SAC/Alpha |         0.00155 |
|                              SAC/LogPi_mean |           0.796 |
|                                 SAC/Q1_mean |            99.1 |
|                                 SAC/Q2_mean |            99.1 |
|                            Norm/actor_model |             136 |
|                           Norm/critic_model |             160 |
|              Norm/state_action_metric_model |             142 |
|                     Norm/state_metric_model |             165 |
|        Norm/state_action_state_metric_model |             135 |
|                  Metric/self_state_distance |        0.000694 |
|                 Metric/cross_state_distance |            1.22 |
|           Metric/self_state_action_distance |         0.00241 |
|          Metric/cross_state_action_distance |            1.36 |
|             Metric/avg_self_state_asymmetry |               0 |
|            Metric/avg_cross_state_asymmetry |          0.0041 |
|                Metric/avg_self_sa_asymmetry |               0 |
|               Metric/avg_cross_sa_asymmetry |         0.00708 |
|  Metric/self_state_action_to_state_distance |        9.37e-05 |
| Metric/cross_state_action_to_state_distance |            1.34 |
|                   Metric/h_lambda_diff_self |         0.00236 |
|                  Metric/h_lambda_diff_cross |           0.021 |
|                                 Eval/Return |             957 |
-----------------------------------------------------------------
-----------------------------------------------------------------
|                                 Train/Steps |           5e+06 |
|                            Loss/Loss_critic |         0.00236 |
|                             Loss/Loss_actor |           -98.8 |
|                             Loss/Loss_alpha |         3.5e-05 |
|               Loss/Loss_state_action_metric |            1.42 |
|                      Loss/Loss_state_metric |           0.376 |
|             Loss/Loss_state_action_to_state |        0.000139 |
|                           Loss/Act_rep_loss |        0.000998 |
|                        Loss/Critic_rep_loss |            1.28 |
|                                   SAC/Alpha |        0.000578 |
|                              SAC/LogPi_mean |           0.928 |
|                                 SAC/Q1_mean |            98.8 |
|                                 SAC/Q2_mean |            98.8 |
|                            Norm/actor_model |             137 |
|                           Norm/critic_model |             160 |
|              Norm/state_action_metric_model |             144 |
|                     Norm/state_metric_model |             166 |
|        Norm/state_action_state_metric_model |             137 |
|                  Metric/self_state_distance |          0.0011 |
|                 Metric/cross_state_distance |            1.36 |
|           Metric/self_state_action_distance |         0.00607 |
|          Metric/cross_state_action_distance |            1.56 |
|             Metric/avg_self_state_asymmetry |               0 |
|            Metric/avg_cross_state_asymmetry |         0.00391 |
|                Metric/avg_self_sa_asymmetry |               0 |
|               Metric/avg_cross_sa_asymmetry |          0.0075 |
|  Metric/self_state_action_to_state_distance |         0.00147 |
| Metric/cross_state_action_to_state_distance |            1.55 |
|                   Metric/h_lambda_diff_self |         0.00504 |
|                  Metric/h_lambda_diff_cross |           0.008 |
|                                 Eval/Return |             956 |
-----------------------------------------------------------------
[32mSaving model …[0m
[32mDone.[0m
[32mSaving model …[0m
[32mDone.[0m
