E0902 01:31:14.803161 1153752 cuda_executor.cc:1526] Could not get kernel mode driver version: (INVALID_ARGUMENT: Version does not match the format X.Y.Z)
E0902 01:31:14.811816 1153642 cuda_executor.cc:1526] Could not get kernel mode driver version: (INVALID_ARGUMENT: Version does not match the format X.Y.Z)
[32mStart prefilling replay buffer[0m
[32mStart SAC training[0m
[32m{'log_freq': 1000, 'save_freq': 1000000, 'eval_episode_freq': 10, 'hidden_size': 256, 'lr': 0.001, 'max_grad_norm': 0.0, 'gamma': 0.99, 'update_tau': 0.005, 'train_per_step': 8, 'episode_length': 1000, 'warmup_samples': 8192, 'max_replay_size': 4000000, 'batch_size': 512, 'total_env_steps': 5000000, 'init_temperature': 0.1, 'nstep': 1, 'bootstrap_on_truncation': True, 'rep_lr_scale': 1.5, 'vis_feq': 100000, 'n_vis_frames': 4, 'num_envs': 128, 'grad_steps': 50, 'transfer_freq': 10, 'transfer_steps': 8, 'reward_scaling': 1.0, 'num_eval_envs': 128, 'target_entropy': -3.0}[0m
[32m[nstep] nstep=1 bootstrap_on_truncation=True (discount from the buffer already contains gamma^nstep)[0m
-----------------------------------------------------------------
|                                 Train/Steps |        1.36e+05 |
|                            Loss/Loss_critic |         0.00598 |
|                             Loss/Loss_actor |           -3.96 |
|                             Loss/Loss_alpha |         0.00323 |
|               Loss/Loss_state_action_metric |          0.0179 |
|                      Loss/Loss_state_metric |          0.0105 |
|             Loss/Loss_state_action_to_state |        0.000196 |
|                           Loss/Act_rep_loss |         0.00709 |
|                                   SAC/Alpha |         0.00294 |
|                              SAC/LogPi_mean |            1.95 |
|                                 SAC/Q1_mean |            3.92 |
|                                 SAC/Q2_mean |            3.93 |
|                            Norm/actor_model |            34.8 |
|                           Norm/critic_model |            35.6 |
|              Norm/state_action_metric_model |            31.1 |
|                     Norm/state_metric_model |            31.1 |
|        Norm/state_action_state_metric_model |            31.7 |
|                  Metric/self_state_distance |          0.0017 |
|                 Metric/cross_state_distance |            1.13 |
|           Metric/self_state_action_distance |         0.00449 |
|          Metric/cross_state_action_distance |            1.16 |
|             Metric/avg_self_state_asymmetry |               0 |
|            Metric/avg_cross_state_asymmetry |          0.0058 |
|                Metric/avg_self_sa_asymmetry |               0 |
|               Metric/avg_cross_sa_asymmetry |         0.00949 |
|  Metric/self_state_action_to_state_distance |         0.00115 |
| Metric/cross_state_action_to_state_distance |            1.15 |
|                   Metric/h_lambda_diff_self |         0.00368 |
|                  Metric/h_lambda_diff_cross |          0.0156 |
|                                 Eval/Return |             135 |
-----------------------------------------------------------------
-----------------------------------------------------------------
|                                 Train/Steps |        2.64e+05 |
|                            Loss/Loss_critic |          0.0212 |
|                             Loss/Loss_actor |           -10.8 |
|                             Loss/Loss_alpha |        7.41e-05 |
|               Loss/Loss_state_action_metric |           0.182 |
|                      Loss/Loss_state_metric |           0.121 |
|             Loss/Loss_state_action_to_state |        0.000434 |
|                           Loss/Act_rep_loss |         0.00021 |
|                                   SAC/Alpha |          0.0068 |
|                              SAC/LogPi_mean |            2.75 |
|                                 SAC/Q1_mean |            10.8 |
|                                 SAC/Q2_mean |            10.8 |
|                            Norm/actor_model |            52.6 |
|                           Norm/critic_model |              53 |
|              Norm/state_action_metric_model |            33.2 |
|                     Norm/state_metric_model |            33.9 |
|        Norm/state_action_state_metric_model |            33.9 |
|                  Metric/self_state_distance |         0.00166 |
|                 Metric/cross_state_distance |            1.55 |
|           Metric/self_state_action_distance |         0.00521 |
|          Metric/cross_state_action_distance |            1.71 |
|             Metric/avg_self_state_asymmetry |               0 |
|            Metric/avg_cross_state_asymmetry |           0.011 |
|                Metric/avg_self_sa_asymmetry |               0 |
|               Metric/avg_cross_sa_asymmetry |           0.015 |
|  Metric/self_state_action_to_state_distance |         0.00103 |
| Metric/cross_state_action_to_state_distance |            1.69 |
|                   Metric/h_lambda_diff_self |         0.00459 |
|                  Metric/h_lambda_diff_cross |          0.0229 |
|                                 Eval/Return |             589 |
-----------------------------------------------------------------
-----------------------------------------------------------------
|                                 Train/Steps |        3.92e+05 |
|                            Loss/Loss_critic |          0.0801 |
|                             Loss/Loss_actor |             -20 |
|                             Loss/Loss_alpha |         0.00157 |
|               Loss/Loss_state_action_metric |           0.272 |
|                      Loss/Loss_state_metric |           0.192 |
|             Loss/Loss_state_action_to_state |        0.000356 |
|                           Loss/Act_rep_loss |        0.000234 |
|                                   SAC/Alpha |          0.0131 |
|                              SAC/LogPi_mean |            2.73 |
|                                 SAC/Q1_mean |              20 |
|                                 SAC/Q2_mean |              20 |
|                            Norm/actor_model |            62.3 |
|                           Norm/critic_model |            68.3 |
|              Norm/state_action_metric_model |            36.1 |
|                     Norm/state_metric_model |            37.1 |
|        Norm/state_action_state_metric_model |              36 |
|                  Metric/self_state_distance |         0.00132 |
|                 Metric/cross_state_distance |             1.7 |
|           Metric/self_state_action_distance |         0.00101 |
|          Metric/cross_state_action_distance |            1.89 |
|             Metric/avg_self_state_asymmetry |               0 |
|            Metric/avg_cross_state_asymmetry |          0.0115 |
|                Metric/avg_self_sa_asymmetry |               0 |
|               Metric/avg_cross_sa_asymmetry |          0.0152 |
|  Metric/self_state_action_to_state_distance |          0.0012 |
| Metric/cross_state_action_to_state_distance |            1.89 |
|                   Metric/h_lambda_diff_self |         0.00102 |
|                  Metric/h_lambda_diff_cross |          0.0174 |
|                                 Eval/Return |             641 |
-----------------------------------------------------------------
-----------------------------------------------------------------
|                                 Train/Steps |         5.2e+05 |
|                            Loss/Loss_critic |          0.0747 |
|                             Loss/Loss_actor |           -28.7 |
|                             Loss/Loss_alpha |        -0.00567 |
|               Loss/Loss_state_action_metric |             0.3 |
|                      Loss/Loss_state_metric |           0.206 |
|             Loss/Loss_state_action_to_state |        0.000522 |
|                           Loss/Act_rep_loss |        4.47e-05 |
|                                   SAC/Alpha |          0.0167 |
|                              SAC/LogPi_mean |            3.63 |
|                                 SAC/Q1_mean |            28.7 |
|                                 SAC/Q2_mean |            28.7 |
|                            Norm/actor_model |            69.5 |
|                           Norm/critic_model |            79.7 |
|              Norm/state_action_metric_model |            39.3 |
|                     Norm/state_metric_model |            40.7 |
|        Norm/state_action_state_metric_model |            38.4 |
|                  Metric/self_state_distance |         0.00382 |
|                 Metric/cross_state_distance |             1.7 |
|           Metric/self_state_action_distance |         0.00297 |
|          Metric/cross_state_action_distance |            1.89 |
|             Metric/avg_self_state_asymmetry |               0 |
|            Metric/avg_cross_state_asymmetry |          0.0119 |
|                Metric/avg_self_sa_asymmetry |               0 |
|               Metric/avg_cross_sa_asymmetry |          0.0137 |
|  Metric/self_state_action_to_state_distance |         0.00111 |
| Metric/cross_state_action_to_state_distance |            1.89 |
|                   Metric/h_lambda_diff_self |         0.00284 |
|                  Metric/h_lambda_diff_cross |          0.0178 |
|                                 Eval/Return |             700 |
-----------------------------------------------------------------
-----------------------------------------------------------------
|                                 Train/Steps |        6.48e+05 |
|                            Loss/Loss_critic |          0.0734 |
|                             Loss/Loss_actor |           -36.2 |
|                             Loss/Loss_alpha |         0.00764 |
|               Loss/Loss_state_action_metric |           0.308 |
|                      Loss/Loss_state_metric |           0.218 |
|             Loss/Loss_state_action_to_state |         0.00238 |
|                           Loss/Act_rep_loss |        6.51e-05 |
|                                   SAC/Alpha |          0.0187 |
|                              SAC/LogPi_mean |            2.61 |
|                                 SAC/Q1_mean |            36.2 |
|                                 SAC/Q2_mean |            36.3 |
|                            Norm/actor_model |            75.6 |
|                           Norm/critic_model |            88.4 |
|              Norm/state_action_metric_model |            42.4 |
|                     Norm/state_metric_model |            44.4 |
|        Norm/state_action_state_metric_model |            40.7 |
|                  Metric/self_state_distance |         0.00122 |
|                 Metric/cross_state_distance |            1.71 |
|           Metric/self_state_action_distance |         0.00717 |
|          Metric/cross_state_action_distance |             1.9 |
|             Metric/avg_self_state_asymmetry |               0 |
|            Metric/avg_cross_state_asymmetry |          0.0119 |
|                Metric/avg_self_sa_asymmetry |               0 |
|               Metric/avg_cross_sa_asymmetry |          0.0137 |
|  Metric/self_state_action_to_state_distance |        0.000326 |
| Metric/cross_state_action_to_state_distance |            1.89 |
|                   Metric/h_lambda_diff_self |         0.00726 |
|                  Metric/h_lambda_diff_cross |          0.0236 |
|                                 Eval/Return |             698 |
-----------------------------------------------------------------
-----------------------------------------------------------------
|                                 Train/Steps |        7.76e+05 |
|                            Loss/Loss_critic |          0.0902 |
|                             Loss/Loss_actor |           -41.4 |
|                             Loss/Loss_alpha |         0.00799 |
|               Loss/Loss_state_action_metric |            0.27 |
|                      Loss/Loss_state_metric |           0.188 |
|             Loss/Loss_state_action_to_state |        0.000238 |
|                           Loss/Act_rep_loss |        1.42e-05 |
|                                   SAC/Alpha |          0.0192 |
|                              SAC/LogPi_mean |            2.61 |
|                                 SAC/Q1_mean |            41.4 |
|                                 SAC/Q2_mean |            41.5 |
|                            Norm/actor_model |            80.9 |
|                           Norm/critic_model |            95.7 |
|              Norm/state_action_metric_model |            45.4 |
|                     Norm/state_metric_model |            47.7 |
|        Norm/state_action_state_metric_model |            43.1 |
|                  Metric/self_state_distance |         0.00333 |
|                 Metric/cross_state_distance |            1.64 |
|           Metric/self_state_action_distance |         0.00118 |
|          Metric/cross_state_action_distance |            1.83 |
|             Metric/avg_self_state_asymmetry |               0 |
|            Metric/avg_cross_state_asymmetry |          0.0126 |
|                Metric/avg_self_sa_asymmetry |               0 |
|               Metric/avg_cross_sa_asymmetry |          0.0132 |
|  Metric/self_state_action_to_state_distance |        0.000583 |
| Metric/cross_state_action_to_state_distance |            1.84 |
|                   Metric/h_lambda_diff_self |        0.000894 |
|                  Metric/h_lambda_diff_cross |           0.015 |
|                                 Eval/Return |             719 |
-----------------------------------------------------------------
-----------------------------------------------------------------
|                                 Train/Steps |        9.04e+05 |
|                            Loss/Loss_critic |          0.0972 |
|                             Loss/Loss_actor |             -46 |
|                             Loss/Loss_alpha |        0.000644 |
|               Loss/Loss_state_action_metric |            0.32 |
|                      Loss/Loss_state_metric |           0.215 |
|             Loss/Loss_state_action_to_state |        0.000286 |
|                           Loss/Act_rep_loss |        5.45e-05 |
|                                   SAC/Alpha |          0.0196 |
|                              SAC/LogPi_mean |            2.77 |
|                                 SAC/Q1_mean |              46 |
|                                 SAC/Q2_mean |            46.1 |
|                            Norm/actor_model |            85.7 |
|                           Norm/critic_model |             102 |
|              Norm/state_action_metric_model |            48.4 |
|                     Norm/state_metric_model |            50.9 |
|        Norm/state_action_state_metric_model |            45.5 |
|                  Metric/self_state_distance |         0.00319 |
|                 Metric/cross_state_distance |            1.67 |
|           Metric/self_state_action_distance |         0.00295 |
|          Metric/cross_state_action_distance |            1.85 |
|             Metric/avg_self_state_asymmetry |               0 |
|            Metric/avg_cross_state_asymmetry |         0.00918 |
|                Metric/avg_self_sa_asymmetry |               0 |
|               Metric/avg_cross_sa_asymmetry |          0.0118 |
|  Metric/self_state_action_to_state_distance |          0.0019 |
| Metric/cross_state_action_to_state_distance |            1.86 |
|                   Metric/h_lambda_diff_self |         0.00421 |
|                  Metric/h_lambda_diff_cross |           0.017 |
|                                 Eval/Return |             704 |
-----------------------------------------------------------------
-----------------------------------------------------------------
|                                 Train/Steps |        1.03e+06 |
|                            Loss/Loss_critic |          0.0852 |
|                             Loss/Loss_actor |           -49.4 |
|                             Loss/Loss_alpha |        -0.00187 |
|               Loss/Loss_state_action_metric |           0.282 |
|                      Loss/Loss_state_metric |           0.199 |
|             Loss/Loss_state_action_to_state |        0.000163 |
|                           Loss/Act_rep_loss |        5.81e-05 |
|                                   SAC/Alpha |          0.0193 |
|                              SAC/LogPi_mean |            3.05 |
|                                 SAC/Q1_mean |            49.4 |
|                                 SAC/Q2_mean |            49.5 |
|                            Norm/actor_model |            89.9 |
|                           Norm/critic_model |             108 |
|              Norm/state_action_metric_model |            51.3 |
|                     Norm/state_metric_model |              54 |
|        Norm/state_action_state_metric_model |            47.9 |
|                  Metric/self_state_distance |        0.000575 |
|                 Metric/cross_state_distance |            1.63 |
|           Metric/self_state_action_distance |         0.00109 |
|          Metric/cross_state_action_distance |             1.8 |
|             Metric/avg_self_state_asymmetry |               0 |
|            Metric/avg_cross_state_asymmetry |         0.00824 |
|                Metric/avg_self_sa_asymmetry |               0 |
|               Metric/avg_cross_sa_asymmetry |            0.01 |
|  Metric/self_state_action_to_state_distance |        0.000357 |
| Metric/cross_state_action_to_state_distance |            1.79 |
|                   Metric/h_lambda_diff_self |        0.000957 |
|                  Metric/h_lambda_diff_cross |          0.0168 |
|                                 Eval/Return |             712 |
-----------------------------------------------------------------
[32mSaving model …[0m
[32mDone.[0m
[32mSaving model …[0m
[32mDone.[0m
-----------------------------------------------------------------
|                                 Train/Steps |        1.16e+06 |
|                            Loss/Loss_critic |          0.0977 |
|                             Loss/Loss_actor |           -52.4 |
|                             Loss/Loss_alpha |        1.17e-05 |
|               Loss/Loss_state_action_metric |           0.242 |
|                      Loss/Loss_state_metric |           0.169 |
|             Loss/Loss_state_action_to_state |        0.000167 |
|                           Loss/Act_rep_loss |               0 |
|                                   SAC/Alpha |          0.0189 |
|                              SAC/LogPi_mean |            3.03 |
|                                 SAC/Q1_mean |            52.5 |
|                                 SAC/Q2_mean |            52.4 |
|                            Norm/actor_model |            93.8 |
|                           Norm/critic_model |             113 |
|              Norm/state_action_metric_model |            54.1 |
|                     Norm/state_metric_model |            57.2 |
|        Norm/state_action_state_metric_model |            50.3 |
|                  Metric/self_state_distance |         0.00361 |
|                 Metric/cross_state_distance |            1.56 |
|           Metric/self_state_action_distance |        0.000804 |
|          Metric/cross_state_action_distance |            1.72 |
|             Metric/avg_self_state_asymmetry |               0 |
|            Metric/avg_cross_state_asymmetry |          0.0123 |
|                Metric/avg_self_sa_asymmetry |               0 |
|               Metric/avg_cross_sa_asymmetry |          0.0106 |
|  Metric/self_state_action_to_state_distance |         0.00127 |
| Metric/cross_state_action_to_state_distance |            1.72 |
|                   Metric/h_lambda_diff_self |         0.00139 |
|                  Metric/h_lambda_diff_cross |          0.0129 |
|                                 Eval/Return |             733 |
-----------------------------------------------------------------
-----------------------------------------------------------------
|                                 Train/Steps |        1.29e+06 |
|                            Loss/Loss_critic |          0.0935 |
|                             Loss/Loss_actor |           -54.8 |
|                             Loss/Loss_alpha |          0.0036 |
|               Loss/Loss_state_action_metric |           0.231 |
|                      Loss/Loss_state_metric |           0.164 |
|             Loss/Loss_state_action_to_state |        0.000165 |
|                           Loss/Act_rep_loss |        0.000274 |
|                                   SAC/Alpha |          0.0191 |
|                              SAC/LogPi_mean |            2.76 |
|                                 SAC/Q1_mean |            54.8 |
|                                 SAC/Q2_mean |            54.9 |
|                            Norm/actor_model |            97.4 |
|                           Norm/critic_model |             118 |
|              Norm/state_action_metric_model |            56.8 |
|                     Norm/state_metric_model |            60.3 |
|        Norm/state_action_state_metric_model |            52.7 |
|                  Metric/self_state_distance |         0.00128 |
|                 Metric/cross_state_distance |            1.56 |
|           Metric/self_state_action_distance |         0.00138 |
|          Metric/cross_state_action_distance |             1.7 |
|             Metric/avg_self_state_asymmetry |               0 |
|            Metric/avg_cross_state_asymmetry |         0.00994 |
|                Metric/avg_self_sa_asymmetry |               0 |
|               Metric/avg_cross_sa_asymmetry |          0.0101 |
|  Metric/self_state_action_to_state_distance |        0.000516 |
| Metric/cross_state_action_to_state_distance |             1.7 |
|                   Metric/h_lambda_diff_self |         0.00122 |
|                  Metric/h_lambda_diff_cross |          0.0133 |
|                                 Eval/Return |             732 |
-----------------------------------------------------------------
-----------------------------------------------------------------
|                                 Train/Steps |        1.42e+06 |
|                            Loss/Loss_critic |           0.112 |
|                             Loss/Loss_actor |           -57.3 |
|                             Loss/Loss_alpha |        -0.00262 |
|               Loss/Loss_state_action_metric |           0.228 |
|                      Loss/Loss_state_metric |           0.159 |
|             Loss/Loss_state_action_to_state |         0.00019 |
|                           Loss/Act_rep_loss |               0 |
|                                   SAC/Alpha |          0.0195 |
|                              SAC/LogPi_mean |            2.97 |
|                                 SAC/Q1_mean |            57.4 |
|                                 SAC/Q2_mean |            57.3 |
|                            Norm/actor_model |             101 |
|                           Norm/critic_model |             123 |
|              Norm/state_action_metric_model |            59.5 |
|                     Norm/state_metric_model |            63.2 |
|        Norm/state_action_state_metric_model |              55 |
|                  Metric/self_state_distance |        0.000858 |
|                 Metric/cross_state_distance |            1.53 |
|           Metric/self_state_action_distance |         0.00376 |
|          Metric/cross_state_action_distance |            1.69 |
|             Metric/avg_self_state_asymmetry |               0 |
|            Metric/avg_cross_state_asymmetry |         0.00621 |
|                Metric/avg_self_sa_asymmetry |               0 |
|               Metric/avg_cross_sa_asymmetry |         0.00967 |
|  Metric/self_state_action_to_state_distance |         0.00231 |
| Metric/cross_state_action_to_state_distance |            1.68 |
|                   Metric/h_lambda_diff_self |         0.00415 |
|                  Metric/h_lambda_diff_cross |          0.0164 |
|                                 Eval/Return |             739 |
-----------------------------------------------------------------
-----------------------------------------------------------------
|                                 Train/Steps |        1.54e+06 |
|                            Loss/Loss_critic |           0.095 |
|                             Loss/Loss_actor |           -57.8 |
|                             Loss/Loss_alpha |         0.00293 |
|               Loss/Loss_state_action_metric |           0.283 |
|                      Loss/Loss_state_metric |           0.173 |
|             Loss/Loss_state_action_to_state |        0.000591 |
|                           Loss/Act_rep_loss |               0 |
|                                   SAC/Alpha |          0.0185 |
|                              SAC/LogPi_mean |            2.93 |
|                                 SAC/Q1_mean |            57.9 |
|                                 SAC/Q2_mean |            57.8 |
|                            Norm/actor_model |             104 |
|                           Norm/critic_model |             127 |
|              Norm/state_action_metric_model |              62 |
|                     Norm/state_metric_model |              66 |
|        Norm/state_action_state_metric_model |            57.3 |
|                  Metric/self_state_distance |          0.0028 |
|                 Metric/cross_state_distance |            1.57 |
|           Metric/self_state_action_distance |          0.0017 |
|          Metric/cross_state_action_distance |            1.71 |
|             Metric/avg_self_state_asymmetry |               0 |
|            Metric/avg_cross_state_asymmetry |         0.00817 |
|                Metric/avg_self_sa_asymmetry |               0 |
|               Metric/avg_cross_sa_asymmetry |          0.0101 |
|  Metric/self_state_action_to_state_distance |        0.000213 |
| Metric/cross_state_action_to_state_distance |            1.71 |
|                   Metric/h_lambda_diff_self |         0.00151 |
|                  Metric/h_lambda_diff_cross |           0.014 |
|                                 Eval/Return |             720 |
-----------------------------------------------------------------
-----------------------------------------------------------------
|                                 Train/Steps |        1.67e+06 |
|                            Loss/Loss_critic |          0.0869 |
|                             Loss/Loss_actor |           -59.4 |
|                             Loss/Loss_alpha |         0.00387 |
|               Loss/Loss_state_action_metric |           0.225 |
|                      Loss/Loss_state_metric |           0.158 |
|             Loss/Loss_state_action_to_state |        0.000206 |
|                           Loss/Act_rep_loss |        2.64e-05 |
|                                   SAC/Alpha |          0.0182 |
|                              SAC/LogPi_mean |            2.95 |
|                                 SAC/Q1_mean |            59.4 |
|                                 SAC/Q2_mean |            59.4 |
|                            Norm/actor_model |             107 |
|                           Norm/critic_model |             131 |
|              Norm/state_action_metric_model |            64.6 |
|                     Norm/state_metric_model |            68.7 |
|        Norm/state_action_state_metric_model |            59.7 |
|                  Metric/self_state_distance |        0.000653 |
|                 Metric/cross_state_distance |            1.51 |
|           Metric/self_state_action_distance |        0.000168 |
|          Metric/cross_state_action_distance |            1.66 |
|             Metric/avg_self_state_asymmetry |               0 |
|            Metric/avg_cross_state_asymmetry |         0.00667 |
|                Metric/avg_self_sa_asymmetry |               0 |
|               Metric/avg_cross_sa_asymmetry |          0.0107 |
|  Metric/self_state_action_to_state_distance |        0.000949 |
| Metric/cross_state_action_to_state_distance |            1.66 |
|                   Metric/h_lambda_diff_self |        0.000907 |
|                  Metric/h_lambda_diff_cross |          0.0116 |
|                                 Eval/Return |             713 |
-----------------------------------------------------------------
-----------------------------------------------------------------
|                                 Train/Steps |         1.8e+06 |
|                            Loss/Loss_critic |          0.0975 |
|                             Loss/Loss_actor |           -59.7 |
|                             Loss/Loss_alpha |        0.000671 |
|               Loss/Loss_state_action_metric |           0.204 |
|                      Loss/Loss_state_metric |           0.142 |
|             Loss/Loss_state_action_to_state |        0.000188 |
|                           Loss/Act_rep_loss |               0 |
|                                   SAC/Alpha |          0.0179 |
|                              SAC/LogPi_mean |             3.1 |
|                                 SAC/Q1_mean |            59.8 |
|                                 SAC/Q2_mean |            59.7 |
|                            Norm/actor_model |             110 |
|                           Norm/critic_model |             135 |
|              Norm/state_action_metric_model |              67 |
|                     Norm/state_metric_model |            71.6 |
|        Norm/state_action_state_metric_model |              62 |
|                  Metric/self_state_distance |         0.00116 |
|                 Metric/cross_state_distance |            1.47 |
|           Metric/self_state_action_distance |          0.0011 |
|          Metric/cross_state_action_distance |            1.63 |
|             Metric/avg_self_state_asymmetry |               0 |
|            Metric/avg_cross_state_asymmetry |         0.00626 |
|                Metric/avg_self_sa_asymmetry |               0 |
|               Metric/avg_cross_sa_asymmetry |          0.0105 |
|  Metric/self_state_action_to_state_distance |         0.00147 |
| Metric/cross_state_action_to_state_distance |            1.63 |
|                   Metric/h_lambda_diff_self |         0.00201 |
|                  Metric/h_lambda_diff_cross |          0.0118 |
|                                 Eval/Return |             734 |
-----------------------------------------------------------------
-----------------------------------------------------------------
|                                 Train/Steps |        1.93e+06 |
|                            Loss/Loss_critic |           0.106 |
|                             Loss/Loss_actor |           -61.3 |
|                             Loss/Loss_alpha |       -0.000777 |
|               Loss/Loss_state_action_metric |           0.219 |
|                      Loss/Loss_state_metric |           0.146 |
|             Loss/Loss_state_action_to_state |        0.000128 |
|                           Loss/Act_rep_loss |        8.63e-06 |
|                                   SAC/Alpha |          0.0179 |
|                              SAC/LogPi_mean |            3.14 |
|                                 SAC/Q1_mean |            61.3 |
|                                 SAC/Q2_mean |            61.4 |
|                            Norm/actor_model |             112 |
|                           Norm/critic_model |             139 |
|              Norm/state_action_metric_model |            69.4 |
|                     Norm/state_metric_model |              74 |
|        Norm/state_action_state_metric_model |            64.3 |
|                  Metric/self_state_distance |         0.00175 |
|                 Metric/cross_state_distance |            1.48 |
|           Metric/self_state_action_distance |        0.000992 |
|          Metric/cross_state_action_distance |            1.61 |
|             Metric/avg_self_state_asymmetry |               0 |
|            Metric/avg_cross_state_asymmetry |         0.00629 |
|                Metric/avg_self_sa_asymmetry |               0 |
|               Metric/avg_cross_sa_asymmetry |         0.00906 |
|  Metric/self_state_action_to_state_distance |        0.000616 |
| Metric/cross_state_action_to_state_distance |            1.61 |
|                   Metric/h_lambda_diff_self |        0.000924 |
|                  Metric/h_lambda_diff_cross |          0.0104 |
|                                 Eval/Return |             738 |
-----------------------------------------------------------------
-----------------------------------------------------------------
|                                 Train/Steps |        2.06e+06 |
|                            Loss/Loss_critic |          0.0641 |
|                             Loss/Loss_actor |           -61.7 |
|                             Loss/Loss_alpha |         -0.0007 |
|               Loss/Loss_state_action_metric |            0.23 |
|                      Loss/Loss_state_metric |           0.156 |
|             Loss/Loss_state_action_to_state |        0.000141 |
|                           Loss/Act_rep_loss |               0 |
|                                   SAC/Alpha |          0.0183 |
|                              SAC/LogPi_mean |            3.13 |
|                                 SAC/Q1_mean |            61.7 |
|                                 SAC/Q2_mean |            61.8 |
|                            Norm/actor_model |             115 |
|                           Norm/critic_model |             143 |
|              Norm/state_action_metric_model |            71.8 |
|                     Norm/state_metric_model |            76.7 |
|        Norm/state_action_state_metric_model |            66.5 |
|                  Metric/self_state_distance |        0.000637 |
|                 Metric/cross_state_distance |            1.52 |
|           Metric/self_state_action_distance |        0.000971 |
|          Metric/cross_state_action_distance |            1.66 |
|             Metric/avg_self_state_asymmetry |               0 |
|            Metric/avg_cross_state_asymmetry |         0.00655 |
|                Metric/avg_self_sa_asymmetry |               0 |
|               Metric/avg_cross_sa_asymmetry |         0.00957 |
|  Metric/self_state_action_to_state_distance |        0.000568 |
| Metric/cross_state_action_to_state_distance |            1.65 |
|                   Metric/h_lambda_diff_self |         0.00098 |
|                  Metric/h_lambda_diff_cross |          0.0111 |
|                                 Eval/Return |             731 |
-----------------------------------------------------------------
[32mSaving model …[0m
[32mDone.[0m
[32mSaving model …[0m
[32mDone.[0m
-----------------------------------------------------------------
|                                 Train/Steps |        2.18e+06 |
|                            Loss/Loss_critic |          0.0628 |
|                             Loss/Loss_actor |           -62.3 |
|                             Loss/Loss_alpha |       -0.000374 |
|               Loss/Loss_state_action_metric |           0.223 |
|                      Loss/Loss_state_metric |           0.129 |
|             Loss/Loss_state_action_to_state |        0.000149 |
|                           Loss/Act_rep_loss |        4.33e-06 |
|                                   SAC/Alpha |          0.0177 |
|                              SAC/LogPi_mean |            3.04 |
|                                 SAC/Q1_mean |            62.3 |
|                                 SAC/Q2_mean |            62.4 |
|                            Norm/actor_model |             117 |
|                           Norm/critic_model |             147 |
|              Norm/state_action_metric_model |            74.1 |
|                     Norm/state_metric_model |            78.9 |
|        Norm/state_action_state_metric_model |            68.7 |
|                  Metric/self_state_distance |         0.00126 |
|                 Metric/cross_state_distance |            1.45 |
|           Metric/self_state_action_distance |         0.00161 |
|          Metric/cross_state_action_distance |            1.56 |
|             Metric/avg_self_state_asymmetry |               0 |
|            Metric/avg_cross_state_asymmetry |         0.00699 |
|                Metric/avg_self_sa_asymmetry |               0 |
|               Metric/avg_cross_sa_asymmetry |          0.0089 |
|  Metric/self_state_action_to_state_distance |        0.000396 |
| Metric/cross_state_action_to_state_distance |            1.56 |
|                   Metric/h_lambda_diff_self |         0.00143 |
|                  Metric/h_lambda_diff_cross |          0.0117 |
|                                 Eval/Return |             740 |
-----------------------------------------------------------------
-----------------------------------------------------------------
|                                 Train/Steps |        2.31e+06 |
|                            Loss/Loss_critic |           0.058 |
|                             Loss/Loss_actor |           -63.5 |
|                             Loss/Loss_alpha |         0.00035 |
|               Loss/Loss_state_action_metric |           0.167 |
|                      Loss/Loss_state_metric |           0.108 |
|             Loss/Loss_state_action_to_state |        0.000138 |
|                           Loss/Act_rep_loss |        4.67e-06 |
|                                   SAC/Alpha |          0.0175 |
|                              SAC/LogPi_mean |            3.02 |
|                                 SAC/Q1_mean |            63.6 |
|                                 SAC/Q2_mean |            63.6 |
|                            Norm/actor_model |             120 |
|                           Norm/critic_model |             150 |
|              Norm/state_action_metric_model |            76.4 |
|                     Norm/state_metric_model |            81.4 |
|        Norm/state_action_state_metric_model |            70.9 |
|                  Metric/self_state_distance |         0.00065 |
|                 Metric/cross_state_distance |            1.38 |
|           Metric/self_state_action_distance |         0.00542 |
|          Metric/cross_state_action_distance |            1.49 |
|             Metric/avg_self_state_asymmetry |               0 |
|            Metric/avg_cross_state_asymmetry |         0.00563 |
|                Metric/avg_self_sa_asymmetry |               0 |
|               Metric/avg_cross_sa_asymmetry |         0.00841 |
|  Metric/self_state_action_to_state_distance |        0.000621 |
| Metric/cross_state_action_to_state_distance |            1.49 |
|                   Metric/h_lambda_diff_self |         0.00513 |
|                  Metric/h_lambda_diff_cross |          0.0104 |
|                                 Eval/Return |             745 |
-----------------------------------------------------------------
-----------------------------------------------------------------
|                                 Train/Steps |        2.44e+06 |
|                            Loss/Loss_critic |          0.0621 |
|                             Loss/Loss_actor |           -63.7 |
|                             Loss/Loss_alpha |        0.000772 |
|               Loss/Loss_state_action_metric |           0.183 |
|                      Loss/Loss_state_metric |           0.119 |
|             Loss/Loss_state_action_to_state |        0.000145 |
|                           Loss/Act_rep_loss |               0 |
|                                   SAC/Alpha |          0.0173 |
|                              SAC/LogPi_mean |            2.76 |
|                                 SAC/Q1_mean |            63.7 |
|                                 SAC/Q2_mean |            63.7 |
|                            Norm/actor_model |             122 |
|                           Norm/critic_model |             154 |
|              Norm/state_action_metric_model |            78.6 |
|                     Norm/state_metric_model |              84 |
|        Norm/state_action_state_metric_model |            72.9 |
|                  Metric/self_state_distance |        0.000197 |
|                 Metric/cross_state_distance |             1.4 |
|           Metric/self_state_action_distance |         0.00269 |
|          Metric/cross_state_action_distance |            1.51 |
|             Metric/avg_self_state_asymmetry |               0 |
|            Metric/avg_cross_state_asymmetry |         0.00536 |
|                Metric/avg_self_sa_asymmetry |               0 |
|               Metric/avg_cross_sa_asymmetry |          0.0085 |
|  Metric/self_state_action_to_state_distance |        0.000225 |
| Metric/cross_state_action_to_state_distance |             1.5 |
|                   Metric/h_lambda_diff_self |         0.00269 |
|                  Metric/h_lambda_diff_cross |          0.0127 |
|                                 Eval/Return |             747 |
-----------------------------------------------------------------
-----------------------------------------------------------------
|                                 Train/Steps |        2.57e+06 |
|                            Loss/Loss_critic |          0.0419 |
|                             Loss/Loss_actor |           -64.6 |
|                             Loss/Loss_alpha |         0.00234 |
|               Loss/Loss_state_action_metric |           0.151 |
|                      Loss/Loss_state_metric |           0.106 |
|             Loss/Loss_state_action_to_state |        0.000125 |
|                           Loss/Act_rep_loss |        2.32e-06 |
|                                   SAC/Alpha |          0.0176 |
|                              SAC/LogPi_mean |            2.84 |
|                                 SAC/Q1_mean |            64.7 |
|                                 SAC/Q2_mean |            64.7 |
|                            Norm/actor_model |             124 |
|                           Norm/critic_model |             158 |
|              Norm/state_action_metric_model |            80.8 |
|                     Norm/state_metric_model |            86.1 |
|        Norm/state_action_state_metric_model |              75 |
|                  Metric/self_state_distance |        0.000609 |
|                 Metric/cross_state_distance |            1.38 |
|           Metric/self_state_action_distance |          0.0015 |
|          Metric/cross_state_action_distance |            1.49 |
|             Metric/avg_self_state_asymmetry |               0 |
|            Metric/avg_cross_state_asymmetry |         0.00531 |
|                Metric/avg_self_sa_asymmetry |               0 |
|               Metric/avg_cross_sa_asymmetry |         0.00821 |
|  Metric/self_state_action_to_state_distance |        0.000487 |
| Metric/cross_state_action_to_state_distance |            1.49 |
|                   Metric/h_lambda_diff_self |         0.00132 |
|                  Metric/h_lambda_diff_cross |          0.0101 |
|                                 Eval/Return |             749 |
-----------------------------------------------------------------
-----------------------------------------------------------------
|                                 Train/Steps |         2.7e+06 |
|                            Loss/Loss_critic |          0.0509 |
|                             Loss/Loss_actor |           -65.1 |
|                             Loss/Loss_alpha |         0.00377 |
|               Loss/Loss_state_action_metric |           0.166 |
|                      Loss/Loss_state_metric |           0.102 |
|             Loss/Loss_state_action_to_state |        0.000108 |
|                           Loss/Act_rep_loss |               0 |
|                                   SAC/Alpha |           0.017 |
|                              SAC/LogPi_mean |            2.94 |
|                                 SAC/Q1_mean |            65.2 |
|                                 SAC/Q2_mean |            65.1 |
|                            Norm/actor_model |             126 |
|                           Norm/critic_model |             161 |
|              Norm/state_action_metric_model |            82.9 |
|                     Norm/state_metric_model |            88.5 |
|        Norm/state_action_state_metric_model |              77 |
|                  Metric/self_state_distance |          0.0001 |
|                 Metric/cross_state_distance |            1.36 |
|           Metric/self_state_action_distance |         0.00165 |
|          Metric/cross_state_action_distance |            1.46 |
|             Metric/avg_self_state_asymmetry |               0 |
|            Metric/avg_cross_state_asymmetry |         0.00609 |
|                Metric/avg_self_sa_asymmetry |               0 |
|               Metric/avg_cross_sa_asymmetry |         0.00789 |
|  Metric/self_state_action_to_state_distance |        0.000362 |
| Metric/cross_state_action_to_state_distance |            1.47 |
|                   Metric/h_lambda_diff_self |         0.00136 |
|                  Metric/h_lambda_diff_cross |          0.0149 |
|                                 Eval/Return |             760 |
-----------------------------------------------------------------
-----------------------------------------------------------------
|                                 Train/Steps |        2.82e+06 |
|                            Loss/Loss_critic |          0.0587 |
|                             Loss/Loss_actor |           -64.3 |
|                             Loss/Loss_alpha |          0.0025 |
|               Loss/Loss_state_action_metric |           0.191 |
|                      Loss/Loss_state_metric |           0.135 |
|             Loss/Loss_state_action_to_state |        0.000124 |
|                           Loss/Act_rep_loss |        2.62e-06 |
|                                   SAC/Alpha |          0.0179 |
|                              SAC/LogPi_mean |             3.1 |
|                                 SAC/Q1_mean |            64.4 |
|                                 SAC/Q2_mean |            64.3 |
|                            Norm/actor_model |             128 |
|                           Norm/critic_model |             164 |
|              Norm/state_action_metric_model |              85 |
|                     Norm/state_metric_model |            90.9 |
|        Norm/state_action_state_metric_model |              79 |
|                  Metric/self_state_distance |        0.000465 |
|                 Metric/cross_state_distance |            1.45 |
|           Metric/self_state_action_distance |         0.00857 |
|          Metric/cross_state_action_distance |            1.56 |
|             Metric/avg_self_state_asymmetry |               0 |
|            Metric/avg_cross_state_asymmetry |         0.00556 |
|                Metric/avg_self_sa_asymmetry |               0 |
|               Metric/avg_cross_sa_asymmetry |         0.00821 |
|  Metric/self_state_action_to_state_distance |        2.64e-05 |
| Metric/cross_state_action_to_state_distance |            1.56 |
|                   Metric/h_lambda_diff_self |         0.00855 |
|                  Metric/h_lambda_diff_cross |          0.0104 |
|                                 Eval/Return |             749 |
-----------------------------------------------------------------
-----------------------------------------------------------------
|                                 Train/Steps |        2.95e+06 |
|                            Loss/Loss_critic |          0.0427 |
|                             Loss/Loss_actor |           -64.9 |
|                             Loss/Loss_alpha |        -0.00297 |
|               Loss/Loss_state_action_metric |           0.171 |
|                      Loss/Loss_state_metric |           0.122 |
|             Loss/Loss_state_action_to_state |        0.000293 |
|                           Loss/Act_rep_loss |        7.32e-06 |
|                                   SAC/Alpha |          0.0175 |
|                              SAC/LogPi_mean |            3.06 |
|                                 SAC/Q1_mean |            64.9 |
|                                 SAC/Q2_mean |            64.9 |
|                            Norm/actor_model |             130 |
|                           Norm/critic_model |             168 |
|              Norm/state_action_metric_model |            87.1 |
|                     Norm/state_metric_model |            93.3 |
|        Norm/state_action_state_metric_model |            81.1 |
|                  Metric/self_state_distance |         0.00142 |
|                 Metric/cross_state_distance |            1.41 |
|           Metric/self_state_action_distance |         0.00175 |
|          Metric/cross_state_action_distance |            1.52 |
|             Metric/avg_self_state_asymmetry |               0 |
|            Metric/avg_cross_state_asymmetry |         0.00578 |
|                Metric/avg_self_sa_asymmetry |               0 |
|               Metric/avg_cross_sa_asymmetry |          0.0082 |
|  Metric/self_state_action_to_state_distance |        0.000675 |
| Metric/cross_state_action_to_state_distance |            1.53 |
|                   Metric/h_lambda_diff_self |          0.0015 |
|                  Metric/h_lambda_diff_cross |          0.0118 |
|                                 Eval/Return |             744 |
-----------------------------------------------------------------
-----------------------------------------------------------------
|                                 Train/Steps |        3.08e+06 |
|                            Loss/Loss_critic |           0.078 |
|                             Loss/Loss_actor |           -65.5 |
|                             Loss/Loss_alpha |        -0.00454 |
|               Loss/Loss_state_action_metric |            0.18 |
|                      Loss/Loss_state_metric |           0.121 |
|             Loss/Loss_state_action_to_state |        0.000127 |
|                           Loss/Act_rep_loss |        2.83e-07 |
|                                   SAC/Alpha |          0.0171 |
|                              SAC/LogPi_mean |            3.43 |
|                                 SAC/Q1_mean |            65.6 |
|                                 SAC/Q2_mean |            65.6 |
|                            Norm/actor_model |             132 |
|                           Norm/critic_model |             171 |
|              Norm/state_action_metric_model |            89.1 |
|                     Norm/state_metric_model |            95.1 |
|        Norm/state_action_state_metric_model |              83 |
|                  Metric/self_state_distance |         0.00013 |
|                 Metric/cross_state_distance |             1.4 |
|           Metric/self_state_action_distance |        0.000112 |
|          Metric/cross_state_action_distance |            1.51 |
|             Metric/avg_self_state_asymmetry |               0 |
|            Metric/avg_cross_state_asymmetry |         0.00518 |
|                Metric/avg_self_sa_asymmetry |               0 |
|               Metric/avg_cross_sa_asymmetry |         0.00843 |
|  Metric/self_state_action_to_state_distance |        0.000104 |
| Metric/cross_state_action_to_state_distance |            1.51 |
|                   Metric/h_lambda_diff_self |        0.000149 |
|                  Metric/h_lambda_diff_cross |          0.0101 |
|                                 Eval/Return |             762 |
-----------------------------------------------------------------
[32mSaving model …[0m
[32mDone.[0m
[32mSaving model …[0m
[32mDone.[0m
-----------------------------------------------------------------
|                                 Train/Steps |        3.21e+06 |
|                            Loss/Loss_critic |           0.102 |
|                             Loss/Loss_actor |           -65.3 |
|                             Loss/Loss_alpha |        -0.00621 |
|               Loss/Loss_state_action_metric |           0.192 |
|                      Loss/Loss_state_metric |           0.121 |
|             Loss/Loss_state_action_to_state |        9.72e-05 |
|                           Loss/Act_rep_loss |               0 |
|                                   SAC/Alpha |          0.0174 |
|                              SAC/LogPi_mean |            3.23 |
|                                 SAC/Q1_mean |            65.4 |
|                                 SAC/Q2_mean |            65.4 |
|                            Norm/actor_model |             134 |
|                           Norm/critic_model |             174 |
|              Norm/state_action_metric_model |            91.2 |
|                     Norm/state_metric_model |            97.3 |
|        Norm/state_action_state_metric_model |            85.1 |
|                  Metric/self_state_distance |         0.00113 |
|                 Metric/cross_state_distance |            1.41 |
|           Metric/self_state_action_distance |         0.00157 |
|          Metric/cross_state_action_distance |            1.53 |
|             Metric/avg_self_state_asymmetry |               0 |
|            Metric/avg_cross_state_asymmetry |         0.00522 |
|                Metric/avg_self_sa_asymmetry |               0 |
|               Metric/avg_cross_sa_asymmetry |         0.00878 |
|  Metric/self_state_action_to_state_distance |        0.000282 |
| Metric/cross_state_action_to_state_distance |            1.52 |
|                   Metric/h_lambda_diff_self |         0.00134 |
|                  Metric/h_lambda_diff_cross |          0.0109 |
|                                 Eval/Return |             757 |
-----------------------------------------------------------------
-----------------------------------------------------------------
|                                 Train/Steps |        3.34e+06 |
|                            Loss/Loss_critic |          0.0515 |
|                             Loss/Loss_actor |           -65.7 |
|                             Loss/Loss_alpha |         0.00473 |
|               Loss/Loss_state_action_metric |           0.156 |
|                      Loss/Loss_state_metric |            0.11 |
|             Loss/Loss_state_action_to_state |         0.00013 |
|                           Loss/Act_rep_loss |        1.28e-06 |
|                                   SAC/Alpha |          0.0176 |
|                              SAC/LogPi_mean |            2.92 |
|                                 SAC/Q1_mean |            65.8 |
|                                 SAC/Q2_mean |            65.8 |
|                            Norm/actor_model |             136 |
|                           Norm/critic_model |             177 |
|              Norm/state_action_metric_model |            93.1 |
|                     Norm/state_metric_model |            99.7 |
|        Norm/state_action_state_metric_model |            86.9 |
|                  Metric/self_state_distance |        0.000414 |
|                 Metric/cross_state_distance |            1.38 |
|           Metric/self_state_action_distance |         0.00123 |
|          Metric/cross_state_action_distance |            1.49 |
|             Metric/avg_self_state_asymmetry |               0 |
|            Metric/avg_cross_state_asymmetry |         0.00551 |
|                Metric/avg_self_sa_asymmetry |               0 |
|               Metric/avg_cross_sa_asymmetry |         0.00833 |
|  Metric/self_state_action_to_state_distance |        0.000318 |
| Metric/cross_state_action_to_state_distance |            1.49 |
|                   Metric/h_lambda_diff_self |         0.00103 |
|                  Metric/h_lambda_diff_cross |         0.00959 |
|                                 Eval/Return |             759 |
-----------------------------------------------------------------
-----------------------------------------------------------------
|                                 Train/Steps |        3.46e+06 |
|                            Loss/Loss_critic |           0.044 |
|                             Loss/Loss_actor |             -66 |
|                             Loss/Loss_alpha |          -0.001 |
|               Loss/Loss_state_action_metric |           0.152 |
|                      Loss/Loss_state_metric |           0.108 |
|             Loss/Loss_state_action_to_state |        0.000112 |
|                           Loss/Act_rep_loss |               0 |
|                                   SAC/Alpha |          0.0175 |
|                              SAC/LogPi_mean |            3.06 |
|                                 SAC/Q1_mean |            66.1 |
|                                 SAC/Q2_mean |              66 |
|                            Norm/actor_model |             137 |
|                           Norm/critic_model |             180 |
|              Norm/state_action_metric_model |            95.1 |
|                     Norm/state_metric_model |             102 |
|        Norm/state_action_state_metric_model |            88.7 |
|                  Metric/self_state_distance |         0.00129 |
|                 Metric/cross_state_distance |            1.38 |
|           Metric/self_state_action_distance |        0.000519 |
|          Metric/cross_state_action_distance |            1.49 |
|             Metric/avg_self_state_asymmetry |               0 |
|            Metric/avg_cross_state_asymmetry |          0.0053 |
|                Metric/avg_self_sa_asymmetry |               0 |
|               Metric/avg_cross_sa_asymmetry |         0.00826 |
|  Metric/self_state_action_to_state_distance |         0.00113 |
| Metric/cross_state_action_to_state_distance |            1.49 |
|                   Metric/h_lambda_diff_self |         0.00123 |
|                  Metric/h_lambda_diff_cross |         0.00943 |
|                                 Eval/Return |             762 |
-----------------------------------------------------------------
-----------------------------------------------------------------
|                                 Train/Steps |        3.59e+06 |
|                            Loss/Loss_critic |          0.0454 |
|                             Loss/Loss_actor |           -66.1 |
|                             Loss/Loss_alpha |         0.00315 |
|               Loss/Loss_state_action_metric |           0.168 |
|                      Loss/Loss_state_metric |           0.119 |
|             Loss/Loss_state_action_to_state |        9.51e-05 |
|                           Loss/Act_rep_loss |        1.22e-08 |
|                                   SAC/Alpha |          0.0177 |
|                              SAC/LogPi_mean |            2.99 |
|                                 SAC/Q1_mean |            66.1 |
|                                 SAC/Q2_mean |            66.2 |
|                            Norm/actor_model |             139 |
|                           Norm/critic_model |             183 |
|              Norm/state_action_metric_model |            97.1 |
|                     Norm/state_metric_model |             104 |
|        Norm/state_action_state_metric_model |            90.5 |
|                  Metric/self_state_distance |        0.000115 |
|                 Metric/cross_state_distance |            1.39 |
|           Metric/self_state_action_distance |        0.000274 |
|          Metric/cross_state_action_distance |             1.5 |
|             Metric/avg_self_state_asymmetry |               0 |
|            Metric/avg_cross_state_asymmetry |         0.00645 |
|                Metric/avg_self_sa_asymmetry |               0 |
|               Metric/avg_cross_sa_asymmetry |         0.00774 |
|  Metric/self_state_action_to_state_distance |        5.37e-05 |
| Metric/cross_state_action_to_state_distance |            1.49 |
|                   Metric/h_lambda_diff_self |        0.000267 |
|                  Metric/h_lambda_diff_cross |         0.00978 |
|                                 Eval/Return |             773 |
-----------------------------------------------------------------
-----------------------------------------------------------------
|                                 Train/Steps |        3.72e+06 |
|                            Loss/Loss_critic |           0.055 |
|                             Loss/Loss_actor |           -66.4 |
|                             Loss/Loss_alpha |         0.00456 |
|               Loss/Loss_state_action_metric |           0.156 |
|                      Loss/Loss_state_metric |            0.11 |
|             Loss/Loss_state_action_to_state |        0.000116 |
|                           Loss/Act_rep_loss |               0 |
|                                   SAC/Alpha |          0.0172 |
|                              SAC/LogPi_mean |            2.73 |
|                                 SAC/Q1_mean |            66.5 |
|                                 SAC/Q2_mean |            66.5 |
|                            Norm/actor_model |             141 |
|                           Norm/critic_model |             186 |
|              Norm/state_action_metric_model |              99 |
|                     Norm/state_metric_model |             106 |
|        Norm/state_action_state_metric_model |            92.4 |
|                  Metric/self_state_distance |        0.000277 |
|                 Metric/cross_state_distance |            1.38 |
|           Metric/self_state_action_distance |        0.000968 |
|          Metric/cross_state_action_distance |            1.49 |
|             Metric/avg_self_state_asymmetry |               0 |
|            Metric/avg_cross_state_asymmetry |         0.00554 |
|                Metric/avg_self_sa_asymmetry |               0 |
|               Metric/avg_cross_sa_asymmetry |         0.00871 |
|  Metric/self_state_action_to_state_distance |        0.000106 |
| Metric/cross_state_action_to_state_distance |            1.49 |
|                   Metric/h_lambda_diff_self |        0.000909 |
|                  Metric/h_lambda_diff_cross |         0.00975 |
|                                 Eval/Return |             760 |
-----------------------------------------------------------------
-----------------------------------------------------------------
|                                 Train/Steps |        3.85e+06 |
|                            Loss/Loss_critic |          0.0655 |
|                             Loss/Loss_actor |           -66.2 |
|                             Loss/Loss_alpha |         0.00197 |
|               Loss/Loss_state_action_metric |            0.16 |
|                      Loss/Loss_state_metric |           0.104 |
|             Loss/Loss_state_action_to_state |        0.000119 |
|                           Loss/Act_rep_loss |        5.51e-06 |
|                                   SAC/Alpha |          0.0173 |
|                              SAC/LogPi_mean |            3.24 |
|                                 SAC/Q1_mean |            66.3 |
|                                 SAC/Q2_mean |            66.2 |
|                            Norm/actor_model |             142 |
|                           Norm/critic_model |             189 |
|              Norm/state_action_metric_model |             101 |
|                     Norm/state_metric_model |             108 |
|        Norm/state_action_state_metric_model |            94.2 |
|                  Metric/self_state_distance |        0.000481 |
|                 Metric/cross_state_distance |            1.36 |
|           Metric/self_state_action_distance |        0.000445 |
|          Metric/cross_state_action_distance |            1.47 |
|             Metric/avg_self_state_asymmetry |               0 |
|            Metric/avg_cross_state_asymmetry |         0.00559 |
|                Metric/avg_self_sa_asymmetry |               0 |
|               Metric/avg_cross_sa_asymmetry |         0.00894 |
|  Metric/self_state_action_to_state_distance |        0.000495 |
| Metric/cross_state_action_to_state_distance |            1.46 |
|                   Metric/h_lambda_diff_self |        0.000499 |
|                  Metric/h_lambda_diff_cross |          0.0114 |
|                                 Eval/Return |             774 |
-----------------------------------------------------------------
-----------------------------------------------------------------
|                                 Train/Steps |        3.98e+06 |
|                            Loss/Loss_critic |          0.0494 |
|                             Loss/Loss_actor |           -66.9 |
|                             Loss/Loss_alpha |         0.00195 |
|               Loss/Loss_state_action_metric |           0.187 |
|                      Loss/Loss_state_metric |           0.107 |
|             Loss/Loss_state_action_to_state |        0.000101 |
|                           Loss/Act_rep_loss |        2.07e-06 |
|                                   SAC/Alpha |          0.0171 |
|                              SAC/LogPi_mean |            2.83 |
|                                 SAC/Q1_mean |            66.9 |
|                                 SAC/Q2_mean |            66.9 |
|                            Norm/actor_model |             144 |
|                           Norm/critic_model |             192 |
|              Norm/state_action_metric_model |             103 |
|                     Norm/state_metric_model |             110 |
|        Norm/state_action_state_metric_model |              96 |
|                  Metric/self_state_distance |        0.000454 |
|                 Metric/cross_state_distance |            1.37 |
|           Metric/self_state_action_distance |        0.000285 |
|          Metric/cross_state_action_distance |            1.47 |
|             Metric/avg_self_state_asymmetry |               0 |
|            Metric/avg_cross_state_asymmetry |         0.00462 |
|                Metric/avg_self_sa_asymmetry |               0 |
|               Metric/avg_cross_sa_asymmetry |         0.00736 |
|  Metric/self_state_action_to_state_distance |        0.000797 |
| Metric/cross_state_action_to_state_distance |            1.47 |
|                   Metric/h_lambda_diff_self |        0.000887 |
|                  Metric/h_lambda_diff_cross |         0.00844 |
|                                 Eval/Return |             771 |
-----------------------------------------------------------------
-----------------------------------------------------------------
|                                 Train/Steps |         4.1e+06 |
|                            Loss/Loss_critic |          0.0459 |
|                             Loss/Loss_actor |           -67.6 |
|                             Loss/Loss_alpha |        -0.00137 |
|               Loss/Loss_state_action_metric |          0.0907 |
|                      Loss/Loss_state_metric |          0.0645 |
|             Loss/Loss_state_action_to_state |          0.0001 |
|                           Loss/Act_rep_loss |        7.74e-06 |
|                                   SAC/Alpha |          0.0169 |
|                              SAC/LogPi_mean |            3.02 |
|                                 SAC/Q1_mean |            67.7 |
|                                 SAC/Q2_mean |            67.7 |
|                            Norm/actor_model |             146 |
|                           Norm/critic_model |             194 |
|              Norm/state_action_metric_model |             105 |
|                     Norm/state_metric_model |             112 |
|        Norm/state_action_state_metric_model |            97.8 |
|                  Metric/self_state_distance |        0.000465 |
|                 Metric/cross_state_distance |            1.27 |
|           Metric/self_state_action_distance |          0.0023 |
|          Metric/cross_state_action_distance |            1.34 |
|             Metric/avg_self_state_asymmetry |               0 |
|            Metric/avg_cross_state_asymmetry |          0.0047 |
|                Metric/avg_self_sa_asymmetry |               0 |
|               Metric/avg_cross_sa_asymmetry |         0.00816 |
|  Metric/self_state_action_to_state_distance |        0.000303 |
| Metric/cross_state_action_to_state_distance |            1.34 |
|                   Metric/h_lambda_diff_self |         0.00203 |
|                  Metric/h_lambda_diff_cross |          0.0104 |
|                                 Eval/Return |             774 |
-----------------------------------------------------------------
[32mSaving model …[0m
[32mDone.[0m
[32mSaving model …[0m
[32mDone.[0m
-----------------------------------------------------------------
|                                 Train/Steps |        4.23e+06 |
|                            Loss/Loss_critic |          0.0481 |
|                             Loss/Loss_actor |           -67.7 |
|                             Loss/Loss_alpha |        -0.00246 |
|               Loss/Loss_state_action_metric |           0.122 |
|                      Loss/Loss_state_metric |          0.0793 |
|             Loss/Loss_state_action_to_state |        0.000111 |
|                           Loss/Act_rep_loss |               0 |
|                                   SAC/Alpha |          0.0166 |
|                              SAC/LogPi_mean |            3.14 |
|                                 SAC/Q1_mean |            67.8 |
|                                 SAC/Q2_mean |            67.8 |
|                            Norm/actor_model |             147 |
|                           Norm/critic_model |             197 |
|              Norm/state_action_metric_model |             107 |
|                     Norm/state_metric_model |             114 |
|        Norm/state_action_state_metric_model |            99.4 |
|                  Metric/self_state_distance |         0.00026 |
|                 Metric/cross_state_distance |            1.29 |
|           Metric/self_state_action_distance |         0.00251 |
|          Metric/cross_state_action_distance |            1.39 |
|             Metric/avg_self_state_asymmetry |               0 |
|            Metric/avg_cross_state_asymmetry |         0.00739 |
|                Metric/avg_self_sa_asymmetry |               0 |
|               Metric/avg_cross_sa_asymmetry |         0.00844 |
|  Metric/self_state_action_to_state_distance |         4.2e-05 |
| Metric/cross_state_action_to_state_distance |            1.39 |
|                   Metric/h_lambda_diff_self |         0.00247 |
|                  Metric/h_lambda_diff_cross |          0.0111 |
|                                 Eval/Return |             767 |
-----------------------------------------------------------------
-----------------------------------------------------------------
|                                 Train/Steps |        4.36e+06 |
|                            Loss/Loss_critic |          0.0774 |
|                             Loss/Loss_actor |           -68.4 |
|                             Loss/Loss_alpha |        -0.00267 |
|               Loss/Loss_state_action_metric |           0.106 |
|                      Loss/Loss_state_metric |          0.0745 |
|             Loss/Loss_state_action_to_state |        8.28e-05 |
|                           Loss/Act_rep_loss |        1.95e-07 |
|                                   SAC/Alpha |          0.0164 |
|                              SAC/LogPi_mean |            2.82 |
|                                 SAC/Q1_mean |            68.5 |
|                                 SAC/Q2_mean |            68.4 |
|                            Norm/actor_model |             148 |
|                           Norm/critic_model |             199 |
|              Norm/state_action_metric_model |             109 |
|                     Norm/state_metric_model |             116 |
|        Norm/state_action_state_metric_model |             101 |
|                  Metric/self_state_distance |        0.000753 |
|                 Metric/cross_state_distance |            1.27 |
|           Metric/self_state_action_distance |        0.000287 |
|          Metric/cross_state_action_distance |            1.35 |
|             Metric/avg_self_state_asymmetry |               0 |
|            Metric/avg_cross_state_asymmetry |         0.00494 |
|                Metric/avg_self_sa_asymmetry |               0 |
|               Metric/avg_cross_sa_asymmetry |         0.00729 |
|  Metric/self_state_action_to_state_distance |         7.8e-05 |
| Metric/cross_state_action_to_state_distance |            1.35 |
|                   Metric/h_lambda_diff_self |        0.000251 |
|                  Metric/h_lambda_diff_cross |         0.00854 |
|                                 Eval/Return |             772 |
-----------------------------------------------------------------
-----------------------------------------------------------------
|                                 Train/Steps |        4.49e+06 |
|                            Loss/Loss_critic |          0.0197 |
|                             Loss/Loss_actor |           -69.2 |
|                             Loss/Loss_alpha |        -0.00431 |
|               Loss/Loss_state_action_metric |          0.0846 |
|                      Loss/Loss_state_metric |          0.0489 |
|             Loss/Loss_state_action_to_state |        7.92e-05 |
|                           Loss/Act_rep_loss |        6.05e-07 |
|                                   SAC/Alpha |          0.0162 |
|                              SAC/LogPi_mean |            3.18 |
|                                 SAC/Q1_mean |            69.2 |
|                                 SAC/Q2_mean |            69.2 |
|                            Norm/actor_model |             149 |
|                           Norm/critic_model |             201 |
|              Norm/state_action_metric_model |             110 |
|                     Norm/state_metric_model |             117 |
|        Norm/state_action_state_metric_model |             103 |
|                  Metric/self_state_distance |        0.000163 |
|                 Metric/cross_state_distance |            1.22 |
|           Metric/self_state_action_distance |         0.00032 |
|          Metric/cross_state_action_distance |            1.28 |
|             Metric/avg_self_state_asymmetry |               0 |
|            Metric/avg_cross_state_asymmetry |         0.00426 |
|                Metric/avg_self_sa_asymmetry |               0 |
|               Metric/avg_cross_sa_asymmetry |         0.00634 |
|  Metric/self_state_action_to_state_distance |        0.000434 |
| Metric/cross_state_action_to_state_distance |            1.28 |
|                   Metric/h_lambda_diff_self |        0.000481 |
|                  Metric/h_lambda_diff_cross |         0.00738 |
|                                 Eval/Return |             785 |
-----------------------------------------------------------------
-----------------------------------------------------------------
|                                 Train/Steps |        4.62e+06 |
|                            Loss/Loss_critic |          0.0349 |
|                             Loss/Loss_actor |           -69.5 |
|                             Loss/Loss_alpha |         0.00287 |
|               Loss/Loss_state_action_metric |           0.103 |
|                      Loss/Loss_state_metric |          0.0498 |
|             Loss/Loss_state_action_to_state |        6.64e-05 |
|                           Loss/Act_rep_loss |        4.74e-06 |
|                                   SAC/Alpha |          0.0164 |
|                              SAC/LogPi_mean |            2.74 |
|                                 SAC/Q1_mean |            69.5 |
|                                 SAC/Q2_mean |            69.6 |
|                            Norm/actor_model |             150 |
|                           Norm/critic_model |             203 |
|              Norm/state_action_metric_model |             112 |
|                     Norm/state_metric_model |             119 |
|        Norm/state_action_state_metric_model |             104 |
|                  Metric/self_state_distance |        0.000241 |
|                 Metric/cross_state_distance |            1.21 |
|           Metric/self_state_action_distance |        0.000278 |
|          Metric/cross_state_action_distance |            1.27 |
|             Metric/avg_self_state_asymmetry |               0 |
|            Metric/avg_cross_state_asymmetry |         0.00456 |
|                Metric/avg_self_sa_asymmetry |               0 |
|               Metric/avg_cross_sa_asymmetry |         0.00636 |
|  Metric/self_state_action_to_state_distance |        0.000215 |
| Metric/cross_state_action_to_state_distance |            1.27 |
|                   Metric/h_lambda_diff_self |        0.000269 |
|                  Metric/h_lambda_diff_cross |         0.00931 |
|                                 Eval/Return |             772 |
-----------------------------------------------------------------
-----------------------------------------------------------------
|                                 Train/Steps |        4.74e+06 |
|                            Loss/Loss_critic |          0.0191 |
|                             Loss/Loss_actor |           -70.1 |
|                             Loss/Loss_alpha |        -0.00213 |
|               Loss/Loss_state_action_metric |          0.0674 |
|                      Loss/Loss_state_metric |           0.048 |
|             Loss/Loss_state_action_to_state |        8.06e-05 |
|                           Loss/Act_rep_loss |        2.91e-06 |
|                                   SAC/Alpha |          0.0157 |
|                              SAC/LogPi_mean |            3.09 |
|                                 SAC/Q1_mean |            70.1 |
|                                 SAC/Q2_mean |            70.1 |
|                            Norm/actor_model |             152 |
|                           Norm/critic_model |             205 |
|              Norm/state_action_metric_model |             114 |
|                     Norm/state_metric_model |             121 |
|        Norm/state_action_state_metric_model |             106 |
|                  Metric/self_state_distance |        8.35e-05 |
|                 Metric/cross_state_distance |             1.2 |
|           Metric/self_state_action_distance |        0.000596 |
|          Metric/cross_state_action_distance |            1.25 |
|             Metric/avg_self_state_asymmetry |               0 |
|            Metric/avg_cross_state_asymmetry |         0.00368 |
|                Metric/avg_self_sa_asymmetry |               0 |
|               Metric/avg_cross_sa_asymmetry |         0.00624 |
|  Metric/self_state_action_to_state_distance |        1.58e-05 |
| Metric/cross_state_action_to_state_distance |            1.25 |
|                   Metric/h_lambda_diff_self |        0.000581 |
|                  Metric/h_lambda_diff_cross |          0.0081 |
|                                 Eval/Return |             780 |
-----------------------------------------------------------------
-----------------------------------------------------------------
|                                 Train/Steps |        4.87e+06 |
|                            Loss/Loss_critic |          0.0213 |
|                             Loss/Loss_actor |           -70.2 |
|                             Loss/Loss_alpha |        0.000496 |
|               Loss/Loss_state_action_metric |          0.0811 |
|                      Loss/Loss_state_metric |          0.0479 |
|             Loss/Loss_state_action_to_state |         0.00155 |
|                           Loss/Act_rep_loss |               0 |
|                                   SAC/Alpha |          0.0158 |
|                              SAC/LogPi_mean |            2.97 |
|                                 SAC/Q1_mean |            70.3 |
|                                 SAC/Q2_mean |            70.3 |
|                            Norm/actor_model |             153 |
|                           Norm/critic_model |             207 |
|              Norm/state_action_metric_model |             116 |
|                     Norm/state_metric_model |             122 |
|        Norm/state_action_state_metric_model |             108 |
|                  Metric/self_state_distance |        0.000285 |
|                 Metric/cross_state_distance |            1.21 |
|           Metric/self_state_action_distance |        0.000307 |
|          Metric/cross_state_action_distance |            1.28 |
|             Metric/avg_self_state_asymmetry |               0 |
|            Metric/avg_cross_state_asymmetry |         0.00573 |
|                Metric/avg_self_sa_asymmetry |               0 |
|               Metric/avg_cross_sa_asymmetry |         0.00662 |
|  Metric/self_state_action_to_state_distance |        0.000191 |
| Metric/cross_state_action_to_state_distance |            1.27 |
|                   Metric/h_lambda_diff_self |        0.000444 |
|                  Metric/h_lambda_diff_cross |         0.00992 |
|                                 Eval/Return |             783 |
-----------------------------------------------------------------
-----------------------------------------------------------------
|                                 Train/Steps |           5e+06 |
|                            Loss/Loss_critic |          0.0145 |
|                             Loss/Loss_actor |           -70.5 |
|                             Loss/Loss_alpha |        0.000815 |
|               Loss/Loss_state_action_metric |          0.0888 |
|                      Loss/Loss_state_metric |          0.0491 |
|             Loss/Loss_state_action_to_state |        6.48e-05 |
|                           Loss/Act_rep_loss |               0 |
|                                   SAC/Alpha |          0.0159 |
|                              SAC/LogPi_mean |            2.92 |
|                                 SAC/Q1_mean |            70.6 |
|                                 SAC/Q2_mean |            70.6 |
|                            Norm/actor_model |             154 |
|                           Norm/critic_model |             209 |
|              Norm/state_action_metric_model |             117 |
|                     Norm/state_metric_model |             124 |
|        Norm/state_action_state_metric_model |             109 |
|                  Metric/self_state_distance |        0.000471 |
|                 Metric/cross_state_distance |            1.21 |
|           Metric/self_state_action_distance |        0.000288 |
|          Metric/cross_state_action_distance |            1.27 |
|             Metric/avg_self_state_asymmetry |               0 |
|            Metric/avg_cross_state_asymmetry |         0.00367 |
|                Metric/avg_self_sa_asymmetry |               0 |
|               Metric/avg_cross_sa_asymmetry |         0.00613 |
|  Metric/self_state_action_to_state_distance |        0.000203 |
| Metric/cross_state_action_to_state_distance |            1.27 |
|                   Metric/h_lambda_diff_self |        0.000345 |
|                  Metric/h_lambda_diff_cross |          0.0101 |
|                                 Eval/Return |             794 |
-----------------------------------------------------------------
[32mSaving model …[0m
[32mDone.[0m
[32mSaving model …[0m
[32mDone.[0m
