E0905 09:23:18.664555  733153 cuda_executor.cc:1526] Could not get kernel mode driver version: (INVALID_ARGUMENT: Version does not match the format X.Y.Z)
E0905 09:23:18.672951  733044 cuda_executor.cc:1526] Could not get kernel mode driver version: (INVALID_ARGUMENT: Version does not match the format X.Y.Z)
[32mStart prefilling replay buffer[0m
[32mStart SAC training[0m
[32m{'log_freq': 1000, 'save_freq': 1000000, 'eval_episode_freq': 10, 'hidden_size': 256, 'lr': 0.001, 'max_grad_norm': 0.0, 'gamma': 0.99, 'update_tau': 0.005, 'train_per_step': 8, 'episode_length': 1000, 'warmup_samples': 8192, 'max_replay_size': 4000000, 'batch_size': 512, 'total_env_steps': 5000000, 'init_temperature': 0.1, 'nstep': 1, 'bootstrap_on_truncation': True, 'rep_lr_scale': 1.5, 'critic_rep_metric_scale': 1.0, 'critic_rep_scale': 0.05, 'vis_feq': 100000, 'n_vis_frames': 4, 'num_envs': 128, 'grad_steps': 50, 'transfer_freq': 10, 'transfer_steps': 8, 'reward_scaling': 1.0, 'num_eval_envs': 128, 'target_entropy': -3.0}[0m
[32m[nstep] nstep=1 bootstrap_on_truncation=True (discount from the buffer already contains gamma^nstep)[0m
-----------------------------------------------------------------
|                                 Train/Steps |        1.36e+05 |
|                            Loss/Loss_critic |         0.00181 |
|                             Loss/Loss_actor |           -3.64 |
|                             Loss/Loss_alpha |         0.00414 |
|               Loss/Loss_state_action_metric |          0.0142 |
|                      Loss/Loss_state_metric |         0.00934 |
|             Loss/Loss_state_action_to_state |        0.000183 |
|                           Loss/Act_rep_loss |         0.00597 |
|                        Loss/Critic_rep_loss |          0.0395 |
|                                   SAC/Alpha |          0.0023 |
|                              SAC/LogPi_mean |            1.22 |
|                                 SAC/Q1_mean |            3.62 |
|                                 SAC/Q2_mean |            3.63 |
|                            Norm/actor_model |            32.4 |
|                           Norm/critic_model |              33 |
|              Norm/state_action_metric_model |            31.3 |
|                     Norm/state_metric_model |            31.3 |
|        Norm/state_action_state_metric_model |            31.3 |
|                  Metric/self_state_distance |        0.000549 |
|                 Metric/cross_state_distance |            1.13 |
|           Metric/self_state_action_distance |         0.00307 |
|          Metric/cross_state_action_distance |            1.16 |
|             Metric/avg_self_state_asymmetry |               0 |
|            Metric/avg_cross_state_asymmetry |          0.0066 |
|                Metric/avg_self_sa_asymmetry |               0 |
|               Metric/avg_cross_sa_asymmetry |         0.00926 |
|  Metric/self_state_action_to_state_distance |         0.00154 |
| Metric/cross_state_action_to_state_distance |            1.17 |
|                   Metric/h_lambda_diff_self |         0.00255 |
|                  Metric/h_lambda_diff_cross |           0.013 |
|                                 Eval/Return |             122 |
-----------------------------------------------------------------
-----------------------------------------------------------------
|                                 Train/Steps |        2.64e+05 |
|                            Loss/Loss_critic |          0.0141 |
|                             Loss/Loss_actor |            -8.5 |
|                             Loss/Loss_alpha |        0.000446 |
|               Loss/Loss_state_action_metric |           0.165 |
|                      Loss/Loss_state_metric |           0.111 |
|             Loss/Loss_state_action_to_state |        0.000478 |
|                           Loss/Act_rep_loss |        0.000621 |
|                        Loss/Critic_rep_loss |            2.25 |
|                                   SAC/Alpha |         0.00447 |
|                              SAC/LogPi_mean |            2.88 |
|                                 SAC/Q1_mean |            8.49 |
|                                 SAC/Q2_mean |             8.5 |
|                            Norm/actor_model |            50.1 |
|                           Norm/critic_model |            48.3 |
|              Norm/state_action_metric_model |            33.6 |
|                     Norm/state_metric_model |              34 |
|        Norm/state_action_state_metric_model |            33.2 |
|                  Metric/self_state_distance |         0.00212 |
|                 Metric/cross_state_distance |            1.52 |
|           Metric/self_state_action_distance |         0.00206 |
|          Metric/cross_state_action_distance |            1.68 |
|             Metric/avg_self_state_asymmetry |               0 |
|            Metric/avg_cross_state_asymmetry |          0.0109 |
|                Metric/avg_self_sa_asymmetry |               0 |
|               Metric/avg_cross_sa_asymmetry |          0.0159 |
|  Metric/self_state_action_to_state_distance |         0.00106 |
| Metric/cross_state_action_to_state_distance |            1.67 |
|                   Metric/h_lambda_diff_self |          0.0024 |
|                  Metric/h_lambda_diff_cross |          0.0217 |
|                                 Eval/Return |             565 |
-----------------------------------------------------------------
-----------------------------------------------------------------
|                                 Train/Steps |        3.92e+05 |
|                            Loss/Loss_critic |          0.0466 |
|                             Loss/Loss_actor |           -16.1 |
|                             Loss/Loss_alpha |        -0.00109 |
|               Loss/Loss_state_action_metric |           0.232 |
|                      Loss/Loss_state_metric |           0.162 |
|             Loss/Loss_state_action_to_state |        0.000515 |
|                           Loss/Act_rep_loss |        0.000187 |
|                        Loss/Critic_rep_loss |            5.01 |
|                                   SAC/Alpha |          0.0105 |
|                              SAC/LogPi_mean |             2.9 |
|                                 SAC/Q1_mean |            16.1 |
|                                 SAC/Q2_mean |            16.1 |
|                            Norm/actor_model |            60.3 |
|                           Norm/critic_model |            63.9 |
|              Norm/state_action_metric_model |            36.6 |
|                     Norm/state_metric_model |            37.5 |
|        Norm/state_action_state_metric_model |            35.7 |
|                  Metric/self_state_distance |         0.00164 |
|                 Metric/cross_state_distance |            1.59 |
|           Metric/self_state_action_distance |         0.00248 |
|          Metric/cross_state_action_distance |            1.81 |
|             Metric/avg_self_state_asymmetry |               0 |
|            Metric/avg_cross_state_asymmetry |           0.013 |
|                Metric/avg_self_sa_asymmetry |               0 |
|               Metric/avg_cross_sa_asymmetry |          0.0165 |
|  Metric/self_state_action_to_state_distance |         0.00446 |
| Metric/cross_state_action_to_state_distance |            1.79 |
|                   Metric/h_lambda_diff_self |         0.00395 |
|                  Metric/h_lambda_diff_cross |           0.022 |
|                                 Eval/Return |             638 |
-----------------------------------------------------------------
-----------------------------------------------------------------
|                                 Train/Steps |         5.2e+05 |
|                            Loss/Loss_critic |          0.0586 |
|                             Loss/Loss_actor |             -24 |
|                             Loss/Loss_alpha |        0.000485 |
|               Loss/Loss_state_action_metric |           0.272 |
|                      Loss/Loss_state_metric |           0.192 |
|             Loss/Loss_state_action_to_state |        0.000293 |
|                           Loss/Act_rep_loss |        2.03e-05 |
|                        Loss/Critic_rep_loss |             6.1 |
|                                   SAC/Alpha |          0.0143 |
|                              SAC/LogPi_mean |            3.15 |
|                                 SAC/Q1_mean |              24 |
|                                 SAC/Q2_mean |            24.1 |
|                            Norm/actor_model |            67.5 |
|                           Norm/critic_model |            75.2 |
|              Norm/state_action_metric_model |            39.7 |
|                     Norm/state_metric_model |            41.2 |
|        Norm/state_action_state_metric_model |            38.3 |
|                  Metric/self_state_distance |          0.0019 |
|                 Metric/cross_state_distance |            1.68 |
|           Metric/self_state_action_distance |         0.00082 |
|          Metric/cross_state_action_distance |            1.87 |
|             Metric/avg_self_state_asymmetry |               0 |
|            Metric/avg_cross_state_asymmetry |          0.0103 |
|                Metric/avg_self_sa_asymmetry |               0 |
|               Metric/avg_cross_sa_asymmetry |          0.0148 |
|  Metric/self_state_action_to_state_distance |         0.00209 |
| Metric/cross_state_action_to_state_distance |            1.86 |
|                   Metric/h_lambda_diff_self |         0.00173 |
|                  Metric/h_lambda_diff_cross |          0.0162 |
|                                 Eval/Return |             650 |
-----------------------------------------------------------------
-----------------------------------------------------------------
|                                 Train/Steps |        6.48e+05 |
|                            Loss/Loss_critic |          0.0736 |
|                             Loss/Loss_actor |             -30 |
|                             Loss/Loss_alpha |         0.00212 |
|               Loss/Loss_state_action_metric |           0.305 |
|                      Loss/Loss_state_metric |           0.214 |
|             Loss/Loss_state_action_to_state |        0.000305 |
|                           Loss/Act_rep_loss |        0.000102 |
|                        Loss/Critic_rep_loss |            7.26 |
|                                   SAC/Alpha |          0.0147 |
|                              SAC/LogPi_mean |            2.93 |
|                                 SAC/Q1_mean |              30 |
|                                 SAC/Q2_mean |              30 |
|                            Norm/actor_model |            73.4 |
|                           Norm/critic_model |            83.5 |
|              Norm/state_action_metric_model |            42.9 |
|                     Norm/state_metric_model |              45 |
|        Norm/state_action_state_metric_model |              41 |
|                  Metric/self_state_distance |         0.00123 |
|                 Metric/cross_state_distance |            1.69 |
|           Metric/self_state_action_distance |         0.00569 |
|          Metric/cross_state_action_distance |            1.92 |
|             Metric/avg_self_state_asymmetry |               0 |
|            Metric/avg_cross_state_asymmetry |          0.0105 |
|                Metric/avg_self_sa_asymmetry |               0 |
|               Metric/avg_cross_sa_asymmetry |          0.0148 |
|  Metric/self_state_action_to_state_distance |         0.00249 |
| Metric/cross_state_action_to_state_distance |            1.91 |
|                   Metric/h_lambda_diff_self |         0.00465 |
|                  Metric/h_lambda_diff_cross |           0.019 |
|                                 Eval/Return |             653 |
-----------------------------------------------------------------
-----------------------------------------------------------------
|                                 Train/Steps |        7.76e+05 |
|                            Loss/Loss_critic |          0.0568 |
|                             Loss/Loss_actor |           -35.8 |
|                             Loss/Loss_alpha |         0.00382 |
|               Loss/Loss_state_action_metric |           0.288 |
|                      Loss/Loss_state_metric |             0.2 |
|             Loss/Loss_state_action_to_state |        0.000206 |
|                           Loss/Act_rep_loss |        0.000156 |
|                        Loss/Critic_rep_loss |             6.6 |
|                                   SAC/Alpha |          0.0144 |
|                              SAC/LogPi_mean |            2.62 |
|                                 SAC/Q1_mean |            35.8 |
|                                 SAC/Q2_mean |            35.9 |
|                            Norm/actor_model |            78.6 |
|                           Norm/critic_model |            90.5 |
|              Norm/state_action_metric_model |            46.1 |
|                     Norm/state_metric_model |            48.6 |
|        Norm/state_action_state_metric_model |            43.7 |
|                  Metric/self_state_distance |          0.0013 |
|                 Metric/cross_state_distance |            1.68 |
|           Metric/self_state_action_distance |         0.00121 |
|          Metric/cross_state_action_distance |            1.84 |
|             Metric/avg_self_state_asymmetry |               0 |
|            Metric/avg_cross_state_asymmetry |         0.00996 |
|                Metric/avg_self_sa_asymmetry |               0 |
|               Metric/avg_cross_sa_asymmetry |          0.0127 |
|  Metric/self_state_action_to_state_distance |         0.00154 |
| Metric/cross_state_action_to_state_distance |            1.84 |
|                   Metric/h_lambda_diff_self |         0.00162 |
|                  Metric/h_lambda_diff_cross |          0.0152 |
|                                 Eval/Return |             638 |
-----------------------------------------------------------------
-----------------------------------------------------------------
|                                 Train/Steps |        9.04e+05 |
|                            Loss/Loss_critic |           0.097 |
|                             Loss/Loss_actor |           -40.4 |
|                             Loss/Loss_alpha |       -0.000761 |
|               Loss/Loss_state_action_metric |           0.249 |
|                      Loss/Loss_state_metric |           0.177 |
|             Loss/Loss_state_action_to_state |         0.00021 |
|                           Loss/Act_rep_loss |        4.87e-07 |
|                        Loss/Critic_rep_loss |            6.27 |
|                                   SAC/Alpha |          0.0141 |
|                              SAC/LogPi_mean |            3.14 |
|                                 SAC/Q1_mean |            40.5 |
|                                 SAC/Q2_mean |            40.4 |
|                            Norm/actor_model |            83.2 |
|                           Norm/critic_model |            96.8 |
|              Norm/state_action_metric_model |            49.1 |
|                     Norm/state_metric_model |            52.1 |
|        Norm/state_action_state_metric_model |            46.4 |
|                  Metric/self_state_distance |         0.00117 |
|                 Metric/cross_state_distance |            1.62 |
|           Metric/self_state_action_distance |         0.00177 |
|          Metric/cross_state_action_distance |            1.78 |
|             Metric/avg_self_state_asymmetry |               0 |
|            Metric/avg_cross_state_asymmetry |         0.00824 |
|                Metric/avg_self_sa_asymmetry |               0 |
|               Metric/avg_cross_sa_asymmetry |          0.0125 |
|  Metric/self_state_action_to_state_distance |        0.000465 |
| Metric/cross_state_action_to_state_distance |            1.77 |
|                   Metric/h_lambda_diff_self |         0.00178 |
|                  Metric/h_lambda_diff_cross |          0.0173 |
|                                 Eval/Return |             663 |
-----------------------------------------------------------------
-----------------------------------------------------------------
|                                 Train/Steps |        1.03e+06 |
|                            Loss/Loss_critic |          0.0672 |
|                             Loss/Loss_actor |           -43.7 |
|                             Loss/Loss_alpha |       -0.000306 |
|               Loss/Loss_state_action_metric |           0.248 |
|                      Loss/Loss_state_metric |           0.176 |
|             Loss/Loss_state_action_to_state |        0.000214 |
|                           Loss/Act_rep_loss |        6.43e-06 |
|                        Loss/Critic_rep_loss |            6.23 |
|                                   SAC/Alpha |          0.0143 |
|                              SAC/LogPi_mean |            2.88 |
|                                 SAC/Q1_mean |            43.8 |
|                                 SAC/Q2_mean |            43.8 |
|                            Norm/actor_model |            87.4 |
|                           Norm/critic_model |             102 |
|              Norm/state_action_metric_model |              52 |
|                     Norm/state_metric_model |            55.1 |
|        Norm/state_action_state_metric_model |            49.1 |
|                  Metric/self_state_distance |        0.000937 |
|                 Metric/cross_state_distance |             1.6 |
|           Metric/self_state_action_distance |         0.00424 |
|          Metric/cross_state_action_distance |            1.75 |
|             Metric/avg_self_state_asymmetry |               0 |
|            Metric/avg_cross_state_asymmetry |         0.00831 |
|                Metric/avg_self_sa_asymmetry |               0 |
|               Metric/avg_cross_sa_asymmetry |          0.0127 |
|  Metric/self_state_action_to_state_distance |         0.00142 |
| Metric/cross_state_action_to_state_distance |            1.75 |
|                   Metric/h_lambda_diff_self |         0.00346 |
|                  Metric/h_lambda_diff_cross |          0.0163 |
|                                 Eval/Return |             667 |
-----------------------------------------------------------------
[32mSaving model …[0m
[32mDone.[0m
[32mSaving model …[0m
[32mDone.[0m
-----------------------------------------------------------------
|                                 Train/Steps |        1.16e+06 |
|                            Loss/Loss_critic |           0.064 |
|                             Loss/Loss_actor |             -47 |
|                             Loss/Loss_alpha |        0.000159 |
|               Loss/Loss_state_action_metric |           0.221 |
|                      Loss/Loss_state_metric |           0.156 |
|             Loss/Loss_state_action_to_state |        0.000193 |
|                           Loss/Act_rep_loss |        6.81e-06 |
|                        Loss/Critic_rep_loss |            5.62 |
|                                   SAC/Alpha |          0.0139 |
|                              SAC/LogPi_mean |            3.02 |
|                                 SAC/Q1_mean |              47 |
|                                 SAC/Q2_mean |              47 |
|                            Norm/actor_model |            91.2 |
|                           Norm/critic_model |             108 |
|              Norm/state_action_metric_model |              55 |
|                     Norm/state_metric_model |            58.3 |
|        Norm/state_action_state_metric_model |            51.6 |
|                  Metric/self_state_distance |         0.00132 |
|                 Metric/cross_state_distance |            1.55 |
|           Metric/self_state_action_distance |         0.00155 |
|          Metric/cross_state_action_distance |             1.7 |
|             Metric/avg_self_state_asymmetry |               0 |
|            Metric/avg_cross_state_asymmetry |         0.00807 |
|                Metric/avg_self_sa_asymmetry |               0 |
|               Metric/avg_cross_sa_asymmetry |          0.0126 |
|  Metric/self_state_action_to_state_distance |        0.000177 |
| Metric/cross_state_action_to_state_distance |             1.7 |
|                   Metric/h_lambda_diff_self |         0.00148 |
|                  Metric/h_lambda_diff_cross |          0.0143 |
|                                 Eval/Return |             670 |
-----------------------------------------------------------------
-----------------------------------------------------------------
|                                 Train/Steps |        1.29e+06 |
|                            Loss/Loss_critic |          0.0803 |
|                             Loss/Loss_actor |           -49.3 |
|                             Loss/Loss_alpha |        -0.00032 |
|               Loss/Loss_state_action_metric |           0.212 |
|                      Loss/Loss_state_metric |            0.15 |
|             Loss/Loss_state_action_to_state |        0.000227 |
|                           Loss/Act_rep_loss |               0 |
|                        Loss/Critic_rep_loss |            4.99 |
|                                   SAC/Alpha |          0.0141 |
|                              SAC/LogPi_mean |            2.89 |
|                                 SAC/Q1_mean |            49.4 |
|                                 SAC/Q2_mean |            49.3 |
|                            Norm/actor_model |            94.8 |
|                           Norm/critic_model |             112 |
|              Norm/state_action_metric_model |            57.8 |
|                     Norm/state_metric_model |            61.5 |
|        Norm/state_action_state_metric_model |            54.2 |
|                  Metric/self_state_distance |         0.00664 |
|                 Metric/cross_state_distance |            1.51 |
|           Metric/self_state_action_distance |         0.00333 |
|          Metric/cross_state_action_distance |            1.65 |
|             Metric/avg_self_state_asymmetry |               0 |
|            Metric/avg_cross_state_asymmetry |          0.0069 |
|                Metric/avg_self_sa_asymmetry |               0 |
|               Metric/avg_cross_sa_asymmetry |          0.0111 |
|  Metric/self_state_action_to_state_distance |         0.00293 |
| Metric/cross_state_action_to_state_distance |            1.64 |
|                   Metric/h_lambda_diff_self |         0.00487 |
|                  Metric/h_lambda_diff_cross |          0.0145 |
|                                 Eval/Return |             663 |
-----------------------------------------------------------------
-----------------------------------------------------------------
|                                 Train/Steps |        1.42e+06 |
|                            Loss/Loss_critic |          0.0453 |
|                             Loss/Loss_actor |           -50.8 |
|                             Loss/Loss_alpha |         0.00193 |
|               Loss/Loss_state_action_metric |           0.237 |
|                      Loss/Loss_state_metric |           0.169 |
|             Loss/Loss_state_action_to_state |        0.000175 |
|                           Loss/Act_rep_loss |               0 |
|                        Loss/Critic_rep_loss |            5.49 |
|                                   SAC/Alpha |          0.0131 |
|                              SAC/LogPi_mean |            2.92 |
|                                 SAC/Q1_mean |            50.8 |
|                                 SAC/Q2_mean |            50.8 |
|                            Norm/actor_model |              98 |
|                           Norm/critic_model |             117 |
|              Norm/state_action_metric_model |            60.6 |
|                     Norm/state_metric_model |            64.5 |
|        Norm/state_action_state_metric_model |            56.7 |
|                  Metric/self_state_distance |         0.00238 |
|                 Metric/cross_state_distance |            1.55 |
|           Metric/self_state_action_distance |          0.0017 |
|          Metric/cross_state_action_distance |             1.7 |
|             Metric/avg_self_state_asymmetry |               0 |
|            Metric/avg_cross_state_asymmetry |          0.0067 |
|                Metric/avg_self_sa_asymmetry |               0 |
|               Metric/avg_cross_sa_asymmetry |          0.0103 |
|  Metric/self_state_action_to_state_distance |        0.000665 |
| Metric/cross_state_action_to_state_distance |            1.69 |
|                   Metric/h_lambda_diff_self |         0.00134 |
|                  Metric/h_lambda_diff_cross |          0.0133 |
|                                 Eval/Return |             671 |
-----------------------------------------------------------------
-----------------------------------------------------------------
|                                 Train/Steps |        1.54e+06 |
|                            Loss/Loss_critic |          0.0736 |
|                             Loss/Loss_actor |             -52 |
|                             Loss/Loss_alpha |        -0.00308 |
|               Loss/Loss_state_action_metric |           0.226 |
|                      Loss/Loss_state_metric |           0.163 |
|             Loss/Loss_state_action_to_state |        0.000192 |
|                           Loss/Act_rep_loss |        9.82e-07 |
|                        Loss/Critic_rep_loss |            5.75 |
|                                   SAC/Alpha |          0.0137 |
|                              SAC/LogPi_mean |            2.93 |
|                                 SAC/Q1_mean |            52.1 |
|                                 SAC/Q2_mean |              52 |
|                            Norm/actor_model |             101 |
|                           Norm/critic_model |             121 |
|              Norm/state_action_metric_model |            63.2 |
|                     Norm/state_metric_model |            67.1 |
|        Norm/state_action_state_metric_model |            59.1 |
|                  Metric/self_state_distance |         0.00161 |
|                 Metric/cross_state_distance |            1.54 |
|           Metric/self_state_action_distance |         0.00341 |
|          Metric/cross_state_action_distance |            1.68 |
|             Metric/avg_self_state_asymmetry |               0 |
|            Metric/avg_cross_state_asymmetry |         0.00714 |
|                Metric/avg_self_sa_asymmetry |               0 |
|               Metric/avg_cross_sa_asymmetry |          0.0115 |
|  Metric/self_state_action_to_state_distance |        0.000489 |
| Metric/cross_state_action_to_state_distance |            1.67 |
|                   Metric/h_lambda_diff_self |         0.00324 |
|                  Metric/h_lambda_diff_cross |           0.014 |
|                                 Eval/Return |             671 |
-----------------------------------------------------------------
-----------------------------------------------------------------
|                                 Train/Steps |        1.67e+06 |
|                            Loss/Loss_critic |           0.047 |
|                             Loss/Loss_actor |           -53.5 |
|                             Loss/Loss_alpha |          0.0026 |
|               Loss/Loss_state_action_metric |            0.23 |
|                      Loss/Loss_state_metric |           0.155 |
|             Loss/Loss_state_action_to_state |        0.000893 |
|                           Loss/Act_rep_loss |        6.45e-06 |
|                        Loss/Critic_rep_loss |            5.43 |
|                                   SAC/Alpha |           0.013 |
|                              SAC/LogPi_mean |            2.85 |
|                                 SAC/Q1_mean |            53.5 |
|                                 SAC/Q2_mean |            53.5 |
|                            Norm/actor_model |             104 |
|                           Norm/critic_model |             125 |
|              Norm/state_action_metric_model |            65.8 |
|                     Norm/state_metric_model |            69.8 |
|        Norm/state_action_state_metric_model |            61.5 |
|                  Metric/self_state_distance |        0.000215 |
|                 Metric/cross_state_distance |            1.51 |
|           Metric/self_state_action_distance |        0.000875 |
|          Metric/cross_state_action_distance |            1.65 |
|             Metric/avg_self_state_asymmetry |               0 |
|            Metric/avg_cross_state_asymmetry |         0.00658 |
|                Metric/avg_self_sa_asymmetry |               0 |
|               Metric/avg_cross_sa_asymmetry |          0.0109 |
|  Metric/self_state_action_to_state_distance |        0.000556 |
| Metric/cross_state_action_to_state_distance |            1.64 |
|                   Metric/h_lambda_diff_self |        0.000895 |
|                  Metric/h_lambda_diff_cross |          0.0143 |
|                                 Eval/Return |             685 |
-----------------------------------------------------------------
-----------------------------------------------------------------
|                                 Train/Steps |         1.8e+06 |
|                            Loss/Loss_critic |          0.0904 |
|                             Loss/Loss_actor |           -54.4 |
|                             Loss/Loss_alpha |         0.00244 |
|               Loss/Loss_state_action_metric |           0.208 |
|                      Loss/Loss_state_metric |           0.147 |
|             Loss/Loss_state_action_to_state |        0.000185 |
|                           Loss/Act_rep_loss |        7.15e-06 |
|                        Loss/Critic_rep_loss |            4.95 |
|                                   SAC/Alpha |          0.0128 |
|                              SAC/LogPi_mean |            3.01 |
|                                 SAC/Q1_mean |            54.5 |
|                                 SAC/Q2_mean |            54.5 |
|                            Norm/actor_model |             107 |
|                           Norm/critic_model |             129 |
|              Norm/state_action_metric_model |            68.4 |
|                     Norm/state_metric_model |            72.5 |
|        Norm/state_action_state_metric_model |            63.8 |
|                  Metric/self_state_distance |        0.000384 |
|                 Metric/cross_state_distance |             1.5 |
|           Metric/self_state_action_distance |         0.00174 |
|          Metric/cross_state_action_distance |            1.64 |
|             Metric/avg_self_state_asymmetry |               0 |
|            Metric/avg_cross_state_asymmetry |         0.00648 |
|                Metric/avg_self_sa_asymmetry |               0 |
|               Metric/avg_cross_sa_asymmetry |          0.0101 |
|  Metric/self_state_action_to_state_distance |         0.00123 |
| Metric/cross_state_action_to_state_distance |            1.64 |
|                   Metric/h_lambda_diff_self |         0.00181 |
|                  Metric/h_lambda_diff_cross |          0.0124 |
|                                 Eval/Return |             672 |
-----------------------------------------------------------------
-----------------------------------------------------------------
|                                 Train/Steps |        1.93e+06 |
|                            Loss/Loss_critic |          0.0362 |
|                             Loss/Loss_actor |           -55.7 |
|                             Loss/Loss_alpha |        -0.00529 |
|               Loss/Loss_state_action_metric |           0.222 |
|                      Loss/Loss_state_metric |           0.134 |
|             Loss/Loss_state_action_to_state |        0.000131 |
|                           Loss/Act_rep_loss |        7.85e-07 |
|                        Loss/Critic_rep_loss |            4.21 |
|                                   SAC/Alpha |          0.0124 |
|                              SAC/LogPi_mean |            3.19 |
|                                 SAC/Q1_mean |            55.7 |
|                                 SAC/Q2_mean |            55.9 |
|                            Norm/actor_model |             109 |
|                           Norm/critic_model |             133 |
|              Norm/state_action_metric_model |            70.9 |
|                     Norm/state_metric_model |            75.3 |
|        Norm/state_action_state_metric_model |            66.1 |
|                  Metric/self_state_distance |        0.000529 |
|                 Metric/cross_state_distance |            1.44 |
|           Metric/self_state_action_distance |         0.00159 |
|          Metric/cross_state_action_distance |            1.59 |
|             Metric/avg_self_state_asymmetry |               0 |
|            Metric/avg_cross_state_asymmetry |         0.00625 |
|                Metric/avg_self_sa_asymmetry |               0 |
|               Metric/avg_cross_sa_asymmetry |         0.00944 |
|  Metric/self_state_action_to_state_distance |        0.000226 |
| Metric/cross_state_action_to_state_distance |            1.58 |
|                   Metric/h_lambda_diff_self |         0.00141 |
|                  Metric/h_lambda_diff_cross |          0.0172 |
|                                 Eval/Return |             684 |
-----------------------------------------------------------------
-----------------------------------------------------------------
|                                 Train/Steps |        2.06e+06 |
|                            Loss/Loss_critic |          0.0486 |
|                             Loss/Loss_actor |           -56.6 |
|                             Loss/Loss_alpha |       -0.000441 |
|               Loss/Loss_state_action_metric |           0.174 |
|                      Loss/Loss_state_metric |           0.113 |
|             Loss/Loss_state_action_to_state |        0.000148 |
|                           Loss/Act_rep_loss |               0 |
|                        Loss/Critic_rep_loss |            4.09 |
|                                   SAC/Alpha |          0.0124 |
|                              SAC/LogPi_mean |            3.25 |
|                                 SAC/Q1_mean |            56.7 |
|                                 SAC/Q2_mean |            56.7 |
|                            Norm/actor_model |             112 |
|                           Norm/critic_model |             136 |
|              Norm/state_action_metric_model |            73.3 |
|                     Norm/state_metric_model |            77.9 |
|        Norm/state_action_state_metric_model |            68.5 |
|                  Metric/self_state_distance |          0.0019 |
|                 Metric/cross_state_distance |            1.41 |
|           Metric/self_state_action_distance |         0.00144 |
|          Metric/cross_state_action_distance |            1.53 |
|             Metric/avg_self_state_asymmetry |               0 |
|            Metric/avg_cross_state_asymmetry |         0.00641 |
|                Metric/avg_self_sa_asymmetry |               0 |
|               Metric/avg_cross_sa_asymmetry |          0.0102 |
|  Metric/self_state_action_to_state_distance |        0.000309 |
| Metric/cross_state_action_to_state_distance |            1.53 |
|                   Metric/h_lambda_diff_self |         0.00131 |
|                  Metric/h_lambda_diff_cross |          0.0121 |
|                                 Eval/Return |             677 |
-----------------------------------------------------------------
[32mSaving model …[0m
[32mDone.[0m
[32mSaving model …[0m
[32mDone.[0m
-----------------------------------------------------------------
|                                 Train/Steps |        2.18e+06 |
|                            Loss/Loss_critic |          0.0566 |
|                             Loss/Loss_actor |           -56.7 |
|                             Loss/Loss_alpha |         0.00153 |
|               Loss/Loss_state_action_metric |           0.228 |
|                      Loss/Loss_state_metric |           0.155 |
|             Loss/Loss_state_action_to_state |        0.000139 |
|                           Loss/Act_rep_loss |               0 |
|                        Loss/Critic_rep_loss |               5 |
|                                   SAC/Alpha |          0.0121 |
|                              SAC/LogPi_mean |            2.89 |
|                                 SAC/Q1_mean |            56.8 |
|                                 SAC/Q2_mean |            56.8 |
|                            Norm/actor_model |             114 |
|                           Norm/critic_model |             140 |
|              Norm/state_action_metric_model |            75.7 |
|                     Norm/state_metric_model |            80.5 |
|        Norm/state_action_state_metric_model |            70.7 |
|                  Metric/self_state_distance |        0.000318 |
|                 Metric/cross_state_distance |             1.5 |
|           Metric/self_state_action_distance |         0.00108 |
|          Metric/cross_state_action_distance |            1.64 |
|             Metric/avg_self_state_asymmetry |               0 |
|            Metric/avg_cross_state_asymmetry |         0.00615 |
|                Metric/avg_self_sa_asymmetry |               0 |
|               Metric/avg_cross_sa_asymmetry |          0.0106 |
|  Metric/self_state_action_to_state_distance |        0.000261 |
| Metric/cross_state_action_to_state_distance |            1.64 |
|                   Metric/h_lambda_diff_self |        0.000842 |
|                  Metric/h_lambda_diff_cross |          0.0111 |
|                                 Eval/Return |             681 |
-----------------------------------------------------------------
-----------------------------------------------------------------
|                                 Train/Steps |        2.31e+06 |
|                            Loss/Loss_critic |          0.0441 |
|                             Loss/Loss_actor |           -58.3 |
|                             Loss/Loss_alpha |           0.004 |
|               Loss/Loss_state_action_metric |            0.16 |
|                      Loss/Loss_state_metric |           0.113 |
|             Loss/Loss_state_action_to_state |         9.9e-05 |
|                           Loss/Act_rep_loss |        1.62e-05 |
|                        Loss/Critic_rep_loss |            3.53 |
|                                   SAC/Alpha |          0.0119 |
|                              SAC/LogPi_mean |            2.49 |
|                                 SAC/Q1_mean |            58.3 |
|                                 SAC/Q2_mean |            58.3 |
|                            Norm/actor_model |             117 |
|                           Norm/critic_model |             144 |
|              Norm/state_action_metric_model |              78 |
|                     Norm/state_metric_model |              83 |
|        Norm/state_action_state_metric_model |            72.9 |
|                  Metric/self_state_distance |         0.00122 |
|                 Metric/cross_state_distance |            1.39 |
|           Metric/self_state_action_distance |        0.000643 |
|          Metric/cross_state_action_distance |            1.51 |
|             Metric/avg_self_state_asymmetry |               0 |
|            Metric/avg_cross_state_asymmetry |         0.00571 |
|                Metric/avg_self_sa_asymmetry |               0 |
|               Metric/avg_cross_sa_asymmetry |         0.00939 |
|  Metric/self_state_action_to_state_distance |        0.000456 |
| Metric/cross_state_action_to_state_distance |            1.51 |
|                   Metric/h_lambda_diff_self |         0.00059 |
|                  Metric/h_lambda_diff_cross |          0.0104 |
|                                 Eval/Return |             698 |
-----------------------------------------------------------------
-----------------------------------------------------------------
|                                 Train/Steps |        2.44e+06 |
|                            Loss/Loss_critic |          0.0435 |
|                             Loss/Loss_actor |           -58.2 |
|                             Loss/Loss_alpha |        -0.00103 |
|               Loss/Loss_state_action_metric |           0.171 |
|                      Loss/Loss_state_metric |           0.121 |
|             Loss/Loss_state_action_to_state |        0.000136 |
|                           Loss/Act_rep_loss |        1.44e-06 |
|                        Loss/Critic_rep_loss |            3.87 |
|                                   SAC/Alpha |          0.0114 |
|                              SAC/LogPi_mean |            2.93 |
|                                 SAC/Q1_mean |            58.3 |
|                                 SAC/Q2_mean |            58.3 |
|                            Norm/actor_model |             119 |
|                           Norm/critic_model |             147 |
|              Norm/state_action_metric_model |            80.4 |
|                     Norm/state_metric_model |            85.4 |
|        Norm/state_action_state_metric_model |            74.9 |
|                  Metric/self_state_distance |        0.000186 |
|                 Metric/cross_state_distance |            1.42 |
|           Metric/self_state_action_distance |        0.000417 |
|          Metric/cross_state_action_distance |            1.52 |
|             Metric/avg_self_state_asymmetry |               0 |
|            Metric/avg_cross_state_asymmetry |         0.00634 |
|                Metric/avg_self_sa_asymmetry |               0 |
|               Metric/avg_cross_sa_asymmetry |          0.0104 |
|  Metric/self_state_action_to_state_distance |        5.23e-05 |
| Metric/cross_state_action_to_state_distance |            1.53 |
|                   Metric/h_lambda_diff_self |        0.000406 |
|                  Metric/h_lambda_diff_cross |          0.0115 |
|                                 Eval/Return |             693 |
-----------------------------------------------------------------
-----------------------------------------------------------------
|                                 Train/Steps |        2.57e+06 |
|                            Loss/Loss_critic |           0.107 |
|                             Loss/Loss_actor |           -58.8 |
|                             Loss/Loss_alpha |       -0.000269 |
|               Loss/Loss_state_action_metric |           0.164 |
|                      Loss/Loss_state_metric |           0.116 |
|             Loss/Loss_state_action_to_state |        0.000158 |
|                           Loss/Act_rep_loss |        6.14e-06 |
|                        Loss/Critic_rep_loss |            3.85 |
|                                   SAC/Alpha |          0.0116 |
|                              SAC/LogPi_mean |            2.84 |
|                                 SAC/Q1_mean |            58.9 |
|                                 SAC/Q2_mean |            58.8 |
|                            Norm/actor_model |             121 |
|                           Norm/critic_model |             150 |
|              Norm/state_action_metric_model |            82.6 |
|                     Norm/state_metric_model |            87.7 |
|        Norm/state_action_state_metric_model |              77 |
|                  Metric/self_state_distance |        0.000578 |
|                 Metric/cross_state_distance |             1.4 |
|           Metric/self_state_action_distance |         0.00301 |
|          Metric/cross_state_action_distance |            1.51 |
|             Metric/avg_self_state_asymmetry |               0 |
|            Metric/avg_cross_state_asymmetry |         0.00589 |
|                Metric/avg_self_sa_asymmetry |               0 |
|               Metric/avg_cross_sa_asymmetry |         0.00956 |
|  Metric/self_state_action_to_state_distance |         0.00239 |
| Metric/cross_state_action_to_state_distance |             1.5 |
|                   Metric/h_lambda_diff_self |         0.00445 |
|                  Metric/h_lambda_diff_cross |          0.0131 |
|                                 Eval/Return |             709 |
-----------------------------------------------------------------
-----------------------------------------------------------------
|                                 Train/Steps |         2.7e+06 |
|                            Loss/Loss_critic |          0.0399 |
|                             Loss/Loss_actor |           -58.9 |
|                             Loss/Loss_alpha |        0.000958 |
|               Loss/Loss_state_action_metric |            0.18 |
|                      Loss/Loss_state_metric |           0.128 |
|             Loss/Loss_state_action_to_state |        0.000688 |
|                           Loss/Act_rep_loss |        9.86e-06 |
|                        Loss/Critic_rep_loss |            4.05 |
|                                   SAC/Alpha |          0.0117 |
|                              SAC/LogPi_mean |            3.12 |
|                                 SAC/Q1_mean |              59 |
|                                 SAC/Q2_mean |              59 |
|                            Norm/actor_model |             123 |
|                           Norm/critic_model |             154 |
|              Norm/state_action_metric_model |            84.9 |
|                     Norm/state_metric_model |            90.2 |
|        Norm/state_action_state_metric_model |            79.1 |
|                  Metric/self_state_distance |        0.000452 |
|                 Metric/cross_state_distance |            1.42 |
|           Metric/self_state_action_distance |        0.000402 |
|          Metric/cross_state_action_distance |            1.53 |
|             Metric/avg_self_state_asymmetry |               0 |
|            Metric/avg_cross_state_asymmetry |         0.00543 |
|                Metric/avg_self_sa_asymmetry |               0 |
|               Metric/avg_cross_sa_asymmetry |         0.00933 |
|  Metric/self_state_action_to_state_distance |        0.000585 |
| Metric/cross_state_action_to_state_distance |            1.53 |
|                   Metric/h_lambda_diff_self |        0.000785 |
|                  Metric/h_lambda_diff_cross |         0.00849 |
|                                 Eval/Return |             705 |
-----------------------------------------------------------------
-----------------------------------------------------------------
|                                 Train/Steps |        2.82e+06 |
|                            Loss/Loss_critic |          0.0409 |
|                             Loss/Loss_actor |           -59.8 |
|                             Loss/Loss_alpha |        -0.00272 |
|               Loss/Loss_state_action_metric |           0.154 |
|                      Loss/Loss_state_metric |           0.109 |
|             Loss/Loss_state_action_to_state |        0.000123 |
|                           Loss/Act_rep_loss |               0 |
|                        Loss/Critic_rep_loss |            3.41 |
|                                   SAC/Alpha |          0.0113 |
|                              SAC/LogPi_mean |            3.31 |
|                                 SAC/Q1_mean |            59.9 |
|                                 SAC/Q2_mean |            59.9 |
|                            Norm/actor_model |             125 |
|                           Norm/critic_model |             157 |
|              Norm/state_action_metric_model |              87 |
|                     Norm/state_metric_model |            92.4 |
|        Norm/state_action_state_metric_model |              81 |
|                  Metric/self_state_distance |         0.00042 |
|                 Metric/cross_state_distance |            1.39 |
|           Metric/self_state_action_distance |         0.00011 |
|          Metric/cross_state_action_distance |            1.49 |
|             Metric/avg_self_state_asymmetry |               0 |
|            Metric/avg_cross_state_asymmetry |          0.0055 |
|                Metric/avg_self_sa_asymmetry |               0 |
|               Metric/avg_cross_sa_asymmetry |         0.00887 |
|  Metric/self_state_action_to_state_distance |        0.000133 |
| Metric/cross_state_action_to_state_distance |            1.49 |
|                   Metric/h_lambda_diff_self |        0.000188 |
|                  Metric/h_lambda_diff_cross |          0.0104 |
|                                 Eval/Return |             696 |
-----------------------------------------------------------------
-----------------------------------------------------------------
|                                 Train/Steps |        2.95e+06 |
|                            Loss/Loss_critic |          0.0395 |
|                             Loss/Loss_actor |           -60.4 |
|                             Loss/Loss_alpha |       -0.000252 |
|               Loss/Loss_state_action_metric |           0.154 |
|                      Loss/Loss_state_metric |          0.0998 |
|             Loss/Loss_state_action_to_state |        0.000124 |
|                           Loss/Act_rep_loss |               0 |
|                        Loss/Critic_rep_loss |            3.16 |
|                                   SAC/Alpha |          0.0113 |
|                              SAC/LogPi_mean |            2.97 |
|                                 SAC/Q1_mean |            60.5 |
|                                 SAC/Q2_mean |            60.4 |
|                            Norm/actor_model |             127 |
|                           Norm/critic_model |             160 |
|              Norm/state_action_metric_model |            89.1 |
|                     Norm/state_metric_model |            94.4 |
|        Norm/state_action_state_metric_model |            83.1 |
|                  Metric/self_state_distance |        0.000366 |
|                 Metric/cross_state_distance |            1.35 |
|           Metric/self_state_action_distance |        0.000517 |
|          Metric/cross_state_action_distance |            1.46 |
|             Metric/avg_self_state_asymmetry |               0 |
|            Metric/avg_cross_state_asymmetry |         0.00503 |
|                Metric/avg_self_sa_asymmetry |               0 |
|               Metric/avg_cross_sa_asymmetry |         0.00795 |
|  Metric/self_state_action_to_state_distance |          0.0002 |
| Metric/cross_state_action_to_state_distance |            1.46 |
|                   Metric/h_lambda_diff_self |        0.000597 |
|                  Metric/h_lambda_diff_cross |          0.0101 |
|                                 Eval/Return |             705 |
-----------------------------------------------------------------
-----------------------------------------------------------------
|                                 Train/Steps |        3.08e+06 |
|                            Loss/Loss_critic |          0.0264 |
|                             Loss/Loss_actor |           -60.8 |
|                             Loss/Loss_alpha |        -0.00141 |
|               Loss/Loss_state_action_metric |           0.129 |
|                      Loss/Loss_state_metric |          0.0923 |
|             Loss/Loss_state_action_to_state |        9.91e-05 |
|                           Loss/Act_rep_loss |        2.84e-05 |
|                        Loss/Critic_rep_loss |            2.93 |
|                                   SAC/Alpha |          0.0107 |
|                              SAC/LogPi_mean |             3.1 |
|                                 SAC/Q1_mean |            60.8 |
|                                 SAC/Q2_mean |            60.8 |
|                            Norm/actor_model |             129 |
|                           Norm/critic_model |             163 |
|              Norm/state_action_metric_model |            91.2 |
|                     Norm/state_metric_model |            96.7 |
|        Norm/state_action_state_metric_model |            84.9 |
|                  Metric/self_state_distance |        0.000151 |
|                 Metric/cross_state_distance |            1.34 |
|           Metric/self_state_action_distance |         0.00109 |
|          Metric/cross_state_action_distance |            1.43 |
|             Metric/avg_self_state_asymmetry |               0 |
|            Metric/avg_cross_state_asymmetry |         0.00539 |
|                Metric/avg_self_sa_asymmetry |               0 |
|               Metric/avg_cross_sa_asymmetry |         0.00934 |
|  Metric/self_state_action_to_state_distance |        0.000284 |
| Metric/cross_state_action_to_state_distance |            1.42 |
|                   Metric/h_lambda_diff_self |         0.00106 |
|                  Metric/h_lambda_diff_cross |          0.0106 |
|                                 Eval/Return |             704 |
-----------------------------------------------------------------
[32mSaving model …[0m
[32mDone.[0m
[32mSaving model …[0m
[32mDone.[0m
-----------------------------------------------------------------
|                                 Train/Steps |        3.21e+06 |
|                            Loss/Loss_critic |          0.0467 |
|                             Loss/Loss_actor |           -60.7 |
|                             Loss/Loss_alpha |       -0.000464 |
|               Loss/Loss_state_action_metric |           0.158 |
|                      Loss/Loss_state_metric |           0.112 |
|             Loss/Loss_state_action_to_state |        0.000137 |
|                           Loss/Act_rep_loss |        7.09e-06 |
|                        Loss/Critic_rep_loss |            3.39 |
|                                   SAC/Alpha |          0.0111 |
|                              SAC/LogPi_mean |            3.06 |
|                                 SAC/Q1_mean |            60.7 |
|                                 SAC/Q2_mean |            60.8 |
|                            Norm/actor_model |             131 |
|                           Norm/critic_model |             166 |
|              Norm/state_action_metric_model |            93.2 |
|                     Norm/state_metric_model |            98.7 |
|        Norm/state_action_state_metric_model |            86.9 |
|                  Metric/self_state_distance |        0.000357 |
|                 Metric/cross_state_distance |            1.37 |
|           Metric/self_state_action_distance |         0.00103 |
|          Metric/cross_state_action_distance |            1.47 |
|             Metric/avg_self_state_asymmetry |               0 |
|            Metric/avg_cross_state_asymmetry |         0.00544 |
|                Metric/avg_self_sa_asymmetry |               0 |
|               Metric/avg_cross_sa_asymmetry |         0.00932 |
|  Metric/self_state_action_to_state_distance |        0.000272 |
| Metric/cross_state_action_to_state_distance |            1.47 |
|                   Metric/h_lambda_diff_self |        0.000861 |
|                  Metric/h_lambda_diff_cross |          0.0115 |
|                                 Eval/Return |             703 |
-----------------------------------------------------------------
-----------------------------------------------------------------
|                                 Train/Steps |        3.34e+06 |
|                            Loss/Loss_critic |           0.025 |
|                             Loss/Loss_actor |           -61.4 |
|                             Loss/Loss_alpha |         0.00273 |
|               Loss/Loss_state_action_metric |           0.135 |
|                      Loss/Loss_state_metric |          0.0972 |
|             Loss/Loss_state_action_to_state |        0.000122 |
|                           Loss/Act_rep_loss |               0 |
|                        Loss/Critic_rep_loss |            2.82 |
|                                   SAC/Alpha |          0.0111 |
|                              SAC/LogPi_mean |            2.88 |
|                                 SAC/Q1_mean |            61.4 |
|                                 SAC/Q2_mean |            61.4 |
|                            Norm/actor_model |             133 |
|                           Norm/critic_model |             169 |
|              Norm/state_action_metric_model |            95.3 |
|                     Norm/state_metric_model |             101 |
|        Norm/state_action_state_metric_model |            88.9 |
|                  Metric/self_state_distance |        0.000626 |
|                 Metric/cross_state_distance |            1.38 |
|           Metric/self_state_action_distance |         0.00158 |
|          Metric/cross_state_action_distance |            1.45 |
|             Metric/avg_self_state_asymmetry |               0 |
|            Metric/avg_cross_state_asymmetry |         0.00622 |
|                Metric/avg_self_sa_asymmetry |               0 |
|               Metric/avg_cross_sa_asymmetry |         0.00817 |
|  Metric/self_state_action_to_state_distance |         0.00031 |
| Metric/cross_state_action_to_state_distance |            1.45 |
|                   Metric/h_lambda_diff_self |         0.00143 |
|                  Metric/h_lambda_diff_cross |         0.00969 |
|                                 Eval/Return |             714 |
-----------------------------------------------------------------
-----------------------------------------------------------------
|                                 Train/Steps |        3.46e+06 |
|                            Loss/Loss_critic |          0.0298 |
|                             Loss/Loss_actor |           -60.8 |
|                             Loss/Loss_alpha |          0.0024 |
|               Loss/Loss_state_action_metric |           0.188 |
|                      Loss/Loss_state_metric |           0.123 |
|             Loss/Loss_state_action_to_state |        0.000155 |
|                           Loss/Act_rep_loss |        2.52e-08 |
|                        Loss/Critic_rep_loss |            3.84 |
|                                   SAC/Alpha |          0.0108 |
|                              SAC/LogPi_mean |            2.89 |
|                                 SAC/Q1_mean |            60.8 |
|                                 SAC/Q2_mean |            60.8 |
|                            Norm/actor_model |             134 |
|                           Norm/critic_model |             172 |
|              Norm/state_action_metric_model |            97.3 |
|                     Norm/state_metric_model |             103 |
|        Norm/state_action_state_metric_model |            90.9 |
|                  Metric/self_state_distance |        0.000144 |
|                 Metric/cross_state_distance |            1.41 |
|           Metric/self_state_action_distance |        0.000125 |
|          Metric/cross_state_action_distance |            1.52 |
|             Metric/avg_self_state_asymmetry |               0 |
|            Metric/avg_cross_state_asymmetry |         0.00529 |
|                Metric/avg_self_sa_asymmetry |               0 |
|               Metric/avg_cross_sa_asymmetry |            0.01 |
|  Metric/self_state_action_to_state_distance |        0.000233 |
| Metric/cross_state_action_to_state_distance |            1.52 |
|                   Metric/h_lambda_diff_self |        0.000225 |
|                  Metric/h_lambda_diff_cross |          0.0112 |
|                                 Eval/Return |             710 |
-----------------------------------------------------------------
-----------------------------------------------------------------
|                                 Train/Steps |        3.59e+06 |
|                            Loss/Loss_critic |          0.0306 |
|                             Loss/Loss_actor |           -61.4 |
|                             Loss/Loss_alpha |          0.0008 |
|               Loss/Loss_state_action_metric |           0.147 |
|                      Loss/Loss_state_metric |           0.104 |
|             Loss/Loss_state_action_to_state |        0.000121 |
|                           Loss/Act_rep_loss |               0 |
|                        Loss/Critic_rep_loss |            3.48 |
|                                   SAC/Alpha |          0.0113 |
|                              SAC/LogPi_mean |            2.61 |
|                                 SAC/Q1_mean |            61.4 |
|                                 SAC/Q2_mean |            61.4 |
|                            Norm/actor_model |             136 |
|                           Norm/critic_model |             175 |
|              Norm/state_action_metric_model |            99.3 |
|                     Norm/state_metric_model |             105 |
|        Norm/state_action_state_metric_model |            92.8 |
|                  Metric/self_state_distance |         0.00031 |
|                 Metric/cross_state_distance |            1.37 |
|           Metric/self_state_action_distance |         0.00018 |
|          Metric/cross_state_action_distance |            1.47 |
|             Metric/avg_self_state_asymmetry |               0 |
|            Metric/avg_cross_state_asymmetry |         0.00524 |
|                Metric/avg_self_sa_asymmetry |               0 |
|               Metric/avg_cross_sa_asymmetry |         0.00949 |
|  Metric/self_state_action_to_state_distance |        3.54e-05 |
| Metric/cross_state_action_to_state_distance |            1.48 |
|                   Metric/h_lambda_diff_self |        0.000197 |
|                  Metric/h_lambda_diff_cross |          0.0136 |
|                                 Eval/Return |             718 |
-----------------------------------------------------------------
-----------------------------------------------------------------
|                                 Train/Steps |        3.72e+06 |
|                            Loss/Loss_critic |          0.0326 |
|                             Loss/Loss_actor |           -61.8 |
|                             Loss/Loss_alpha |         0.00186 |
|               Loss/Loss_state_action_metric |           0.173 |
|                      Loss/Loss_state_metric |          0.0986 |
|             Loss/Loss_state_action_to_state |        0.000167 |
|                           Loss/Act_rep_loss |        1.45e-06 |
|                        Loss/Critic_rep_loss |            2.98 |
|                                   SAC/Alpha |          0.0109 |
|                              SAC/LogPi_mean |             2.9 |
|                                 SAC/Q1_mean |            61.8 |
|                                 SAC/Q2_mean |            61.8 |
|                            Norm/actor_model |             138 |
|                           Norm/critic_model |             178 |
|              Norm/state_action_metric_model |             101 |
|                     Norm/state_metric_model |             107 |
|        Norm/state_action_state_metric_model |            94.6 |
|                  Metric/self_state_distance |         0.00114 |
|                 Metric/cross_state_distance |            1.36 |
|           Metric/self_state_action_distance |          0.0007 |
|          Metric/cross_state_action_distance |            1.46 |
|             Metric/avg_self_state_asymmetry |               0 |
|            Metric/avg_cross_state_asymmetry |         0.00527 |
|                Metric/avg_self_sa_asymmetry |               0 |
|               Metric/avg_cross_sa_asymmetry |         0.00769 |
|  Metric/self_state_action_to_state_distance |        0.000217 |
| Metric/cross_state_action_to_state_distance |            1.46 |
|                   Metric/h_lambda_diff_self |         0.00076 |
|                  Metric/h_lambda_diff_cross |         0.00996 |
|                                 Eval/Return |             715 |
-----------------------------------------------------------------
-----------------------------------------------------------------
|                                 Train/Steps |        3.85e+06 |
|                            Loss/Loss_critic |          0.0486 |
|                             Loss/Loss_actor |           -61.9 |
|                             Loss/Loss_alpha |         0.00101 |
|               Loss/Loss_state_action_metric |           0.139 |
|                      Loss/Loss_state_metric |          0.0991 |
|             Loss/Loss_state_action_to_state |        0.000126 |
|                           Loss/Act_rep_loss |        1.09e-06 |
|                        Loss/Critic_rep_loss |             2.9 |
|                                   SAC/Alpha |          0.0107 |
|                              SAC/LogPi_mean |            2.98 |
|                                 SAC/Q1_mean |              62 |
|                                 SAC/Q2_mean |              62 |
|                            Norm/actor_model |             139 |
|                           Norm/critic_model |             180 |
|              Norm/state_action_metric_model |             103 |
|                     Norm/state_metric_model |             109 |
|        Norm/state_action_state_metric_model |            96.4 |
|                  Metric/self_state_distance |        0.000295 |
|                 Metric/cross_state_distance |            1.36 |
|           Metric/self_state_action_distance |        0.000943 |
|          Metric/cross_state_action_distance |            1.46 |
|             Metric/avg_self_state_asymmetry |               0 |
|            Metric/avg_cross_state_asymmetry |         0.00512 |
|                Metric/avg_self_sa_asymmetry |               0 |
|               Metric/avg_cross_sa_asymmetry |          0.0085 |
|  Metric/self_state_action_to_state_distance |        0.000186 |
| Metric/cross_state_action_to_state_distance |            1.46 |
|                   Metric/h_lambda_diff_self |         0.00083 |
|                  Metric/h_lambda_diff_cross |         0.00933 |
|                                 Eval/Return |             715 |
-----------------------------------------------------------------
-----------------------------------------------------------------
|                                 Train/Steps |        3.98e+06 |
|                            Loss/Loss_critic |          0.0862 |
|                             Loss/Loss_actor |           -62.1 |
|                             Loss/Loss_alpha |         0.00118 |
|               Loss/Loss_state_action_metric |           0.127 |
|                      Loss/Loss_state_metric |          0.0892 |
|             Loss/Loss_state_action_to_state |        0.000101 |
|                           Loss/Act_rep_loss |        5.82e-06 |
|                        Loss/Critic_rep_loss |            2.75 |
|                                   SAC/Alpha |          0.0107 |
|                              SAC/LogPi_mean |            2.76 |
|                                 SAC/Q1_mean |            62.2 |
|                                 SAC/Q2_mean |            62.2 |
|                            Norm/actor_model |             141 |
|                           Norm/critic_model |             183 |
|              Norm/state_action_metric_model |             105 |
|                     Norm/state_metric_model |             111 |
|        Norm/state_action_state_metric_model |            98.2 |
|                  Metric/self_state_distance |        0.000434 |
|                 Metric/cross_state_distance |            1.33 |
|           Metric/self_state_action_distance |        0.000529 |
|          Metric/cross_state_action_distance |            1.43 |
|             Metric/avg_self_state_asymmetry |               0 |
|            Metric/avg_cross_state_asymmetry |         0.00469 |
|                Metric/avg_self_sa_asymmetry |               0 |
|               Metric/avg_cross_sa_asymmetry |         0.00815 |
|  Metric/self_state_action_to_state_distance |        0.000718 |
| Metric/cross_state_action_to_state_distance |            1.42 |
|                   Metric/h_lambda_diff_self |        0.000871 |
|                  Metric/h_lambda_diff_cross |          0.0122 |
|                                 Eval/Return |             722 |
-----------------------------------------------------------------
-----------------------------------------------------------------
|                                 Train/Steps |         4.1e+06 |
|                            Loss/Loss_critic |           0.032 |
|                             Loss/Loss_actor |           -63.2 |
|                             Loss/Loss_alpha |       -0.000141 |
|               Loss/Loss_state_action_metric |           0.101 |
|                      Loss/Loss_state_metric |          0.0618 |
|             Loss/Loss_state_action_to_state |        8.89e-05 |
|                           Loss/Act_rep_loss |        2.75e-06 |
|                        Loss/Critic_rep_loss |             1.8 |
|                                   SAC/Alpha |          0.0108 |
|                              SAC/LogPi_mean |            2.93 |
|                                 SAC/Q1_mean |            63.2 |
|                                 SAC/Q2_mean |            63.2 |
|                            Norm/actor_model |             142 |
|                           Norm/critic_model |             186 |
|              Norm/state_action_metric_model |             107 |
|                     Norm/state_metric_model |             113 |
|        Norm/state_action_state_metric_model |             100 |
|                  Metric/self_state_distance |        0.000438 |
|                 Metric/cross_state_distance |            1.26 |
|           Metric/self_state_action_distance |         0.00083 |
|          Metric/cross_state_action_distance |            1.32 |
|             Metric/avg_self_state_asymmetry |               0 |
|            Metric/avg_cross_state_asymmetry |         0.00494 |
|                Metric/avg_self_sa_asymmetry |               0 |
|               Metric/avg_cross_sa_asymmetry |         0.00771 |
|  Metric/self_state_action_to_state_distance |        9.44e-06 |
| Metric/cross_state_action_to_state_distance |            1.32 |
|                   Metric/h_lambda_diff_self |         0.00082 |
|                  Metric/h_lambda_diff_cross |         0.00914 |
|                                 Eval/Return |             714 |
-----------------------------------------------------------------
[32mSaving model …[0m
[32mDone.[0m
[32mSaving model …[0m
[32mDone.[0m
-----------------------------------------------------------------
|                                 Train/Steps |        4.23e+06 |
|                            Loss/Loss_critic |          0.0327 |
|                             Loss/Loss_actor |           -63.7 |
|                             Loss/Loss_alpha |       -0.000401 |
|               Loss/Loss_state_action_metric |          0.0735 |
|                      Loss/Loss_state_metric |           0.052 |
|             Loss/Loss_state_action_to_state |           7e-05 |
|                           Loss/Act_rep_loss |        3.49e-08 |
|                        Loss/Critic_rep_loss |            1.56 |
|                                   SAC/Alpha |         0.00987 |
|                              SAC/LogPi_mean |            2.94 |
|                                 SAC/Q1_mean |            63.8 |
|                                 SAC/Q2_mean |            63.7 |
|                            Norm/actor_model |             143 |
|                           Norm/critic_model |             188 |
|              Norm/state_action_metric_model |             108 |
|                     Norm/state_metric_model |             115 |
|        Norm/state_action_state_metric_model |             102 |
|                  Metric/self_state_distance |        0.000271 |
|                 Metric/cross_state_distance |            1.22 |
|           Metric/self_state_action_distance |        0.000246 |
|          Metric/cross_state_action_distance |            1.29 |
|             Metric/avg_self_state_asymmetry |               0 |
|            Metric/avg_cross_state_asymmetry |         0.00403 |
|                Metric/avg_self_sa_asymmetry |               0 |
|               Metric/avg_cross_sa_asymmetry |         0.00742 |
|  Metric/self_state_action_to_state_distance |        1.34e-05 |
| Metric/cross_state_action_to_state_distance |            1.28 |
|                   Metric/h_lambda_diff_self |        0.000242 |
|                  Metric/h_lambda_diff_cross |         0.00803 |
|                                 Eval/Return |             723 |
-----------------------------------------------------------------
-----------------------------------------------------------------
|                                 Train/Steps |        4.36e+06 |
|                            Loss/Loss_critic |          0.0164 |
|                             Loss/Loss_actor |           -64.3 |
|                             Loss/Loss_alpha |       -0.000535 |
|               Loss/Loss_state_action_metric |          0.0612 |
|                      Loss/Loss_state_metric |          0.0435 |
|             Loss/Loss_state_action_to_state |        7.69e-05 |
|                           Loss/Act_rep_loss |        1.24e-05 |
|                        Loss/Critic_rep_loss |            1.17 |
|                                   SAC/Alpha |         0.00954 |
|                              SAC/LogPi_mean |            2.83 |
|                                 SAC/Q1_mean |            64.3 |
|                                 SAC/Q2_mean |            64.3 |
|                            Norm/actor_model |             145 |
|                           Norm/critic_model |             190 |
|              Norm/state_action_metric_model |             110 |
|                     Norm/state_metric_model |             116 |
|        Norm/state_action_state_metric_model |             103 |
|                  Metric/self_state_distance |         0.00106 |
|                 Metric/cross_state_distance |            1.21 |
|           Metric/self_state_action_distance |        0.000222 |
|          Metric/cross_state_action_distance |            1.27 |
|             Metric/avg_self_state_asymmetry |               0 |
|            Metric/avg_cross_state_asymmetry |         0.00443 |
|                Metric/avg_self_sa_asymmetry |               0 |
|               Metric/avg_cross_sa_asymmetry |         0.00719 |
|  Metric/self_state_action_to_state_distance |        4.02e-05 |
| Metric/cross_state_action_to_state_distance |            1.26 |
|                   Metric/h_lambda_diff_self |        0.000235 |
|                  Metric/h_lambda_diff_cross |         0.00836 |
|                                 Eval/Return |             728 |
-----------------------------------------------------------------
-----------------------------------------------------------------
|                                 Train/Steps |        4.49e+06 |
|                            Loss/Loss_critic |          0.0127 |
|                             Loss/Loss_actor |           -64.9 |
|                             Loss/Loss_alpha |         0.00241 |
|               Loss/Loss_state_action_metric |           0.049 |
|                      Loss/Loss_state_metric |          0.0342 |
|             Loss/Loss_state_action_to_state |        8.17e-05 |
|                           Loss/Act_rep_loss |        1.42e-05 |
|                        Loss/Critic_rep_loss |           0.842 |
|                                   SAC/Alpha |         0.00958 |
|                              SAC/LogPi_mean |            2.72 |
|                                 SAC/Q1_mean |            64.9 |
|                                 SAC/Q2_mean |              65 |
|                            Norm/actor_model |             146 |
|                           Norm/critic_model |             192 |
|              Norm/state_action_metric_model |             112 |
|                     Norm/state_metric_model |             118 |
|        Norm/state_action_state_metric_model |             105 |
|                  Metric/self_state_distance |        0.000575 |
|                 Metric/cross_state_distance |            1.18 |
|           Metric/self_state_action_distance |         0.00174 |
|          Metric/cross_state_action_distance |            1.24 |
|             Metric/avg_self_state_asymmetry |               0 |
|            Metric/avg_cross_state_asymmetry |         0.00419 |
|                Metric/avg_self_sa_asymmetry |               0 |
|               Metric/avg_cross_sa_asymmetry |         0.00661 |
|  Metric/self_state_action_to_state_distance |        0.000485 |
| Metric/cross_state_action_to_state_distance |            1.24 |
|                   Metric/h_lambda_diff_self |         0.00164 |
|                  Metric/h_lambda_diff_cross |         0.00754 |
|                                 Eval/Return |             729 |
-----------------------------------------------------------------
-----------------------------------------------------------------
|                                 Train/Steps |        4.62e+06 |
|                            Loss/Loss_critic |          0.0184 |
|                             Loss/Loss_actor |           -65.2 |
|                             Loss/Loss_alpha |         0.00159 |
|               Loss/Loss_state_action_metric |          0.0842 |
|                      Loss/Loss_state_metric |          0.0394 |
|             Loss/Loss_state_action_to_state |         8.4e-05 |
|                           Loss/Act_rep_loss |               0 |
|                        Loss/Critic_rep_loss |           0.998 |
|                                   SAC/Alpha |         0.00932 |
|                              SAC/LogPi_mean |            3.03 |
|                                 SAC/Q1_mean |            65.2 |
|                                 SAC/Q2_mean |            65.3 |
|                            Norm/actor_model |             147 |
|                           Norm/critic_model |             194 |
|              Norm/state_action_metric_model |             113 |
|                     Norm/state_metric_model |             120 |
|        Norm/state_action_state_metric_model |             106 |
|                  Metric/self_state_distance |        0.000539 |
|                 Metric/cross_state_distance |            1.19 |
|           Metric/self_state_action_distance |         0.00133 |
|          Metric/cross_state_action_distance |            1.24 |
|             Metric/avg_self_state_asymmetry |               0 |
|            Metric/avg_cross_state_asymmetry |         0.00441 |
|                Metric/avg_self_sa_asymmetry |               0 |
|               Metric/avg_cross_sa_asymmetry |         0.00607 |
|  Metric/self_state_action_to_state_distance |        0.000213 |
| Metric/cross_state_action_to_state_distance |            1.24 |
|                   Metric/h_lambda_diff_self |         0.00114 |
|                  Metric/h_lambda_diff_cross |         0.00944 |
|                                 Eval/Return |             729 |
-----------------------------------------------------------------
-----------------------------------------------------------------
|                                 Train/Steps |        4.74e+06 |
|                            Loss/Loss_critic |          0.0156 |
|                             Loss/Loss_actor |           -65.3 |
|                             Loss/Loss_alpha |         0.00166 |
|               Loss/Loss_state_action_metric |          0.0975 |
|                      Loss/Loss_state_metric |          0.0515 |
|             Loss/Loss_state_action_to_state |        8.69e-05 |
|                           Loss/Act_rep_loss |               0 |
|                        Loss/Critic_rep_loss |            1.36 |
|                                   SAC/Alpha |         0.00939 |
|                              SAC/LogPi_mean |            2.82 |
|                                 SAC/Q1_mean |            65.4 |
|                                 SAC/Q2_mean |            65.4 |
|                            Norm/actor_model |             148 |
|                           Norm/critic_model |             196 |
|              Norm/state_action_metric_model |             115 |
|                     Norm/state_metric_model |             121 |
|        Norm/state_action_state_metric_model |             108 |
|                  Metric/self_state_distance |        0.000337 |
|                 Metric/cross_state_distance |            1.23 |
|           Metric/self_state_action_distance |        0.000584 |
|          Metric/cross_state_action_distance |            1.29 |
|             Metric/avg_self_state_asymmetry |               0 |
|            Metric/avg_cross_state_asymmetry |         0.00415 |
|                Metric/avg_self_sa_asymmetry |               0 |
|               Metric/avg_cross_sa_asymmetry |          0.0063 |
|  Metric/self_state_action_to_state_distance |        0.000255 |
| Metric/cross_state_action_to_state_distance |            1.29 |
|                   Metric/h_lambda_diff_self |        0.000555 |
|                  Metric/h_lambda_diff_cross |         0.00794 |
|                                 Eval/Return |             739 |
-----------------------------------------------------------------
-----------------------------------------------------------------
|                                 Train/Steps |        4.87e+06 |
|                            Loss/Loss_critic |           0.013 |
|                             Loss/Loss_actor |             -66 |
|                             Loss/Loss_alpha |         0.00373 |
|               Loss/Loss_state_action_metric |          0.0713 |
|                      Loss/Loss_state_metric |          0.0503 |
|             Loss/Loss_state_action_to_state |        4.94e-05 |
|                           Loss/Act_rep_loss |               0 |
|                        Loss/Critic_rep_loss |            1.26 |
|                                   SAC/Alpha |         0.00904 |
|                              SAC/LogPi_mean |            2.68 |
|                                 SAC/Q1_mean |            66.1 |
|                                 SAC/Q2_mean |              66 |
|                            Norm/actor_model |             149 |
|                           Norm/critic_model |             198 |
|              Norm/state_action_metric_model |             117 |
|                     Norm/state_metric_model |             123 |
|        Norm/state_action_state_metric_model |             109 |
|                  Metric/self_state_distance |        0.000238 |
|                 Metric/cross_state_distance |            1.21 |
|           Metric/self_state_action_distance |        0.000422 |
|          Metric/cross_state_action_distance |            1.26 |
|             Metric/avg_self_state_asymmetry |               0 |
|            Metric/avg_cross_state_asymmetry |         0.00357 |
|                Metric/avg_self_sa_asymmetry |               0 |
|               Metric/avg_cross_sa_asymmetry |         0.00576 |
|  Metric/self_state_action_to_state_distance |        0.000152 |
| Metric/cross_state_action_to_state_distance |            1.26 |
|                   Metric/h_lambda_diff_self |        0.000333 |
|                  Metric/h_lambda_diff_cross |         0.00689 |
|                                 Eval/Return |             739 |
-----------------------------------------------------------------
-----------------------------------------------------------------
|                                 Train/Steps |           5e+06 |
|                            Loss/Loss_critic |          0.0166 |
|                             Loss/Loss_actor |           -66.2 |
|                             Loss/Loss_alpha |         0.00194 |
|               Loss/Loss_state_action_metric |           0.067 |
|                      Loss/Loss_state_metric |          0.0471 |
|             Loss/Loss_state_action_to_state |        6.72e-05 |
|                           Loss/Act_rep_loss |        5.28e-06 |
|                        Loss/Critic_rep_loss |            1.27 |
|                                   SAC/Alpha |         0.00934 |
|                              SAC/LogPi_mean |            2.71 |
|                                 SAC/Q1_mean |            66.2 |
|                                 SAC/Q2_mean |            66.3 |
|                            Norm/actor_model |             150 |
|                           Norm/critic_model |             200 |
|              Norm/state_action_metric_model |             118 |
|                     Norm/state_metric_model |             124 |
|        Norm/state_action_state_metric_model |             111 |
|                  Metric/self_state_distance |        0.000596 |
|                 Metric/cross_state_distance |             1.2 |
|           Metric/self_state_action_distance |         0.00129 |
|          Metric/cross_state_action_distance |            1.26 |
|             Metric/avg_self_state_asymmetry |               0 |
|            Metric/avg_cross_state_asymmetry |         0.00383 |
|                Metric/avg_self_sa_asymmetry |               0 |
|               Metric/avg_cross_sa_asymmetry |         0.00629 |
|  Metric/self_state_action_to_state_distance |        0.000467 |
| Metric/cross_state_action_to_state_distance |            1.26 |
|                   Metric/h_lambda_diff_self |         0.00142 |
|                  Metric/h_lambda_diff_cross |         0.00749 |
|                                 Eval/Return |             731 |
-----------------------------------------------------------------
[32mSaving model …[0m
[32mDone.[0m
[32mSaving model …[0m
[32mDone.[0m
