E0905 22:14:16.919166  845993 cuda_executor.cc:1526] Could not get kernel mode driver version: (INVALID_ARGUMENT: Version does not match the format X.Y.Z)
E0905 22:14:16.927740  845882 cuda_executor.cc:1526] Could not get kernel mode driver version: (INVALID_ARGUMENT: Version does not match the format X.Y.Z)
[32mStart prefilling replay buffer[0m
[32mStart SAC training[0m
[32m{'log_freq': 1000, 'save_freq': 1000000, 'eval_episode_freq': 10, 'hidden_size': 256, 'lr': 0.001, 'max_grad_norm': 0.0, 'gamma': 0.99, 'update_tau': 0.005, 'train_per_step': 8, 'episode_length': 1000, 'warmup_samples': 8192, 'max_replay_size': 4000000, 'batch_size': 512, 'total_env_steps': 5000000, 'init_temperature': 0.1, 'nstep': 3, 'bootstrap_on_truncation': True, 'rep_lr_scale': 1.5, 'n_act_samples': 5, 'act_eps': 0.1, 'aug_weight': 1.0, 'vis_feq': 100000, 'n_vis_frames': 4, 'num_envs': 128, 'grad_steps': 50, 'transfer_freq': 10, 'transfer_steps': 8, 'reward_scaling': 1.0, 'num_eval_envs': 128, 'target_entropy': -1.0}[0m
[32m[nstep] nstep=3 bootstrap_on_truncation=True (discount from the buffer already contains gamma^nstep)[0m
[32m[epsball] n_act_samples=5 act_eps=0.1 aug_weight=1.0[0m
-----------------------------------------------------------------
|                                 Train/Steps |        1.36e+05 |
|                            Loss/Loss_critic |        4.65e-07 |
|                             Loss/Loss_actor |          -0.331 |
|                             Loss/Loss_alpha |         0.00355 |
|               Loss/Loss_state_action_metric |         0.00753 |
|                      Loss/Loss_state_metric |         0.00335 |
|             Loss/Loss_state_action_to_state |        1.26e-05 |
|                           Loss/Act_rep_loss |           0.186 |
|                                   SAC/Alpha |         0.00152 |
|                              SAC/LogPi_mean |           -1.31 |
|                                 SAC/Q1_mean |            0.33 |
|                                 SAC/Q2_mean |           0.329 |
|                            Norm/actor_model |            17.9 |
|                           Norm/critic_model |            22.8 |
|              Norm/state_action_metric_model |              30 |
|                     Norm/state_metric_model |            30.4 |
|        Norm/state_action_state_metric_model |              30 |
|                  Metric/self_state_distance |        0.000262 |
|                 Metric/cross_state_distance |           0.886 |
|           Metric/self_state_action_distance |         0.00176 |
|          Metric/cross_state_action_distance |           0.883 |
|             Metric/avg_self_state_asymmetry |               0 |
|            Metric/avg_cross_state_asymmetry |         0.00132 |
|                Metric/avg_self_sa_asymmetry |               0 |
|               Metric/avg_cross_sa_asymmetry |         0.00273 |
|  Metric/self_state_action_to_state_distance |        5.99e-05 |
| Metric/cross_state_action_to_state_distance |           0.884 |
|                   Metric/h_lambda_diff_self |          0.0017 |
|                  Metric/h_lambda_diff_cross |         0.00235 |
|                                 Eval/Return |               0 |
-----------------------------------------------------------------
-----------------------------------------------------------------
|                                 Train/Steps |        2.64e+05 |
|                            Loss/Loss_critic |        3.31e-08 |
|                             Loss/Loss_actor |          -0.107 |
|                             Loss/Loss_alpha |        0.000107 |
|               Loss/Loss_state_action_metric |         0.00861 |
|                      Loss/Loss_state_metric |         0.00361 |
|             Loss/Loss_state_action_to_state |        6.07e-06 |
|                           Loss/Act_rep_loss |            0.22 |
|                                   SAC/Alpha |        6.03e-05 |
|                              SAC/LogPi_mean |          -0.767 |
|                                 SAC/Q1_mean |           0.107 |
|                                 SAC/Q2_mean |           0.107 |
|                            Norm/actor_model |            24.3 |
|                           Norm/critic_model |            22.7 |
|              Norm/state_action_metric_model |            31.6 |
|                     Norm/state_metric_model |            31.5 |
|        Norm/state_action_state_metric_model |            32.1 |
|                  Metric/self_state_distance |         0.00105 |
|                 Metric/cross_state_distance |           0.877 |
|           Metric/self_state_action_distance |         0.00168 |
|          Metric/cross_state_action_distance |           0.865 |
|             Metric/avg_self_state_asymmetry |               0 |
|            Metric/avg_cross_state_asymmetry |        0.000966 |
|                Metric/avg_self_sa_asymmetry |               0 |
|               Metric/avg_cross_sa_asymmetry |         0.00062 |
|  Metric/self_state_action_to_state_distance |        0.000205 |
| Metric/cross_state_action_to_state_distance |           0.864 |
|                   Metric/h_lambda_diff_self |         0.00155 |
|                  Metric/h_lambda_diff_cross |          0.0008 |
|                                 Eval/Return |               0 |
-----------------------------------------------------------------
-----------------------------------------------------------------
|                                 Train/Steps |        3.92e+05 |
|                            Loss/Loss_critic |          0.0021 |
|                             Loss/Loss_actor |         -0.0461 |
|                             Loss/Loss_alpha |        4.46e-05 |
|               Loss/Loss_state_action_metric |          0.0425 |
|                      Loss/Loss_state_metric |         0.00419 |
|             Loss/Loss_state_action_to_state |         0.00262 |
|                           Loss/Act_rep_loss |           0.219 |
|                                   SAC/Alpha |        7.75e-05 |
|                              SAC/LogPi_mean |           0.409 |
|                                 SAC/Q1_mean |           0.046 |
|                                 SAC/Q2_mean |          0.0461 |
|                            Norm/actor_model |            31.7 |
|                           Norm/critic_model |            26.9 |
|              Norm/state_action_metric_model |            35.4 |
|                     Norm/state_metric_model |              33 |
|        Norm/state_action_state_metric_model |            34.5 |
|                  Metric/self_state_distance |         0.00194 |
|                 Metric/cross_state_distance |           0.872 |
|           Metric/self_state_action_distance |         0.00573 |
|          Metric/cross_state_action_distance |           0.869 |
|             Metric/avg_self_state_asymmetry |               0 |
|            Metric/avg_cross_state_asymmetry |         0.00164 |
|                Metric/avg_self_sa_asymmetry |               0 |
|               Metric/avg_cross_sa_asymmetry |         0.00575 |
|  Metric/self_state_action_to_state_distance |         0.00127 |
| Metric/cross_state_action_to_state_distance |           0.869 |
|                   Metric/h_lambda_diff_self |         0.00593 |
|                  Metric/h_lambda_diff_cross |         0.00955 |
|                                 Eval/Return |               0 |
-----------------------------------------------------------------
-----------------------------------------------------------------
|                                 Train/Steps |         5.2e+05 |
|                            Loss/Loss_critic |            0.58 |
|                             Loss/Loss_actor |           -7.98 |
|                             Loss/Loss_alpha |         -0.0197 |
|               Loss/Loss_state_action_metric |            5.15 |
|                      Loss/Loss_state_metric |           0.926 |
|             Loss/Loss_state_action_to_state |         0.00504 |
|                           Loss/Act_rep_loss |          0.0341 |
|                                   SAC/Alpha |          0.0843 |
|                              SAC/LogPi_mean |            1.21 |
|                                 SAC/Q1_mean |            7.87 |
|                                 SAC/Q2_mean |            7.85 |
|                            Norm/actor_model |            44.5 |
|                           Norm/critic_model |            58.3 |
|              Norm/state_action_metric_model |            42.1 |
|                     Norm/state_metric_model |            41.4 |
|        Norm/state_action_state_metric_model |            38.5 |
|                  Metric/self_state_distance |          0.0129 |
|                 Metric/cross_state_distance |            1.87 |
|           Metric/self_state_action_distance |          0.0189 |
|          Metric/cross_state_action_distance |            2.25 |
|             Metric/avg_self_state_asymmetry |               0 |
|            Metric/avg_cross_state_asymmetry |          0.0399 |
|                Metric/avg_self_sa_asymmetry |               0 |
|               Metric/avg_cross_sa_asymmetry |          0.0178 |
|  Metric/self_state_action_to_state_distance |         0.00729 |
| Metric/cross_state_action_to_state_distance |            2.25 |
|                   Metric/h_lambda_diff_self |          0.0124 |
|                  Metric/h_lambda_diff_cross |          0.0213 |
|                                 Eval/Return |             714 |
-----------------------------------------------------------------
-----------------------------------------------------------------
|                                 Train/Steps |        6.48e+05 |
|                            Loss/Loss_critic |           0.515 |
|                             Loss/Loss_actor |           -25.6 |
|                             Loss/Loss_alpha |          -0.026 |
|               Loss/Loss_state_action_metric |             8.8 |
|                      Loss/Loss_state_metric |            2.28 |
|             Loss/Loss_state_action_to_state |         0.00301 |
|                           Loss/Act_rep_loss |          0.0458 |
|                                   SAC/Alpha |            0.19 |
|                              SAC/LogPi_mean |            1.14 |
|                                 SAC/Q1_mean |            25.4 |
|                                 SAC/Q2_mean |            25.5 |
|                            Norm/actor_model |            53.6 |
|                           Norm/critic_model |            75.2 |
|              Norm/state_action_metric_model |            45.6 |
|                     Norm/state_metric_model |            45.5 |
|        Norm/state_action_state_metric_model |            42.7 |
|                  Metric/self_state_distance |          0.0308 |
|                 Metric/cross_state_distance |            2.97 |
|           Metric/self_state_action_distance |          0.0393 |
|          Metric/cross_state_action_distance |            3.72 |
|             Metric/avg_self_state_asymmetry |               0 |
|            Metric/avg_cross_state_asymmetry |          0.0402 |
|                Metric/avg_self_sa_asymmetry |               0 |
|               Metric/avg_cross_sa_asymmetry |          0.0187 |
|  Metric/self_state_action_to_state_distance |          0.0111 |
| Metric/cross_state_action_to_state_distance |            3.72 |
|                   Metric/h_lambda_diff_self |          0.0287 |
|                  Metric/h_lambda_diff_cross |          0.0254 |
|                                 Eval/Return |             969 |
-----------------------------------------------------------------
-----------------------------------------------------------------
|                                 Train/Steps |        7.76e+05 |
|                            Loss/Loss_critic |           0.605 |
|                             Loss/Loss_actor |           -37.8 |
|                             Loss/Loss_alpha |         -0.0335 |
|               Loss/Loss_state_action_metric |            10.2 |
|                      Loss/Loss_state_metric |            2.42 |
|             Loss/Loss_state_action_to_state |         0.00315 |
|                           Loss/Act_rep_loss |          0.0212 |
|                                   SAC/Alpha |           0.229 |
|                              SAC/LogPi_mean |            1.29 |
|                                 SAC/Q1_mean |            37.7 |
|                                 SAC/Q2_mean |            37.6 |
|                            Norm/actor_model |            60.7 |
|                           Norm/critic_model |            84.7 |
|              Norm/state_action_metric_model |            49.3 |
|                     Norm/state_metric_model |            50.3 |
|        Norm/state_action_state_metric_model |            46.9 |
|                  Metric/self_state_distance |          0.0192 |
|                 Metric/cross_state_distance |            3.19 |
|           Metric/self_state_action_distance |          0.0425 |
|          Metric/cross_state_action_distance |            3.83 |
|             Metric/avg_self_state_asymmetry |               0 |
|            Metric/avg_cross_state_asymmetry |          0.0483 |
|                Metric/avg_self_sa_asymmetry |               0 |
|               Metric/avg_cross_sa_asymmetry |          0.0236 |
|  Metric/self_state_action_to_state_distance |         0.00729 |
| Metric/cross_state_action_to_state_distance |            3.81 |
|                   Metric/h_lambda_diff_self |          0.0424 |
|                  Metric/h_lambda_diff_cross |          0.0377 |
|                                 Eval/Return |             969 |
-----------------------------------------------------------------
-----------------------------------------------------------------
|                                 Train/Steps |        9.04e+05 |
|                            Loss/Loss_critic |           0.751 |
|                             Loss/Loss_actor |           -49.2 |
|                             Loss/Loss_alpha |          0.0136 |
|               Loss/Loss_state_action_metric |            10.4 |
|                      Loss/Loss_state_metric |            2.82 |
|             Loss/Loss_state_action_to_state |         0.00376 |
|                           Loss/Act_rep_loss |          0.0226 |
|                                   SAC/Alpha |           0.222 |
|                              SAC/LogPi_mean |           0.885 |
|                                 SAC/Q1_mean |            49.1 |
|                                 SAC/Q2_mean |            49.1 |
|                            Norm/actor_model |            67.2 |
|                           Norm/critic_model |            92.5 |
|              Norm/state_action_metric_model |            53.9 |
|                     Norm/state_metric_model |            56.5 |
|        Norm/state_action_state_metric_model |            51.2 |
|                  Metric/self_state_distance |          0.0121 |
|                 Metric/cross_state_distance |            3.23 |
|           Metric/self_state_action_distance |          0.0211 |
|          Metric/cross_state_action_distance |            3.92 |
|             Metric/avg_self_state_asymmetry |               0 |
|            Metric/avg_cross_state_asymmetry |          0.0346 |
|                Metric/avg_self_sa_asymmetry |               0 |
|               Metric/avg_cross_sa_asymmetry |           0.021 |
|  Metric/self_state_action_to_state_distance |         0.00351 |
| Metric/cross_state_action_to_state_distance |            3.93 |
|                   Metric/h_lambda_diff_self |          0.0176 |
|                  Metric/h_lambda_diff_cross |          0.0255 |
|                                 Eval/Return |             962 |
-----------------------------------------------------------------
-----------------------------------------------------------------
|                                 Train/Steps |        1.03e+06 |
|                            Loss/Loss_critic |           0.878 |
|                             Loss/Loss_actor |           -59.1 |
|                             Loss/Loss_alpha |          0.0214 |
|               Loss/Loss_state_action_metric |            11.6 |
|                      Loss/Loss_state_metric |            2.93 |
|             Loss/Loss_state_action_to_state |         0.00551 |
|                           Loss/Act_rep_loss |          0.0166 |
|                                   SAC/Alpha |           0.167 |
|                              SAC/LogPi_mean |             0.9 |
|                                 SAC/Q1_mean |            58.8 |
|                                 SAC/Q2_mean |            58.7 |
|                            Norm/actor_model |            73.9 |
|                           Norm/critic_model |            99.3 |
|              Norm/state_action_metric_model |            58.4 |
|                     Norm/state_metric_model |            62.5 |
|        Norm/state_action_state_metric_model |            55.8 |
|                  Metric/self_state_distance |          0.0119 |
|                 Metric/cross_state_distance |            3.32 |
|           Metric/self_state_action_distance |          0.0182 |
|          Metric/cross_state_action_distance |            4.12 |
|             Metric/avg_self_state_asymmetry |               0 |
|            Metric/avg_cross_state_asymmetry |          0.0443 |
|                Metric/avg_self_sa_asymmetry |               0 |
|               Metric/avg_cross_sa_asymmetry |          0.0218 |
|  Metric/self_state_action_to_state_distance |         0.00366 |
| Metric/cross_state_action_to_state_distance |            4.11 |
|                   Metric/h_lambda_diff_self |          0.0149 |
|                  Metric/h_lambda_diff_cross |          0.0287 |
|                                 Eval/Return |             969 |
-----------------------------------------------------------------
[32mSaving model …[0m
[32mDone.[0m
[32mSaving model …[0m
[32mDone.[0m
-----------------------------------------------------------------
|                                 Train/Steps |        1.16e+06 |
|                            Loss/Loss_critic |           0.772 |
|                             Loss/Loss_actor |           -69.3 |
|                             Loss/Loss_alpha |         -0.0107 |
|               Loss/Loss_state_action_metric |            12.8 |
|                      Loss/Loss_state_metric |            3.32 |
|             Loss/Loss_state_action_to_state |         0.00322 |
|                           Loss/Act_rep_loss |          0.0155 |
|                                   SAC/Alpha |           0.141 |
|                              SAC/LogPi_mean |            1.06 |
|                                 SAC/Q1_mean |              69 |
|                                 SAC/Q2_mean |            68.9 |
|                            Norm/actor_model |            80.1 |
|                           Norm/critic_model |             105 |
|              Norm/state_action_metric_model |            63.3 |
|                     Norm/state_metric_model |            69.1 |
|        Norm/state_action_state_metric_model |            60.5 |
|                  Metric/self_state_distance |          0.0149 |
|                 Metric/cross_state_distance |            3.75 |
|           Metric/self_state_action_distance |          0.0367 |
|          Metric/cross_state_action_distance |            4.44 |
|             Metric/avg_self_state_asymmetry |               0 |
|            Metric/avg_cross_state_asymmetry |          0.0265 |
|                Metric/avg_self_sa_asymmetry |               0 |
|               Metric/avg_cross_sa_asymmetry |          0.0198 |
|  Metric/self_state_action_to_state_distance |         0.00685 |
| Metric/cross_state_action_to_state_distance |            4.45 |
|                   Metric/h_lambda_diff_self |          0.0304 |
|                  Metric/h_lambda_diff_cross |           0.028 |
|                                 Eval/Return |             970 |
-----------------------------------------------------------------
-----------------------------------------------------------------
|                                 Train/Steps |        1.29e+06 |
|                            Loss/Loss_critic |           0.952 |
|                             Loss/Loss_actor |           -71.8 |
|                             Loss/Loss_alpha |         -0.0169 |
|               Loss/Loss_state_action_metric |              12 |
|                      Loss/Loss_state_metric |            3.08 |
|             Loss/Loss_state_action_to_state |         0.00339 |
|                           Loss/Act_rep_loss |          0.0172 |
|                                   SAC/Alpha |           0.119 |
|                              SAC/LogPi_mean |            1.13 |
|                                 SAC/Q1_mean |            71.4 |
|                                 SAC/Q2_mean |            71.2 |
|                            Norm/actor_model |            85.7 |
|                           Norm/critic_model |             109 |
|              Norm/state_action_metric_model |              69 |
|                     Norm/state_metric_model |            76.8 |
|        Norm/state_action_state_metric_model |            65.4 |
|                  Metric/self_state_distance |         0.00864 |
|                 Metric/cross_state_distance |            3.56 |
|           Metric/self_state_action_distance |           0.016 |
|          Metric/cross_state_action_distance |            4.36 |
|             Metric/avg_self_state_asymmetry |               0 |
|            Metric/avg_cross_state_asymmetry |          0.0635 |
|                Metric/avg_self_sa_asymmetry |               0 |
|               Metric/avg_cross_sa_asymmetry |          0.0189 |
|  Metric/self_state_action_to_state_distance |         0.00152 |
| Metric/cross_state_action_to_state_distance |            4.36 |
|                   Metric/h_lambda_diff_self |          0.0145 |
|                  Metric/h_lambda_diff_cross |          0.0215 |
|                                 Eval/Return |             968 |
-----------------------------------------------------------------
-----------------------------------------------------------------
|                                 Train/Steps |        1.42e+06 |
|                            Loss/Loss_critic |           0.972 |
|                             Loss/Loss_actor |             -78 |
|                             Loss/Loss_alpha |        -0.00381 |
|               Loss/Loss_state_action_metric |            11.2 |
|                      Loss/Loss_state_metric |            2.78 |
|             Loss/Loss_state_action_to_state |         0.00242 |
|                           Loss/Act_rep_loss |         0.00914 |
|                                   SAC/Alpha |           0.104 |
|                              SAC/LogPi_mean |            1.08 |
|                                 SAC/Q1_mean |            77.6 |
|                                 SAC/Q2_mean |            77.6 |
|                            Norm/actor_model |              91 |
|                           Norm/critic_model |             113 |
|              Norm/state_action_metric_model |            73.9 |
|                     Norm/state_metric_model |            85.2 |
|        Norm/state_action_state_metric_model |            70.3 |
|                  Metric/self_state_distance |          0.0108 |
|                 Metric/cross_state_distance |            3.27 |
|           Metric/self_state_action_distance |         0.00859 |
|          Metric/cross_state_action_distance |            3.91 |
|             Metric/avg_self_state_asymmetry |               0 |
|            Metric/avg_cross_state_asymmetry |          0.0302 |
|                Metric/avg_self_sa_asymmetry |               0 |
|               Metric/avg_cross_sa_asymmetry |          0.0196 |
|  Metric/self_state_action_to_state_distance |         0.00467 |
| Metric/cross_state_action_to_state_distance |            3.89 |
|                   Metric/h_lambda_diff_self |         0.00559 |
|                  Metric/h_lambda_diff_cross |          0.0278 |
|                                 Eval/Return |             969 |
-----------------------------------------------------------------
-----------------------------------------------------------------
|                                 Train/Steps |        1.54e+06 |
|                            Loss/Loss_critic |           0.717 |
|                             Loss/Loss_actor |             -80 |
|                             Loss/Loss_alpha |        -0.00167 |
|               Loss/Loss_state_action_metric |            10.6 |
|                      Loss/Loss_state_metric |            1.28 |
|             Loss/Loss_state_action_to_state |         0.00153 |
|                           Loss/Act_rep_loss |          0.0424 |
|                                   SAC/Alpha |            0.09 |
|                              SAC/LogPi_mean |            1.17 |
|                                 SAC/Q1_mean |            79.5 |
|                                 SAC/Q2_mean |            79.6 |
|                            Norm/actor_model |            96.2 |
|                           Norm/critic_model |             116 |
|              Norm/state_action_metric_model |            78.4 |
|                     Norm/state_metric_model |            92.7 |
|        Norm/state_action_state_metric_model |            75.2 |
|                  Metric/self_state_distance |         0.00727 |
|                 Metric/cross_state_distance |            2.38 |
|           Metric/self_state_action_distance |           0.017 |
|          Metric/cross_state_action_distance |            3.77 |
|             Metric/avg_self_state_asymmetry |               0 |
|            Metric/avg_cross_state_asymmetry |           0.122 |
|                Metric/avg_self_sa_asymmetry |               0 |
|               Metric/avg_cross_sa_asymmetry |          0.0184 |
|  Metric/self_state_action_to_state_distance |         0.00301 |
| Metric/cross_state_action_to_state_distance |            3.78 |
|                   Metric/h_lambda_diff_self |          0.0149 |
|                  Metric/h_lambda_diff_cross |          0.0221 |
|                                 Eval/Return |             965 |
-----------------------------------------------------------------
-----------------------------------------------------------------
|                                 Train/Steps |        1.67e+06 |
|                            Loss/Loss_critic |           0.984 |
|                             Loss/Loss_actor |           -82.3 |
|                             Loss/Loss_alpha |         0.00949 |
|               Loss/Loss_state_action_metric |              11 |
|                      Loss/Loss_state_metric |            2.77 |
|             Loss/Loss_state_action_to_state |         0.00491 |
|                           Loss/Act_rep_loss |         0.00395 |
|                                   SAC/Alpha |          0.0794 |
|                              SAC/LogPi_mean |           0.925 |
|                                 SAC/Q1_mean |            82.1 |
|                                 SAC/Q2_mean |              82 |
|                            Norm/actor_model |             101 |
|                           Norm/critic_model |             119 |
|              Norm/state_action_metric_model |            83.2 |
|                     Norm/state_metric_model |              99 |
|        Norm/state_action_state_metric_model |            79.6 |
|                  Metric/self_state_distance |         0.00221 |
|                 Metric/cross_state_distance |            3.27 |
|           Metric/self_state_action_distance |          0.0143 |
|          Metric/cross_state_action_distance |            3.78 |
|             Metric/avg_self_state_asymmetry |               0 |
|            Metric/avg_cross_state_asymmetry |          0.0329 |
|                Metric/avg_self_sa_asymmetry |               0 |
|               Metric/avg_cross_sa_asymmetry |          0.0198 |
|  Metric/self_state_action_to_state_distance |         0.00302 |
| Metric/cross_state_action_to_state_distance |            3.77 |
|                   Metric/h_lambda_diff_self |          0.0115 |
|                  Metric/h_lambda_diff_cross |          0.0236 |
|                                 Eval/Return |             970 |
-----------------------------------------------------------------
-----------------------------------------------------------------
|                                 Train/Steps |         1.8e+06 |
|                            Loss/Loss_critic |           0.562 |
|                             Loss/Loss_actor |           -83.6 |
|                             Loss/Loss_alpha |         -0.0126 |
|               Loss/Loss_state_action_metric |            10.4 |
|                      Loss/Loss_state_metric |            2.53 |
|             Loss/Loss_state_action_to_state |         0.00146 |
|                           Loss/Act_rep_loss |          0.0125 |
|                                   SAC/Alpha |          0.0699 |
|                              SAC/LogPi_mean |            1.06 |
|                                 SAC/Q1_mean |            83.4 |
|                                 SAC/Q2_mean |            83.3 |
|                            Norm/actor_model |             106 |
|                           Norm/critic_model |             122 |
|              Norm/state_action_metric_model |              87 |
|                     Norm/state_metric_model |             104 |
|        Norm/state_action_state_metric_model |            83.8 |
|                  Metric/self_state_distance |         0.00179 |
|                 Metric/cross_state_distance |            3.09 |
|           Metric/self_state_action_distance |          0.0137 |
|          Metric/cross_state_action_distance |            3.75 |
|             Metric/avg_self_state_asymmetry |               0 |
|            Metric/avg_cross_state_asymmetry |          0.0499 |
|                Metric/avg_self_sa_asymmetry |               0 |
|               Metric/avg_cross_sa_asymmetry |          0.0165 |
|  Metric/self_state_action_to_state_distance |        0.000862 |
| Metric/cross_state_action_to_state_distance |            3.73 |
|                   Metric/h_lambda_diff_self |           0.013 |
|                  Metric/h_lambda_diff_cross |          0.0186 |
|                                 Eval/Return |             970 |
-----------------------------------------------------------------
-----------------------------------------------------------------
|                                 Train/Steps |        1.93e+06 |
|                            Loss/Loss_critic |           0.543 |
|                             Loss/Loss_actor |           -85.2 |
|                             Loss/Loss_alpha |          0.0101 |
|               Loss/Loss_state_action_metric |            11.2 |
|                      Loss/Loss_state_metric |            2.72 |
|             Loss/Loss_state_action_to_state |         0.00246 |
|                           Loss/Act_rep_loss |         0.00308 |
|                                   SAC/Alpha |          0.0596 |
|                              SAC/LogPi_mean |           0.927 |
|                                 SAC/Q1_mean |            84.8 |
|                                 SAC/Q2_mean |            84.9 |
|                            Norm/actor_model |             110 |
|                           Norm/critic_model |             124 |
|              Norm/state_action_metric_model |            90.3 |
|                     Norm/state_metric_model |             108 |
|        Norm/state_action_state_metric_model |            87.4 |
|                  Metric/self_state_distance |         0.00804 |
|                 Metric/cross_state_distance |            3.23 |
|           Metric/self_state_action_distance |         0.00657 |
|          Metric/cross_state_action_distance |            3.67 |
|             Metric/avg_self_state_asymmetry |               0 |
|            Metric/avg_cross_state_asymmetry |          0.0254 |
|                Metric/avg_self_sa_asymmetry |               0 |
|               Metric/avg_cross_sa_asymmetry |          0.0166 |
|  Metric/self_state_action_to_state_distance |        0.000997 |
| Metric/cross_state_action_to_state_distance |            3.64 |
|                   Metric/h_lambda_diff_self |         0.00566 |
|                  Metric/h_lambda_diff_cross |          0.0324 |
|                                 Eval/Return |             968 |
-----------------------------------------------------------------
-----------------------------------------------------------------
|                                 Train/Steps |        2.06e+06 |
|                            Loss/Loss_critic |           0.343 |
|                             Loss/Loss_actor |           -84.9 |
|                             Loss/Loss_alpha |        -0.00441 |
|               Loss/Loss_state_action_metric |            10.3 |
|                      Loss/Loss_state_metric |            2.44 |
|             Loss/Loss_state_action_to_state |         0.00177 |
|                           Loss/Act_rep_loss |         0.00551 |
|                                   SAC/Alpha |           0.055 |
|                              SAC/LogPi_mean |            1.18 |
|                                 SAC/Q1_mean |            84.6 |
|                                 SAC/Q2_mean |            84.7 |
|                            Norm/actor_model |             114 |
|                           Norm/critic_model |             127 |
|              Norm/state_action_metric_model |            94.4 |
|                     Norm/state_metric_model |             113 |
|        Norm/state_action_state_metric_model |            91.4 |
|                  Metric/self_state_distance |         0.00102 |
|                 Metric/cross_state_distance |            2.99 |
|           Metric/self_state_action_distance |         0.00761 |
|          Metric/cross_state_action_distance |            3.41 |
|             Metric/avg_self_state_asymmetry |               0 |
|            Metric/avg_cross_state_asymmetry |          0.0148 |
|                Metric/avg_self_sa_asymmetry |               0 |
|               Metric/avg_cross_sa_asymmetry |          0.0151 |
|  Metric/self_state_action_to_state_distance |        0.000884 |
| Metric/cross_state_action_to_state_distance |            3.41 |
|                   Metric/h_lambda_diff_self |         0.00706 |
|                  Metric/h_lambda_diff_cross |          0.0175 |
|                                 Eval/Return |             970 |
-----------------------------------------------------------------
[32mSaving model …[0m
[32mDone.[0m
[32mSaving model …[0m
[32mDone.[0m
-----------------------------------------------------------------
|                                 Train/Steps |        2.18e+06 |
|                            Loss/Loss_critic |           0.447 |
|                             Loss/Loss_actor |           -88.8 |
|                             Loss/Loss_alpha |         0.00651 |
|               Loss/Loss_state_action_metric |            10.4 |
|                      Loss/Loss_state_metric |            2.33 |
|             Loss/Loss_state_action_to_state |         0.00286 |
|                           Loss/Act_rep_loss |         0.00264 |
|                                   SAC/Alpha |          0.0485 |
|                              SAC/LogPi_mean |            0.98 |
|                                 SAC/Q1_mean |            88.6 |
|                                 SAC/Q2_mean |            88.5 |
|                            Norm/actor_model |             117 |
|                           Norm/critic_model |             129 |
|              Norm/state_action_metric_model |            97.8 |
|                     Norm/state_metric_model |             116 |
|        Norm/state_action_state_metric_model |            95.3 |
|                  Metric/self_state_distance |         0.00235 |
|                 Metric/cross_state_distance |            2.89 |
|           Metric/self_state_action_distance |          0.0126 |
|          Metric/cross_state_action_distance |            3.31 |
|             Metric/avg_self_state_asymmetry |               0 |
|            Metric/avg_cross_state_asymmetry |          0.0182 |
|                Metric/avg_self_sa_asymmetry |               0 |
|               Metric/avg_cross_sa_asymmetry |          0.0177 |
|  Metric/self_state_action_to_state_distance |         0.00272 |
| Metric/cross_state_action_to_state_distance |             3.3 |
|                   Metric/h_lambda_diff_self |         0.00995 |
|                  Metric/h_lambda_diff_cross |          0.0251 |
|                                 Eval/Return |             970 |
-----------------------------------------------------------------
-----------------------------------------------------------------
|                                 Train/Steps |        2.31e+06 |
|                            Loss/Loss_critic |           0.209 |
|                             Loss/Loss_actor |           -87.4 |
|                             Loss/Loss_alpha |       -0.000135 |
|               Loss/Loss_state_action_metric |            10.7 |
|                      Loss/Loss_state_metric |            2.43 |
|             Loss/Loss_state_action_to_state |         0.00145 |
|                           Loss/Act_rep_loss |         0.00246 |
|                                   SAC/Alpha |           0.046 |
|                              SAC/LogPi_mean |            1.08 |
|                                 SAC/Q1_mean |            87.2 |
|                                 SAC/Q2_mean |            87.2 |
|                            Norm/actor_model |             120 |
|                           Norm/critic_model |             131 |
|              Norm/state_action_metric_model |             101 |
|                     Norm/state_metric_model |             120 |
|        Norm/state_action_state_metric_model |            99.3 |
|                  Metric/self_state_distance |         0.00626 |
|                 Metric/cross_state_distance |            2.98 |
|           Metric/self_state_action_distance |         0.00859 |
|          Metric/cross_state_action_distance |             3.4 |
|             Metric/avg_self_state_asymmetry |               0 |
|            Metric/avg_cross_state_asymmetry |          0.0141 |
|                Metric/avg_self_sa_asymmetry |               0 |
|               Metric/avg_cross_sa_asymmetry |          0.0174 |
|  Metric/self_state_action_to_state_distance |         0.00061 |
| Metric/cross_state_action_to_state_distance |            3.39 |
|                   Metric/h_lambda_diff_self |           0.008 |
|                  Metric/h_lambda_diff_cross |          0.0158 |
|                                 Eval/Return |             970 |
-----------------------------------------------------------------
-----------------------------------------------------------------
|                                 Train/Steps |        2.44e+06 |
|                            Loss/Loss_critic |            0.46 |
|                             Loss/Loss_actor |           -90.2 |
|                             Loss/Loss_alpha |         0.00363 |
|               Loss/Loss_state_action_metric |            8.52 |
|                      Loss/Loss_state_metric |               2 |
|             Loss/Loss_state_action_to_state |         0.00253 |
|                           Loss/Act_rep_loss |         0.00184 |
|                                   SAC/Alpha |          0.0395 |
|                              SAC/LogPi_mean |           0.869 |
|                                 SAC/Q1_mean |            90.1 |
|                                 SAC/Q2_mean |              90 |
|                            Norm/actor_model |             123 |
|                           Norm/critic_model |             133 |
|              Norm/state_action_metric_model |             104 |
|                     Norm/state_metric_model |             124 |
|        Norm/state_action_state_metric_model |             103 |
|                  Metric/self_state_distance |         0.00165 |
|                 Metric/cross_state_distance |            2.66 |
|           Metric/self_state_action_distance |         0.00512 |
|          Metric/cross_state_action_distance |            3.04 |
|             Metric/avg_self_state_asymmetry |               0 |
|            Metric/avg_cross_state_asymmetry |          0.0177 |
|                Metric/avg_self_sa_asymmetry |               0 |
|               Metric/avg_cross_sa_asymmetry |          0.0216 |
|  Metric/self_state_action_to_state_distance |        0.000671 |
| Metric/cross_state_action_to_state_distance |            3.03 |
|                   Metric/h_lambda_diff_self |         0.00451 |
|                  Metric/h_lambda_diff_cross |          0.0258 |
|                                 Eval/Return |             969 |
-----------------------------------------------------------------
-----------------------------------------------------------------
|                                 Train/Steps |        2.57e+06 |
|                            Loss/Loss_critic |           0.275 |
|                             Loss/Loss_actor |           -90.5 |
|                             Loss/Loss_alpha |          0.0134 |
|               Loss/Loss_state_action_metric |            9.62 |
|                      Loss/Loss_state_metric |            2.01 |
|             Loss/Loss_state_action_to_state |         0.00108 |
|                           Loss/Act_rep_loss |          0.0023 |
|                                   SAC/Alpha |          0.0398 |
|                              SAC/LogPi_mean |           0.598 |
|                                 SAC/Q1_mean |            90.4 |
|                                 SAC/Q2_mean |            90.3 |
|                            Norm/actor_model |             126 |
|                           Norm/critic_model |             135 |
|              Norm/state_action_metric_model |             108 |
|                     Norm/state_metric_model |             127 |
|        Norm/state_action_state_metric_model |             106 |
|                  Metric/self_state_distance |        0.000276 |
|                 Metric/cross_state_distance |            2.63 |
|           Metric/self_state_action_distance |         0.00692 |
|          Metric/cross_state_action_distance |            3.02 |
|             Metric/avg_self_state_asymmetry |               0 |
|            Metric/avg_cross_state_asymmetry |          0.0146 |
|                Metric/avg_self_sa_asymmetry |               0 |
|               Metric/avg_cross_sa_asymmetry |          0.0153 |
|  Metric/self_state_action_to_state_distance |        0.000717 |
| Metric/cross_state_action_to_state_distance |            2.97 |
|                   Metric/h_lambda_diff_self |         0.00625 |
|                  Metric/h_lambda_diff_cross |          0.0503 |
|                                 Eval/Return |             969 |
-----------------------------------------------------------------
-----------------------------------------------------------------
|                                 Train/Steps |         2.7e+06 |
|                            Loss/Loss_critic |           0.389 |
|                             Loss/Loss_actor |           -91.4 |
|                             Loss/Loss_alpha |         0.00217 |
|               Loss/Loss_state_action_metric |            8.37 |
|                      Loss/Loss_state_metric |            1.85 |
|             Loss/Loss_state_action_to_state |          0.0039 |
|                           Loss/Act_rep_loss |        0.000939 |
|                                   SAC/Alpha |          0.0348 |
|                              SAC/LogPi_mean |            1.01 |
|                                 SAC/Q1_mean |            91.2 |
|                                 SAC/Q2_mean |            91.2 |
|                            Norm/actor_model |             129 |
|                           Norm/critic_model |             136 |
|              Norm/state_action_metric_model |             111 |
|                     Norm/state_metric_model |             130 |
|        Norm/state_action_state_metric_model |             110 |
|                  Metric/self_state_distance |        0.000266 |
|                 Metric/cross_state_distance |            2.55 |
|           Metric/self_state_action_distance |         0.00471 |
|          Metric/cross_state_action_distance |            2.89 |
|             Metric/avg_self_state_asymmetry |               0 |
|            Metric/avg_cross_state_asymmetry |          0.0127 |
|                Metric/avg_self_sa_asymmetry |               0 |
|               Metric/avg_cross_sa_asymmetry |          0.0178 |
|  Metric/self_state_action_to_state_distance |         0.00608 |
| Metric/cross_state_action_to_state_distance |            2.89 |
|                   Metric/h_lambda_diff_self |         0.00585 |
|                  Metric/h_lambda_diff_cross |          0.0159 |
|                                 Eval/Return |             970 |
-----------------------------------------------------------------
-----------------------------------------------------------------
|                                 Train/Steps |        2.82e+06 |
|                            Loss/Loss_critic |           0.599 |
|                             Loss/Loss_actor |           -91.3 |
|                             Loss/Loss_alpha |         0.00284 |
|               Loss/Loss_state_action_metric |            8.53 |
|                      Loss/Loss_state_metric |            1.84 |
|             Loss/Loss_state_action_to_state |         0.00102 |
|                           Loss/Act_rep_loss |         0.00116 |
|                                   SAC/Alpha |           0.035 |
|                              SAC/LogPi_mean |           0.929 |
|                                 SAC/Q1_mean |            91.1 |
|                                 SAC/Q2_mean |            91.1 |
|                            Norm/actor_model |             132 |
|                           Norm/critic_model |             138 |
|              Norm/state_action_metric_model |             114 |
|                     Norm/state_metric_model |             133 |
|        Norm/state_action_state_metric_model |             113 |
|                  Metric/self_state_distance |         0.00513 |
|                 Metric/cross_state_distance |            2.61 |
|           Metric/self_state_action_distance |         0.00725 |
|          Metric/cross_state_action_distance |            2.95 |
|             Metric/avg_self_state_asymmetry |               0 |
|            Metric/avg_cross_state_asymmetry |          0.0186 |
|                Metric/avg_self_sa_asymmetry |               0 |
|               Metric/avg_cross_sa_asymmetry |          0.0158 |
|  Metric/self_state_action_to_state_distance |          0.0003 |
| Metric/cross_state_action_to_state_distance |            2.97 |
|                   Metric/h_lambda_diff_self |         0.00697 |
|                  Metric/h_lambda_diff_cross |          0.0191 |
|                                 Eval/Return |             969 |
-----------------------------------------------------------------
-----------------------------------------------------------------
|                                 Train/Steps |        2.95e+06 |
|                            Loss/Loss_critic |           0.449 |
|                             Loss/Loss_actor |           -91.1 |
|                             Loss/Loss_alpha |        -0.00858 |
|               Loss/Loss_state_action_metric |            9.39 |
|                      Loss/Loss_state_metric |            1.99 |
|             Loss/Loss_state_action_to_state |         0.00252 |
|                           Loss/Act_rep_loss |        0.000914 |
|                                   SAC/Alpha |          0.0321 |
|                              SAC/LogPi_mean |            1.11 |
|                                 SAC/Q1_mean |            90.9 |
|                                 SAC/Q2_mean |            90.9 |
|                            Norm/actor_model |             135 |
|                           Norm/critic_model |             140 |
|              Norm/state_action_metric_model |             117 |
|                     Norm/state_metric_model |             136 |
|        Norm/state_action_state_metric_model |             116 |
|                  Metric/self_state_distance |         0.00137 |
|                 Metric/cross_state_distance |            2.74 |
|           Metric/self_state_action_distance |         0.00625 |
|          Metric/cross_state_action_distance |            3.13 |
|             Metric/avg_self_state_asymmetry |               0 |
|            Metric/avg_cross_state_asymmetry |          0.0217 |
|                Metric/avg_self_sa_asymmetry |               0 |
|               Metric/avg_cross_sa_asymmetry |          0.0156 |
|  Metric/self_state_action_to_state_distance |         0.00049 |
| Metric/cross_state_action_to_state_distance |            3.14 |
|                   Metric/h_lambda_diff_self |         0.00578 |
|                  Metric/h_lambda_diff_cross |          0.0191 |
|                                 Eval/Return |             970 |
-----------------------------------------------------------------
-----------------------------------------------------------------
|                                 Train/Steps |        3.08e+06 |
|                            Loss/Loss_critic |           0.342 |
|                             Loss/Loss_actor |             -91 |
|                             Loss/Loss_alpha |         0.00175 |
|               Loss/Loss_state_action_metric |            9.27 |
|                      Loss/Loss_state_metric |            1.94 |
|             Loss/Loss_state_action_to_state |         0.00188 |
|                           Loss/Act_rep_loss |         0.00228 |
|                                   SAC/Alpha |          0.0249 |
|                              SAC/LogPi_mean |           0.978 |
|                                 SAC/Q1_mean |            90.8 |
|                                 SAC/Q2_mean |            90.7 |
|                            Norm/actor_model |             137 |
|                           Norm/critic_model |             141 |
|              Norm/state_action_metric_model |             120 |
|                     Norm/state_metric_model |             139 |
|        Norm/state_action_state_metric_model |             119 |
|                  Metric/self_state_distance |         0.00216 |
|                 Metric/cross_state_distance |            2.65 |
|           Metric/self_state_action_distance |          0.0072 |
|          Metric/cross_state_action_distance |            3.02 |
|             Metric/avg_self_state_asymmetry |               0 |
|            Metric/avg_cross_state_asymmetry |          0.0144 |
|                Metric/avg_self_sa_asymmetry |               0 |
|               Metric/avg_cross_sa_asymmetry |          0.0131 |
|  Metric/self_state_action_to_state_distance |         0.00163 |
| Metric/cross_state_action_to_state_distance |            3.04 |
|                   Metric/h_lambda_diff_self |         0.00584 |
|                  Metric/h_lambda_diff_cross |          0.0248 |
|                                 Eval/Return |             969 |
-----------------------------------------------------------------
[32mSaving model …[0m
[32mDone.[0m
[32mSaving model …[0m
[32mDone.[0m
-----------------------------------------------------------------
|                                 Train/Steps |        3.21e+06 |
|                            Loss/Loss_critic |           0.658 |
|                             Loss/Loss_actor |           -91.1 |
|                             Loss/Loss_alpha |        -0.00516 |
|               Loss/Loss_state_action_metric |            7.65 |
|                      Loss/Loss_state_metric |            1.71 |
|             Loss/Loss_state_action_to_state |         0.00292 |
|                           Loss/Act_rep_loss |         0.00252 |
|                                   SAC/Alpha |          0.0271 |
|                              SAC/LogPi_mean |            1.18 |
|                                 SAC/Q1_mean |            90.8 |
|                                 SAC/Q2_mean |            90.8 |
|                            Norm/actor_model |             140 |
|                           Norm/critic_model |             143 |
|              Norm/state_action_metric_model |             122 |
|                     Norm/state_metric_model |             142 |
|        Norm/state_action_state_metric_model |             122 |
|                  Metric/self_state_distance |         0.00159 |
|                 Metric/cross_state_distance |            2.42 |
|           Metric/self_state_action_distance |         0.00543 |
|          Metric/cross_state_action_distance |            2.75 |
|             Metric/avg_self_state_asymmetry |               0 |
|            Metric/avg_cross_state_asymmetry |          0.0158 |
|                Metric/avg_self_sa_asymmetry |               0 |
|               Metric/avg_cross_sa_asymmetry |          0.0207 |
|  Metric/self_state_action_to_state_distance |        0.000432 |
| Metric/cross_state_action_to_state_distance |            2.74 |
|                   Metric/h_lambda_diff_self |         0.00507 |
|                  Metric/h_lambda_diff_cross |           0.025 |
|                                 Eval/Return |             970 |
-----------------------------------------------------------------
-----------------------------------------------------------------
|                                 Train/Steps |        3.34e+06 |
|                            Loss/Loss_critic |           0.145 |
|                             Loss/Loss_actor |             -93 |
|                             Loss/Loss_alpha |         0.00372 |
|               Loss/Loss_state_action_metric |            7.15 |
|                      Loss/Loss_state_metric |            1.56 |
|             Loss/Loss_state_action_to_state |         0.00187 |
|                           Loss/Act_rep_loss |         0.00155 |
|                                   SAC/Alpha |          0.0234 |
|                              SAC/LogPi_mean |           0.841 |
|                                 SAC/Q1_mean |            92.9 |
|                                 SAC/Q2_mean |            92.8 |
|                            Norm/actor_model |             142 |
|                           Norm/critic_model |             145 |
|              Norm/state_action_metric_model |             125 |
|                     Norm/state_metric_model |             144 |
|        Norm/state_action_state_metric_model |             125 |
|                  Metric/self_state_distance |         0.00398 |
|                 Metric/cross_state_distance |            2.31 |
|           Metric/self_state_action_distance |         0.00818 |
|          Metric/cross_state_action_distance |            2.58 |
|             Metric/avg_self_state_asymmetry |               0 |
|            Metric/avg_cross_state_asymmetry |          0.0112 |
|                Metric/avg_self_sa_asymmetry |               0 |
|               Metric/avg_cross_sa_asymmetry |          0.0119 |
|  Metric/self_state_action_to_state_distance |         0.00078 |
| Metric/cross_state_action_to_state_distance |            2.58 |
|                   Metric/h_lambda_diff_self |         0.00786 |
|                  Metric/h_lambda_diff_cross |          0.0185 |
|                                 Eval/Return |             970 |
-----------------------------------------------------------------
-----------------------------------------------------------------
|                                 Train/Steps |        3.46e+06 |
|                            Loss/Loss_critic |           0.203 |
|                             Loss/Loss_actor |           -92.1 |
|                             Loss/Loss_alpha |          0.0014 |
|               Loss/Loss_state_action_metric |            7.26 |
|                      Loss/Loss_state_metric |            1.77 |
|             Loss/Loss_state_action_to_state |         0.00332 |
|                           Loss/Act_rep_loss |         0.00176 |
|                                   SAC/Alpha |          0.0237 |
|                              SAC/LogPi_mean |            1.13 |
|                                 SAC/Q1_mean |            91.9 |
|                                 SAC/Q2_mean |              92 |
|                            Norm/actor_model |             145 |
|                           Norm/critic_model |             146 |
|              Norm/state_action_metric_model |             128 |
|                     Norm/state_metric_model |             147 |
|        Norm/state_action_state_metric_model |             128 |
|                  Metric/self_state_distance |         0.00354 |
|                 Metric/cross_state_distance |            2.44 |
|           Metric/self_state_action_distance |         0.00326 |
|          Metric/cross_state_action_distance |            2.74 |
|             Metric/avg_self_state_asymmetry |               0 |
|            Metric/avg_cross_state_asymmetry |          0.0134 |
|                Metric/avg_self_sa_asymmetry |               0 |
|               Metric/avg_cross_sa_asymmetry |          0.0164 |
|  Metric/self_state_action_to_state_distance |        0.000549 |
| Metric/cross_state_action_to_state_distance |            2.73 |
|                   Metric/h_lambda_diff_self |         0.00277 |
|                  Metric/h_lambda_diff_cross |          0.0199 |
|                                 Eval/Return |             970 |
-----------------------------------------------------------------
-----------------------------------------------------------------
|                                 Train/Steps |        3.59e+06 |
|                            Loss/Loss_critic |           0.281 |
|                             Loss/Loss_actor |           -91.7 |
|                             Loss/Loss_alpha |        -0.00306 |
|               Loss/Loss_state_action_metric |            10.1 |
|                      Loss/Loss_state_metric |            2.06 |
|             Loss/Loss_state_action_to_state |         0.00165 |
|                           Loss/Act_rep_loss |          0.0012 |
|                                   SAC/Alpha |          0.0173 |
|                              SAC/LogPi_mean |            1.03 |
|                                 SAC/Q1_mean |            91.6 |
|                                 SAC/Q2_mean |            91.5 |
|                            Norm/actor_model |             147 |
|                           Norm/critic_model |             148 |
|              Norm/state_action_metric_model |             130 |
|                     Norm/state_metric_model |             150 |
|        Norm/state_action_state_metric_model |             131 |
|                  Metric/self_state_distance |         0.00106 |
|                 Metric/cross_state_distance |             2.7 |
|           Metric/self_state_action_distance |          0.0128 |
|          Metric/cross_state_action_distance |            3.06 |
|             Metric/avg_self_state_asymmetry |               0 |
|            Metric/avg_cross_state_asymmetry |          0.0117 |
|                Metric/avg_self_sa_asymmetry |               0 |
|               Metric/avg_cross_sa_asymmetry |          0.0149 |
|  Metric/self_state_action_to_state_distance |         0.00059 |
| Metric/cross_state_action_to_state_distance |            3.04 |
|                   Metric/h_lambda_diff_self |          0.0126 |
|                  Metric/h_lambda_diff_cross |          0.0271 |
|                                 Eval/Return |             970 |
-----------------------------------------------------------------
-----------------------------------------------------------------
|                                 Train/Steps |        3.72e+06 |
|                            Loss/Loss_critic |           0.257 |
|                             Loss/Loss_actor |           -93.6 |
|                             Loss/Loss_alpha |         0.00262 |
|               Loss/Loss_state_action_metric |            8.74 |
|                      Loss/Loss_state_metric |            1.56 |
|             Loss/Loss_state_action_to_state |         0.00274 |
|                           Loss/Act_rep_loss |        0.000456 |
|                                   SAC/Alpha |          0.0166 |
|                              SAC/LogPi_mean |           0.854 |
|                                 SAC/Q1_mean |            93.5 |
|                                 SAC/Q2_mean |            93.5 |
|                            Norm/actor_model |             149 |
|                           Norm/critic_model |             149 |
|              Norm/state_action_metric_model |             133 |
|                     Norm/state_metric_model |             152 |
|        Norm/state_action_state_metric_model |             133 |
|                  Metric/self_state_distance |         0.00128 |
|                 Metric/cross_state_distance |            2.31 |
|           Metric/self_state_action_distance |         0.00413 |
|          Metric/cross_state_action_distance |            2.59 |
|             Metric/avg_self_state_asymmetry |               0 |
|            Metric/avg_cross_state_asymmetry |          0.0172 |
|                Metric/avg_self_sa_asymmetry |               0 |
|               Metric/avg_cross_sa_asymmetry |           0.015 |
|  Metric/self_state_action_to_state_distance |        0.000629 |
| Metric/cross_state_action_to_state_distance |             2.6 |
|                   Metric/h_lambda_diff_self |         0.00359 |
|                  Metric/h_lambda_diff_cross |          0.0192 |
|                                 Eval/Return |             970 |
-----------------------------------------------------------------
-----------------------------------------------------------------
|                                 Train/Steps |        3.85e+06 |
|                            Loss/Loss_critic |             0.2 |
|                             Loss/Loss_actor |           -93.6 |
|                             Loss/Loss_alpha |         0.00316 |
|               Loss/Loss_state_action_metric |            7.87 |
|                      Loss/Loss_state_metric |            1.64 |
|             Loss/Loss_state_action_to_state |        0.000769 |
|                           Loss/Act_rep_loss |        0.000553 |
|                                   SAC/Alpha |          0.0168 |
|                              SAC/LogPi_mean |           0.813 |
|                                 SAC/Q1_mean |            93.5 |
|                                 SAC/Q2_mean |            93.5 |
|                            Norm/actor_model |             151 |
|                           Norm/critic_model |             151 |
|              Norm/state_action_metric_model |             135 |
|                     Norm/state_metric_model |             155 |
|        Norm/state_action_state_metric_model |             136 |
|                  Metric/self_state_distance |         0.00105 |
|                 Metric/cross_state_distance |            2.39 |
|           Metric/self_state_action_distance |         0.00536 |
|          Metric/cross_state_action_distance |            2.64 |
|             Metric/avg_self_state_asymmetry |               0 |
|            Metric/avg_cross_state_asymmetry |           0.012 |
|                Metric/avg_self_sa_asymmetry |               0 |
|               Metric/avg_cross_sa_asymmetry |          0.0122 |
|  Metric/self_state_action_to_state_distance |        0.000456 |
| Metric/cross_state_action_to_state_distance |            2.63 |
|                   Metric/h_lambda_diff_self |         0.00494 |
|                  Metric/h_lambda_diff_cross |          0.0176 |
|                                 Eval/Return |             970 |
-----------------------------------------------------------------
-----------------------------------------------------------------
|                                 Train/Steps |        3.98e+06 |
|                            Loss/Loss_critic |           0.141 |
|                             Loss/Loss_actor |           -94.4 |
|                             Loss/Loss_alpha |         0.00245 |
|               Loss/Loss_state_action_metric |            7.49 |
|                      Loss/Loss_state_metric |            1.48 |
|             Loss/Loss_state_action_to_state |         0.00133 |
|                           Loss/Act_rep_loss |         0.00119 |
|                                   SAC/Alpha |          0.0147 |
|                              SAC/LogPi_mean |           0.845 |
|                                 SAC/Q1_mean |            94.3 |
|                                 SAC/Q2_mean |            94.3 |
|                            Norm/actor_model |             153 |
|                           Norm/critic_model |             152 |
|              Norm/state_action_metric_model |             137 |
|                     Norm/state_metric_model |             158 |
|        Norm/state_action_state_metric_model |             138 |
|                  Metric/self_state_distance |        0.000316 |
|                 Metric/cross_state_distance |            2.21 |
|           Metric/self_state_action_distance |         0.00381 |
|          Metric/cross_state_action_distance |             2.5 |
|             Metric/avg_self_state_asymmetry |               0 |
|            Metric/avg_cross_state_asymmetry |          0.0129 |
|                Metric/avg_self_sa_asymmetry |               0 |
|               Metric/avg_cross_sa_asymmetry |           0.015 |
|  Metric/self_state_action_to_state_distance |         0.00116 |
| Metric/cross_state_action_to_state_distance |             2.5 |
|                   Metric/h_lambda_diff_self |         0.00301 |
|                  Metric/h_lambda_diff_cross |          0.0175 |
|                                 Eval/Return |             970 |
-----------------------------------------------------------------
-----------------------------------------------------------------
|                                 Train/Steps |         4.1e+06 |
|                            Loss/Loss_critic |           0.219 |
|                             Loss/Loss_actor |           -95.1 |
|                             Loss/Loss_alpha |        0.000748 |
|               Loss/Loss_state_action_metric |             7.6 |
|                      Loss/Loss_state_metric |            1.29 |
|             Loss/Loss_state_action_to_state |         0.00102 |
|                           Loss/Act_rep_loss |        0.000669 |
|                                   SAC/Alpha |          0.0121 |
|                              SAC/LogPi_mean |           0.924 |
|                                 SAC/Q1_mean |              95 |
|                                 SAC/Q2_mean |              95 |
|                            Norm/actor_model |             156 |
|                           Norm/critic_model |             154 |
|              Norm/state_action_metric_model |             140 |
|                     Norm/state_metric_model |             160 |
|        Norm/state_action_state_metric_model |             140 |
|                  Metric/self_state_distance |         0.00115 |
|                 Metric/cross_state_distance |            2.07 |
|           Metric/self_state_action_distance |         0.00966 |
|          Metric/cross_state_action_distance |            2.31 |
|             Metric/avg_self_state_asymmetry |               0 |
|            Metric/avg_cross_state_asymmetry |          0.0112 |
|                Metric/avg_self_sa_asymmetry |               0 |
|               Metric/avg_cross_sa_asymmetry |          0.0158 |
|  Metric/self_state_action_to_state_distance |         0.00251 |
| Metric/cross_state_action_to_state_distance |             2.3 |
|                   Metric/h_lambda_diff_self |         0.00805 |
|                  Metric/h_lambda_diff_cross |          0.0137 |
|                                 Eval/Return |             969 |
-----------------------------------------------------------------
[32mSaving model …[0m
[32mDone.[0m
[32mSaving model …[0m
[32mDone.[0m
-----------------------------------------------------------------
|                                 Train/Steps |        4.23e+06 |
|                            Loss/Loss_critic |            0.14 |
|                             Loss/Loss_actor |           -96.7 |
|                             Loss/Loss_alpha |       -0.000401 |
|               Loss/Loss_state_action_metric |            4.62 |
|                      Loss/Loss_state_metric |            1.01 |
|             Loss/Loss_state_action_to_state |          0.0021 |
|                           Loss/Act_rep_loss |         0.00149 |
|                                   SAC/Alpha |          0.0066 |
|                              SAC/LogPi_mean |            1.02 |
|                                 SAC/Q1_mean |            96.7 |
|                                 SAC/Q2_mean |            96.6 |
|                            Norm/actor_model |             157 |
|                           Norm/critic_model |             155 |
|              Norm/state_action_metric_model |             142 |
|                     Norm/state_metric_model |             162 |
|        Norm/state_action_state_metric_model |             143 |
|                  Metric/self_state_distance |        0.000507 |
|                 Metric/cross_state_distance |            1.87 |
|           Metric/self_state_action_distance |          0.0129 |
|          Metric/cross_state_action_distance |            2.05 |
|             Metric/avg_self_state_asymmetry |               0 |
|            Metric/avg_cross_state_asymmetry |          0.0108 |
|                Metric/avg_self_sa_asymmetry |               0 |
|               Metric/avg_cross_sa_asymmetry |          0.0121 |
|  Metric/self_state_action_to_state_distance |         0.00129 |
| Metric/cross_state_action_to_state_distance |            2.04 |
|                   Metric/h_lambda_diff_self |          0.0117 |
|                  Metric/h_lambda_diff_cross |          0.0187 |
|                                 Eval/Return |             969 |
-----------------------------------------------------------------
-----------------------------------------------------------------
|                                 Train/Steps |        4.36e+06 |
|                            Loss/Loss_critic |          0.0549 |
|                             Loss/Loss_actor |           -98.6 |
|                             Loss/Loss_alpha |         0.00144 |
|               Loss/Loss_state_action_metric |            3.29 |
|                      Loss/Loss_state_metric |           0.534 |
|             Loss/Loss_state_action_to_state |         0.00163 |
|                           Loss/Act_rep_loss |        7.16e-06 |
|                                   SAC/Alpha |         0.00442 |
|                              SAC/LogPi_mean |           0.699 |
|                                 SAC/Q1_mean |            98.6 |
|                                 SAC/Q2_mean |            98.6 |
|                            Norm/actor_model |             159 |
|                           Norm/critic_model |             156 |
|              Norm/state_action_metric_model |             144 |
|                     Norm/state_metric_model |             164 |
|        Norm/state_action_state_metric_model |             144 |
|                  Metric/self_state_distance |        0.000293 |
|                 Metric/cross_state_distance |             1.5 |
|           Metric/self_state_action_distance |         0.00662 |
|          Metric/cross_state_action_distance |            1.61 |
|             Metric/avg_self_state_asymmetry |               0 |
|            Metric/avg_cross_state_asymmetry |         0.00898 |
|                Metric/avg_self_sa_asymmetry |               0 |
|               Metric/avg_cross_sa_asymmetry |          0.0142 |
|  Metric/self_state_action_to_state_distance |         0.00139 |
| Metric/cross_state_action_to_state_distance |            1.59 |
|                   Metric/h_lambda_diff_self |          0.0054 |
|                  Metric/h_lambda_diff_cross |          0.0225 |
|                                 Eval/Return |             970 |
-----------------------------------------------------------------
-----------------------------------------------------------------
|                                 Train/Steps |        4.49e+06 |
|                            Loss/Loss_critic |           0.012 |
|                             Loss/Loss_actor |           -99.5 |
|                             Loss/Loss_alpha |        0.000148 |
|               Loss/Loss_state_action_metric |             2.1 |
|                      Loss/Loss_state_metric |           0.222 |
|             Loss/Loss_state_action_to_state |         0.00189 |
|                           Loss/Act_rep_loss |               0 |
|                                   SAC/Alpha |         0.00299 |
|                              SAC/LogPi_mean |           0.984 |
|                                 SAC/Q1_mean |            99.5 |
|                                 SAC/Q2_mean |            99.5 |
|                            Norm/actor_model |             160 |
|                           Norm/critic_model |             157 |
|              Norm/state_action_metric_model |             146 |
|                     Norm/state_metric_model |             166 |
|        Norm/state_action_state_metric_model |             146 |
|                  Metric/self_state_distance |         0.00017 |
|                 Metric/cross_state_distance |            1.24 |
|           Metric/self_state_action_distance |         0.00454 |
|          Metric/cross_state_action_distance |            1.31 |
|             Metric/avg_self_state_asymmetry |               0 |
|            Metric/avg_cross_state_asymmetry |         0.00883 |
|                Metric/avg_self_sa_asymmetry |               0 |
|               Metric/avg_cross_sa_asymmetry |          0.0138 |
|  Metric/self_state_action_to_state_distance |        0.000787 |
| Metric/cross_state_action_to_state_distance |             1.3 |
|                   Metric/h_lambda_diff_self |         0.00404 |
|                  Metric/h_lambda_diff_cross |          0.0236 |
|                                 Eval/Return |             970 |
-----------------------------------------------------------------
-----------------------------------------------------------------
|                                 Train/Steps |        4.62e+06 |
|                            Loss/Loss_critic |          0.0193 |
|                             Loss/Loss_actor |           -99.2 |
|                             Loss/Loss_alpha |        0.000525 |
|               Loss/Loss_state_action_metric |            1.66 |
|                      Loss/Loss_state_metric |           0.387 |
|             Loss/Loss_state_action_to_state |         0.00104 |
|                           Loss/Act_rep_loss |        0.000363 |
|                                   SAC/Alpha |         0.00277 |
|                              SAC/LogPi_mean |           0.797 |
|                                 SAC/Q1_mean |            99.3 |
|                                 SAC/Q2_mean |            99.2 |
|                            Norm/actor_model |             160 |
|                           Norm/critic_model |             156 |
|              Norm/state_action_metric_model |             148 |
|                     Norm/state_metric_model |             167 |
|        Norm/state_action_state_metric_model |             148 |
|                  Metric/self_state_distance |         0.00258 |
|                 Metric/cross_state_distance |            1.36 |
|           Metric/self_state_action_distance |         0.00102 |
|          Metric/cross_state_action_distance |            1.44 |
|             Metric/avg_self_state_asymmetry |               0 |
|            Metric/avg_cross_state_asymmetry |         0.00809 |
|                Metric/avg_self_sa_asymmetry |               0 |
|               Metric/avg_cross_sa_asymmetry |          0.0156 |
|  Metric/self_state_action_to_state_distance |        0.000751 |
| Metric/cross_state_action_to_state_distance |            1.44 |
|                   Metric/h_lambda_diff_self |        0.000935 |
|                  Metric/h_lambda_diff_cross |          0.0151 |
|                                 Eval/Return |             970 |
-----------------------------------------------------------------
-----------------------------------------------------------------
|                                 Train/Steps |        4.74e+06 |
|                            Loss/Loss_critic |         0.00795 |
|                             Loss/Loss_actor |           -99.4 |
|                             Loss/Loss_alpha |         0.00018 |
|               Loss/Loss_state_action_metric |             2.1 |
|                      Loss/Loss_state_metric |             0.4 |
|             Loss/Loss_state_action_to_state |         0.00259 |
|                           Loss/Act_rep_loss |         3.9e-05 |
|                                   SAC/Alpha |         0.00173 |
|                              SAC/LogPi_mean |           0.909 |
|                                 SAC/Q1_mean |            99.4 |
|                                 SAC/Q2_mean |            99.4 |
|                            Norm/actor_model |             161 |
|                           Norm/critic_model |             156 |
|              Norm/state_action_metric_model |             149 |
|                     Norm/state_metric_model |             169 |
|        Norm/state_action_state_metric_model |             150 |
|                  Metric/self_state_distance |        0.000237 |
|                 Metric/cross_state_distance |            1.38 |
|           Metric/self_state_action_distance |         0.00669 |
|          Metric/cross_state_action_distance |            1.46 |
|             Metric/avg_self_state_asymmetry |               0 |
|            Metric/avg_cross_state_asymmetry |         0.00814 |
|                Metric/avg_self_sa_asymmetry |               0 |
|               Metric/avg_cross_sa_asymmetry |          0.0144 |
|  Metric/self_state_action_to_state_distance |        0.000806 |
| Metric/cross_state_action_to_state_distance |            1.45 |
|                   Metric/h_lambda_diff_self |         0.00594 |
|                  Metric/h_lambda_diff_cross |          0.0186 |
|                                 Eval/Return |             969 |
-----------------------------------------------------------------
-----------------------------------------------------------------
|                                 Train/Steps |        4.87e+06 |
|                            Loss/Loss_critic |         0.00637 |
|                             Loss/Loss_actor |           -99.5 |
|                             Loss/Loss_alpha |        -0.00212 |
|               Loss/Loss_state_action_metric |            2.52 |
|                      Loss/Loss_state_metric |           0.272 |
|             Loss/Loss_state_action_to_state |        0.000643 |
|                           Loss/Act_rep_loss |        8.19e-07 |
|                                   SAC/Alpha |         0.00275 |
|                              SAC/LogPi_mean |            1.74 |
|                                 SAC/Q1_mean |            99.5 |
|                                 SAC/Q2_mean |            99.5 |
|                            Norm/actor_model |             161 |
|                           Norm/critic_model |             155 |
|              Norm/state_action_metric_model |             151 |
|                     Norm/state_metric_model |             170 |
|        Norm/state_action_state_metric_model |             152 |
|                  Metric/self_state_distance |        0.000977 |
|                 Metric/cross_state_distance |            1.27 |
|           Metric/self_state_action_distance |          0.0063 |
|          Metric/cross_state_action_distance |            1.34 |
|             Metric/avg_self_state_asymmetry |               0 |
|            Metric/avg_cross_state_asymmetry |         0.00589 |
|                Metric/avg_self_sa_asymmetry |               0 |
|               Metric/avg_cross_sa_asymmetry |          0.0118 |
|  Metric/self_state_action_to_state_distance |         0.00193 |
| Metric/cross_state_action_to_state_distance |            1.31 |
|                   Metric/h_lambda_diff_self |         0.00528 |
|                  Metric/h_lambda_diff_cross |          0.0288 |
|                                 Eval/Return |             969 |
-----------------------------------------------------------------
-----------------------------------------------------------------
|                                 Train/Steps |           5e+06 |
|                            Loss/Loss_critic |         0.00465 |
|                             Loss/Loss_actor |           -99.5 |
|                             Loss/Loss_alpha |        0.000128 |
|               Loss/Loss_state_action_metric |            3.51 |
|                      Loss/Loss_state_metric |           0.352 |
|             Loss/Loss_state_action_to_state |        0.000685 |
|                           Loss/Act_rep_loss |        0.000408 |
|                                   SAC/Alpha |         0.00118 |
|                              SAC/LogPi_mean |             0.9 |
|                                 SAC/Q1_mean |            99.5 |
|                                 SAC/Q2_mean |            99.5 |
|                            Norm/actor_model |             162 |
|                           Norm/critic_model |             155 |
|              Norm/state_action_metric_model |             153 |
|                     Norm/state_metric_model |             171 |
|        Norm/state_action_state_metric_model |             154 |
|                  Metric/self_state_distance |         0.00147 |
|                 Metric/cross_state_distance |            1.34 |
|           Metric/self_state_action_distance |         0.00449 |
|          Metric/cross_state_action_distance |            1.41 |
|             Metric/avg_self_state_asymmetry |               0 |
|            Metric/avg_cross_state_asymmetry |         0.00795 |
|                Metric/avg_self_sa_asymmetry |               0 |
|               Metric/avg_cross_sa_asymmetry |          0.0112 |
|  Metric/self_state_action_to_state_distance |         0.00042 |
| Metric/cross_state_action_to_state_distance |             1.4 |
|                   Metric/h_lambda_diff_self |         0.00408 |
|                  Metric/h_lambda_diff_cross |          0.0127 |
|                                 Eval/Return |             971 |
-----------------------------------------------------------------
[32mSaving model …[0m
[32mDone.[0m
[32mSaving model …[0m
[32mDone.[0m
