E0906 10:02:38.860382  952945 cuda_executor.cc:1526] Could not get kernel mode driver version: (INVALID_ARGUMENT: Version does not match the format X.Y.Z)
E0906 10:02:38.869025  952836 cuda_executor.cc:1526] Could not get kernel mode driver version: (INVALID_ARGUMENT: Version does not match the format X.Y.Z)
[32mStart prefilling replay buffer[0m
[32mStart SAC training[0m
[32m{'log_freq': 1000, 'save_freq': 1000000, 'eval_episode_freq': 10, 'hidden_size': 256, 'lr': 0.001, 'max_grad_norm': 0.0, 'gamma': 0.99, 'update_tau': 0.005, 'train_per_step': 8, 'episode_length': 1000, 'warmup_samples': 8192, 'max_replay_size': 4000000, 'batch_size': 512, 'total_env_steps': 5000000, 'init_temperature': 0.1, 'nstep': 1, 'bootstrap_on_truncation': True, 'rep_lr_scale': 1.5, 'n_act_samples': 5, 'act_eps': 0.1, 'aug_weight': 1.0, 'vis_feq': 100000, 'n_vis_frames': 4, 'num_envs': 128, 'grad_steps': 50, 'transfer_freq': 10, 'transfer_steps': 8, 'reward_scaling': 1.0, 'num_eval_envs': 128, 'target_entropy': -3.0}[0m
[32m[nstep] nstep=1 bootstrap_on_truncation=True (discount from the buffer already contains gamma^nstep)[0m
[32m[epsball] n_act_samples=5 act_eps=0.1 aug_weight=1.0[0m
-----------------------------------------------------------------
|                                 Train/Steps |        1.36e+05 |
|                            Loss/Loss_critic |          0.0816 |
|                             Loss/Loss_actor |           -13.4 |
|                             Loss/Loss_alpha |         0.00756 |
|               Loss/Loss_state_action_metric |            0.67 |
|                      Loss/Loss_state_metric |           0.235 |
|             Loss/Loss_state_action_to_state |         0.00395 |
|                           Loss/Act_rep_loss |         0.00568 |
|                                   SAC/Alpha |           0.011 |
|                              SAC/LogPi_mean |            2.44 |
|                                 SAC/Q1_mean |            13.3 |
|                                 SAC/Q2_mean |            13.3 |
|                            Norm/actor_model |            41.6 |
|                           Norm/critic_model |            47.4 |
|              Norm/state_action_metric_model |            31.6 |
|                     Norm/state_metric_model |            31.6 |
|        Norm/state_action_state_metric_model |            31.7 |
|                  Metric/self_state_distance |          0.0111 |
|                 Metric/cross_state_distance |            1.66 |
|           Metric/self_state_action_distance |         0.00539 |
|          Metric/cross_state_action_distance |            1.78 |
|             Metric/avg_self_state_asymmetry |               0 |
|            Metric/avg_cross_state_asymmetry |          0.0239 |
|                Metric/avg_self_sa_asymmetry |               0 |
|               Metric/avg_cross_sa_asymmetry |          0.0362 |
|  Metric/self_state_action_to_state_distance |         0.00529 |
| Metric/cross_state_action_to_state_distance |            1.79 |
|                   Metric/h_lambda_diff_self |         0.00669 |
|                  Metric/h_lambda_diff_cross |          0.0418 |
|                                 Eval/Return |             544 |
-----------------------------------------------------------------
-----------------------------------------------------------------
|                                 Train/Steps |        2.64e+05 |
|                            Loss/Loss_critic |          0.0646 |
|                             Loss/Loss_actor |           -33.9 |
|                             Loss/Loss_alpha |         0.00365 |
|               Loss/Loss_state_action_metric |            2.48 |
|                      Loss/Loss_state_metric |           0.968 |
|             Loss/Loss_state_action_to_state |         0.00478 |
|                           Loss/Act_rep_loss |         0.00412 |
|                                   SAC/Alpha |          0.0115 |
|                              SAC/LogPi_mean |            2.74 |
|                                 SAC/Q1_mean |            33.7 |
|                                 SAC/Q2_mean |            33.6 |
|                            Norm/actor_model |            55.5 |
|                           Norm/critic_model |            60.9 |
|              Norm/state_action_metric_model |              36 |
|                     Norm/state_metric_model |            35.2 |
|        Norm/state_action_state_metric_model |            35.6 |
|                  Metric/self_state_distance |         0.00499 |
|                 Metric/cross_state_distance |             2.6 |
|           Metric/self_state_action_distance |         0.00958 |
|          Metric/cross_state_action_distance |            2.83 |
|             Metric/avg_self_state_asymmetry |               0 |
|            Metric/avg_cross_state_asymmetry |          0.0235 |
|                Metric/avg_self_sa_asymmetry |               0 |
|               Metric/avg_cross_sa_asymmetry |          0.0301 |
|  Metric/self_state_action_to_state_distance |         0.00458 |
| Metric/cross_state_action_to_state_distance |            2.82 |
|                   Metric/h_lambda_diff_self |         0.00612 |
|                  Metric/h_lambda_diff_cross |          0.0376 |
|                                 Eval/Return |             961 |
-----------------------------------------------------------------
-----------------------------------------------------------------
|                                 Train/Steps |        3.92e+05 |
|                            Loss/Loss_critic |          0.0523 |
|                             Loss/Loss_actor |           -49.7 |
|                             Loss/Loss_alpha |         0.00153 |
|               Loss/Loss_state_action_metric |            2.27 |
|                      Loss/Loss_state_metric |           0.887 |
|             Loss/Loss_state_action_to_state |          0.0034 |
|                           Loss/Act_rep_loss |         0.00648 |
|                                   SAC/Alpha |         0.00814 |
|                              SAC/LogPi_mean |            2.85 |
|                                 SAC/Q1_mean |            49.6 |
|                                 SAC/Q2_mean |            49.7 |
|                            Norm/actor_model |            64.2 |
|                           Norm/critic_model |            68.1 |
|              Norm/state_action_metric_model |            41.1 |
|                     Norm/state_metric_model |            39.5 |
|        Norm/state_action_state_metric_model |            40.5 |
|                  Metric/self_state_distance |         0.00192 |
|                 Metric/cross_state_distance |            2.42 |
|           Metric/self_state_action_distance |         0.00655 |
|          Metric/cross_state_action_distance |            2.67 |
|             Metric/avg_self_state_asymmetry |               0 |
|            Metric/avg_cross_state_asymmetry |          0.0172 |
|                Metric/avg_self_sa_asymmetry |               0 |
|               Metric/avg_cross_sa_asymmetry |          0.0252 |
|  Metric/self_state_action_to_state_distance |         0.00256 |
| Metric/cross_state_action_to_state_distance |            2.64 |
|                   Metric/h_lambda_diff_self |         0.00567 |
|                  Metric/h_lambda_diff_cross |           0.042 |
|                                 Eval/Return |             974 |
-----------------------------------------------------------------
-----------------------------------------------------------------
|                                 Train/Steps |         5.2e+05 |
|                            Loss/Loss_critic |          0.0621 |
|                             Loss/Loss_actor |           -61.9 |
|                             Loss/Loss_alpha |        0.000771 |
|               Loss/Loss_state_action_metric |            2.26 |
|                      Loss/Loss_state_metric |            0.88 |
|             Loss/Loss_state_action_to_state |         0.00287 |
|                           Loss/Act_rep_loss |          0.0123 |
|                                   SAC/Alpha |          0.0062 |
|                              SAC/LogPi_mean |            2.81 |
|                                 SAC/Q1_mean |            61.8 |
|                                 SAC/Q2_mean |            61.8 |
|                            Norm/actor_model |            71.7 |
|                           Norm/critic_model |            75.4 |
|              Norm/state_action_metric_model |            46.3 |
|                     Norm/state_metric_model |              44 |
|        Norm/state_action_state_metric_model |            45.3 |
|                  Metric/self_state_distance |         0.00328 |
|                 Metric/cross_state_distance |            2.36 |
|           Metric/self_state_action_distance |         0.00455 |
|          Metric/cross_state_action_distance |            2.58 |
|             Metric/avg_self_state_asymmetry |               0 |
|            Metric/avg_cross_state_asymmetry |          0.0186 |
|                Metric/avg_self_sa_asymmetry |               0 |
|               Metric/avg_cross_sa_asymmetry |           0.023 |
|  Metric/self_state_action_to_state_distance |         0.00652 |
| Metric/cross_state_action_to_state_distance |            2.58 |
|                   Metric/h_lambda_diff_self |         0.00562 |
|                  Metric/h_lambda_diff_cross |          0.0313 |
|                                 Eval/Return |             969 |
-----------------------------------------------------------------
-----------------------------------------------------------------
|                                 Train/Steps |        6.48e+05 |
|                            Loss/Loss_critic |          0.0711 |
|                             Loss/Loss_actor |           -71.2 |
|                             Loss/Loss_alpha |        0.000514 |
|               Loss/Loss_state_action_metric |             1.6 |
|                      Loss/Loss_state_metric |           0.623 |
|             Loss/Loss_state_action_to_state |         0.00273 |
|                           Loss/Act_rep_loss |          0.0165 |
|                                   SAC/Alpha |         0.00469 |
|                              SAC/LogPi_mean |            3.02 |
|                                 SAC/Q1_mean |            71.1 |
|                                 SAC/Q2_mean |            71.1 |
|                            Norm/actor_model |            77.6 |
|                           Norm/critic_model |            81.8 |
|              Norm/state_action_metric_model |            51.3 |
|                     Norm/state_metric_model |            48.8 |
|        Norm/state_action_state_metric_model |            50.1 |
|                  Metric/self_state_distance |         0.00313 |
|                 Metric/cross_state_distance |               2 |
|           Metric/self_state_action_distance |         0.00415 |
|          Metric/cross_state_action_distance |            2.15 |
|             Metric/avg_self_state_asymmetry |               0 |
|            Metric/avg_cross_state_asymmetry |          0.0214 |
|                Metric/avg_self_sa_asymmetry |               0 |
|               Metric/avg_cross_sa_asymmetry |          0.0229 |
|  Metric/self_state_action_to_state_distance |        0.000828 |
| Metric/cross_state_action_to_state_distance |            2.15 |
|                   Metric/h_lambda_diff_self |          0.0034 |
|                  Metric/h_lambda_diff_cross |          0.0316 |
|                                 Eval/Return |             975 |
-----------------------------------------------------------------
-----------------------------------------------------------------
|                                 Train/Steps |        7.76e+05 |
|                            Loss/Loss_critic |          0.0828 |
|                             Loss/Loss_actor |           -78.3 |
|                             Loss/Loss_alpha |        0.000638 |
|               Loss/Loss_state_action_metric |            1.57 |
|                      Loss/Loss_state_metric |           0.599 |
|             Loss/Loss_state_action_to_state |         0.00248 |
|                           Loss/Act_rep_loss |          0.0122 |
|                                   SAC/Alpha |         0.00417 |
|                              SAC/LogPi_mean |            2.86 |
|                                 SAC/Q1_mean |            78.2 |
|                                 SAC/Q2_mean |            78.3 |
|                            Norm/actor_model |            82.9 |
|                           Norm/critic_model |            87.5 |
|              Norm/state_action_metric_model |            56.2 |
|                     Norm/state_metric_model |            53.6 |
|        Norm/state_action_state_metric_model |            54.9 |
|                  Metric/self_state_distance |          0.0107 |
|                 Metric/cross_state_distance |            1.95 |
|           Metric/self_state_action_distance |         0.00212 |
|          Metric/cross_state_action_distance |             2.1 |
|             Metric/avg_self_state_asymmetry |               0 |
|            Metric/avg_cross_state_asymmetry |          0.0147 |
|                Metric/avg_self_sa_asymmetry |               0 |
|               Metric/avg_cross_sa_asymmetry |          0.0214 |
|  Metric/self_state_action_to_state_distance |         0.00678 |
| Metric/cross_state_action_to_state_distance |            2.09 |
|                   Metric/h_lambda_diff_self |         0.00662 |
|                  Metric/h_lambda_diff_cross |          0.0262 |
|                                 Eval/Return |             979 |
-----------------------------------------------------------------
-----------------------------------------------------------------
|                                 Train/Steps |        9.04e+05 |
|                            Loss/Loss_critic |          0.0451 |
|                             Loss/Loss_actor |           -83.1 |
|                             Loss/Loss_alpha |         0.00177 |
|               Loss/Loss_state_action_metric |            1.37 |
|                      Loss/Loss_state_metric |           0.492 |
|             Loss/Loss_state_action_to_state |          0.0044 |
|                           Loss/Act_rep_loss |          0.0161 |
|                                   SAC/Alpha |         0.00393 |
|                              SAC/LogPi_mean |             2.5 |
|                                 SAC/Q1_mean |            83.1 |
|                                 SAC/Q2_mean |            83.1 |
|                            Norm/actor_model |            87.4 |
|                           Norm/critic_model |            92.6 |
|              Norm/state_action_metric_model |            60.7 |
|                     Norm/state_metric_model |            58.2 |
|        Norm/state_action_state_metric_model |            59.5 |
|                  Metric/self_state_distance |        0.000849 |
|                 Metric/cross_state_distance |             1.8 |
|           Metric/self_state_action_distance |         0.00692 |
|          Metric/cross_state_action_distance |            1.95 |
|             Metric/avg_self_state_asymmetry |               0 |
|            Metric/avg_cross_state_asymmetry |          0.0151 |
|                Metric/avg_self_sa_asymmetry |               0 |
|               Metric/avg_cross_sa_asymmetry |          0.0172 |
|  Metric/self_state_action_to_state_distance |        0.000703 |
| Metric/cross_state_action_to_state_distance |            1.94 |
|                   Metric/h_lambda_diff_self |         0.00635 |
|                  Metric/h_lambda_diff_cross |          0.0247 |
|                                 Eval/Return |             979 |
-----------------------------------------------------------------
-----------------------------------------------------------------
|                                 Train/Steps |        1.03e+06 |
|                            Loss/Loss_critic |          0.0838 |
|                             Loss/Loss_actor |           -86.2 |
|                             Loss/Loss_alpha |        -0.00102 |
|               Loss/Loss_state_action_metric |            1.37 |
|                      Loss/Loss_state_metric |           0.519 |
|             Loss/Loss_state_action_to_state |         0.00242 |
|                           Loss/Act_rep_loss |         0.00561 |
|                                   SAC/Alpha |         0.00352 |
|                              SAC/LogPi_mean |             3.3 |
|                                 SAC/Q1_mean |            86.2 |
|                                 SAC/Q2_mean |            86.1 |
|                            Norm/actor_model |            91.5 |
|                           Norm/critic_model |            97.7 |
|              Norm/state_action_metric_model |              65 |
|                     Norm/state_metric_model |              63 |
|        Norm/state_action_state_metric_model |              64 |
|                  Metric/self_state_distance |         0.00286 |
|                 Metric/cross_state_distance |            1.85 |
|           Metric/self_state_action_distance |         0.00192 |
|          Metric/cross_state_action_distance |            1.97 |
|             Metric/avg_self_state_asymmetry |               0 |
|            Metric/avg_cross_state_asymmetry |          0.0156 |
|                Metric/avg_self_sa_asymmetry |               0 |
|               Metric/avg_cross_sa_asymmetry |          0.0193 |
|  Metric/self_state_action_to_state_distance |        0.000355 |
| Metric/cross_state_action_to_state_distance |            1.96 |
|                   Metric/h_lambda_diff_self |         0.00163 |
|                  Metric/h_lambda_diff_cross |          0.0236 |
|                                 Eval/Return |             978 |
-----------------------------------------------------------------
[32mSaving model …[0m
[32mDone.[0m
[32mSaving model …[0m
[32mDone.[0m
-----------------------------------------------------------------
|                                 Train/Steps |        1.16e+06 |
|                            Loss/Loss_critic |          0.0316 |
|                             Loss/Loss_actor |           -89.5 |
|                             Loss/Loss_alpha |         0.00134 |
|               Loss/Loss_state_action_metric |            1.05 |
|                      Loss/Loss_state_metric |           0.404 |
|             Loss/Loss_state_action_to_state |         0.00215 |
|                           Loss/Act_rep_loss |          0.0212 |
|                                   SAC/Alpha |         0.00323 |
|                              SAC/LogPi_mean |            2.47 |
|                                 SAC/Q1_mean |            89.4 |
|                                 SAC/Q2_mean |            89.4 |
|                            Norm/actor_model |            95.2 |
|                           Norm/critic_model |             102 |
|              Norm/state_action_metric_model |            68.9 |
|                     Norm/state_metric_model |            67.5 |
|        Norm/state_action_state_metric_model |            68.3 |
|                  Metric/self_state_distance |         0.00231 |
|                 Metric/cross_state_distance |            1.66 |
|           Metric/self_state_action_distance |         0.00394 |
|          Metric/cross_state_action_distance |            1.77 |
|             Metric/avg_self_state_asymmetry |               0 |
|            Metric/avg_cross_state_asymmetry |          0.0134 |
|                Metric/avg_self_sa_asymmetry |               0 |
|               Metric/avg_cross_sa_asymmetry |          0.0162 |
|  Metric/self_state_action_to_state_distance |         0.00272 |
| Metric/cross_state_action_to_state_distance |            1.77 |
|                   Metric/h_lambda_diff_self |         0.00347 |
|                  Metric/h_lambda_diff_cross |           0.018 |
|                                 Eval/Return |             977 |
-----------------------------------------------------------------
-----------------------------------------------------------------
|                                 Train/Steps |        1.29e+06 |
|                            Loss/Loss_critic |          0.0641 |
|                             Loss/Loss_actor |           -90.4 |
|                             Loss/Loss_alpha |         -0.0021 |
|               Loss/Loss_state_action_metric |            1.17 |
|                      Loss/Loss_state_metric |           0.459 |
|             Loss/Loss_state_action_to_state |         0.00288 |
|                           Loss/Act_rep_loss |          0.0128 |
|                                   SAC/Alpha |         0.00275 |
|                              SAC/LogPi_mean |            3.76 |
|                                 SAC/Q1_mean |            90.5 |
|                                 SAC/Q2_mean |            90.4 |
|                            Norm/actor_model |            98.5 |
|                           Norm/critic_model |             107 |
|              Norm/state_action_metric_model |            72.6 |
|                     Norm/state_metric_model |            72.2 |
|        Norm/state_action_state_metric_model |            72.5 |
|                  Metric/self_state_distance |         0.00606 |
|                 Metric/cross_state_distance |            1.74 |
|           Metric/self_state_action_distance |         0.00216 |
|          Metric/cross_state_action_distance |            1.85 |
|             Metric/avg_self_state_asymmetry |               0 |
|            Metric/avg_cross_state_asymmetry |           0.017 |
|                Metric/avg_self_sa_asymmetry |               0 |
|               Metric/avg_cross_sa_asymmetry |          0.0203 |
|  Metric/self_state_action_to_state_distance |         0.00391 |
| Metric/cross_state_action_to_state_distance |            1.85 |
|                   Metric/h_lambda_diff_self |          0.0033 |
|                  Metric/h_lambda_diff_cross |          0.0197 |
|                                 Eval/Return |             979 |
-----------------------------------------------------------------
-----------------------------------------------------------------
|                                 Train/Steps |        1.42e+06 |
|                            Loss/Loss_critic |           0.042 |
|                             Loss/Loss_actor |           -92.9 |
|                             Loss/Loss_alpha |        0.000502 |
|               Loss/Loss_state_action_metric |           0.929 |
|                      Loss/Loss_state_metric |           0.358 |
|             Loss/Loss_state_action_to_state |         0.00157 |
|                           Loss/Act_rep_loss |          0.0196 |
|                                   SAC/Alpha |          0.0025 |
|                              SAC/LogPi_mean |            2.88 |
|                                 SAC/Q1_mean |            92.9 |
|                                 SAC/Q2_mean |            92.9 |
|                            Norm/actor_model |             102 |
|                           Norm/critic_model |             111 |
|              Norm/state_action_metric_model |            76.4 |
|                     Norm/state_metric_model |            76.6 |
|        Norm/state_action_state_metric_model |            76.4 |
|                  Metric/self_state_distance |        0.000841 |
|                 Metric/cross_state_distance |            1.56 |
|           Metric/self_state_action_distance |         0.00206 |
|          Metric/cross_state_action_distance |            1.68 |
|             Metric/avg_self_state_asymmetry |               0 |
|            Metric/avg_cross_state_asymmetry |          0.0139 |
|                Metric/avg_self_sa_asymmetry |               0 |
|               Metric/avg_cross_sa_asymmetry |           0.018 |
|  Metric/self_state_action_to_state_distance |        0.000639 |
| Metric/cross_state_action_to_state_distance |            1.67 |
|                   Metric/h_lambda_diff_self |         0.00164 |
|                  Metric/h_lambda_diff_cross |          0.0209 |
|                                 Eval/Return |             984 |
-----------------------------------------------------------------
-----------------------------------------------------------------
|                                 Train/Steps |        1.54e+06 |
|                            Loss/Loss_critic |          0.0581 |
|                             Loss/Loss_actor |           -93.6 |
|                             Loss/Loss_alpha |         0.00104 |
|               Loss/Loss_state_action_metric |           0.961 |
|                      Loss/Loss_state_metric |            0.37 |
|             Loss/Loss_state_action_to_state |         0.00238 |
|                           Loss/Act_rep_loss |          0.0278 |
|                                   SAC/Alpha |          0.0024 |
|                              SAC/LogPi_mean |            2.79 |
|                                 SAC/Q1_mean |            93.5 |
|                                 SAC/Q2_mean |            93.6 |
|                            Norm/actor_model |             105 |
|                           Norm/critic_model |             115 |
|              Norm/state_action_metric_model |            79.9 |
|                     Norm/state_metric_model |              81 |
|        Norm/state_action_state_metric_model |            80.2 |
|                  Metric/self_state_distance |         0.00107 |
|                 Metric/cross_state_distance |            1.58 |
|           Metric/self_state_action_distance |         0.00201 |
|          Metric/cross_state_action_distance |            1.67 |
|             Metric/avg_self_state_asymmetry |               0 |
|            Metric/avg_cross_state_asymmetry |          0.0143 |
|                Metric/avg_self_sa_asymmetry |               0 |
|               Metric/avg_cross_sa_asymmetry |          0.0187 |
|  Metric/self_state_action_to_state_distance |           0.003 |
| Metric/cross_state_action_to_state_distance |            1.67 |
|                   Metric/h_lambda_diff_self |         0.00297 |
|                  Metric/h_lambda_diff_cross |          0.0185 |
|                                 Eval/Return |             981 |
-----------------------------------------------------------------
-----------------------------------------------------------------
|                                 Train/Steps |        1.67e+06 |
|                            Loss/Loss_critic |          0.0286 |
|                             Loss/Loss_actor |           -94.6 |
|                             Loss/Loss_alpha |        0.000961 |
|               Loss/Loss_state_action_metric |           0.915 |
|                      Loss/Loss_state_metric |           0.348 |
|             Loss/Loss_state_action_to_state |          0.0014 |
|                           Loss/Act_rep_loss |          0.0154 |
|                                   SAC/Alpha |         0.00234 |
|                              SAC/LogPi_mean |            2.49 |
|                                 SAC/Q1_mean |            94.6 |
|                                 SAC/Q2_mean |            94.6 |
|                            Norm/actor_model |             108 |
|                           Norm/critic_model |             119 |
|              Norm/state_action_metric_model |            83.4 |
|                     Norm/state_metric_model |            84.9 |
|        Norm/state_action_state_metric_model |            83.9 |
|                  Metric/self_state_distance |         0.00138 |
|                 Metric/cross_state_distance |            1.54 |
|           Metric/self_state_action_distance |         0.00161 |
|          Metric/cross_state_action_distance |            1.65 |
|             Metric/avg_self_state_asymmetry |               0 |
|            Metric/avg_cross_state_asymmetry |          0.0106 |
|                Metric/avg_self_sa_asymmetry |               0 |
|               Metric/avg_cross_sa_asymmetry |          0.0129 |
|  Metric/self_state_action_to_state_distance |         0.00051 |
| Metric/cross_state_action_to_state_distance |            1.63 |
|                   Metric/h_lambda_diff_self |         0.00156 |
|                  Metric/h_lambda_diff_cross |           0.025 |
|                                 Eval/Return |             983 |
-----------------------------------------------------------------
-----------------------------------------------------------------
|                                 Train/Steps |         1.8e+06 |
|                            Loss/Loss_critic |          0.0453 |
|                             Loss/Loss_actor |           -95.4 |
|                             Loss/Loss_alpha |        9.02e-05 |
|               Loss/Loss_state_action_metric |           0.851 |
|                      Loss/Loss_state_metric |           0.332 |
|             Loss/Loss_state_action_to_state |         0.00167 |
|                           Loss/Act_rep_loss |          0.0186 |
|                                   SAC/Alpha |         0.00239 |
|                              SAC/LogPi_mean |            3.01 |
|                                 SAC/Q1_mean |            95.4 |
|                                 SAC/Q2_mean |            95.3 |
|                            Norm/actor_model |             111 |
|                           Norm/critic_model |             123 |
|              Norm/state_action_metric_model |            86.7 |
|                     Norm/state_metric_model |            88.9 |
|        Norm/state_action_state_metric_model |            87.3 |
|                  Metric/self_state_distance |         0.00119 |
|                 Metric/cross_state_distance |            1.53 |
|           Metric/self_state_action_distance |         0.00409 |
|          Metric/cross_state_action_distance |            1.61 |
|             Metric/avg_self_state_asymmetry |               0 |
|            Metric/avg_cross_state_asymmetry |          0.0144 |
|                Metric/avg_self_sa_asymmetry |               0 |
|               Metric/avg_cross_sa_asymmetry |          0.0157 |
|  Metric/self_state_action_to_state_distance |         0.00321 |
| Metric/cross_state_action_to_state_distance |            1.61 |
|                   Metric/h_lambda_diff_self |         0.00398 |
|                  Metric/h_lambda_diff_cross |          0.0136 |
|                                 Eval/Return |             980 |
-----------------------------------------------------------------
-----------------------------------------------------------------
|                                 Train/Steps |        1.93e+06 |
|                            Loss/Loss_critic |          0.0497 |
|                             Loss/Loss_actor |           -95.7 |
|                             Loss/Loss_alpha |       -0.000202 |
|               Loss/Loss_state_action_metric |            1.05 |
|                      Loss/Loss_state_metric |           0.369 |
|             Loss/Loss_state_action_to_state |          0.0012 |
|                           Loss/Act_rep_loss |          0.0185 |
|                                   SAC/Alpha |          0.0019 |
|                              SAC/LogPi_mean |            3.06 |
|                                 SAC/Q1_mean |            95.7 |
|                                 SAC/Q2_mean |            95.7 |
|                            Norm/actor_model |             113 |
|                           Norm/critic_model |             127 |
|              Norm/state_action_metric_model |            89.9 |
|                     Norm/state_metric_model |            92.5 |
|        Norm/state_action_state_metric_model |            90.7 |
|                  Metric/self_state_distance |          0.0101 |
|                 Metric/cross_state_distance |            1.57 |
|           Metric/self_state_action_distance |         0.00141 |
|          Metric/cross_state_action_distance |            1.68 |
|             Metric/avg_self_state_asymmetry |               0 |
|            Metric/avg_cross_state_asymmetry |          0.0127 |
|                Metric/avg_self_sa_asymmetry |               0 |
|               Metric/avg_cross_sa_asymmetry |          0.0143 |
|  Metric/self_state_action_to_state_distance |         0.00105 |
| Metric/cross_state_action_to_state_distance |            1.67 |
|                   Metric/h_lambda_diff_self |         0.00149 |
|                  Metric/h_lambda_diff_cross |          0.0184 |
|                                 Eval/Return |             980 |
-----------------------------------------------------------------
-----------------------------------------------------------------
|                                 Train/Steps |        2.06e+06 |
|                            Loss/Loss_critic |          0.0321 |
|                             Loss/Loss_actor |           -96.3 |
|                             Loss/Loss_alpha |        0.000228 |
|               Loss/Loss_state_action_metric |           0.741 |
|                      Loss/Loss_state_metric |           0.288 |
|             Loss/Loss_state_action_to_state |          0.0018 |
|                           Loss/Act_rep_loss |          0.0186 |
|                                   SAC/Alpha |         0.00218 |
|                              SAC/LogPi_mean |            2.96 |
|                                 SAC/Q1_mean |            96.3 |
|                                 SAC/Q2_mean |            96.3 |
|                            Norm/actor_model |             116 |
|                           Norm/critic_model |             130 |
|              Norm/state_action_metric_model |            93.1 |
|                     Norm/state_metric_model |              96 |
|        Norm/state_action_state_metric_model |              94 |
|                  Metric/self_state_distance |         0.00103 |
|                 Metric/cross_state_distance |            1.45 |
|           Metric/self_state_action_distance |         0.00505 |
|          Metric/cross_state_action_distance |            1.53 |
|             Metric/avg_self_state_asymmetry |               0 |
|            Metric/avg_cross_state_asymmetry |          0.0108 |
|                Metric/avg_self_sa_asymmetry |               0 |
|               Metric/avg_cross_sa_asymmetry |          0.0177 |
|  Metric/self_state_action_to_state_distance |        0.000215 |
| Metric/cross_state_action_to_state_distance |            1.52 |
|                   Metric/h_lambda_diff_self |         0.00487 |
|                  Metric/h_lambda_diff_cross |          0.0175 |
|                                 Eval/Return |             983 |
-----------------------------------------------------------------
[32mSaving model …[0m
[32mDone.[0m
[32mSaving model …[0m
[32mDone.[0m
-----------------------------------------------------------------
|                                 Train/Steps |        2.18e+06 |
|                            Loss/Loss_critic |          0.0489 |
|                             Loss/Loss_actor |           -96.3 |
|                             Loss/Loss_alpha |       -0.000362 |
|               Loss/Loss_state_action_metric |            0.83 |
|                      Loss/Loss_state_metric |           0.314 |
|             Loss/Loss_state_action_to_state |         0.00247 |
|                           Loss/Act_rep_loss |          0.0241 |
|                                   SAC/Alpha |         0.00199 |
|                              SAC/LogPi_mean |            3.24 |
|                                 SAC/Q1_mean |            96.3 |
|                                 SAC/Q2_mean |            96.3 |
|                            Norm/actor_model |             118 |
|                           Norm/critic_model |             134 |
|              Norm/state_action_metric_model |            96.1 |
|                     Norm/state_metric_model |            99.4 |
|        Norm/state_action_state_metric_model |            97.3 |
|                  Metric/self_state_distance |         0.00106 |
|                 Metric/cross_state_distance |            1.51 |
|           Metric/self_state_action_distance |         0.00212 |
|          Metric/cross_state_action_distance |            1.58 |
|             Metric/avg_self_state_asymmetry |               0 |
|            Metric/avg_cross_state_asymmetry |          0.0113 |
|                Metric/avg_self_sa_asymmetry |               0 |
|               Metric/avg_cross_sa_asymmetry |          0.0167 |
|  Metric/self_state_action_to_state_distance |        0.000852 |
| Metric/cross_state_action_to_state_distance |            1.59 |
|                   Metric/h_lambda_diff_self |         0.00169 |
|                  Metric/h_lambda_diff_cross |          0.0171 |
|                                 Eval/Return |             985 |
-----------------------------------------------------------------
-----------------------------------------------------------------
|                                 Train/Steps |        2.31e+06 |
|                            Loss/Loss_critic |          0.0375 |
|                             Loss/Loss_actor |           -96.5 |
|                             Loss/Loss_alpha |        -0.00037 |
|               Loss/Loss_state_action_metric |           0.928 |
|                      Loss/Loss_state_metric |           0.331 |
|             Loss/Loss_state_action_to_state |         0.00189 |
|                           Loss/Act_rep_loss |          0.0162 |
|                                   SAC/Alpha |         0.00162 |
|                              SAC/LogPi_mean |            3.48 |
|                                 SAC/Q1_mean |            96.5 |
|                                 SAC/Q2_mean |            96.5 |
|                            Norm/actor_model |             121 |
|                           Norm/critic_model |             137 |
|              Norm/state_action_metric_model |            99.1 |
|                     Norm/state_metric_model |             103 |
|        Norm/state_action_state_metric_model |             101 |
|                  Metric/self_state_distance |         0.00131 |
|                 Metric/cross_state_distance |            1.52 |
|           Metric/self_state_action_distance |         0.00222 |
|          Metric/cross_state_action_distance |            1.61 |
|             Metric/avg_self_state_asymmetry |               0 |
|            Metric/avg_cross_state_asymmetry |          0.0118 |
|                Metric/avg_self_sa_asymmetry |               0 |
|               Metric/avg_cross_sa_asymmetry |           0.016 |
|  Metric/self_state_action_to_state_distance |        0.000111 |
| Metric/cross_state_action_to_state_distance |            1.59 |
|                   Metric/h_lambda_diff_self |         0.00213 |
|                  Metric/h_lambda_diff_cross |           0.025 |
|                                 Eval/Return |             976 |
-----------------------------------------------------------------
-----------------------------------------------------------------
|                                 Train/Steps |        2.44e+06 |
|                            Loss/Loss_critic |          0.0341 |
|                             Loss/Loss_actor |           -97.8 |
|                             Loss/Loss_alpha |         0.00136 |
|               Loss/Loss_state_action_metric |           0.318 |
|                      Loss/Loss_state_metric |           0.125 |
|             Loss/Loss_state_action_to_state |         0.00134 |
|                           Loss/Act_rep_loss |          0.0258 |
|                                   SAC/Alpha |         0.00176 |
|                              SAC/LogPi_mean |            2.32 |
|                                 SAC/Q1_mean |            97.9 |
|                                 SAC/Q2_mean |            97.7 |
|                            Norm/actor_model |             123 |
|                           Norm/critic_model |             141 |
|              Norm/state_action_metric_model |             102 |
|                     Norm/state_metric_model |             106 |
|        Norm/state_action_state_metric_model |             103 |
|                  Metric/self_state_distance |         0.00014 |
|                 Metric/cross_state_distance |             1.2 |
|           Metric/self_state_action_distance |         0.00162 |
|          Metric/cross_state_action_distance |            1.24 |
|             Metric/avg_self_state_asymmetry |               0 |
|            Metric/avg_cross_state_asymmetry |         0.00933 |
|                Metric/avg_self_sa_asymmetry |               0 |
|               Metric/avg_cross_sa_asymmetry |          0.0109 |
|  Metric/self_state_action_to_state_distance |         0.00256 |
| Metric/cross_state_action_to_state_distance |            1.23 |
|                   Metric/h_lambda_diff_self |         0.00232 |
|                  Metric/h_lambda_diff_cross |          0.0135 |
|                                 Eval/Return |             981 |
-----------------------------------------------------------------
-----------------------------------------------------------------
|                                 Train/Steps |        2.57e+06 |
|                            Loss/Loss_critic |          0.0513 |
|                             Loss/Loss_actor |           -97.3 |
|                             Loss/Loss_alpha |       -0.000722 |
|               Loss/Loss_state_action_metric |           0.731 |
|                      Loss/Loss_state_metric |           0.267 |
|             Loss/Loss_state_action_to_state |         0.00119 |
|                           Loss/Act_rep_loss |          0.0295 |
|                                   SAC/Alpha |         0.00191 |
|                              SAC/LogPi_mean |            3.07 |
|                                 SAC/Q1_mean |            97.4 |
|                                 SAC/Q2_mean |            97.3 |
|                            Norm/actor_model |             125 |
|                           Norm/critic_model |             144 |
|              Norm/state_action_metric_model |             105 |
|                     Norm/state_metric_model |             109 |
|        Norm/state_action_state_metric_model |             107 |
|                  Metric/self_state_distance |        0.000534 |
|                 Metric/cross_state_distance |            1.39 |
|           Metric/self_state_action_distance |         0.00113 |
|          Metric/cross_state_action_distance |            1.46 |
|             Metric/avg_self_state_asymmetry |               0 |
|            Metric/avg_cross_state_asymmetry |         0.00893 |
|                Metric/avg_self_sa_asymmetry |               0 |
|               Metric/avg_cross_sa_asymmetry |          0.0127 |
|  Metric/self_state_action_to_state_distance |          0.0002 |
| Metric/cross_state_action_to_state_distance |            1.46 |
|                   Metric/h_lambda_diff_self |         0.00103 |
|                  Metric/h_lambda_diff_cross |          0.0119 |
|                                 Eval/Return |             978 |
-----------------------------------------------------------------
-----------------------------------------------------------------
|                                 Train/Steps |         2.7e+06 |
|                            Loss/Loss_critic |          0.0253 |
|                             Loss/Loss_actor |           -97.5 |
|                             Loss/Loss_alpha |        0.000114 |
|               Loss/Loss_state_action_metric |           0.612 |
|                      Loss/Loss_state_metric |           0.227 |
|             Loss/Loss_state_action_to_state |         0.00175 |
|                           Loss/Act_rep_loss |          0.0256 |
|                                   SAC/Alpha |         0.00171 |
|                              SAC/LogPi_mean |            2.96 |
|                                 SAC/Q1_mean |            97.5 |
|                                 SAC/Q2_mean |            97.5 |
|                            Norm/actor_model |             127 |
|                           Norm/critic_model |             148 |
|              Norm/state_action_metric_model |             108 |
|                     Norm/state_metric_model |             112 |
|        Norm/state_action_state_metric_model |             110 |
|                  Metric/self_state_distance |         0.00414 |
|                 Metric/cross_state_distance |            1.37 |
|           Metric/self_state_action_distance |         0.00378 |
|          Metric/cross_state_action_distance |            1.42 |
|             Metric/avg_self_state_asymmetry |               0 |
|            Metric/avg_cross_state_asymmetry |          0.0105 |
|                Metric/avg_self_sa_asymmetry |               0 |
|               Metric/avg_cross_sa_asymmetry |          0.0143 |
|  Metric/self_state_action_to_state_distance |        0.000986 |
| Metric/cross_state_action_to_state_distance |            1.42 |
|                   Metric/h_lambda_diff_self |         0.00304 |
|                  Metric/h_lambda_diff_cross |          0.0132 |
|                                 Eval/Return |             985 |
-----------------------------------------------------------------
-----------------------------------------------------------------
|                                 Train/Steps |        2.82e+06 |
|                            Loss/Loss_critic |          0.0356 |
|                             Loss/Loss_actor |           -97.6 |
|                             Loss/Loss_alpha |        0.000186 |
|               Loss/Loss_state_action_metric |            0.57 |
|                      Loss/Loss_state_metric |           0.219 |
|             Loss/Loss_state_action_to_state |         0.00162 |
|                           Loss/Act_rep_loss |          0.0181 |
|                                   SAC/Alpha |         0.00154 |
|                              SAC/LogPi_mean |            2.84 |
|                                 SAC/Q1_mean |            97.6 |
|                                 SAC/Q2_mean |            97.6 |
|                            Norm/actor_model |             129 |
|                           Norm/critic_model |             151 |
|              Norm/state_action_metric_model |             110 |
|                     Norm/state_metric_model |             115 |
|        Norm/state_action_state_metric_model |             113 |
|                  Metric/self_state_distance |         0.00194 |
|                 Metric/cross_state_distance |            1.36 |
|           Metric/self_state_action_distance |         0.00298 |
|          Metric/cross_state_action_distance |             1.4 |
|             Metric/avg_self_state_asymmetry |               0 |
|            Metric/avg_cross_state_asymmetry |         0.00943 |
|                Metric/avg_self_sa_asymmetry |               0 |
|               Metric/avg_cross_sa_asymmetry |          0.0171 |
|  Metric/self_state_action_to_state_distance |        0.000291 |
| Metric/cross_state_action_to_state_distance |            1.41 |
|                   Metric/h_lambda_diff_self |         0.00281 |
|                  Metric/h_lambda_diff_cross |          0.0169 |
|                                 Eval/Return |             984 |
-----------------------------------------------------------------
-----------------------------------------------------------------
|                                 Train/Steps |        2.95e+06 |
|                            Loss/Loss_critic |          0.0629 |
|                             Loss/Loss_actor |           -97.3 |
|                             Loss/Loss_alpha |       -0.000714 |
|               Loss/Loss_state_action_metric |           0.671 |
|                      Loss/Loss_state_metric |            0.25 |
|             Loss/Loss_state_action_to_state |         0.00485 |
|                           Loss/Act_rep_loss |           0.029 |
|                                   SAC/Alpha |         0.00154 |
|                              SAC/LogPi_mean |            3.29 |
|                                 SAC/Q1_mean |            97.3 |
|                                 SAC/Q2_mean |            97.3 |
|                            Norm/actor_model |             131 |
|                           Norm/critic_model |             154 |
|              Norm/state_action_metric_model |             113 |
|                     Norm/state_metric_model |             117 |
|        Norm/state_action_state_metric_model |             115 |
|                  Metric/self_state_distance |        0.000763 |
|                 Metric/cross_state_distance |             1.4 |
|           Metric/self_state_action_distance |          0.0021 |
|          Metric/cross_state_action_distance |            1.48 |
|             Metric/avg_self_state_asymmetry |               0 |
|            Metric/avg_cross_state_asymmetry |          0.0113 |
|                Metric/avg_self_sa_asymmetry |               0 |
|               Metric/avg_cross_sa_asymmetry |          0.0148 |
|  Metric/self_state_action_to_state_distance |        0.000863 |
| Metric/cross_state_action_to_state_distance |            1.48 |
|                   Metric/h_lambda_diff_self |         0.00171 |
|                  Metric/h_lambda_diff_cross |          0.0174 |
|                                 Eval/Return |             985 |
-----------------------------------------------------------------
-----------------------------------------------------------------
|                                 Train/Steps |        3.08e+06 |
|                            Loss/Loss_critic |          0.0383 |
|                             Loss/Loss_actor |           -97.5 |
|                             Loss/Loss_alpha |        -0.00056 |
|               Loss/Loss_state_action_metric |           0.623 |
|                      Loss/Loss_state_metric |           0.233 |
|             Loss/Loss_state_action_to_state |         0.00142 |
|                           Loss/Act_rep_loss |           0.026 |
|                                   SAC/Alpha |         0.00148 |
|                              SAC/LogPi_mean |            3.36 |
|                                 SAC/Q1_mean |            97.5 |
|                                 SAC/Q2_mean |            97.5 |
|                            Norm/actor_model |             133 |
|                           Norm/critic_model |             157 |
|              Norm/state_action_metric_model |             116 |
|                     Norm/state_metric_model |             120 |
|        Norm/state_action_state_metric_model |             118 |
|                  Metric/self_state_distance |        0.000926 |
|                 Metric/cross_state_distance |            1.38 |
|           Metric/self_state_action_distance |        0.000638 |
|          Metric/cross_state_action_distance |            1.43 |
|             Metric/avg_self_state_asymmetry |               0 |
|            Metric/avg_cross_state_asymmetry |         0.00992 |
|                Metric/avg_self_sa_asymmetry |               0 |
|               Metric/avg_cross_sa_asymmetry |          0.0144 |
|  Metric/self_state_action_to_state_distance |        0.000184 |
| Metric/cross_state_action_to_state_distance |            1.42 |
|                   Metric/h_lambda_diff_self |        0.000565 |
|                  Metric/h_lambda_diff_cross |          0.0174 |
|                                 Eval/Return |             981 |
-----------------------------------------------------------------
[32mSaving model …[0m
[32mDone.[0m
[32mSaving model …[0m
[32mDone.[0m
-----------------------------------------------------------------
|                                 Train/Steps |        3.21e+06 |
|                            Loss/Loss_critic |          0.0354 |
|                             Loss/Loss_actor |           -97.8 |
|                             Loss/Loss_alpha |       -9.27e-06 |
|               Loss/Loss_state_action_metric |           0.451 |
|                      Loss/Loss_state_metric |           0.174 |
|             Loss/Loss_state_action_to_state |         0.00229 |
|                           Loss/Act_rep_loss |           0.033 |
|                                   SAC/Alpha |         0.00132 |
|                              SAC/LogPi_mean |             2.9 |
|                                 SAC/Q1_mean |            97.7 |
|                                 SAC/Q2_mean |            97.8 |
|                            Norm/actor_model |             135 |
|                           Norm/critic_model |             160 |
|              Norm/state_action_metric_model |             118 |
|                     Norm/state_metric_model |             123 |
|        Norm/state_action_state_metric_model |             121 |
|                  Metric/self_state_distance |        0.000207 |
|                 Metric/cross_state_distance |            1.29 |
|           Metric/self_state_action_distance |         0.00119 |
|          Metric/cross_state_action_distance |            1.33 |
|             Metric/avg_self_state_asymmetry |               0 |
|            Metric/avg_cross_state_asymmetry |          0.0111 |
|                Metric/avg_self_sa_asymmetry |               0 |
|               Metric/avg_cross_sa_asymmetry |          0.0125 |
|  Metric/self_state_action_to_state_distance |         0.00108 |
| Metric/cross_state_action_to_state_distance |            1.34 |
|                   Metric/h_lambda_diff_self |         0.00142 |
|                  Metric/h_lambda_diff_cross |          0.0155 |
|                                 Eval/Return |             985 |
-----------------------------------------------------------------
-----------------------------------------------------------------
|                                 Train/Steps |        3.34e+06 |
|                            Loss/Loss_critic |            0.02 |
|                             Loss/Loss_actor |           -97.8 |
|                             Loss/Loss_alpha |        0.000456 |
|               Loss/Loss_state_action_metric |            0.57 |
|                      Loss/Loss_state_metric |           0.224 |
|             Loss/Loss_state_action_to_state |        0.000722 |
|                           Loss/Act_rep_loss |          0.0248 |
|                                   SAC/Alpha |         0.00156 |
|                              SAC/LogPi_mean |            3.03 |
|                                 SAC/Q1_mean |            97.8 |
|                                 SAC/Q2_mean |            97.8 |
|                            Norm/actor_model |             137 |
|                           Norm/critic_model |             163 |
|              Norm/state_action_metric_model |             121 |
|                     Norm/state_metric_model |             125 |
|        Norm/state_action_state_metric_model |             124 |
|                  Metric/self_state_distance |        0.000626 |
|                 Metric/cross_state_distance |            1.34 |
|           Metric/self_state_action_distance |         0.00184 |
|          Metric/cross_state_action_distance |            1.39 |
|             Metric/avg_self_state_asymmetry |               0 |
|            Metric/avg_cross_state_asymmetry |          0.0079 |
|                Metric/avg_self_sa_asymmetry |               0 |
|               Metric/avg_cross_sa_asymmetry |          0.0124 |
|  Metric/self_state_action_to_state_distance |         0.00189 |
| Metric/cross_state_action_to_state_distance |            1.38 |
|                   Metric/h_lambda_diff_self |         0.00205 |
|                  Metric/h_lambda_diff_cross |          0.0166 |
|                                 Eval/Return |             983 |
-----------------------------------------------------------------
-----------------------------------------------------------------
|                                 Train/Steps |        3.46e+06 |
|                            Loss/Loss_critic |          0.0289 |
|                             Loss/Loss_actor |           -98.2 |
|                             Loss/Loss_alpha |        0.000712 |
|               Loss/Loss_state_action_metric |           0.504 |
|                      Loss/Loss_state_metric |           0.199 |
|             Loss/Loss_state_action_to_state |         0.00106 |
|                           Loss/Act_rep_loss |          0.0221 |
|                                   SAC/Alpha |         0.00128 |
|                              SAC/LogPi_mean |            2.47 |
|                                 SAC/Q1_mean |            98.2 |
|                                 SAC/Q2_mean |            98.2 |
|                            Norm/actor_model |             139 |
|                           Norm/critic_model |             166 |
|              Norm/state_action_metric_model |             123 |
|                     Norm/state_metric_model |             128 |
|        Norm/state_action_state_metric_model |             126 |
|                  Metric/self_state_distance |           0.001 |
|                 Metric/cross_state_distance |             1.3 |
|           Metric/self_state_action_distance |          0.0042 |
|          Metric/cross_state_action_distance |            1.34 |
|             Metric/avg_self_state_asymmetry |               0 |
|            Metric/avg_cross_state_asymmetry |         0.00896 |
|                Metric/avg_self_sa_asymmetry |               0 |
|               Metric/avg_cross_sa_asymmetry |         0.00996 |
|  Metric/self_state_action_to_state_distance |        0.000477 |
| Metric/cross_state_action_to_state_distance |            1.33 |
|                   Metric/h_lambda_diff_self |         0.00373 |
|                  Metric/h_lambda_diff_cross |          0.0116 |
|                                 Eval/Return |             982 |
-----------------------------------------------------------------
-----------------------------------------------------------------
|                                 Train/Steps |        3.59e+06 |
|                            Loss/Loss_critic |          0.0444 |
|                             Loss/Loss_actor |           -97.6 |
|                             Loss/Loss_alpha |       -0.000419 |
|               Loss/Loss_state_action_metric |             0.7 |
|                      Loss/Loss_state_metric |           0.263 |
|             Loss/Loss_state_action_to_state |         0.00176 |
|                           Loss/Act_rep_loss |          0.0296 |
|                                   SAC/Alpha |          0.0015 |
|                              SAC/LogPi_mean |            3.34 |
|                                 SAC/Q1_mean |            97.7 |
|                                 SAC/Q2_mean |            97.6 |
|                            Norm/actor_model |             141 |
|                           Norm/critic_model |             169 |
|              Norm/state_action_metric_model |             125 |
|                     Norm/state_metric_model |             131 |
|        Norm/state_action_state_metric_model |             129 |
|                  Metric/self_state_distance |         0.00168 |
|                 Metric/cross_state_distance |            1.42 |
|           Metric/self_state_action_distance |         0.00321 |
|          Metric/cross_state_action_distance |            1.48 |
|             Metric/avg_self_state_asymmetry |               0 |
|            Metric/avg_cross_state_asymmetry |          0.0106 |
|                Metric/avg_self_sa_asymmetry |               0 |
|               Metric/avg_cross_sa_asymmetry |          0.0141 |
|  Metric/self_state_action_to_state_distance |         0.00162 |
| Metric/cross_state_action_to_state_distance |            1.48 |
|                   Metric/h_lambda_diff_self |         0.00289 |
|                  Metric/h_lambda_diff_cross |          0.0144 |
|                                 Eval/Return |             982 |
-----------------------------------------------------------------
-----------------------------------------------------------------
|                                 Train/Steps |        3.72e+06 |
|                            Loss/Loss_critic |          0.0498 |
|                             Loss/Loss_actor |           -97.8 |
|                             Loss/Loss_alpha |        0.000175 |
|               Loss/Loss_state_action_metric |           0.508 |
|                      Loss/Loss_state_metric |           0.188 |
|             Loss/Loss_state_action_to_state |         0.00146 |
|                           Loss/Act_rep_loss |          0.0262 |
|                                   SAC/Alpha |         0.00134 |
|                              SAC/LogPi_mean |            3.05 |
|                                 SAC/Q1_mean |            97.8 |
|                                 SAC/Q2_mean |            97.8 |
|                            Norm/actor_model |             143 |
|                           Norm/critic_model |             171 |
|              Norm/state_action_metric_model |             128 |
|                     Norm/state_metric_model |             133 |
|        Norm/state_action_state_metric_model |             132 |
|                  Metric/self_state_distance |        0.000859 |
|                 Metric/cross_state_distance |            1.31 |
|           Metric/self_state_action_distance |         0.00228 |
|          Metric/cross_state_action_distance |            1.38 |
|             Metric/avg_self_state_asymmetry |               0 |
|            Metric/avg_cross_state_asymmetry |          0.0104 |
|                Metric/avg_self_sa_asymmetry |               0 |
|               Metric/avg_cross_sa_asymmetry |          0.0112 |
|  Metric/self_state_action_to_state_distance |        0.000399 |
| Metric/cross_state_action_to_state_distance |            1.37 |
|                   Metric/h_lambda_diff_self |         0.00203 |
|                  Metric/h_lambda_diff_cross |          0.0162 |
|                                 Eval/Return |             984 |
-----------------------------------------------------------------
-----------------------------------------------------------------
|                                 Train/Steps |        3.85e+06 |
|                            Loss/Loss_critic |          0.0329 |
|                             Loss/Loss_actor |           -98.4 |
|                             Loss/Loss_alpha |        8.58e-05 |
|               Loss/Loss_state_action_metric |           0.401 |
|                      Loss/Loss_state_metric |           0.159 |
|             Loss/Loss_state_action_to_state |         0.00164 |
|                           Loss/Act_rep_loss |           0.032 |
|                                   SAC/Alpha |          0.0013 |
|                              SAC/LogPi_mean |            3.08 |
|                                 SAC/Q1_mean |            98.4 |
|                                 SAC/Q2_mean |            98.4 |
|                            Norm/actor_model |             145 |
|                           Norm/critic_model |             174 |
|              Norm/state_action_metric_model |             130 |
|                     Norm/state_metric_model |             136 |
|        Norm/state_action_state_metric_model |             134 |
|                  Metric/self_state_distance |         0.00294 |
|                 Metric/cross_state_distance |            1.25 |
|           Metric/self_state_action_distance |         0.00164 |
|          Metric/cross_state_action_distance |            1.28 |
|             Metric/avg_self_state_asymmetry |               0 |
|            Metric/avg_cross_state_asymmetry |         0.00773 |
|                Metric/avg_self_sa_asymmetry |               0 |
|               Metric/avg_cross_sa_asymmetry |          0.0115 |
|  Metric/self_state_action_to_state_distance |         0.00337 |
| Metric/cross_state_action_to_state_distance |            1.28 |
|                   Metric/h_lambda_diff_self |         0.00322 |
|                  Metric/h_lambda_diff_cross |          0.0116 |
|                                 Eval/Return |             985 |
-----------------------------------------------------------------
-----------------------------------------------------------------
|                                 Train/Steps |        3.98e+06 |
|                            Loss/Loss_critic |          0.0295 |
|                             Loss/Loss_actor |           -98.1 |
|                             Loss/Loss_alpha |       -5.38e-05 |
|               Loss/Loss_state_action_metric |           0.409 |
|                      Loss/Loss_state_metric |           0.151 |
|             Loss/Loss_state_action_to_state |         0.00183 |
|                           Loss/Act_rep_loss |           0.042 |
|                                   SAC/Alpha |         0.00143 |
|                              SAC/LogPi_mean |            2.96 |
|                                 SAC/Q1_mean |            98.1 |
|                                 SAC/Q2_mean |            98.2 |
|                            Norm/actor_model |             147 |
|                           Norm/critic_model |             177 |
|              Norm/state_action_metric_model |             132 |
|                     Norm/state_metric_model |             138 |
|        Norm/state_action_state_metric_model |             137 |
|                  Metric/self_state_distance |         0.00304 |
|                 Metric/cross_state_distance |            1.25 |
|           Metric/self_state_action_distance |         0.00149 |
|          Metric/cross_state_action_distance |            1.29 |
|             Metric/avg_self_state_asymmetry |               0 |
|            Metric/avg_cross_state_asymmetry |          0.0104 |
|                Metric/avg_self_sa_asymmetry |               0 |
|               Metric/avg_cross_sa_asymmetry |          0.0131 |
|  Metric/self_state_action_to_state_distance |        0.000114 |
| Metric/cross_state_action_to_state_distance |            1.31 |
|                   Metric/h_lambda_diff_self |         0.00143 |
|                  Metric/h_lambda_diff_cross |          0.0256 |
|                                 Eval/Return |             985 |
-----------------------------------------------------------------
-----------------------------------------------------------------
|                                 Train/Steps |         4.1e+06 |
|                            Loss/Loss_critic |          0.0184 |
|                             Loss/Loss_actor |           -98.6 |
|                             Loss/Loss_alpha |       -1.83e-05 |
|               Loss/Loss_state_action_metric |           0.274 |
|                      Loss/Loss_state_metric |           0.106 |
|             Loss/Loss_state_action_to_state |        0.000799 |
|                           Loss/Act_rep_loss |           0.038 |
|                                   SAC/Alpha |          0.0011 |
|                              SAC/LogPi_mean |            3.01 |
|                                 SAC/Q1_mean |            98.6 |
|                                 SAC/Q2_mean |            98.7 |
|                            Norm/actor_model |             149 |
|                           Norm/critic_model |             180 |
|              Norm/state_action_metric_model |             135 |
|                     Norm/state_metric_model |             140 |
|        Norm/state_action_state_metric_model |             139 |
|                  Metric/self_state_distance |          0.0009 |
|                 Metric/cross_state_distance |            1.16 |
|           Metric/self_state_action_distance |         0.00124 |
|          Metric/cross_state_action_distance |            1.17 |
|             Metric/avg_self_state_asymmetry |               0 |
|            Metric/avg_cross_state_asymmetry |         0.00745 |
|                Metric/avg_self_sa_asymmetry |               0 |
|               Metric/avg_cross_sa_asymmetry |          0.0107 |
|  Metric/self_state_action_to_state_distance |        0.000449 |
| Metric/cross_state_action_to_state_distance |            1.18 |
|                   Metric/h_lambda_diff_self |        0.000982 |
|                  Metric/h_lambda_diff_cross |          0.0123 |
|                                 Eval/Return |             985 |
-----------------------------------------------------------------
[32mSaving model …[0m
[32mDone.[0m
[32mSaving model …[0m
[32mDone.[0m
-----------------------------------------------------------------
|                                 Train/Steps |        4.23e+06 |
|                            Loss/Loss_critic |          0.0207 |
|                             Loss/Loss_actor |           -98.9 |
|                             Loss/Loss_alpha |        0.000135 |
|               Loss/Loss_state_action_metric |           0.193 |
|                      Loss/Loss_state_metric |          0.0746 |
|             Loss/Loss_state_action_to_state |        0.000641 |
|                           Loss/Act_rep_loss |           0.042 |
|                                   SAC/Alpha |          0.0011 |
|                              SAC/LogPi_mean |            2.87 |
|                                 SAC/Q1_mean |            98.9 |
|                                 SAC/Q2_mean |            98.9 |
|                            Norm/actor_model |             150 |
|                           Norm/critic_model |             182 |
|              Norm/state_action_metric_model |             137 |
|                     Norm/state_metric_model |             142 |
|        Norm/state_action_state_metric_model |             141 |
|                  Metric/self_state_distance |         0.00144 |
|                 Metric/cross_state_distance |             1.1 |
|           Metric/self_state_action_distance |         0.00198 |
|          Metric/cross_state_action_distance |            1.11 |
|             Metric/avg_self_state_asymmetry |               0 |
|            Metric/avg_cross_state_asymmetry |         0.00516 |
|                Metric/avg_self_sa_asymmetry |               0 |
|               Metric/avg_cross_sa_asymmetry |         0.00602 |
|  Metric/self_state_action_to_state_distance |        0.000148 |
| Metric/cross_state_action_to_state_distance |            1.11 |
|                   Metric/h_lambda_diff_self |         0.00184 |
|                  Metric/h_lambda_diff_cross |         0.00816 |
|                                 Eval/Return |             984 |
-----------------------------------------------------------------
-----------------------------------------------------------------
|                                 Train/Steps |        4.36e+06 |
|                            Loss/Loss_critic |          0.0213 |
|                             Loss/Loss_actor |             -99 |
|                             Loss/Loss_alpha |        0.000109 |
|               Loss/Loss_state_action_metric |           0.165 |
|                      Loss/Loss_state_metric |          0.0623 |
|             Loss/Loss_state_action_to_state |        0.000578 |
|                           Loss/Act_rep_loss |          0.0389 |
|                                   SAC/Alpha |        0.000938 |
|                              SAC/LogPi_mean |            2.96 |
|                                 SAC/Q1_mean |              99 |
|                                 SAC/Q2_mean |            99.1 |
|                            Norm/actor_model |             152 |
|                           Norm/critic_model |             184 |
|              Norm/state_action_metric_model |             139 |
|                     Norm/state_metric_model |             144 |
|        Norm/state_action_state_metric_model |             144 |
|                  Metric/self_state_distance |         0.00038 |
|                 Metric/cross_state_distance |            1.09 |
|           Metric/self_state_action_distance |         0.00215 |
|          Metric/cross_state_action_distance |             1.1 |
|             Metric/avg_self_state_asymmetry |               0 |
|            Metric/avg_cross_state_asymmetry |          0.0054 |
|                Metric/avg_self_sa_asymmetry |               0 |
|               Metric/avg_cross_sa_asymmetry |          0.0085 |
|  Metric/self_state_action_to_state_distance |        0.000481 |
| Metric/cross_state_action_to_state_distance |             1.1 |
|                   Metric/h_lambda_diff_self |         0.00196 |
|                  Metric/h_lambda_diff_cross |          0.0095 |
|                                 Eval/Return |             985 |
-----------------------------------------------------------------
-----------------------------------------------------------------
|                                 Train/Steps |        4.49e+06 |
|                            Loss/Loss_critic |          0.0184 |
|                             Loss/Loss_actor |           -99.3 |
|                             Loss/Loss_alpha |         0.00058 |
|               Loss/Loss_state_action_metric |          0.0673 |
|                      Loss/Loss_state_metric |           0.018 |
|             Loss/Loss_state_action_to_state |        0.000549 |
|                           Loss/Act_rep_loss |          0.0351 |
|                                   SAC/Alpha |        0.000838 |
|                              SAC/LogPi_mean |            2.32 |
|                                 SAC/Q1_mean |            99.4 |
|                                 SAC/Q2_mean |            99.3 |
|                            Norm/actor_model |             154 |
|                           Norm/critic_model |             187 |
|              Norm/state_action_metric_model |             141 |
|                     Norm/state_metric_model |             146 |
|        Norm/state_action_state_metric_model |             146 |
|                  Metric/self_state_distance |         0.00107 |
|                 Metric/cross_state_distance |            1.03 |
|           Metric/self_state_action_distance |          0.0027 |
|          Metric/cross_state_action_distance |            1.03 |
|             Metric/avg_self_state_asymmetry |               0 |
|            Metric/avg_cross_state_asymmetry |         0.00539 |
|                Metric/avg_self_sa_asymmetry |               0 |
|               Metric/avg_cross_sa_asymmetry |         0.00538 |
|  Metric/self_state_action_to_state_distance |          0.0014 |
| Metric/cross_state_action_to_state_distance |            1.02 |
|                   Metric/h_lambda_diff_self |         0.00253 |
|                  Metric/h_lambda_diff_cross |           0.014 |
|                                 Eval/Return |             986 |
-----------------------------------------------------------------
-----------------------------------------------------------------
|                                 Train/Steps |        4.62e+06 |
|                            Loss/Loss_critic |          0.0131 |
|                             Loss/Loss_actor |           -99.1 |
|                             Loss/Loss_alpha |        0.000142 |
|               Loss/Loss_state_action_metric |          0.0946 |
|                      Loss/Loss_state_metric |          0.0367 |
|             Loss/Loss_state_action_to_state |        0.000509 |
|                           Loss/Act_rep_loss |          0.0395 |
|                                   SAC/Alpha |        0.000909 |
|                              SAC/LogPi_mean |            2.82 |
|                                 SAC/Q1_mean |            99.1 |
|                                 SAC/Q2_mean |            99.1 |
|                            Norm/actor_model |             155 |
|                           Norm/critic_model |             189 |
|              Norm/state_action_metric_model |             143 |
|                     Norm/state_metric_model |             148 |
|        Norm/state_action_state_metric_model |             149 |
|                  Metric/self_state_distance |         0.00264 |
|                 Metric/cross_state_distance |            1.05 |
|           Metric/self_state_action_distance |        0.000975 |
|          Metric/cross_state_action_distance |            1.07 |
|             Metric/avg_self_state_asymmetry |               0 |
|            Metric/avg_cross_state_asymmetry |          0.0039 |
|                Metric/avg_self_sa_asymmetry |               0 |
|               Metric/avg_cross_sa_asymmetry |         0.00731 |
|  Metric/self_state_action_to_state_distance |        0.000909 |
| Metric/cross_state_action_to_state_distance |            1.06 |
|                   Metric/h_lambda_diff_self |         0.00111 |
|                  Metric/h_lambda_diff_cross |         0.00731 |
|                                 Eval/Return |             968 |
-----------------------------------------------------------------
-----------------------------------------------------------------
|                                 Train/Steps |        4.74e+06 |
|                            Loss/Loss_critic |          0.0291 |
|                             Loss/Loss_actor |           -99.1 |
|                             Loss/Loss_alpha |       -0.000119 |
|               Loss/Loss_state_action_metric |           0.138 |
|                      Loss/Loss_state_metric |          0.0534 |
|             Loss/Loss_state_action_to_state |        0.000477 |
|                           Loss/Act_rep_loss |          0.0184 |
|                                   SAC/Alpha |        0.000775 |
|                              SAC/LogPi_mean |            3.19 |
|                                 SAC/Q1_mean |            99.2 |
|                                 SAC/Q2_mean |            99.1 |
|                            Norm/actor_model |             157 |
|                           Norm/critic_model |             191 |
|              Norm/state_action_metric_model |             145 |
|                     Norm/state_metric_model |             150 |
|        Norm/state_action_state_metric_model |             151 |
|                  Metric/self_state_distance |         0.00141 |
|                 Metric/cross_state_distance |            1.08 |
|           Metric/self_state_action_distance |         0.00384 |
|          Metric/cross_state_action_distance |             1.1 |
|             Metric/avg_self_state_asymmetry |               0 |
|            Metric/avg_cross_state_asymmetry |          0.0044 |
|                Metric/avg_self_sa_asymmetry |               0 |
|               Metric/avg_cross_sa_asymmetry |         0.00685 |
|  Metric/self_state_action_to_state_distance |        9.02e-05 |
| Metric/cross_state_action_to_state_distance |            1.08 |
|                   Metric/h_lambda_diff_self |         0.00375 |
|                  Metric/h_lambda_diff_cross |          0.0225 |
|                                 Eval/Return |             985 |
-----------------------------------------------------------------
-----------------------------------------------------------------
|                                 Train/Steps |        4.87e+06 |
|                            Loss/Loss_critic |          0.0161 |
|                             Loss/Loss_actor |           -99.1 |
|                             Loss/Loss_alpha |        7.97e-05 |
|               Loss/Loss_state_action_metric |          0.0904 |
|                      Loss/Loss_state_metric |          0.0286 |
|             Loss/Loss_state_action_to_state |        0.000372 |
|                           Loss/Act_rep_loss |          0.0379 |
|                                   SAC/Alpha |        0.000769 |
|                              SAC/LogPi_mean |             2.9 |
|                                 SAC/Q1_mean |            99.1 |
|                                 SAC/Q2_mean |            99.1 |
|                            Norm/actor_model |             158 |
|                           Norm/critic_model |             193 |
|              Norm/state_action_metric_model |             147 |
|                     Norm/state_metric_model |             152 |
|        Norm/state_action_state_metric_model |             153 |
|                  Metric/self_state_distance |         0.00132 |
|                 Metric/cross_state_distance |            1.04 |
|           Metric/self_state_action_distance |         0.00302 |
|          Metric/cross_state_action_distance |            1.05 |
|             Metric/avg_self_state_asymmetry |               0 |
|            Metric/avg_cross_state_asymmetry |         0.00452 |
|                Metric/avg_self_sa_asymmetry |               0 |
|               Metric/avg_cross_sa_asymmetry |         0.00553 |
|  Metric/self_state_action_to_state_distance |        0.000497 |
| Metric/cross_state_action_to_state_distance |            1.04 |
|                   Metric/h_lambda_diff_self |         0.00252 |
|                  Metric/h_lambda_diff_cross |          0.0132 |
|                                 Eval/Return |             982 |
-----------------------------------------------------------------
-----------------------------------------------------------------
|                                 Train/Steps |           5e+06 |
|                            Loss/Loss_critic |          0.0586 |
|                             Loss/Loss_actor |             -99 |
|                             Loss/Loss_alpha |       -0.000229 |
|               Loss/Loss_state_action_metric |           0.168 |
|                      Loss/Loss_state_metric |          0.0577 |
|             Loss/Loss_state_action_to_state |         0.00163 |
|                           Loss/Act_rep_loss |          0.0327 |
|                                   SAC/Alpha |        0.000939 |
|                              SAC/LogPi_mean |            3.29 |
|                                 SAC/Q1_mean |              99 |
|                                 SAC/Q2_mean |              99 |
|                            Norm/actor_model |             160 |
|                           Norm/critic_model |             195 |
|              Norm/state_action_metric_model |             149 |
|                     Norm/state_metric_model |             154 |
|        Norm/state_action_state_metric_model |             156 |
|                  Metric/self_state_distance |         0.00102 |
|                 Metric/cross_state_distance |             1.1 |
|           Metric/self_state_action_distance |          0.0027 |
|          Metric/cross_state_action_distance |            1.13 |
|             Metric/avg_self_state_asymmetry |               0 |
|            Metric/avg_cross_state_asymmetry |         0.00504 |
|                Metric/avg_self_sa_asymmetry |               0 |
|               Metric/avg_cross_sa_asymmetry |         0.00906 |
|  Metric/self_state_action_to_state_distance |        0.000608 |
| Metric/cross_state_action_to_state_distance |            1.12 |
|                   Metric/h_lambda_diff_self |         0.00221 |
|                  Metric/h_lambda_diff_cross |           0.012 |
|                                 Eval/Return |             981 |
-----------------------------------------------------------------
[32mSaving model …[0m
[32mDone.[0m
[32mSaving model …[0m
[32mDone.[0m
