E0905 07:02:14.708069  707801 cuda_executor.cc:1526] Could not get kernel mode driver version: (INVALID_ARGUMENT: Version does not match the format X.Y.Z)
E0905 07:02:14.716651  707691 cuda_executor.cc:1526] Could not get kernel mode driver version: (INVALID_ARGUMENT: Version does not match the format X.Y.Z)
[32mStart prefilling replay buffer[0m
[32mStart SAC training[0m
[32m{'log_freq': 1000, 'save_freq': 1000000, 'eval_episode_freq': 10, 'hidden_size': 256, 'lr': 0.001, 'max_grad_norm': 0.0, 'gamma': 0.99, 'update_tau': 0.005, 'train_per_step': 8, 'episode_length': 1000, 'warmup_samples': 8192, 'max_replay_size': 4000000, 'batch_size': 512, 'total_env_steps': 5000000, 'init_temperature': 0.1, 'nstep': 3, 'bootstrap_on_truncation': True, 'rep_lr_scale': 1.5, 'critic_rep_metric_scale': 1.0, 'critic_rep_scale': 0.05, 'vis_feq': 100000, 'n_vis_frames': 4, 'num_envs': 128, 'grad_steps': 50, 'transfer_freq': 10, 'transfer_steps': 8, 'reward_scaling': 1.0, 'num_eval_envs': 128, 'target_entropy': -2.0}[0m
[32m[nstep] nstep=3 bootstrap_on_truncation=True (discount from the buffer already contains gamma^nstep)[0m
-----------------------------------------------------------------
|                                 Train/Steps |        1.36e+05 |
|                            Loss/Loss_critic |        0.000889 |
|                             Loss/Loss_actor |          -0.666 |
|                             Loss/Loss_alpha |         0.00685 |
|               Loss/Loss_state_action_metric |         0.00732 |
|                      Loss/Loss_state_metric |         0.00225 |
|             Loss/Loss_state_action_to_state |        0.000642 |
|                           Loss/Act_rep_loss |           0.131 |
|                        Loss/Critic_rep_loss |         0.00188 |
|                                   SAC/Alpha |          0.0016 |
|                              SAC/LogPi_mean |           -2.33 |
|                                 SAC/Q1_mean |           0.662 |
|                                 SAC/Q2_mean |           0.665 |
|                            Norm/actor_model |            26.5 |
|                           Norm/critic_model |            34.2 |
|              Norm/state_action_metric_model |            30.8 |
|                     Norm/state_metric_model |            30.7 |
|        Norm/state_action_state_metric_model |            30.4 |
|                  Metric/self_state_distance |         0.00219 |
|                 Metric/cross_state_distance |            0.91 |
|           Metric/self_state_action_distance |         0.00746 |
|          Metric/cross_state_action_distance |           0.923 |
|             Metric/avg_self_state_asymmetry |               0 |
|            Metric/avg_cross_state_asymmetry |         0.00362 |
|                Metric/avg_self_sa_asymmetry |               0 |
|               Metric/avg_cross_sa_asymmetry |         0.00717 |
|  Metric/self_state_action_to_state_distance |         0.00407 |
| Metric/cross_state_action_to_state_distance |           0.902 |
|                   Metric/h_lambda_diff_self |         0.00829 |
|                  Metric/h_lambda_diff_cross |          0.0211 |
|                                 Eval/Return |           0.156 |
-----------------------------------------------------------------
-----------------------------------------------------------------
|                                 Train/Steps |        2.64e+05 |
|                            Loss/Loss_critic |        0.000194 |
|                             Loss/Loss_actor |          -0.192 |
|                             Loss/Loss_alpha |        0.000173 |
|               Loss/Loss_state_action_metric |         0.00375 |
|                      Loss/Loss_state_metric |         0.00188 |
|             Loss/Loss_state_action_to_state |        0.000569 |
|                           Loss/Act_rep_loss |           0.135 |
|                        Loss/Critic_rep_loss |               0 |
|                                   SAC/Alpha |        9.01e-05 |
|                              SAC/LogPi_mean |           0.116 |
|                                 SAC/Q1_mean |           0.193 |
|                                 SAC/Q2_mean |           0.192 |
|                            Norm/actor_model |            35.8 |
|                           Norm/critic_model |              45 |
|              Norm/state_action_metric_model |            32.8 |
|                     Norm/state_metric_model |            31.8 |
|        Norm/state_action_state_metric_model |            31.6 |
|                  Metric/self_state_distance |         0.00229 |
|                 Metric/cross_state_distance |           0.933 |
|           Metric/self_state_action_distance |         0.00247 |
|          Metric/cross_state_action_distance |           0.919 |
|             Metric/avg_self_state_asymmetry |               0 |
|            Metric/avg_cross_state_asymmetry |         0.00442 |
|                Metric/avg_self_sa_asymmetry |               0 |
|               Metric/avg_cross_sa_asymmetry |         0.00647 |
|  Metric/self_state_action_to_state_distance |          0.0012 |
| Metric/cross_state_action_to_state_distance |            0.91 |
|                   Metric/h_lambda_diff_self |         0.00229 |
|                  Metric/h_lambda_diff_cross |          0.0101 |
|                                 Eval/Return |            1.18 |
-----------------------------------------------------------------
-----------------------------------------------------------------
|                                 Train/Steps |        3.92e+05 |
|                            Loss/Loss_critic |        3.06e-05 |
|                             Loss/Loss_actor |         -0.0611 |
|                             Loss/Loss_alpha |        0.000101 |
|               Loss/Loss_state_action_metric |         0.00344 |
|                      Loss/Loss_state_metric |         0.00253 |
|             Loss/Loss_state_action_to_state |        0.000355 |
|                           Loss/Act_rep_loss |            0.13 |
|                        Loss/Critic_rep_loss |               0 |
|                                   SAC/Alpha |        8.29e-05 |
|                              SAC/LogPi_mean |           0.602 |
|                                 SAC/Q1_mean |           0.061 |
|                                 SAC/Q2_mean |          0.0622 |
|                            Norm/actor_model |            40.8 |
|                           Norm/critic_model |            51.9 |
|              Norm/state_action_metric_model |            35.5 |
|                     Norm/state_metric_model |            34.3 |
|        Norm/state_action_state_metric_model |            34.1 |
|                  Metric/self_state_distance |         0.00246 |
|                 Metric/cross_state_distance |           0.937 |
|           Metric/self_state_action_distance |         0.00286 |
|          Metric/cross_state_action_distance |           0.923 |
|             Metric/avg_self_state_asymmetry |               0 |
|            Metric/avg_cross_state_asymmetry |         0.00408 |
|                Metric/avg_self_sa_asymmetry |               0 |
|               Metric/avg_cross_sa_asymmetry |         0.00486 |
|  Metric/self_state_action_to_state_distance |         0.00175 |
| Metric/cross_state_action_to_state_distance |           0.914 |
|                   Metric/h_lambda_diff_self |           0.003 |
|                  Metric/h_lambda_diff_cross |         0.00933 |
|                                 Eval/Return |            1.24 |
-----------------------------------------------------------------
-----------------------------------------------------------------
|                                 Train/Steps |         5.2e+05 |
|                            Loss/Loss_critic |        0.000122 |
|                             Loss/Loss_actor |         -0.0202 |
|                             Loss/Loss_alpha |       -5.09e-05 |
|               Loss/Loss_state_action_metric |         0.00203 |
|                      Loss/Loss_state_metric |          0.0014 |
|             Loss/Loss_state_action_to_state |        0.000122 |
|                           Loss/Act_rep_loss |           0.123 |
|                        Loss/Critic_rep_loss |               0 |
|                                   SAC/Alpha |        6.89e-05 |
|                              SAC/LogPi_mean |            2.65 |
|                                 SAC/Q1_mean |          0.0209 |
|                                 SAC/Q2_mean |          0.0207 |
|                            Norm/actor_model |            45.2 |
|                           Norm/critic_model |            58.4 |
|              Norm/state_action_metric_model |            40.1 |
|                     Norm/state_metric_model |            37.6 |
|        Norm/state_action_state_metric_model |            37.6 |
|                  Metric/self_state_distance |         0.00213 |
|                 Metric/cross_state_distance |           0.943 |
|           Metric/self_state_action_distance |         0.00732 |
|          Metric/cross_state_action_distance |           0.923 |
|             Metric/avg_self_state_asymmetry |               0 |
|            Metric/avg_cross_state_asymmetry |         0.00313 |
|                Metric/avg_self_sa_asymmetry |               0 |
|               Metric/avg_cross_sa_asymmetry |         0.00607 |
|  Metric/self_state_action_to_state_distance |         0.00269 |
| Metric/cross_state_action_to_state_distance |           0.915 |
|                   Metric/h_lambda_diff_self |         0.00694 |
|                  Metric/h_lambda_diff_cross |         0.00978 |
|                                 Eval/Return |           0.717 |
-----------------------------------------------------------------
-----------------------------------------------------------------
|                                 Train/Steps |        6.48e+05 |
|                            Loss/Loss_critic |         0.00198 |
|                             Loss/Loss_actor |         -0.0277 |
|                             Loss/Loss_alpha |        4.33e-05 |
|               Loss/Loss_state_action_metric |         0.00879 |
|                      Loss/Loss_state_metric |         0.00296 |
|             Loss/Loss_state_action_to_state |         0.00178 |
|                           Loss/Act_rep_loss |           0.117 |
|                        Loss/Critic_rep_loss |         0.00467 |
|                                   SAC/Alpha |        6.93e-05 |
|                              SAC/LogPi_mean |            1.49 |
|                                 SAC/Q1_mean |          0.0254 |
|                                 SAC/Q2_mean |          0.0266 |
|                            Norm/actor_model |              49 |
|                           Norm/critic_model |            62.9 |
|              Norm/state_action_metric_model |            43.6 |
|                     Norm/state_metric_model |            40.9 |
|        Norm/state_action_state_metric_model |            41.2 |
|                  Metric/self_state_distance |         0.00122 |
|                 Metric/cross_state_distance |           0.949 |
|           Metric/self_state_action_distance |         0.00204 |
|          Metric/cross_state_action_distance |           0.933 |
|             Metric/avg_self_state_asymmetry |               0 |
|            Metric/avg_cross_state_asymmetry |         0.00417 |
|                Metric/avg_self_sa_asymmetry |               0 |
|               Metric/avg_cross_sa_asymmetry |         0.00715 |
|  Metric/self_state_action_to_state_distance |         0.00107 |
| Metric/cross_state_action_to_state_distance |           0.927 |
|                   Metric/h_lambda_diff_self |         0.00179 |
|                  Metric/h_lambda_diff_cross |         0.00856 |
|                                 Eval/Return |           0.932 |
-----------------------------------------------------------------
-----------------------------------------------------------------
|                                 Train/Steps |        7.76e+05 |
|                            Loss/Loss_critic |        0.000292 |
|                             Loss/Loss_actor |         -0.0493 |
|                             Loss/Loss_alpha |        3.94e-05 |
|               Loss/Loss_state_action_metric |          0.0115 |
|                      Loss/Loss_state_metric |         0.00777 |
|             Loss/Loss_state_action_to_state |         0.00032 |
|                           Loss/Act_rep_loss |           0.129 |
|                        Loss/Critic_rep_loss |          0.0256 |
|                                   SAC/Alpha |        4.93e-05 |
|                              SAC/LogPi_mean |            1.32 |
|                                 SAC/Q1_mean |          0.0487 |
|                                 SAC/Q2_mean |          0.0491 |
|                            Norm/actor_model |            52.7 |
|                           Norm/critic_model |            66.8 |
|              Norm/state_action_metric_model |            46.7 |
|                     Norm/state_metric_model |            44.2 |
|        Norm/state_action_state_metric_model |            44.7 |
|                  Metric/self_state_distance |         0.00185 |
|                 Metric/cross_state_distance |           0.943 |
|           Metric/self_state_action_distance |         0.00207 |
|          Metric/cross_state_action_distance |            0.93 |
|             Metric/avg_self_state_asymmetry |               0 |
|            Metric/avg_cross_state_asymmetry |         0.00331 |
|                Metric/avg_self_sa_asymmetry |               0 |
|               Metric/avg_cross_sa_asymmetry |         0.00589 |
|  Metric/self_state_action_to_state_distance |         0.00155 |
| Metric/cross_state_action_to_state_distance |           0.927 |
|                   Metric/h_lambda_diff_self |          0.0017 |
|                  Metric/h_lambda_diff_cross |         0.00646 |
|                                 Eval/Return |           0.752 |
-----------------------------------------------------------------
-----------------------------------------------------------------
|                                 Train/Steps |        9.04e+05 |
|                            Loss/Loss_critic |         0.00125 |
|                             Loss/Loss_actor |         -0.0443 |
|                             Loss/Loss_alpha |        7.19e-07 |
|               Loss/Loss_state_action_metric |         0.00376 |
|                      Loss/Loss_state_metric |         0.00173 |
|             Loss/Loss_state_action_to_state |        0.000146 |
|                           Loss/Act_rep_loss |           0.119 |
|                        Loss/Critic_rep_loss |          0.0286 |
|                                   SAC/Alpha |         4.2e-05 |
|                              SAC/LogPi_mean |            1.99 |
|                                 SAC/Q1_mean |          0.0448 |
|                                 SAC/Q2_mean |          0.0457 |
|                            Norm/actor_model |            55.8 |
|                           Norm/critic_model |            70.2 |
|              Norm/state_action_metric_model |            49.7 |
|                     Norm/state_metric_model |            46.7 |
|        Norm/state_action_state_metric_model |            47.6 |
|                  Metric/self_state_distance |         0.00279 |
|                 Metric/cross_state_distance |           0.944 |
|           Metric/self_state_action_distance |        0.000831 |
|          Metric/cross_state_action_distance |           0.926 |
|             Metric/avg_self_state_asymmetry |               0 |
|            Metric/avg_cross_state_asymmetry |         0.00362 |
|                Metric/avg_self_sa_asymmetry |               0 |
|               Metric/avg_cross_sa_asymmetry |         0.00511 |
|  Metric/self_state_action_to_state_distance |        0.000516 |
| Metric/cross_state_action_to_state_distance |            0.92 |
|                   Metric/h_lambda_diff_self |        0.000723 |
|                  Metric/h_lambda_diff_cross |          0.0072 |
|                                 Eval/Return |            1.04 |
-----------------------------------------------------------------
-----------------------------------------------------------------
|                                 Train/Steps |        1.03e+06 |
|                            Loss/Loss_critic |        7.41e-05 |
|                             Loss/Loss_actor |         -0.0275 |
|                             Loss/Loss_alpha |        1.69e-05 |
|               Loss/Loss_state_action_metric |         0.00164 |
|                      Loss/Loss_state_metric |         0.00132 |
|             Loss/Loss_state_action_to_state |         0.00017 |
|                           Loss/Act_rep_loss |           0.123 |
|                        Loss/Critic_rep_loss |         0.00521 |
|                                   SAC/Alpha |        4.62e-05 |
|                              SAC/LogPi_mean |            1.53 |
|                                 SAC/Q1_mean |          0.0283 |
|                                 SAC/Q2_mean |          0.0286 |
|                            Norm/actor_model |            58.9 |
|                           Norm/critic_model |            73.4 |
|              Norm/state_action_metric_model |            52.7 |
|                     Norm/state_metric_model |            50.5 |
|        Norm/state_action_state_metric_model |            50.5 |
|                  Metric/self_state_distance |         0.00235 |
|                 Metric/cross_state_distance |           0.946 |
|           Metric/self_state_action_distance |         0.00123 |
|          Metric/cross_state_action_distance |           0.926 |
|             Metric/avg_self_state_asymmetry |               0 |
|            Metric/avg_cross_state_asymmetry |         0.00293 |
|                Metric/avg_self_sa_asymmetry |               0 |
|               Metric/avg_cross_sa_asymmetry |         0.00423 |
|  Metric/self_state_action_to_state_distance |         0.00105 |
| Metric/cross_state_action_to_state_distance |           0.923 |
|                   Metric/h_lambda_diff_self |         0.00153 |
|                  Metric/h_lambda_diff_cross |         0.00345 |
|                                 Eval/Return |            1.17 |
-----------------------------------------------------------------
[32mSaving model …[0m
[32mDone.[0m
[32mSaving model …[0m
[32mDone.[0m
-----------------------------------------------------------------
|                                 Train/Steps |        1.16e+06 |
|                            Loss/Loss_critic |        0.000194 |
|                             Loss/Loss_actor |         -0.0505 |
|                             Loss/Loss_alpha |        2.51e-05 |
|               Loss/Loss_state_action_metric |          0.0117 |
|                      Loss/Loss_state_metric |         0.00706 |
|             Loss/Loss_state_action_to_state |        0.000259 |
|                           Loss/Act_rep_loss |           0.123 |
|                        Loss/Critic_rep_loss |          0.0319 |
|                                   SAC/Alpha |        5.27e-05 |
|                              SAC/LogPi_mean |            1.45 |
|                                 SAC/Q1_mean |          0.0449 |
|                                 SAC/Q2_mean |          0.0462 |
|                            Norm/actor_model |            61.5 |
|                           Norm/critic_model |            76.4 |
|              Norm/state_action_metric_model |            55.6 |
|                     Norm/state_metric_model |              53 |
|        Norm/state_action_state_metric_model |            53.3 |
|                  Metric/self_state_distance |        0.000406 |
|                 Metric/cross_state_distance |           0.953 |
|           Metric/self_state_action_distance |         0.00144 |
|          Metric/cross_state_action_distance |           0.939 |
|             Metric/avg_self_state_asymmetry |               0 |
|            Metric/avg_cross_state_asymmetry |         0.00454 |
|                Metric/avg_self_sa_asymmetry |               0 |
|               Metric/avg_cross_sa_asymmetry |         0.00604 |
|  Metric/self_state_action_to_state_distance |        0.000491 |
| Metric/cross_state_action_to_state_distance |           0.935 |
|                   Metric/h_lambda_diff_self |         0.00121 |
|                  Metric/h_lambda_diff_cross |         0.00652 |
|                                 Eval/Return |            1.14 |
-----------------------------------------------------------------
-----------------------------------------------------------------
|                                 Train/Steps |        1.29e+06 |
|                            Loss/Loss_critic |         0.00241 |
|                             Loss/Loss_actor |          -0.387 |
|                             Loss/Loss_alpha |        9.75e-05 |
|               Loss/Loss_state_action_metric |         0.00857 |
|                      Loss/Loss_state_metric |         0.00359 |
|             Loss/Loss_state_action_to_state |        0.000398 |
|                           Loss/Act_rep_loss |           0.108 |
|                        Loss/Critic_rep_loss |          0.0731 |
|                                   SAC/Alpha |          0.0012 |
|                              SAC/LogPi_mean |            1.85 |
|                                 SAC/Q1_mean |           0.359 |
|                                 SAC/Q2_mean |           0.358 |
|                            Norm/actor_model |            64.9 |
|                           Norm/critic_model |            79.5 |
|              Norm/state_action_metric_model |              59 |
|                     Norm/state_metric_model |            56.4 |
|        Norm/state_action_state_metric_model |            56.3 |
|                  Metric/self_state_distance |        0.000803 |
|                 Metric/cross_state_distance |           0.953 |
|           Metric/self_state_action_distance |        0.000996 |
|          Metric/cross_state_action_distance |           0.937 |
|             Metric/avg_self_state_asymmetry |               0 |
|            Metric/avg_cross_state_asymmetry |         0.00406 |
|                Metric/avg_self_sa_asymmetry |               0 |
|               Metric/avg_cross_sa_asymmetry |         0.00722 |
|  Metric/self_state_action_to_state_distance |        0.000294 |
| Metric/cross_state_action_to_state_distance |           0.937 |
|                   Metric/h_lambda_diff_self |        0.000928 |
|                  Metric/h_lambda_diff_cross |         0.00689 |
|                                 Eval/Return |            22.8 |
-----------------------------------------------------------------
-----------------------------------------------------------------
|                                 Train/Steps |        1.42e+06 |
|                            Loss/Loss_critic |         0.00383 |
|                             Loss/Loss_actor |          -0.893 |
|                             Loss/Loss_alpha |       -0.000164 |
|               Loss/Loss_state_action_metric |          0.0176 |
|                      Loss/Loss_state_metric |          0.0104 |
|             Loss/Loss_state_action_to_state |        0.000536 |
|                           Loss/Act_rep_loss |          0.0967 |
|                        Loss/Critic_rep_loss |           0.215 |
|                                   SAC/Alpha |        0.000834 |
|                              SAC/LogPi_mean |            2.24 |
|                                 SAC/Q1_mean |           0.866 |
|                                 SAC/Q2_mean |           0.863 |
|                            Norm/actor_model |            69.8 |
|                           Norm/critic_model |            82.6 |
|              Norm/state_action_metric_model |            62.9 |
|                     Norm/state_metric_model |            60.4 |
|        Norm/state_action_state_metric_model |            59.9 |
|                  Metric/self_state_distance |        0.000644 |
|                 Metric/cross_state_distance |           0.989 |
|           Metric/self_state_action_distance |         0.00217 |
|          Metric/cross_state_action_distance |           0.985 |
|             Metric/avg_self_state_asymmetry |               0 |
|            Metric/avg_cross_state_asymmetry |         0.00623 |
|                Metric/avg_self_sa_asymmetry |               0 |
|               Metric/avg_cross_sa_asymmetry |         0.00943 |
|  Metric/self_state_action_to_state_distance |        0.000285 |
| Metric/cross_state_action_to_state_distance |           0.975 |
|                   Metric/h_lambda_diff_self |         0.00207 |
|                  Metric/h_lambda_diff_cross |          0.0112 |
|                                 Eval/Return |            26.9 |
-----------------------------------------------------------------
-----------------------------------------------------------------
|                                 Train/Steps |        1.54e+06 |
|                            Loss/Loss_critic |         0.00491 |
|                             Loss/Loss_actor |           -1.18 |
|                             Loss/Loss_alpha |        0.000252 |
|               Loss/Loss_state_action_metric |          0.0143 |
|                      Loss/Loss_state_metric |          0.0107 |
|             Loss/Loss_state_action_to_state |        0.000796 |
|                           Loss/Act_rep_loss |           0.101 |
|                        Loss/Critic_rep_loss |             0.3 |
|                                   SAC/Alpha |        0.000822 |
|                              SAC/LogPi_mean |            1.73 |
|                                 SAC/Q1_mean |            1.14 |
|                                 SAC/Q2_mean |            1.14 |
|                            Norm/actor_model |            74.2 |
|                           Norm/critic_model |            85.5 |
|              Norm/state_action_metric_model |            66.6 |
|                     Norm/state_metric_model |            63.6 |
|        Norm/state_action_state_metric_model |            63.8 |
|                  Metric/self_state_distance |         0.00162 |
|                 Metric/cross_state_distance |            0.98 |
|           Metric/self_state_action_distance |         0.00477 |
|          Metric/cross_state_action_distance |           0.974 |
|             Metric/avg_self_state_asymmetry |               0 |
|            Metric/avg_cross_state_asymmetry |          0.0046 |
|                Metric/avg_self_sa_asymmetry |               0 |
|               Metric/avg_cross_sa_asymmetry |         0.00762 |
|  Metric/self_state_action_to_state_distance |        0.000302 |
| Metric/cross_state_action_to_state_distance |           0.973 |
|                   Metric/h_lambda_diff_self |         0.00461 |
|                  Metric/h_lambda_diff_cross |           0.013 |
|                                 Eval/Return |            51.5 |
-----------------------------------------------------------------
-----------------------------------------------------------------
|                                 Train/Steps |        1.67e+06 |
|                            Loss/Loss_critic |         0.00639 |
|                             Loss/Loss_actor |           -1.81 |
|                             Loss/Loss_alpha |        0.000591 |
|               Loss/Loss_state_action_metric |           0.046 |
|                      Loss/Loss_state_metric |          0.0222 |
|             Loss/Loss_state_action_to_state |        0.000332 |
|                           Loss/Act_rep_loss |          0.0857 |
|                        Loss/Critic_rep_loss |           0.674 |
|                                   SAC/Alpha |         0.00128 |
|                              SAC/LogPi_mean |            1.51 |
|                                 SAC/Q1_mean |            1.76 |
|                                 SAC/Q2_mean |            1.76 |
|                            Norm/actor_model |            78.6 |
|                           Norm/critic_model |            88.3 |
|              Norm/state_action_metric_model |            70.2 |
|                     Norm/state_metric_model |            67.1 |
|        Norm/state_action_state_metric_model |            67.7 |
|                  Metric/self_state_distance |        0.000906 |
|                 Metric/cross_state_distance |            1.03 |
|           Metric/self_state_action_distance |         0.00476 |
|          Metric/cross_state_action_distance |            1.03 |
|             Metric/avg_self_state_asymmetry |               0 |
|            Metric/avg_cross_state_asymmetry |         0.00489 |
|                Metric/avg_self_sa_asymmetry |               0 |
|               Metric/avg_cross_sa_asymmetry |         0.00837 |
|  Metric/self_state_action_to_state_distance |        0.000321 |
| Metric/cross_state_action_to_state_distance |            1.03 |
|                   Metric/h_lambda_diff_self |         0.00451 |
|                  Metric/h_lambda_diff_cross |          0.0106 |
|                                 Eval/Return |            45.5 |
-----------------------------------------------------------------
-----------------------------------------------------------------
|                                 Train/Steps |         1.8e+06 |
|                            Loss/Loss_critic |         0.00942 |
|                             Loss/Loss_actor |           -2.59 |
|                             Loss/Loss_alpha |       -0.000402 |
|               Loss/Loss_state_action_metric |           0.077 |
|                      Loss/Loss_state_metric |           0.044 |
|             Loss/Loss_state_action_to_state |        0.000758 |
|                           Loss/Act_rep_loss |          0.0789 |
|                        Loss/Critic_rep_loss |            1.33 |
|                                   SAC/Alpha |         0.00155 |
|                              SAC/LogPi_mean |             2.2 |
|                                 SAC/Q1_mean |            2.53 |
|                                 SAC/Q2_mean |            2.54 |
|                            Norm/actor_model |            83.3 |
|                           Norm/critic_model |            91.1 |
|              Norm/state_action_metric_model |            73.4 |
|                     Norm/state_metric_model |            70.7 |
|        Norm/state_action_state_metric_model |            71.2 |
|                  Metric/self_state_distance |         0.00117 |
|                 Metric/cross_state_distance |            1.08 |
|           Metric/self_state_action_distance |         0.00292 |
|          Metric/cross_state_action_distance |            1.11 |
|             Metric/avg_self_state_asymmetry |               0 |
|            Metric/avg_cross_state_asymmetry |         0.00575 |
|                Metric/avg_self_sa_asymmetry |               0 |
|               Metric/avg_cross_sa_asymmetry |         0.00972 |
|  Metric/self_state_action_to_state_distance |         0.00068 |
| Metric/cross_state_action_to_state_distance |             1.1 |
|                   Metric/h_lambda_diff_self |         0.00262 |
|                  Metric/h_lambda_diff_cross |          0.0162 |
|                                 Eval/Return |            57.6 |
-----------------------------------------------------------------
-----------------------------------------------------------------
|                                 Train/Steps |        1.93e+06 |
|                            Loss/Loss_critic |         0.00833 |
|                             Loss/Loss_actor |           -2.97 |
|                             Loss/Loss_alpha |         0.00081 |
|               Loss/Loss_state_action_metric |           0.106 |
|                      Loss/Loss_state_metric |          0.0675 |
|             Loss/Loss_state_action_to_state |        0.000383 |
|                           Loss/Act_rep_loss |          0.0753 |
|                        Loss/Critic_rep_loss |            1.89 |
|                                   SAC/Alpha |         0.00182 |
|                              SAC/LogPi_mean |             1.5 |
|                                 SAC/Q1_mean |            2.92 |
|                                 SAC/Q2_mean |            2.92 |
|                            Norm/actor_model |            87.5 |
|                           Norm/critic_model |            93.8 |
|              Norm/state_action_metric_model |            76.3 |
|                     Norm/state_metric_model |            73.8 |
|        Norm/state_action_state_metric_model |            74.3 |
|                  Metric/self_state_distance |        0.000839 |
|                 Metric/cross_state_distance |            1.12 |
|           Metric/self_state_action_distance |         0.00401 |
|          Metric/cross_state_action_distance |            1.17 |
|             Metric/avg_self_state_asymmetry |               0 |
|            Metric/avg_cross_state_asymmetry |         0.00797 |
|                Metric/avg_self_sa_asymmetry |               0 |
|               Metric/avg_cross_sa_asymmetry |           0.011 |
|  Metric/self_state_action_to_state_distance |        0.000249 |
| Metric/cross_state_action_to_state_distance |            1.16 |
|                   Metric/h_lambda_diff_self |         0.00381 |
|                  Metric/h_lambda_diff_cross |          0.0116 |
|                                 Eval/Return |            66.1 |
-----------------------------------------------------------------
-----------------------------------------------------------------
|                                 Train/Steps |        2.06e+06 |
|                            Loss/Loss_critic |          0.0179 |
|                             Loss/Loss_actor |           -3.44 |
|                             Loss/Loss_alpha |       -0.000128 |
|               Loss/Loss_state_action_metric |          0.0918 |
|                      Loss/Loss_state_metric |           0.059 |
|             Loss/Loss_state_action_to_state |        0.000299 |
|                           Loss/Act_rep_loss |          0.0729 |
|                        Loss/Critic_rep_loss |            2.25 |
|                                   SAC/Alpha |         0.00186 |
|                              SAC/LogPi_mean |            2.01 |
|                                 SAC/Q1_mean |            3.39 |
|                                 SAC/Q2_mean |            3.38 |
|                            Norm/actor_model |            91.8 |
|                           Norm/critic_model |            96.4 |
|              Norm/state_action_metric_model |            79.2 |
|                     Norm/state_metric_model |            76.6 |
|        Norm/state_action_state_metric_model |            77.2 |
|                  Metric/self_state_distance |         0.00133 |
|                 Metric/cross_state_distance |            1.11 |
|           Metric/self_state_action_distance |         0.00329 |
|          Metric/cross_state_action_distance |            1.13 |
|             Metric/avg_self_state_asymmetry |               0 |
|            Metric/avg_cross_state_asymmetry |         0.00604 |
|                Metric/avg_self_sa_asymmetry |               0 |
|               Metric/avg_cross_sa_asymmetry |          0.0103 |
|  Metric/self_state_action_to_state_distance |          0.0012 |
| Metric/cross_state_action_to_state_distance |            1.14 |
|                   Metric/h_lambda_diff_self |         0.00288 |
|                  Metric/h_lambda_diff_cross |          0.0118 |
|                                 Eval/Return |            80.2 |
-----------------------------------------------------------------
[32mSaving model …[0m
[32mDone.[0m
[32mSaving model …[0m
[32mDone.[0m
-----------------------------------------------------------------
|                                 Train/Steps |        2.18e+06 |
|                            Loss/Loss_critic |          0.0118 |
|                             Loss/Loss_actor |           -3.79 |
|                             Loss/Loss_alpha |       -0.000317 |
|               Loss/Loss_state_action_metric |           0.143 |
|                      Loss/Loss_state_metric |          0.0868 |
|             Loss/Loss_state_action_to_state |        0.000412 |
|                           Loss/Act_rep_loss |          0.0761 |
|                        Loss/Critic_rep_loss |            2.74 |
|                                   SAC/Alpha |         0.00209 |
|                              SAC/LogPi_mean |            2.06 |
|                                 SAC/Q1_mean |            3.73 |
|                                 SAC/Q2_mean |            3.74 |
|                            Norm/actor_model |            95.9 |
|                           Norm/critic_model |              99 |
|              Norm/state_action_metric_model |            81.9 |
|                     Norm/state_metric_model |            79.4 |
|        Norm/state_action_state_metric_model |            80.1 |
|                  Metric/self_state_distance |        0.000635 |
|                 Metric/cross_state_distance |            1.16 |
|           Metric/self_state_action_distance |         0.00223 |
|          Metric/cross_state_action_distance |            1.22 |
|             Metric/avg_self_state_asymmetry |               0 |
|            Metric/avg_cross_state_asymmetry |         0.00698 |
|                Metric/avg_self_sa_asymmetry |               0 |
|               Metric/avg_cross_sa_asymmetry |          0.0107 |
|  Metric/self_state_action_to_state_distance |         0.00106 |
| Metric/cross_state_action_to_state_distance |            1.22 |
|                   Metric/h_lambda_diff_self |         0.00217 |
|                  Metric/h_lambda_diff_cross |          0.0102 |
|                                 Eval/Return |            67.9 |
-----------------------------------------------------------------
-----------------------------------------------------------------
|                                 Train/Steps |        2.31e+06 |
|                            Loss/Loss_critic |          0.0135 |
|                             Loss/Loss_actor |           -4.04 |
|                             Loss/Loss_alpha |        0.000116 |
|               Loss/Loss_state_action_metric |           0.146 |
|                      Loss/Loss_state_metric |          0.0798 |
|             Loss/Loss_state_action_to_state |        0.000391 |
|                           Loss/Act_rep_loss |          0.0698 |
|                        Loss/Critic_rep_loss |            3.12 |
|                                   SAC/Alpha |         0.00227 |
|                              SAC/LogPi_mean |            2.02 |
|                                 SAC/Q1_mean |            3.97 |
|                                 SAC/Q2_mean |            3.97 |
|                            Norm/actor_model |            99.6 |
|                           Norm/critic_model |             102 |
|              Norm/state_action_metric_model |            84.4 |
|                     Norm/state_metric_model |            82.6 |
|        Norm/state_action_state_metric_model |            82.8 |
|                  Metric/self_state_distance |         0.00105 |
|                 Metric/cross_state_distance |            1.16 |
|           Metric/self_state_action_distance |         0.00356 |
|          Metric/cross_state_action_distance |            1.21 |
|             Metric/avg_self_state_asymmetry |               0 |
|            Metric/avg_cross_state_asymmetry |         0.00699 |
|                Metric/avg_self_sa_asymmetry |               0 |
|               Metric/avg_cross_sa_asymmetry |          0.0131 |
|  Metric/self_state_action_to_state_distance |        0.000442 |
| Metric/cross_state_action_to_state_distance |            1.21 |
|                   Metric/h_lambda_diff_self |         0.00341 |
|                  Metric/h_lambda_diff_cross |          0.0115 |
|                                 Eval/Return |            56.1 |
-----------------------------------------------------------------
-----------------------------------------------------------------
|                                 Train/Steps |        2.44e+06 |
|                            Loss/Loss_critic |          0.0157 |
|                             Loss/Loss_actor |            -4.2 |
|                             Loss/Loss_alpha |         0.00137 |
|               Loss/Loss_state_action_metric |           0.147 |
|                      Loss/Loss_state_metric |          0.0933 |
|             Loss/Loss_state_action_to_state |        0.000282 |
|                           Loss/Act_rep_loss |          0.0684 |
|                        Loss/Critic_rep_loss |            3.69 |
|                                   SAC/Alpha |         0.00244 |
|                              SAC/LogPi_mean |            1.48 |
|                                 SAC/Q1_mean |            4.14 |
|                                 SAC/Q2_mean |            4.14 |
|                            Norm/actor_model |             103 |
|                           Norm/critic_model |             104 |
|              Norm/state_action_metric_model |            87.1 |
|                     Norm/state_metric_model |            85.7 |
|        Norm/state_action_state_metric_model |            85.4 |
|                  Metric/self_state_distance |        0.000848 |
|                 Metric/cross_state_distance |            1.17 |
|           Metric/self_state_action_distance |         0.00864 |
|          Metric/cross_state_action_distance |            1.25 |
|             Metric/avg_self_state_asymmetry |               0 |
|            Metric/avg_cross_state_asymmetry |         0.00551 |
|                Metric/avg_self_sa_asymmetry |               0 |
|               Metric/avg_cross_sa_asymmetry |          0.0124 |
|  Metric/self_state_action_to_state_distance |        0.000724 |
| Metric/cross_state_action_to_state_distance |            1.25 |
|                   Metric/h_lambda_diff_self |         0.00806 |
|                  Metric/h_lambda_diff_cross |          0.0117 |
|                                 Eval/Return |            85.8 |
-----------------------------------------------------------------
-----------------------------------------------------------------
|                                 Train/Steps |        2.57e+06 |
|                            Loss/Loss_critic |           0.015 |
|                             Loss/Loss_actor |           -5.05 |
|                             Loss/Loss_alpha |       -0.000907 |
|               Loss/Loss_state_action_metric |           0.292 |
|                      Loss/Loss_state_metric |           0.167 |
|             Loss/Loss_state_action_to_state |        0.000523 |
|                           Loss/Act_rep_loss |          0.0554 |
|                        Loss/Critic_rep_loss |            3.87 |
|                                   SAC/Alpha |         0.00248 |
|                              SAC/LogPi_mean |            2.16 |
|                                 SAC/Q1_mean |            4.99 |
|                                 SAC/Q2_mean |               5 |
|                            Norm/actor_model |             107 |
|                           Norm/critic_model |             107 |
|              Norm/state_action_metric_model |            89.7 |
|                     Norm/state_metric_model |            88.7 |
|        Norm/state_action_state_metric_model |            88.3 |
|                  Metric/self_state_distance |         0.00147 |
|                 Metric/cross_state_distance |            1.32 |
|           Metric/self_state_action_distance |         0.00667 |
|          Metric/cross_state_action_distance |            1.41 |
|             Metric/avg_self_state_asymmetry |               0 |
|            Metric/avg_cross_state_asymmetry |         0.00753 |
|                Metric/avg_self_sa_asymmetry |               0 |
|               Metric/avg_cross_sa_asymmetry |          0.0112 |
|  Metric/self_state_action_to_state_distance |         0.00131 |
| Metric/cross_state_action_to_state_distance |            1.43 |
|                   Metric/h_lambda_diff_self |         0.00649 |
|                  Metric/h_lambda_diff_cross |          0.0252 |
|                                 Eval/Return |            79.2 |
-----------------------------------------------------------------
-----------------------------------------------------------------
|                                 Train/Steps |         2.7e+06 |
|                            Loss/Loss_critic |          0.0102 |
|                             Loss/Loss_actor |           -5.05 |
|                             Loss/Loss_alpha |        0.000264 |
|               Loss/Loss_state_action_metric |           0.257 |
|                      Loss/Loss_state_metric |           0.163 |
|             Loss/Loss_state_action_to_state |         0.00039 |
|                           Loss/Act_rep_loss |          0.0581 |
|                        Loss/Critic_rep_loss |            4.12 |
|                                   SAC/Alpha |         0.00267 |
|                              SAC/LogPi_mean |            1.91 |
|                                 SAC/Q1_mean |               5 |
|                                 SAC/Q2_mean |            5.01 |
|                            Norm/actor_model |             110 |
|                           Norm/critic_model |             109 |
|              Norm/state_action_metric_model |            92.2 |
|                     Norm/state_metric_model |            91.7 |
|        Norm/state_action_state_metric_model |            90.6 |
|                  Metric/self_state_distance |        0.000902 |
|                 Metric/cross_state_distance |            1.32 |
|           Metric/self_state_action_distance |         0.00299 |
|          Metric/cross_state_action_distance |            1.43 |
|             Metric/avg_self_state_asymmetry |               0 |
|            Metric/avg_cross_state_asymmetry |         0.00831 |
|                Metric/avg_self_sa_asymmetry |               0 |
|               Metric/avg_cross_sa_asymmetry |          0.0137 |
|  Metric/self_state_action_to_state_distance |        0.000377 |
| Metric/cross_state_action_to_state_distance |            1.43 |
|                   Metric/h_lambda_diff_self |         0.00273 |
|                  Metric/h_lambda_diff_cross |          0.0164 |
|                                 Eval/Return |              79 |
-----------------------------------------------------------------
-----------------------------------------------------------------
|                                 Train/Steps |        2.82e+06 |
|                            Loss/Loss_critic |          0.0137 |
|                             Loss/Loss_actor |           -5.15 |
|                             Loss/Loss_alpha |        0.000486 |
|               Loss/Loss_state_action_metric |           0.254 |
|                      Loss/Loss_state_metric |           0.158 |
|             Loss/Loss_state_action_to_state |         0.00161 |
|                           Loss/Act_rep_loss |          0.0592 |
|                        Loss/Critic_rep_loss |            4.08 |
|                                   SAC/Alpha |         0.00271 |
|                              SAC/LogPi_mean |            1.84 |
|                                 SAC/Q1_mean |             5.1 |
|                                 SAC/Q2_mean |             5.1 |
|                            Norm/actor_model |             113 |
|                           Norm/critic_model |             112 |
|              Norm/state_action_metric_model |            94.7 |
|                     Norm/state_metric_model |            94.7 |
|        Norm/state_action_state_metric_model |              93 |
|                  Metric/self_state_distance |        0.000541 |
|                 Metric/cross_state_distance |            1.29 |
|           Metric/self_state_action_distance |         0.00278 |
|          Metric/cross_state_action_distance |            1.41 |
|             Metric/avg_self_state_asymmetry |               0 |
|            Metric/avg_cross_state_asymmetry |         0.00906 |
|                Metric/avg_self_sa_asymmetry |               0 |
|               Metric/avg_cross_sa_asymmetry |          0.0151 |
|  Metric/self_state_action_to_state_distance |        0.000169 |
| Metric/cross_state_action_to_state_distance |             1.4 |
|                   Metric/h_lambda_diff_self |         0.00262 |
|                  Metric/h_lambda_diff_cross |          0.0183 |
|                                 Eval/Return |            95.5 |
-----------------------------------------------------------------
-----------------------------------------------------------------
|                                 Train/Steps |        2.95e+06 |
|                            Loss/Loss_critic |          0.0111 |
|                             Loss/Loss_actor |           -4.92 |
|                             Loss/Loss_alpha |         0.00179 |
|               Loss/Loss_state_action_metric |           0.329 |
|                      Loss/Loss_state_metric |           0.191 |
|             Loss/Loss_state_action_to_state |        0.000615 |
|                           Loss/Act_rep_loss |           0.052 |
|                        Loss/Critic_rep_loss |            4.39 |
|                                   SAC/Alpha |         0.00285 |
|                              SAC/LogPi_mean |            1.32 |
|                                 SAC/Q1_mean |            4.88 |
|                                 SAC/Q2_mean |            4.88 |
|                            Norm/actor_model |             116 |
|                           Norm/critic_model |             114 |
|              Norm/state_action_metric_model |            97.2 |
|                     Norm/state_metric_model |            97.6 |
|        Norm/state_action_state_metric_model |            95.5 |
|                  Metric/self_state_distance |        0.000637 |
|                 Metric/cross_state_distance |            1.36 |
|           Metric/self_state_action_distance |         0.00189 |
|          Metric/cross_state_action_distance |            1.48 |
|             Metric/avg_self_state_asymmetry |               0 |
|            Metric/avg_cross_state_asymmetry |         0.00806 |
|                Metric/avg_self_sa_asymmetry |               0 |
|               Metric/avg_cross_sa_asymmetry |          0.0126 |
|  Metric/self_state_action_to_state_distance |        0.000397 |
| Metric/cross_state_action_to_state_distance |            1.48 |
|                   Metric/h_lambda_diff_self |         0.00176 |
|                  Metric/h_lambda_diff_cross |          0.0143 |
|                                 Eval/Return |            92.2 |
-----------------------------------------------------------------
-----------------------------------------------------------------
|                                 Train/Steps |        3.08e+06 |
|                            Loss/Loss_critic |           0.017 |
|                             Loss/Loss_actor |           -5.23 |
|                             Loss/Loss_alpha |         0.00107 |
|               Loss/Loss_state_action_metric |           0.256 |
|                      Loss/Loss_state_metric |           0.156 |
|             Loss/Loss_state_action_to_state |        0.000377 |
|                           Loss/Act_rep_loss |          0.0585 |
|                        Loss/Critic_rep_loss |            4.24 |
|                                   SAC/Alpha |         0.00288 |
|                              SAC/LogPi_mean |            1.54 |
|                                 SAC/Q1_mean |             5.2 |
|                                 SAC/Q2_mean |            5.19 |
|                            Norm/actor_model |             119 |
|                           Norm/critic_model |             117 |
|              Norm/state_action_metric_model |            99.6 |
|                     Norm/state_metric_model |             100 |
|        Norm/state_action_state_metric_model |            97.6 |
|                  Metric/self_state_distance |        0.000811 |
|                 Metric/cross_state_distance |            1.29 |
|           Metric/self_state_action_distance |         0.00194 |
|          Metric/cross_state_action_distance |            1.39 |
|             Metric/avg_self_state_asymmetry |               0 |
|            Metric/avg_cross_state_asymmetry |         0.00683 |
|                Metric/avg_self_sa_asymmetry |               0 |
|               Metric/avg_cross_sa_asymmetry |          0.0127 |
|  Metric/self_state_action_to_state_distance |         0.00136 |
| Metric/cross_state_action_to_state_distance |            1.39 |
|                   Metric/h_lambda_diff_self |         0.00203 |
|                  Metric/h_lambda_diff_cross |          0.0136 |
|                                 Eval/Return |            80.7 |
-----------------------------------------------------------------
[32mSaving model …[0m
[32mDone.[0m
[32mSaving model …[0m
[32mDone.[0m
-----------------------------------------------------------------
|                                 Train/Steps |        3.21e+06 |
|                            Loss/Loss_critic |          0.0137 |
|                             Loss/Loss_actor |           -5.46 |
|                             Loss/Loss_alpha |         0.00109 |
|               Loss/Loss_state_action_metric |           0.282 |
|                      Loss/Loss_state_metric |           0.182 |
|             Loss/Loss_state_action_to_state |        0.000709 |
|                           Loss/Act_rep_loss |          0.0571 |
|                        Loss/Critic_rep_loss |            4.74 |
|                                   SAC/Alpha |         0.00299 |
|                              SAC/LogPi_mean |            1.58 |
|                                 SAC/Q1_mean |             5.4 |
|                                 SAC/Q2_mean |            5.39 |
|                            Norm/actor_model |             122 |
|                           Norm/critic_model |             119 |
|              Norm/state_action_metric_model |             102 |
|                     Norm/state_metric_model |             103 |
|        Norm/state_action_state_metric_model |             100 |
|                  Metric/self_state_distance |        0.000864 |
|                 Metric/cross_state_distance |            1.35 |
|           Metric/self_state_action_distance |         0.00262 |
|          Metric/cross_state_action_distance |            1.45 |
|             Metric/avg_self_state_asymmetry |               0 |
|            Metric/avg_cross_state_asymmetry |         0.00676 |
|                Metric/avg_self_sa_asymmetry |               0 |
|               Metric/avg_cross_sa_asymmetry |          0.0122 |
|  Metric/self_state_action_to_state_distance |        0.000774 |
| Metric/cross_state_action_to_state_distance |            1.46 |
|                   Metric/h_lambda_diff_self |         0.00205 |
|                  Metric/h_lambda_diff_cross |           0.015 |
|                                 Eval/Return |            76.3 |
-----------------------------------------------------------------
-----------------------------------------------------------------
|                                 Train/Steps |        3.34e+06 |
|                            Loss/Loss_critic |          0.0298 |
|                             Loss/Loss_actor |           -5.74 |
|                             Loss/Loss_alpha |        0.000215 |
|               Loss/Loss_state_action_metric |           0.282 |
|                      Loss/Loss_state_metric |           0.175 |
|             Loss/Loss_state_action_to_state |        0.000488 |
|                           Loss/Act_rep_loss |          0.0545 |
|                        Loss/Critic_rep_loss |            4.91 |
|                                   SAC/Alpha |         0.00315 |
|                              SAC/LogPi_mean |             2.1 |
|                                 SAC/Q1_mean |            5.68 |
|                                 SAC/Q2_mean |            5.67 |
|                            Norm/actor_model |             125 |
|                           Norm/critic_model |             121 |
|              Norm/state_action_metric_model |             104 |
|                     Norm/state_metric_model |             106 |
|        Norm/state_action_state_metric_model |             103 |
|                  Metric/self_state_distance |        0.000331 |
|                 Metric/cross_state_distance |            1.33 |
|           Metric/self_state_action_distance |         0.00266 |
|          Metric/cross_state_action_distance |            1.45 |
|             Metric/avg_self_state_asymmetry |               0 |
|            Metric/avg_cross_state_asymmetry |         0.00668 |
|                Metric/avg_self_sa_asymmetry |               0 |
|               Metric/avg_cross_sa_asymmetry |          0.0133 |
|  Metric/self_state_action_to_state_distance |         0.00039 |
| Metric/cross_state_action_to_state_distance |            1.45 |
|                   Metric/h_lambda_diff_self |          0.0027 |
|                  Metric/h_lambda_diff_cross |           0.014 |
|                                 Eval/Return |            93.6 |
-----------------------------------------------------------------
-----------------------------------------------------------------
|                                 Train/Steps |        3.46e+06 |
|                            Loss/Loss_critic |          0.0156 |
|                             Loss/Loss_actor |           -5.76 |
|                             Loss/Loss_alpha |        1.36e-05 |
|               Loss/Loss_state_action_metric |           0.294 |
|                      Loss/Loss_state_metric |            0.19 |
|             Loss/Loss_state_action_to_state |         0.00142 |
|                           Loss/Act_rep_loss |          0.0517 |
|                        Loss/Critic_rep_loss |             4.7 |
|                                   SAC/Alpha |         0.00319 |
|                              SAC/LogPi_mean |            1.98 |
|                                 SAC/Q1_mean |             5.7 |
|                                 SAC/Q2_mean |            5.69 |
|                            Norm/actor_model |             128 |
|                           Norm/critic_model |             123 |
|              Norm/state_action_metric_model |             107 |
|                     Norm/state_metric_model |             109 |
|        Norm/state_action_state_metric_model |             105 |
|                  Metric/self_state_distance |        0.000932 |
|                 Metric/cross_state_distance |            1.34 |
|           Metric/self_state_action_distance |         0.00125 |
|          Metric/cross_state_action_distance |            1.46 |
|             Metric/avg_self_state_asymmetry |               0 |
|            Metric/avg_cross_state_asymmetry |         0.00926 |
|                Metric/avg_self_sa_asymmetry |               0 |
|               Metric/avg_cross_sa_asymmetry |          0.0133 |
|  Metric/self_state_action_to_state_distance |         0.00019 |
| Metric/cross_state_action_to_state_distance |            1.46 |
|                   Metric/h_lambda_diff_self |         0.00114 |
|                  Metric/h_lambda_diff_cross |          0.0153 |
|                                 Eval/Return |            79.2 |
-----------------------------------------------------------------
-----------------------------------------------------------------
|                                 Train/Steps |        3.59e+06 |
|                            Loss/Loss_critic |          0.0152 |
|                             Loss/Loss_actor |           -6.64 |
|                             Loss/Loss_alpha |        -0.00124 |
|               Loss/Loss_state_action_metric |           0.442 |
|                      Loss/Loss_state_metric |            0.26 |
|             Loss/Loss_state_action_to_state |           0.001 |
|                           Loss/Act_rep_loss |          0.0473 |
|                        Loss/Critic_rep_loss |            5.65 |
|                                   SAC/Alpha |         0.00327 |
|                              SAC/LogPi_mean |            2.35 |
|                                 SAC/Q1_mean |            6.59 |
|                                 SAC/Q2_mean |            6.59 |
|                            Norm/actor_model |             131 |
|                           Norm/critic_model |             125 |
|              Norm/state_action_metric_model |             109 |
|                     Norm/state_metric_model |             112 |
|        Norm/state_action_state_metric_model |             107 |
|                  Metric/self_state_distance |         0.00112 |
|                 Metric/cross_state_distance |            1.51 |
|           Metric/self_state_action_distance |         0.00471 |
|          Metric/cross_state_action_distance |             1.7 |
|             Metric/avg_self_state_asymmetry |               0 |
|            Metric/avg_cross_state_asymmetry |         0.00974 |
|                Metric/avg_self_sa_asymmetry |               0 |
|               Metric/avg_cross_sa_asymmetry |          0.0158 |
|  Metric/self_state_action_to_state_distance |        0.000934 |
| Metric/cross_state_action_to_state_distance |             1.7 |
|                   Metric/h_lambda_diff_self |         0.00427 |
|                  Metric/h_lambda_diff_cross |          0.0219 |
|                                 Eval/Return |             103 |
-----------------------------------------------------------------
-----------------------------------------------------------------
|                                 Train/Steps |        3.72e+06 |
|                            Loss/Loss_critic |          0.0128 |
|                             Loss/Loss_actor |           -6.46 |
|                             Loss/Loss_alpha |       -0.000317 |
|               Loss/Loss_state_action_metric |           0.336 |
|                      Loss/Loss_state_metric |           0.196 |
|             Loss/Loss_state_action_to_state |        0.000572 |
|                           Loss/Act_rep_loss |          0.0487 |
|                        Loss/Critic_rep_loss |            5.51 |
|                                   SAC/Alpha |         0.00319 |
|                              SAC/LogPi_mean |            2.15 |
|                                 SAC/Q1_mean |            6.41 |
|                                 SAC/Q2_mean |            6.41 |
|                            Norm/actor_model |             134 |
|                           Norm/critic_model |             127 |
|              Norm/state_action_metric_model |             111 |
|                     Norm/state_metric_model |             114 |
|        Norm/state_action_state_metric_model |             109 |
|                  Metric/self_state_distance |          0.0015 |
|                 Metric/cross_state_distance |             1.4 |
|           Metric/self_state_action_distance |        0.000849 |
|          Metric/cross_state_action_distance |            1.55 |
|             Metric/avg_self_state_asymmetry |               0 |
|            Metric/avg_cross_state_asymmetry |          0.0081 |
|                Metric/avg_self_sa_asymmetry |               0 |
|               Metric/avg_cross_sa_asymmetry |          0.0152 |
|  Metric/self_state_action_to_state_distance |         0.00126 |
| Metric/cross_state_action_to_state_distance |            1.54 |
|                   Metric/h_lambda_diff_self |          0.0014 |
|                  Metric/h_lambda_diff_cross |           0.017 |
|                                 Eval/Return |             102 |
-----------------------------------------------------------------
-----------------------------------------------------------------
|                                 Train/Steps |        3.85e+06 |
|                            Loss/Loss_critic |         0.00983 |
|                             Loss/Loss_actor |           -6.43 |
|                             Loss/Loss_alpha |        0.000219 |
|               Loss/Loss_state_action_metric |           0.355 |
|                      Loss/Loss_state_metric |           0.214 |
|             Loss/Loss_state_action_to_state |        0.000613 |
|                           Loss/Act_rep_loss |          0.0466 |
|                        Loss/Critic_rep_loss |            5.23 |
|                                   SAC/Alpha |         0.00338 |
|                              SAC/LogPi_mean |            2.06 |
|                                 SAC/Q1_mean |            6.41 |
|                                 SAC/Q2_mean |            6.41 |
|                            Norm/actor_model |             136 |
|                           Norm/critic_model |             129 |
|              Norm/state_action_metric_model |             114 |
|                     Norm/state_metric_model |             117 |
|        Norm/state_action_state_metric_model |             111 |
|                  Metric/self_state_distance |        0.000972 |
|                 Metric/cross_state_distance |            1.41 |
|           Metric/self_state_action_distance |         0.00436 |
|          Metric/cross_state_action_distance |            1.57 |
|             Metric/avg_self_state_asymmetry |               0 |
|            Metric/avg_cross_state_asymmetry |         0.00772 |
|                Metric/avg_self_sa_asymmetry |               0 |
|               Metric/avg_cross_sa_asymmetry |          0.0134 |
|  Metric/self_state_action_to_state_distance |        0.000123 |
| Metric/cross_state_action_to_state_distance |            1.57 |
|                   Metric/h_lambda_diff_self |         0.00424 |
|                  Metric/h_lambda_diff_cross |          0.0166 |
|                                 Eval/Return |            88.1 |
-----------------------------------------------------------------
-----------------------------------------------------------------
|                                 Train/Steps |        3.98e+06 |
|                            Loss/Loss_critic |           0.023 |
|                             Loss/Loss_actor |           -6.36 |
|                             Loss/Loss_alpha |        0.000476 |
|               Loss/Loss_state_action_metric |            0.39 |
|                      Loss/Loss_state_metric |           0.214 |
|             Loss/Loss_state_action_to_state |        0.000382 |
|                           Loss/Act_rep_loss |          0.0503 |
|                        Loss/Critic_rep_loss |            5.61 |
|                                   SAC/Alpha |         0.00347 |
|                              SAC/LogPi_mean |             1.9 |
|                                 SAC/Q1_mean |            6.31 |
|                                 SAC/Q2_mean |            6.33 |
|                            Norm/actor_model |             139 |
|                           Norm/critic_model |             131 |
|              Norm/state_action_metric_model |             116 |
|                     Norm/state_metric_model |             120 |
|        Norm/state_action_state_metric_model |             114 |
|                  Metric/self_state_distance |        0.000699 |
|                 Metric/cross_state_distance |            1.38 |
|           Metric/self_state_action_distance |         0.00211 |
|          Metric/cross_state_action_distance |            1.52 |
|             Metric/avg_self_state_asymmetry |               0 |
|            Metric/avg_cross_state_asymmetry |         0.00834 |
|                Metric/avg_self_sa_asymmetry |               0 |
|               Metric/avg_cross_sa_asymmetry |          0.0146 |
|  Metric/self_state_action_to_state_distance |        2.21e-05 |
| Metric/cross_state_action_to_state_distance |            1.52 |
|                   Metric/h_lambda_diff_self |         0.00209 |
|                  Metric/h_lambda_diff_cross |          0.0139 |
|                                 Eval/Return |            94.1 |
-----------------------------------------------------------------
-----------------------------------------------------------------
|                                 Train/Steps |         4.1e+06 |
|                            Loss/Loss_critic |         0.00979 |
|                             Loss/Loss_actor |           -6.36 |
|                             Loss/Loss_alpha |         0.00116 |
|               Loss/Loss_state_action_metric |           0.384 |
|                      Loss/Loss_state_metric |           0.239 |
|             Loss/Loss_state_action_to_state |        0.000318 |
|                           Loss/Act_rep_loss |          0.0534 |
|                        Loss/Critic_rep_loss |            5.28 |
|                                   SAC/Alpha |         0.00324 |
|                              SAC/LogPi_mean |            1.73 |
|                                 SAC/Q1_mean |            6.33 |
|                                 SAC/Q2_mean |            6.33 |
|                            Norm/actor_model |             141 |
|                           Norm/critic_model |             133 |
|              Norm/state_action_metric_model |             118 |
|                     Norm/state_metric_model |             123 |
|        Norm/state_action_state_metric_model |             116 |
|                  Metric/self_state_distance |         0.00207 |
|                 Metric/cross_state_distance |            1.43 |
|           Metric/self_state_action_distance |         0.00558 |
|          Metric/cross_state_action_distance |            1.59 |
|             Metric/avg_self_state_asymmetry |               0 |
|            Metric/avg_cross_state_asymmetry |         0.00756 |
|                Metric/avg_self_sa_asymmetry |               0 |
|               Metric/avg_cross_sa_asymmetry |          0.0132 |
|  Metric/self_state_action_to_state_distance |        0.000145 |
| Metric/cross_state_action_to_state_distance |             1.6 |
|                   Metric/h_lambda_diff_self |         0.00544 |
|                  Metric/h_lambda_diff_cross |          0.0173 |
|                                 Eval/Return |              89 |
-----------------------------------------------------------------
[32mSaving model …[0m
[32mDone.[0m
[32mSaving model …[0m
[32mDone.[0m
-----------------------------------------------------------------
|                                 Train/Steps |        4.23e+06 |
|                            Loss/Loss_critic |         0.00974 |
|                             Loss/Loss_actor |           -6.64 |
|                             Loss/Loss_alpha |        0.000274 |
|               Loss/Loss_state_action_metric |           0.369 |
|                      Loss/Loss_state_metric |           0.227 |
|             Loss/Loss_state_action_to_state |        0.000421 |
|                           Loss/Act_rep_loss |          0.0481 |
|                        Loss/Critic_rep_loss |            5.84 |
|                                   SAC/Alpha |         0.00333 |
|                              SAC/LogPi_mean |             1.8 |
|                                 SAC/Q1_mean |             6.6 |
|                                 SAC/Q2_mean |            6.61 |
|                            Norm/actor_model |             144 |
|                           Norm/critic_model |             135 |
|              Norm/state_action_metric_model |             120 |
|                     Norm/state_metric_model |             126 |
|        Norm/state_action_state_metric_model |             118 |
|                  Metric/self_state_distance |         0.00148 |
|                 Metric/cross_state_distance |            1.43 |
|           Metric/self_state_action_distance |          0.0023 |
|          Metric/cross_state_action_distance |             1.6 |
|             Metric/avg_self_state_asymmetry |               0 |
|            Metric/avg_cross_state_asymmetry |         0.00704 |
|                Metric/avg_self_sa_asymmetry |               0 |
|               Metric/avg_cross_sa_asymmetry |          0.0119 |
|  Metric/self_state_action_to_state_distance |        0.000342 |
| Metric/cross_state_action_to_state_distance |            1.59 |
|                   Metric/h_lambda_diff_self |         0.00221 |
|                  Metric/h_lambda_diff_cross |            0.02 |
|                                 Eval/Return |             114 |
-----------------------------------------------------------------
-----------------------------------------------------------------
|                                 Train/Steps |        4.36e+06 |
|                            Loss/Loss_critic |           0.013 |
|                             Loss/Loss_actor |           -7.07 |
|                             Loss/Loss_alpha |       -0.000301 |
|               Loss/Loss_state_action_metric |           0.474 |
|                      Loss/Loss_state_metric |           0.283 |
|             Loss/Loss_state_action_to_state |         0.00037 |
|                           Loss/Act_rep_loss |          0.0484 |
|                        Loss/Critic_rep_loss |             6.2 |
|                                   SAC/Alpha |         0.00327 |
|                              SAC/LogPi_mean |               2 |
|                                 SAC/Q1_mean |            7.05 |
|                                 SAC/Q2_mean |            7.05 |
|                            Norm/actor_model |             146 |
|                           Norm/critic_model |             136 |
|              Norm/state_action_metric_model |             122 |
|                     Norm/state_metric_model |             129 |
|        Norm/state_action_state_metric_model |             120 |
|                  Metric/self_state_distance |         0.00163 |
|                 Metric/cross_state_distance |            1.49 |
|           Metric/self_state_action_distance |         0.00314 |
|          Metric/cross_state_action_distance |            1.74 |
|             Metric/avg_self_state_asymmetry |               0 |
|            Metric/avg_cross_state_asymmetry |         0.00879 |
|                Metric/avg_self_sa_asymmetry |               0 |
|               Metric/avg_cross_sa_asymmetry |          0.0128 |
|  Metric/self_state_action_to_state_distance |        0.000485 |
| Metric/cross_state_action_to_state_distance |            1.74 |
|                   Metric/h_lambda_diff_self |         0.00284 |
|                  Metric/h_lambda_diff_cross |          0.0134 |
|                                 Eval/Return |            96.4 |
-----------------------------------------------------------------
-----------------------------------------------------------------
|                                 Train/Steps |        4.49e+06 |
|                            Loss/Loss_critic |           0.011 |
|                             Loss/Loss_actor |           -7.34 |
|                             Loss/Loss_alpha |       -0.000693 |
|               Loss/Loss_state_action_metric |             0.4 |
|                      Loss/Loss_state_metric |           0.247 |
|             Loss/Loss_state_action_to_state |        0.000504 |
|                           Loss/Act_rep_loss |          0.0482 |
|                        Loss/Critic_rep_loss |            6.27 |
|                                   SAC/Alpha |         0.00357 |
|                              SAC/LogPi_mean |            2.08 |
|                                 SAC/Q1_mean |            7.31 |
|                                 SAC/Q2_mean |             7.3 |
|                            Norm/actor_model |             148 |
|                           Norm/critic_model |             138 |
|              Norm/state_action_metric_model |             125 |
|                     Norm/state_metric_model |             131 |
|        Norm/state_action_state_metric_model |             122 |
|                  Metric/self_state_distance |         0.00152 |
|                 Metric/cross_state_distance |            1.47 |
|           Metric/self_state_action_distance |         0.00438 |
|          Metric/cross_state_action_distance |            1.64 |
|             Metric/avg_self_state_asymmetry |               0 |
|            Metric/avg_cross_state_asymmetry |         0.00882 |
|                Metric/avg_self_sa_asymmetry |               0 |
|               Metric/avg_cross_sa_asymmetry |          0.0134 |
|  Metric/self_state_action_to_state_distance |        0.000555 |
| Metric/cross_state_action_to_state_distance |            1.67 |
|                   Metric/h_lambda_diff_self |         0.00419 |
|                  Metric/h_lambda_diff_cross |          0.0297 |
|                                 Eval/Return |              91 |
-----------------------------------------------------------------
-----------------------------------------------------------------
|                                 Train/Steps |        4.62e+06 |
|                            Loss/Loss_critic |          0.0076 |
|                             Loss/Loss_actor |           -7.34 |
|                             Loss/Loss_alpha |         0.00113 |
|               Loss/Loss_state_action_metric |           0.455 |
|                      Loss/Loss_state_metric |           0.282 |
|             Loss/Loss_state_action_to_state |        0.000672 |
|                           Loss/Act_rep_loss |          0.0417 |
|                        Loss/Critic_rep_loss |             6.1 |
|                                   SAC/Alpha |         0.00384 |
|                              SAC/LogPi_mean |            1.83 |
|                                 SAC/Q1_mean |            7.31 |
|                                 SAC/Q2_mean |            7.31 |
|                            Norm/actor_model |             150 |
|                           Norm/critic_model |             140 |
|              Norm/state_action_metric_model |             127 |
|                     Norm/state_metric_model |             134 |
|        Norm/state_action_state_metric_model |             124 |
|                  Metric/self_state_distance |         0.00146 |
|                 Metric/cross_state_distance |            1.51 |
|           Metric/self_state_action_distance |         0.00156 |
|          Metric/cross_state_action_distance |            1.73 |
|             Metric/avg_self_state_asymmetry |               0 |
|            Metric/avg_cross_state_asymmetry |         0.00812 |
|                Metric/avg_self_sa_asymmetry |               0 |
|               Metric/avg_cross_sa_asymmetry |          0.0159 |
|  Metric/self_state_action_to_state_distance |        9.37e-05 |
| Metric/cross_state_action_to_state_distance |            1.73 |
|                   Metric/h_lambda_diff_self |         0.00148 |
|                  Metric/h_lambda_diff_cross |          0.0199 |
|                                 Eval/Return |            82.4 |
-----------------------------------------------------------------
-----------------------------------------------------------------
|                                 Train/Steps |        4.74e+06 |
|                            Loss/Loss_critic |          0.0168 |
|                             Loss/Loss_actor |            -7.6 |
|                             Loss/Loss_alpha |        -0.00033 |
|               Loss/Loss_state_action_metric |           0.561 |
|                      Loss/Loss_state_metric |           0.349 |
|             Loss/Loss_state_action_to_state |         0.00144 |
|                           Loss/Act_rep_loss |          0.0384 |
|                        Loss/Critic_rep_loss |            6.82 |
|                                   SAC/Alpha |         0.00377 |
|                              SAC/LogPi_mean |            2.02 |
|                                 SAC/Q1_mean |            7.57 |
|                                 SAC/Q2_mean |            7.58 |
|                            Norm/actor_model |             152 |
|                           Norm/critic_model |             141 |
|              Norm/state_action_metric_model |             129 |
|                     Norm/state_metric_model |             137 |
|        Norm/state_action_state_metric_model |             126 |
|                  Metric/self_state_distance |        0.000457 |
|                 Metric/cross_state_distance |            1.63 |
|           Metric/self_state_action_distance |         0.00242 |
|          Metric/cross_state_action_distance |            1.86 |
|             Metric/avg_self_state_asymmetry |               0 |
|            Metric/avg_cross_state_asymmetry |          0.0104 |
|                Metric/avg_self_sa_asymmetry |               0 |
|               Metric/avg_cross_sa_asymmetry |          0.0167 |
|  Metric/self_state_action_to_state_distance |        9.98e-05 |
| Metric/cross_state_action_to_state_distance |            1.88 |
|                   Metric/h_lambda_diff_self |         0.00233 |
|                  Metric/h_lambda_diff_cross |          0.0307 |
|                                 Eval/Return |            91.1 |
-----------------------------------------------------------------
-----------------------------------------------------------------
|                                 Train/Steps |        4.87e+06 |
|                            Loss/Loss_critic |         0.00987 |
|                             Loss/Loss_actor |           -7.88 |
|                             Loss/Loss_alpha |        -0.00116 |
|               Loss/Loss_state_action_metric |           0.507 |
|                      Loss/Loss_state_metric |           0.304 |
|             Loss/Loss_state_action_to_state |        0.000496 |
|                           Loss/Act_rep_loss |          0.0372 |
|                        Loss/Critic_rep_loss |             6.5 |
|                                   SAC/Alpha |         0.00365 |
|                              SAC/LogPi_mean |            2.18 |
|                                 SAC/Q1_mean |            7.84 |
|                                 SAC/Q2_mean |            7.85 |
|                            Norm/actor_model |             154 |
|                           Norm/critic_model |             143 |
|              Norm/state_action_metric_model |             131 |
|                     Norm/state_metric_model |             140 |
|        Norm/state_action_state_metric_model |             128 |
|                  Metric/self_state_distance |         0.00172 |
|                 Metric/cross_state_distance |            1.57 |
|           Metric/self_state_action_distance |         0.00215 |
|          Metric/cross_state_action_distance |             1.8 |
|             Metric/avg_self_state_asymmetry |               0 |
|            Metric/avg_cross_state_asymmetry |          0.0108 |
|                Metric/avg_self_sa_asymmetry |               0 |
|               Metric/avg_cross_sa_asymmetry |           0.015 |
|  Metric/self_state_action_to_state_distance |         0.00194 |
| Metric/cross_state_action_to_state_distance |            1.81 |
|                   Metric/h_lambda_diff_self |         0.00288 |
|                  Metric/h_lambda_diff_cross |          0.0179 |
|                                 Eval/Return |            91.5 |
-----------------------------------------------------------------
-----------------------------------------------------------------
|                                 Train/Steps |           5e+06 |
|                            Loss/Loss_critic |         0.00897 |
|                             Loss/Loss_actor |           -7.48 |
|                             Loss/Loss_alpha |        0.000954 |
|               Loss/Loss_state_action_metric |           0.542 |
|                      Loss/Loss_state_metric |           0.286 |
|             Loss/Loss_state_action_to_state |        0.000482 |
|                           Loss/Act_rep_loss |           0.042 |
|                        Loss/Critic_rep_loss |            6.29 |
|                                   SAC/Alpha |         0.00357 |
|                              SAC/LogPi_mean |            1.95 |
|                                 SAC/Q1_mean |            7.46 |
|                                 SAC/Q2_mean |            7.46 |
|                            Norm/actor_model |             156 |
|                           Norm/critic_model |             144 |
|              Norm/state_action_metric_model |             133 |
|                     Norm/state_metric_model |             143 |
|        Norm/state_action_state_metric_model |             130 |
|                  Metric/self_state_distance |         0.00065 |
|                 Metric/cross_state_distance |            1.51 |
|           Metric/self_state_action_distance |         0.00293 |
|          Metric/cross_state_action_distance |            1.76 |
|             Metric/avg_self_state_asymmetry |               0 |
|            Metric/avg_cross_state_asymmetry |         0.00878 |
|                Metric/avg_self_sa_asymmetry |               0 |
|               Metric/avg_cross_sa_asymmetry |          0.0148 |
|  Metric/self_state_action_to_state_distance |        0.000189 |
| Metric/cross_state_action_to_state_distance |            1.76 |
|                   Metric/h_lambda_diff_self |         0.00277 |
|                  Metric/h_lambda_diff_cross |          0.0169 |
|                                 Eval/Return |            99.6 |
-----------------------------------------------------------------
[32mSaving model …[0m
[32mDone.[0m
[32mSaving model …[0m
[32mDone.[0m
