E0905 05:21:00.371531  694087 cuda_executor.cc:1526] Could not get kernel mode driver version: (INVALID_ARGUMENT: Version does not match the format X.Y.Z)
E0905 05:21:00.380037  693978 cuda_executor.cc:1526] Could not get kernel mode driver version: (INVALID_ARGUMENT: Version does not match the format X.Y.Z)
[32mStart prefilling replay buffer[0m
[32mStart SAC training[0m
[32m{'log_freq': 1000, 'save_freq': 1000000, 'eval_episode_freq': 10, 'hidden_size': 256, 'lr': 0.001, 'max_grad_norm': 0.0, 'gamma': 0.99, 'update_tau': 0.005, 'train_per_step': 8, 'episode_length': 1000, 'warmup_samples': 8192, 'max_replay_size': 4000000, 'batch_size': 512, 'total_env_steps': 5000000, 'init_temperature': 0.1, 'nstep': 3, 'bootstrap_on_truncation': True, 'rep_lr_scale': 1.5, 'critic_rep_metric_scale': 1.0, 'critic_rep_scale': 0.05, 'vis_feq': 100000, 'n_vis_frames': 4, 'num_envs': 128, 'grad_steps': 50, 'transfer_freq': 10, 'transfer_steps': 8, 'reward_scaling': 1.0, 'num_eval_envs': 128, 'target_entropy': -1.0}[0m
[32m[nstep] nstep=3 bootstrap_on_truncation=True (discount from the buffer already contains gamma^nstep)[0m
-----------------------------------------------------------------
|                                 Train/Steps |        1.36e+05 |
|                            Loss/Loss_critic |           0.705 |
|                             Loss/Loss_actor |            -5.8 |
|                             Loss/Loss_alpha |        -0.00567 |
|               Loss/Loss_state_action_metric |           0.901 |
|                      Loss/Loss_state_metric |           0.281 |
|             Loss/Loss_state_action_to_state |         0.00474 |
|                           Loss/Act_rep_loss |          0.0253 |
|                        Loss/Critic_rep_loss |            7.99 |
|                                   SAC/Alpha |         0.00933 |
|                              SAC/LogPi_mean |            1.71 |
|                                 SAC/Q1_mean |            5.75 |
|                                 SAC/Q2_mean |            5.74 |
|                            Norm/actor_model |            47.3 |
|                           Norm/critic_model |            82.9 |
|              Norm/state_action_metric_model |            29.6 |
|                     Norm/state_metric_model |            30.1 |
|        Norm/state_action_state_metric_model |            29.3 |
|                  Metric/self_state_distance |         0.00508 |
|                 Metric/cross_state_distance |            1.33 |
|           Metric/self_state_action_distance |          0.0489 |
|          Metric/cross_state_action_distance |            1.69 |
|             Metric/avg_self_state_asymmetry |               0 |
|            Metric/avg_cross_state_asymmetry |          0.0349 |
|                Metric/avg_self_sa_asymmetry |               0 |
|               Metric/avg_cross_sa_asymmetry |          0.0335 |
|  Metric/self_state_action_to_state_distance |          0.0135 |
| Metric/cross_state_action_to_state_distance |            1.67 |
|                   Metric/h_lambda_diff_self |          0.0398 |
|                  Metric/h_lambda_diff_cross |          0.0692 |
|                                 Eval/Return |             160 |
-----------------------------------------------------------------
-----------------------------------------------------------------
|                                 Train/Steps |        2.64e+05 |
|                            Loss/Loss_critic |           0.857 |
|                             Loss/Loss_actor |           -15.9 |
|                             Loss/Loss_alpha |        -0.00102 |
|               Loss/Loss_state_action_metric |            1.76 |
|                      Loss/Loss_state_metric |           0.554 |
|             Loss/Loss_state_action_to_state |         0.00604 |
|                           Loss/Act_rep_loss |          0.0363 |
|                        Loss/Critic_rep_loss |            20.9 |
|                                   SAC/Alpha |          0.0224 |
|                              SAC/LogPi_mean |            1.03 |
|                                 SAC/Q1_mean |            15.8 |
|                                 SAC/Q2_mean |            15.8 |
|                            Norm/actor_model |            61.9 |
|                           Norm/critic_model |             106 |
|              Norm/state_action_metric_model |            32.6 |
|                     Norm/state_metric_model |            37.9 |
|        Norm/state_action_state_metric_model |            31.2 |
|                  Metric/self_state_distance |         0.00432 |
|                 Metric/cross_state_distance |            1.81 |
|           Metric/self_state_action_distance |          0.0459 |
|          Metric/cross_state_action_distance |            2.41 |
|             Metric/avg_self_state_asymmetry |               0 |
|            Metric/avg_cross_state_asymmetry |           0.052 |
|                Metric/avg_self_sa_asymmetry |               0 |
|               Metric/avg_cross_sa_asymmetry |          0.0487 |
|  Metric/self_state_action_to_state_distance |         0.00544 |
| Metric/cross_state_action_to_state_distance |            2.39 |
|                   Metric/h_lambda_diff_self |          0.0434 |
|                  Metric/h_lambda_diff_cross |          0.0701 |
|                                 Eval/Return |             252 |
-----------------------------------------------------------------
-----------------------------------------------------------------
|                                 Train/Steps |        3.92e+05 |
|                            Loss/Loss_critic |           0.581 |
|                             Loss/Loss_actor |           -23.4 |
|                             Loss/Loss_alpha |       -0.000403 |
|               Loss/Loss_state_action_metric |            1.96 |
|                      Loss/Loss_state_metric |           0.837 |
|             Loss/Loss_state_action_to_state |         0.00972 |
|                           Loss/Act_rep_loss |          0.0417 |
|                        Loss/Critic_rep_loss |            31.7 |
|                                   SAC/Alpha |          0.0265 |
|                              SAC/LogPi_mean |           0.908 |
|                                 SAC/Q1_mean |            23.2 |
|                                 SAC/Q2_mean |            23.3 |
|                            Norm/actor_model |            72.2 |
|                           Norm/critic_model |             123 |
|              Norm/state_action_metric_model |            36.3 |
|                     Norm/state_metric_model |            50.1 |
|        Norm/state_action_state_metric_model |            34.4 |
|                  Metric/self_state_distance |          0.0101 |
|                 Metric/cross_state_distance |            1.98 |
|           Metric/self_state_action_distance |          0.0243 |
|          Metric/cross_state_action_distance |            2.68 |
|             Metric/avg_self_state_asymmetry |               0 |
|            Metric/avg_cross_state_asymmetry |           0.023 |
|                Metric/avg_self_sa_asymmetry |               0 |
|               Metric/avg_cross_sa_asymmetry |          0.0557 |
|  Metric/self_state_action_to_state_distance |         0.00647 |
| Metric/cross_state_action_to_state_distance |            2.68 |
|                   Metric/h_lambda_diff_self |          0.0185 |
|                  Metric/h_lambda_diff_cross |          0.0708 |
|                                 Eval/Return |             290 |
-----------------------------------------------------------------
-----------------------------------------------------------------
|                                 Train/Steps |         5.2e+05 |
|                            Loss/Loss_critic |           0.928 |
|                             Loss/Loss_actor |             -31 |
|                             Loss/Loss_alpha |         -0.0035 |
|               Loss/Loss_state_action_metric |            2.23 |
|                      Loss/Loss_state_metric |            1.02 |
|             Loss/Loss_state_action_to_state |         0.00395 |
|                           Loss/Act_rep_loss |          0.0294 |
|                        Loss/Critic_rep_loss |            36.3 |
|                                   SAC/Alpha |           0.029 |
|                              SAC/LogPi_mean |            1.14 |
|                                 SAC/Q1_mean |            30.8 |
|                                 SAC/Q2_mean |            30.9 |
|                            Norm/actor_model |            81.4 |
|                           Norm/critic_model |             135 |
|              Norm/state_action_metric_model |              40 |
|                     Norm/state_metric_model |            56.6 |
|        Norm/state_action_state_metric_model |            38.1 |
|                  Metric/self_state_distance |         0.00652 |
|                 Metric/cross_state_distance |             2.1 |
|           Metric/self_state_action_distance |          0.0147 |
|          Metric/cross_state_action_distance |            2.95 |
|             Metric/avg_self_state_asymmetry |               0 |
|            Metric/avg_cross_state_asymmetry |          0.0538 |
|                Metric/avg_self_sa_asymmetry |               0 |
|               Metric/avg_cross_sa_asymmetry |          0.0446 |
|  Metric/self_state_action_to_state_distance |          0.0101 |
| Metric/cross_state_action_to_state_distance |            2.95 |
|                   Metric/h_lambda_diff_self |         0.00841 |
|                  Metric/h_lambda_diff_cross |          0.0592 |
|                                 Eval/Return |             420 |
-----------------------------------------------------------------
-----------------------------------------------------------------
|                                 Train/Steps |        6.48e+05 |
|                            Loss/Loss_critic |            1.07 |
|                             Loss/Loss_actor |           -36.2 |
|                             Loss/Loss_alpha |         0.00523 |
|               Loss/Loss_state_action_metric |            2.63 |
|                      Loss/Loss_state_metric |             1.2 |
|             Loss/Loss_state_action_to_state |         0.00519 |
|                           Loss/Act_rep_loss |          0.0376 |
|                        Loss/Critic_rep_loss |            43.1 |
|                                   SAC/Alpha |          0.0238 |
|                              SAC/LogPi_mean |           0.664 |
|                                 SAC/Q1_mean |            36.1 |
|                                 SAC/Q2_mean |            36.3 |
|                            Norm/actor_model |            89.1 |
|                           Norm/critic_model |             147 |
|              Norm/state_action_metric_model |            43.4 |
|                     Norm/state_metric_model |            61.9 |
|        Norm/state_action_state_metric_model |            41.2 |
|                  Metric/self_state_distance |         0.00252 |
|                 Metric/cross_state_distance |            2.46 |
|           Metric/self_state_action_distance |          0.0234 |
|          Metric/cross_state_action_distance |            3.24 |
|             Metric/avg_self_state_asymmetry |               0 |
|            Metric/avg_cross_state_asymmetry |          0.0385 |
|                Metric/avg_self_sa_asymmetry |               0 |
|               Metric/avg_cross_sa_asymmetry |          0.0432 |
|  Metric/self_state_action_to_state_distance |         0.00569 |
| Metric/cross_state_action_to_state_distance |            3.25 |
|                   Metric/h_lambda_diff_self |          0.0181 |
|                  Metric/h_lambda_diff_cross |          0.0818 |
|                                 Eval/Return |             428 |
-----------------------------------------------------------------
-----------------------------------------------------------------
|                                 Train/Steps |        7.76e+05 |
|                            Loss/Loss_critic |           0.716 |
|                             Loss/Loss_actor |           -37.9 |
|                             Loss/Loss_alpha |        -0.00272 |
|               Loss/Loss_state_action_metric |            2.69 |
|                      Loss/Loss_state_metric |           0.875 |
|             Loss/Loss_state_action_to_state |         0.00434 |
|                           Loss/Act_rep_loss |          0.0273 |
|                        Loss/Critic_rep_loss |              39 |
|                                   SAC/Alpha |          0.0227 |
|                              SAC/LogPi_mean |           0.989 |
|                                 SAC/Q1_mean |            37.8 |
|                                 SAC/Q2_mean |            37.8 |
|                            Norm/actor_model |            95.8 |
|                           Norm/critic_model |             162 |
|              Norm/state_action_metric_model |            46.6 |
|                     Norm/state_metric_model |            68.3 |
|        Norm/state_action_state_metric_model |              44 |
|                  Metric/self_state_distance |         0.00355 |
|                 Metric/cross_state_distance |               2 |
|           Metric/self_state_action_distance |          0.0216 |
|          Metric/cross_state_action_distance |               3 |
|             Metric/avg_self_state_asymmetry |               0 |
|            Metric/avg_cross_state_asymmetry |          0.0252 |
|                Metric/avg_self_sa_asymmetry |               0 |
|               Metric/avg_cross_sa_asymmetry |          0.0496 |
|  Metric/self_state_action_to_state_distance |         0.00761 |
| Metric/cross_state_action_to_state_distance |            2.97 |
|                   Metric/h_lambda_diff_self |          0.0155 |
|                  Metric/h_lambda_diff_cross |            0.07 |
|                                 Eval/Return |             423 |
-----------------------------------------------------------------
-----------------------------------------------------------------
|                                 Train/Steps |        9.04e+05 |
|                            Loss/Loss_critic |            2.07 |
|                             Loss/Loss_actor |           -39.4 |
|                             Loss/Loss_alpha |       -0.000226 |
|               Loss/Loss_state_action_metric |            3.07 |
|                      Loss/Loss_state_metric |            1.14 |
|             Loss/Loss_state_action_to_state |         0.00527 |
|                           Loss/Act_rep_loss |          0.0227 |
|                        Loss/Critic_rep_loss |            43.1 |
|                                   SAC/Alpha |           0.022 |
|                              SAC/LogPi_mean |            1.09 |
|                                 SAC/Q1_mean |            39.2 |
|                                 SAC/Q2_mean |            39.3 |
|                            Norm/actor_model |             102 |
|                           Norm/critic_model |             182 |
|              Norm/state_action_metric_model |            49.6 |
|                     Norm/state_metric_model |            72.8 |
|        Norm/state_action_state_metric_model |              47 |
|                  Metric/self_state_distance |         0.00437 |
|                 Metric/cross_state_distance |            2.42 |
|           Metric/self_state_action_distance |          0.0291 |
|          Metric/cross_state_action_distance |            3.43 |
|             Metric/avg_self_state_asymmetry |               0 |
|            Metric/avg_cross_state_asymmetry |          0.0252 |
|                Metric/avg_self_sa_asymmetry |               0 |
|               Metric/avg_cross_sa_asymmetry |          0.0622 |
|  Metric/self_state_action_to_state_distance |          0.0043 |
| Metric/cross_state_action_to_state_distance |            3.42 |
|                   Metric/h_lambda_diff_self |          0.0268 |
|                  Metric/h_lambda_diff_cross |          0.0615 |
|                                 Eval/Return |             563 |
-----------------------------------------------------------------
-----------------------------------------------------------------
|                                 Train/Steps |        1.03e+06 |
|                            Loss/Loss_critic |            1.74 |
|                             Loss/Loss_actor |           -41.4 |
|                             Loss/Loss_alpha |        -0.00252 |
|               Loss/Loss_state_action_metric |            2.52 |
|                      Loss/Loss_state_metric |            1.09 |
|             Loss/Loss_state_action_to_state |         0.00495 |
|                           Loss/Act_rep_loss |          0.0193 |
|                        Loss/Critic_rep_loss |            42.1 |
|                                   SAC/Alpha |          0.0189 |
|                              SAC/LogPi_mean |            1.11 |
|                                 SAC/Q1_mean |            41.4 |
|                                 SAC/Q2_mean |            41.3 |
|                            Norm/actor_model |             109 |
|                           Norm/critic_model |             198 |
|              Norm/state_action_metric_model |            52.5 |
|                     Norm/state_metric_model |            77.6 |
|        Norm/state_action_state_metric_model |            49.6 |
|                  Metric/self_state_distance |         0.00184 |
|                 Metric/cross_state_distance |            2.19 |
|           Metric/self_state_action_distance |          0.0246 |
|          Metric/cross_state_action_distance |            3.22 |
|             Metric/avg_self_state_asymmetry |               0 |
|            Metric/avg_cross_state_asymmetry |          0.0342 |
|                Metric/avg_self_sa_asymmetry |               0 |
|               Metric/avg_cross_sa_asymmetry |          0.0489 |
|  Metric/self_state_action_to_state_distance |         0.00297 |
| Metric/cross_state_action_to_state_distance |            3.21 |
|                   Metric/h_lambda_diff_self |           0.022 |
|                  Metric/h_lambda_diff_cross |          0.0825 |
|                                 Eval/Return |             524 |
-----------------------------------------------------------------
[32mSaving model …[0m
[32mDone.[0m
[32mSaving model …[0m
[32mDone.[0m
-----------------------------------------------------------------
|                                 Train/Steps |        1.16e+06 |
|                            Loss/Loss_critic |           0.536 |
|                             Loss/Loss_actor |           -46.2 |
|                             Loss/Loss_alpha |         0.00341 |
|               Loss/Loss_state_action_metric |            2.83 |
|                      Loss/Loss_state_metric |            1.16 |
|             Loss/Loss_state_action_to_state |         0.00471 |
|                           Loss/Act_rep_loss |          0.0324 |
|                        Loss/Critic_rep_loss |            43.7 |
|                                   SAC/Alpha |          0.0206 |
|                              SAC/LogPi_mean |           0.901 |
|                                 SAC/Q1_mean |            46.3 |
|                                 SAC/Q2_mean |            46.1 |
|                            Norm/actor_model |             115 |
|                           Norm/critic_model |             208 |
|              Norm/state_action_metric_model |            55.3 |
|                     Norm/state_metric_model |            82.7 |
|        Norm/state_action_state_metric_model |            52.4 |
|                  Metric/self_state_distance |         0.00584 |
|                 Metric/cross_state_distance |            2.34 |
|           Metric/self_state_action_distance |          0.0234 |
|          Metric/cross_state_action_distance |            3.44 |
|             Metric/avg_self_state_asymmetry |               0 |
|            Metric/avg_cross_state_asymmetry |          0.0227 |
|                Metric/avg_self_sa_asymmetry |               0 |
|               Metric/avg_cross_sa_asymmetry |          0.0515 |
|  Metric/self_state_action_to_state_distance |         0.00225 |
| Metric/cross_state_action_to_state_distance |            3.35 |
|                   Metric/h_lambda_diff_self |          0.0211 |
|                  Metric/h_lambda_diff_cross |           0.111 |
|                                 Eval/Return |             497 |
-----------------------------------------------------------------
-----------------------------------------------------------------
|                                 Train/Steps |        1.29e+06 |
|                            Loss/Loss_critic |             1.4 |
|                             Loss/Loss_actor |           -48.7 |
|                             Loss/Loss_alpha |        -0.00184 |
|               Loss/Loss_state_action_metric |            3.06 |
|                      Loss/Loss_state_metric |             1.3 |
|             Loss/Loss_state_action_to_state |         0.00565 |
|                           Loss/Act_rep_loss |          0.0175 |
|                        Loss/Critic_rep_loss |            43.4 |
|                                   SAC/Alpha |           0.022 |
|                              SAC/LogPi_mean |            1.09 |
|                                 SAC/Q1_mean |            48.7 |
|                                 SAC/Q2_mean |            48.5 |
|                            Norm/actor_model |             120 |
|                           Norm/critic_model |             218 |
|              Norm/state_action_metric_model |            58.4 |
|                     Norm/state_metric_model |            87.4 |
|        Norm/state_action_state_metric_model |              55 |
|                  Metric/self_state_distance |         0.00352 |
|                 Metric/cross_state_distance |            2.48 |
|           Metric/self_state_action_distance |          0.0226 |
|          Metric/cross_state_action_distance |            3.53 |
|             Metric/avg_self_state_asymmetry |               0 |
|            Metric/avg_cross_state_asymmetry |          0.0268 |
|                Metric/avg_self_sa_asymmetry |               0 |
|               Metric/avg_cross_sa_asymmetry |          0.0497 |
|  Metric/self_state_action_to_state_distance |         0.00621 |
| Metric/cross_state_action_to_state_distance |            3.51 |
|                   Metric/h_lambda_diff_self |          0.0167 |
|                  Metric/h_lambda_diff_cross |           0.087 |
|                                 Eval/Return |             505 |
-----------------------------------------------------------------
-----------------------------------------------------------------
|                                 Train/Steps |        1.42e+06 |
|                            Loss/Loss_critic |           0.573 |
|                             Loss/Loss_actor |           -48.8 |
|                             Loss/Loss_alpha |       -0.000143 |
|               Loss/Loss_state_action_metric |             3.2 |
|                      Loss/Loss_state_metric |           0.864 |
|             Loss/Loss_state_action_to_state |         0.00592 |
|                           Loss/Act_rep_loss |         0.00628 |
|                        Loss/Critic_rep_loss |            43.5 |
|                                   SAC/Alpha |          0.0214 |
|                              SAC/LogPi_mean |            1.01 |
|                                 SAC/Q1_mean |            48.8 |
|                                 SAC/Q2_mean |            48.8 |
|                            Norm/actor_model |             125 |
|                           Norm/critic_model |             227 |
|              Norm/state_action_metric_model |            61.2 |
|                     Norm/state_metric_model |            90.6 |
|        Norm/state_action_state_metric_model |            57.7 |
|                  Metric/self_state_distance |         0.00244 |
|                 Metric/cross_state_distance |             2.4 |
|           Metric/self_state_action_distance |          0.0449 |
|          Metric/cross_state_action_distance |            3.61 |
|             Metric/avg_self_state_asymmetry |               0 |
|            Metric/avg_cross_state_asymmetry |           0.035 |
|                Metric/avg_self_sa_asymmetry |               0 |
|               Metric/avg_cross_sa_asymmetry |          0.0595 |
|  Metric/self_state_action_to_state_distance |          0.0121 |
| Metric/cross_state_action_to_state_distance |            3.63 |
|                   Metric/h_lambda_diff_self |          0.0333 |
|                  Metric/h_lambda_diff_cross |          0.0979 |
|                                 Eval/Return |             486 |
-----------------------------------------------------------------
-----------------------------------------------------------------
|                                 Train/Steps |        1.54e+06 |
|                            Loss/Loss_critic |           0.527 |
|                             Loss/Loss_actor |           -50.4 |
|                             Loss/Loss_alpha |         0.00286 |
|               Loss/Loss_state_action_metric |            3.07 |
|                      Loss/Loss_state_metric |            1.34 |
|             Loss/Loss_state_action_to_state |         0.00212 |
|                           Loss/Act_rep_loss |          0.0213 |
|                        Loss/Critic_rep_loss |            44.7 |
|                                   SAC/Alpha |          0.0214 |
|                              SAC/LogPi_mean |           0.861 |
|                                 SAC/Q1_mean |            50.4 |
|                                 SAC/Q2_mean |            50.5 |
|                            Norm/actor_model |             130 |
|                           Norm/critic_model |             238 |
|              Norm/state_action_metric_model |            63.6 |
|                     Norm/state_metric_model |            93.2 |
|        Norm/state_action_state_metric_model |            59.9 |
|                  Metric/self_state_distance |         0.00382 |
|                 Metric/cross_state_distance |            2.51 |
|           Metric/self_state_action_distance |          0.0199 |
|          Metric/cross_state_action_distance |            3.64 |
|             Metric/avg_self_state_asymmetry |               0 |
|            Metric/avg_cross_state_asymmetry |          0.0165 |
|                Metric/avg_self_sa_asymmetry |               0 |
|               Metric/avg_cross_sa_asymmetry |          0.0422 |
|  Metric/self_state_action_to_state_distance |          0.0026 |
| Metric/cross_state_action_to_state_distance |            3.61 |
|                   Metric/h_lambda_diff_self |          0.0174 |
|                  Metric/h_lambda_diff_cross |          0.0746 |
|                                 Eval/Return |             628 |
-----------------------------------------------------------------
-----------------------------------------------------------------
|                                 Train/Steps |        1.67e+06 |
|                            Loss/Loss_critic |            2.17 |
|                             Loss/Loss_actor |           -48.1 |
|                             Loss/Loss_alpha |        -0.00271 |
|               Loss/Loss_state_action_metric |            3.14 |
|                      Loss/Loss_state_metric |            1.42 |
|             Loss/Loss_state_action_to_state |          0.0107 |
|                           Loss/Act_rep_loss |          0.0169 |
|                        Loss/Critic_rep_loss |            45.1 |
|                                   SAC/Alpha |          0.0208 |
|                              SAC/LogPi_mean |             1.1 |
|                                 SAC/Q1_mean |              48 |
|                                 SAC/Q2_mean |            47.9 |
|                            Norm/actor_model |             135 |
|                           Norm/critic_model |             250 |
|              Norm/state_action_metric_model |            66.2 |
|                     Norm/state_metric_model |            95.7 |
|        Norm/state_action_state_metric_model |            62.2 |
|                  Metric/self_state_distance |         0.00423 |
|                 Metric/cross_state_distance |            2.53 |
|           Metric/self_state_action_distance |          0.0148 |
|          Metric/cross_state_action_distance |            3.61 |
|             Metric/avg_self_state_asymmetry |               0 |
|            Metric/avg_cross_state_asymmetry |          0.0225 |
|                Metric/avg_self_sa_asymmetry |               0 |
|               Metric/avg_cross_sa_asymmetry |          0.0567 |
|  Metric/self_state_action_to_state_distance |         0.00425 |
| Metric/cross_state_action_to_state_distance |            3.66 |
|                   Metric/h_lambda_diff_self |          0.0116 |
|                  Metric/h_lambda_diff_cross |          0.0818 |
|                                 Eval/Return |             512 |
-----------------------------------------------------------------
-----------------------------------------------------------------
|                                 Train/Steps |         1.8e+06 |
|                            Loss/Loss_critic |           0.993 |
|                             Loss/Loss_actor |           -51.9 |
|                             Loss/Loss_alpha |        -0.00277 |
|               Loss/Loss_state_action_metric |            3.04 |
|                      Loss/Loss_state_metric |            1.16 |
|             Loss/Loss_state_action_to_state |         0.00462 |
|                           Loss/Act_rep_loss |          0.0408 |
|                        Loss/Critic_rep_loss |            44.5 |
|                                   SAC/Alpha |          0.0186 |
|                              SAC/LogPi_mean |             1.1 |
|                                 SAC/Q1_mean |            51.9 |
|                                 SAC/Q2_mean |              52 |
|                            Norm/actor_model |             140 |
|                           Norm/critic_model |             263 |
|              Norm/state_action_metric_model |            68.7 |
|                     Norm/state_metric_model |            98.3 |
|        Norm/state_action_state_metric_model |            64.4 |
|                  Metric/self_state_distance |         0.00481 |
|                 Metric/cross_state_distance |            2.27 |
|           Metric/self_state_action_distance |          0.0139 |
|          Metric/cross_state_action_distance |            3.48 |
|             Metric/avg_self_state_asymmetry |               0 |
|            Metric/avg_cross_state_asymmetry |          0.0204 |
|                Metric/avg_self_sa_asymmetry |               0 |
|               Metric/avg_cross_sa_asymmetry |          0.0421 |
|  Metric/self_state_action_to_state_distance |         0.00219 |
| Metric/cross_state_action_to_state_distance |             3.5 |
|                   Metric/h_lambda_diff_self |          0.0126 |
|                  Metric/h_lambda_diff_cross |          0.0794 |
|                                 Eval/Return |             488 |
-----------------------------------------------------------------
-----------------------------------------------------------------
|                                 Train/Steps |        1.93e+06 |
|                            Loss/Loss_critic |           0.505 |
|                             Loss/Loss_actor |           -52.6 |
|                             Loss/Loss_alpha |        -0.00719 |
|               Loss/Loss_state_action_metric |            3.09 |
|                      Loss/Loss_state_metric |            1.07 |
|             Loss/Loss_state_action_to_state |         0.00299 |
|                           Loss/Act_rep_loss |           0.015 |
|                        Loss/Critic_rep_loss |            43.3 |
|                                   SAC/Alpha |          0.0185 |
|                              SAC/LogPi_mean |            1.36 |
|                                 SAC/Q1_mean |            52.5 |
|                                 SAC/Q2_mean |            52.5 |
|                            Norm/actor_model |             144 |
|                           Norm/critic_model |             277 |
|              Norm/state_action_metric_model |              71 |
|                     Norm/state_metric_model |             101 |
|        Norm/state_action_state_metric_model |            66.6 |
|                  Metric/self_state_distance |         0.00571 |
|                 Metric/cross_state_distance |            2.42 |
|           Metric/self_state_action_distance |          0.0133 |
|          Metric/cross_state_action_distance |            3.62 |
|             Metric/avg_self_state_asymmetry |               0 |
|            Metric/avg_cross_state_asymmetry |          0.0215 |
|                Metric/avg_self_sa_asymmetry |               0 |
|               Metric/avg_cross_sa_asymmetry |          0.0443 |
|  Metric/self_state_action_to_state_distance |          0.0022 |
| Metric/cross_state_action_to_state_distance |            3.65 |
|                   Metric/h_lambda_diff_self |          0.0113 |
|                  Metric/h_lambda_diff_cross |          0.0802 |
|                                 Eval/Return |             569 |
-----------------------------------------------------------------
-----------------------------------------------------------------
|                                 Train/Steps |        2.06e+06 |
|                            Loss/Loss_critic |           0.767 |
|                             Loss/Loss_actor |           -51.7 |
|                             Loss/Loss_alpha |        0.000215 |
|               Loss/Loss_state_action_metric |            3.15 |
|                      Loss/Loss_state_metric |            1.16 |
|             Loss/Loss_state_action_to_state |         0.00539 |
|                           Loss/Act_rep_loss |          0.0208 |
|                        Loss/Critic_rep_loss |            44.1 |
|                                   SAC/Alpha |          0.0174 |
|                              SAC/LogPi_mean |           0.965 |
|                                 SAC/Q1_mean |            51.7 |
|                                 SAC/Q2_mean |            51.7 |
|                            Norm/actor_model |             149 |
|                           Norm/critic_model |             291 |
|              Norm/state_action_metric_model |            73.5 |
|                     Norm/state_metric_model |             103 |
|        Norm/state_action_state_metric_model |            68.9 |
|                  Metric/self_state_distance |         0.00384 |
|                 Metric/cross_state_distance |            2.42 |
|           Metric/self_state_action_distance |          0.0216 |
|          Metric/cross_state_action_distance |            3.68 |
|             Metric/avg_self_state_asymmetry |               0 |
|            Metric/avg_cross_state_asymmetry |          0.0238 |
|                Metric/avg_self_sa_asymmetry |               0 |
|               Metric/avg_cross_sa_asymmetry |          0.0478 |
|  Metric/self_state_action_to_state_distance |         0.00307 |
| Metric/cross_state_action_to_state_distance |            3.67 |
|                   Metric/h_lambda_diff_self |          0.0197 |
|                  Metric/h_lambda_diff_cross |          0.0449 |
|                                 Eval/Return |             578 |
-----------------------------------------------------------------
[32mSaving model …[0m
[32mDone.[0m
[32mSaving model …[0m
[32mDone.[0m
-----------------------------------------------------------------
|                                 Train/Steps |        2.18e+06 |
|                            Loss/Loss_critic |           0.382 |
|                             Loss/Loss_actor |           -51.7 |
|                             Loss/Loss_alpha |        0.000843 |
|               Loss/Loss_state_action_metric |            3.32 |
|                      Loss/Loss_state_metric |            1.32 |
|             Loss/Loss_state_action_to_state |         0.00323 |
|                           Loss/Act_rep_loss |          0.0152 |
|                        Loss/Critic_rep_loss |            45.2 |
|                                   SAC/Alpha |          0.0178 |
|                              SAC/LogPi_mean |           0.993 |
|                                 SAC/Q1_mean |            51.6 |
|                                 SAC/Q2_mean |            51.7 |
|                            Norm/actor_model |             153 |
|                           Norm/critic_model |             304 |
|              Norm/state_action_metric_model |            75.8 |
|                     Norm/state_metric_model |             106 |
|        Norm/state_action_state_metric_model |            71.2 |
|                  Metric/self_state_distance |         0.00261 |
|                 Metric/cross_state_distance |            2.47 |
|           Metric/self_state_action_distance |          0.0112 |
|          Metric/cross_state_action_distance |            3.65 |
|             Metric/avg_self_state_asymmetry |               0 |
|            Metric/avg_cross_state_asymmetry |          0.0184 |
|                Metric/avg_self_sa_asymmetry |               0 |
|               Metric/avg_cross_sa_asymmetry |          0.0368 |
|  Metric/self_state_action_to_state_distance |         0.00542 |
| Metric/cross_state_action_to_state_distance |            3.67 |
|                   Metric/h_lambda_diff_self |         0.00739 |
|                  Metric/h_lambda_diff_cross |          0.0648 |
|                                 Eval/Return |             473 |
-----------------------------------------------------------------
-----------------------------------------------------------------
|                                 Train/Steps |        2.31e+06 |
|                            Loss/Loss_critic |            1.03 |
|                             Loss/Loss_actor |           -55.6 |
|                             Loss/Loss_alpha |        -0.00156 |
|               Loss/Loss_state_action_metric |            3.87 |
|                      Loss/Loss_state_metric |            1.49 |
|             Loss/Loss_state_action_to_state |         0.00455 |
|                           Loss/Act_rep_loss |          0.0123 |
|                        Loss/Critic_rep_loss |            48.1 |
|                                   SAC/Alpha |          0.0168 |
|                              SAC/LogPi_mean |           0.961 |
|                                 SAC/Q1_mean |            55.5 |
|                                 SAC/Q2_mean |            55.6 |
|                            Norm/actor_model |             157 |
|                           Norm/critic_model |             318 |
|              Norm/state_action_metric_model |            78.2 |
|                     Norm/state_metric_model |             109 |
|        Norm/state_action_state_metric_model |            73.3 |
|                  Metric/self_state_distance |         0.00171 |
|                 Metric/cross_state_distance |            2.67 |
|           Metric/self_state_action_distance |          0.0106 |
|          Metric/cross_state_action_distance |            3.96 |
|             Metric/avg_self_state_asymmetry |               0 |
|            Metric/avg_cross_state_asymmetry |          0.0175 |
|                Metric/avg_self_sa_asymmetry |               0 |
|               Metric/avg_cross_sa_asymmetry |          0.0383 |
|  Metric/self_state_action_to_state_distance |         0.00181 |
| Metric/cross_state_action_to_state_distance |            3.95 |
|                   Metric/h_lambda_diff_self |         0.00938 |
|                  Metric/h_lambda_diff_cross |          0.0437 |
|                                 Eval/Return |             539 |
-----------------------------------------------------------------
-----------------------------------------------------------------
|                                 Train/Steps |        2.44e+06 |
|                            Loss/Loss_critic |            0.59 |
|                             Loss/Loss_actor |           -54.4 |
|                             Loss/Loss_alpha |         0.00176 |
|               Loss/Loss_state_action_metric |            3.13 |
|                      Loss/Loss_state_metric |            1.37 |
|             Loss/Loss_state_action_to_state |         0.00289 |
|                           Loss/Act_rep_loss |          0.0135 |
|                        Loss/Critic_rep_loss |            44.7 |
|                                   SAC/Alpha |          0.0173 |
|                              SAC/LogPi_mean |           0.947 |
|                                 SAC/Q1_mean |            54.4 |
|                                 SAC/Q2_mean |            54.5 |
|                            Norm/actor_model |             161 |
|                           Norm/critic_model |             330 |
|              Norm/state_action_metric_model |            80.5 |
|                     Norm/state_metric_model |             111 |
|        Norm/state_action_state_metric_model |            75.3 |
|                  Metric/self_state_distance |         0.00188 |
|                 Metric/cross_state_distance |            2.52 |
|           Metric/self_state_action_distance |          0.0105 |
|          Metric/cross_state_action_distance |            3.69 |
|             Metric/avg_self_state_asymmetry |               0 |
|            Metric/avg_cross_state_asymmetry |          0.0149 |
|                Metric/avg_self_sa_asymmetry |               0 |
|               Metric/avg_cross_sa_asymmetry |           0.044 |
|  Metric/self_state_action_to_state_distance |         0.00386 |
| Metric/cross_state_action_to_state_distance |            3.71 |
|                   Metric/h_lambda_diff_self |         0.00737 |
|                  Metric/h_lambda_diff_cross |          0.0553 |
|                                 Eval/Return |             610 |
-----------------------------------------------------------------
-----------------------------------------------------------------
|                                 Train/Steps |        2.57e+06 |
|                            Loss/Loss_critic |             2.1 |
|                             Loss/Loss_actor |           -58.2 |
|                             Loss/Loss_alpha |        0.000209 |
|               Loss/Loss_state_action_metric |               3 |
|                      Loss/Loss_state_metric |            1.14 |
|             Loss/Loss_state_action_to_state |         0.00262 |
|                           Loss/Act_rep_loss |          0.0264 |
|                        Loss/Critic_rep_loss |            41.5 |
|                                   SAC/Alpha |          0.0171 |
|                              SAC/LogPi_mean |           0.987 |
|                                 SAC/Q1_mean |            58.4 |
|                                 SAC/Q2_mean |            58.1 |
|                            Norm/actor_model |             165 |
|                           Norm/critic_model |             343 |
|              Norm/state_action_metric_model |            82.7 |
|                     Norm/state_metric_model |             113 |
|        Norm/state_action_state_metric_model |            77.3 |
|                  Metric/self_state_distance |        0.000501 |
|                 Metric/cross_state_distance |            2.42 |
|           Metric/self_state_action_distance |          0.0194 |
|          Metric/cross_state_action_distance |            3.49 |
|             Metric/avg_self_state_asymmetry |               0 |
|            Metric/avg_cross_state_asymmetry |          0.0299 |
|                Metric/avg_self_sa_asymmetry |               0 |
|               Metric/avg_cross_sa_asymmetry |          0.0356 |
|  Metric/self_state_action_to_state_distance |         0.00234 |
| Metric/cross_state_action_to_state_distance |             3.5 |
|                   Metric/h_lambda_diff_self |          0.0171 |
|                  Metric/h_lambda_diff_cross |          0.0395 |
|                                 Eval/Return |             587 |
-----------------------------------------------------------------
-----------------------------------------------------------------
|                                 Train/Steps |         2.7e+06 |
|                            Loss/Loss_critic |            1.72 |
|                             Loss/Loss_actor |           -55.1 |
|                             Loss/Loss_alpha |         0.00159 |
|               Loss/Loss_state_action_metric |            3.41 |
|                      Loss/Loss_state_metric |            1.43 |
|             Loss/Loss_state_action_to_state |         0.00468 |
|                           Loss/Act_rep_loss |          0.0261 |
|                        Loss/Critic_rep_loss |            47.4 |
|                                   SAC/Alpha |          0.0176 |
|                              SAC/LogPi_mean |           0.947 |
|                                 SAC/Q1_mean |            55.1 |
|                                 SAC/Q2_mean |              55 |
|                            Norm/actor_model |             169 |
|                           Norm/critic_model |             353 |
|              Norm/state_action_metric_model |            84.9 |
|                     Norm/state_metric_model |             115 |
|        Norm/state_action_state_metric_model |            79.4 |
|                  Metric/self_state_distance |         0.00836 |
|                 Metric/cross_state_distance |            2.53 |
|           Metric/self_state_action_distance |          0.0156 |
|          Metric/cross_state_action_distance |             3.8 |
|             Metric/avg_self_state_asymmetry |               0 |
|            Metric/avg_cross_state_asymmetry |          0.0268 |
|                Metric/avg_self_sa_asymmetry |               0 |
|               Metric/avg_cross_sa_asymmetry |          0.0491 |
|  Metric/self_state_action_to_state_distance |         0.00439 |
| Metric/cross_state_action_to_state_distance |            3.79 |
|                   Metric/h_lambda_diff_self |          0.0122 |
|                  Metric/h_lambda_diff_cross |          0.0807 |
|                                 Eval/Return |             602 |
-----------------------------------------------------------------
-----------------------------------------------------------------
|                                 Train/Steps |        2.82e+06 |
|                            Loss/Loss_critic |            2.83 |
|                             Loss/Loss_actor |           -60.2 |
|                             Loss/Loss_alpha |       -0.000784 |
|               Loss/Loss_state_action_metric |            3.28 |
|                      Loss/Loss_state_metric |            1.11 |
|             Loss/Loss_state_action_to_state |         0.00451 |
|                           Loss/Act_rep_loss |          0.0336 |
|                        Loss/Critic_rep_loss |            44.7 |
|                                   SAC/Alpha |          0.0179 |
|                              SAC/LogPi_mean |            1.02 |
|                                 SAC/Q1_mean |            60.2 |
|                                 SAC/Q2_mean |            60.1 |
|                            Norm/actor_model |             173 |
|                           Norm/critic_model |             364 |
|              Norm/state_action_metric_model |            86.9 |
|                     Norm/state_metric_model |             117 |
|        Norm/state_action_state_metric_model |            81.5 |
|                  Metric/self_state_distance |        0.000296 |
|                 Metric/cross_state_distance |            2.51 |
|           Metric/self_state_action_distance |          0.0126 |
|          Metric/cross_state_action_distance |            3.72 |
|             Metric/avg_self_state_asymmetry |               0 |
|            Metric/avg_cross_state_asymmetry |          0.0184 |
|                Metric/avg_self_sa_asymmetry |               0 |
|               Metric/avg_cross_sa_asymmetry |          0.0483 |
|  Metric/self_state_action_to_state_distance |         0.00137 |
| Metric/cross_state_action_to_state_distance |            3.71 |
|                   Metric/h_lambda_diff_self |           0.012 |
|                  Metric/h_lambda_diff_cross |           0.076 |
|                                 Eval/Return |             548 |
-----------------------------------------------------------------
-----------------------------------------------------------------
|                                 Train/Steps |        2.95e+06 |
|                            Loss/Loss_critic |           0.928 |
|                             Loss/Loss_actor |           -57.9 |
|                             Loss/Loss_alpha |        9.61e-05 |
|               Loss/Loss_state_action_metric |            2.93 |
|                      Loss/Loss_state_metric |             1.1 |
|             Loss/Loss_state_action_to_state |          0.0039 |
|                           Loss/Act_rep_loss |         0.00692 |
|                        Loss/Critic_rep_loss |            41.9 |
|                                   SAC/Alpha |          0.0174 |
|                              SAC/LogPi_mean |           0.951 |
|                                 SAC/Q1_mean |            57.9 |
|                                 SAC/Q2_mean |            57.8 |
|                            Norm/actor_model |             177 |
|                           Norm/critic_model |             373 |
|              Norm/state_action_metric_model |              89 |
|                     Norm/state_metric_model |             118 |
|        Norm/state_action_state_metric_model |            83.5 |
|                  Metric/self_state_distance |         0.00441 |
|                 Metric/cross_state_distance |             2.5 |
|           Metric/self_state_action_distance |          0.0143 |
|          Metric/cross_state_action_distance |            3.51 |
|             Metric/avg_self_state_asymmetry |               0 |
|            Metric/avg_cross_state_asymmetry |          0.0285 |
|                Metric/avg_self_sa_asymmetry |               0 |
|               Metric/avg_cross_sa_asymmetry |          0.0511 |
|  Metric/self_state_action_to_state_distance |        0.000823 |
| Metric/cross_state_action_to_state_distance |            3.46 |
|                   Metric/h_lambda_diff_self |          0.0136 |
|                  Metric/h_lambda_diff_cross |          0.0679 |
|                                 Eval/Return |             560 |
-----------------------------------------------------------------
-----------------------------------------------------------------
|                                 Train/Steps |        3.08e+06 |
|                            Loss/Loss_critic |           0.411 |
|                             Loss/Loss_actor |           -58.2 |
|                             Loss/Loss_alpha |         0.00111 |
|               Loss/Loss_state_action_metric |            3.09 |
|                      Loss/Loss_state_metric |            1.28 |
|             Loss/Loss_state_action_to_state |         0.00308 |
|                           Loss/Act_rep_loss |          0.0131 |
|                        Loss/Critic_rep_loss |            42.9 |
|                                   SAC/Alpha |          0.0173 |
|                              SAC/LogPi_mean |             1.1 |
|                                 SAC/Q1_mean |            58.2 |
|                                 SAC/Q2_mean |            58.3 |
|                            Norm/actor_model |             180 |
|                           Norm/critic_model |             383 |
|              Norm/state_action_metric_model |            91.3 |
|                     Norm/state_metric_model |             119 |
|        Norm/state_action_state_metric_model |            85.3 |
|                  Metric/self_state_distance |         0.00341 |
|                 Metric/cross_state_distance |             2.5 |
|           Metric/self_state_action_distance |         0.00742 |
|          Metric/cross_state_action_distance |             3.6 |
|             Metric/avg_self_state_asymmetry |               0 |
|            Metric/avg_cross_state_asymmetry |          0.0201 |
|                Metric/avg_self_sa_asymmetry |               0 |
|               Metric/avg_cross_sa_asymmetry |          0.0392 |
|  Metric/self_state_action_to_state_distance |         0.00432 |
| Metric/cross_state_action_to_state_distance |            3.54 |
|                   Metric/h_lambda_diff_self |         0.00557 |
|                  Metric/h_lambda_diff_cross |          0.0946 |
|                                 Eval/Return |             586 |
-----------------------------------------------------------------
[32mSaving model …[0m
[32mDone.[0m
[32mSaving model …[0m
[32mDone.[0m
-----------------------------------------------------------------
|                                 Train/Steps |        3.21e+06 |
|                            Loss/Loss_critic |           0.599 |
|                             Loss/Loss_actor |           -62.4 |
|                             Loss/Loss_alpha |        0.000527 |
|               Loss/Loss_state_action_metric |             3.3 |
|                      Loss/Loss_state_metric |            1.36 |
|             Loss/Loss_state_action_to_state |          0.0035 |
|                           Loss/Act_rep_loss |         0.00944 |
|                        Loss/Critic_rep_loss |            41.1 |
|                                   SAC/Alpha |          0.0178 |
|                              SAC/LogPi_mean |           0.947 |
|                                 SAC/Q1_mean |            62.6 |
|                                 SAC/Q2_mean |            62.4 |
|                            Norm/actor_model |             184 |
|                           Norm/critic_model |             393 |
|              Norm/state_action_metric_model |            93.3 |
|                     Norm/state_metric_model |             121 |
|        Norm/state_action_state_metric_model |            87.2 |
|                  Metric/self_state_distance |         0.00163 |
|                 Metric/cross_state_distance |            2.47 |
|           Metric/self_state_action_distance |          0.0142 |
|          Metric/cross_state_action_distance |            3.62 |
|             Metric/avg_self_state_asymmetry |               0 |
|            Metric/avg_cross_state_asymmetry |          0.0147 |
|                Metric/avg_self_sa_asymmetry |               0 |
|               Metric/avg_cross_sa_asymmetry |          0.0307 |
|  Metric/self_state_action_to_state_distance |         0.00238 |
| Metric/cross_state_action_to_state_distance |            3.57 |
|                   Metric/h_lambda_diff_self |           0.012 |
|                  Metric/h_lambda_diff_cross |          0.0663 |
|                                 Eval/Return |             609 |
-----------------------------------------------------------------
-----------------------------------------------------------------
|                                 Train/Steps |        3.34e+06 |
|                            Loss/Loss_critic |           0.543 |
|                             Loss/Loss_actor |           -62.1 |
|                             Loss/Loss_alpha |        -0.00278 |
|               Loss/Loss_state_action_metric |            3.03 |
|                      Loss/Loss_state_metric |            1.32 |
|             Loss/Loss_state_action_to_state |         0.00228 |
|                           Loss/Act_rep_loss |         0.00944 |
|                        Loss/Critic_rep_loss |            38.8 |
|                                   SAC/Alpha |          0.0161 |
|                              SAC/LogPi_mean |             1.1 |
|                                 SAC/Q1_mean |            62.3 |
|                                 SAC/Q2_mean |              62 |
|                            Norm/actor_model |             187 |
|                           Norm/critic_model |             401 |
|              Norm/state_action_metric_model |            95.5 |
|                     Norm/state_metric_model |             122 |
|        Norm/state_action_state_metric_model |            89.1 |
|                  Metric/self_state_distance |        0.000358 |
|                 Metric/cross_state_distance |            2.37 |
|           Metric/self_state_action_distance |          0.0105 |
|          Metric/cross_state_action_distance |            3.44 |
|             Metric/avg_self_state_asymmetry |               0 |
|            Metric/avg_cross_state_asymmetry |           0.021 |
|                Metric/avg_self_sa_asymmetry |               0 |
|               Metric/avg_cross_sa_asymmetry |          0.0295 |
|  Metric/self_state_action_to_state_distance |          0.0017 |
| Metric/cross_state_action_to_state_distance |            3.42 |
|                   Metric/h_lambda_diff_self |         0.00897 |
|                  Metric/h_lambda_diff_cross |          0.0594 |
|                                 Eval/Return |             616 |
-----------------------------------------------------------------
-----------------------------------------------------------------
|                                 Train/Steps |        3.46e+06 |
|                            Loss/Loss_critic |           0.598 |
|                             Loss/Loss_actor |           -60.2 |
|                             Loss/Loss_alpha |        -0.00797 |
|               Loss/Loss_state_action_metric |            3.22 |
|                      Loss/Loss_state_metric |            1.09 |
|             Loss/Loss_state_action_to_state |          0.0062 |
|                           Loss/Act_rep_loss |          0.0189 |
|                        Loss/Critic_rep_loss |            42.5 |
|                                   SAC/Alpha |          0.0171 |
|                              SAC/LogPi_mean |             1.4 |
|                                 SAC/Q1_mean |              60 |
|                                 SAC/Q2_mean |            60.2 |
|                            Norm/actor_model |             190 |
|                           Norm/critic_model |             409 |
|              Norm/state_action_metric_model |            97.6 |
|                     Norm/state_metric_model |             124 |
|        Norm/state_action_state_metric_model |              91 |
|                  Metric/self_state_distance |         0.00347 |
|                 Metric/cross_state_distance |            2.52 |
|           Metric/self_state_action_distance |         0.00441 |
|          Metric/cross_state_action_distance |            3.71 |
|             Metric/avg_self_state_asymmetry |               0 |
|            Metric/avg_cross_state_asymmetry |          0.0224 |
|                Metric/avg_self_sa_asymmetry |               0 |
|               Metric/avg_cross_sa_asymmetry |           0.037 |
|  Metric/self_state_action_to_state_distance |         0.00459 |
| Metric/cross_state_action_to_state_distance |            3.67 |
|                   Metric/h_lambda_diff_self |         0.00313 |
|                  Metric/h_lambda_diff_cross |           0.066 |
|                                 Eval/Return |             617 |
-----------------------------------------------------------------
-----------------------------------------------------------------
|                                 Train/Steps |        3.59e+06 |
|                            Loss/Loss_critic |           0.831 |
|                             Loss/Loss_actor |             -65 |
|                             Loss/Loss_alpha |          0.0034 |
|               Loss/Loss_state_action_metric |               3 |
|                      Loss/Loss_state_metric |             1.1 |
|             Loss/Loss_state_action_to_state |         0.00556 |
|                           Loss/Act_rep_loss |          0.0225 |
|                        Loss/Critic_rep_loss |            38.2 |
|                                   SAC/Alpha |          0.0181 |
|                              SAC/LogPi_mean |           0.844 |
|                                 SAC/Q1_mean |            64.9 |
|                                 SAC/Q2_mean |              65 |
|                            Norm/actor_model |             193 |
|                           Norm/critic_model |             417 |
|              Norm/state_action_metric_model |            99.6 |
|                     Norm/state_metric_model |             126 |
|        Norm/state_action_state_metric_model |            92.7 |
|                  Metric/self_state_distance |         0.00289 |
|                 Metric/cross_state_distance |             2.4 |
|           Metric/self_state_action_distance |          0.0152 |
|          Metric/cross_state_action_distance |            3.41 |
|             Metric/avg_self_state_asymmetry |               0 |
|            Metric/avg_cross_state_asymmetry |          0.0189 |
|                Metric/avg_self_sa_asymmetry |               0 |
|               Metric/avg_cross_sa_asymmetry |          0.0309 |
|  Metric/self_state_action_to_state_distance |         0.00159 |
| Metric/cross_state_action_to_state_distance |            3.45 |
|                   Metric/h_lambda_diff_self |          0.0138 |
|                  Metric/h_lambda_diff_cross |          0.0608 |
|                                 Eval/Return |             600 |
-----------------------------------------------------------------
-----------------------------------------------------------------
|                                 Train/Steps |        3.72e+06 |
|                            Loss/Loss_critic |           0.329 |
|                             Loss/Loss_actor |           -64.9 |
|                             Loss/Loss_alpha |        0.000304 |
|               Loss/Loss_state_action_metric |            3.17 |
|                      Loss/Loss_state_metric |            1.44 |
|             Loss/Loss_state_action_to_state |          0.0104 |
|                           Loss/Act_rep_loss |          0.0158 |
|                        Loss/Critic_rep_loss |            40.3 |
|                                   SAC/Alpha |          0.0169 |
|                              SAC/LogPi_mean |           0.958 |
|                                 SAC/Q1_mean |            64.9 |
|                                 SAC/Q2_mean |            64.9 |
|                            Norm/actor_model |             196 |
|                           Norm/critic_model |             425 |
|              Norm/state_action_metric_model |             102 |
|                     Norm/state_metric_model |             128 |
|        Norm/state_action_state_metric_model |            94.6 |
|                  Metric/self_state_distance |         0.00279 |
|                 Metric/cross_state_distance |            2.48 |
|           Metric/self_state_action_distance |         0.00856 |
|          Metric/cross_state_action_distance |            3.66 |
|             Metric/avg_self_state_asymmetry |               0 |
|            Metric/avg_cross_state_asymmetry |           0.013 |
|                Metric/avg_self_sa_asymmetry |               0 |
|               Metric/avg_cross_sa_asymmetry |          0.0414 |
|  Metric/self_state_action_to_state_distance |         0.00357 |
| Metric/cross_state_action_to_state_distance |            3.62 |
|                   Metric/h_lambda_diff_self |         0.00621 |
|                  Metric/h_lambda_diff_cross |          0.0677 |
|                                 Eval/Return |             595 |
-----------------------------------------------------------------
-----------------------------------------------------------------
|                                 Train/Steps |        3.85e+06 |
|                            Loss/Loss_critic |           0.297 |
|                             Loss/Loss_actor |           -70.2 |
|                             Loss/Loss_alpha |         0.00197 |
|               Loss/Loss_state_action_metric |            2.74 |
|                      Loss/Loss_state_metric |            1.11 |
|             Loss/Loss_state_action_to_state |         0.00345 |
|                           Loss/Act_rep_loss |         0.00615 |
|                        Loss/Critic_rep_loss |              35 |
|                                   SAC/Alpha |          0.0192 |
|                              SAC/LogPi_mean |           0.845 |
|                                 SAC/Q1_mean |            70.3 |
|                                 SAC/Q2_mean |            70.2 |
|                            Norm/actor_model |             199 |
|                           Norm/critic_model |             431 |
|              Norm/state_action_metric_model |             104 |
|                     Norm/state_metric_model |             130 |
|        Norm/state_action_state_metric_model |            96.2 |
|                  Metric/self_state_distance |         0.00432 |
|                 Metric/cross_state_distance |            2.18 |
|           Metric/self_state_action_distance |           0.017 |
|          Metric/cross_state_action_distance |            3.25 |
|             Metric/avg_self_state_asymmetry |               0 |
|            Metric/avg_cross_state_asymmetry |          0.0182 |
|                Metric/avg_self_sa_asymmetry |               0 |
|               Metric/avg_cross_sa_asymmetry |          0.0384 |
|  Metric/self_state_action_to_state_distance |         0.00362 |
| Metric/cross_state_action_to_state_distance |             3.2 |
|                   Metric/h_lambda_diff_self |          0.0171 |
|                  Metric/h_lambda_diff_cross |          0.0818 |
|                                 Eval/Return |             663 |
-----------------------------------------------------------------
-----------------------------------------------------------------
|                                 Train/Steps |        3.98e+06 |
|                            Loss/Loss_critic |           0.215 |
|                             Loss/Loss_actor |           -67.5 |
|                             Loss/Loss_alpha |         0.00151 |
|               Loss/Loss_state_action_metric |            2.86 |
|                      Loss/Loss_state_metric |            1.27 |
|             Loss/Loss_state_action_to_state |         0.00358 |
|                           Loss/Act_rep_loss |          0.0147 |
|                        Loss/Critic_rep_loss |              36 |
|                                   SAC/Alpha |          0.0184 |
|                              SAC/LogPi_mean |           0.889 |
|                                 SAC/Q1_mean |            67.5 |
|                                 SAC/Q2_mean |            67.5 |
|                            Norm/actor_model |             203 |
|                           Norm/critic_model |             438 |
|              Norm/state_action_metric_model |             105 |
|                     Norm/state_metric_model |             131 |
|        Norm/state_action_state_metric_model |            98.1 |
|                  Metric/self_state_distance |         0.00273 |
|                 Metric/cross_state_distance |            2.31 |
|           Metric/self_state_action_distance |          0.0144 |
|          Metric/cross_state_action_distance |            3.37 |
|             Metric/avg_self_state_asymmetry |               0 |
|            Metric/avg_cross_state_asymmetry |          0.0153 |
|                Metric/avg_self_sa_asymmetry |               0 |
|               Metric/avg_cross_sa_asymmetry |          0.0317 |
|  Metric/self_state_action_to_state_distance |         0.00271 |
| Metric/cross_state_action_to_state_distance |            3.35 |
|                   Metric/h_lambda_diff_self |           0.013 |
|                  Metric/h_lambda_diff_cross |          0.0669 |
|                                 Eval/Return |             576 |
-----------------------------------------------------------------
-----------------------------------------------------------------
|                                 Train/Steps |         4.1e+06 |
|                            Loss/Loss_critic |            0.22 |
|                             Loss/Loss_actor |           -65.8 |
|                             Loss/Loss_alpha |         0.00214 |
|               Loss/Loss_state_action_metric |            3.07 |
|                      Loss/Loss_state_metric |            1.44 |
|             Loss/Loss_state_action_to_state |          0.0111 |
|                           Loss/Act_rep_loss |          0.0259 |
|                        Loss/Critic_rep_loss |            41.3 |
|                                   SAC/Alpha |          0.0151 |
|                              SAC/LogPi_mean |           0.791 |
|                                 SAC/Q1_mean |            65.7 |
|                                 SAC/Q2_mean |            65.8 |
|                            Norm/actor_model |             206 |
|                           Norm/critic_model |             445 |
|              Norm/state_action_metric_model |             107 |
|                     Norm/state_metric_model |             133 |
|        Norm/state_action_state_metric_model |            99.8 |
|                  Metric/self_state_distance |         0.00157 |
|                 Metric/cross_state_distance |            2.51 |
|           Metric/self_state_action_distance |         0.00477 |
|          Metric/cross_state_action_distance |            3.59 |
|             Metric/avg_self_state_asymmetry |               0 |
|            Metric/avg_cross_state_asymmetry |          0.0183 |
|                Metric/avg_self_sa_asymmetry |               0 |
|               Metric/avg_cross_sa_asymmetry |          0.0545 |
|  Metric/self_state_action_to_state_distance |         0.00221 |
| Metric/cross_state_action_to_state_distance |            3.58 |
|                   Metric/h_lambda_diff_self |         0.00455 |
|                  Metric/h_lambda_diff_cross |          0.0658 |
|                                 Eval/Return |             570 |
-----------------------------------------------------------------
[32mSaving model …[0m
[32mDone.[0m
[32mSaving model …[0m
[32mDone.[0m
-----------------------------------------------------------------
|                                 Train/Steps |        4.23e+06 |
|                            Loss/Loss_critic |            0.33 |
|                             Loss/Loss_actor |           -68.7 |
|                             Loss/Loss_alpha |        0.000408 |
|               Loss/Loss_state_action_metric |            2.88 |
|                      Loss/Loss_state_metric |            1.25 |
|             Loss/Loss_state_action_to_state |         0.00263 |
|                           Loss/Act_rep_loss |          0.0161 |
|                        Loss/Critic_rep_loss |            36.9 |
|                                   SAC/Alpha |          0.0141 |
|                              SAC/LogPi_mean |           0.951 |
|                                 SAC/Q1_mean |            68.7 |
|                                 SAC/Q2_mean |            68.7 |
|                            Norm/actor_model |             209 |
|                           Norm/critic_model |             452 |
|              Norm/state_action_metric_model |             109 |
|                     Norm/state_metric_model |             134 |
|        Norm/state_action_state_metric_model |             101 |
|                  Metric/self_state_distance |         0.00406 |
|                 Metric/cross_state_distance |            2.36 |
|           Metric/self_state_action_distance |           0.017 |
|          Metric/cross_state_action_distance |            3.43 |
|             Metric/avg_self_state_asymmetry |               0 |
|            Metric/avg_cross_state_asymmetry |          0.0238 |
|                Metric/avg_self_sa_asymmetry |               0 |
|               Metric/avg_cross_sa_asymmetry |          0.0353 |
|  Metric/self_state_action_to_state_distance |         0.00389 |
| Metric/cross_state_action_to_state_distance |            3.44 |
|                   Metric/h_lambda_diff_self |          0.0149 |
|                  Metric/h_lambda_diff_cross |          0.0492 |
|                                 Eval/Return |             705 |
-----------------------------------------------------------------
-----------------------------------------------------------------
|                                 Train/Steps |        4.36e+06 |
|                            Loss/Loss_critic |           0.243 |
|                             Loss/Loss_actor |           -69.7 |
|                             Loss/Loss_alpha |        -0.00172 |
|               Loss/Loss_state_action_metric |            2.84 |
|                      Loss/Loss_state_metric |            1.17 |
|             Loss/Loss_state_action_to_state |         0.00288 |
|                           Loss/Act_rep_loss |          0.0408 |
|                        Loss/Critic_rep_loss |            36.7 |
|                                   SAC/Alpha |          0.0128 |
|                              SAC/LogPi_mean |           0.974 |
|                                 SAC/Q1_mean |            69.7 |
|                                 SAC/Q2_mean |            69.7 |
|                            Norm/actor_model |             211 |
|                           Norm/critic_model |             459 |
|              Norm/state_action_metric_model |             110 |
|                     Norm/state_metric_model |             136 |
|        Norm/state_action_state_metric_model |             103 |
|                  Metric/self_state_distance |         0.00253 |
|                 Metric/cross_state_distance |            2.37 |
|           Metric/self_state_action_distance |          0.0205 |
|          Metric/cross_state_action_distance |            3.36 |
|             Metric/avg_self_state_asymmetry |               0 |
|            Metric/avg_cross_state_asymmetry |          0.0187 |
|                Metric/avg_self_sa_asymmetry |               0 |
|               Metric/avg_cross_sa_asymmetry |          0.0321 |
|  Metric/self_state_action_to_state_distance |         0.00241 |
| Metric/cross_state_action_to_state_distance |            3.35 |
|                   Metric/h_lambda_diff_self |          0.0181 |
|                  Metric/h_lambda_diff_cross |          0.0618 |
|                                 Eval/Return |             696 |
-----------------------------------------------------------------
-----------------------------------------------------------------
|                                 Train/Steps |        4.49e+06 |
|                            Loss/Loss_critic |           0.224 |
|                             Loss/Loss_actor |           -72.5 |
|                             Loss/Loss_alpha |         0.00127 |
|               Loss/Loss_state_action_metric |            2.62 |
|                      Loss/Loss_state_metric |            1.23 |
|             Loss/Loss_state_action_to_state |         0.00248 |
|                           Loss/Act_rep_loss |          0.0206 |
|                        Loss/Critic_rep_loss |            34.7 |
|                                   SAC/Alpha |          0.0138 |
|                              SAC/LogPi_mean |           0.881 |
|                                 SAC/Q1_mean |            72.5 |
|                                 SAC/Q2_mean |            72.5 |
|                            Norm/actor_model |             214 |
|                           Norm/critic_model |             466 |
|              Norm/state_action_metric_model |             112 |
|                     Norm/state_metric_model |             138 |
|        Norm/state_action_state_metric_model |             105 |
|                  Metric/self_state_distance |         0.00799 |
|                 Metric/cross_state_distance |            2.29 |
|           Metric/self_state_action_distance |         0.00791 |
|          Metric/cross_state_action_distance |            3.24 |
|             Metric/avg_self_state_asymmetry |               0 |
|            Metric/avg_cross_state_asymmetry |          0.0186 |
|                Metric/avg_self_sa_asymmetry |               0 |
|               Metric/avg_cross_sa_asymmetry |          0.0289 |
|  Metric/self_state_action_to_state_distance |         0.00558 |
| Metric/cross_state_action_to_state_distance |            3.24 |
|                   Metric/h_lambda_diff_self |          0.0106 |
|                  Metric/h_lambda_diff_cross |          0.0461 |
|                                 Eval/Return |             696 |
-----------------------------------------------------------------
-----------------------------------------------------------------
|                                 Train/Steps |        4.62e+06 |
|                            Loss/Loss_critic |           0.314 |
|                             Loss/Loss_actor |             -72 |
|                             Loss/Loss_alpha |         0.00064 |
|               Loss/Loss_state_action_metric |             2.8 |
|                      Loss/Loss_state_metric |            1.16 |
|             Loss/Loss_state_action_to_state |          0.0045 |
|                           Loss/Act_rep_loss |          0.0127 |
|                        Loss/Critic_rep_loss |              34 |
|                                   SAC/Alpha |          0.0126 |
|                              SAC/LogPi_mean |               1 |
|                                 SAC/Q1_mean |              72 |
|                                 SAC/Q2_mean |              72 |
|                            Norm/actor_model |             217 |
|                           Norm/critic_model |             473 |
|              Norm/state_action_metric_model |             114 |
|                     Norm/state_metric_model |             139 |
|        Norm/state_action_state_metric_model |             106 |
|                  Metric/self_state_distance |         0.00124 |
|                 Metric/cross_state_distance |            2.27 |
|           Metric/self_state_action_distance |         0.00787 |
|          Metric/cross_state_action_distance |            3.12 |
|             Metric/avg_self_state_asymmetry |               0 |
|            Metric/avg_cross_state_asymmetry |          0.0216 |
|                Metric/avg_self_sa_asymmetry |               0 |
|               Metric/avg_cross_sa_asymmetry |          0.0406 |
|  Metric/self_state_action_to_state_distance |         0.00471 |
| Metric/cross_state_action_to_state_distance |            3.13 |
|                   Metric/h_lambda_diff_self |         0.00912 |
|                  Metric/h_lambda_diff_cross |          0.0517 |
|                                 Eval/Return |             622 |
-----------------------------------------------------------------
-----------------------------------------------------------------
|                                 Train/Steps |        4.74e+06 |
|                            Loss/Loss_critic |           0.237 |
|                             Loss/Loss_actor |           -71.2 |
|                             Loss/Loss_alpha |        -0.00132 |
|               Loss/Loss_state_action_metric |            3.11 |
|                      Loss/Loss_state_metric |            1.27 |
|             Loss/Loss_state_action_to_state |         0.00749 |
|                           Loss/Act_rep_loss |          0.0183 |
|                        Loss/Critic_rep_loss |            37.2 |
|                                   SAC/Alpha |          0.0103 |
|                              SAC/LogPi_mean |            1.12 |
|                                 SAC/Q1_mean |            71.2 |
|                                 SAC/Q2_mean |            71.3 |
|                            Norm/actor_model |             219 |
|                           Norm/critic_model |             480 |
|              Norm/state_action_metric_model |             115 |
|                     Norm/state_metric_model |             141 |
|        Norm/state_action_state_metric_model |             108 |
|                  Metric/self_state_distance |         0.00288 |
|                 Metric/cross_state_distance |            2.33 |
|           Metric/self_state_action_distance |          0.0055 |
|          Metric/cross_state_action_distance |             3.4 |
|             Metric/avg_self_state_asymmetry |               0 |
|            Metric/avg_cross_state_asymmetry |          0.0219 |
|                Metric/avg_self_sa_asymmetry |               0 |
|               Metric/avg_cross_sa_asymmetry |          0.0357 |
|  Metric/self_state_action_to_state_distance |          0.0083 |
| Metric/cross_state_action_to_state_distance |            3.38 |
|                   Metric/h_lambda_diff_self |         0.00694 |
|                  Metric/h_lambda_diff_cross |          0.0615 |
|                                 Eval/Return |             639 |
-----------------------------------------------------------------
-----------------------------------------------------------------
|                                 Train/Steps |        4.87e+06 |
|                            Loss/Loss_critic |            0.23 |
|                             Loss/Loss_actor |           -69.8 |
|                             Loss/Loss_alpha |       -0.000479 |
|               Loss/Loss_state_action_metric |            2.65 |
|                      Loss/Loss_state_metric |            1.24 |
|             Loss/Loss_state_action_to_state |         0.00408 |
|                           Loss/Act_rep_loss |           0.013 |
|                        Loss/Critic_rep_loss |            36.7 |
|                                   SAC/Alpha |          0.0103 |
|                              SAC/LogPi_mean |           0.961 |
|                                 SAC/Q1_mean |            70.1 |
|                                 SAC/Q2_mean |              70 |
|                            Norm/actor_model |             222 |
|                           Norm/critic_model |             487 |
|              Norm/state_action_metric_model |             117 |
|                     Norm/state_metric_model |             142 |
|        Norm/state_action_state_metric_model |             109 |
|                  Metric/self_state_distance |           0.002 |
|                 Metric/cross_state_distance |            2.37 |
|           Metric/self_state_action_distance |          0.0151 |
|          Metric/cross_state_action_distance |            3.34 |
|             Metric/avg_self_state_asymmetry |               0 |
|            Metric/avg_cross_state_asymmetry |           0.019 |
|                Metric/avg_self_sa_asymmetry |               0 |
|               Metric/avg_cross_sa_asymmetry |          0.0323 |
|  Metric/self_state_action_to_state_distance |          0.0013 |
| Metric/cross_state_action_to_state_distance |            3.33 |
|                   Metric/h_lambda_diff_self |          0.0138 |
|                  Metric/h_lambda_diff_cross |          0.0404 |
|                                 Eval/Return |             699 |
-----------------------------------------------------------------
-----------------------------------------------------------------
|                                 Train/Steps |           5e+06 |
|                            Loss/Loss_critic |            0.72 |
|                             Loss/Loss_actor |           -70.5 |
|                             Loss/Loss_alpha |       -0.000188 |
|               Loss/Loss_state_action_metric |            2.85 |
|                      Loss/Loss_state_metric |            1.12 |
|             Loss/Loss_state_action_to_state |         0.00438 |
|                           Loss/Act_rep_loss |          0.0188 |
|                        Loss/Critic_rep_loss |            35.6 |
|                                   SAC/Alpha |         0.00992 |
|                              SAC/LogPi_mean |           0.996 |
|                                 SAC/Q1_mean |            70.5 |
|                                 SAC/Q2_mean |            70.6 |
|                            Norm/actor_model |             224 |
|                           Norm/critic_model |             493 |
|              Norm/state_action_metric_model |             118 |
|                     Norm/state_metric_model |             144 |
|        Norm/state_action_state_metric_model |             111 |
|                  Metric/self_state_distance |         0.00513 |
|                 Metric/cross_state_distance |            2.27 |
|           Metric/self_state_action_distance |          0.0145 |
|          Metric/cross_state_action_distance |            3.31 |
|             Metric/avg_self_state_asymmetry |               0 |
|            Metric/avg_cross_state_asymmetry |          0.0211 |
|                Metric/avg_self_sa_asymmetry |               0 |
|               Metric/avg_cross_sa_asymmetry |          0.0353 |
|  Metric/self_state_action_to_state_distance |         0.00335 |
| Metric/cross_state_action_to_state_distance |            3.24 |
|                   Metric/h_lambda_diff_self |          0.0124 |
|                  Metric/h_lambda_diff_cross |          0.0783 |
|                                 Eval/Return |             677 |
-----------------------------------------------------------------
[32mSaving model …[0m
[32mDone.[0m
[32mSaving model …[0m
[32mDone.[0m
