E0905 02:20:30.453370  654831 cuda_executor.cc:1526] Could not get kernel mode driver version: (INVALID_ARGUMENT: Version does not match the format X.Y.Z)
E0905 02:20:30.461896  654722 cuda_executor.cc:1526] Could not get kernel mode driver version: (INVALID_ARGUMENT: Version does not match the format X.Y.Z)
[32mStart prefilling replay buffer[0m
[32mStart SAC training[0m
[32m{'log_freq': 1000, 'save_freq': 1000000, 'eval_episode_freq': 10, 'hidden_size': 256, 'lr': 0.001, 'max_grad_norm': 0.0, 'gamma': 0.99, 'update_tau': 0.005, 'train_per_step': 8, 'episode_length': 1000, 'warmup_samples': 8192, 'max_replay_size': 4000000, 'batch_size': 512, 'total_env_steps': 5000000, 'init_temperature': 0.1, 'nstep': 3, 'bootstrap_on_truncation': True, 'rep_lr_scale': 1.5, 'critic_rep_metric_scale': 1.0, 'critic_rep_scale': 0.05, 'vis_feq': 100000, 'n_vis_frames': 4, 'num_envs': 128, 'grad_steps': 50, 'transfer_freq': 10, 'transfer_steps': 8, 'reward_scaling': 1.0, 'num_eval_envs': 128, 'target_entropy': -0.5}[0m
[32m[nstep] nstep=3 bootstrap_on_truncation=True (discount from the buffer already contains gamma^nstep)[0m
-----------------------------------------------------------------
|                                 Train/Steps |        1.36e+05 |
|                            Loss/Loss_critic |           0.371 |
|                             Loss/Loss_actor |             -12 |
|                             Loss/Loss_alpha |         0.00158 |
|               Loss/Loss_state_action_metric |            1.76 |
|                      Loss/Loss_state_metric |           0.562 |
|             Loss/Loss_state_action_to_state |          0.0112 |
|                           Loss/Act_rep_loss |          0.0406 |
|                        Loss/Critic_rep_loss |              13 |
|                                   SAC/Alpha |          0.0236 |
|                              SAC/LogPi_mean |           0.434 |
|                                 SAC/Q1_mean |            11.9 |
|                                 SAC/Q2_mean |            11.9 |
|                            Norm/actor_model |            50.7 |
|                           Norm/critic_model |            97.8 |
|              Norm/state_action_metric_model |            31.6 |
|                     Norm/state_metric_model |            31.2 |
|        Norm/state_action_state_metric_model |            31.5 |
|                  Metric/self_state_distance |          0.0174 |
|                 Metric/cross_state_distance |            1.73 |
|           Metric/self_state_action_distance |          0.0823 |
|          Metric/cross_state_action_distance |            2.44 |
|             Metric/avg_self_state_asymmetry |               0 |
|            Metric/avg_cross_state_asymmetry |          0.0689 |
|                Metric/avg_self_sa_asymmetry |               0 |
|               Metric/avg_cross_sa_asymmetry |           0.113 |
|  Metric/self_state_action_to_state_distance |          0.0283 |
| Metric/cross_state_action_to_state_distance |            2.37 |
|                   Metric/h_lambda_diff_self |          0.0566 |
|                  Metric/h_lambda_diff_cross |           0.139 |
|                                 Eval/Return |             158 |
-----------------------------------------------------------------
-----------------------------------------------------------------
|                                 Train/Steps |        2.64e+05 |
|                            Loss/Loss_critic |           0.279 |
|                             Loss/Loss_actor |           -25.1 |
|                             Loss/Loss_alpha |        -0.00495 |
|               Loss/Loss_state_action_metric |            2.61 |
|                      Loss/Loss_state_metric |            0.98 |
|             Loss/Loss_state_action_to_state |          0.0118 |
|                           Loss/Act_rep_loss |          0.0316 |
|                        Loss/Critic_rep_loss |            26.7 |
|                                   SAC/Alpha |          0.0548 |
|                              SAC/LogPi_mean |           0.566 |
|                                 SAC/Q1_mean |            24.9 |
|                                 SAC/Q2_mean |            24.9 |
|                            Norm/actor_model |            68.3 |
|                           Norm/critic_model |             125 |
|              Norm/state_action_metric_model |            34.5 |
|                     Norm/state_metric_model |            34.2 |
|        Norm/state_action_state_metric_model |            34.8 |
|                  Metric/self_state_distance |          0.0156 |
|                 Metric/cross_state_distance |            2.27 |
|           Metric/self_state_action_distance |          0.0523 |
|          Metric/cross_state_action_distance |            3.31 |
|             Metric/avg_self_state_asymmetry |               0 |
|            Metric/avg_cross_state_asymmetry |          0.0579 |
|                Metric/avg_self_sa_asymmetry |               0 |
|               Metric/avg_cross_sa_asymmetry |           0.105 |
|  Metric/self_state_action_to_state_distance |          0.0209 |
| Metric/cross_state_action_to_state_distance |            3.22 |
|                   Metric/h_lambda_diff_self |          0.0329 |
|                  Metric/h_lambda_diff_cross |           0.144 |
|                                 Eval/Return |           1e+03 |
-----------------------------------------------------------------
-----------------------------------------------------------------
|                                 Train/Steps |        3.92e+05 |
|                            Loss/Loss_critic |           0.457 |
|                             Loss/Loss_actor |           -46.1 |
|                             Loss/Loss_alpha |        5.75e-05 |
|               Loss/Loss_state_action_metric |            3.07 |
|                      Loss/Loss_state_metric |            1.26 |
|             Loss/Loss_state_action_to_state |         0.00742 |
|                           Loss/Act_rep_loss |           0.036 |
|                        Loss/Critic_rep_loss |            34.6 |
|                                   SAC/Alpha |          0.0393 |
|                              SAC/LogPi_mean |           0.471 |
|                                 SAC/Q1_mean |            45.8 |
|                                 SAC/Q2_mean |            45.9 |
|                            Norm/actor_model |            80.5 |
|                           Norm/critic_model |             142 |
|              Norm/state_action_metric_model |            37.1 |
|                     Norm/state_metric_model |              38 |
|        Norm/state_action_state_metric_model |            37.8 |
|                  Metric/self_state_distance |          0.0208 |
|                 Metric/cross_state_distance |            2.44 |
|           Metric/self_state_action_distance |          0.0362 |
|          Metric/cross_state_action_distance |            3.49 |
|             Metric/avg_self_state_asymmetry |               0 |
|            Metric/avg_cross_state_asymmetry |          0.0466 |
|                Metric/avg_self_sa_asymmetry |               0 |
|               Metric/avg_cross_sa_asymmetry |          0.0827 |
|  Metric/self_state_action_to_state_distance |          0.0235 |
| Metric/cross_state_action_to_state_distance |            3.51 |
|                   Metric/h_lambda_diff_self |          0.0192 |
|                  Metric/h_lambda_diff_cross |          0.0984 |
|                                 Eval/Return |           1e+03 |
-----------------------------------------------------------------
-----------------------------------------------------------------
|                                 Train/Steps |         5.2e+05 |
|                            Loss/Loss_critic |           0.402 |
|                             Loss/Loss_actor |           -60.2 |
|                             Loss/Loss_alpha |       -0.000297 |
|               Loss/Loss_state_action_metric |            3.32 |
|                      Loss/Loss_state_metric |            1.36 |
|             Loss/Loss_state_action_to_state |          0.0071 |
|                           Loss/Act_rep_loss |          0.0314 |
|                        Loss/Critic_rep_loss |            37.6 |
|                                   SAC/Alpha |          0.0278 |
|                              SAC/LogPi_mean |           0.496 |
|                                 SAC/Q1_mean |            59.9 |
|                                 SAC/Q2_mean |            59.9 |
|                            Norm/actor_model |              91 |
|                           Norm/critic_model |             155 |
|              Norm/state_action_metric_model |            39.6 |
|                     Norm/state_metric_model |            40.8 |
|        Norm/state_action_state_metric_model |            39.8 |
|                  Metric/self_state_distance |          0.0343 |
|                 Metric/cross_state_distance |            2.59 |
|           Metric/self_state_action_distance |          0.0615 |
|          Metric/cross_state_action_distance |            3.67 |
|             Metric/avg_self_state_asymmetry |               0 |
|            Metric/avg_cross_state_asymmetry |          0.0381 |
|                Metric/avg_self_sa_asymmetry |               0 |
|               Metric/avg_cross_sa_asymmetry |          0.0646 |
|  Metric/self_state_action_to_state_distance |          0.0152 |
| Metric/cross_state_action_to_state_distance |            3.69 |
|                   Metric/h_lambda_diff_self |          0.0463 |
|                  Metric/h_lambda_diff_cross |          0.0813 |
|                                 Eval/Return |           1e+03 |
-----------------------------------------------------------------
-----------------------------------------------------------------
|                                 Train/Steps |        6.48e+05 |
|                            Loss/Loss_critic |           0.165 |
|                             Loss/Loss_actor |           -72.9 |
|                             Loss/Loss_alpha |         0.00376 |
|               Loss/Loss_state_action_metric |            2.33 |
|                      Loss/Loss_state_metric |            1.08 |
|             Loss/Loss_state_action_to_state |         0.00341 |
|                           Loss/Act_rep_loss |          0.0142 |
|                        Loss/Critic_rep_loss |            28.8 |
|                                   SAC/Alpha |          0.0224 |
|                              SAC/LogPi_mean |           0.366 |
|                                 SAC/Q1_mean |            72.8 |
|                                 SAC/Q2_mean |            72.7 |
|                            Norm/actor_model |            98.1 |
|                           Norm/critic_model |             163 |
|              Norm/state_action_metric_model |              42 |
|                     Norm/state_metric_model |            44.2 |
|        Norm/state_action_state_metric_model |            41.6 |
|                  Metric/self_state_distance |          0.0176 |
|                 Metric/cross_state_distance |            2.14 |
|           Metric/self_state_action_distance |           0.035 |
|          Metric/cross_state_action_distance |            2.92 |
|             Metric/avg_self_state_asymmetry |               0 |
|            Metric/avg_cross_state_asymmetry |          0.0339 |
|                Metric/avg_self_sa_asymmetry |               0 |
|               Metric/avg_cross_sa_asymmetry |          0.0458 |
|  Metric/self_state_action_to_state_distance |          0.0283 |
| Metric/cross_state_action_to_state_distance |            2.89 |
|                   Metric/h_lambda_diff_self |          0.0218 |
|                  Metric/h_lambda_diff_cross |          0.0616 |
|                                 Eval/Return |           1e+03 |
-----------------------------------------------------------------
-----------------------------------------------------------------
|                                 Train/Steps |        7.76e+05 |
|                            Loss/Loss_critic |           0.294 |
|                             Loss/Loss_actor |           -78.3 |
|                             Loss/Loss_alpha |        -0.00744 |
|               Loss/Loss_state_action_metric |            2.16 |
|                      Loss/Loss_state_metric |           0.904 |
|             Loss/Loss_state_action_to_state |          0.0035 |
|                           Loss/Act_rep_loss |          0.0193 |
|                        Loss/Critic_rep_loss |            25.5 |
|                                   SAC/Alpha |           0.019 |
|                              SAC/LogPi_mean |           0.856 |
|                                 SAC/Q1_mean |              78 |
|                                 SAC/Q2_mean |              78 |
|                            Norm/actor_model |             105 |
|                           Norm/critic_model |             169 |
|              Norm/state_action_metric_model |            44.4 |
|                     Norm/state_metric_model |            47.4 |
|        Norm/state_action_state_metric_model |            43.3 |
|                  Metric/self_state_distance |         0.00349 |
|                 Metric/cross_state_distance |            2.02 |
|           Metric/self_state_action_distance |          0.0238 |
|          Metric/cross_state_action_distance |            2.78 |
|             Metric/avg_self_state_asymmetry |               0 |
|            Metric/avg_cross_state_asymmetry |          0.0247 |
|                Metric/avg_self_sa_asymmetry |               0 |
|               Metric/avg_cross_sa_asymmetry |          0.0431 |
|  Metric/self_state_action_to_state_distance |          0.0148 |
| Metric/cross_state_action_to_state_distance |            2.76 |
|                   Metric/h_lambda_diff_self |          0.0104 |
|                  Metric/h_lambda_diff_cross |          0.0547 |
|                                 Eval/Return |           1e+03 |
-----------------------------------------------------------------
-----------------------------------------------------------------
|                                 Train/Steps |        9.04e+05 |
|                            Loss/Loss_critic |           0.239 |
|                             Loss/Loss_actor |           -80.1 |
|                             Loss/Loss_alpha |        0.000451 |
|               Loss/Loss_state_action_metric |             2.4 |
|                      Loss/Loss_state_metric |            1.02 |
|             Loss/Loss_state_action_to_state |         0.00248 |
|                           Loss/Act_rep_loss |          0.0232 |
|                        Loss/Critic_rep_loss |            26.1 |
|                                   SAC/Alpha |          0.0117 |
|                              SAC/LogPi_mean |            0.44 |
|                                 SAC/Q1_mean |            79.9 |
|                                 SAC/Q2_mean |            79.9 |
|                            Norm/actor_model |             111 |
|                           Norm/critic_model |             172 |
|              Norm/state_action_metric_model |              47 |
|                     Norm/state_metric_model |            50.5 |
|        Norm/state_action_state_metric_model |            45.1 |
|                  Metric/self_state_distance |         0.00317 |
|                 Metric/cross_state_distance |            2.13 |
|           Metric/self_state_action_distance |          0.0129 |
|          Metric/cross_state_action_distance |            2.92 |
|             Metric/avg_self_state_asymmetry |               0 |
|            Metric/avg_cross_state_asymmetry |          0.0348 |
|                Metric/avg_self_sa_asymmetry |               0 |
|               Metric/avg_cross_sa_asymmetry |          0.0313 |
|  Metric/self_state_action_to_state_distance |          0.0112 |
| Metric/cross_state_action_to_state_distance |             2.9 |
|                   Metric/h_lambda_diff_self |         0.00887 |
|                  Metric/h_lambda_diff_cross |          0.0377 |
|                                 Eval/Return |           1e+03 |
-----------------------------------------------------------------
-----------------------------------------------------------------
|                                 Train/Steps |        1.03e+06 |
|                            Loss/Loss_critic |           0.101 |
|                             Loss/Loss_actor |           -82.1 |
|                             Loss/Loss_alpha |        0.000226 |
|               Loss/Loss_state_action_metric |            1.95 |
|                      Loss/Loss_state_metric |           0.875 |
|             Loss/Loss_state_action_to_state |         0.00299 |
|                           Loss/Act_rep_loss |          0.0312 |
|                        Loss/Critic_rep_loss |            23.4 |
|                                   SAC/Alpha |          0.0122 |
|                              SAC/LogPi_mean |           0.469 |
|                                 SAC/Q1_mean |              82 |
|                                 SAC/Q2_mean |              82 |
|                            Norm/actor_model |             117 |
|                           Norm/critic_model |             175 |
|              Norm/state_action_metric_model |            49.5 |
|                     Norm/state_metric_model |            53.5 |
|        Norm/state_action_state_metric_model |            46.5 |
|                  Metric/self_state_distance |         0.00966 |
|                 Metric/cross_state_distance |            1.94 |
|           Metric/self_state_action_distance |          0.0183 |
|          Metric/cross_state_action_distance |            2.54 |
|             Metric/avg_self_state_asymmetry |               0 |
|            Metric/avg_cross_state_asymmetry |          0.0305 |
|                Metric/avg_self_sa_asymmetry |               0 |
|               Metric/avg_cross_sa_asymmetry |          0.0368 |
|  Metric/self_state_action_to_state_distance |         0.00947 |
| Metric/cross_state_action_to_state_distance |            2.57 |
|                   Metric/h_lambda_diff_self |          0.0126 |
|                  Metric/h_lambda_diff_cross |          0.0488 |
|                                 Eval/Return |           1e+03 |
-----------------------------------------------------------------
[32mSaving model …[0m
[32mDone.[0m
[32mSaving model …[0m
[32mDone.[0m
-----------------------------------------------------------------
|                                 Train/Steps |        1.16e+06 |
|                            Loss/Loss_critic |           0.148 |
|                             Loss/Loss_actor |           -83.4 |
|                             Loss/Loss_alpha |        0.000682 |
|               Loss/Loss_state_action_metric |             2.1 |
|                      Loss/Loss_state_metric |            0.87 |
|             Loss/Loss_state_action_to_state |         0.00687 |
|                           Loss/Act_rep_loss |          0.0342 |
|                        Loss/Critic_rep_loss |            21.9 |
|                                   SAC/Alpha |          0.0106 |
|                              SAC/LogPi_mean |           0.515 |
|                                 SAC/Q1_mean |            83.3 |
|                                 SAC/Q2_mean |            83.3 |
|                            Norm/actor_model |             121 |
|                           Norm/critic_model |             179 |
|              Norm/state_action_metric_model |            52.1 |
|                     Norm/state_metric_model |            57.1 |
|        Norm/state_action_state_metric_model |            48.1 |
|                  Metric/self_state_distance |         0.00372 |
|                 Metric/cross_state_distance |            1.93 |
|           Metric/self_state_action_distance |          0.0251 |
|          Metric/cross_state_action_distance |            2.66 |
|             Metric/avg_self_state_asymmetry |               0 |
|            Metric/avg_cross_state_asymmetry |            0.03 |
|                Metric/avg_self_sa_asymmetry |               0 |
|               Metric/avg_cross_sa_asymmetry |          0.0355 |
|  Metric/self_state_action_to_state_distance |        0.000762 |
| Metric/cross_state_action_to_state_distance |            2.67 |
|                   Metric/h_lambda_diff_self |          0.0244 |
|                  Metric/h_lambda_diff_cross |          0.0523 |
|                                 Eval/Return |           1e+03 |
-----------------------------------------------------------------
-----------------------------------------------------------------
|                                 Train/Steps |        1.29e+06 |
|                            Loss/Loss_critic |          0.0707 |
|                             Loss/Loss_actor |           -84.7 |
|                             Loss/Loss_alpha |          -0.001 |
|               Loss/Loss_state_action_metric |            2.05 |
|                      Loss/Loss_state_metric |           0.932 |
|             Loss/Loss_state_action_to_state |         0.00266 |
|                           Loss/Act_rep_loss |          0.0184 |
|                        Loss/Critic_rep_loss |              21 |
|                                   SAC/Alpha |          0.0075 |
|                              SAC/LogPi_mean |           0.691 |
|                                 SAC/Q1_mean |            84.7 |
|                                 SAC/Q2_mean |            84.5 |
|                            Norm/actor_model |             126 |
|                           Norm/critic_model |             183 |
|              Norm/state_action_metric_model |            54.5 |
|                     Norm/state_metric_model |            60.3 |
|        Norm/state_action_state_metric_model |            49.9 |
|                  Metric/self_state_distance |         0.00595 |
|                 Metric/cross_state_distance |            1.92 |
|           Metric/self_state_action_distance |          0.0257 |
|          Metric/cross_state_action_distance |            2.64 |
|             Metric/avg_self_state_asymmetry |               0 |
|            Metric/avg_cross_state_asymmetry |          0.0212 |
|                Metric/avg_self_sa_asymmetry |               0 |
|               Metric/avg_cross_sa_asymmetry |          0.0272 |
|  Metric/self_state_action_to_state_distance |         0.00621 |
| Metric/cross_state_action_to_state_distance |             2.6 |
|                   Metric/h_lambda_diff_self |          0.0204 |
|                  Metric/h_lambda_diff_cross |          0.0506 |
|                                 Eval/Return |           1e+03 |
-----------------------------------------------------------------
-----------------------------------------------------------------
|                                 Train/Steps |        1.42e+06 |
|                            Loss/Loss_critic |          0.0733 |
|                             Loss/Loss_actor |           -88.6 |
|                             Loss/Loss_alpha |        0.000642 |
|               Loss/Loss_state_action_metric |            1.62 |
|                      Loss/Loss_state_metric |            0.77 |
|             Loss/Loss_state_action_to_state |         0.00302 |
|                           Loss/Act_rep_loss |          0.0157 |
|                        Loss/Critic_rep_loss |            16.2 |
|                                   SAC/Alpha |          0.0075 |
|                              SAC/LogPi_mean |           0.386 |
|                                 SAC/Q1_mean |            88.6 |
|                                 SAC/Q2_mean |            88.5 |
|                            Norm/actor_model |             130 |
|                           Norm/critic_model |             186 |
|              Norm/state_action_metric_model |            56.9 |
|                     Norm/state_metric_model |            63.2 |
|        Norm/state_action_state_metric_model |            51.7 |
|                  Metric/self_state_distance |          0.0029 |
|                 Metric/cross_state_distance |            1.77 |
|           Metric/self_state_action_distance |          0.0166 |
|          Metric/cross_state_action_distance |            2.28 |
|             Metric/avg_self_state_asymmetry |               0 |
|            Metric/avg_cross_state_asymmetry |          0.0223 |
|                Metric/avg_self_sa_asymmetry |               0 |
|               Metric/avg_cross_sa_asymmetry |          0.0318 |
|  Metric/self_state_action_to_state_distance |           0.004 |
| Metric/cross_state_action_to_state_distance |            2.24 |
|                   Metric/h_lambda_diff_self |          0.0132 |
|                  Metric/h_lambda_diff_cross |          0.0692 |
|                                 Eval/Return |           1e+03 |
-----------------------------------------------------------------
-----------------------------------------------------------------
|                                 Train/Steps |        1.54e+06 |
|                            Loss/Loss_critic |           0.567 |
|                             Loss/Loss_actor |           -87.7 |
|                             Loss/Loss_alpha |       -0.000896 |
|               Loss/Loss_state_action_metric |            1.74 |
|                      Loss/Loss_state_metric |           0.728 |
|             Loss/Loss_state_action_to_state |         0.00281 |
|                           Loss/Act_rep_loss |          0.0301 |
|                        Loss/Critic_rep_loss |            18.4 |
|                                   SAC/Alpha |         0.00597 |
|                              SAC/LogPi_mean |           0.624 |
|                                 SAC/Q1_mean |            87.6 |
|                                 SAC/Q2_mean |            87.6 |
|                            Norm/actor_model |             134 |
|                           Norm/critic_model |             190 |
|              Norm/state_action_metric_model |            59.2 |
|                     Norm/state_metric_model |            66.3 |
|        Norm/state_action_state_metric_model |            53.5 |
|                  Metric/self_state_distance |         0.00124 |
|                 Metric/cross_state_distance |            1.76 |
|           Metric/self_state_action_distance |          0.0286 |
|          Metric/cross_state_action_distance |            2.31 |
|             Metric/avg_self_state_asymmetry |               0 |
|            Metric/avg_cross_state_asymmetry |          0.0278 |
|                Metric/avg_self_sa_asymmetry |               0 |
|               Metric/avg_cross_sa_asymmetry |          0.0248 |
|  Metric/self_state_action_to_state_distance |        0.000278 |
| Metric/cross_state_action_to_state_distance |            2.32 |
|                   Metric/h_lambda_diff_self |          0.0284 |
|                  Metric/h_lambda_diff_cross |          0.0447 |
|                                 Eval/Return |           1e+03 |
-----------------------------------------------------------------
-----------------------------------------------------------------
|                                 Train/Steps |        1.67e+06 |
|                            Loss/Loss_critic |           0.063 |
|                             Loss/Loss_actor |           -89.2 |
|                             Loss/Loss_alpha |        0.000259 |
|               Loss/Loss_state_action_metric |            1.61 |
|                      Loss/Loss_state_metric |           0.776 |
|             Loss/Loss_state_action_to_state |        0.000873 |
|                           Loss/Act_rep_loss |            0.04 |
|                        Loss/Critic_rep_loss |              16 |
|                                   SAC/Alpha |         0.00574 |
|                              SAC/LogPi_mean |           0.485 |
|                                 SAC/Q1_mean |            89.1 |
|                                 SAC/Q2_mean |            89.2 |
|                            Norm/actor_model |             138 |
|                           Norm/critic_model |             193 |
|              Norm/state_action_metric_model |            61.5 |
|                     Norm/state_metric_model |            68.5 |
|        Norm/state_action_state_metric_model |            55.5 |
|                  Metric/self_state_distance |        2.64e-05 |
|                 Metric/cross_state_distance |            1.76 |
|           Metric/self_state_action_distance |         0.00658 |
|          Metric/cross_state_action_distance |            2.23 |
|             Metric/avg_self_state_asymmetry |               0 |
|            Metric/avg_cross_state_asymmetry |          0.0405 |
|                Metric/avg_self_sa_asymmetry |               0 |
|               Metric/avg_cross_sa_asymmetry |          0.0192 |
|  Metric/self_state_action_to_state_distance |         0.00106 |
| Metric/cross_state_action_to_state_distance |            2.23 |
|                   Metric/h_lambda_diff_self |         0.00568 |
|                  Metric/h_lambda_diff_cross |          0.0391 |
|                                 Eval/Return |           1e+03 |
-----------------------------------------------------------------
-----------------------------------------------------------------
|                                 Train/Steps |         1.8e+06 |
|                            Loss/Loss_critic |          0.0377 |
|                             Loss/Loss_actor |             -90 |
|                             Loss/Loss_alpha |        0.000427 |
|               Loss/Loss_state_action_metric |            1.36 |
|                      Loss/Loss_state_metric |           0.656 |
|             Loss/Loss_state_action_to_state |         0.00207 |
|                           Loss/Act_rep_loss |          0.0119 |
|                        Loss/Critic_rep_loss |            14.6 |
|                                   SAC/Alpha |         0.00633 |
|                              SAC/LogPi_mean |           0.505 |
|                                 SAC/Q1_mean |            90.1 |
|                                 SAC/Q2_mean |              90 |
|                            Norm/actor_model |             141 |
|                           Norm/critic_model |             196 |
|              Norm/state_action_metric_model |            63.7 |
|                     Norm/state_metric_model |            72.1 |
|        Norm/state_action_state_metric_model |            57.3 |
|                  Metric/self_state_distance |         0.00649 |
|                 Metric/cross_state_distance |            1.64 |
|           Metric/self_state_action_distance |         0.00409 |
|          Metric/cross_state_action_distance |            2.04 |
|             Metric/avg_self_state_asymmetry |               0 |
|            Metric/avg_cross_state_asymmetry |          0.0149 |
|                Metric/avg_self_sa_asymmetry |               0 |
|               Metric/avg_cross_sa_asymmetry |          0.0179 |
|  Metric/self_state_action_to_state_distance |         0.00431 |
| Metric/cross_state_action_to_state_distance |            1.99 |
|                   Metric/h_lambda_diff_self |         0.00393 |
|                  Metric/h_lambda_diff_cross |          0.0525 |
|                                 Eval/Return |           1e+03 |
-----------------------------------------------------------------
-----------------------------------------------------------------
|                                 Train/Steps |        1.93e+06 |
|                            Loss/Loss_critic |           0.143 |
|                             Loss/Loss_actor |             -91 |
|                             Loss/Loss_alpha |        0.000363 |
|               Loss/Loss_state_action_metric |            1.39 |
|                      Loss/Loss_state_metric |            0.69 |
|             Loss/Loss_state_action_to_state |          0.0026 |
|                           Loss/Act_rep_loss |          0.0475 |
|                        Loss/Critic_rep_loss |            13.4 |
|                                   SAC/Alpha |         0.00435 |
|                              SAC/LogPi_mean |           0.527 |
|                                 SAC/Q1_mean |              91 |
|                                 SAC/Q2_mean |            90.9 |
|                            Norm/actor_model |             144 |
|                           Norm/critic_model |             199 |
|              Norm/state_action_metric_model |            65.9 |
|                     Norm/state_metric_model |            74.3 |
|        Norm/state_action_state_metric_model |            59.2 |
|                  Metric/self_state_distance |        0.000703 |
|                 Metric/cross_state_distance |            1.68 |
|           Metric/self_state_action_distance |          0.0145 |
|          Metric/cross_state_action_distance |            2.02 |
|             Metric/avg_self_state_asymmetry |               0 |
|            Metric/avg_cross_state_asymmetry |          0.0144 |
|                Metric/avg_self_sa_asymmetry |               0 |
|               Metric/avg_cross_sa_asymmetry |          0.0219 |
|  Metric/self_state_action_to_state_distance |         0.00701 |
| Metric/cross_state_action_to_state_distance |            2.04 |
|                   Metric/h_lambda_diff_self |          0.0114 |
|                  Metric/h_lambda_diff_cross |          0.0361 |
|                                 Eval/Return |           1e+03 |
-----------------------------------------------------------------
-----------------------------------------------------------------
|                                 Train/Steps |        2.06e+06 |
|                            Loss/Loss_critic |            0.13 |
|                             Loss/Loss_actor |           -91.2 |
|                             Loss/Loss_alpha |       -0.000938 |
|               Loss/Loss_state_action_metric |            1.36 |
|                      Loss/Loss_state_metric |           0.669 |
|             Loss/Loss_state_action_to_state |        0.000571 |
|                           Loss/Act_rep_loss |          0.0269 |
|                        Loss/Critic_rep_loss |            13.4 |
|                                   SAC/Alpha |         0.00575 |
|                              SAC/LogPi_mean |           0.747 |
|                                 SAC/Q1_mean |            91.1 |
|                                 SAC/Q2_mean |            91.2 |
|                            Norm/actor_model |             148 |
|                           Norm/critic_model |             202 |
|              Norm/state_action_metric_model |            68.2 |
|                     Norm/state_metric_model |            77.4 |
|        Norm/state_action_state_metric_model |              61 |
|                  Metric/self_state_distance |         0.00424 |
|                 Metric/cross_state_distance |            1.64 |
|           Metric/self_state_action_distance |          0.0156 |
|          Metric/cross_state_action_distance |            2.04 |
|             Metric/avg_self_state_asymmetry |               0 |
|            Metric/avg_cross_state_asymmetry |          0.0142 |
|                Metric/avg_self_sa_asymmetry |               0 |
|               Metric/avg_cross_sa_asymmetry |           0.022 |
|  Metric/self_state_action_to_state_distance |        0.000384 |
| Metric/cross_state_action_to_state_distance |            2.02 |
|                   Metric/h_lambda_diff_self |          0.0152 |
|                  Metric/h_lambda_diff_cross |          0.0244 |
|                                 Eval/Return |           1e+03 |
-----------------------------------------------------------------
[32mSaving model …[0m
[32mDone.[0m
[32mSaving model …[0m
[32mDone.[0m
-----------------------------------------------------------------
|                                 Train/Steps |        2.18e+06 |
|                            Loss/Loss_critic |           0.362 |
|                             Loss/Loss_actor |           -92.6 |
|                             Loss/Loss_alpha |       -0.000362 |
|               Loss/Loss_state_action_metric |            1.09 |
|                      Loss/Loss_state_metric |           0.529 |
|             Loss/Loss_state_action_to_state |        0.000615 |
|                           Loss/Act_rep_loss |          0.0324 |
|                        Loss/Critic_rep_loss |            11.7 |
|                                   SAC/Alpha |         0.00353 |
|                              SAC/LogPi_mean |           0.579 |
|                                 SAC/Q1_mean |            92.6 |
|                                 SAC/Q2_mean |            92.6 |
|                            Norm/actor_model |             151 |
|                           Norm/critic_model |             205 |
|              Norm/state_action_metric_model |            70.5 |
|                     Norm/state_metric_model |            80.1 |
|        Norm/state_action_state_metric_model |            62.8 |
|                  Metric/self_state_distance |         0.00108 |
|                 Metric/cross_state_distance |             1.5 |
|           Metric/self_state_action_distance |         0.00525 |
|          Metric/cross_state_action_distance |            1.79 |
|             Metric/avg_self_state_asymmetry |               0 |
|            Metric/avg_cross_state_asymmetry |          0.0147 |
|                Metric/avg_self_sa_asymmetry |               0 |
|               Metric/avg_cross_sa_asymmetry |          0.0199 |
|  Metric/self_state_action_to_state_distance |          0.0024 |
| Metric/cross_state_action_to_state_distance |             1.8 |
|                   Metric/h_lambda_diff_self |         0.00455 |
|                  Metric/h_lambda_diff_cross |          0.0266 |
|                                 Eval/Return |           1e+03 |
-----------------------------------------------------------------
-----------------------------------------------------------------
|                                 Train/Steps |        2.31e+06 |
|                            Loss/Loss_critic |          0.0449 |
|                             Loss/Loss_actor |           -93.5 |
|                             Loss/Loss_alpha |        0.000501 |
|               Loss/Loss_state_action_metric |            1.03 |
|                      Loss/Loss_state_metric |           0.464 |
|             Loss/Loss_state_action_to_state |         0.00132 |
|                           Loss/Act_rep_loss |           0.039 |
|                        Loss/Critic_rep_loss |            9.76 |
|                                   SAC/Alpha |         0.00401 |
|                              SAC/LogPi_mean |            0.34 |
|                                 SAC/Q1_mean |            93.5 |
|                                 SAC/Q2_mean |            93.5 |
|                            Norm/actor_model |             153 |
|                           Norm/critic_model |             208 |
|              Norm/state_action_metric_model |            72.5 |
|                     Norm/state_metric_model |              83 |
|        Norm/state_action_state_metric_model |            64.7 |
|                  Metric/self_state_distance |         0.00119 |
|                 Metric/cross_state_distance |            1.46 |
|           Metric/self_state_action_distance |            0.01 |
|          Metric/cross_state_action_distance |            1.76 |
|             Metric/avg_self_state_asymmetry |               0 |
|            Metric/avg_cross_state_asymmetry |           0.023 |
|                Metric/avg_self_sa_asymmetry |               0 |
|               Metric/avg_cross_sa_asymmetry |          0.0186 |
|  Metric/self_state_action_to_state_distance |        0.000346 |
| Metric/cross_state_action_to_state_distance |            1.77 |
|                   Metric/h_lambda_diff_self |         0.00993 |
|                  Metric/h_lambda_diff_cross |          0.0356 |
|                                 Eval/Return |           1e+03 |
-----------------------------------------------------------------
-----------------------------------------------------------------
|                                 Train/Steps |        2.44e+06 |
|                            Loss/Loss_critic |          0.0255 |
|                             Loss/Loss_actor |           -93.4 |
|                             Loss/Loss_alpha |         0.00173 |
|               Loss/Loss_state_action_metric |            1.08 |
|                      Loss/Loss_state_metric |           0.479 |
|             Loss/Loss_state_action_to_state |        0.000543 |
|                           Loss/Act_rep_loss |          0.0353 |
|                        Loss/Critic_rep_loss |            9.79 |
|                                   SAC/Alpha |         0.00466 |
|                              SAC/LogPi_mean |           0.146 |
|                                 SAC/Q1_mean |            93.5 |
|                                 SAC/Q2_mean |            93.3 |
|                            Norm/actor_model |             156 |
|                           Norm/critic_model |             211 |
|              Norm/state_action_metric_model |            74.7 |
|                     Norm/state_metric_model |            85.7 |
|        Norm/state_action_state_metric_model |            66.9 |
|                  Metric/self_state_distance |         0.00361 |
|                 Metric/cross_state_distance |            1.47 |
|           Metric/self_state_action_distance |          0.0028 |
|          Metric/cross_state_action_distance |            1.79 |
|             Metric/avg_self_state_asymmetry |               0 |
|            Metric/avg_cross_state_asymmetry |          0.0145 |
|                Metric/avg_self_sa_asymmetry |               0 |
|               Metric/avg_cross_sa_asymmetry |          0.0166 |
|  Metric/self_state_action_to_state_distance |         0.00326 |
| Metric/cross_state_action_to_state_distance |            1.76 |
|                   Metric/h_lambda_diff_self |         0.00245 |
|                  Metric/h_lambda_diff_cross |          0.0368 |
|                                 Eval/Return |           1e+03 |
-----------------------------------------------------------------
-----------------------------------------------------------------
|                                 Train/Steps |        2.57e+06 |
|                            Loss/Loss_critic |           0.178 |
|                             Loss/Loss_actor |           -93.8 |
|                             Loss/Loss_alpha |        0.000397 |
|               Loss/Loss_state_action_metric |            1.02 |
|                      Loss/Loss_state_metric |           0.515 |
|             Loss/Loss_state_action_to_state |         0.00056 |
|                           Loss/Act_rep_loss |          0.0238 |
|                        Loss/Critic_rep_loss |            9.08 |
|                                   SAC/Alpha |         0.00328 |
|                              SAC/LogPi_mean |           0.332 |
|                                 SAC/Q1_mean |            93.8 |
|                                 SAC/Q2_mean |            93.8 |
|                            Norm/actor_model |             158 |
|                           Norm/critic_model |             213 |
|              Norm/state_action_metric_model |            76.8 |
|                     Norm/state_metric_model |            88.3 |
|        Norm/state_action_state_metric_model |            68.3 |
|                  Metric/self_state_distance |         0.00237 |
|                 Metric/cross_state_distance |            1.49 |
|           Metric/self_state_action_distance |          0.0136 |
|          Metric/cross_state_action_distance |            1.77 |
|             Metric/avg_self_state_asymmetry |               0 |
|            Metric/avg_cross_state_asymmetry |          0.0159 |
|                Metric/avg_self_sa_asymmetry |               0 |
|               Metric/avg_cross_sa_asymmetry |          0.0139 |
|  Metric/self_state_action_to_state_distance |         0.00165 |
| Metric/cross_state_action_to_state_distance |            1.75 |
|                   Metric/h_lambda_diff_self |          0.0119 |
|                  Metric/h_lambda_diff_cross |          0.0251 |
|                                 Eval/Return |           1e+03 |
-----------------------------------------------------------------
-----------------------------------------------------------------
|                                 Train/Steps |         2.7e+06 |
|                            Loss/Loss_critic |          0.0441 |
|                             Loss/Loss_actor |           -95.9 |
|                             Loss/Loss_alpha |         0.00026 |
|               Loss/Loss_state_action_metric |           0.583 |
|                      Loss/Loss_state_metric |           0.294 |
|             Loss/Loss_state_action_to_state |         0.00188 |
|                           Loss/Act_rep_loss |          0.0243 |
|                        Loss/Critic_rep_loss |            6.39 |
|                                   SAC/Alpha |         0.00428 |
|                              SAC/LogPi_mean |           0.479 |
|                                 SAC/Q1_mean |            95.8 |
|                                 SAC/Q2_mean |            95.9 |
|                            Norm/actor_model |             161 |
|                           Norm/critic_model |             217 |
|              Norm/state_action_metric_model |            79.1 |
|                     Norm/state_metric_model |            90.9 |
|        Norm/state_action_state_metric_model |            69.8 |
|                  Metric/self_state_distance |         0.00102 |
|                 Metric/cross_state_distance |            1.29 |
|           Metric/self_state_action_distance |         0.00859 |
|          Metric/cross_state_action_distance |            1.46 |
|             Metric/avg_self_state_asymmetry |               0 |
|            Metric/avg_cross_state_asymmetry |          0.0145 |
|                Metric/avg_self_sa_asymmetry |               0 |
|               Metric/avg_cross_sa_asymmetry |          0.0175 |
|  Metric/self_state_action_to_state_distance |         0.00803 |
| Metric/cross_state_action_to_state_distance |            1.44 |
|                   Metric/h_lambda_diff_self |         0.00859 |
|                  Metric/h_lambda_diff_cross |          0.0285 |
|                                 Eval/Return |           1e+03 |
-----------------------------------------------------------------
-----------------------------------------------------------------
|                                 Train/Steps |        2.82e+06 |
|                            Loss/Loss_critic |          0.0394 |
|                             Loss/Loss_actor |             -94 |
|                             Loss/Loss_alpha |       -0.000771 |
|               Loss/Loss_state_action_metric |           0.923 |
|                      Loss/Loss_state_metric |           0.422 |
|             Loss/Loss_state_action_to_state |        0.000617 |
|                           Loss/Act_rep_loss |          0.0318 |
|                        Loss/Critic_rep_loss |            8.72 |
|                                   SAC/Alpha |         0.00448 |
|                              SAC/LogPi_mean |           0.688 |
|                                 SAC/Q1_mean |              94 |
|                                 SAC/Q2_mean |              94 |
|                            Norm/actor_model |             163 |
|                           Norm/critic_model |             219 |
|              Norm/state_action_metric_model |            81.1 |
|                     Norm/state_metric_model |            93.5 |
|        Norm/state_action_state_metric_model |            71.5 |
|                  Metric/self_state_distance |        0.000942 |
|                 Metric/cross_state_distance |             1.4 |
|           Metric/self_state_action_distance |          0.0133 |
|          Metric/cross_state_action_distance |            1.65 |
|             Metric/avg_self_state_asymmetry |               0 |
|            Metric/avg_cross_state_asymmetry |          0.0121 |
|                Metric/avg_self_sa_asymmetry |               0 |
|               Metric/avg_cross_sa_asymmetry |          0.0158 |
|  Metric/self_state_action_to_state_distance |         0.00132 |
| Metric/cross_state_action_to_state_distance |            1.64 |
|                   Metric/h_lambda_diff_self |          0.0119 |
|                  Metric/h_lambda_diff_cross |          0.0218 |
|                                 Eval/Return |           1e+03 |
-----------------------------------------------------------------
-----------------------------------------------------------------
|                                 Train/Steps |        2.95e+06 |
|                            Loss/Loss_critic |           0.015 |
|                             Loss/Loss_actor |           -94.6 |
|                             Loss/Loss_alpha |        0.000413 |
|               Loss/Loss_state_action_metric |           0.837 |
|                      Loss/Loss_state_metric |           0.369 |
|             Loss/Loss_state_action_to_state |        0.000181 |
|                           Loss/Act_rep_loss |          0.0113 |
|                        Loss/Critic_rep_loss |            7.82 |
|                                   SAC/Alpha |         0.00201 |
|                              SAC/LogPi_mean |           0.327 |
|                                 SAC/Q1_mean |            94.6 |
|                                 SAC/Q2_mean |            94.6 |
|                            Norm/actor_model |             164 |
|                           Norm/critic_model |             222 |
|              Norm/state_action_metric_model |            83.3 |
|                     Norm/state_metric_model |            95.7 |
|        Norm/state_action_state_metric_model |            73.2 |
|                  Metric/self_state_distance |         0.00346 |
|                 Metric/cross_state_distance |            1.36 |
|           Metric/self_state_action_distance |          0.0245 |
|          Metric/cross_state_action_distance |            1.58 |
|             Metric/avg_self_state_asymmetry |               0 |
|            Metric/avg_cross_state_asymmetry |          0.0146 |
|                Metric/avg_self_sa_asymmetry |               0 |
|               Metric/avg_cross_sa_asymmetry |          0.0116 |
|  Metric/self_state_action_to_state_distance |        1.18e-05 |
| Metric/cross_state_action_to_state_distance |            1.57 |
|                   Metric/h_lambda_diff_self |          0.0245 |
|                  Metric/h_lambda_diff_cross |          0.0186 |
|                                 Eval/Return |           1e+03 |
-----------------------------------------------------------------
-----------------------------------------------------------------
|                                 Train/Steps |        3.08e+06 |
|                            Loss/Loss_critic |          0.0964 |
|                             Loss/Loss_actor |             -95 |
|                             Loss/Loss_alpha |       -0.000108 |
|               Loss/Loss_state_action_metric |           0.937 |
|                      Loss/Loss_state_metric |             0.4 |
|             Loss/Loss_state_action_to_state |        0.000759 |
|                           Loss/Act_rep_loss |           0.026 |
|                        Loss/Critic_rep_loss |            8.03 |
|                                   SAC/Alpha |         0.00281 |
|                              SAC/LogPi_mean |           0.603 |
|                                 SAC/Q1_mean |            95.1 |
|                                 SAC/Q2_mean |              95 |
|                            Norm/actor_model |             166 |
|                           Norm/critic_model |             225 |
|              Norm/state_action_metric_model |            85.4 |
|                     Norm/state_metric_model |              98 |
|        Norm/state_action_state_metric_model |            74.9 |
|                  Metric/self_state_distance |         0.00131 |
|                 Metric/cross_state_distance |             1.4 |
|           Metric/self_state_action_distance |         0.00589 |
|          Metric/cross_state_action_distance |            1.62 |
|             Metric/avg_self_state_asymmetry |               0 |
|            Metric/avg_cross_state_asymmetry |          0.0114 |
|                Metric/avg_self_sa_asymmetry |               0 |
|               Metric/avg_cross_sa_asymmetry |          0.0187 |
|  Metric/self_state_action_to_state_distance |         0.00205 |
| Metric/cross_state_action_to_state_distance |            1.62 |
|                   Metric/h_lambda_diff_self |         0.00417 |
|                  Metric/h_lambda_diff_cross |          0.0207 |
|                                 Eval/Return |           1e+03 |
-----------------------------------------------------------------
[32mSaving model …[0m
[32mDone.[0m
[32mSaving model …[0m
[32mDone.[0m
-----------------------------------------------------------------
|                                 Train/Steps |        3.21e+06 |
|                            Loss/Loss_critic |            0.73 |
|                             Loss/Loss_actor |           -92.9 |
|                             Loss/Loss_alpha |         -0.0013 |
|               Loss/Loss_state_action_metric |           0.979 |
|                      Loss/Loss_state_metric |           0.463 |
|             Loss/Loss_state_action_to_state |        0.000836 |
|                           Loss/Act_rep_loss |          0.0408 |
|                        Loss/Critic_rep_loss |            10.1 |
|                                   SAC/Alpha |          0.0031 |
|                              SAC/LogPi_mean |           0.819 |
|                                 SAC/Q1_mean |            92.9 |
|                                 SAC/Q2_mean |            92.8 |
|                            Norm/actor_model |             168 |
|                           Norm/critic_model |             228 |
|              Norm/state_action_metric_model |            87.5 |
|                     Norm/state_metric_model |             101 |
|        Norm/state_action_state_metric_model |            76.9 |
|                  Metric/self_state_distance |         0.00604 |
|                 Metric/cross_state_distance |            1.44 |
|           Metric/self_state_action_distance |          0.0204 |
|          Metric/cross_state_action_distance |            1.73 |
|             Metric/avg_self_state_asymmetry |               0 |
|            Metric/avg_cross_state_asymmetry |          0.0127 |
|                Metric/avg_self_sa_asymmetry |               0 |
|               Metric/avg_cross_sa_asymmetry |          0.0145 |
|  Metric/self_state_action_to_state_distance |        0.000255 |
| Metric/cross_state_action_to_state_distance |            1.75 |
|                   Metric/h_lambda_diff_self |          0.0202 |
|                  Metric/h_lambda_diff_cross |          0.0201 |
|                                 Eval/Return |             827 |
-----------------------------------------------------------------
-----------------------------------------------------------------
|                                 Train/Steps |        3.34e+06 |
|                            Loss/Loss_critic |          0.0324 |
|                             Loss/Loss_actor |           -95.8 |
|                             Loss/Loss_alpha |        -0.00031 |
|               Loss/Loss_state_action_metric |           0.663 |
|                      Loss/Loss_state_metric |           0.301 |
|             Loss/Loss_state_action_to_state |         0.00101 |
|                           Loss/Act_rep_loss |          0.0391 |
|                        Loss/Critic_rep_loss |            6.45 |
|                                   SAC/Alpha |         0.00235 |
|                              SAC/LogPi_mean |           0.614 |
|                                 SAC/Q1_mean |            95.8 |
|                                 SAC/Q2_mean |            95.8 |
|                            Norm/actor_model |             170 |
|                           Norm/critic_model |             232 |
|              Norm/state_action_metric_model |            89.6 |
|                     Norm/state_metric_model |             103 |
|        Norm/state_action_state_metric_model |            78.3 |
|                  Metric/self_state_distance |         0.00121 |
|                 Metric/cross_state_distance |            1.29 |
|           Metric/self_state_action_distance |         0.00315 |
|          Metric/cross_state_action_distance |            1.43 |
|             Metric/avg_self_state_asymmetry |               0 |
|            Metric/avg_cross_state_asymmetry |          0.0118 |
|                Metric/avg_self_sa_asymmetry |               0 |
|               Metric/avg_cross_sa_asymmetry |          0.0128 |
|  Metric/self_state_action_to_state_distance |         0.00359 |
| Metric/cross_state_action_to_state_distance |            1.45 |
|                   Metric/h_lambda_diff_self |         0.00185 |
|                  Metric/h_lambda_diff_cross |            0.02 |
|                                 Eval/Return |             427 |
-----------------------------------------------------------------
-----------------------------------------------------------------
|                                 Train/Steps |        3.46e+06 |
|                            Loss/Loss_critic |          0.0385 |
|                             Loss/Loss_actor |           -94.4 |
|                             Loss/Loss_alpha |       -0.000422 |
|               Loss/Loss_state_action_metric |           0.826 |
|                      Loss/Loss_state_metric |           0.396 |
|             Loss/Loss_state_action_to_state |        0.000971 |
|                           Loss/Act_rep_loss |          0.0322 |
|                        Loss/Critic_rep_loss |             8.4 |
|                                   SAC/Alpha |         0.00343 |
|                              SAC/LogPi_mean |           0.574 |
|                                 SAC/Q1_mean |            94.4 |
|                                 SAC/Q2_mean |            94.5 |
|                            Norm/actor_model |             172 |
|                           Norm/critic_model |             235 |
|              Norm/state_action_metric_model |            91.6 |
|                     Norm/state_metric_model |             106 |
|        Norm/state_action_state_metric_model |            80.1 |
|                  Metric/self_state_distance |         0.00031 |
|                 Metric/cross_state_distance |            1.38 |
|           Metric/self_state_action_distance |           0.023 |
|          Metric/cross_state_action_distance |            1.61 |
|             Metric/avg_self_state_asymmetry |               0 |
|            Metric/avg_cross_state_asymmetry |          0.0109 |
|                Metric/avg_self_sa_asymmetry |               0 |
|               Metric/avg_cross_sa_asymmetry |          0.0127 |
|  Metric/self_state_action_to_state_distance |         0.00158 |
| Metric/cross_state_action_to_state_distance |            1.61 |
|                   Metric/h_lambda_diff_self |          0.0214 |
|                  Metric/h_lambda_diff_cross |          0.0184 |
|                                 Eval/Return |           1e+03 |
-----------------------------------------------------------------
-----------------------------------------------------------------
|                                 Train/Steps |        3.59e+06 |
|                            Loss/Loss_critic |           0.972 |
|                             Loss/Loss_actor |           -95.8 |
|                             Loss/Loss_alpha |         0.00046 |
|               Loss/Loss_state_action_metric |           0.795 |
|                      Loss/Loss_state_metric |           0.398 |
|             Loss/Loss_state_action_to_state |         0.00169 |
|                           Loss/Act_rep_loss |          0.0355 |
|                        Loss/Critic_rep_loss |            7.32 |
|                                   SAC/Alpha |         0.00279 |
|                              SAC/LogPi_mean |           0.387 |
|                                 SAC/Q1_mean |            95.8 |
|                                 SAC/Q2_mean |            95.8 |
|                            Norm/actor_model |             174 |
|                           Norm/critic_model |             239 |
|              Norm/state_action_metric_model |            93.8 |
|                     Norm/state_metric_model |             108 |
|        Norm/state_action_state_metric_model |              82 |
|                  Metric/self_state_distance |         0.00184 |
|                 Metric/cross_state_distance |            1.38 |
|           Metric/self_state_action_distance |          0.0044 |
|          Metric/cross_state_action_distance |            1.55 |
|             Metric/avg_self_state_asymmetry |               0 |
|            Metric/avg_cross_state_asymmetry |            0.01 |
|                Metric/avg_self_sa_asymmetry |               0 |
|               Metric/avg_cross_sa_asymmetry |          0.0101 |
|  Metric/self_state_action_to_state_distance |         0.00248 |
| Metric/cross_state_action_to_state_distance |            1.53 |
|                   Metric/h_lambda_diff_self |         0.00287 |
|                  Metric/h_lambda_diff_cross |          0.0272 |
|                                 Eval/Return |           1e+03 |
-----------------------------------------------------------------
-----------------------------------------------------------------
|                                 Train/Steps |        3.72e+06 |
|                            Loss/Loss_critic |          0.0366 |
|                             Loss/Loss_actor |           -95.6 |
|                             Loss/Loss_alpha |       -0.000254 |
|               Loss/Loss_state_action_metric |            0.84 |
|                      Loss/Loss_state_metric |           0.396 |
|             Loss/Loss_state_action_to_state |          0.0006 |
|                           Loss/Act_rep_loss |          0.0402 |
|                        Loss/Critic_rep_loss |            7.15 |
|                                   SAC/Alpha |         0.00346 |
|                              SAC/LogPi_mean |           0.548 |
|                                 SAC/Q1_mean |            95.7 |
|                                 SAC/Q2_mean |            95.6 |
|                            Norm/actor_model |             176 |
|                           Norm/critic_model |             243 |
|              Norm/state_action_metric_model |            95.5 |
|                     Norm/state_metric_model |             110 |
|        Norm/state_action_state_metric_model |            83.8 |
|                  Metric/self_state_distance |        0.000521 |
|                 Metric/cross_state_distance |             1.4 |
|           Metric/self_state_action_distance |          0.0135 |
|          Metric/cross_state_action_distance |            1.61 |
|             Metric/avg_self_state_asymmetry |               0 |
|            Metric/avg_cross_state_asymmetry |          0.0146 |
|                Metric/avg_self_sa_asymmetry |               0 |
|               Metric/avg_cross_sa_asymmetry |          0.0184 |
|  Metric/self_state_action_to_state_distance |         0.00296 |
| Metric/cross_state_action_to_state_distance |            1.62 |
|                   Metric/h_lambda_diff_self |          0.0107 |
|                  Metric/h_lambda_diff_cross |          0.0156 |
|                                 Eval/Return |           1e+03 |
-----------------------------------------------------------------
-----------------------------------------------------------------
|                                 Train/Steps |        3.85e+06 |
|                            Loss/Loss_critic |          0.0644 |
|                             Loss/Loss_actor |           -95.3 |
|                             Loss/Loss_alpha |        0.000416 |
|               Loss/Loss_state_action_metric |           0.828 |
|                      Loss/Loss_state_metric |           0.412 |
|             Loss/Loss_state_action_to_state |        0.000322 |
|                           Loss/Act_rep_loss |          0.0324 |
|                        Loss/Critic_rep_loss |            7.08 |
|                                   SAC/Alpha |         0.00552 |
|                              SAC/LogPi_mean |           0.405 |
|                                 SAC/Q1_mean |            95.2 |
|                                 SAC/Q2_mean |            95.2 |
|                            Norm/actor_model |             178 |
|                           Norm/critic_model |             248 |
|              Norm/state_action_metric_model |            97.1 |
|                     Norm/state_metric_model |             112 |
|        Norm/state_action_state_metric_model |            85.7 |
|                  Metric/self_state_distance |         0.00124 |
|                 Metric/cross_state_distance |            1.38 |
|           Metric/self_state_action_distance |         0.00749 |
|          Metric/cross_state_action_distance |             1.6 |
|             Metric/avg_self_state_asymmetry |               0 |
|            Metric/avg_cross_state_asymmetry |         0.00939 |
|                Metric/avg_self_sa_asymmetry |               0 |
|               Metric/avg_cross_sa_asymmetry |          0.0102 |
|  Metric/self_state_action_to_state_distance |          0.0012 |
| Metric/cross_state_action_to_state_distance |            1.58 |
|                   Metric/h_lambda_diff_self |         0.00653 |
|                  Metric/h_lambda_diff_cross |          0.0202 |
|                                 Eval/Return |           1e+03 |
-----------------------------------------------------------------
-----------------------------------------------------------------
|                                 Train/Steps |        3.98e+06 |
|                            Loss/Loss_critic |          0.0131 |
|                             Loss/Loss_actor |           -96.9 |
|                             Loss/Loss_alpha |        0.000243 |
|               Loss/Loss_state_action_metric |           0.561 |
|                      Loss/Loss_state_metric |           0.258 |
|             Loss/Loss_state_action_to_state |        0.000407 |
|                           Loss/Act_rep_loss |          0.0177 |
|                        Loss/Critic_rep_loss |            5.01 |
|                                   SAC/Alpha |         0.00216 |
|                              SAC/LogPi_mean |           0.385 |
|                                 SAC/Q1_mean |            96.9 |
|                                 SAC/Q2_mean |            96.9 |
|                            Norm/actor_model |             180 |
|                           Norm/critic_model |             252 |
|              Norm/state_action_metric_model |            99.1 |
|                     Norm/state_metric_model |             114 |
|        Norm/state_action_state_metric_model |            87.4 |
|                  Metric/self_state_distance |        0.000489 |
|                 Metric/cross_state_distance |            1.25 |
|           Metric/self_state_action_distance |        0.000844 |
|          Metric/cross_state_action_distance |             1.4 |
|             Metric/avg_self_state_asymmetry |               0 |
|            Metric/avg_cross_state_asymmetry |          0.0111 |
|                Metric/avg_self_sa_asymmetry |               0 |
|               Metric/avg_cross_sa_asymmetry |          0.0109 |
|  Metric/self_state_action_to_state_distance |        0.000412 |
| Metric/cross_state_action_to_state_distance |            1.39 |
|                   Metric/h_lambda_diff_self |        0.000566 |
|                  Metric/h_lambda_diff_cross |          0.0139 |
|                                 Eval/Return |           1e+03 |
-----------------------------------------------------------------
-----------------------------------------------------------------
|                                 Train/Steps |         4.1e+06 |
|                            Loss/Loss_critic |          0.0136 |
|                             Loss/Loss_actor |           -98.2 |
|                             Loss/Loss_alpha |       -0.000355 |
|               Loss/Loss_state_action_metric |            0.31 |
|                      Loss/Loss_state_metric |           0.146 |
|             Loss/Loss_state_action_to_state |        0.000294 |
|                           Loss/Act_rep_loss |         0.00875 |
|                        Loss/Critic_rep_loss |            2.65 |
|                                   SAC/Alpha |         0.00213 |
|                              SAC/LogPi_mean |           0.644 |
|                                 SAC/Q1_mean |            98.2 |
|                                 SAC/Q2_mean |            98.2 |
|                            Norm/actor_model |             181 |
|                           Norm/critic_model |             254 |
|              Norm/state_action_metric_model |             101 |
|                     Norm/state_metric_model |             116 |
|        Norm/state_action_state_metric_model |              89 |
|                  Metric/self_state_distance |        3.92e-05 |
|                 Metric/cross_state_distance |            1.12 |
|           Metric/self_state_action_distance |         0.00211 |
|          Metric/cross_state_action_distance |            1.21 |
|             Metric/avg_self_state_asymmetry |               0 |
|            Metric/avg_cross_state_asymmetry |         0.00786 |
|                Metric/avg_self_sa_asymmetry |               0 |
|               Metric/avg_cross_sa_asymmetry |         0.00978 |
|  Metric/self_state_action_to_state_distance |        0.000166 |
| Metric/cross_state_action_to_state_distance |            1.19 |
|                   Metric/h_lambda_diff_self |         0.00195 |
|                  Metric/h_lambda_diff_cross |          0.0272 |
|                                 Eval/Return |           1e+03 |
-----------------------------------------------------------------
[32mSaving model …[0m
[32mDone.[0m
[32mSaving model …[0m
[32mDone.[0m
-----------------------------------------------------------------
|                                 Train/Steps |        4.23e+06 |
|                            Loss/Loss_critic |        0.000461 |
|                             Loss/Loss_actor |           -99.6 |
|                             Loss/Loss_alpha |        5.26e-05 |
|               Loss/Loss_state_action_metric |          0.0809 |
|                      Loss/Loss_state_metric |          0.0194 |
|             Loss/Loss_state_action_to_state |        0.000644 |
|                           Loss/Act_rep_loss |          0.0845 |
|                        Loss/Critic_rep_loss |           0.145 |
|                                   SAC/Alpha |         0.00134 |
|                              SAC/LogPi_mean |            0.45 |
|                                 SAC/Q1_mean |            99.6 |
|                                 SAC/Q2_mean |            99.6 |
|                            Norm/actor_model |             182 |
|                           Norm/critic_model |             256 |
|              Norm/state_action_metric_model |             102 |
|                     Norm/state_metric_model |             118 |
|        Norm/state_action_state_metric_model |            90.2 |
|                  Metric/self_state_distance |         0.00124 |
|                 Metric/cross_state_distance |           0.967 |
|           Metric/self_state_action_distance |         0.00175 |
|          Metric/cross_state_action_distance |           0.987 |
|             Metric/avg_self_state_asymmetry |               0 |
|            Metric/avg_cross_state_asymmetry |           0.006 |
|                Metric/avg_self_sa_asymmetry |               0 |
|               Metric/avg_cross_sa_asymmetry |         0.00526 |
|  Metric/self_state_action_to_state_distance |         0.00133 |
| Metric/cross_state_action_to_state_distance |            0.97 |
|                   Metric/h_lambda_diff_self |          0.0022 |
|                  Metric/h_lambda_diff_cross |          0.0174 |
|                                 Eval/Return |           1e+03 |
-----------------------------------------------------------------
-----------------------------------------------------------------
|                                 Train/Steps |        4.36e+06 |
|                            Loss/Loss_critic |         0.00286 |
|                             Loss/Loss_actor |           -99.7 |
|                             Loss/Loss_alpha |        4.54e-05 |
|               Loss/Loss_state_action_metric |          0.0583 |
|                      Loss/Loss_state_metric |          0.0153 |
|             Loss/Loss_state_action_to_state |         0.00024 |
|                           Loss/Act_rep_loss |            0.11 |
|                        Loss/Critic_rep_loss |           0.124 |
|                                   SAC/Alpha |        0.000529 |
|                              SAC/LogPi_mean |           0.456 |
|                                 SAC/Q1_mean |            99.7 |
|                                 SAC/Q2_mean |            99.7 |
|                            Norm/actor_model |             183 |
|                           Norm/critic_model |             257 |
|              Norm/state_action_metric_model |             103 |
|                     Norm/state_metric_model |             119 |
|        Norm/state_action_state_metric_model |            91.5 |
|                  Metric/self_state_distance |        2.47e-07 |
|                 Metric/cross_state_distance |           0.974 |
|           Metric/self_state_action_distance |          0.0028 |
|          Metric/cross_state_action_distance |           0.954 |
|             Metric/avg_self_state_asymmetry |               0 |
|            Metric/avg_cross_state_asymmetry |          0.0204 |
|                Metric/avg_self_sa_asymmetry |               0 |
|               Metric/avg_cross_sa_asymmetry |         0.00672 |
|  Metric/self_state_action_to_state_distance |         0.00474 |
| Metric/cross_state_action_to_state_distance |           0.953 |
|                   Metric/h_lambda_diff_self |         0.00429 |
|                  Metric/h_lambda_diff_cross |         0.00692 |
|                                 Eval/Return |           1e+03 |
-----------------------------------------------------------------
-----------------------------------------------------------------
|                                 Train/Steps |        4.49e+06 |
|                            Loss/Loss_critic |          0.0012 |
|                             Loss/Loss_actor |           -99.8 |
|                             Loss/Loss_alpha |        1.97e-06 |
|               Loss/Loss_state_action_metric |          0.0323 |
|                      Loss/Loss_state_metric |         0.00122 |
|             Loss/Loss_state_action_to_state |        0.000168 |
|                           Loss/Act_rep_loss |           0.109 |
|                        Loss/Critic_rep_loss |         0.00284 |
|                                   SAC/Alpha |         0.00075 |
|                              SAC/LogPi_mean |           0.363 |
|                                 SAC/Q1_mean |            99.9 |
|                                 SAC/Q2_mean |            99.8 |
|                            Norm/actor_model |             184 |
|                           Norm/critic_model |             257 |
|              Norm/state_action_metric_model |             104 |
|                     Norm/state_metric_model |             120 |
|        Norm/state_action_state_metric_model |            92.4 |
|                  Metric/self_state_distance |         0.00156 |
|                 Metric/cross_state_distance |           0.937 |
|           Metric/self_state_action_distance |         0.00623 |
|          Metric/cross_state_action_distance |           0.938 |
|             Metric/avg_self_state_asymmetry |               0 |
|            Metric/avg_cross_state_asymmetry |         0.00207 |
|                Metric/avg_self_sa_asymmetry |               0 |
|               Metric/avg_cross_sa_asymmetry |          0.0039 |
|  Metric/self_state_action_to_state_distance |         0.00643 |
| Metric/cross_state_action_to_state_distance |            0.93 |
|                   Metric/h_lambda_diff_self |         0.00969 |
|                  Metric/h_lambda_diff_cross |         0.00897 |
|                                 Eval/Return |           1e+03 |
-----------------------------------------------------------------
-----------------------------------------------------------------
|                                 Train/Steps |        4.62e+06 |
|                            Loss/Loss_critic |         0.00201 |
|                             Loss/Loss_actor |           -99.7 |
|                             Loss/Loss_alpha |        0.000108 |
|               Loss/Loss_state_action_metric |         0.00375 |
|                      Loss/Loss_state_metric |         0.00185 |
|             Loss/Loss_state_action_to_state |         0.00024 |
|                           Loss/Act_rep_loss |           0.109 |
|                        Loss/Critic_rep_loss |          0.0398 |
|                                   SAC/Alpha |         0.00102 |
|                              SAC/LogPi_mean |           0.384 |
|                                 SAC/Q1_mean |            99.8 |
|                                 SAC/Q2_mean |            99.7 |
|                            Norm/actor_model |             184 |
|                           Norm/critic_model |             261 |
|              Norm/state_action_metric_model |             106 |
|                     Norm/state_metric_model |             122 |
|        Norm/state_action_state_metric_model |            94.1 |
|                  Metric/self_state_distance |         0.00874 |
|                 Metric/cross_state_distance |           0.947 |
|           Metric/self_state_action_distance |        6.73e-05 |
|          Metric/cross_state_action_distance |           0.929 |
|             Metric/avg_self_state_asymmetry |               0 |
|            Metric/avg_cross_state_asymmetry |          0.0052 |
|                Metric/avg_self_sa_asymmetry |               0 |
|               Metric/avg_cross_sa_asymmetry |         0.00655 |
|  Metric/self_state_action_to_state_distance |         0.00281 |
| Metric/cross_state_action_to_state_distance |           0.956 |
|                   Metric/h_lambda_diff_self |         0.00275 |
|                  Metric/h_lambda_diff_cross |          0.0274 |
|                                 Eval/Return |           1e+03 |
-----------------------------------------------------------------
-----------------------------------------------------------------
|                                 Train/Steps |        4.74e+06 |
|                            Loss/Loss_critic |         0.00622 |
|                             Loss/Loss_actor |           -99.7 |
|                             Loss/Loss_alpha |        0.000106 |
|               Loss/Loss_state_action_metric |         0.00319 |
|                      Loss/Loss_state_metric |         0.00125 |
|             Loss/Loss_state_action_to_state |        0.000197 |
|                           Loss/Act_rep_loss |          0.0658 |
|                        Loss/Critic_rep_loss |            0.13 |
|                                   SAC/Alpha |         0.00116 |
|                              SAC/LogPi_mean |           0.437 |
|                                 SAC/Q1_mean |            99.7 |
|                                 SAC/Q2_mean |            99.7 |
|                            Norm/actor_model |             185 |
|                           Norm/critic_model |             265 |
|              Norm/state_action_metric_model |             107 |
|                     Norm/state_metric_model |             123 |
|        Norm/state_action_state_metric_model |            95.4 |
|                  Metric/self_state_distance |          0.0032 |
|                 Metric/cross_state_distance |           0.958 |
|           Metric/self_state_action_distance |         0.00681 |
|          Metric/cross_state_action_distance |            0.96 |
|             Metric/avg_self_state_asymmetry |               0 |
|            Metric/avg_cross_state_asymmetry |         0.00592 |
|                Metric/avg_self_sa_asymmetry |               0 |
|               Metric/avg_cross_sa_asymmetry |         0.00997 |
|  Metric/self_state_action_to_state_distance |        0.000295 |
| Metric/cross_state_action_to_state_distance |           0.958 |
|                   Metric/h_lambda_diff_self |         0.00651 |
|                  Metric/h_lambda_diff_cross |         0.00844 |
|                                 Eval/Return |           1e+03 |
-----------------------------------------------------------------
-----------------------------------------------------------------
|                                 Train/Steps |        4.87e+06 |
|                            Loss/Loss_critic |          0.0132 |
|                             Loss/Loss_actor |           -99.8 |
|                             Loss/Loss_alpha |        0.000107 |
|               Loss/Loss_state_action_metric |         0.00191 |
|                      Loss/Loss_state_metric |        0.000683 |
|             Loss/Loss_state_action_to_state |        0.000104 |
|                           Loss/Act_rep_loss |          0.0487 |
|                        Loss/Critic_rep_loss |          0.0531 |
|                                   SAC/Alpha |        0.000547 |
|                              SAC/LogPi_mean |           0.266 |
|                                 SAC/Q1_mean |            99.8 |
|                                 SAC/Q2_mean |            99.8 |
|                            Norm/actor_model |             186 |
|                           Norm/critic_model |             271 |
|              Norm/state_action_metric_model |             108 |
|                     Norm/state_metric_model |             125 |
|        Norm/state_action_state_metric_model |            96.7 |
|                  Metric/self_state_distance |         0.00426 |
|                 Metric/cross_state_distance |           0.979 |
|           Metric/self_state_action_distance |         0.00106 |
|          Metric/cross_state_action_distance |           0.964 |
|             Metric/avg_self_state_asymmetry |               0 |
|            Metric/avg_cross_state_asymmetry |         0.00549 |
|                Metric/avg_self_sa_asymmetry |               0 |
|               Metric/avg_cross_sa_asymmetry |         0.00573 |
|  Metric/self_state_action_to_state_distance |        0.000678 |
| Metric/cross_state_action_to_state_distance |            0.96 |
|                   Metric/h_lambda_diff_self |        0.000586 |
|                  Metric/h_lambda_diff_cross |         0.00677 |
|                                 Eval/Return |           1e+03 |
-----------------------------------------------------------------
-----------------------------------------------------------------
|                                 Train/Steps |           5e+06 |
|                            Loss/Loss_critic |          0.0127 |
|                             Loss/Loss_actor |           -99.6 |
|                             Loss/Loss_alpha |       -2.47e-05 |
|               Loss/Loss_state_action_metric |           0.104 |
|                      Loss/Loss_state_metric |          0.0444 |
|             Loss/Loss_state_action_to_state |         0.00156 |
|                           Loss/Act_rep_loss |            0.06 |
|                        Loss/Critic_rep_loss |           0.438 |
|                                   SAC/Alpha |        0.000516 |
|                              SAC/LogPi_mean |           0.538 |
|                                 SAC/Q1_mean |            99.6 |
|                                 SAC/Q2_mean |            99.6 |
|                            Norm/actor_model |             187 |
|                           Norm/critic_model |             278 |
|              Norm/state_action_metric_model |             110 |
|                     Norm/state_metric_model |             126 |
|        Norm/state_action_state_metric_model |            98.1 |
|                  Metric/self_state_distance |         0.00138 |
|                 Metric/cross_state_distance |            1.03 |
|           Metric/self_state_action_distance |          0.0137 |
|          Metric/cross_state_action_distance |            1.03 |
|             Metric/avg_self_state_asymmetry |               0 |
|            Metric/avg_cross_state_asymmetry |         0.00614 |
|                Metric/avg_self_sa_asymmetry |               0 |
|               Metric/avg_cross_sa_asymmetry |           0.007 |
|  Metric/self_state_action_to_state_distance |        8.98e-05 |
| Metric/cross_state_action_to_state_distance |            1.01 |
|                   Metric/h_lambda_diff_self |          0.0136 |
|                  Metric/h_lambda_diff_cross |           0.016 |
|                                 Eval/Return |           1e+03 |
-----------------------------------------------------------------
[32mSaving model …[0m
[32mDone.[0m
[32mSaving model …[0m
[32mDone.[0m
