E0902 01:00:23.109173 1146606 cuda_executor.cc:1526] Could not get kernel mode driver version: (INVALID_ARGUMENT: Version does not match the format X.Y.Z)
E0902 01:00:23.117878 1146492 cuda_executor.cc:1526] Could not get kernel mode driver version: (INVALID_ARGUMENT: Version does not match the format X.Y.Z)
[32mStart prefilling replay buffer[0m
[32mStart SAC training[0m
[32m{'log_freq': 1000, 'save_freq': 1000000, 'eval_episode_freq': 10, 'hidden_size': 256, 'lr': 0.001, 'max_grad_norm': 0.0, 'gamma': 0.99, 'update_tau': 0.005, 'train_per_step': 8, 'episode_length': 1000, 'warmup_samples': 8192, 'max_replay_size': 4000000, 'batch_size': 512, 'total_env_steps': 5000000, 'init_temperature': 0.1, 'nstep': 3, 'bootstrap_on_truncation': True, 'rep_lr_scale': 1.5, 'vis_feq': 100000, 'n_vis_frames': 4, 'num_envs': 128, 'grad_steps': 50, 'transfer_freq': 10, 'transfer_steps': 8, 'reward_scaling': 1.0, 'num_eval_envs': 128, 'target_entropy': -1.0}[0m
[32m[nstep] nstep=3 bootstrap_on_truncation=True (discount from the buffer already contains gamma^nstep)[0m
-----------------------------------------------------------------
|                                 Train/Steps |        1.36e+05 |
|                            Loss/Loss_critic |            1.51 |
|                             Loss/Loss_actor |           -51.2 |
|                             Loss/Loss_alpha |          0.0085 |
|               Loss/Loss_state_action_metric |            3.54 |
|                      Loss/Loss_state_metric |            1.42 |
|             Loss/Loss_state_action_to_state |         0.00676 |
|                           Loss/Act_rep_loss |         0.00787 |
|                                   SAC/Alpha |          0.0547 |
|                              SAC/LogPi_mean |           0.916 |
|                                 SAC/Q1_mean |              51 |
|                                 SAC/Q2_mean |              51 |
|                            Norm/actor_model |            58.6 |
|                           Norm/critic_model |            83.8 |
|              Norm/state_action_metric_model |            30.4 |
|                     Norm/state_metric_model |            30.3 |
|        Norm/state_action_state_metric_model |              30 |
|                  Metric/self_state_distance |          0.0073 |
|                 Metric/cross_state_distance |            2.61 |
|           Metric/self_state_action_distance |          0.0442 |
|          Metric/cross_state_action_distance |            3.82 |
|             Metric/avg_self_state_asymmetry |               0 |
|            Metric/avg_cross_state_asymmetry |          0.0423 |
|                Metric/avg_self_sa_asymmetry |               0 |
|               Metric/avg_cross_sa_asymmetry |          0.0783 |
|  Metric/self_state_action_to_state_distance |          0.0173 |
| Metric/cross_state_action_to_state_distance |            3.77 |
|                   Metric/h_lambda_diff_self |          0.0335 |
|                  Metric/h_lambda_diff_cross |           0.111 |
|                                 Eval/Return |             791 |
-----------------------------------------------------------------
-----------------------------------------------------------------
|                                 Train/Steps |        2.64e+05 |
|                            Loss/Loss_critic |           0.953 |
|                             Loss/Loss_actor |           -77.8 |
|                             Loss/Loss_alpha |        0.000397 |
|               Loss/Loss_state_action_metric |            2.83 |
|                      Loss/Loss_state_metric |           0.939 |
|             Loss/Loss_state_action_to_state |         0.00561 |
|                           Loss/Act_rep_loss |          0.0158 |
|                                   SAC/Alpha |          0.0421 |
|                              SAC/LogPi_mean |           0.995 |
|                                 SAC/Q1_mean |            77.7 |
|                                 SAC/Q2_mean |            77.7 |
|                            Norm/actor_model |            73.9 |
|                           Norm/critic_model |             103 |
|              Norm/state_action_metric_model |            33.7 |
|                     Norm/state_metric_model |            33.3 |
|        Norm/state_action_state_metric_model |            33.2 |
|                  Metric/self_state_distance |         0.00729 |
|                 Metric/cross_state_distance |             2.1 |
|           Metric/self_state_action_distance |         0.00779 |
|          Metric/cross_state_action_distance |            2.95 |
|             Metric/avg_self_state_asymmetry |               0 |
|            Metric/avg_cross_state_asymmetry |          0.0294 |
|                Metric/avg_self_sa_asymmetry |               0 |
|               Metric/avg_cross_sa_asymmetry |           0.061 |
|  Metric/self_state_action_to_state_distance |         0.00744 |
| Metric/cross_state_action_to_state_distance |            2.87 |
|                   Metric/h_lambda_diff_self |          0.0103 |
|                  Metric/h_lambda_diff_cross |           0.112 |
|                                 Eval/Return |             941 |
-----------------------------------------------------------------
-----------------------------------------------------------------
|                                 Train/Steps |        3.92e+05 |
|                            Loss/Loss_critic |           0.575 |
|                             Loss/Loss_actor |             -88 |
|                             Loss/Loss_alpha |         0.00247 |
|               Loss/Loss_state_action_metric |            1.54 |
|                      Loss/Loss_state_metric |           0.635 |
|             Loss/Loss_state_action_to_state |         0.00446 |
|                           Loss/Act_rep_loss |          0.0213 |
|                                   SAC/Alpha |          0.0287 |
|                              SAC/LogPi_mean |           0.762 |
|                                 SAC/Q1_mean |            87.9 |
|                                 SAC/Q2_mean |            87.9 |
|                            Norm/actor_model |            84.5 |
|                           Norm/critic_model |             113 |
|              Norm/state_action_metric_model |            37.4 |
|                     Norm/state_metric_model |            36.9 |
|        Norm/state_action_state_metric_model |            36.8 |
|                  Metric/self_state_distance |         0.00662 |
|                 Metric/cross_state_distance |             1.7 |
|           Metric/self_state_action_distance |          0.0132 |
|          Metric/cross_state_action_distance |            2.24 |
|             Metric/avg_self_state_asymmetry |               0 |
|            Metric/avg_cross_state_asymmetry |          0.0191 |
|                Metric/avg_self_sa_asymmetry |               0 |
|               Metric/avg_cross_sa_asymmetry |          0.0524 |
|  Metric/self_state_action_to_state_distance |         0.00823 |
| Metric/cross_state_action_to_state_distance |            2.25 |
|                   Metric/h_lambda_diff_self |          0.0109 |
|                  Metric/h_lambda_diff_cross |          0.0693 |
|                                 Eval/Return |             964 |
-----------------------------------------------------------------
-----------------------------------------------------------------
|                                 Train/Steps |         5.2e+05 |
|                            Loss/Loss_critic |           0.507 |
|                             Loss/Loss_actor |           -92.8 |
|                             Loss/Loss_alpha |         0.00186 |
|               Loss/Loss_state_action_metric |            1.57 |
|                      Loss/Loss_state_metric |           0.512 |
|             Loss/Loss_state_action_to_state |         0.00419 |
|                           Loss/Act_rep_loss |          0.0204 |
|                                   SAC/Alpha |          0.0209 |
|                              SAC/LogPi_mean |            0.99 |
|                                 SAC/Q1_mean |            92.7 |
|                                 SAC/Q2_mean |            92.8 |
|                            Norm/actor_model |            93.9 |
|                           Norm/critic_model |             121 |
|              Norm/state_action_metric_model |            40.8 |
|                     Norm/state_metric_model |            40.7 |
|        Norm/state_action_state_metric_model |            40.2 |
|                  Metric/self_state_distance |         0.00985 |
|                 Metric/cross_state_distance |            1.65 |
|           Metric/self_state_action_distance |         0.00536 |
|          Metric/cross_state_action_distance |            2.15 |
|             Metric/avg_self_state_asymmetry |               0 |
|            Metric/avg_cross_state_asymmetry |          0.0211 |
|                Metric/avg_self_sa_asymmetry |               0 |
|               Metric/avg_cross_sa_asymmetry |           0.044 |
|  Metric/self_state_action_to_state_distance |         0.00409 |
| Metric/cross_state_action_to_state_distance |             2.1 |
|                   Metric/h_lambda_diff_self |         0.00685 |
|                  Metric/h_lambda_diff_cross |          0.0771 |
|                                 Eval/Return |             976 |
-----------------------------------------------------------------
-----------------------------------------------------------------
|                                 Train/Steps |        6.48e+05 |
|                            Loss/Loss_critic |             0.3 |
|                             Loss/Loss_actor |             -95 |
|                             Loss/Loss_alpha |         0.00334 |
|               Loss/Loss_state_action_metric |            1.67 |
|                      Loss/Loss_state_metric |           0.423 |
|             Loss/Loss_state_action_to_state |         0.00297 |
|                           Loss/Act_rep_loss |         0.00823 |
|                                   SAC/Alpha |           0.018 |
|                              SAC/LogPi_mean |           0.685 |
|                                 SAC/Q1_mean |            94.9 |
|                                 SAC/Q2_mean |              95 |
|                            Norm/actor_model |             102 |
|                           Norm/critic_model |             128 |
|              Norm/state_action_metric_model |            44.1 |
|                     Norm/state_metric_model |            44.9 |
|        Norm/state_action_state_metric_model |            43.6 |
|                  Metric/self_state_distance |         0.00574 |
|                 Metric/cross_state_distance |            1.45 |
|           Metric/self_state_action_distance |          0.0169 |
|          Metric/cross_state_action_distance |            1.93 |
|             Metric/avg_self_state_asymmetry |               0 |
|            Metric/avg_cross_state_asymmetry |          0.0198 |
|                Metric/avg_self_sa_asymmetry |               0 |
|               Metric/avg_cross_sa_asymmetry |          0.0395 |
|  Metric/self_state_action_to_state_distance |         0.00249 |
| Metric/cross_state_action_to_state_distance |            1.87 |
|                   Metric/h_lambda_diff_self |          0.0152 |
|                  Metric/h_lambda_diff_cross |          0.0651 |
|                                 Eval/Return |             931 |
-----------------------------------------------------------------
-----------------------------------------------------------------
|                                 Train/Steps |        7.76e+05 |
|                            Loss/Loss_critic |           0.332 |
|                             Loss/Loss_actor |           -95.7 |
|                             Loss/Loss_alpha |        0.000609 |
|               Loss/Loss_state_action_metric |            1.81 |
|                      Loss/Loss_state_metric |           0.372 |
|             Loss/Loss_state_action_to_state |         0.00245 |
|                           Loss/Act_rep_loss |          0.0157 |
|                                   SAC/Alpha |           0.015 |
|                              SAC/LogPi_mean |           0.968 |
|                                 SAC/Q1_mean |            95.7 |
|                                 SAC/Q2_mean |            95.7 |
|                            Norm/actor_model |             110 |
|                           Norm/critic_model |             133 |
|              Norm/state_action_metric_model |            47.2 |
|                     Norm/state_metric_model |            48.8 |
|        Norm/state_action_state_metric_model |            46.9 |
|                  Metric/self_state_distance |        0.000234 |
|                 Metric/cross_state_distance |            1.41 |
|           Metric/self_state_action_distance |          0.0147 |
|          Metric/cross_state_action_distance |            1.72 |
|             Metric/avg_self_state_asymmetry |               0 |
|            Metric/avg_cross_state_asymmetry |          0.0238 |
|                Metric/avg_self_sa_asymmetry |               0 |
|               Metric/avg_cross_sa_asymmetry |          0.0325 |
|  Metric/self_state_action_to_state_distance |         0.00126 |
| Metric/cross_state_action_to_state_distance |            1.73 |
|                   Metric/h_lambda_diff_self |          0.0135 |
|                  Metric/h_lambda_diff_cross |           0.042 |
|                                 Eval/Return |             956 |
-----------------------------------------------------------------
-----------------------------------------------------------------
|                                 Train/Steps |        9.04e+05 |
|                            Loss/Loss_critic |           0.319 |
|                             Loss/Loss_actor |           -96.5 |
|                             Loss/Loss_alpha |        -0.00126 |
|               Loss/Loss_state_action_metric |            1.37 |
|                      Loss/Loss_state_metric |           0.425 |
|             Loss/Loss_state_action_to_state |         0.00392 |
|                           Loss/Act_rep_loss |          0.0183 |
|                                   SAC/Alpha |          0.0117 |
|                              SAC/LogPi_mean |            1.13 |
|                                 SAC/Q1_mean |            96.5 |
|                                 SAC/Q2_mean |            96.5 |
|                            Norm/actor_model |             116 |
|                           Norm/critic_model |             139 |
|              Norm/state_action_metric_model |            50.4 |
|                     Norm/state_metric_model |            52.5 |
|        Norm/state_action_state_metric_model |            50.1 |
|                  Metric/self_state_distance |        1.84e-06 |
|                 Metric/cross_state_distance |            1.47 |
|           Metric/self_state_action_distance |         0.00763 |
|          Metric/cross_state_action_distance |            1.77 |
|             Metric/avg_self_state_asymmetry |               0 |
|            Metric/avg_cross_state_asymmetry |          0.0222 |
|                Metric/avg_self_sa_asymmetry |               0 |
|               Metric/avg_cross_sa_asymmetry |          0.0444 |
|  Metric/self_state_action_to_state_distance |         0.00276 |
| Metric/cross_state_action_to_state_distance |            1.74 |
|                   Metric/h_lambda_diff_self |         0.00655 |
|                  Metric/h_lambda_diff_cross |          0.0528 |
|                                 Eval/Return |             948 |
-----------------------------------------------------------------
-----------------------------------------------------------------
|                                 Train/Steps |        1.03e+06 |
|                            Loss/Loss_critic |           0.608 |
|                             Loss/Loss_actor |           -96.3 |
|                             Loss/Loss_alpha |        -0.00341 |
|               Loss/Loss_state_action_metric |            1.19 |
|                      Loss/Loss_state_metric |           0.431 |
|             Loss/Loss_state_action_to_state |         0.00346 |
|                           Loss/Act_rep_loss |           0.006 |
|                                   SAC/Alpha |          0.0111 |
|                              SAC/LogPi_mean |            1.42 |
|                                 SAC/Q1_mean |            96.2 |
|                                 SAC/Q2_mean |            96.3 |
|                            Norm/actor_model |             122 |
|                           Norm/critic_model |             145 |
|              Norm/state_action_metric_model |            53.3 |
|                     Norm/state_metric_model |            56.7 |
|        Norm/state_action_state_metric_model |            53.2 |
|                  Metric/self_state_distance |         0.00298 |
|                 Metric/cross_state_distance |            1.49 |
|           Metric/self_state_action_distance |          0.0119 |
|          Metric/cross_state_action_distance |            1.91 |
|             Metric/avg_self_state_asymmetry |               0 |
|            Metric/avg_cross_state_asymmetry |          0.0246 |
|                Metric/avg_self_sa_asymmetry |               0 |
|               Metric/avg_cross_sa_asymmetry |          0.0409 |
|  Metric/self_state_action_to_state_distance |        6.99e-05 |
| Metric/cross_state_action_to_state_distance |            1.88 |
|                   Metric/h_lambda_diff_self |          0.0119 |
|                  Metric/h_lambda_diff_cross |          0.0533 |
|                                 Eval/Return |             964 |
-----------------------------------------------------------------
[32mSaving model …[0m
[32mDone.[0m
[32mSaving model …[0m
[32mDone.[0m
-----------------------------------------------------------------
|                                 Train/Steps |        1.16e+06 |
|                            Loss/Loss_critic |           0.235 |
|                             Loss/Loss_actor |           -97.3 |
|                             Loss/Loss_alpha |       -0.000955 |
|               Loss/Loss_state_action_metric |            0.84 |
|                      Loss/Loss_state_metric |           0.362 |
|             Loss/Loss_state_action_to_state |         0.00199 |
|                           Loss/Act_rep_loss |         0.00554 |
|                                   SAC/Alpha |          0.0102 |
|                              SAC/LogPi_mean |             1.2 |
|                                 SAC/Q1_mean |            97.3 |
|                                 SAC/Q2_mean |            97.3 |
|                            Norm/actor_model |             128 |
|                           Norm/critic_model |             150 |
|              Norm/state_action_metric_model |            56.2 |
|                     Norm/state_metric_model |            60.6 |
|        Norm/state_action_state_metric_model |            56.3 |
|                  Metric/self_state_distance |         0.00504 |
|                 Metric/cross_state_distance |            1.41 |
|           Metric/self_state_action_distance |         0.00876 |
|          Metric/cross_state_action_distance |            1.72 |
|             Metric/avg_self_state_asymmetry |               0 |
|            Metric/avg_cross_state_asymmetry |           0.017 |
|                Metric/avg_self_sa_asymmetry |               0 |
|               Metric/avg_cross_sa_asymmetry |          0.0394 |
|  Metric/self_state_action_to_state_distance |         0.00213 |
| Metric/cross_state_action_to_state_distance |            1.68 |
|                   Metric/h_lambda_diff_self |         0.00725 |
|                  Metric/h_lambda_diff_cross |          0.0606 |
|                                 Eval/Return |             955 |
-----------------------------------------------------------------
-----------------------------------------------------------------
|                                 Train/Steps |        1.29e+06 |
|                            Loss/Loss_critic |            0.15 |
|                             Loss/Loss_actor |           -97.9 |
|                             Loss/Loss_alpha |         -0.0003 |
|               Loss/Loss_state_action_metric |           0.887 |
|                      Loss/Loss_state_metric |           0.254 |
|             Loss/Loss_state_action_to_state |         0.00346 |
|                           Loss/Act_rep_loss |          0.0023 |
|                                   SAC/Alpha |         0.00863 |
|                              SAC/LogPi_mean |           0.953 |
|                                 SAC/Q1_mean |            97.9 |
|                                 SAC/Q2_mean |              98 |
|                            Norm/actor_model |             133 |
|                           Norm/critic_model |             154 |
|              Norm/state_action_metric_model |            58.9 |
|                     Norm/state_metric_model |            64.3 |
|        Norm/state_action_state_metric_model |            59.2 |
|                  Metric/self_state_distance |         0.00073 |
|                 Metric/cross_state_distance |            1.34 |
|           Metric/self_state_action_distance |         0.00441 |
|          Metric/cross_state_action_distance |            1.63 |
|             Metric/avg_self_state_asymmetry |               0 |
|            Metric/avg_cross_state_asymmetry |          0.0183 |
|                Metric/avg_self_sa_asymmetry |               0 |
|               Metric/avg_cross_sa_asymmetry |          0.0345 |
|  Metric/self_state_action_to_state_distance |        0.000447 |
| Metric/cross_state_action_to_state_distance |             1.6 |
|                   Metric/h_lambda_diff_self |         0.00407 |
|                  Metric/h_lambda_diff_cross |          0.0562 |
|                                 Eval/Return |             946 |
-----------------------------------------------------------------
-----------------------------------------------------------------
|                                 Train/Steps |        1.42e+06 |
|                            Loss/Loss_critic |           0.169 |
|                             Loss/Loss_actor |           -97.6 |
|                             Loss/Loss_alpha |        -0.00193 |
|               Loss/Loss_state_action_metric |            1.13 |
|                      Loss/Loss_state_metric |           0.364 |
|             Loss/Loss_state_action_to_state |         0.00424 |
|                           Loss/Act_rep_loss |         0.00494 |
|                                   SAC/Alpha |         0.00804 |
|                              SAC/LogPi_mean |            1.27 |
|                                 SAC/Q1_mean |            97.6 |
|                                 SAC/Q2_mean |            97.6 |
|                            Norm/actor_model |             138 |
|                           Norm/critic_model |             159 |
|              Norm/state_action_metric_model |            61.6 |
|                     Norm/state_metric_model |            68.1 |
|        Norm/state_action_state_metric_model |            62.1 |
|                  Metric/self_state_distance |         0.00197 |
|                 Metric/cross_state_distance |            1.41 |
|           Metric/self_state_action_distance |          0.0223 |
|          Metric/cross_state_action_distance |            1.73 |
|             Metric/avg_self_state_asymmetry |               0 |
|            Metric/avg_cross_state_asymmetry |          0.0166 |
|                Metric/avg_self_sa_asymmetry |               0 |
|               Metric/avg_cross_sa_asymmetry |          0.0392 |
|  Metric/self_state_action_to_state_distance |          0.0034 |
| Metric/cross_state_action_to_state_distance |            1.69 |
|                   Metric/h_lambda_diff_self |          0.0205 |
|                  Metric/h_lambda_diff_cross |          0.0482 |
|                                 Eval/Return |             970 |
-----------------------------------------------------------------
-----------------------------------------------------------------
|                                 Train/Steps |        1.54e+06 |
|                            Loss/Loss_critic |           0.111 |
|                             Loss/Loss_actor |           -98.1 |
|                             Loss/Loss_alpha |         0.00115 |
|               Loss/Loss_state_action_metric |           0.641 |
|                      Loss/Loss_state_metric |           0.243 |
|             Loss/Loss_state_action_to_state |         0.00236 |
|                           Loss/Act_rep_loss |         0.00524 |
|                                   SAC/Alpha |         0.00735 |
|                              SAC/LogPi_mean |           0.785 |
|                                 SAC/Q1_mean |            98.1 |
|                                 SAC/Q2_mean |            98.1 |
|                            Norm/actor_model |             142 |
|                           Norm/critic_model |             163 |
|              Norm/state_action_metric_model |            64.1 |
|                     Norm/state_metric_model |            71.9 |
|        Norm/state_action_state_metric_model |              65 |
|                  Metric/self_state_distance |         0.00467 |
|                 Metric/cross_state_distance |            1.29 |
|           Metric/self_state_action_distance |         0.00174 |
|          Metric/cross_state_action_distance |            1.54 |
|             Metric/avg_self_state_asymmetry |               0 |
|            Metric/avg_cross_state_asymmetry |          0.0147 |
|                Metric/avg_self_sa_asymmetry |               0 |
|               Metric/avg_cross_sa_asymmetry |          0.0344 |
|  Metric/self_state_action_to_state_distance |        0.000872 |
| Metric/cross_state_action_to_state_distance |            1.53 |
|                   Metric/h_lambda_diff_self |         0.00143 |
|                  Metric/h_lambda_diff_cross |          0.0313 |
|                                 Eval/Return |             969 |
-----------------------------------------------------------------
-----------------------------------------------------------------
|                                 Train/Steps |        1.67e+06 |
|                            Loss/Loss_critic |            0.21 |
|                             Loss/Loss_actor |           -97.6 |
|                             Loss/Loss_alpha |        -0.00136 |
|               Loss/Loss_state_action_metric |           0.861 |
|                      Loss/Loss_state_metric |           0.308 |
|             Loss/Loss_state_action_to_state |         0.00244 |
|                           Loss/Act_rep_loss |          0.0161 |
|                                   SAC/Alpha |         0.00727 |
|                              SAC/LogPi_mean |             1.2 |
|                                 SAC/Q1_mean |            97.7 |
|                                 SAC/Q2_mean |            97.5 |
|                            Norm/actor_model |             146 |
|                           Norm/critic_model |             168 |
|              Norm/state_action_metric_model |            66.5 |
|                     Norm/state_metric_model |            75.1 |
|        Norm/state_action_state_metric_model |            67.6 |
|                  Metric/self_state_distance |         0.00284 |
|                 Metric/cross_state_distance |            1.32 |
|           Metric/self_state_action_distance |         0.00404 |
|          Metric/cross_state_action_distance |            1.58 |
|             Metric/avg_self_state_asymmetry |               0 |
|            Metric/avg_cross_state_asymmetry |          0.0185 |
|                Metric/avg_self_sa_asymmetry |               0 |
|               Metric/avg_cross_sa_asymmetry |          0.0335 |
|  Metric/self_state_action_to_state_distance |        0.000451 |
| Metric/cross_state_action_to_state_distance |            1.56 |
|                   Metric/h_lambda_diff_self |         0.00385 |
|                  Metric/h_lambda_diff_cross |           0.039 |
|                                 Eval/Return |             922 |
-----------------------------------------------------------------
-----------------------------------------------------------------
|                                 Train/Steps |         1.8e+06 |
|                            Loss/Loss_critic |           0.177 |
|                             Loss/Loss_actor |           -97.9 |
|                             Loss/Loss_alpha |       -0.000112 |
|               Loss/Loss_state_action_metric |           0.819 |
|                      Loss/Loss_state_metric |            0.25 |
|             Loss/Loss_state_action_to_state |          0.0033 |
|                           Loss/Act_rep_loss |          0.0194 |
|                                   SAC/Alpha |         0.00686 |
|                              SAC/LogPi_mean |            1.09 |
|                                 SAC/Q1_mean |            97.9 |
|                                 SAC/Q2_mean |            97.9 |
|                            Norm/actor_model |             150 |
|                           Norm/critic_model |             171 |
|              Norm/state_action_metric_model |              69 |
|                     Norm/state_metric_model |            78.8 |
|        Norm/state_action_state_metric_model |            70.2 |
|                  Metric/self_state_distance |         0.00556 |
|                 Metric/cross_state_distance |            1.31 |
|           Metric/self_state_action_distance |         0.00454 |
|          Metric/cross_state_action_distance |            1.51 |
|             Metric/avg_self_state_asymmetry |               0 |
|            Metric/avg_cross_state_asymmetry |          0.0182 |
|                Metric/avg_self_sa_asymmetry |               0 |
|               Metric/avg_cross_sa_asymmetry |           0.029 |
|  Metric/self_state_action_to_state_distance |         0.00231 |
| Metric/cross_state_action_to_state_distance |            1.51 |
|                   Metric/h_lambda_diff_self |         0.00332 |
|                  Metric/h_lambda_diff_cross |          0.0393 |
|                                 Eval/Return |             973 |
-----------------------------------------------------------------
-----------------------------------------------------------------
|                                 Train/Steps |        1.93e+06 |
|                            Loss/Loss_critic |           0.152 |
|                             Loss/Loss_actor |           -97.9 |
|                             Loss/Loss_alpha |         0.00122 |
|               Loss/Loss_state_action_metric |           0.781 |
|                      Loss/Loss_state_metric |            0.23 |
|             Loss/Loss_state_action_to_state |         0.00328 |
|                           Loss/Act_rep_loss |        0.000739 |
|                                   SAC/Alpha |         0.00633 |
|                              SAC/LogPi_mean |           0.826 |
|                                 SAC/Q1_mean |            97.8 |
|                                 SAC/Q2_mean |              98 |
|                            Norm/actor_model |             154 |
|                           Norm/critic_model |             175 |
|              Norm/state_action_metric_model |            71.4 |
|                     Norm/state_metric_model |            82.3 |
|        Norm/state_action_state_metric_model |            72.8 |
|                  Metric/self_state_distance |        0.000208 |
|                 Metric/cross_state_distance |            1.26 |
|           Metric/self_state_action_distance |         0.00957 |
|          Metric/cross_state_action_distance |            1.48 |
|             Metric/avg_self_state_asymmetry |               0 |
|            Metric/avg_cross_state_asymmetry |          0.0167 |
|                Metric/avg_self_sa_asymmetry |               0 |
|               Metric/avg_cross_sa_asymmetry |          0.0305 |
|  Metric/self_state_action_to_state_distance |          0.0025 |
| Metric/cross_state_action_to_state_distance |            1.43 |
|                   Metric/h_lambda_diff_self |         0.00735 |
|                  Metric/h_lambda_diff_cross |          0.0575 |
|                                 Eval/Return |             960 |
-----------------------------------------------------------------
-----------------------------------------------------------------
|                                 Train/Steps |        2.06e+06 |
|                            Loss/Loss_critic |           0.197 |
|                             Loss/Loss_actor |           -98.1 |
|                             Loss/Loss_alpha |       -0.000423 |
|               Loss/Loss_state_action_metric |           0.629 |
|                      Loss/Loss_state_metric |           0.232 |
|             Loss/Loss_state_action_to_state |         0.00548 |
|                           Loss/Act_rep_loss |         0.00881 |
|                                   SAC/Alpha |         0.00648 |
|                              SAC/LogPi_mean |            1.08 |
|                                 SAC/Q1_mean |            98.2 |
|                                 SAC/Q2_mean |              98 |
|                            Norm/actor_model |             158 |
|                           Norm/critic_model |             179 |
|              Norm/state_action_metric_model |            73.6 |
|                     Norm/state_metric_model |            85.7 |
|        Norm/state_action_state_metric_model |            75.3 |
|                  Metric/self_state_distance |        0.000912 |
|                 Metric/cross_state_distance |            1.29 |
|           Metric/self_state_action_distance |          0.0105 |
|          Metric/cross_state_action_distance |             1.5 |
|             Metric/avg_self_state_asymmetry |               0 |
|            Metric/avg_cross_state_asymmetry |          0.0162 |
|                Metric/avg_self_sa_asymmetry |               0 |
|               Metric/avg_cross_sa_asymmetry |          0.0333 |
|  Metric/self_state_action_to_state_distance |        0.000581 |
| Metric/cross_state_action_to_state_distance |            1.48 |
|                   Metric/h_lambda_diff_self |          0.0101 |
|                  Metric/h_lambda_diff_cross |          0.0424 |
|                                 Eval/Return |             971 |
-----------------------------------------------------------------
[32mSaving model …[0m
[32mDone.[0m
[32mSaving model …[0m
[32mDone.[0m
-----------------------------------------------------------------
|                                 Train/Steps |        2.18e+06 |
|                            Loss/Loss_critic |           0.192 |
|                             Loss/Loss_actor |             -98 |
|                             Loss/Loss_alpha |        -0.00276 |
|               Loss/Loss_state_action_metric |            1.19 |
|                      Loss/Loss_state_metric |           0.248 |
|             Loss/Loss_state_action_to_state |         0.00164 |
|                           Loss/Act_rep_loss |          0.0262 |
|                                   SAC/Alpha |         0.00571 |
|                              SAC/LogPi_mean |            1.48 |
|                                 SAC/Q1_mean |            98.1 |
|                                 SAC/Q2_mean |              98 |
|                            Norm/actor_model |             161 |
|                           Norm/critic_model |             183 |
|              Norm/state_action_metric_model |            75.6 |
|                     Norm/state_metric_model |            88.9 |
|        Norm/state_action_state_metric_model |            77.7 |
|                  Metric/self_state_distance |        0.000638 |
|                 Metric/cross_state_distance |            1.28 |
|           Metric/self_state_action_distance |         0.00869 |
|          Metric/cross_state_action_distance |            1.46 |
|             Metric/avg_self_state_asymmetry |               0 |
|            Metric/avg_cross_state_asymmetry |          0.0182 |
|                Metric/avg_self_sa_asymmetry |               0 |
|               Metric/avg_cross_sa_asymmetry |          0.0218 |
|  Metric/self_state_action_to_state_distance |         0.00271 |
| Metric/cross_state_action_to_state_distance |            1.46 |
|                   Metric/h_lambda_diff_self |          0.0068 |
|                  Metric/h_lambda_diff_cross |          0.0264 |
|                                 Eval/Return |             962 |
-----------------------------------------------------------------
-----------------------------------------------------------------
|                                 Train/Steps |        2.31e+06 |
|                            Loss/Loss_critic |           0.138 |
|                             Loss/Loss_actor |             -99 |
|                             Loss/Loss_alpha |        0.000279 |
|               Loss/Loss_state_action_metric |           0.849 |
|                      Loss/Loss_state_metric |           0.149 |
|             Loss/Loss_state_action_to_state |         0.00106 |
|                           Loss/Act_rep_loss |         0.00674 |
|                                   SAC/Alpha |         0.00671 |
|                              SAC/LogPi_mean |           0.971 |
|                                 SAC/Q1_mean |            99.1 |
|                                 SAC/Q2_mean |              99 |
|                            Norm/actor_model |             165 |
|                           Norm/critic_model |             187 |
|              Norm/state_action_metric_model |            77.9 |
|                     Norm/state_metric_model |            92.3 |
|        Norm/state_action_state_metric_model |            80.1 |
|                  Metric/self_state_distance |        0.000592 |
|                 Metric/cross_state_distance |            1.17 |
|           Metric/self_state_action_distance |         0.00847 |
|          Metric/cross_state_action_distance |             1.3 |
|             Metric/avg_self_state_asymmetry |               0 |
|            Metric/avg_cross_state_asymmetry |          0.0129 |
|                Metric/avg_self_sa_asymmetry |               0 |
|               Metric/avg_cross_sa_asymmetry |          0.0236 |
|  Metric/self_state_action_to_state_distance |         0.00419 |
| Metric/cross_state_action_to_state_distance |            1.27 |
|                   Metric/h_lambda_diff_self |         0.00673 |
|                  Metric/h_lambda_diff_cross |          0.0315 |
|                                 Eval/Return |             979 |
-----------------------------------------------------------------
-----------------------------------------------------------------
|                                 Train/Steps |        2.44e+06 |
|                            Loss/Loss_critic |           0.124 |
|                             Loss/Loss_actor |             -98 |
|                             Loss/Loss_alpha |       -0.000825 |
|               Loss/Loss_state_action_metric |           0.637 |
|                      Loss/Loss_state_metric |           0.263 |
|             Loss/Loss_state_action_to_state |         0.00221 |
|                           Loss/Act_rep_loss |          0.0268 |
|                                   SAC/Alpha |         0.00584 |
|                              SAC/LogPi_mean |            1.17 |
|                                 SAC/Q1_mean |              98 |
|                                 SAC/Q2_mean |              98 |
|                            Norm/actor_model |             168 |
|                           Norm/critic_model |             190 |
|              Norm/state_action_metric_model |            80.2 |
|                     Norm/state_metric_model |            95.4 |
|        Norm/state_action_state_metric_model |            82.5 |
|                  Metric/self_state_distance |         0.00165 |
|                 Metric/cross_state_distance |             1.3 |
|           Metric/self_state_action_distance |         0.00344 |
|          Metric/cross_state_action_distance |            1.49 |
|             Metric/avg_self_state_asymmetry |               0 |
|            Metric/avg_cross_state_asymmetry |          0.0158 |
|                Metric/avg_self_sa_asymmetry |               0 |
|               Metric/avg_cross_sa_asymmetry |          0.0292 |
|  Metric/self_state_action_to_state_distance |        0.000346 |
| Metric/cross_state_action_to_state_distance |            1.52 |
|                   Metric/h_lambda_diff_self |         0.00311 |
|                  Metric/h_lambda_diff_cross |          0.0426 |
|                                 Eval/Return |             972 |
-----------------------------------------------------------------
-----------------------------------------------------------------
|                                 Train/Steps |        2.57e+06 |
|                            Loss/Loss_critic |          0.0684 |
|                             Loss/Loss_actor |           -98.5 |
|                             Loss/Loss_alpha |        0.000433 |
|               Loss/Loss_state_action_metric |           0.512 |
|                      Loss/Loss_state_metric |           0.217 |
|             Loss/Loss_state_action_to_state |         0.00217 |
|                           Loss/Act_rep_loss |          0.0239 |
|                                   SAC/Alpha |         0.00529 |
|                              SAC/LogPi_mean |            0.88 |
|                                 SAC/Q1_mean |            98.5 |
|                                 SAC/Q2_mean |            98.5 |
|                            Norm/actor_model |             172 |
|                           Norm/critic_model |             194 |
|              Norm/state_action_metric_model |            82.2 |
|                     Norm/state_metric_model |            98.6 |
|        Norm/state_action_state_metric_model |            84.8 |
|                  Metric/self_state_distance |         0.00144 |
|                 Metric/cross_state_distance |            1.25 |
|           Metric/self_state_action_distance |          0.0029 |
|          Metric/cross_state_action_distance |             1.4 |
|             Metric/avg_self_state_asymmetry |               0 |
|            Metric/avg_cross_state_asymmetry |          0.0128 |
|                Metric/avg_self_sa_asymmetry |               0 |
|               Metric/avg_cross_sa_asymmetry |            0.03 |
|  Metric/self_state_action_to_state_distance |         2.4e-05 |
| Metric/cross_state_action_to_state_distance |            1.42 |
|                   Metric/h_lambda_diff_self |          0.0029 |
|                  Metric/h_lambda_diff_cross |          0.0383 |
|                                 Eval/Return |             980 |
-----------------------------------------------------------------
-----------------------------------------------------------------
|                                 Train/Steps |         2.7e+06 |
|                            Loss/Loss_critic |          0.0708 |
|                             Loss/Loss_actor |           -98.4 |
|                             Loss/Loss_alpha |        0.000401 |
|               Loss/Loss_state_action_metric |           0.659 |
|                      Loss/Loss_state_metric |           0.246 |
|             Loss/Loss_state_action_to_state |         0.00193 |
|                           Loss/Act_rep_loss |          0.0142 |
|                                   SAC/Alpha |         0.00558 |
|                              SAC/LogPi_mean |           0.952 |
|                                 SAC/Q1_mean |            98.3 |
|                                 SAC/Q2_mean |            98.6 |
|                            Norm/actor_model |             175 |
|                           Norm/critic_model |             197 |
|              Norm/state_action_metric_model |            84.3 |
|                     Norm/state_metric_model |             102 |
|        Norm/state_action_state_metric_model |            87.1 |
|                  Metric/self_state_distance |        0.000922 |
|                 Metric/cross_state_distance |            1.26 |
|           Metric/self_state_action_distance |         0.00524 |
|          Metric/cross_state_action_distance |            1.45 |
|             Metric/avg_self_state_asymmetry |               0 |
|            Metric/avg_cross_state_asymmetry |          0.0147 |
|                Metric/avg_self_sa_asymmetry |               0 |
|               Metric/avg_cross_sa_asymmetry |          0.0264 |
|  Metric/self_state_action_to_state_distance |         0.00178 |
| Metric/cross_state_action_to_state_distance |            1.47 |
|                   Metric/h_lambda_diff_self |         0.00461 |
|                  Metric/h_lambda_diff_cross |          0.0395 |
|                                 Eval/Return |             957 |
-----------------------------------------------------------------
-----------------------------------------------------------------
|                                 Train/Steps |        2.82e+06 |
|                            Loss/Loss_critic |            0.11 |
|                             Loss/Loss_actor |           -98.3 |
|                             Loss/Loss_alpha |        0.000782 |
|               Loss/Loss_state_action_metric |           0.452 |
|                      Loss/Loss_state_metric |           0.196 |
|             Loss/Loss_state_action_to_state |         0.00144 |
|                           Loss/Act_rep_loss |         0.00404 |
|                                   SAC/Alpha |         0.00523 |
|                              SAC/LogPi_mean |           0.915 |
|                                 SAC/Q1_mean |            98.3 |
|                                 SAC/Q2_mean |            98.3 |
|                            Norm/actor_model |             178 |
|                           Norm/critic_model |             201 |
|              Norm/state_action_metric_model |            86.3 |
|                     Norm/state_metric_model |             105 |
|        Norm/state_action_state_metric_model |            89.3 |
|                  Metric/self_state_distance |        0.000605 |
|                 Metric/cross_state_distance |            1.22 |
|           Metric/self_state_action_distance |        0.000664 |
|          Metric/cross_state_action_distance |            1.39 |
|             Metric/avg_self_state_asymmetry |               0 |
|            Metric/avg_cross_state_asymmetry |          0.0148 |
|                Metric/avg_self_sa_asymmetry |               0 |
|               Metric/avg_cross_sa_asymmetry |           0.025 |
|  Metric/self_state_action_to_state_distance |         0.00244 |
| Metric/cross_state_action_to_state_distance |            1.38 |
|                   Metric/h_lambda_diff_self |         0.00235 |
|                  Metric/h_lambda_diff_cross |          0.0274 |
|                                 Eval/Return |             966 |
-----------------------------------------------------------------
-----------------------------------------------------------------
|                                 Train/Steps |        2.95e+06 |
|                            Loss/Loss_critic |           0.102 |
|                             Loss/Loss_actor |           -98.8 |
|                             Loss/Loss_alpha |         0.00125 |
|               Loss/Loss_state_action_metric |           0.454 |
|                      Loss/Loss_state_metric |           0.144 |
|             Loss/Loss_state_action_to_state |         0.00848 |
|                           Loss/Act_rep_loss |         0.00531 |
|                                   SAC/Alpha |         0.00511 |
|                              SAC/LogPi_mean |           0.773 |
|                                 SAC/Q1_mean |            98.9 |
|                                 SAC/Q2_mean |            98.9 |
|                            Norm/actor_model |             181 |
|                           Norm/critic_model |             204 |
|              Norm/state_action_metric_model |            88.1 |
|                     Norm/state_metric_model |             108 |
|        Norm/state_action_state_metric_model |            91.5 |
|                  Metric/self_state_distance |        0.000517 |
|                 Metric/cross_state_distance |            1.16 |
|           Metric/self_state_action_distance |          0.0117 |
|          Metric/cross_state_action_distance |            1.33 |
|             Metric/avg_self_state_asymmetry |               0 |
|            Metric/avg_cross_state_asymmetry |          0.0135 |
|                Metric/avg_self_sa_asymmetry |               0 |
|               Metric/avg_cross_sa_asymmetry |           0.039 |
|  Metric/self_state_action_to_state_distance |         0.00206 |
| Metric/cross_state_action_to_state_distance |             1.3 |
|                   Metric/h_lambda_diff_self |          0.0111 |
|                  Metric/h_lambda_diff_cross |          0.0469 |
|                                 Eval/Return |             968 |
-----------------------------------------------------------------
-----------------------------------------------------------------
|                                 Train/Steps |        3.08e+06 |
|                            Loss/Loss_critic |          0.0743 |
|                             Loss/Loss_actor |             -99 |
|                             Loss/Loss_alpha |       -0.000658 |
|               Loss/Loss_state_action_metric |           0.629 |
|                      Loss/Loss_state_metric |           0.154 |
|             Loss/Loss_state_action_to_state |         0.00292 |
|                           Loss/Act_rep_loss |         0.00745 |
|                                   SAC/Alpha |          0.0048 |
|                              SAC/LogPi_mean |            1.22 |
|                                 SAC/Q1_mean |              99 |
|                                 SAC/Q2_mean |              99 |
|                            Norm/actor_model |             184 |
|                           Norm/critic_model |             207 |
|              Norm/state_action_metric_model |              90 |
|                     Norm/state_metric_model |             111 |
|        Norm/state_action_state_metric_model |            93.6 |
|                  Metric/self_state_distance |         0.00523 |
|                 Metric/cross_state_distance |            1.18 |
|           Metric/self_state_action_distance |         0.00352 |
|          Metric/cross_state_action_distance |            1.31 |
|             Metric/avg_self_state_asymmetry |               0 |
|            Metric/avg_cross_state_asymmetry |          0.0151 |
|                Metric/avg_self_sa_asymmetry |               0 |
|               Metric/avg_cross_sa_asymmetry |          0.0289 |
|  Metric/self_state_action_to_state_distance |        0.000856 |
| Metric/cross_state_action_to_state_distance |            1.31 |
|                   Metric/h_lambda_diff_self |         0.00352 |
|                  Metric/h_lambda_diff_cross |          0.0279 |
|                                 Eval/Return |             943 |
-----------------------------------------------------------------
[32mSaving model …[0m
[32mDone.[0m
[32mSaving model …[0m
[32mDone.[0m
-----------------------------------------------------------------
|                                 Train/Steps |        3.21e+06 |
|                            Loss/Loss_critic |          0.0946 |
|                             Loss/Loss_actor |           -98.7 |
|                             Loss/Loss_alpha |         -0.0013 |
|               Loss/Loss_state_action_metric |           0.478 |
|                      Loss/Loss_state_metric |           0.226 |
|             Loss/Loss_state_action_to_state |         0.00143 |
|                           Loss/Act_rep_loss |         0.00157 |
|                                   SAC/Alpha |         0.00514 |
|                              SAC/LogPi_mean |             1.3 |
|                                 SAC/Q1_mean |            98.8 |
|                                 SAC/Q2_mean |            98.7 |
|                            Norm/actor_model |             187 |
|                           Norm/critic_model |             210 |
|              Norm/state_action_metric_model |            91.9 |
|                     Norm/state_metric_model |             114 |
|        Norm/state_action_state_metric_model |            95.7 |
|                  Metric/self_state_distance |          0.0013 |
|                 Metric/cross_state_distance |            1.26 |
|           Metric/self_state_action_distance |         0.00692 |
|          Metric/cross_state_action_distance |            1.42 |
|             Metric/avg_self_state_asymmetry |               0 |
|            Metric/avg_cross_state_asymmetry |          0.0142 |
|                Metric/avg_self_sa_asymmetry |               0 |
|               Metric/avg_cross_sa_asymmetry |          0.0232 |
|  Metric/self_state_action_to_state_distance |        0.000494 |
| Metric/cross_state_action_to_state_distance |            1.41 |
|                   Metric/h_lambda_diff_self |         0.00649 |
|                  Metric/h_lambda_diff_cross |          0.0305 |
|                                 Eval/Return |             950 |
-----------------------------------------------------------------
-----------------------------------------------------------------
|                                 Train/Steps |        3.34e+06 |
|                            Loss/Loss_critic |          0.0877 |
|                             Loss/Loss_actor |           -99.2 |
|                             Loss/Loss_alpha |         0.00267 |
|               Loss/Loss_state_action_metric |           0.438 |
|                      Loss/Loss_state_metric |           0.111 |
|             Loss/Loss_state_action_to_state |         0.00126 |
|                           Loss/Act_rep_loss |          0.0121 |
|                                   SAC/Alpha |         0.00494 |
|                              SAC/LogPi_mean |           0.438 |
|                                 SAC/Q1_mean |            99.4 |
|                                 SAC/Q2_mean |            99.2 |
|                            Norm/actor_model |             190 |
|                           Norm/critic_model |             213 |
|              Norm/state_action_metric_model |            93.7 |
|                     Norm/state_metric_model |             116 |
|        Norm/state_action_state_metric_model |            97.7 |
|                  Metric/self_state_distance |        0.000247 |
|                 Metric/cross_state_distance |            1.13 |
|           Metric/self_state_action_distance |         0.00749 |
|          Metric/cross_state_action_distance |             1.2 |
|             Metric/avg_self_state_asymmetry |               0 |
|            Metric/avg_cross_state_asymmetry |          0.0107 |
|                Metric/avg_self_sa_asymmetry |               0 |
|               Metric/avg_cross_sa_asymmetry |          0.0222 |
|  Metric/self_state_action_to_state_distance |        0.000976 |
| Metric/cross_state_action_to_state_distance |             1.2 |
|                   Metric/h_lambda_diff_self |         0.00673 |
|                  Metric/h_lambda_diff_cross |          0.0212 |
|                                 Eval/Return |             938 |
-----------------------------------------------------------------
-----------------------------------------------------------------
|                                 Train/Steps |        3.46e+06 |
|                            Loss/Loss_critic |          0.0619 |
|                             Loss/Loss_actor |           -98.9 |
|                             Loss/Loss_alpha |       -0.000695 |
|               Loss/Loss_state_action_metric |           0.624 |
|                      Loss/Loss_state_metric |           0.187 |
|             Loss/Loss_state_action_to_state |         0.00261 |
|                           Loss/Act_rep_loss |         0.00893 |
|                                   SAC/Alpha |         0.00404 |
|                              SAC/LogPi_mean |            1.16 |
|                                 SAC/Q1_mean |              99 |
|                                 SAC/Q2_mean |            98.9 |
|                            Norm/actor_model |             192 |
|                           Norm/critic_model |             216 |
|              Norm/state_action_metric_model |            95.3 |
|                     Norm/state_metric_model |             119 |
|        Norm/state_action_state_metric_model |            99.8 |
|                  Metric/self_state_distance |        0.000905 |
|                 Metric/cross_state_distance |            1.21 |
|           Metric/self_state_action_distance |         0.00584 |
|          Metric/cross_state_action_distance |            1.36 |
|             Metric/avg_self_state_asymmetry |               0 |
|            Metric/avg_cross_state_asymmetry |          0.0162 |
|                Metric/avg_self_sa_asymmetry |               0 |
|               Metric/avg_cross_sa_asymmetry |          0.0287 |
|  Metric/self_state_action_to_state_distance |        4.27e-06 |
| Metric/cross_state_action_to_state_distance |            1.37 |
|                   Metric/h_lambda_diff_self |         0.00584 |
|                  Metric/h_lambda_diff_cross |          0.0323 |
|                                 Eval/Return |             974 |
-----------------------------------------------------------------
-----------------------------------------------------------------
|                                 Train/Steps |        3.59e+06 |
|                            Loss/Loss_critic |          0.0435 |
|                             Loss/Loss_actor |           -99.1 |
|                             Loss/Loss_alpha |         0.00104 |
|               Loss/Loss_state_action_metric |           0.546 |
|                      Loss/Loss_state_metric |            0.13 |
|             Loss/Loss_state_action_to_state |         0.00129 |
|                           Loss/Act_rep_loss |         0.00906 |
|                                   SAC/Alpha |         0.00479 |
|                              SAC/LogPi_mean |           0.807 |
|                                 SAC/Q1_mean |            99.2 |
|                                 SAC/Q2_mean |            99.1 |
|                            Norm/actor_model |             195 |
|                           Norm/critic_model |             219 |
|              Norm/state_action_metric_model |            96.9 |
|                     Norm/state_metric_model |             122 |
|        Norm/state_action_state_metric_model |             102 |
|                  Metric/self_state_distance |         0.00427 |
|                 Metric/cross_state_distance |            1.15 |
|           Metric/self_state_action_distance |        0.000442 |
|          Metric/cross_state_action_distance |            1.28 |
|             Metric/avg_self_state_asymmetry |               0 |
|            Metric/avg_cross_state_asymmetry |          0.0157 |
|                Metric/avg_self_sa_asymmetry |               0 |
|               Metric/avg_cross_sa_asymmetry |          0.0253 |
|  Metric/self_state_action_to_state_distance |         0.00119 |
| Metric/cross_state_action_to_state_distance |            1.26 |
|                   Metric/h_lambda_diff_self |         0.00154 |
|                  Metric/h_lambda_diff_cross |          0.0307 |
|                                 Eval/Return |             973 |
-----------------------------------------------------------------
-----------------------------------------------------------------
|                                 Train/Steps |        3.72e+06 |
|                            Loss/Loss_critic |          0.0969 |
|                             Loss/Loss_actor |           -98.2 |
|                             Loss/Loss_alpha |        -0.00156 |
|               Loss/Loss_state_action_metric |           0.611 |
|                      Loss/Loss_state_metric |           0.226 |
|             Loss/Loss_state_action_to_state |         0.00216 |
|                           Loss/Act_rep_loss |         0.00278 |
|                                   SAC/Alpha |         0.00421 |
|                              SAC/LogPi_mean |            1.24 |
|                                 SAC/Q1_mean |            98.2 |
|                                 SAC/Q2_mean |            98.4 |
|                            Norm/actor_model |             197 |
|                           Norm/critic_model |             222 |
|              Norm/state_action_metric_model |            98.4 |
|                     Norm/state_metric_model |             124 |
|        Norm/state_action_state_metric_model |             104 |
|                  Metric/self_state_distance |         0.00224 |
|                 Metric/cross_state_distance |            1.25 |
|           Metric/self_state_action_distance |         0.00255 |
|          Metric/cross_state_action_distance |            1.47 |
|             Metric/avg_self_state_asymmetry |               0 |
|            Metric/avg_cross_state_asymmetry |          0.0133 |
|                Metric/avg_self_sa_asymmetry |               0 |
|               Metric/avg_cross_sa_asymmetry |          0.0257 |
|  Metric/self_state_action_to_state_distance |         0.00252 |
| Metric/cross_state_action_to_state_distance |            1.44 |
|                   Metric/h_lambda_diff_self |         0.00236 |
|                  Metric/h_lambda_diff_cross |          0.0358 |
|                                 Eval/Return |             967 |
-----------------------------------------------------------------
-----------------------------------------------------------------
|                                 Train/Steps |        3.85e+06 |
|                            Loss/Loss_critic |          0.0978 |
|                             Loss/Loss_actor |           -98.7 |
|                             Loss/Loss_alpha |       -0.000278 |
|               Loss/Loss_state_action_metric |           0.472 |
|                      Loss/Loss_state_metric |            0.18 |
|             Loss/Loss_state_action_to_state |         0.00108 |
|                           Loss/Act_rep_loss |          0.0121 |
|                                   SAC/Alpha |         0.00418 |
|                              SAC/LogPi_mean |            1.03 |
|                                 SAC/Q1_mean |            98.8 |
|                                 SAC/Q2_mean |            98.8 |
|                            Norm/actor_model |             200 |
|                           Norm/critic_model |             224 |
|              Norm/state_action_metric_model |             100 |
|                     Norm/state_metric_model |             127 |
|        Norm/state_action_state_metric_model |             106 |
|                  Metric/self_state_distance |         0.00673 |
|                 Metric/cross_state_distance |            1.21 |
|           Metric/self_state_action_distance |         0.00482 |
|          Metric/cross_state_action_distance |            1.34 |
|             Metric/avg_self_state_asymmetry |               0 |
|            Metric/avg_cross_state_asymmetry |          0.0115 |
|                Metric/avg_self_sa_asymmetry |               0 |
|               Metric/avg_cross_sa_asymmetry |           0.025 |
|  Metric/self_state_action_to_state_distance |           0.002 |
| Metric/cross_state_action_to_state_distance |            1.34 |
|                   Metric/h_lambda_diff_self |         0.00411 |
|                  Metric/h_lambda_diff_cross |          0.0238 |
|                                 Eval/Return |             948 |
-----------------------------------------------------------------
-----------------------------------------------------------------
|                                 Train/Steps |        3.98e+06 |
|                            Loss/Loss_critic |          0.0472 |
|                             Loss/Loss_actor |           -99.1 |
|                             Loss/Loss_alpha |        0.000746 |
|               Loss/Loss_state_action_metric |           0.403 |
|                      Loss/Loss_state_metric |           0.131 |
|             Loss/Loss_state_action_to_state |         0.00187 |
|                           Loss/Act_rep_loss |         0.00321 |
|                                   SAC/Alpha |         0.00341 |
|                              SAC/LogPi_mean |           0.817 |
|                                 SAC/Q1_mean |            99.1 |
|                                 SAC/Q2_mean |            99.1 |
|                            Norm/actor_model |             202 |
|                           Norm/critic_model |             227 |
|              Norm/state_action_metric_model |             102 |
|                     Norm/state_metric_model |             129 |
|        Norm/state_action_state_metric_model |             108 |
|                  Metric/self_state_distance |        0.000594 |
|                 Metric/cross_state_distance |            1.15 |
|           Metric/self_state_action_distance |         0.00685 |
|          Metric/cross_state_action_distance |            1.24 |
|             Metric/avg_self_state_asymmetry |               0 |
|            Metric/avg_cross_state_asymmetry |          0.0105 |
|                Metric/avg_self_sa_asymmetry |               0 |
|               Metric/avg_cross_sa_asymmetry |          0.0237 |
|  Metric/self_state_action_to_state_distance |        4.47e-05 |
| Metric/cross_state_action_to_state_distance |            1.22 |
|                   Metric/h_lambda_diff_self |         0.00681 |
|                  Metric/h_lambda_diff_cross |          0.0238 |
|                                 Eval/Return |             981 |
-----------------------------------------------------------------
-----------------------------------------------------------------
|                                 Train/Steps |         4.1e+06 |
|                            Loss/Loss_critic |          0.0508 |
|                             Loss/Loss_actor |           -99.2 |
|                             Loss/Loss_alpha |        0.000266 |
|               Loss/Loss_state_action_metric |           0.363 |
|                      Loss/Loss_state_metric |           0.127 |
|             Loss/Loss_state_action_to_state |         0.00111 |
|                           Loss/Act_rep_loss |          0.0123 |
|                                   SAC/Alpha |         0.00316 |
|                              SAC/LogPi_mean |           0.919 |
|                                 SAC/Q1_mean |            99.2 |
|                                 SAC/Q2_mean |            99.2 |
|                            Norm/actor_model |             204 |
|                           Norm/critic_model |             229 |
|              Norm/state_action_metric_model |             103 |
|                     Norm/state_metric_model |             132 |
|        Norm/state_action_state_metric_model |             110 |
|                  Metric/self_state_distance |        0.000358 |
|                 Metric/cross_state_distance |            1.15 |
|           Metric/self_state_action_distance |         0.00107 |
|          Metric/cross_state_action_distance |            1.24 |
|             Metric/avg_self_state_asymmetry |               0 |
|            Metric/avg_cross_state_asymmetry |           0.012 |
|                Metric/avg_self_sa_asymmetry |               0 |
|               Metric/avg_cross_sa_asymmetry |          0.0263 |
|  Metric/self_state_action_to_state_distance |        6.42e-05 |
| Metric/cross_state_action_to_state_distance |            1.24 |
|                   Metric/h_lambda_diff_self |         0.00104 |
|                  Metric/h_lambda_diff_cross |          0.0236 |
|                                 Eval/Return |             958 |
-----------------------------------------------------------------
[32mSaving model …[0m
[32mDone.[0m
[32mSaving model …[0m
[32mDone.[0m
-----------------------------------------------------------------
|                                 Train/Steps |        4.23e+06 |
|                            Loss/Loss_critic |          0.0264 |
|                             Loss/Loss_actor |           -99.5 |
|                             Loss/Loss_alpha |        1.71e-06 |
|               Loss/Loss_state_action_metric |            0.23 |
|                      Loss/Loss_state_metric |           0.101 |
|             Loss/Loss_state_action_to_state |         0.00203 |
|                           Loss/Act_rep_loss |          0.0164 |
|                                   SAC/Alpha |         0.00283 |
|                              SAC/LogPi_mean |           0.978 |
|                                 SAC/Q1_mean |            99.6 |
|                                 SAC/Q2_mean |            99.6 |
|                            Norm/actor_model |             206 |
|                           Norm/critic_model |             231 |
|              Norm/state_action_metric_model |             104 |
|                     Norm/state_metric_model |             134 |
|        Norm/state_action_state_metric_model |             112 |
|                  Metric/self_state_distance |        7.76e-05 |
|                 Metric/cross_state_distance |            1.12 |
|           Metric/self_state_action_distance |         0.00493 |
|          Metric/cross_state_action_distance |            1.21 |
|             Metric/avg_self_state_asymmetry |               0 |
|            Metric/avg_cross_state_asymmetry |          0.0119 |
|                Metric/avg_self_sa_asymmetry |               0 |
|               Metric/avg_cross_sa_asymmetry |          0.0232 |
|  Metric/self_state_action_to_state_distance |        0.000184 |
| Metric/cross_state_action_to_state_distance |             1.2 |
|                   Metric/h_lambda_diff_self |         0.00501 |
|                  Metric/h_lambda_diff_cross |          0.0277 |
|                                 Eval/Return |             938 |
-----------------------------------------------------------------
-----------------------------------------------------------------
|                                 Train/Steps |        4.36e+06 |
|                            Loss/Loss_critic |          0.0416 |
|                             Loss/Loss_actor |           -99.8 |
|                             Loss/Loss_alpha |        0.000418 |
|               Loss/Loss_state_action_metric |           0.144 |
|                      Loss/Loss_state_metric |          0.0449 |
|             Loss/Loss_state_action_to_state |         0.00134 |
|                           Loss/Act_rep_loss |          0.0134 |
|                                   SAC/Alpha |          0.0024 |
|                              SAC/LogPi_mean |           0.883 |
|                                 SAC/Q1_mean |            99.8 |
|                                 SAC/Q2_mean |            99.8 |
|                            Norm/actor_model |             208 |
|                           Norm/critic_model |             232 |
|              Norm/state_action_metric_model |             106 |
|                     Norm/state_metric_model |             136 |
|        Norm/state_action_state_metric_model |             114 |
|                  Metric/self_state_distance |        0.000626 |
|                 Metric/cross_state_distance |            1.06 |
|           Metric/self_state_action_distance |         0.00402 |
|          Metric/cross_state_action_distance |            1.06 |
|             Metric/avg_self_state_asymmetry |               0 |
|            Metric/avg_cross_state_asymmetry |          0.0122 |
|                Metric/avg_self_sa_asymmetry |               0 |
|               Metric/avg_cross_sa_asymmetry |          0.0168 |
|  Metric/self_state_action_to_state_distance |        0.000581 |
| Metric/cross_state_action_to_state_distance |            1.09 |
|                   Metric/h_lambda_diff_self |         0.00357 |
|                  Metric/h_lambda_diff_cross |          0.0315 |
|                                 Eval/Return |             966 |
-----------------------------------------------------------------
-----------------------------------------------------------------
|                                 Train/Steps |        4.49e+06 |
|                            Loss/Loss_critic |          0.0272 |
|                             Loss/Loss_actor |           -99.7 |
|                             Loss/Loss_alpha |       -0.000319 |
|               Loss/Loss_state_action_metric |           0.103 |
|                      Loss/Loss_state_metric |          0.0437 |
|             Loss/Loss_state_action_to_state |        0.000776 |
|                           Loss/Act_rep_loss |          0.0024 |
|                                   SAC/Alpha |          0.0026 |
|                              SAC/LogPi_mean |            1.13 |
|                                 SAC/Q1_mean |            99.7 |
|                                 SAC/Q2_mean |            99.7 |
|                            Norm/actor_model |             210 |
|                           Norm/critic_model |             234 |
|              Norm/state_action_metric_model |             107 |
|                     Norm/state_metric_model |             138 |
|        Norm/state_action_state_metric_model |             115 |
|                  Metric/self_state_distance |         0.00123 |
|                 Metric/cross_state_distance |            1.06 |
|           Metric/self_state_action_distance |         0.00397 |
|          Metric/cross_state_action_distance |             1.1 |
|             Metric/avg_self_state_asymmetry |               0 |
|            Metric/avg_cross_state_asymmetry |          0.0108 |
|                Metric/avg_self_sa_asymmetry |               0 |
|               Metric/avg_cross_sa_asymmetry |           0.019 |
|  Metric/self_state_action_to_state_distance |        0.000314 |
| Metric/cross_state_action_to_state_distance |            1.09 |
|                   Metric/h_lambda_diff_self |         0.00369 |
|                  Metric/h_lambda_diff_cross |          0.0174 |
|                                 Eval/Return |             960 |
-----------------------------------------------------------------
-----------------------------------------------------------------
|                                 Train/Steps |        4.62e+06 |
|                            Loss/Loss_critic |          0.0254 |
|                             Loss/Loss_actor |           -99.5 |
|                             Loss/Loss_alpha |        7.39e-05 |
|               Loss/Loss_state_action_metric |            0.48 |
|                      Loss/Loss_state_metric |           0.103 |
|             Loss/Loss_state_action_to_state |        0.000988 |
|                           Loss/Act_rep_loss |          0.0142 |
|                                   SAC/Alpha |         0.00266 |
|                              SAC/LogPi_mean |            1.05 |
|                                 SAC/Q1_mean |            99.6 |
|                                 SAC/Q2_mean |            99.6 |
|                            Norm/actor_model |             211 |
|                           Norm/critic_model |             236 |
|              Norm/state_action_metric_model |             108 |
|                     Norm/state_metric_model |             140 |
|        Norm/state_action_state_metric_model |             117 |
|                  Metric/self_state_distance |        0.000784 |
|                 Metric/cross_state_distance |            1.12 |
|           Metric/self_state_action_distance |         0.00462 |
|          Metric/cross_state_action_distance |            1.19 |
|             Metric/avg_self_state_asymmetry |               0 |
|            Metric/avg_cross_state_asymmetry |           0.011 |
|                Metric/avg_self_sa_asymmetry |               0 |
|               Metric/avg_cross_sa_asymmetry |          0.0192 |
|  Metric/self_state_action_to_state_distance |        0.000248 |
| Metric/cross_state_action_to_state_distance |             1.2 |
|                   Metric/h_lambda_diff_self |          0.0044 |
|                  Metric/h_lambda_diff_cross |           0.021 |
|                                 Eval/Return |             943 |
-----------------------------------------------------------------
-----------------------------------------------------------------
|                                 Train/Steps |        4.74e+06 |
|                            Loss/Loss_critic |           0.037 |
|                             Loss/Loss_actor |           -99.6 |
|                             Loss/Loss_alpha |        0.000152 |
|               Loss/Loss_state_action_metric |           0.408 |
|                      Loss/Loss_state_metric |          0.0794 |
|             Loss/Loss_state_action_to_state |        0.000819 |
|                           Loss/Act_rep_loss |          0.0217 |
|                                   SAC/Alpha |         0.00312 |
|                              SAC/LogPi_mean |           0.906 |
|                                 SAC/Q1_mean |            99.6 |
|                                 SAC/Q2_mean |            99.7 |
|                            Norm/actor_model |             213 |
|                           Norm/critic_model |             238 |
|              Norm/state_action_metric_model |             109 |
|                     Norm/state_metric_model |             142 |
|        Norm/state_action_state_metric_model |             119 |
|                  Metric/self_state_distance |        0.000947 |
|                 Metric/cross_state_distance |             1.1 |
|           Metric/self_state_action_distance |         0.00247 |
|          Metric/cross_state_action_distance |            1.14 |
|             Metric/avg_self_state_asymmetry |               0 |
|            Metric/avg_cross_state_asymmetry |         0.00969 |
|                Metric/avg_self_sa_asymmetry |               0 |
|               Metric/avg_cross_sa_asymmetry |          0.0181 |
|  Metric/self_state_action_to_state_distance |        0.000428 |
| Metric/cross_state_action_to_state_distance |            1.14 |
|                   Metric/h_lambda_diff_self |         0.00217 |
|                  Metric/h_lambda_diff_cross |          0.0164 |
|                                 Eval/Return |             955 |
-----------------------------------------------------------------
-----------------------------------------------------------------
|                                 Train/Steps |        4.87e+06 |
|                            Loss/Loss_critic |          0.0239 |
|                             Loss/Loss_actor |           -99.7 |
|                             Loss/Loss_alpha |        0.000296 |
|               Loss/Loss_state_action_metric |           0.166 |
|                      Loss/Loss_state_metric |          0.0822 |
|             Loss/Loss_state_action_to_state |        0.000845 |
|                           Loss/Act_rep_loss |          0.0127 |
|                                   SAC/Alpha |         0.00234 |
|                              SAC/LogPi_mean |           0.771 |
|                                 SAC/Q1_mean |            99.7 |
|                                 SAC/Q2_mean |            99.7 |
|                            Norm/actor_model |             215 |
|                           Norm/critic_model |             240 |
|              Norm/state_action_metric_model |             111 |
|                     Norm/state_metric_model |             144 |
|        Norm/state_action_state_metric_model |             120 |
|                  Metric/self_state_distance |        9.13e-05 |
|                 Metric/cross_state_distance |             1.1 |
|           Metric/self_state_action_distance |         0.00359 |
|          Metric/cross_state_action_distance |            1.14 |
|             Metric/avg_self_state_asymmetry |               0 |
|            Metric/avg_cross_state_asymmetry |         0.00937 |
|                Metric/avg_self_sa_asymmetry |               0 |
|               Metric/avg_cross_sa_asymmetry |          0.0171 |
|  Metric/self_state_action_to_state_distance |        0.000163 |
| Metric/cross_state_action_to_state_distance |            1.15 |
|                   Metric/h_lambda_diff_self |         0.00343 |
|                  Metric/h_lambda_diff_cross |          0.0242 |
|                                 Eval/Return |             941 |
-----------------------------------------------------------------
-----------------------------------------------------------------
|                                 Train/Steps |           5e+06 |
|                            Loss/Loss_critic |           0.033 |
|                             Loss/Loss_actor |           -99.6 |
|                             Loss/Loss_alpha |        0.000335 |
|               Loss/Loss_state_action_metric |           0.533 |
|                      Loss/Loss_state_metric |          0.0874 |
|             Loss/Loss_state_action_to_state |         0.00104 |
|                           Loss/Act_rep_loss |           0.035 |
|                                   SAC/Alpha |         0.00279 |
|                              SAC/LogPi_mean |           0.844 |
|                                 SAC/Q1_mean |            99.6 |
|                                 SAC/Q2_mean |            99.6 |
|                            Norm/actor_model |             216 |
|                           Norm/critic_model |             242 |
|              Norm/state_action_metric_model |             112 |
|                     Norm/state_metric_model |             146 |
|        Norm/state_action_state_metric_model |             122 |
|                  Metric/self_state_distance |        5.78e-05 |
|                 Metric/cross_state_distance |             1.1 |
|           Metric/self_state_action_distance |        0.000986 |
|          Metric/cross_state_action_distance |            1.12 |
|             Metric/avg_self_state_asymmetry |               0 |
|            Metric/avg_cross_state_asymmetry |          0.0107 |
|                Metric/avg_self_sa_asymmetry |               0 |
|               Metric/avg_cross_sa_asymmetry |          0.0185 |
|  Metric/self_state_action_to_state_distance |        0.000676 |
| Metric/cross_state_action_to_state_distance |            1.17 |
|                   Metric/h_lambda_diff_self |        0.000904 |
|                  Metric/h_lambda_diff_cross |          0.0461 |
|                                 Eval/Return |             981 |
-----------------------------------------------------------------
[32mSaving model …[0m
[32mDone.[0m
[32mSaving model …[0m
[32mDone.[0m
