E0906 08:04:31.590936  932489 cuda_executor.cc:1526] Could not get kernel mode driver version: (INVALID_ARGUMENT: Version does not match the format X.Y.Z)
E0906 08:04:31.599612  932374 cuda_executor.cc:1526] Could not get kernel mode driver version: (INVALID_ARGUMENT: Version does not match the format X.Y.Z)
[32mStart prefilling replay buffer[0m
[32mStart SAC training[0m
[32m{'log_freq': 1000, 'save_freq': 1000000, 'eval_episode_freq': 10, 'hidden_size': 256, 'lr': 0.001, 'max_grad_norm': 0.0, 'gamma': 0.99, 'update_tau': 0.005, 'train_per_step': 8, 'episode_length': 1000, 'warmup_samples': 8192, 'max_replay_size': 4000000, 'batch_size': 512, 'total_env_steps': 5000000, 'init_temperature': 0.1, 'nstep': 3, 'bootstrap_on_truncation': True, 'rep_lr_scale': 1.5, 'n_act_samples': 5, 'act_eps': 0.1, 'aug_weight': 1.0, 'vis_feq': 100000, 'n_vis_frames': 4, 'num_envs': 128, 'grad_steps': 50, 'transfer_freq': 10, 'transfer_steps': 8, 'reward_scaling': 1.0, 'num_eval_envs': 128, 'target_entropy': -1.0}[0m
[32m[nstep] nstep=3 bootstrap_on_truncation=True (discount from the buffer already contains gamma^nstep)[0m
[32m[epsball] n_act_samples=5 act_eps=0.1 aug_weight=1.0[0m
-----------------------------------------------------------------
|                                 Train/Steps |        1.36e+05 |
|                            Loss/Loss_critic |            1.32 |
|                             Loss/Loss_actor |           -36.1 |
|                             Loss/Loss_alpha |         -0.0252 |
|               Loss/Loss_state_action_metric |               8 |
|                      Loss/Loss_state_metric |            1.94 |
|             Loss/Loss_state_action_to_state |          0.0178 |
|                           Loss/Act_rep_loss |          0.0108 |
|                                   SAC/Alpha |          0.0985 |
|                              SAC/LogPi_mean |            1.18 |
|                                 SAC/Q1_mean |            35.5 |
|                                 SAC/Q2_mean |            35.6 |
|                            Norm/actor_model |            53.3 |
|                           Norm/critic_model |            94.5 |
|              Norm/state_action_metric_model |            30.9 |
|                     Norm/state_metric_model |            30.5 |
|        Norm/state_action_state_metric_model |            30.3 |
|                  Metric/self_state_distance |          0.0166 |
|                 Metric/cross_state_distance |            2.82 |
|           Metric/self_state_action_distance |          0.0619 |
|          Metric/cross_state_action_distance |             3.8 |
|             Metric/avg_self_state_asymmetry |               0 |
|            Metric/avg_cross_state_asymmetry |          0.0607 |
|                Metric/avg_self_sa_asymmetry |               0 |
|               Metric/avg_cross_sa_asymmetry |          0.0857 |
|  Metric/self_state_action_to_state_distance |          0.0141 |
| Metric/cross_state_action_to_state_distance |            3.77 |
|                   Metric/h_lambda_diff_self |          0.0481 |
|                  Metric/h_lambda_diff_cross |           0.106 |
|                                 Eval/Return |             933 |
-----------------------------------------------------------------
-----------------------------------------------------------------
|                                 Train/Steps |        2.64e+05 |
|                            Loss/Loss_critic |           0.917 |
|                             Loss/Loss_actor |           -75.4 |
|                             Loss/Loss_alpha |         0.00848 |
|               Loss/Loss_state_action_metric |            7.48 |
|                      Loss/Loss_state_metric |            1.53 |
|             Loss/Loss_state_action_to_state |          0.0103 |
|                           Loss/Act_rep_loss |          0.0377 |
|                                   SAC/Alpha |          0.0648 |
|                              SAC/LogPi_mean |            0.92 |
|                                 SAC/Q1_mean |            75.1 |
|                                 SAC/Q2_mean |              75 |
|                            Norm/actor_model |            68.1 |
|                           Norm/critic_model |             114 |
|              Norm/state_action_metric_model |            35.4 |
|                     Norm/state_metric_model |            34.1 |
|        Norm/state_action_state_metric_model |            34.1 |
|                  Metric/self_state_distance |          0.0106 |
|                 Metric/cross_state_distance |            2.56 |
|           Metric/self_state_action_distance |          0.0337 |
|          Metric/cross_state_action_distance |            3.58 |
|             Metric/avg_self_state_asymmetry |               0 |
|            Metric/avg_cross_state_asymmetry |          0.0534 |
|                Metric/avg_self_sa_asymmetry |               0 |
|               Metric/avg_cross_sa_asymmetry |          0.0586 |
|  Metric/self_state_action_to_state_distance |          0.0139 |
| Metric/cross_state_action_to_state_distance |            3.54 |
|                   Metric/h_lambda_diff_self |          0.0225 |
|                  Metric/h_lambda_diff_cross |          0.0665 |
|                                 Eval/Return |             952 |
-----------------------------------------------------------------
-----------------------------------------------------------------
|                                 Train/Steps |        3.92e+05 |
|                            Loss/Loss_critic |           0.803 |
|                             Loss/Loss_actor |             -87 |
|                             Loss/Loss_alpha |         0.00307 |
|               Loss/Loss_state_action_metric |            5.82 |
|                      Loss/Loss_state_metric |             1.5 |
|             Loss/Loss_state_action_to_state |          0.0125 |
|                           Loss/Act_rep_loss |          0.0172 |
|                                   SAC/Alpha |          0.0392 |
|                              SAC/LogPi_mean |           0.997 |
|                                 SAC/Q1_mean |              87 |
|                                 SAC/Q2_mean |            86.7 |
|                            Norm/actor_model |            79.5 |
|                           Norm/critic_model |             124 |
|              Norm/state_action_metric_model |            39.8 |
|                     Norm/state_metric_model |            38.3 |
|        Norm/state_action_state_metric_model |            38.7 |
|                  Metric/self_state_distance |         0.00607 |
|                 Metric/cross_state_distance |            2.31 |
|           Metric/self_state_action_distance |          0.0232 |
|          Metric/cross_state_action_distance |            2.95 |
|             Metric/avg_self_state_asymmetry |               0 |
|            Metric/avg_cross_state_asymmetry |          0.0382 |
|                Metric/avg_self_sa_asymmetry |               0 |
|               Metric/avg_cross_sa_asymmetry |          0.0485 |
|  Metric/self_state_action_to_state_distance |         0.00815 |
| Metric/cross_state_action_to_state_distance |            2.96 |
|                   Metric/h_lambda_diff_self |           0.016 |
|                  Metric/h_lambda_diff_cross |          0.0551 |
|                                 Eval/Return |             964 |
-----------------------------------------------------------------
-----------------------------------------------------------------
|                                 Train/Steps |         5.2e+05 |
|                            Loss/Loss_critic |           0.435 |
|                             Loss/Loss_actor |           -90.5 |
|                             Loss/Loss_alpha |         0.00542 |
|               Loss/Loss_state_action_metric |            6.89 |
|                      Loss/Loss_state_metric |            1.37 |
|             Loss/Loss_state_action_to_state |         0.00912 |
|                           Loss/Act_rep_loss |          0.0175 |
|                                   SAC/Alpha |          0.0288 |
|                              SAC/LogPi_mean |               1 |
|                                 SAC/Q1_mean |            90.3 |
|                                 SAC/Q2_mean |            90.3 |
|                            Norm/actor_model |              89 |
|                           Norm/critic_model |             131 |
|              Norm/state_action_metric_model |            43.5 |
|                     Norm/state_metric_model |            42.9 |
|        Norm/state_action_state_metric_model |            43.3 |
|                  Metric/self_state_distance |          0.0108 |
|                 Metric/cross_state_distance |            2.31 |
|           Metric/self_state_action_distance |          0.0146 |
|          Metric/cross_state_action_distance |            3.03 |
|             Metric/avg_self_state_asymmetry |               0 |
|            Metric/avg_cross_state_asymmetry |          0.0535 |
|                Metric/avg_self_sa_asymmetry |               0 |
|               Metric/avg_cross_sa_asymmetry |          0.0552 |
|  Metric/self_state_action_to_state_distance |         0.00185 |
| Metric/cross_state_action_to_state_distance |            3.03 |
|                   Metric/h_lambda_diff_self |           0.013 |
|                  Metric/h_lambda_diff_cross |          0.0643 |
|                                 Eval/Return |             963 |
-----------------------------------------------------------------
-----------------------------------------------------------------
|                                 Train/Steps |        6.48e+05 |
|                            Loss/Loss_critic |           0.464 |
|                             Loss/Loss_actor |           -93.4 |
|                             Loss/Loss_alpha |        0.000975 |
|               Loss/Loss_state_action_metric |            4.66 |
|                      Loss/Loss_state_metric |            1.34 |
|             Loss/Loss_state_action_to_state |          0.0078 |
|                           Loss/Act_rep_loss |          0.0185 |
|                                   SAC/Alpha |          0.0216 |
|                              SAC/LogPi_mean |           0.923 |
|                                 SAC/Q1_mean |            93.5 |
|                                 SAC/Q2_mean |            93.3 |
|                            Norm/actor_model |            97.1 |
|                           Norm/critic_model |             137 |
|              Norm/state_action_metric_model |            46.9 |
|                     Norm/state_metric_model |            47.9 |
|        Norm/state_action_state_metric_model |            47.2 |
|                  Metric/self_state_distance |         0.00799 |
|                 Metric/cross_state_distance |            2.09 |
|           Metric/self_state_action_distance |          0.0192 |
|          Metric/cross_state_action_distance |            2.55 |
|             Metric/avg_self_state_asymmetry |               0 |
|            Metric/avg_cross_state_asymmetry |          0.0396 |
|                Metric/avg_self_sa_asymmetry |               0 |
|               Metric/avg_cross_sa_asymmetry |          0.0454 |
|  Metric/self_state_action_to_state_distance |          0.0016 |
| Metric/cross_state_action_to_state_distance |            2.54 |
|                   Metric/h_lambda_diff_self |          0.0176 |
|                  Metric/h_lambda_diff_cross |          0.0535 |
|                                 Eval/Return |             951 |
-----------------------------------------------------------------
-----------------------------------------------------------------
|                                 Train/Steps |        7.76e+05 |
|                            Loss/Loss_critic |           0.207 |
|                             Loss/Loss_actor |           -95.9 |
|                             Loss/Loss_alpha |         0.00628 |
|               Loss/Loss_state_action_metric |            3.61 |
|                      Loss/Loss_state_metric |           0.849 |
|             Loss/Loss_state_action_to_state |          0.0043 |
|                           Loss/Act_rep_loss |          0.0134 |
|                                   SAC/Alpha |          0.0178 |
|                              SAC/LogPi_mean |           0.815 |
|                                 SAC/Q1_mean |            95.8 |
|                                 SAC/Q2_mean |            95.9 |
|                            Norm/actor_model |             104 |
|                           Norm/critic_model |             143 |
|              Norm/state_action_metric_model |            50.3 |
|                     Norm/state_metric_model |              54 |
|        Norm/state_action_state_metric_model |            51.1 |
|                  Metric/self_state_distance |         0.00409 |
|                 Metric/cross_state_distance |            1.78 |
|           Metric/self_state_action_distance |          0.0256 |
|          Metric/cross_state_action_distance |            2.12 |
|             Metric/avg_self_state_asymmetry |               0 |
|            Metric/avg_cross_state_asymmetry |          0.0392 |
|                Metric/avg_self_sa_asymmetry |               0 |
|               Metric/avg_cross_sa_asymmetry |           0.045 |
|  Metric/self_state_action_to_state_distance |         0.00302 |
| Metric/cross_state_action_to_state_distance |            2.11 |
|                   Metric/h_lambda_diff_self |          0.0238 |
|                  Metric/h_lambda_diff_cross |          0.0386 |
|                                 Eval/Return |             967 |
-----------------------------------------------------------------
-----------------------------------------------------------------
|                                 Train/Steps |        9.04e+05 |
|                            Loss/Loss_critic |           0.225 |
|                             Loss/Loss_actor |           -96.1 |
|                             Loss/Loss_alpha |        -0.00102 |
|               Loss/Loss_state_action_metric |            4.45 |
|                      Loss/Loss_state_metric |           0.797 |
|             Loss/Loss_state_action_to_state |         0.00667 |
|                           Loss/Act_rep_loss |          0.0245 |
|                                   SAC/Alpha |           0.015 |
|                              SAC/LogPi_mean |           0.925 |
|                                 SAC/Q1_mean |            96.2 |
|                                 SAC/Q2_mean |              96 |
|                            Norm/actor_model |             111 |
|                           Norm/critic_model |             148 |
|              Norm/state_action_metric_model |            53.6 |
|                     Norm/state_metric_model |            59.8 |
|        Norm/state_action_state_metric_model |            54.6 |
|                  Metric/self_state_distance |          0.0062 |
|                 Metric/cross_state_distance |            1.75 |
|           Metric/self_state_action_distance |          0.0191 |
|          Metric/cross_state_action_distance |            2.06 |
|             Metric/avg_self_state_asymmetry |               0 |
|            Metric/avg_cross_state_asymmetry |          0.0329 |
|                Metric/avg_self_sa_asymmetry |               0 |
|               Metric/avg_cross_sa_asymmetry |          0.0384 |
|  Metric/self_state_action_to_state_distance |         0.00113 |
| Metric/cross_state_action_to_state_distance |            2.06 |
|                   Metric/h_lambda_diff_self |          0.0184 |
|                  Metric/h_lambda_diff_cross |          0.0466 |
|                                 Eval/Return |             924 |
-----------------------------------------------------------------
-----------------------------------------------------------------
|                                 Train/Steps |        1.03e+06 |
|                            Loss/Loss_critic |           0.195 |
|                             Loss/Loss_actor |           -96.7 |
|                             Loss/Loss_alpha |       -0.000222 |
|               Loss/Loss_state_action_metric |            4.44 |
|                      Loss/Loss_state_metric |           0.736 |
|             Loss/Loss_state_action_to_state |         0.00548 |
|                           Loss/Act_rep_loss |         0.00727 |
|                                   SAC/Alpha |          0.0137 |
|                              SAC/LogPi_mean |            1.04 |
|                                 SAC/Q1_mean |            96.5 |
|                                 SAC/Q2_mean |            96.8 |
|                            Norm/actor_model |             117 |
|                           Norm/critic_model |             152 |
|              Norm/state_action_metric_model |            56.9 |
|                     Norm/state_metric_model |            65.7 |
|        Norm/state_action_state_metric_model |            58.2 |
|                  Metric/self_state_distance |          0.0023 |
|                 Metric/cross_state_distance |            1.66 |
|           Metric/self_state_action_distance |          0.0199 |
|          Metric/cross_state_action_distance |            2.05 |
|             Metric/avg_self_state_asymmetry |               0 |
|            Metric/avg_cross_state_asymmetry |          0.0338 |
|                Metric/avg_self_sa_asymmetry |               0 |
|               Metric/avg_cross_sa_asymmetry |          0.0379 |
|  Metric/self_state_action_to_state_distance |         0.00112 |
| Metric/cross_state_action_to_state_distance |            2.02 |
|                   Metric/h_lambda_diff_self |          0.0188 |
|                  Metric/h_lambda_diff_cross |          0.0424 |
|                                 Eval/Return |             929 |
-----------------------------------------------------------------
[32mSaving model …[0m
[32mDone.[0m
[32mSaving model …[0m
[32mDone.[0m
-----------------------------------------------------------------
|                                 Train/Steps |        1.16e+06 |
|                            Loss/Loss_critic |           0.206 |
|                             Loss/Loss_actor |           -96.9 |
|                             Loss/Loss_alpha |         0.00132 |
|               Loss/Loss_state_action_metric |            2.46 |
|                      Loss/Loss_state_metric |           0.687 |
|             Loss/Loss_state_action_to_state |          0.0124 |
|                           Loss/Act_rep_loss |         0.00401 |
|                                   SAC/Alpha |          0.0128 |
|                              SAC/LogPi_mean |           0.896 |
|                                 SAC/Q1_mean |            96.8 |
|                                 SAC/Q2_mean |              97 |
|                            Norm/actor_model |             123 |
|                           Norm/critic_model |             156 |
|              Norm/state_action_metric_model |            59.8 |
|                     Norm/state_metric_model |              71 |
|        Norm/state_action_state_metric_model |            61.7 |
|                  Metric/self_state_distance |         0.00272 |
|                 Metric/cross_state_distance |            1.57 |
|           Metric/self_state_action_distance |         0.00989 |
|          Metric/cross_state_action_distance |            1.86 |
|             Metric/avg_self_state_asymmetry |               0 |
|            Metric/avg_cross_state_asymmetry |          0.0338 |
|                Metric/avg_self_sa_asymmetry |               0 |
|               Metric/avg_cross_sa_asymmetry |          0.0433 |
|  Metric/self_state_action_to_state_distance |         0.00411 |
| Metric/cross_state_action_to_state_distance |            1.83 |
|                   Metric/h_lambda_diff_self |          0.0069 |
|                  Metric/h_lambda_diff_cross |          0.0466 |
|                                 Eval/Return |             966 |
-----------------------------------------------------------------
-----------------------------------------------------------------
|                                 Train/Steps |        1.29e+06 |
|                            Loss/Loss_critic |           0.293 |
|                             Loss/Loss_actor |           -96.4 |
|                             Loss/Loss_alpha |        -0.00161 |
|               Loss/Loss_state_action_metric |            4.45 |
|                      Loss/Loss_state_metric |           0.745 |
|             Loss/Loss_state_action_to_state |          0.0111 |
|                           Loss/Act_rep_loss |         0.00913 |
|                                   SAC/Alpha |          0.0108 |
|                              SAC/LogPi_mean |            1.24 |
|                                 SAC/Q1_mean |            96.3 |
|                                 SAC/Q2_mean |            96.3 |
|                            Norm/actor_model |             128 |
|                           Norm/critic_model |             161 |
|              Norm/state_action_metric_model |            62.4 |
|                     Norm/state_metric_model |            75.4 |
|        Norm/state_action_state_metric_model |            65.2 |
|                  Metric/self_state_distance |         0.00133 |
|                 Metric/cross_state_distance |            1.76 |
|           Metric/self_state_action_distance |          0.0149 |
|          Metric/cross_state_action_distance |            2.07 |
|             Metric/avg_self_state_asymmetry |               0 |
|            Metric/avg_cross_state_asymmetry |          0.0267 |
|                Metric/avg_self_sa_asymmetry |               0 |
|               Metric/avg_cross_sa_asymmetry |          0.0357 |
|  Metric/self_state_action_to_state_distance |          0.0037 |
| Metric/cross_state_action_to_state_distance |            2.08 |
|                   Metric/h_lambda_diff_self |          0.0125 |
|                  Metric/h_lambda_diff_cross |           0.036 |
|                                 Eval/Return |             974 |
-----------------------------------------------------------------
-----------------------------------------------------------------
|                                 Train/Steps |        1.42e+06 |
|                            Loss/Loss_critic |           0.101 |
|                             Loss/Loss_actor |             -98 |
|                             Loss/Loss_alpha |          0.0022 |
|               Loss/Loss_state_action_metric |             1.7 |
|                      Loss/Loss_state_metric |           0.484 |
|             Loss/Loss_state_action_to_state |         0.00347 |
|                           Loss/Act_rep_loss |           0.011 |
|                                   SAC/Alpha |          0.0108 |
|                              SAC/LogPi_mean |           0.864 |
|                                 SAC/Q1_mean |            98.1 |
|                                 SAC/Q2_mean |            98.1 |
|                            Norm/actor_model |             133 |
|                           Norm/critic_model |             165 |
|              Norm/state_action_metric_model |            65.1 |
|                     Norm/state_metric_model |              80 |
|        Norm/state_action_state_metric_model |            68.5 |
|                  Metric/self_state_distance |         0.00554 |
|                 Metric/cross_state_distance |             1.4 |
|           Metric/self_state_action_distance |          0.0177 |
|          Metric/cross_state_action_distance |            1.58 |
|             Metric/avg_self_state_asymmetry |               0 |
|            Metric/avg_cross_state_asymmetry |          0.0245 |
|                Metric/avg_self_sa_asymmetry |               0 |
|               Metric/avg_cross_sa_asymmetry |          0.0357 |
|  Metric/self_state_action_to_state_distance |         0.00155 |
| Metric/cross_state_action_to_state_distance |            1.59 |
|                   Metric/h_lambda_diff_self |          0.0164 |
|                  Metric/h_lambda_diff_cross |          0.0341 |
|                                 Eval/Return |             955 |
-----------------------------------------------------------------
-----------------------------------------------------------------
|                                 Train/Steps |        1.54e+06 |
|                            Loss/Loss_critic |           0.179 |
|                             Loss/Loss_actor |           -97.5 |
|                             Loss/Loss_alpha |        9.83e-05 |
|               Loss/Loss_state_action_metric |            2.55 |
|                      Loss/Loss_state_metric |           0.569 |
|             Loss/Loss_state_action_to_state |         0.00373 |
|                           Loss/Act_rep_loss |          0.0267 |
|                                   SAC/Alpha |         0.00953 |
|                              SAC/LogPi_mean |            1.07 |
|                                 SAC/Q1_mean |            97.5 |
|                                 SAC/Q2_mean |            97.4 |
|                            Norm/actor_model |             137 |
|                           Norm/critic_model |             169 |
|              Norm/state_action_metric_model |            67.6 |
|                     Norm/state_metric_model |            83.8 |
|        Norm/state_action_state_metric_model |            71.8 |
|                  Metric/self_state_distance |          0.0125 |
|                 Metric/cross_state_distance |            1.55 |
|           Metric/self_state_action_distance |          0.0135 |
|          Metric/cross_state_action_distance |            1.73 |
|             Metric/avg_self_state_asymmetry |               0 |
|            Metric/avg_cross_state_asymmetry |          0.0278 |
|                Metric/avg_self_sa_asymmetry |               0 |
|               Metric/avg_cross_sa_asymmetry |          0.0307 |
|  Metric/self_state_action_to_state_distance |         0.00147 |
| Metric/cross_state_action_to_state_distance |            1.77 |
|                   Metric/h_lambda_diff_self |           0.012 |
|                  Metric/h_lambda_diff_cross |          0.0518 |
|                                 Eval/Return |             965 |
-----------------------------------------------------------------
-----------------------------------------------------------------
|                                 Train/Steps |        1.67e+06 |
|                            Loss/Loss_critic |           0.146 |
|                             Loss/Loss_actor |           -97.8 |
|                             Loss/Loss_alpha |        0.000375 |
|               Loss/Loss_state_action_metric |            2.74 |
|                      Loss/Loss_state_metric |            0.58 |
|             Loss/Loss_state_action_to_state |           0.025 |
|                           Loss/Act_rep_loss |         0.00747 |
|                                   SAC/Alpha |         0.00919 |
|                              SAC/LogPi_mean |            0.94 |
|                                 SAC/Q1_mean |            97.7 |
|                                 SAC/Q2_mean |            97.7 |
|                            Norm/actor_model |             142 |
|                           Norm/critic_model |             173 |
|              Norm/state_action_metric_model |            69.9 |
|                     Norm/state_metric_model |            87.3 |
|        Norm/state_action_state_metric_model |              75 |
|                  Metric/self_state_distance |          0.0117 |
|                 Metric/cross_state_distance |            1.59 |
|           Metric/self_state_action_distance |          0.0163 |
|          Metric/cross_state_action_distance |            1.77 |
|             Metric/avg_self_state_asymmetry |               0 |
|            Metric/avg_cross_state_asymmetry |          0.0332 |
|                Metric/avg_self_sa_asymmetry |               0 |
|               Metric/avg_cross_sa_asymmetry |          0.0368 |
|  Metric/self_state_action_to_state_distance |          0.0022 |
| Metric/cross_state_action_to_state_distance |            1.76 |
|                   Metric/h_lambda_diff_self |          0.0157 |
|                  Metric/h_lambda_diff_cross |          0.0437 |
|                                 Eval/Return |             953 |
-----------------------------------------------------------------
-----------------------------------------------------------------
|                                 Train/Steps |         1.8e+06 |
|                            Loss/Loss_critic |           0.144 |
|                             Loss/Loss_actor |           -97.6 |
|                             Loss/Loss_alpha |       -0.000354 |
|               Loss/Loss_state_action_metric |            3.74 |
|                      Loss/Loss_state_metric |           0.659 |
|             Loss/Loss_state_action_to_state |          0.0041 |
|                           Loss/Act_rep_loss |          0.0023 |
|                                   SAC/Alpha |         0.00856 |
|                              SAC/LogPi_mean |            1.02 |
|                                 SAC/Q1_mean |            97.7 |
|                                 SAC/Q2_mean |            97.6 |
|                            Norm/actor_model |             146 |
|                           Norm/critic_model |             176 |
|              Norm/state_action_metric_model |              72 |
|                     Norm/state_metric_model |            90.8 |
|        Norm/state_action_state_metric_model |              78 |
|                  Metric/self_state_distance |         0.00118 |
|                 Metric/cross_state_distance |            1.63 |
|           Metric/self_state_action_distance |          0.0111 |
|          Metric/cross_state_action_distance |            1.89 |
|             Metric/avg_self_state_asymmetry |               0 |
|            Metric/avg_cross_state_asymmetry |          0.0259 |
|                Metric/avg_self_sa_asymmetry |               0 |
|               Metric/avg_cross_sa_asymmetry |          0.0324 |
|  Metric/self_state_action_to_state_distance |         0.00102 |
| Metric/cross_state_action_to_state_distance |            1.88 |
|                   Metric/h_lambda_diff_self |          0.0105 |
|                  Metric/h_lambda_diff_cross |          0.0338 |
|                                 Eval/Return |             945 |
-----------------------------------------------------------------
-----------------------------------------------------------------
|                                 Train/Steps |        1.93e+06 |
|                            Loss/Loss_critic |           0.203 |
|                             Loss/Loss_actor |           -97.6 |
|                             Loss/Loss_alpha |       -0.000168 |
|               Loss/Loss_state_action_metric |            3.22 |
|                      Loss/Loss_state_metric |           0.645 |
|             Loss/Loss_state_action_to_state |         0.00627 |
|                           Loss/Act_rep_loss |          0.0123 |
|                                   SAC/Alpha |         0.00846 |
|                              SAC/LogPi_mean |               1 |
|                                 SAC/Q1_mean |            97.6 |
|                                 SAC/Q2_mean |            97.6 |
|                            Norm/actor_model |             150 |
|                           Norm/critic_model |             180 |
|              Norm/state_action_metric_model |              74 |
|                     Norm/state_metric_model |            94.2 |
|        Norm/state_action_state_metric_model |            81.2 |
|                  Metric/self_state_distance |         0.00978 |
|                 Metric/cross_state_distance |            1.54 |
|           Metric/self_state_action_distance |         0.00453 |
|          Metric/cross_state_action_distance |             1.8 |
|             Metric/avg_self_state_asymmetry |               0 |
|            Metric/avg_cross_state_asymmetry |          0.0239 |
|                Metric/avg_self_sa_asymmetry |               0 |
|               Metric/avg_cross_sa_asymmetry |          0.0377 |
|  Metric/self_state_action_to_state_distance |         0.00213 |
| Metric/cross_state_action_to_state_distance |            1.81 |
|                   Metric/h_lambda_diff_self |         0.00389 |
|                  Metric/h_lambda_diff_cross |          0.0318 |
|                                 Eval/Return |             948 |
-----------------------------------------------------------------
-----------------------------------------------------------------
|                                 Train/Steps |        2.06e+06 |
|                            Loss/Loss_critic |          0.0999 |
|                             Loss/Loss_actor |           -97.9 |
|                             Loss/Loss_alpha |       -0.000181 |
|               Loss/Loss_state_action_metric |            2.86 |
|                      Loss/Loss_state_metric |           0.641 |
|             Loss/Loss_state_action_to_state |         0.00377 |
|                           Loss/Act_rep_loss |         0.00724 |
|                                   SAC/Alpha |         0.00796 |
|                              SAC/LogPi_mean |            1.12 |
|                                 SAC/Q1_mean |            97.9 |
|                                 SAC/Q2_mean |            97.8 |
|                            Norm/actor_model |             154 |
|                           Norm/critic_model |             183 |
|              Norm/state_action_metric_model |              76 |
|                     Norm/state_metric_model |            97.2 |
|        Norm/state_action_state_metric_model |            84.3 |
|                  Metric/self_state_distance |         0.00147 |
|                 Metric/cross_state_distance |            1.59 |
|           Metric/self_state_action_distance |         0.00932 |
|          Metric/cross_state_action_distance |            1.72 |
|             Metric/avg_self_state_asymmetry |               0 |
|            Metric/avg_cross_state_asymmetry |          0.0367 |
|                Metric/avg_self_sa_asymmetry |               0 |
|               Metric/avg_cross_sa_asymmetry |          0.0296 |
|  Metric/self_state_action_to_state_distance |         0.00213 |
| Metric/cross_state_action_to_state_distance |            1.72 |
|                   Metric/h_lambda_diff_self |          0.0084 |
|                  Metric/h_lambda_diff_cross |           0.028 |
|                                 Eval/Return |             953 |
-----------------------------------------------------------------
[32mSaving model …[0m
[32mDone.[0m
[32mSaving model …[0m
[32mDone.[0m
-----------------------------------------------------------------
|                                 Train/Steps |        2.18e+06 |
|                            Loss/Loss_critic |          0.0932 |
|                             Loss/Loss_actor |           -97.7 |
|                             Loss/Loss_alpha |        -0.00029 |
|               Loss/Loss_state_action_metric |            4.32 |
|                      Loss/Loss_state_metric |           0.549 |
|             Loss/Loss_state_action_to_state |         0.00827 |
|                           Loss/Act_rep_loss |         0.00508 |
|                                   SAC/Alpha |         0.00723 |
|                              SAC/LogPi_mean |            1.15 |
|                                 SAC/Q1_mean |            97.7 |
|                                 SAC/Q2_mean |            97.7 |
|                            Norm/actor_model |             157 |
|                           Norm/critic_model |             187 |
|              Norm/state_action_metric_model |            77.5 |
|                     Norm/state_metric_model |             100 |
|        Norm/state_action_state_metric_model |            87.1 |
|                  Metric/self_state_distance |         0.00159 |
|                 Metric/cross_state_distance |            1.52 |
|           Metric/self_state_action_distance |          0.0104 |
|          Metric/cross_state_action_distance |            1.73 |
|             Metric/avg_self_state_asymmetry |               0 |
|            Metric/avg_cross_state_asymmetry |          0.0217 |
|                Metric/avg_self_sa_asymmetry |               0 |
|               Metric/avg_cross_sa_asymmetry |          0.0428 |
|  Metric/self_state_action_to_state_distance |         0.00316 |
| Metric/cross_state_action_to_state_distance |            1.72 |
|                   Metric/h_lambda_diff_self |          0.0097 |
|                  Metric/h_lambda_diff_cross |          0.0334 |
|                                 Eval/Return |             971 |
-----------------------------------------------------------------
-----------------------------------------------------------------
|                                 Train/Steps |        2.31e+06 |
|                            Loss/Loss_critic |          0.0935 |
|                             Loss/Loss_actor |           -98.1 |
|                             Loss/Loss_alpha |        -0.00134 |
|               Loss/Loss_state_action_metric |            3.46 |
|                      Loss/Loss_state_metric |           0.552 |
|             Loss/Loss_state_action_to_state |         0.00624 |
|                           Loss/Act_rep_loss |          0.0054 |
|                                   SAC/Alpha |         0.00719 |
|                              SAC/LogPi_mean |            1.19 |
|                                 SAC/Q1_mean |            98.1 |
|                                 SAC/Q2_mean |            98.1 |
|                            Norm/actor_model |             161 |
|                           Norm/critic_model |             190 |
|              Norm/state_action_metric_model |            79.4 |
|                     Norm/state_metric_model |             103 |
|        Norm/state_action_state_metric_model |            89.9 |
|                  Metric/self_state_distance |         0.00172 |
|                 Metric/cross_state_distance |            1.46 |
|           Metric/self_state_action_distance |         0.00484 |
|          Metric/cross_state_action_distance |            1.68 |
|             Metric/avg_self_state_asymmetry |               0 |
|            Metric/avg_cross_state_asymmetry |          0.0219 |
|                Metric/avg_self_sa_asymmetry |               0 |
|               Metric/avg_cross_sa_asymmetry |          0.0404 |
|  Metric/self_state_action_to_state_distance |         0.00289 |
| Metric/cross_state_action_to_state_distance |            1.67 |
|                   Metric/h_lambda_diff_self |         0.00339 |
|                  Metric/h_lambda_diff_cross |          0.0481 |
|                                 Eval/Return |             953 |
-----------------------------------------------------------------
-----------------------------------------------------------------
|                                 Train/Steps |        2.44e+06 |
|                            Loss/Loss_critic |          0.0768 |
|                             Loss/Loss_actor |           -98.7 |
|                             Loss/Loss_alpha |         0.00207 |
|               Loss/Loss_state_action_metric |            2.06 |
|                      Loss/Loss_state_metric |           0.309 |
|             Loss/Loss_state_action_to_state |         0.00389 |
|                           Loss/Act_rep_loss |         0.00287 |
|                                   SAC/Alpha |         0.00728 |
|                              SAC/LogPi_mean |           0.778 |
|                                 SAC/Q1_mean |            98.7 |
|                                 SAC/Q2_mean |            98.7 |
|                            Norm/actor_model |             165 |
|                           Norm/critic_model |             194 |
|              Norm/state_action_metric_model |            81.2 |
|                     Norm/state_metric_model |             105 |
|        Norm/state_action_state_metric_model |            92.8 |
|                  Metric/self_state_distance |         0.00646 |
|                 Metric/cross_state_distance |             1.3 |
|           Metric/self_state_action_distance |         0.00333 |
|          Metric/cross_state_action_distance |             1.4 |
|             Metric/avg_self_state_asymmetry |               0 |
|            Metric/avg_cross_state_asymmetry |          0.0227 |
|                Metric/avg_self_sa_asymmetry |               0 |
|               Metric/avg_cross_sa_asymmetry |          0.0289 |
|  Metric/self_state_action_to_state_distance |        6.21e-05 |
| Metric/cross_state_action_to_state_distance |            1.39 |
|                   Metric/h_lambda_diff_self |         0.00327 |
|                  Metric/h_lambda_diff_cross |          0.0283 |
|                                 Eval/Return |             961 |
-----------------------------------------------------------------
-----------------------------------------------------------------
|                                 Train/Steps |        2.57e+06 |
|                            Loss/Loss_critic |          0.0877 |
|                             Loss/Loss_actor |           -98.5 |
|                             Loss/Loss_alpha |        0.000759 |
|               Loss/Loss_state_action_metric |            3.15 |
|                      Loss/Loss_state_metric |           0.384 |
|             Loss/Loss_state_action_to_state |         0.00581 |
|                           Loss/Act_rep_loss |         0.00166 |
|                                   SAC/Alpha |         0.00663 |
|                              SAC/LogPi_mean |           0.892 |
|                                 SAC/Q1_mean |            98.6 |
|                                 SAC/Q2_mean |            98.5 |
|                            Norm/actor_model |             168 |
|                           Norm/critic_model |             197 |
|              Norm/state_action_metric_model |            82.8 |
|                     Norm/state_metric_model |             109 |
|        Norm/state_action_state_metric_model |            95.6 |
|                  Metric/self_state_distance |         0.00661 |
|                 Metric/cross_state_distance |            1.35 |
|           Metric/self_state_action_distance |         0.00658 |
|          Metric/cross_state_action_distance |            1.52 |
|             Metric/avg_self_state_asymmetry |               0 |
|            Metric/avg_cross_state_asymmetry |           0.023 |
|                Metric/avg_self_sa_asymmetry |               0 |
|               Metric/avg_cross_sa_asymmetry |          0.0354 |
|  Metric/self_state_action_to_state_distance |        0.000217 |
| Metric/cross_state_action_to_state_distance |            1.49 |
|                   Metric/h_lambda_diff_self |         0.00636 |
|                  Metric/h_lambda_diff_cross |          0.0426 |
|                                 Eval/Return |             955 |
-----------------------------------------------------------------
-----------------------------------------------------------------
|                                 Train/Steps |         2.7e+06 |
|                            Loss/Loss_critic |          0.0521 |
|                             Loss/Loss_actor |           -98.5 |
|                             Loss/Loss_alpha |        0.000317 |
|               Loss/Loss_state_action_metric |            2.52 |
|                      Loss/Loss_state_metric |           0.495 |
|             Loss/Loss_state_action_to_state |         0.00499 |
|                           Loss/Act_rep_loss |         0.00556 |
|                                   SAC/Alpha |         0.00676 |
|                              SAC/LogPi_mean |           0.993 |
|                                 SAC/Q1_mean |            98.6 |
|                                 SAC/Q2_mean |            98.5 |
|                            Norm/actor_model |             171 |
|                           Norm/critic_model |             200 |
|              Norm/state_action_metric_model |            84.3 |
|                     Norm/state_metric_model |             111 |
|        Norm/state_action_state_metric_model |            98.5 |
|                  Metric/self_state_distance |         0.00584 |
|                 Metric/cross_state_distance |            1.42 |
|           Metric/self_state_action_distance |           0.011 |
|          Metric/cross_state_action_distance |            1.55 |
|             Metric/avg_self_state_asymmetry |               0 |
|            Metric/avg_cross_state_asymmetry |          0.0183 |
|                Metric/avg_self_sa_asymmetry |               0 |
|               Metric/avg_cross_sa_asymmetry |          0.0288 |
|  Metric/self_state_action_to_state_distance |        0.000642 |
| Metric/cross_state_action_to_state_distance |            1.55 |
|                   Metric/h_lambda_diff_self |          0.0105 |
|                  Metric/h_lambda_diff_cross |          0.0277 |
|                                 Eval/Return |             970 |
-----------------------------------------------------------------
-----------------------------------------------------------------
|                                 Train/Steps |        2.82e+06 |
|                            Loss/Loss_critic |           0.106 |
|                             Loss/Loss_actor |           -98.6 |
|                             Loss/Loss_alpha |         0.00086 |
|               Loss/Loss_state_action_metric |            2.03 |
|                      Loss/Loss_state_metric |           0.335 |
|             Loss/Loss_state_action_to_state |          0.0137 |
|                           Loss/Act_rep_loss |          0.0204 |
|                                   SAC/Alpha |         0.00694 |
|                              SAC/LogPi_mean |           0.885 |
|                                 SAC/Q1_mean |            98.6 |
|                                 SAC/Q2_mean |            98.6 |
|                            Norm/actor_model |             174 |
|                           Norm/critic_model |             203 |
|              Norm/state_action_metric_model |              86 |
|                     Norm/state_metric_model |             113 |
|        Norm/state_action_state_metric_model |             101 |
|                  Metric/self_state_distance |        0.000854 |
|                 Metric/cross_state_distance |            1.35 |
|           Metric/self_state_action_distance |         0.00484 |
|          Metric/cross_state_action_distance |            1.44 |
|             Metric/avg_self_state_asymmetry |               0 |
|            Metric/avg_cross_state_asymmetry |          0.0242 |
|                Metric/avg_self_sa_asymmetry |               0 |
|               Metric/avg_cross_sa_asymmetry |          0.0403 |
|  Metric/self_state_action_to_state_distance |         0.00357 |
| Metric/cross_state_action_to_state_distance |            1.46 |
|                   Metric/h_lambda_diff_self |         0.00422 |
|                  Metric/h_lambda_diff_cross |          0.0478 |
|                                 Eval/Return |             962 |
-----------------------------------------------------------------
-----------------------------------------------------------------
|                                 Train/Steps |        2.95e+06 |
|                            Loss/Loss_critic |           0.134 |
|                             Loss/Loss_actor |           -98.2 |
|                             Loss/Loss_alpha |        -0.00115 |
|               Loss/Loss_state_action_metric |            3.85 |
|                      Loss/Loss_state_metric |           0.557 |
|             Loss/Loss_state_action_to_state |         0.00371 |
|                           Loss/Act_rep_loss |         0.00611 |
|                                   SAC/Alpha |         0.00617 |
|                              SAC/LogPi_mean |            1.08 |
|                                 SAC/Q1_mean |            98.2 |
|                                 SAC/Q2_mean |            98.1 |
|                            Norm/actor_model |             177 |
|                           Norm/critic_model |             206 |
|              Norm/state_action_metric_model |            87.6 |
|                     Norm/state_metric_model |             115 |
|        Norm/state_action_state_metric_model |             103 |
|                  Metric/self_state_distance |          0.0026 |
|                 Metric/cross_state_distance |            1.56 |
|           Metric/self_state_action_distance |         0.00695 |
|          Metric/cross_state_action_distance |            1.79 |
|             Metric/avg_self_state_asymmetry |               0 |
|            Metric/avg_cross_state_asymmetry |          0.0234 |
|                Metric/avg_self_sa_asymmetry |               0 |
|               Metric/avg_cross_sa_asymmetry |          0.0338 |
|  Metric/self_state_action_to_state_distance |         0.00138 |
| Metric/cross_state_action_to_state_distance |            1.78 |
|                   Metric/h_lambda_diff_self |         0.00603 |
|                  Metric/h_lambda_diff_cross |          0.0262 |
|                                 Eval/Return |             977 |
-----------------------------------------------------------------
-----------------------------------------------------------------
|                                 Train/Steps |        3.08e+06 |
|                            Loss/Loss_critic |          0.0473 |
|                             Loss/Loss_actor |           -98.3 |
|                             Loss/Loss_alpha |       -0.000708 |
|               Loss/Loss_state_action_metric |            2.96 |
|                      Loss/Loss_state_metric |            0.44 |
|             Loss/Loss_state_action_to_state |         0.00441 |
|                           Loss/Act_rep_loss |         0.00487 |
|                                   SAC/Alpha |         0.00601 |
|                              SAC/LogPi_mean |            1.18 |
|                                 SAC/Q1_mean |            98.3 |
|                                 SAC/Q2_mean |            98.2 |
|                            Norm/actor_model |             180 |
|                           Norm/critic_model |             209 |
|              Norm/state_action_metric_model |              89 |
|                     Norm/state_metric_model |             118 |
|        Norm/state_action_state_metric_model |             106 |
|                  Metric/self_state_distance |         0.00145 |
|                 Metric/cross_state_distance |            1.43 |
|           Metric/self_state_action_distance |         0.00485 |
|          Metric/cross_state_action_distance |             1.6 |
|             Metric/avg_self_state_asymmetry |               0 |
|            Metric/avg_cross_state_asymmetry |          0.0218 |
|                Metric/avg_self_sa_asymmetry |               0 |
|               Metric/avg_cross_sa_asymmetry |          0.0317 |
|  Metric/self_state_action_to_state_distance |         0.00138 |
| Metric/cross_state_action_to_state_distance |            1.62 |
|                   Metric/h_lambda_diff_self |         0.00431 |
|                  Metric/h_lambda_diff_cross |          0.0367 |
|                                 Eval/Return |             964 |
-----------------------------------------------------------------
[32mSaving model …[0m
[32mDone.[0m
[32mSaving model …[0m
[32mDone.[0m
-----------------------------------------------------------------
|                                 Train/Steps |        3.21e+06 |
|                            Loss/Loss_critic |           0.092 |
|                             Loss/Loss_actor |           -98.2 |
|                             Loss/Loss_alpha |        5.21e-06 |
|               Loss/Loss_state_action_metric |            2.36 |
|                      Loss/Loss_state_metric |           0.414 |
|             Loss/Loss_state_action_to_state |         0.00507 |
|                           Loss/Act_rep_loss |        0.000884 |
|                                   SAC/Alpha |         0.00588 |
|                              SAC/LogPi_mean |           0.909 |
|                                 SAC/Q1_mean |            98.3 |
|                                 SAC/Q2_mean |            98.2 |
|                            Norm/actor_model |             183 |
|                           Norm/critic_model |             212 |
|              Norm/state_action_metric_model |            90.6 |
|                     Norm/state_metric_model |             120 |
|        Norm/state_action_state_metric_model |             108 |
|                  Metric/self_state_distance |         0.00229 |
|                 Metric/cross_state_distance |            1.38 |
|           Metric/self_state_action_distance |         0.00287 |
|          Metric/cross_state_action_distance |            1.52 |
|             Metric/avg_self_state_asymmetry |               0 |
|            Metric/avg_cross_state_asymmetry |          0.0211 |
|                Metric/avg_self_sa_asymmetry |               0 |
|               Metric/avg_cross_sa_asymmetry |          0.0338 |
|  Metric/self_state_action_to_state_distance |         0.00271 |
| Metric/cross_state_action_to_state_distance |             1.5 |
|                   Metric/h_lambda_diff_self |         0.00241 |
|                  Metric/h_lambda_diff_cross |          0.0349 |
|                                 Eval/Return |             975 |
-----------------------------------------------------------------
-----------------------------------------------------------------
|                                 Train/Steps |        3.34e+06 |
|                            Loss/Loss_critic |           0.107 |
|                             Loss/Loss_actor |           -98.6 |
|                             Loss/Loss_alpha |         0.00116 |
|               Loss/Loss_state_action_metric |             2.1 |
|                      Loss/Loss_state_metric |           0.391 |
|             Loss/Loss_state_action_to_state |         0.00835 |
|                           Loss/Act_rep_loss |         0.00278 |
|                                   SAC/Alpha |         0.00731 |
|                              SAC/LogPi_mean |           0.841 |
|                                 SAC/Q1_mean |            98.7 |
|                                 SAC/Q2_mean |            98.7 |
|                            Norm/actor_model |             186 |
|                           Norm/critic_model |             215 |
|              Norm/state_action_metric_model |            92.2 |
|                     Norm/state_metric_model |             122 |
|        Norm/state_action_state_metric_model |             110 |
|                  Metric/self_state_distance |         0.00304 |
|                 Metric/cross_state_distance |            1.39 |
|           Metric/self_state_action_distance |          0.0059 |
|          Metric/cross_state_action_distance |            1.52 |
|             Metric/avg_self_state_asymmetry |               0 |
|            Metric/avg_cross_state_asymmetry |          0.0178 |
|                Metric/avg_self_sa_asymmetry |               0 |
|               Metric/avg_cross_sa_asymmetry |          0.0307 |
|  Metric/self_state_action_to_state_distance |         0.00371 |
| Metric/cross_state_action_to_state_distance |            1.52 |
|                   Metric/h_lambda_diff_self |          0.0047 |
|                  Metric/h_lambda_diff_cross |          0.0311 |
|                                 Eval/Return |             968 |
-----------------------------------------------------------------
-----------------------------------------------------------------
|                                 Train/Steps |        3.46e+06 |
|                            Loss/Loss_critic |          0.0399 |
|                             Loss/Loss_actor |           -99.1 |
|                             Loss/Loss_alpha |         0.00125 |
|               Loss/Loss_state_action_metric |           0.959 |
|                      Loss/Loss_state_metric |           0.275 |
|             Loss/Loss_state_action_to_state |         0.00378 |
|                           Loss/Act_rep_loss |         0.00161 |
|                                   SAC/Alpha |         0.00556 |
|                              SAC/LogPi_mean |           0.858 |
|                                 SAC/Q1_mean |            99.2 |
|                                 SAC/Q2_mean |            99.1 |
|                            Norm/actor_model |             189 |
|                           Norm/critic_model |             218 |
|              Norm/state_action_metric_model |            93.8 |
|                     Norm/state_metric_model |             124 |
|        Norm/state_action_state_metric_model |             112 |
|                  Metric/self_state_distance |        0.000768 |
|                 Metric/cross_state_distance |            1.25 |
|           Metric/self_state_action_distance |         0.00515 |
|          Metric/cross_state_action_distance |            1.32 |
|             Metric/avg_self_state_asymmetry |               0 |
|            Metric/avg_cross_state_asymmetry |          0.0183 |
|                Metric/avg_self_sa_asymmetry |               0 |
|               Metric/avg_cross_sa_asymmetry |          0.0314 |
|  Metric/self_state_action_to_state_distance |         0.00579 |
| Metric/cross_state_action_to_state_distance |            1.31 |
|                   Metric/h_lambda_diff_self |         0.00645 |
|                  Metric/h_lambda_diff_cross |          0.0305 |
|                                 Eval/Return |             961 |
-----------------------------------------------------------------
-----------------------------------------------------------------
|                                 Train/Steps |        3.59e+06 |
|                            Loss/Loss_critic |            0.13 |
|                             Loss/Loss_actor |           -98.6 |
|                             Loss/Loss_alpha |        -0.00124 |
|               Loss/Loss_state_action_metric |            3.57 |
|                      Loss/Loss_state_metric |           0.479 |
|             Loss/Loss_state_action_to_state |         0.00409 |
|                           Loss/Act_rep_loss |        0.000946 |
|                                   SAC/Alpha |         0.00578 |
|                              SAC/LogPi_mean |            1.16 |
|                                 SAC/Q1_mean |            98.6 |
|                                 SAC/Q2_mean |            98.6 |
|                            Norm/actor_model |             192 |
|                           Norm/critic_model |             221 |
|              Norm/state_action_metric_model |            95.5 |
|                     Norm/state_metric_model |             126 |
|        Norm/state_action_state_metric_model |             115 |
|                  Metric/self_state_distance |         0.00227 |
|                 Metric/cross_state_distance |            1.44 |
|           Metric/self_state_action_distance |         0.00749 |
|          Metric/cross_state_action_distance |            1.61 |
|             Metric/avg_self_state_asymmetry |               0 |
|            Metric/avg_cross_state_asymmetry |          0.0217 |
|                Metric/avg_self_sa_asymmetry |               0 |
|               Metric/avg_cross_sa_asymmetry |          0.0363 |
|  Metric/self_state_action_to_state_distance |        0.000174 |
| Metric/cross_state_action_to_state_distance |            1.59 |
|                   Metric/h_lambda_diff_self |         0.00733 |
|                  Metric/h_lambda_diff_cross |          0.0302 |
|                                 Eval/Return |             969 |
-----------------------------------------------------------------
-----------------------------------------------------------------
|                                 Train/Steps |        3.72e+06 |
|                            Loss/Loss_critic |          0.0621 |
|                             Loss/Loss_actor |           -98.7 |
|                             Loss/Loss_alpha |        2.48e-05 |
|               Loss/Loss_state_action_metric |            3.51 |
|                      Loss/Loss_state_metric |           0.413 |
|             Loss/Loss_state_action_to_state |         0.00335 |
|                           Loss/Act_rep_loss |         0.00541 |
|                                   SAC/Alpha |         0.00585 |
|                              SAC/LogPi_mean |            0.91 |
|                                 SAC/Q1_mean |            98.7 |
|                                 SAC/Q2_mean |            98.7 |
|                            Norm/actor_model |             195 |
|                           Norm/critic_model |             224 |
|              Norm/state_action_metric_model |            97.1 |
|                     Norm/state_metric_model |             129 |
|        Norm/state_action_state_metric_model |             117 |
|                  Metric/self_state_distance |         0.00283 |
|                 Metric/cross_state_distance |            1.35 |
|           Metric/self_state_action_distance |         0.00408 |
|          Metric/cross_state_action_distance |            1.48 |
|             Metric/avg_self_state_asymmetry |               0 |
|            Metric/avg_cross_state_asymmetry |          0.0167 |
|                Metric/avg_self_sa_asymmetry |               0 |
|               Metric/avg_cross_sa_asymmetry |          0.0229 |
|  Metric/self_state_action_to_state_distance |        5.47e-05 |
| Metric/cross_state_action_to_state_distance |            1.49 |
|                   Metric/h_lambda_diff_self |         0.00403 |
|                  Metric/h_lambda_diff_cross |          0.0213 |
|                                 Eval/Return |             968 |
-----------------------------------------------------------------
-----------------------------------------------------------------
|                                 Train/Steps |        3.85e+06 |
|                            Loss/Loss_critic |          0.0532 |
|                             Loss/Loss_actor |           -98.8 |
|                             Loss/Loss_alpha |         0.00069 |
|               Loss/Loss_state_action_metric |            2.65 |
|                      Loss/Loss_state_metric |           0.391 |
|             Loss/Loss_state_action_to_state |         0.00295 |
|                           Loss/Act_rep_loss |         0.00239 |
|                                   SAC/Alpha |         0.00479 |
|                              SAC/LogPi_mean |           0.901 |
|                                 SAC/Q1_mean |            98.9 |
|                                 SAC/Q2_mean |            98.8 |
|                            Norm/actor_model |             197 |
|                           Norm/critic_model |             226 |
|              Norm/state_action_metric_model |            98.5 |
|                     Norm/state_metric_model |             131 |
|        Norm/state_action_state_metric_model |             119 |
|                  Metric/self_state_distance |        0.000598 |
|                 Metric/cross_state_distance |            1.34 |
|           Metric/self_state_action_distance |         0.00333 |
|          Metric/cross_state_action_distance |            1.45 |
|             Metric/avg_self_state_asymmetry |               0 |
|            Metric/avg_cross_state_asymmetry |           0.017 |
|                Metric/avg_self_sa_asymmetry |               0 |
|               Metric/avg_cross_sa_asymmetry |          0.0316 |
|  Metric/self_state_action_to_state_distance |        0.000576 |
| Metric/cross_state_action_to_state_distance |            1.46 |
|                   Metric/h_lambda_diff_self |         0.00308 |
|                  Metric/h_lambda_diff_cross |          0.0275 |
|                                 Eval/Return |             961 |
-----------------------------------------------------------------
-----------------------------------------------------------------
|                                 Train/Steps |        3.98e+06 |
|                            Loss/Loss_critic |          0.0738 |
|                             Loss/Loss_actor |             -99 |
|                             Loss/Loss_alpha |       -0.000444 |
|               Loss/Loss_state_action_metric |             2.9 |
|                      Loss/Loss_state_metric |           0.379 |
|             Loss/Loss_state_action_to_state |         0.00495 |
|                           Loss/Act_rep_loss |          0.0014 |
|                                   SAC/Alpha |         0.00548 |
|                              SAC/LogPi_mean |            1.06 |
|                                 SAC/Q1_mean |              99 |
|                                 SAC/Q2_mean |              99 |
|                            Norm/actor_model |             200 |
|                           Norm/critic_model |             229 |
|              Norm/state_action_metric_model |             100 |
|                     Norm/state_metric_model |             133 |
|        Norm/state_action_state_metric_model |             121 |
|                  Metric/self_state_distance |        0.000821 |
|                 Metric/cross_state_distance |            1.36 |
|           Metric/self_state_action_distance |         0.00998 |
|          Metric/cross_state_action_distance |            1.51 |
|             Metric/avg_self_state_asymmetry |               0 |
|            Metric/avg_cross_state_asymmetry |          0.0168 |
|                Metric/avg_self_sa_asymmetry |               0 |
|               Metric/avg_cross_sa_asymmetry |          0.0309 |
|  Metric/self_state_action_to_state_distance |         0.00352 |
| Metric/cross_state_action_to_state_distance |            1.48 |
|                   Metric/h_lambda_diff_self |         0.00846 |
|                  Metric/h_lambda_diff_cross |          0.0379 |
|                                 Eval/Return |             946 |
-----------------------------------------------------------------
-----------------------------------------------------------------
|                                 Train/Steps |         4.1e+06 |
|                            Loss/Loss_critic |          0.0146 |
|                             Loss/Loss_actor |           -99.4 |
|                             Loss/Loss_alpha |        0.000699 |
|               Loss/Loss_state_action_metric |            2.57 |
|                      Loss/Loss_state_metric |           0.176 |
|             Loss/Loss_state_action_to_state |         0.00161 |
|                           Loss/Act_rep_loss |        0.000809 |
|                                   SAC/Alpha |         0.00391 |
|                              SAC/LogPi_mean |           0.857 |
|                                 SAC/Q1_mean |            99.4 |
|                                 SAC/Q2_mean |            99.4 |
|                            Norm/actor_model |             202 |
|                           Norm/critic_model |             231 |
|              Norm/state_action_metric_model |             101 |
|                     Norm/state_metric_model |             136 |
|        Norm/state_action_state_metric_model |             123 |
|                  Metric/self_state_distance |        0.000287 |
|                 Metric/cross_state_distance |            1.18 |
|           Metric/self_state_action_distance |         0.00729 |
|          Metric/cross_state_action_distance |            1.25 |
|             Metric/avg_self_state_asymmetry |               0 |
|            Metric/avg_cross_state_asymmetry |          0.0154 |
|                Metric/avg_self_sa_asymmetry |               0 |
|               Metric/avg_cross_sa_asymmetry |          0.0225 |
|  Metric/self_state_action_to_state_distance |         0.00172 |
| Metric/cross_state_action_to_state_distance |            1.23 |
|                   Metric/h_lambda_diff_self |         0.00613 |
|                  Metric/h_lambda_diff_cross |           0.026 |
|                                 Eval/Return |             967 |
-----------------------------------------------------------------
[32mSaving model …[0m
[32mDone.[0m
[32mSaving model …[0m
[32mDone.[0m
-----------------------------------------------------------------
|                                 Train/Steps |        4.23e+06 |
|                            Loss/Loss_critic |          0.0181 |
|                             Loss/Loss_actor |           -99.3 |
|                             Loss/Loss_alpha |         -0.0003 |
|               Loss/Loss_state_action_metric |            1.44 |
|                      Loss/Loss_state_metric |            0.28 |
|             Loss/Loss_state_action_to_state |         0.00165 |
|                           Loss/Act_rep_loss |        0.000631 |
|                                   SAC/Alpha |         0.00303 |
|                              SAC/LogPi_mean |            1.03 |
|                                 SAC/Q1_mean |            99.3 |
|                                 SAC/Q2_mean |            99.5 |
|                            Norm/actor_model |             204 |
|                           Norm/critic_model |             233 |
|              Norm/state_action_metric_model |             103 |
|                     Norm/state_metric_model |             139 |
|        Norm/state_action_state_metric_model |             125 |
|                  Metric/self_state_distance |          0.0024 |
|                 Metric/cross_state_distance |            1.27 |
|           Metric/self_state_action_distance |         0.00265 |
|          Metric/cross_state_action_distance |            1.34 |
|             Metric/avg_self_state_asymmetry |               0 |
|            Metric/avg_cross_state_asymmetry |          0.0121 |
|                Metric/avg_self_sa_asymmetry |               0 |
|               Metric/avg_cross_sa_asymmetry |          0.0197 |
|  Metric/self_state_action_to_state_distance |        0.000263 |
| Metric/cross_state_action_to_state_distance |            1.34 |
|                   Metric/h_lambda_diff_self |         0.00243 |
|                  Metric/h_lambda_diff_cross |          0.0167 |
|                                 Eval/Return |             949 |
-----------------------------------------------------------------
-----------------------------------------------------------------
|                                 Train/Steps |        4.36e+06 |
|                            Loss/Loss_critic |          0.0218 |
|                             Loss/Loss_actor |           -99.6 |
|                             Loss/Loss_alpha |       -0.000196 |
|               Loss/Loss_state_action_metric |            1.72 |
|                      Loss/Loss_state_metric |           0.163 |
|             Loss/Loss_state_action_to_state |         0.00251 |
|                           Loss/Act_rep_loss |        0.000834 |
|                                   SAC/Alpha |         0.00282 |
|                              SAC/LogPi_mean |            1.12 |
|                                 SAC/Q1_mean |            99.6 |
|                                 SAC/Q2_mean |            99.6 |
|                            Norm/actor_model |             206 |
|                           Norm/critic_model |             234 |
|              Norm/state_action_metric_model |             104 |
|                     Norm/state_metric_model |             141 |
|        Norm/state_action_state_metric_model |             127 |
|                  Metric/self_state_distance |         0.00138 |
|                 Metric/cross_state_distance |            1.17 |
|           Metric/self_state_action_distance |         0.00588 |
|          Metric/cross_state_action_distance |            1.23 |
|             Metric/avg_self_state_asymmetry |               0 |
|            Metric/avg_cross_state_asymmetry |          0.0139 |
|                Metric/avg_self_sa_asymmetry |               0 |
|               Metric/avg_cross_sa_asymmetry |          0.0245 |
|  Metric/self_state_action_to_state_distance |         0.00154 |
| Metric/cross_state_action_to_state_distance |             1.2 |
|                   Metric/h_lambda_diff_self |         0.00586 |
|                  Metric/h_lambda_diff_cross |          0.0372 |
|                                 Eval/Return |             916 |
-----------------------------------------------------------------
-----------------------------------------------------------------
|                                 Train/Steps |        4.49e+06 |
|                            Loss/Loss_critic |         0.00707 |
|                             Loss/Loss_actor |           -99.6 |
|                             Loss/Loss_alpha |        0.000507 |
|               Loss/Loss_state_action_metric |            1.57 |
|                      Loss/Loss_state_metric |           0.103 |
|             Loss/Loss_state_action_to_state |          0.0011 |
|                           Loss/Act_rep_loss |        0.000185 |
|                                   SAC/Alpha |         0.00225 |
|                              SAC/LogPi_mean |           0.756 |
|                                 SAC/Q1_mean |            99.6 |
|                                 SAC/Q2_mean |            99.7 |
|                            Norm/actor_model |             207 |
|                           Norm/critic_model |             236 |
|              Norm/state_action_metric_model |             105 |
|                     Norm/state_metric_model |             143 |
|        Norm/state_action_state_metric_model |             129 |
|                  Metric/self_state_distance |         0.00194 |
|                 Metric/cross_state_distance |            1.11 |
|           Metric/self_state_action_distance |         0.00222 |
|          Metric/cross_state_action_distance |            1.14 |
|             Metric/avg_self_state_asymmetry |               0 |
|            Metric/avg_cross_state_asymmetry |          0.0105 |
|                Metric/avg_self_sa_asymmetry |               0 |
|               Metric/avg_cross_sa_asymmetry |          0.0191 |
|  Metric/self_state_action_to_state_distance |         0.00128 |
| Metric/cross_state_action_to_state_distance |            1.13 |
|                   Metric/h_lambda_diff_self |         0.00164 |
|                  Metric/h_lambda_diff_cross |           0.016 |
|                                 Eval/Return |             941 |
-----------------------------------------------------------------
-----------------------------------------------------------------
|                                 Train/Steps |        4.62e+06 |
|                            Loss/Loss_critic |          0.0141 |
|                             Loss/Loss_actor |           -99.5 |
|                             Loss/Loss_alpha |        0.000131 |
|               Loss/Loss_state_action_metric |           0.621 |
|                      Loss/Loss_state_metric |           0.164 |
|             Loss/Loss_state_action_to_state |         0.00245 |
|                           Loss/Act_rep_loss |        0.000562 |
|                                   SAC/Alpha |         0.00256 |
|                              SAC/LogPi_mean |            0.91 |
|                                 SAC/Q1_mean |            99.5 |
|                                 SAC/Q2_mean |            99.5 |
|                            Norm/actor_model |             209 |
|                           Norm/critic_model |             238 |
|              Norm/state_action_metric_model |             107 |
|                     Norm/state_metric_model |             145 |
|        Norm/state_action_state_metric_model |             131 |
|                  Metric/self_state_distance |         0.00031 |
|                 Metric/cross_state_distance |            1.18 |
|           Metric/self_state_action_distance |         0.00602 |
|          Metric/cross_state_action_distance |            1.23 |
|             Metric/avg_self_state_asymmetry |               0 |
|            Metric/avg_cross_state_asymmetry |          0.0125 |
|                Metric/avg_self_sa_asymmetry |               0 |
|               Metric/avg_cross_sa_asymmetry |          0.0235 |
|  Metric/self_state_action_to_state_distance |          0.0016 |
| Metric/cross_state_action_to_state_distance |            1.23 |
|                   Metric/h_lambda_diff_self |         0.00576 |
|                  Metric/h_lambda_diff_cross |          0.0268 |
|                                 Eval/Return |             942 |
-----------------------------------------------------------------
-----------------------------------------------------------------
|                                 Train/Steps |        4.74e+06 |
|                            Loss/Loss_critic |          0.0339 |
|                             Loss/Loss_actor |           -99.4 |
|                             Loss/Loss_alpha |       -0.000278 |
|               Loss/Loss_state_action_metric |            1.52 |
|                      Loss/Loss_state_metric |           0.239 |
|             Loss/Loss_state_action_to_state |         0.00379 |
|                           Loss/Act_rep_loss |        0.000865 |
|                                   SAC/Alpha |         0.00302 |
|                              SAC/LogPi_mean |            1.03 |
|                                 SAC/Q1_mean |            99.4 |
|                                 SAC/Q2_mean |            99.4 |
|                            Norm/actor_model |             211 |
|                           Norm/critic_model |             240 |
|              Norm/state_action_metric_model |             108 |
|                     Norm/state_metric_model |             146 |
|        Norm/state_action_state_metric_model |             132 |
|                  Metric/self_state_distance |        0.000468 |
|                 Metric/cross_state_distance |            1.24 |
|           Metric/self_state_action_distance |         0.00534 |
|          Metric/cross_state_action_distance |            1.31 |
|             Metric/avg_self_state_asymmetry |               0 |
|            Metric/avg_cross_state_asymmetry |          0.0173 |
|                Metric/avg_self_sa_asymmetry |               0 |
|               Metric/avg_cross_sa_asymmetry |          0.0294 |
|  Metric/self_state_action_to_state_distance |          0.0014 |
| Metric/cross_state_action_to_state_distance |             1.3 |
|                   Metric/h_lambda_diff_self |          0.0054 |
|                  Metric/h_lambda_diff_cross |          0.0296 |
|                                 Eval/Return |             950 |
-----------------------------------------------------------------
-----------------------------------------------------------------
|                                 Train/Steps |        4.87e+06 |
|                            Loss/Loss_critic |          0.0192 |
|                             Loss/Loss_actor |           -99.5 |
|                             Loss/Loss_alpha |       -7.72e-05 |
|               Loss/Loss_state_action_metric |            1.86 |
|                      Loss/Loss_state_metric |           0.148 |
|             Loss/Loss_state_action_to_state |         0.00228 |
|                           Loss/Act_rep_loss |         0.00128 |
|                                   SAC/Alpha |         0.00286 |
|                              SAC/LogPi_mean |           0.954 |
|                                 SAC/Q1_mean |            99.5 |
|                                 SAC/Q2_mean |            99.5 |
|                            Norm/actor_model |             212 |
|                           Norm/critic_model |             242 |
|              Norm/state_action_metric_model |             109 |
|                     Norm/state_metric_model |             147 |
|        Norm/state_action_state_metric_model |             134 |
|                  Metric/self_state_distance |        0.000485 |
|                 Metric/cross_state_distance |            1.16 |
|           Metric/self_state_action_distance |         0.00186 |
|          Metric/cross_state_action_distance |            1.24 |
|             Metric/avg_self_state_asymmetry |               0 |
|            Metric/avg_cross_state_asymmetry |          0.0151 |
|                Metric/avg_self_sa_asymmetry |               0 |
|               Metric/avg_cross_sa_asymmetry |          0.0266 |
|  Metric/self_state_action_to_state_distance |        4.01e-05 |
| Metric/cross_state_action_to_state_distance |            1.23 |
|                   Metric/h_lambda_diff_self |         0.00182 |
|                  Metric/h_lambda_diff_cross |           0.022 |
|                                 Eval/Return |             948 |
-----------------------------------------------------------------
-----------------------------------------------------------------
|                                 Train/Steps |           5e+06 |
|                            Loss/Loss_critic |          0.0285 |
|                             Loss/Loss_actor |           -99.4 |
|                             Loss/Loss_alpha |       -0.000104 |
|               Loss/Loss_state_action_metric |            2.78 |
|                      Loss/Loss_state_metric |           0.202 |
|             Loss/Loss_state_action_to_state |         0.00924 |
|                           Loss/Act_rep_loss |        0.000202 |
|                                   SAC/Alpha |         0.00305 |
|                              SAC/LogPi_mean |            1.04 |
|                                 SAC/Q1_mean |            99.4 |
|                                 SAC/Q2_mean |            99.4 |
|                            Norm/actor_model |             214 |
|                           Norm/critic_model |             244 |
|              Norm/state_action_metric_model |             110 |
|                     Norm/state_metric_model |             149 |
|        Norm/state_action_state_metric_model |             135 |
|                  Metric/self_state_distance |        0.000377 |
|                 Metric/cross_state_distance |            1.22 |
|           Metric/self_state_action_distance |         0.00132 |
|          Metric/cross_state_action_distance |            1.31 |
|             Metric/avg_self_state_asymmetry |               0 |
|            Metric/avg_cross_state_asymmetry |          0.0168 |
|                Metric/avg_self_sa_asymmetry |               0 |
|               Metric/avg_cross_sa_asymmetry |          0.0268 |
|  Metric/self_state_action_to_state_distance |        3.37e-05 |
| Metric/cross_state_action_to_state_distance |            1.29 |
|                   Metric/h_lambda_diff_self |         0.00129 |
|                  Metric/h_lambda_diff_cross |          0.0314 |
|                                 Eval/Return |             924 |
-----------------------------------------------------------------
[32mSaving model …[0m
[32mDone.[0m
[32mSaving model …[0m
[32mDone.[0m
