E0904 13:27:49.136363  444411 cuda_executor.cc:1526] Could not get kernel mode driver version: (INVALID_ARGUMENT: Version does not match the format X.Y.Z)
E0904 13:27:49.144626  444301 cuda_executor.cc:1526] Could not get kernel mode driver version: (INVALID_ARGUMENT: Version does not match the format X.Y.Z)
[32mStart prefilling replay buffer[0m
[32mStart SAC training[0m
[32m{'log_freq': 1000, 'save_freq': 1000000, 'eval_episode_freq': 10, 'hidden_size': 256, 'lr': 0.001, 'max_grad_norm': 0.0, 'gamma': 0.99, 'update_tau': 0.005, 'train_per_step': 8, 'episode_length': 1000, 'warmup_samples': 8192, 'max_replay_size': 4000000, 'batch_size': 512, 'total_env_steps': 2000000, 'init_temperature': 0.1, 'nstep': 3, 'bootstrap_on_truncation': True, 'rep_lr_scale': 5.0, 'vis_feq': 100000, 'n_vis_frames': 4, 'num_envs': 128, 'grad_steps': 50, 'transfer_freq': 10, 'transfer_steps': 8, 'reward_scaling': 1.0, 'num_eval_envs': 128, 'target_entropy': -0.5}[0m
[32m[nstep] nstep=3 bootstrap_on_truncation=True (discount from the buffer already contains gamma^nstep)[0m
-----------------------------------------------------------------
|                                 Train/Steps |        1.36e+05 |
|                            Loss/Loss_critic |          0.0214 |
|                             Loss/Loss_actor |           -8.32 |
|                             Loss/Loss_alpha |        -0.00525 |
|               Loss/Loss_state_action_metric |           0.624 |
|                      Loss/Loss_state_metric |           0.304 |
|             Loss/Loss_state_action_to_state |         0.00283 |
|                           Loss/Act_rep_loss |         0.00893 |
|                                   SAC/Alpha |          0.0176 |
|                              SAC/LogPi_mean |           0.803 |
|                                 SAC/Q1_mean |            8.27 |
|                                 SAC/Q2_mean |             8.3 |
|                            Norm/actor_model |            32.1 |
|                           Norm/critic_model |            57.6 |
|              Norm/state_action_metric_model |            30.8 |
|                     Norm/state_metric_model |            32.4 |
|        Norm/state_action_state_metric_model |            30.6 |
|                  Metric/self_state_distance |          0.0153 |
|                 Metric/cross_state_distance |            1.62 |
|           Metric/self_state_action_distance |          0.0627 |
|          Metric/cross_state_action_distance |             2.1 |
|             Metric/avg_self_state_asymmetry |               0 |
|            Metric/avg_cross_state_asymmetry |          0.0221 |
|                Metric/avg_self_sa_asymmetry |               0 |
|               Metric/avg_cross_sa_asymmetry |          0.0407 |
|  Metric/self_state_action_to_state_distance |          0.0225 |
| Metric/cross_state_action_to_state_distance |            2.11 |
|                   Metric/h_lambda_diff_self |          0.0403 |
|                  Metric/h_lambda_diff_cross |          0.0541 |
|                                 Eval/Return |             221 |
-----------------------------------------------------------------
-----------------------------------------------------------------
|                                 Train/Steps |        2.64e+05 |
|                            Loss/Loss_critic |           0.117 |
|                             Loss/Loss_actor |           -23.4 |
|                             Loss/Loss_alpha |         -0.0007 |
|               Loss/Loss_state_action_metric |           0.809 |
|                      Loss/Loss_state_metric |           0.405 |
|             Loss/Loss_state_action_to_state |         0.00164 |
|                           Loss/Act_rep_loss |         0.00336 |
|                                   SAC/Alpha |          0.0659 |
|                              SAC/LogPi_mean |            0.49 |
|                                 SAC/Q1_mean |            23.3 |
|                                 SAC/Q2_mean |            23.3 |
|                            Norm/actor_model |              53 |
|                           Norm/critic_model |             103 |
|              Norm/state_action_metric_model |              34 |
|                     Norm/state_metric_model |            35.7 |
|        Norm/state_action_state_metric_model |            32.6 |
|                  Metric/self_state_distance |          0.0106 |
|                 Metric/cross_state_distance |            1.78 |
|           Metric/self_state_action_distance |          0.0583 |
|          Metric/cross_state_action_distance |            2.35 |
|             Metric/avg_self_state_asymmetry |               0 |
|            Metric/avg_cross_state_asymmetry |          0.0251 |
|                Metric/avg_self_sa_asymmetry |               0 |
|               Metric/avg_cross_sa_asymmetry |          0.0346 |
|  Metric/self_state_action_to_state_distance |            0.02 |
| Metric/cross_state_action_to_state_distance |            2.38 |
|                   Metric/h_lambda_diff_self |          0.0384 |
|                  Metric/h_lambda_diff_cross |          0.0488 |
|                                 Eval/Return |             605 |
-----------------------------------------------------------------
-----------------------------------------------------------------
|                                 Train/Steps |        3.92e+05 |
|                            Loss/Loss_critic |           0.121 |
|                             Loss/Loss_actor |           -43.4 |
|                             Loss/Loss_alpha |       -0.000367 |
|               Loss/Loss_state_action_metric |            2.13 |
|                      Loss/Loss_state_metric |            1.14 |
|             Loss/Loss_state_action_to_state |         0.00283 |
|                           Loss/Act_rep_loss |         0.00975 |
|                                   SAC/Alpha |          0.0673 |
|                              SAC/LogPi_mean |           0.507 |
|                                 SAC/Q1_mean |            43.3 |
|                                 SAC/Q2_mean |            43.2 |
|                            Norm/actor_model |            65.6 |
|                           Norm/critic_model |             122 |
|              Norm/state_action_metric_model |            37.7 |
|                     Norm/state_metric_model |            49.9 |
|        Norm/state_action_state_metric_model |            34.8 |
|                  Metric/self_state_distance |           0.012 |
|                 Metric/cross_state_distance |            2.53 |
|           Metric/self_state_action_distance |          0.0547 |
|          Metric/cross_state_action_distance |             3.4 |
|             Metric/avg_self_state_asymmetry |               0 |
|            Metric/avg_cross_state_asymmetry |          0.0489 |
|                Metric/avg_self_sa_asymmetry |               0 |
|               Metric/avg_cross_sa_asymmetry |          0.0495 |
|  Metric/self_state_action_to_state_distance |          0.0185 |
| Metric/cross_state_action_to_state_distance |            3.34 |
|                   Metric/h_lambda_diff_self |          0.0373 |
|                  Metric/h_lambda_diff_cross |          0.0804 |
|                                 Eval/Return |             854 |
-----------------------------------------------------------------
-----------------------------------------------------------------
|                                 Train/Steps |         5.2e+05 |
|                            Loss/Loss_critic |            0.13 |
|                             Loss/Loss_actor |           -57.2 |
|                             Loss/Loss_alpha |         0.00654 |
|               Loss/Loss_state_action_metric |            2.67 |
|                      Loss/Loss_state_metric |             1.3 |
|             Loss/Loss_state_action_to_state |         0.00255 |
|                           Loss/Act_rep_loss |         0.00706 |
|                                   SAC/Alpha |          0.0543 |
|                              SAC/LogPi_mean |            0.38 |
|                                 SAC/Q1_mean |            57.1 |
|                                 SAC/Q2_mean |            57.1 |
|                            Norm/actor_model |            76.7 |
|                           Norm/critic_model |             132 |
|              Norm/state_action_metric_model |              41 |
|                     Norm/state_metric_model |            59.3 |
|        Norm/state_action_state_metric_model |              37 |
|                  Metric/self_state_distance |          0.0117 |
|                 Metric/cross_state_distance |            2.59 |
|           Metric/self_state_action_distance |          0.0465 |
|          Metric/cross_state_action_distance |            3.46 |
|             Metric/avg_self_state_asymmetry |               0 |
|            Metric/avg_cross_state_asymmetry |          0.0378 |
|                Metric/avg_self_sa_asymmetry |               0 |
|               Metric/avg_cross_sa_asymmetry |          0.0338 |
|  Metric/self_state_action_to_state_distance |          0.0174 |
| Metric/cross_state_action_to_state_distance |            3.52 |
|                   Metric/h_lambda_diff_self |          0.0305 |
|                  Metric/h_lambda_diff_cross |          0.0772 |
|                                 Eval/Return |             828 |
-----------------------------------------------------------------
-----------------------------------------------------------------
|                                 Train/Steps |        6.48e+05 |
|                            Loss/Loss_critic |           0.107 |
|                             Loss/Loss_actor |           -63.9 |
|                             Loss/Loss_alpha |        6.77e-05 |
|               Loss/Loss_state_action_metric |            2.34 |
|                      Loss/Loss_state_metric |            1.24 |
|             Loss/Loss_state_action_to_state |         0.00133 |
|                           Loss/Act_rep_loss |         0.00556 |
|                                   SAC/Alpha |          0.0462 |
|                              SAC/LogPi_mean |           0.535 |
|                                 SAC/Q1_mean |            63.9 |
|                                 SAC/Q2_mean |            63.8 |
|                            Norm/actor_model |            85.2 |
|                           Norm/critic_model |             142 |
|              Norm/state_action_metric_model |            44.2 |
|                     Norm/state_metric_model |            66.1 |
|        Norm/state_action_state_metric_model |            39.6 |
|                  Metric/self_state_distance |         0.00753 |
|                 Metric/cross_state_distance |            2.47 |
|           Metric/self_state_action_distance |          0.0598 |
|          Metric/cross_state_action_distance |            3.35 |
|             Metric/avg_self_state_asymmetry |               0 |
|            Metric/avg_cross_state_asymmetry |          0.0354 |
|                Metric/avg_self_sa_asymmetry |               0 |
|               Metric/avg_cross_sa_asymmetry |          0.0264 |
|  Metric/self_state_action_to_state_distance |         0.00743 |
| Metric/cross_state_action_to_state_distance |            3.32 |
|                   Metric/h_lambda_diff_self |          0.0524 |
|                  Metric/h_lambda_diff_cross |           0.051 |
|                                 Eval/Return |             848 |
-----------------------------------------------------------------
-----------------------------------------------------------------
|                                 Train/Steps |        7.76e+05 |
|                            Loss/Loss_critic |          0.0581 |
|                             Loss/Loss_actor |           -70.1 |
|                             Loss/Loss_alpha |         0.00196 |
|               Loss/Loss_state_action_metric |            2.67 |
|                      Loss/Loss_state_metric |            1.28 |
|             Loss/Loss_state_action_to_state |         0.00212 |
|                           Loss/Act_rep_loss |         0.00394 |
|                                   SAC/Alpha |          0.0411 |
|                              SAC/LogPi_mean |           0.541 |
|                                 SAC/Q1_mean |            70.1 |
|                                 SAC/Q2_mean |              70 |
|                            Norm/actor_model |            92.5 |
|                           Norm/critic_model |             149 |
|              Norm/state_action_metric_model |            47.4 |
|                     Norm/state_metric_model |            71.1 |
|        Norm/state_action_state_metric_model |            42.3 |
|                  Metric/self_state_distance |         0.00496 |
|                 Metric/cross_state_distance |             2.5 |
|           Metric/self_state_action_distance |           0.036 |
|          Metric/cross_state_action_distance |            3.45 |
|             Metric/avg_self_state_asymmetry |               0 |
|            Metric/avg_cross_state_asymmetry |          0.0145 |
|                Metric/avg_self_sa_asymmetry |               0 |
|               Metric/avg_cross_sa_asymmetry |          0.0194 |
|  Metric/self_state_action_to_state_distance |          0.0145 |
| Metric/cross_state_action_to_state_distance |            3.43 |
|                   Metric/h_lambda_diff_self |          0.0228 |
|                  Metric/h_lambda_diff_cross |          0.0479 |
|                                 Eval/Return |             848 |
-----------------------------------------------------------------
-----------------------------------------------------------------
|                                 Train/Steps |        9.04e+05 |
|                            Loss/Loss_critic |          0.0696 |
|                             Loss/Loss_actor |           -75.5 |
|                             Loss/Loss_alpha |         0.00221 |
|               Loss/Loss_state_action_metric |             2.4 |
|                      Loss/Loss_state_metric |            1.12 |
|             Loss/Loss_state_action_to_state |         0.00125 |
|                           Loss/Act_rep_loss |         0.00896 |
|                                   SAC/Alpha |          0.0372 |
|                              SAC/LogPi_mean |           0.363 |
|                                 SAC/Q1_mean |            75.4 |
|                                 SAC/Q2_mean |            75.5 |
|                            Norm/actor_model |            99.1 |
|                           Norm/critic_model |             155 |
|              Norm/state_action_metric_model |            50.2 |
|                     Norm/state_metric_model |            76.1 |
|        Norm/state_action_state_metric_model |            44.6 |
|                  Metric/self_state_distance |         0.00438 |
|                 Metric/cross_state_distance |            2.33 |
|           Metric/self_state_action_distance |           0.025 |
|          Metric/cross_state_action_distance |            3.18 |
|             Metric/avg_self_state_asymmetry |               0 |
|            Metric/avg_cross_state_asymmetry |          0.0152 |
|                Metric/avg_self_sa_asymmetry |               0 |
|               Metric/avg_cross_sa_asymmetry |          0.0246 |
|  Metric/self_state_action_to_state_distance |         0.00717 |
| Metric/cross_state_action_to_state_distance |            3.16 |
|                   Metric/h_lambda_diff_self |          0.0181 |
|                  Metric/h_lambda_diff_cross |          0.0391 |
|                                 Eval/Return |             846 |
-----------------------------------------------------------------
-----------------------------------------------------------------
|                                 Train/Steps |        1.03e+06 |
|                            Loss/Loss_critic |          0.0946 |
|                             Loss/Loss_actor |           -74.9 |
|                             Loss/Loss_alpha |        -0.00137 |
|               Loss/Loss_state_action_metric |            2.79 |
|                      Loss/Loss_state_metric |            1.27 |
|             Loss/Loss_state_action_to_state |         0.00101 |
|                           Loss/Act_rep_loss |          0.0114 |
|                                   SAC/Alpha |          0.0328 |
|                              SAC/LogPi_mean |           0.574 |
|                                 SAC/Q1_mean |            74.9 |
|                                 SAC/Q2_mean |            74.9 |
|                            Norm/actor_model |             105 |
|                           Norm/critic_model |             161 |
|              Norm/state_action_metric_model |            52.8 |
|                     Norm/state_metric_model |            80.4 |
|        Norm/state_action_state_metric_model |            47.5 |
|                  Metric/self_state_distance |         0.00499 |
|                 Metric/cross_state_distance |            2.46 |
|           Metric/self_state_action_distance |          0.0207 |
|          Metric/cross_state_action_distance |            3.37 |
|             Metric/avg_self_state_asymmetry |               0 |
|            Metric/avg_cross_state_asymmetry |           0.012 |
|                Metric/avg_self_sa_asymmetry |               0 |
|               Metric/avg_cross_sa_asymmetry |          0.0238 |
|  Metric/self_state_action_to_state_distance |           0.008 |
| Metric/cross_state_action_to_state_distance |            3.35 |
|                   Metric/h_lambda_diff_self |          0.0129 |
|                  Metric/h_lambda_diff_cross |          0.0418 |
|                                 Eval/Return |             857 |
-----------------------------------------------------------------
[32mSaving model …[0m
[32mDone.[0m
[32mSaving model …[0m
[32mDone.[0m
-----------------------------------------------------------------
|                                 Train/Steps |        1.16e+06 |
|                            Loss/Loss_critic |          0.0472 |
|                             Loss/Loss_actor |           -77.5 |
|                             Loss/Loss_alpha |        7.89e-05 |
|               Loss/Loss_state_action_metric |             2.5 |
|                      Loss/Loss_state_metric |             1.2 |
|             Loss/Loss_state_action_to_state |         0.00104 |
|                           Loss/Act_rep_loss |          0.0472 |
|                                   SAC/Alpha |          0.0303 |
|                              SAC/LogPi_mean |           0.429 |
|                                 SAC/Q1_mean |            77.4 |
|                                 SAC/Q2_mean |            77.5 |
|                            Norm/actor_model |             109 |
|                           Norm/critic_model |             166 |
|              Norm/state_action_metric_model |            55.5 |
|                     Norm/state_metric_model |            84.4 |
|        Norm/state_action_state_metric_model |            50.1 |
|                  Metric/self_state_distance |          0.0677 |
|                 Metric/cross_state_distance |            2.37 |
|           Metric/self_state_action_distance |          0.0159 |
|          Metric/cross_state_action_distance |            3.34 |
|             Metric/avg_self_state_asymmetry |               0 |
|            Metric/avg_cross_state_asymmetry |          0.0807 |
|                Metric/avg_self_sa_asymmetry |               0 |
|               Metric/avg_cross_sa_asymmetry |          0.0198 |
|  Metric/self_state_action_to_state_distance |         0.00566 |
| Metric/cross_state_action_to_state_distance |            3.38 |
|                   Metric/h_lambda_diff_self |          0.0104 |
|                  Metric/h_lambda_diff_cross |           0.053 |
|                                 Eval/Return |             854 |
-----------------------------------------------------------------
-----------------------------------------------------------------
|                                 Train/Steps |        1.29e+06 |
|                            Loss/Loss_critic |          0.0661 |
|                             Loss/Loss_actor |           -76.8 |
|                             Loss/Loss_alpha |        -0.00149 |
|               Loss/Loss_state_action_metric |            3.03 |
|                      Loss/Loss_state_metric |             1.3 |
|             Loss/Loss_state_action_to_state |         0.00167 |
|                           Loss/Act_rep_loss |          0.0242 |
|                                   SAC/Alpha |          0.0266 |
|                              SAC/LogPi_mean |           0.587 |
|                                 SAC/Q1_mean |            76.8 |
|                                 SAC/Q2_mean |            76.7 |
|                            Norm/actor_model |             114 |
|                           Norm/critic_model |             171 |
|              Norm/state_action_metric_model |              58 |
|                     Norm/state_metric_model |            87.7 |
|        Norm/state_action_state_metric_model |            53.1 |
|                  Metric/self_state_distance |          0.0158 |
|                 Metric/cross_state_distance |            2.45 |
|           Metric/self_state_action_distance |           0.023 |
|          Metric/cross_state_action_distance |            3.39 |
|             Metric/avg_self_state_asymmetry |               0 |
|            Metric/avg_cross_state_asymmetry |          0.0172 |
|                Metric/avg_self_sa_asymmetry |               0 |
|               Metric/avg_cross_sa_asymmetry |           0.038 |
|  Metric/self_state_action_to_state_distance |          0.0155 |
| Metric/cross_state_action_to_state_distance |            3.38 |
|                   Metric/h_lambda_diff_self |          0.0105 |
|                  Metric/h_lambda_diff_cross |          0.0598 |
|                                 Eval/Return |             850 |
-----------------------------------------------------------------
-----------------------------------------------------------------
|                                 Train/Steps |        1.42e+06 |
|                            Loss/Loss_critic |          0.0739 |
|                             Loss/Loss_actor |           -80.4 |
|                             Loss/Loss_alpha |         0.00148 |
|               Loss/Loss_state_action_metric |            2.11 |
|                      Loss/Loss_state_metric |             1.1 |
|             Loss/Loss_state_action_to_state |        0.000887 |
|                           Loss/Act_rep_loss |         0.00237 |
|                                   SAC/Alpha |          0.0256 |
|                              SAC/LogPi_mean |           0.442 |
|                                 SAC/Q1_mean |            80.4 |
|                                 SAC/Q2_mean |            80.4 |
|                            Norm/actor_model |             118 |
|                           Norm/critic_model |             176 |
|              Norm/state_action_metric_model |            60.5 |
|                     Norm/state_metric_model |            90.4 |
|        Norm/state_action_state_metric_model |            55.6 |
|                  Metric/self_state_distance |          0.0054 |
|                 Metric/cross_state_distance |            2.26 |
|           Metric/self_state_action_distance |          0.0125 |
|          Metric/cross_state_action_distance |            3.07 |
|             Metric/avg_self_state_asymmetry |               0 |
|            Metric/avg_cross_state_asymmetry |          0.0144 |
|                Metric/avg_self_sa_asymmetry |               0 |
|               Metric/avg_cross_sa_asymmetry |          0.0177 |
|  Metric/self_state_action_to_state_distance |         0.00926 |
| Metric/cross_state_action_to_state_distance |            3.03 |
|                   Metric/h_lambda_diff_self |         0.00689 |
|                  Metric/h_lambda_diff_cross |          0.0456 |
|                                 Eval/Return |             857 |
-----------------------------------------------------------------
-----------------------------------------------------------------
|                                 Train/Steps |        1.54e+06 |
|                            Loss/Loss_critic |          0.0457 |
|                             Loss/Loss_actor |           -80.6 |
|                             Loss/Loss_alpha |        0.000294 |
|               Loss/Loss_state_action_metric |            2.27 |
|                      Loss/Loss_state_metric |            1.11 |
|             Loss/Loss_state_action_to_state |        0.000843 |
|                           Loss/Act_rep_loss |         0.00526 |
|                                   SAC/Alpha |          0.0228 |
|                              SAC/LogPi_mean |            0.55 |
|                                 SAC/Q1_mean |            80.7 |
|                                 SAC/Q2_mean |            80.6 |
|                            Norm/actor_model |             122 |
|                           Norm/critic_model |             181 |
|              Norm/state_action_metric_model |            62.7 |
|                     Norm/state_metric_model |            93.7 |
|        Norm/state_action_state_metric_model |            58.5 |
|                  Metric/self_state_distance |         0.00418 |
|                 Metric/cross_state_distance |            2.26 |
|           Metric/self_state_action_distance |          0.0222 |
|          Metric/cross_state_action_distance |               3 |
|             Metric/avg_self_state_asymmetry |               0 |
|            Metric/avg_cross_state_asymmetry |          0.0127 |
|                Metric/avg_self_sa_asymmetry |               0 |
|               Metric/avg_cross_sa_asymmetry |          0.0229 |
|  Metric/self_state_action_to_state_distance |         0.00569 |
| Metric/cross_state_action_to_state_distance |            3.02 |
|                   Metric/h_lambda_diff_self |          0.0166 |
|                  Metric/h_lambda_diff_cross |           0.031 |
|                                 Eval/Return |             853 |
-----------------------------------------------------------------
-----------------------------------------------------------------
|                                 Train/Steps |        1.67e+06 |
|                            Loss/Loss_critic |          0.0717 |
|                             Loss/Loss_actor |           -82.8 |
|                             Loss/Loss_alpha |         0.00197 |
|               Loss/Loss_state_action_metric |            2.18 |
|                      Loss/Loss_state_metric |            1.04 |
|             Loss/Loss_state_action_to_state |        0.000681 |
|                           Loss/Act_rep_loss |         0.00444 |
|                                   SAC/Alpha |          0.0227 |
|                              SAC/LogPi_mean |           0.419 |
|                                 SAC/Q1_mean |            82.8 |
|                                 SAC/Q2_mean |            82.7 |
|                            Norm/actor_model |             125 |
|                           Norm/critic_model |             185 |
|              Norm/state_action_metric_model |            65.1 |
|                     Norm/state_metric_model |            96.9 |
|        Norm/state_action_state_metric_model |            61.1 |
|                  Metric/self_state_distance |          0.0109 |
|                 Metric/cross_state_distance |            2.17 |
|           Metric/self_state_action_distance |          0.0109 |
|          Metric/cross_state_action_distance |            2.94 |
|             Metric/avg_self_state_asymmetry |               0 |
|            Metric/avg_cross_state_asymmetry |          0.0109 |
|                Metric/avg_self_sa_asymmetry |               0 |
|               Metric/avg_cross_sa_asymmetry |           0.027 |
|  Metric/self_state_action_to_state_distance |         0.00352 |
| Metric/cross_state_action_to_state_distance |            2.94 |
|                   Metric/h_lambda_diff_self |         0.00741 |
|                  Metric/h_lambda_diff_cross |          0.0254 |
|                                 Eval/Return |             855 |
-----------------------------------------------------------------
-----------------------------------------------------------------
|                                 Train/Steps |         1.8e+06 |
|                            Loss/Loss_critic |          0.0411 |
|                             Loss/Loss_actor |           -81.1 |
|                             Loss/Loss_alpha |        -0.00138 |
|               Loss/Loss_state_action_metric |             2.4 |
|                      Loss/Loss_state_metric |            1.03 |
|             Loss/Loss_state_action_to_state |         0.00127 |
|                           Loss/Act_rep_loss |         0.00135 |
|                                   SAC/Alpha |          0.0234 |
|                              SAC/LogPi_mean |           0.507 |
|                                 SAC/Q1_mean |            81.1 |
|                                 SAC/Q2_mean |            81.1 |
|                            Norm/actor_model |             129 |
|                           Norm/critic_model |             189 |
|              Norm/state_action_metric_model |            67.3 |
|                     Norm/state_metric_model |            99.3 |
|        Norm/state_action_state_metric_model |            64.2 |
|                  Metric/self_state_distance |         0.00332 |
|                 Metric/cross_state_distance |             2.2 |
|           Metric/self_state_action_distance |          0.0174 |
|          Metric/cross_state_action_distance |            3.03 |
|             Metric/avg_self_state_asymmetry |               0 |
|            Metric/avg_cross_state_asymmetry |           0.016 |
|                Metric/avg_self_sa_asymmetry |               0 |
|               Metric/avg_cross_sa_asymmetry |          0.0217 |
|  Metric/self_state_action_to_state_distance |           0.023 |
| Metric/cross_state_action_to_state_distance |            2.98 |
|                   Metric/h_lambda_diff_self |          0.0193 |
|                  Metric/h_lambda_diff_cross |          0.0622 |
|                                 Eval/Return |             857 |
-----------------------------------------------------------------
-----------------------------------------------------------------
|                                 Train/Steps |        1.93e+06 |
|                            Loss/Loss_critic |          0.0631 |
|                             Loss/Loss_actor |           -81.9 |
|                             Loss/Loss_alpha |         0.00024 |
|               Loss/Loss_state_action_metric |            2.45 |
|                      Loss/Loss_state_metric |            1.11 |
|             Loss/Loss_state_action_to_state |          0.0013 |
|                           Loss/Act_rep_loss |         0.00162 |
|                                   SAC/Alpha |          0.0219 |
|                              SAC/LogPi_mean |           0.499 |
|                                 SAC/Q1_mean |              82 |
|                                 SAC/Q2_mean |            81.9 |
|                            Norm/actor_model |             131 |
|                           Norm/critic_model |             194 |
|              Norm/state_action_metric_model |            69.4 |
|                     Norm/state_metric_model |             102 |
|        Norm/state_action_state_metric_model |            66.8 |
|                  Metric/self_state_distance |         0.00324 |
|                 Metric/cross_state_distance |            2.25 |
|           Metric/self_state_action_distance |          0.0156 |
|          Metric/cross_state_action_distance |            3.03 |
|             Metric/avg_self_state_asymmetry |               0 |
|            Metric/avg_cross_state_asymmetry |         0.00948 |
|                Metric/avg_self_sa_asymmetry |               0 |
|               Metric/avg_cross_sa_asymmetry |          0.0133 |
|  Metric/self_state_action_to_state_distance |          0.0115 |
| Metric/cross_state_action_to_state_distance |            3.01 |
|                   Metric/h_lambda_diff_self |         0.00969 |
|                  Metric/h_lambda_diff_cross |          0.0394 |
|                                 Eval/Return |             860 |
-----------------------------------------------------------------
-----------------------------------------------------------------
|                                 Train/Steps |        2.06e+06 |
|                            Loss/Loss_critic |          0.0276 |
|                             Loss/Loss_actor |           -83.2 |
|                             Loss/Loss_alpha |         0.00173 |
|               Loss/Loss_state_action_metric |            2.25 |
|                      Loss/Loss_state_metric |            1.02 |
|             Loss/Loss_state_action_to_state |        0.000563 |
|                           Loss/Act_rep_loss |          0.0234 |
|                                   SAC/Alpha |          0.0225 |
|                              SAC/LogPi_mean |           0.496 |
|                                 SAC/Q1_mean |            83.2 |
|                                 SAC/Q2_mean |            83.2 |
|                            Norm/actor_model |             134 |
|                           Norm/critic_model |             198 |
|              Norm/state_action_metric_model |            71.5 |
|                     Norm/state_metric_model |             106 |
|        Norm/state_action_state_metric_model |            69.3 |
|                  Metric/self_state_distance |          0.0222 |
|                 Metric/cross_state_distance |            2.18 |
|           Metric/self_state_action_distance |          0.0226 |
|          Metric/cross_state_action_distance |            2.85 |
|             Metric/avg_self_state_asymmetry |               0 |
|            Metric/avg_cross_state_asymmetry |          0.0205 |
|                Metric/avg_self_sa_asymmetry |               0 |
|               Metric/avg_cross_sa_asymmetry |          0.0313 |
|  Metric/self_state_action_to_state_distance |         0.00442 |
| Metric/cross_state_action_to_state_distance |            2.87 |
|                   Metric/h_lambda_diff_self |          0.0186 |
|                  Metric/h_lambda_diff_cross |          0.0576 |
|                                 Eval/Return |             857 |
-----------------------------------------------------------------
[32mSaving model …[0m
[32mDone.[0m
[32mSaving model …[0m
[32mDone.[0m
[32mSaving model …[0m
[32mDone.[0m
[32mSaving model …[0m
[32mDone.[0m
