E0902 00:44:57.557457 1143233 cuda_executor.cc:1526] Could not get kernel mode driver version: (INVALID_ARGUMENT: Version does not match the format X.Y.Z)
E0902 00:44:57.566138 1143122 cuda_executor.cc:1526] Could not get kernel mode driver version: (INVALID_ARGUMENT: Version does not match the format X.Y.Z)
[32mStart prefilling replay buffer[0m
[32mStart SAC training[0m
[32m{'log_freq': 1000, 'save_freq': 1000000, 'eval_episode_freq': 10, 'hidden_size': 256, 'lr': 0.001, 'max_grad_norm': 0.0, 'gamma': 0.99, 'update_tau': 0.005, 'train_per_step': 8, 'episode_length': 1000, 'warmup_samples': 8192, 'max_replay_size': 4000000, 'batch_size': 512, 'total_env_steps': 5000000, 'init_temperature': 0.1, 'nstep': 3, 'bootstrap_on_truncation': True, 'rep_lr_scale': 1.5, 'vis_feq': 100000, 'n_vis_frames': 4, 'num_envs': 128, 'grad_steps': 50, 'transfer_freq': 10, 'transfer_steps': 8, 'reward_scaling': 1.0, 'num_eval_envs': 128, 'target_entropy': -1.0}[0m
[32m[nstep] nstep=3 bootstrap_on_truncation=True (discount from the buffer already contains gamma^nstep)[0m
-----------------------------------------------------------------
|                                 Train/Steps |        1.36e+05 |
|                            Loss/Loss_critic |            1.64 |
|                             Loss/Loss_actor |           -53.1 |
|                             Loss/Loss_alpha |         -0.0054 |
|               Loss/Loss_state_action_metric |            3.79 |
|                      Loss/Loss_state_metric |            1.34 |
|             Loss/Loss_state_action_to_state |          0.0066 |
|                           Loss/Act_rep_loss |          0.0269 |
|                                   SAC/Alpha |          0.0813 |
|                              SAC/LogPi_mean |            1.13 |
|                                 SAC/Q1_mean |            52.6 |
|                                 SAC/Q2_mean |            52.8 |
|                            Norm/actor_model |            60.7 |
|                           Norm/critic_model |            92.1 |
|              Norm/state_action_metric_model |            30.9 |
|                     Norm/state_metric_model |              30 |
|        Norm/state_action_state_metric_model |            30.3 |
|                  Metric/self_state_distance |          0.0161 |
|                 Metric/cross_state_distance |             2.5 |
|           Metric/self_state_action_distance |          0.0366 |
|          Metric/cross_state_action_distance |            3.61 |
|             Metric/avg_self_state_asymmetry |               0 |
|            Metric/avg_cross_state_asymmetry |          0.0296 |
|                Metric/avg_self_sa_asymmetry |               0 |
|               Metric/avg_cross_sa_asymmetry |          0.0789 |
|  Metric/self_state_action_to_state_distance |           0.015 |
| Metric/cross_state_action_to_state_distance |            3.63 |
|                   Metric/h_lambda_diff_self |          0.0259 |
|                  Metric/h_lambda_diff_cross |          0.0929 |
|                                 Eval/Return |             935 |
-----------------------------------------------------------------
-----------------------------------------------------------------
|                                 Train/Steps |        2.64e+05 |
|                            Loss/Loss_critic |            1.32 |
|                             Loss/Loss_actor |           -82.9 |
|                             Loss/Loss_alpha |         0.00564 |
|               Loss/Loss_state_action_metric |            2.64 |
|                      Loss/Loss_state_metric |           0.752 |
|             Loss/Loss_state_action_to_state |         0.00457 |
|                           Loss/Act_rep_loss |          0.0124 |
|                                   SAC/Alpha |          0.0467 |
|                              SAC/LogPi_mean |           0.941 |
|                                 SAC/Q1_mean |            82.9 |
|                                 SAC/Q2_mean |            82.7 |
|                            Norm/actor_model |            76.5 |
|                           Norm/critic_model |             109 |
|              Norm/state_action_metric_model |            34.3 |
|                     Norm/state_metric_model |            33.1 |
|        Norm/state_action_state_metric_model |            33.3 |
|                  Metric/self_state_distance |         0.00327 |
|                 Metric/cross_state_distance |            1.91 |
|           Metric/self_state_action_distance |          0.0152 |
|          Metric/cross_state_action_distance |            2.62 |
|             Metric/avg_self_state_asymmetry |               0 |
|            Metric/avg_cross_state_asymmetry |           0.025 |
|                Metric/avg_self_sa_asymmetry |               0 |
|               Metric/avg_cross_sa_asymmetry |          0.0652 |
|  Metric/self_state_action_to_state_distance |         0.00267 |
| Metric/cross_state_action_to_state_distance |            2.57 |
|                   Metric/h_lambda_diff_self |          0.0167 |
|                  Metric/h_lambda_diff_cross |          0.0933 |
|                                 Eval/Return |             955 |
-----------------------------------------------------------------
-----------------------------------------------------------------
|                                 Train/Steps |        3.92e+05 |
|                            Loss/Loss_critic |           0.739 |
|                             Loss/Loss_actor |           -90.6 |
|                             Loss/Loss_alpha |        -0.00245 |
|               Loss/Loss_state_action_metric |            1.92 |
|                      Loss/Loss_state_metric |           0.736 |
|             Loss/Loss_state_action_to_state |         0.00523 |
|                           Loss/Act_rep_loss |          0.0314 |
|                                   SAC/Alpha |          0.0272 |
|                              SAC/LogPi_mean |            1.14 |
|                                 SAC/Q1_mean |            90.5 |
|                                 SAC/Q2_mean |            90.4 |
|                            Norm/actor_model |            88.1 |
|                           Norm/critic_model |             116 |
|              Norm/state_action_metric_model |            38.4 |
|                     Norm/state_metric_model |            37.1 |
|        Norm/state_action_state_metric_model |            36.9 |
|                  Metric/self_state_distance |         0.00422 |
|                 Metric/cross_state_distance |            1.84 |
|           Metric/self_state_action_distance |          0.0131 |
|          Metric/cross_state_action_distance |            2.42 |
|             Metric/avg_self_state_asymmetry |               0 |
|            Metric/avg_cross_state_asymmetry |          0.0243 |
|                Metric/avg_self_sa_asymmetry |               0 |
|               Metric/avg_cross_sa_asymmetry |          0.0504 |
|  Metric/self_state_action_to_state_distance |         0.00853 |
| Metric/cross_state_action_to_state_distance |            2.43 |
|                   Metric/h_lambda_diff_self |          0.0103 |
|                  Metric/h_lambda_diff_cross |          0.0698 |
|                                 Eval/Return |             918 |
-----------------------------------------------------------------
-----------------------------------------------------------------
|                                 Train/Steps |         5.2e+05 |
|                            Loss/Loss_critic |           0.521 |
|                             Loss/Loss_actor |           -95.7 |
|                             Loss/Loss_alpha |         0.00296 |
|               Loss/Loss_state_action_metric |            1.14 |
|                      Loss/Loss_state_metric |           0.344 |
|             Loss/Loss_state_action_to_state |         0.00305 |
|                           Loss/Act_rep_loss |          0.0238 |
|                                   SAC/Alpha |          0.0205 |
|                              SAC/LogPi_mean |           0.854 |
|                                 SAC/Q1_mean |            95.7 |
|                                 SAC/Q2_mean |            95.6 |
|                            Norm/actor_model |            97.8 |
|                           Norm/critic_model |             122 |
|              Norm/state_action_metric_model |            42.6 |
|                     Norm/state_metric_model |            41.4 |
|        Norm/state_action_state_metric_model |            40.6 |
|                  Metric/self_state_distance |          0.0046 |
|                 Metric/cross_state_distance |             1.4 |
|           Metric/self_state_action_distance |          0.0192 |
|          Metric/cross_state_action_distance |             1.7 |
|             Metric/avg_self_state_asymmetry |               0 |
|            Metric/avg_cross_state_asymmetry |          0.0228 |
|                Metric/avg_self_sa_asymmetry |               0 |
|               Metric/avg_cross_sa_asymmetry |          0.0401 |
|  Metric/self_state_action_to_state_distance |        0.000675 |
| Metric/cross_state_action_to_state_distance |             1.7 |
|                   Metric/h_lambda_diff_self |          0.0186 |
|                  Metric/h_lambda_diff_cross |          0.0455 |
|                                 Eval/Return |             960 |
-----------------------------------------------------------------
-----------------------------------------------------------------
|                                 Train/Steps |        6.48e+05 |
|                            Loss/Loss_critic |           0.298 |
|                             Loss/Loss_actor |           -96.6 |
|                             Loss/Loss_alpha |        -0.00217 |
|               Loss/Loss_state_action_metric |            1.16 |
|                      Loss/Loss_state_metric |           0.369 |
|             Loss/Loss_state_action_to_state |         0.00444 |
|                           Loss/Act_rep_loss |          0.0158 |
|                                   SAC/Alpha |          0.0157 |
|                              SAC/LogPi_mean |            1.15 |
|                                 SAC/Q1_mean |            96.5 |
|                                 SAC/Q2_mean |            96.8 |
|                            Norm/actor_model |             106 |
|                           Norm/critic_model |             127 |
|              Norm/state_action_metric_model |            46.3 |
|                     Norm/state_metric_model |            46.1 |
|        Norm/state_action_state_metric_model |            44.7 |
|                  Metric/self_state_distance |          0.0124 |
|                 Metric/cross_state_distance |            1.42 |
|           Metric/self_state_action_distance |         0.00516 |
|          Metric/cross_state_action_distance |            1.77 |
|             Metric/avg_self_state_asymmetry |               0 |
|            Metric/avg_cross_state_asymmetry |          0.0241 |
|                Metric/avg_self_sa_asymmetry |               0 |
|               Metric/avg_cross_sa_asymmetry |          0.0487 |
|  Metric/self_state_action_to_state_distance |          0.0066 |
| Metric/cross_state_action_to_state_distance |            1.75 |
|                   Metric/h_lambda_diff_self |         0.00658 |
|                  Metric/h_lambda_diff_cross |          0.0544 |
|                                 Eval/Return |             959 |
-----------------------------------------------------------------
-----------------------------------------------------------------
|                                 Train/Steps |        7.76e+05 |
|                            Loss/Loss_critic |           0.261 |
|                             Loss/Loss_actor |           -97.5 |
|                             Loss/Loss_alpha |         0.00129 |
|               Loss/Loss_state_action_metric |           0.872 |
|                      Loss/Loss_state_metric |           0.276 |
|             Loss/Loss_state_action_to_state |         0.00434 |
|                           Loss/Act_rep_loss |          0.0231 |
|                                   SAC/Alpha |          0.0141 |
|                              SAC/LogPi_mean |           0.959 |
|                                 SAC/Q1_mean |            97.7 |
|                                 SAC/Q2_mean |            97.4 |
|                            Norm/actor_model |             114 |
|                           Norm/critic_model |             132 |
|              Norm/state_action_metric_model |            49.7 |
|                     Norm/state_metric_model |            50.8 |
|        Norm/state_action_state_metric_model |            48.6 |
|                  Metric/self_state_distance |         0.00286 |
|                 Metric/cross_state_distance |            1.36 |
|           Metric/self_state_action_distance |          0.0152 |
|          Metric/cross_state_action_distance |            1.62 |
|             Metric/avg_self_state_asymmetry |               0 |
|            Metric/avg_cross_state_asymmetry |          0.0208 |
|                Metric/avg_self_sa_asymmetry |               0 |
|               Metric/avg_cross_sa_asymmetry |          0.0347 |
|  Metric/self_state_action_to_state_distance |         0.00311 |
| Metric/cross_state_action_to_state_distance |            1.64 |
|                   Metric/h_lambda_diff_self |           0.013 |
|                  Metric/h_lambda_diff_cross |          0.0527 |
|                                 Eval/Return |             967 |
-----------------------------------------------------------------
-----------------------------------------------------------------
|                                 Train/Steps |        9.04e+05 |
|                            Loss/Loss_critic |           0.204 |
|                             Loss/Loss_actor |           -97.2 |
|                             Loss/Loss_alpha |        0.000376 |
|               Loss/Loss_state_action_metric |             1.1 |
|                      Loss/Loss_state_metric |           0.332 |
|             Loss/Loss_state_action_to_state |         0.00358 |
|                           Loss/Act_rep_loss |          0.0211 |
|                                   SAC/Alpha |          0.0116 |
|                              SAC/LogPi_mean |           0.988 |
|                                 SAC/Q1_mean |            97.2 |
|                                 SAC/Q2_mean |            97.2 |
|                            Norm/actor_model |             120 |
|                           Norm/critic_model |             136 |
|              Norm/state_action_metric_model |            52.9 |
|                     Norm/state_metric_model |            55.6 |
|        Norm/state_action_state_metric_model |            52.3 |
|                  Metric/self_state_distance |         0.00588 |
|                 Metric/cross_state_distance |            1.41 |
|           Metric/self_state_action_distance |          0.0196 |
|          Metric/cross_state_action_distance |            1.71 |
|             Metric/avg_self_state_asymmetry |               0 |
|            Metric/avg_cross_state_asymmetry |          0.0189 |
|                Metric/avg_self_sa_asymmetry |               0 |
|               Metric/avg_cross_sa_asymmetry |          0.0412 |
|  Metric/self_state_action_to_state_distance |         0.00628 |
| Metric/cross_state_action_to_state_distance |            1.72 |
|                   Metric/h_lambda_diff_self |           0.018 |
|                  Metric/h_lambda_diff_cross |          0.0433 |
|                                 Eval/Return |             980 |
-----------------------------------------------------------------
-----------------------------------------------------------------
|                                 Train/Steps |        1.03e+06 |
|                            Loss/Loss_critic |           0.186 |
|                             Loss/Loss_actor |           -98.1 |
|                             Loss/Loss_alpha |       -0.000419 |
|               Loss/Loss_state_action_metric |            1.09 |
|                      Loss/Loss_state_metric |           0.306 |
|             Loss/Loss_state_action_to_state |         0.00181 |
|                           Loss/Act_rep_loss |          0.0245 |
|                                   SAC/Alpha |          0.0102 |
|                              SAC/LogPi_mean |             1.1 |
|                                 SAC/Q1_mean |            98.1 |
|                                 SAC/Q2_mean |            98.1 |
|                            Norm/actor_model |             126 |
|                           Norm/critic_model |             140 |
|              Norm/state_action_metric_model |              56 |
|                     Norm/state_metric_model |            59.9 |
|        Norm/state_action_state_metric_model |            55.8 |
|                  Metric/self_state_distance |         0.00104 |
|                 Metric/cross_state_distance |            1.33 |
|           Metric/self_state_action_distance |         0.00607 |
|          Metric/cross_state_action_distance |            1.58 |
|             Metric/avg_self_state_asymmetry |               0 |
|            Metric/avg_cross_state_asymmetry |          0.0184 |
|                Metric/avg_self_sa_asymmetry |               0 |
|               Metric/avg_cross_sa_asymmetry |          0.0338 |
|  Metric/self_state_action_to_state_distance |         0.00147 |
| Metric/cross_state_action_to_state_distance |            1.56 |
|                   Metric/h_lambda_diff_self |         0.00474 |
|                  Metric/h_lambda_diff_cross |          0.0364 |
|                                 Eval/Return |             974 |
-----------------------------------------------------------------
[32mSaving model …[0m
[32mDone.[0m
[32mSaving model …[0m
[32mDone.[0m
-----------------------------------------------------------------
|                                 Train/Steps |        1.16e+06 |
|                            Loss/Loss_critic |            0.21 |
|                             Loss/Loss_actor |           -98.1 |
|                             Loss/Loss_alpha |       -0.000609 |
|               Loss/Loss_state_action_metric |           0.868 |
|                      Loss/Loss_state_metric |           0.236 |
|             Loss/Loss_state_action_to_state |         0.00635 |
|                           Loss/Act_rep_loss |           0.011 |
|                                   SAC/Alpha |          0.0102 |
|                              SAC/LogPi_mean |           0.881 |
|                                 SAC/Q1_mean |            98.1 |
|                                 SAC/Q2_mean |            98.1 |
|                            Norm/actor_model |             132 |
|                           Norm/critic_model |             144 |
|              Norm/state_action_metric_model |            59.1 |
|                     Norm/state_metric_model |            64.1 |
|        Norm/state_action_state_metric_model |            59.3 |
|                  Metric/self_state_distance |         0.00105 |
|                 Metric/cross_state_distance |            1.26 |
|           Metric/self_state_action_distance |          0.0166 |
|          Metric/cross_state_action_distance |            1.46 |
|             Metric/avg_self_state_asymmetry |               0 |
|            Metric/avg_cross_state_asymmetry |          0.0174 |
|                Metric/avg_self_sa_asymmetry |               0 |
|               Metric/avg_cross_sa_asymmetry |          0.0396 |
|  Metric/self_state_action_to_state_distance |        0.000725 |
| Metric/cross_state_action_to_state_distance |            1.44 |
|                   Metric/h_lambda_diff_self |           0.016 |
|                  Metric/h_lambda_diff_cross |          0.0486 |
|                                 Eval/Return |             980 |
-----------------------------------------------------------------
-----------------------------------------------------------------
|                                 Train/Steps |        1.29e+06 |
|                            Loss/Loss_critic |          0.0894 |
|                             Loss/Loss_actor |           -98.6 |
|                             Loss/Loss_alpha |         0.00148 |
|               Loss/Loss_state_action_metric |            0.47 |
|                      Loss/Loss_state_metric |           0.198 |
|             Loss/Loss_state_action_to_state |          0.0018 |
|                           Loss/Act_rep_loss |          0.0141 |
|                                   SAC/Alpha |         0.00829 |
|                              SAC/LogPi_mean |           0.906 |
|                                 SAC/Q1_mean |            98.5 |
|                                 SAC/Q2_mean |            98.7 |
|                            Norm/actor_model |             137 |
|                           Norm/critic_model |             148 |
|              Norm/state_action_metric_model |            61.9 |
|                     Norm/state_metric_model |            68.2 |
|        Norm/state_action_state_metric_model |            62.4 |
|                  Metric/self_state_distance |        0.000593 |
|                 Metric/cross_state_distance |            1.22 |
|           Metric/self_state_action_distance |         0.00847 |
|          Metric/cross_state_action_distance |            1.41 |
|             Metric/avg_self_state_asymmetry |               0 |
|            Metric/avg_cross_state_asymmetry |          0.0164 |
|                Metric/avg_self_sa_asymmetry |               0 |
|               Metric/avg_cross_sa_asymmetry |          0.0329 |
|  Metric/self_state_action_to_state_distance |         0.00505 |
| Metric/cross_state_action_to_state_distance |            1.41 |
|                   Metric/h_lambda_diff_self |         0.00605 |
|                  Metric/h_lambda_diff_cross |          0.0391 |
|                                 Eval/Return |             973 |
-----------------------------------------------------------------
-----------------------------------------------------------------
|                                 Train/Steps |        1.42e+06 |
|                            Loss/Loss_critic |           0.181 |
|                             Loss/Loss_actor |           -98.3 |
|                             Loss/Loss_alpha |         0.00226 |
|               Loss/Loss_state_action_metric |           0.503 |
|                      Loss/Loss_state_metric |           0.221 |
|             Loss/Loss_state_action_to_state |         0.00256 |
|                           Loss/Act_rep_loss |          0.0105 |
|                                   SAC/Alpha |            0.01 |
|                              SAC/LogPi_mean |           0.792 |
|                                 SAC/Q1_mean |            98.2 |
|                                 SAC/Q2_mean |            98.3 |
|                            Norm/actor_model |             142 |
|                           Norm/critic_model |             153 |
|              Norm/state_action_metric_model |            64.5 |
|                     Norm/state_metric_model |              72 |
|        Norm/state_action_state_metric_model |            65.5 |
|                  Metric/self_state_distance |        0.000144 |
|                 Metric/cross_state_distance |            1.25 |
|           Metric/self_state_action_distance |         0.00623 |
|          Metric/cross_state_action_distance |            1.45 |
|             Metric/avg_self_state_asymmetry |               0 |
|            Metric/avg_cross_state_asymmetry |          0.0185 |
|                Metric/avg_self_sa_asymmetry |               0 |
|               Metric/avg_cross_sa_asymmetry |          0.0281 |
|  Metric/self_state_action_to_state_distance |         0.00123 |
| Metric/cross_state_action_to_state_distance |            1.41 |
|                   Metric/h_lambda_diff_self |         0.00522 |
|                  Metric/h_lambda_diff_cross |          0.0499 |
|                                 Eval/Return |             981 |
-----------------------------------------------------------------
-----------------------------------------------------------------
|                                 Train/Steps |        1.54e+06 |
|                            Loss/Loss_critic |           0.104 |
|                             Loss/Loss_actor |           -98.1 |
|                             Loss/Loss_alpha |       -0.000366 |
|               Loss/Loss_state_action_metric |            1.15 |
|                      Loss/Loss_state_metric |           0.214 |
|             Loss/Loss_state_action_to_state |         0.00176 |
|                           Loss/Act_rep_loss |         0.00959 |
|                                   SAC/Alpha |         0.00815 |
|                              SAC/LogPi_mean |            1.05 |
|                                 SAC/Q1_mean |            98.1 |
|                                 SAC/Q2_mean |            98.1 |
|                            Norm/actor_model |             147 |
|                           Norm/critic_model |             157 |
|              Norm/state_action_metric_model |            66.8 |
|                     Norm/state_metric_model |            75.3 |
|        Norm/state_action_state_metric_model |            68.1 |
|                  Metric/self_state_distance |         0.00157 |
|                 Metric/cross_state_distance |            1.26 |
|           Metric/self_state_action_distance |          0.0068 |
|          Metric/cross_state_action_distance |            1.48 |
|             Metric/avg_self_state_asymmetry |               0 |
|            Metric/avg_cross_state_asymmetry |          0.0163 |
|                Metric/avg_self_sa_asymmetry |               0 |
|               Metric/avg_cross_sa_asymmetry |          0.0338 |
|  Metric/self_state_action_to_state_distance |         0.00267 |
| Metric/cross_state_action_to_state_distance |            1.45 |
|                   Metric/h_lambda_diff_self |         0.00533 |
|                  Metric/h_lambda_diff_cross |          0.0529 |
|                                 Eval/Return |             972 |
-----------------------------------------------------------------
-----------------------------------------------------------------
|                                 Train/Steps |        1.67e+06 |
|                            Loss/Loss_critic |           0.108 |
|                             Loss/Loss_actor |           -98.6 |
|                             Loss/Loss_alpha |        0.000222 |
|               Loss/Loss_state_action_metric |            0.68 |
|                      Loss/Loss_state_metric |           0.183 |
|             Loss/Loss_state_action_to_state |         0.00175 |
|                           Loss/Act_rep_loss |         0.00461 |
|                                   SAC/Alpha |         0.00838 |
|                              SAC/LogPi_mean |           0.995 |
|                                 SAC/Q1_mean |            98.6 |
|                                 SAC/Q2_mean |            98.6 |
|                            Norm/actor_model |             151 |
|                           Norm/critic_model |             161 |
|              Norm/state_action_metric_model |            69.3 |
|                     Norm/state_metric_model |              79 |
|        Norm/state_action_state_metric_model |            70.9 |
|                  Metric/self_state_distance |         0.00148 |
|                 Metric/cross_state_distance |            1.21 |
|           Metric/self_state_action_distance |          0.0149 |
|          Metric/cross_state_action_distance |            1.39 |
|             Metric/avg_self_state_asymmetry |               0 |
|            Metric/avg_cross_state_asymmetry |           0.017 |
|                Metric/avg_self_sa_asymmetry |               0 |
|               Metric/avg_cross_sa_asymmetry |          0.0285 |
|  Metric/self_state_action_to_state_distance |        6.54e-05 |
| Metric/cross_state_action_to_state_distance |            1.36 |
|                   Metric/h_lambda_diff_self |          0.0149 |
|                  Metric/h_lambda_diff_cross |          0.0521 |
|                                 Eval/Return |             980 |
-----------------------------------------------------------------
-----------------------------------------------------------------
|                                 Train/Steps |         1.8e+06 |
|                            Loss/Loss_critic |           0.194 |
|                             Loss/Loss_actor |           -98.4 |
|                             Loss/Loss_alpha |       -0.000417 |
|               Loss/Loss_state_action_metric |           0.811 |
|                      Loss/Loss_state_metric |           0.258 |
|             Loss/Loss_state_action_to_state |         0.00172 |
|                           Loss/Act_rep_loss |          0.0107 |
|                                   SAC/Alpha |         0.00763 |
|                              SAC/LogPi_mean |             1.1 |
|                                 SAC/Q1_mean |            98.4 |
|                                 SAC/Q2_mean |            98.5 |
|                            Norm/actor_model |             155 |
|                           Norm/critic_model |             164 |
|              Norm/state_action_metric_model |            71.6 |
|                     Norm/state_metric_model |            82.4 |
|        Norm/state_action_state_metric_model |            73.5 |
|                  Metric/self_state_distance |        0.000857 |
|                 Metric/cross_state_distance |            1.31 |
|           Metric/self_state_action_distance |         0.00583 |
|          Metric/cross_state_action_distance |            1.56 |
|             Metric/avg_self_state_asymmetry |               0 |
|            Metric/avg_cross_state_asymmetry |          0.0166 |
|                Metric/avg_self_sa_asymmetry |               0 |
|               Metric/avg_cross_sa_asymmetry |           0.036 |
|  Metric/self_state_action_to_state_distance |         0.00667 |
| Metric/cross_state_action_to_state_distance |            1.52 |
|                   Metric/h_lambda_diff_self |         0.00598 |
|                  Metric/h_lambda_diff_cross |          0.0444 |
|                                 Eval/Return |             977 |
-----------------------------------------------------------------
-----------------------------------------------------------------
|                                 Train/Steps |        1.93e+06 |
|                            Loss/Loss_critic |           0.123 |
|                             Loss/Loss_actor |           -98.6 |
|                             Loss/Loss_alpha |       -0.000403 |
|               Loss/Loss_state_action_metric |           0.611 |
|                      Loss/Loss_state_metric |           0.186 |
|             Loss/Loss_state_action_to_state |         0.00157 |
|                           Loss/Act_rep_loss |          0.0127 |
|                                   SAC/Alpha |         0.00754 |
|                              SAC/LogPi_mean |            1.09 |
|                                 SAC/Q1_mean |            98.6 |
|                                 SAC/Q2_mean |            98.7 |
|                            Norm/actor_model |             159 |
|                           Norm/critic_model |             168 |
|              Norm/state_action_metric_model |              74 |
|                     Norm/state_metric_model |            85.7 |
|        Norm/state_action_state_metric_model |            76.1 |
|                  Metric/self_state_distance |         0.00374 |
|                 Metric/cross_state_distance |            1.21 |
|           Metric/self_state_action_distance |         0.00459 |
|          Metric/cross_state_action_distance |            1.37 |
|             Metric/avg_self_state_asymmetry |               0 |
|            Metric/avg_cross_state_asymmetry |          0.0165 |
|                Metric/avg_self_sa_asymmetry |               0 |
|               Metric/avg_cross_sa_asymmetry |           0.028 |
|  Metric/self_state_action_to_state_distance |         0.00176 |
| Metric/cross_state_action_to_state_distance |            1.39 |
|                   Metric/h_lambda_diff_self |         0.00519 |
|                  Metric/h_lambda_diff_cross |          0.0316 |
|                                 Eval/Return |             972 |
-----------------------------------------------------------------
-----------------------------------------------------------------
|                                 Train/Steps |        2.06e+06 |
|                            Loss/Loss_critic |          0.0938 |
|                             Loss/Loss_actor |           -98.9 |
|                             Loss/Loss_alpha |        0.000579 |
|               Loss/Loss_state_action_metric |           0.591 |
|                      Loss/Loss_state_metric |           0.151 |
|             Loss/Loss_state_action_to_state |         0.00154 |
|                           Loss/Act_rep_loss |           0.021 |
|                                   SAC/Alpha |         0.00612 |
|                              SAC/LogPi_mean |           0.817 |
|                                 SAC/Q1_mean |            98.9 |
|                                 SAC/Q2_mean |            98.9 |
|                            Norm/actor_model |             163 |
|                           Norm/critic_model |             172 |
|              Norm/state_action_metric_model |            75.9 |
|                     Norm/state_metric_model |            88.8 |
|        Norm/state_action_state_metric_model |            78.5 |
|                  Metric/self_state_distance |        0.000509 |
|                 Metric/cross_state_distance |            1.18 |
|           Metric/self_state_action_distance |         0.00574 |
|          Metric/cross_state_action_distance |            1.31 |
|             Metric/avg_self_state_asymmetry |               0 |
|            Metric/avg_cross_state_asymmetry |          0.0143 |
|                Metric/avg_self_sa_asymmetry |               0 |
|               Metric/avg_cross_sa_asymmetry |          0.0252 |
|  Metric/self_state_action_to_state_distance |         0.00125 |
| Metric/cross_state_action_to_state_distance |             1.3 |
|                   Metric/h_lambda_diff_self |         0.00496 |
|                  Metric/h_lambda_diff_cross |          0.0271 |
|                                 Eval/Return |             980 |
-----------------------------------------------------------------
[32mSaving model …[0m
[32mDone.[0m
[32mSaving model …[0m
[32mDone.[0m
-----------------------------------------------------------------
|                                 Train/Steps |        2.18e+06 |
|                            Loss/Loss_critic |           0.181 |
|                             Loss/Loss_actor |           -98.7 |
|                             Loss/Loss_alpha |       -0.000642 |
|               Loss/Loss_state_action_metric |           0.543 |
|                      Loss/Loss_state_metric |           0.181 |
|             Loss/Loss_state_action_to_state |         0.00221 |
|                           Loss/Act_rep_loss |          0.0127 |
|                                   SAC/Alpha |         0.00753 |
|                              SAC/LogPi_mean |           0.988 |
|                                 SAC/Q1_mean |            98.8 |
|                                 SAC/Q2_mean |            98.7 |
|                            Norm/actor_model |             167 |
|                           Norm/critic_model |             175 |
|              Norm/state_action_metric_model |            78.2 |
|                     Norm/state_metric_model |              92 |
|        Norm/state_action_state_metric_model |            80.9 |
|                  Metric/self_state_distance |         0.00112 |
|                 Metric/cross_state_distance |            1.21 |
|           Metric/self_state_action_distance |         0.00894 |
|          Metric/cross_state_action_distance |            1.35 |
|             Metric/avg_self_state_asymmetry |               0 |
|            Metric/avg_cross_state_asymmetry |          0.0159 |
|                Metric/avg_self_sa_asymmetry |               0 |
|               Metric/avg_cross_sa_asymmetry |          0.0249 |
|  Metric/self_state_action_to_state_distance |        0.000382 |
| Metric/cross_state_action_to_state_distance |            1.35 |
|                   Metric/h_lambda_diff_self |         0.00857 |
|                  Metric/h_lambda_diff_cross |          0.0251 |
|                                 Eval/Return |             979 |
-----------------------------------------------------------------
-----------------------------------------------------------------
|                                 Train/Steps |        2.31e+06 |
|                            Loss/Loss_critic |           0.114 |
|                             Loss/Loss_actor |             -99 |
|                             Loss/Loss_alpha |        0.000524 |
|               Loss/Loss_state_action_metric |           0.371 |
|                      Loss/Loss_state_metric |           0.121 |
|             Loss/Loss_state_action_to_state |          0.0014 |
|                           Loss/Act_rep_loss |          0.0147 |
|                                   SAC/Alpha |         0.00589 |
|                              SAC/LogPi_mean |            0.78 |
|                                 SAC/Q1_mean |            99.1 |
|                                 SAC/Q2_mean |            99.1 |
|                            Norm/actor_model |             170 |
|                           Norm/critic_model |             179 |
|              Norm/state_action_metric_model |            80.1 |
|                     Norm/state_metric_model |            95.1 |
|        Norm/state_action_state_metric_model |            83.4 |
|                  Metric/self_state_distance |         0.00073 |
|                 Metric/cross_state_distance |            1.15 |
|           Metric/self_state_action_distance |         0.00415 |
|          Metric/cross_state_action_distance |            1.27 |
|             Metric/avg_self_state_asymmetry |               0 |
|            Metric/avg_cross_state_asymmetry |          0.0137 |
|                Metric/avg_self_sa_asymmetry |               0 |
|               Metric/avg_cross_sa_asymmetry |           0.025 |
|  Metric/self_state_action_to_state_distance |        0.000551 |
| Metric/cross_state_action_to_state_distance |            1.25 |
|                   Metric/h_lambda_diff_self |         0.00376 |
|                  Metric/h_lambda_diff_cross |          0.0314 |
|                                 Eval/Return |             971 |
-----------------------------------------------------------------
-----------------------------------------------------------------
|                                 Train/Steps |        2.44e+06 |
|                            Loss/Loss_critic |            0.07 |
|                             Loss/Loss_actor |           -98.8 |
|                             Loss/Loss_alpha |        0.000323 |
|               Loss/Loss_state_action_metric |           0.705 |
|                      Loss/Loss_state_metric |           0.177 |
|             Loss/Loss_state_action_to_state |         0.00203 |
|                           Loss/Act_rep_loss |         0.00925 |
|                                   SAC/Alpha |         0.00561 |
|                              SAC/LogPi_mean |           0.967 |
|                                 SAC/Q1_mean |            98.8 |
|                                 SAC/Q2_mean |            98.9 |
|                            Norm/actor_model |             174 |
|                           Norm/critic_model |             182 |
|              Norm/state_action_metric_model |            82.1 |
|                     Norm/state_metric_model |            97.8 |
|        Norm/state_action_state_metric_model |            85.6 |
|                  Metric/self_state_distance |        0.000735 |
|                 Metric/cross_state_distance |            1.23 |
|           Metric/self_state_action_distance |         0.00564 |
|          Metric/cross_state_action_distance |            1.42 |
|             Metric/avg_self_state_asymmetry |               0 |
|            Metric/avg_cross_state_asymmetry |          0.0193 |
|                Metric/avg_self_sa_asymmetry |               0 |
|               Metric/avg_cross_sa_asymmetry |          0.0349 |
|  Metric/self_state_action_to_state_distance |        0.000197 |
| Metric/cross_state_action_to_state_distance |            1.39 |
|                   Metric/h_lambda_diff_self |         0.00546 |
|                  Metric/h_lambda_diff_cross |          0.0425 |
|                                 Eval/Return |             971 |
-----------------------------------------------------------------
-----------------------------------------------------------------
|                                 Train/Steps |        2.57e+06 |
|                            Loss/Loss_critic |          0.0618 |
|                             Loss/Loss_actor |           -98.8 |
|                             Loss/Loss_alpha |       -7.71e-05 |
|               Loss/Loss_state_action_metric |           0.391 |
|                      Loss/Loss_state_metric |           0.174 |
|             Loss/Loss_state_action_to_state |         0.00312 |
|                           Loss/Act_rep_loss |          0.0176 |
|                                   SAC/Alpha |         0.00505 |
|                              SAC/LogPi_mean |           0.873 |
|                                 SAC/Q1_mean |              99 |
|                                 SAC/Q2_mean |            98.8 |
|                            Norm/actor_model |             177 |
|                           Norm/critic_model |             186 |
|              Norm/state_action_metric_model |              84 |
|                     Norm/state_metric_model |             101 |
|        Norm/state_action_state_metric_model |              88 |
|                  Metric/self_state_distance |         0.00172 |
|                 Metric/cross_state_distance |            1.19 |
|           Metric/self_state_action_distance |          0.0125 |
|          Metric/cross_state_action_distance |            1.36 |
|             Metric/avg_self_state_asymmetry |               0 |
|            Metric/avg_cross_state_asymmetry |          0.0163 |
|                Metric/avg_self_sa_asymmetry |               0 |
|               Metric/avg_cross_sa_asymmetry |          0.0294 |
|  Metric/self_state_action_to_state_distance |        0.000264 |
| Metric/cross_state_action_to_state_distance |            1.34 |
|                   Metric/h_lambda_diff_self |          0.0122 |
|                  Metric/h_lambda_diff_cross |          0.0373 |
|                                 Eval/Return |             965 |
-----------------------------------------------------------------
-----------------------------------------------------------------
|                                 Train/Steps |         2.7e+06 |
|                            Loss/Loss_critic |           0.107 |
|                             Loss/Loss_actor |           -99.2 |
|                             Loss/Loss_alpha |        0.000405 |
|               Loss/Loss_state_action_metric |           0.296 |
|                      Loss/Loss_state_metric |           0.107 |
|             Loss/Loss_state_action_to_state |         0.00144 |
|                           Loss/Act_rep_loss |          0.0415 |
|                                   SAC/Alpha |         0.00511 |
|                              SAC/LogPi_mean |           0.925 |
|                                 SAC/Q1_mean |            99.2 |
|                                 SAC/Q2_mean |            99.3 |
|                            Norm/actor_model |             180 |
|                           Norm/critic_model |             189 |
|              Norm/state_action_metric_model |            85.7 |
|                     Norm/state_metric_model |             103 |
|        Norm/state_action_state_metric_model |            90.2 |
|                  Metric/self_state_distance |         0.00025 |
|                 Metric/cross_state_distance |            1.12 |
|           Metric/self_state_action_distance |         0.00431 |
|          Metric/cross_state_action_distance |            1.18 |
|             Metric/avg_self_state_asymmetry |               0 |
|            Metric/avg_cross_state_asymmetry |          0.0142 |
|                Metric/avg_self_sa_asymmetry |               0 |
|               Metric/avg_cross_sa_asymmetry |          0.0247 |
|  Metric/self_state_action_to_state_distance |          0.0025 |
| Metric/cross_state_action_to_state_distance |            1.22 |
|                   Metric/h_lambda_diff_self |         0.00267 |
|                  Metric/h_lambda_diff_cross |           0.053 |
|                                 Eval/Return |             965 |
-----------------------------------------------------------------
-----------------------------------------------------------------
|                                 Train/Steps |        2.82e+06 |
|                            Loss/Loss_critic |          0.0632 |
|                             Loss/Loss_actor |           -98.7 |
|                             Loss/Loss_alpha |       -0.000308 |
|               Loss/Loss_state_action_metric |            0.52 |
|                      Loss/Loss_state_metric |            0.18 |
|             Loss/Loss_state_action_to_state |          0.0019 |
|                           Loss/Act_rep_loss |         0.00848 |
|                                   SAC/Alpha |         0.00499 |
|                              SAC/LogPi_mean |            1.14 |
|                                 SAC/Q1_mean |            98.6 |
|                                 SAC/Q2_mean |            98.8 |
|                            Norm/actor_model |             183 |
|                           Norm/critic_model |             193 |
|              Norm/state_action_metric_model |            87.3 |
|                     Norm/state_metric_model |             106 |
|        Norm/state_action_state_metric_model |            92.3 |
|                  Metric/self_state_distance |        0.000112 |
|                 Metric/cross_state_distance |            1.24 |
|           Metric/self_state_action_distance |         0.00644 |
|          Metric/cross_state_action_distance |            1.41 |
|             Metric/avg_self_state_asymmetry |               0 |
|            Metric/avg_cross_state_asymmetry |          0.0158 |
|                Metric/avg_self_sa_asymmetry |               0 |
|               Metric/avg_cross_sa_asymmetry |          0.0251 |
|  Metric/self_state_action_to_state_distance |        0.000575 |
| Metric/cross_state_action_to_state_distance |            1.39 |
|                   Metric/h_lambda_diff_self |         0.00597 |
|                  Metric/h_lambda_diff_cross |          0.0272 |
|                                 Eval/Return |             964 |
-----------------------------------------------------------------
-----------------------------------------------------------------
|                                 Train/Steps |        2.95e+06 |
|                            Loss/Loss_critic |          0.0464 |
|                             Loss/Loss_actor |           -99.2 |
|                             Loss/Loss_alpha |        -0.00045 |
|               Loss/Loss_state_action_metric |            0.56 |
|                      Loss/Loss_state_metric |           0.158 |
|             Loss/Loss_state_action_to_state |         0.00194 |
|                           Loss/Act_rep_loss |          0.0225 |
|                                   SAC/Alpha |         0.00612 |
|                              SAC/LogPi_mean |            1.07 |
|                                 SAC/Q1_mean |            99.3 |
|                                 SAC/Q2_mean |            99.2 |
|                            Norm/actor_model |             186 |
|                           Norm/critic_model |             196 |
|              Norm/state_action_metric_model |            88.8 |
|                     Norm/state_metric_model |             109 |
|        Norm/state_action_state_metric_model |            94.4 |
|                  Metric/self_state_distance |         0.00261 |
|                 Metric/cross_state_distance |            1.18 |
|           Metric/self_state_action_distance |          0.0047 |
|          Metric/cross_state_action_distance |            1.27 |
|             Metric/avg_self_state_asymmetry |               0 |
|            Metric/avg_cross_state_asymmetry |          0.0141 |
|                Metric/avg_self_sa_asymmetry |               0 |
|               Metric/avg_cross_sa_asymmetry |           0.029 |
|  Metric/self_state_action_to_state_distance |        0.000491 |
| Metric/cross_state_action_to_state_distance |            1.29 |
|                   Metric/h_lambda_diff_self |         0.00431 |
|                  Metric/h_lambda_diff_cross |          0.0304 |
|                                 Eval/Return |             978 |
-----------------------------------------------------------------
-----------------------------------------------------------------
|                                 Train/Steps |        3.08e+06 |
|                            Loss/Loss_critic |          0.0887 |
|                             Loss/Loss_actor |           -98.8 |
|                             Loss/Loss_alpha |        0.000278 |
|               Loss/Loss_state_action_metric |            0.89 |
|                      Loss/Loss_state_metric |           0.178 |
|             Loss/Loss_state_action_to_state |         0.00229 |
|                           Loss/Act_rep_loss |          0.0141 |
|                                   SAC/Alpha |         0.00508 |
|                              SAC/LogPi_mean |           0.863 |
|                                 SAC/Q1_mean |            98.8 |
|                                 SAC/Q2_mean |            98.7 |
|                            Norm/actor_model |             189 |
|                           Norm/critic_model |             199 |
|              Norm/state_action_metric_model |            90.2 |
|                     Norm/state_metric_model |             111 |
|        Norm/state_action_state_metric_model |            96.4 |
|                  Metric/self_state_distance |         0.00426 |
|                 Metric/cross_state_distance |            1.21 |
|           Metric/self_state_action_distance |        0.000124 |
|          Metric/cross_state_action_distance |            1.34 |
|             Metric/avg_self_state_asymmetry |               0 |
|            Metric/avg_cross_state_asymmetry |          0.0136 |
|                Metric/avg_self_sa_asymmetry |               0 |
|               Metric/avg_cross_sa_asymmetry |          0.0258 |
|  Metric/self_state_action_to_state_distance |        9.49e-05 |
| Metric/cross_state_action_to_state_distance |            1.32 |
|                   Metric/h_lambda_diff_self |        0.000133 |
|                  Metric/h_lambda_diff_cross |          0.0307 |
|                                 Eval/Return |             974 |
-----------------------------------------------------------------
[32mSaving model …[0m
[32mDone.[0m
[32mSaving model …[0m
[32mDone.[0m
-----------------------------------------------------------------
|                                 Train/Steps |        3.21e+06 |
|                            Loss/Loss_critic |          0.0803 |
|                             Loss/Loss_actor |           -98.9 |
|                             Loss/Loss_alpha |       -0.000497 |
|               Loss/Loss_state_action_metric |           0.482 |
|                      Loss/Loss_state_metric |           0.163 |
|             Loss/Loss_state_action_to_state |         0.00102 |
|                           Loss/Act_rep_loss |          0.0315 |
|                                   SAC/Alpha |          0.0041 |
|                              SAC/LogPi_mean |            1.07 |
|                                 SAC/Q1_mean |            98.9 |
|                                 SAC/Q2_mean |            98.8 |
|                            Norm/actor_model |             192 |
|                           Norm/critic_model |             202 |
|              Norm/state_action_metric_model |            91.7 |
|                     Norm/state_metric_model |             114 |
|        Norm/state_action_state_metric_model |            98.5 |
|                  Metric/self_state_distance |         0.00239 |
|                 Metric/cross_state_distance |            1.18 |
|           Metric/self_state_action_distance |          0.0036 |
|          Metric/cross_state_action_distance |            1.31 |
|             Metric/avg_self_state_asymmetry |               0 |
|            Metric/avg_cross_state_asymmetry |          0.0147 |
|                Metric/avg_self_sa_asymmetry |               0 |
|               Metric/avg_cross_sa_asymmetry |          0.0306 |
|  Metric/self_state_action_to_state_distance |        0.000329 |
| Metric/cross_state_action_to_state_distance |            1.32 |
|                   Metric/h_lambda_diff_self |         0.00337 |
|                  Metric/h_lambda_diff_cross |          0.0282 |
|                                 Eval/Return |             965 |
-----------------------------------------------------------------
-----------------------------------------------------------------
|                                 Train/Steps |        3.34e+06 |
|                            Loss/Loss_critic |           0.097 |
|                             Loss/Loss_actor |           -99.2 |
|                             Loss/Loss_alpha |       -9.47e-05 |
|               Loss/Loss_state_action_metric |           0.631 |
|                      Loss/Loss_state_metric |           0.124 |
|             Loss/Loss_state_action_to_state |         0.00259 |
|                           Loss/Act_rep_loss |         0.00601 |
|                                   SAC/Alpha |         0.00474 |
|                              SAC/LogPi_mean |            1.03 |
|                                 SAC/Q1_mean |            99.2 |
|                                 SAC/Q2_mean |            99.3 |
|                            Norm/actor_model |             194 |
|                           Norm/critic_model |             205 |
|              Norm/state_action_metric_model |            93.4 |
|                     Norm/state_metric_model |             117 |
|        Norm/state_action_state_metric_model |             101 |
|                  Metric/self_state_distance |         0.00132 |
|                 Metric/cross_state_distance |            1.15 |
|           Metric/self_state_action_distance |         0.00542 |
|          Metric/cross_state_action_distance |             1.3 |
|             Metric/avg_self_state_asymmetry |               0 |
|            Metric/avg_cross_state_asymmetry |          0.0173 |
|                Metric/avg_self_sa_asymmetry |               0 |
|               Metric/avg_cross_sa_asymmetry |           0.032 |
|  Metric/self_state_action_to_state_distance |        0.000351 |
| Metric/cross_state_action_to_state_distance |            1.29 |
|                   Metric/h_lambda_diff_self |         0.00536 |
|                  Metric/h_lambda_diff_cross |          0.0308 |
|                                 Eval/Return |             971 |
-----------------------------------------------------------------
-----------------------------------------------------------------
|                                 Train/Steps |        3.46e+06 |
|                            Loss/Loss_critic |          0.0736 |
|                             Loss/Loss_actor |           -99.2 |
|                             Loss/Loss_alpha |        0.000367 |
|               Loss/Loss_state_action_metric |           0.393 |
|                      Loss/Loss_state_metric |          0.0935 |
|             Loss/Loss_state_action_to_state |           0.002 |
|                           Loss/Act_rep_loss |          0.0273 |
|                                   SAC/Alpha |          0.0041 |
|                              SAC/LogPi_mean |           0.888 |
|                                 SAC/Q1_mean |            99.3 |
|                                 SAC/Q2_mean |            99.2 |
|                            Norm/actor_model |             197 |
|                           Norm/critic_model |             208 |
|              Norm/state_action_metric_model |              95 |
|                     Norm/state_metric_model |             119 |
|        Norm/state_action_state_metric_model |             103 |
|                  Metric/self_state_distance |        0.000522 |
|                 Metric/cross_state_distance |            1.12 |
|           Metric/self_state_action_distance |         0.00746 |
|          Metric/cross_state_action_distance |            1.19 |
|             Metric/avg_self_state_asymmetry |               0 |
|            Metric/avg_cross_state_asymmetry |          0.0123 |
|                Metric/avg_self_sa_asymmetry |               0 |
|               Metric/avg_cross_sa_asymmetry |          0.0245 |
|  Metric/self_state_action_to_state_distance |        0.000264 |
| Metric/cross_state_action_to_state_distance |            1.19 |
|                   Metric/h_lambda_diff_self |         0.00721 |
|                  Metric/h_lambda_diff_cross |          0.0227 |
|                                 Eval/Return |             976 |
-----------------------------------------------------------------
-----------------------------------------------------------------
|                                 Train/Steps |        3.59e+06 |
|                            Loss/Loss_critic |          0.0897 |
|                             Loss/Loss_actor |           -99.2 |
|                             Loss/Loss_alpha |        0.000524 |
|               Loss/Loss_state_action_metric |           0.436 |
|                      Loss/Loss_state_metric |           0.138 |
|             Loss/Loss_state_action_to_state |         0.00106 |
|                           Loss/Act_rep_loss |          0.0141 |
|                                   SAC/Alpha |         0.00457 |
|                              SAC/LogPi_mean |           0.955 |
|                                 SAC/Q1_mean |            99.2 |
|                                 SAC/Q2_mean |            99.2 |
|                            Norm/actor_model |             200 |
|                           Norm/critic_model |             210 |
|              Norm/state_action_metric_model |            96.6 |
|                     Norm/state_metric_model |             122 |
|        Norm/state_action_state_metric_model |             105 |
|                  Metric/self_state_distance |        7.57e-05 |
|                 Metric/cross_state_distance |            1.15 |
|           Metric/self_state_action_distance |         0.00358 |
|          Metric/cross_state_action_distance |            1.26 |
|             Metric/avg_self_state_asymmetry |               0 |
|            Metric/avg_cross_state_asymmetry |          0.0146 |
|                Metric/avg_self_sa_asymmetry |               0 |
|               Metric/avg_cross_sa_asymmetry |          0.0244 |
|  Metric/self_state_action_to_state_distance |        0.000633 |
| Metric/cross_state_action_to_state_distance |            1.27 |
|                   Metric/h_lambda_diff_self |         0.00316 |
|                  Metric/h_lambda_diff_cross |          0.0298 |
|                                 Eval/Return |             980 |
-----------------------------------------------------------------
-----------------------------------------------------------------
|                                 Train/Steps |        3.72e+06 |
|                            Loss/Loss_critic |          0.0633 |
|                             Loss/Loss_actor |           -99.2 |
|                             Loss/Loss_alpha |        0.000797 |
|               Loss/Loss_state_action_metric |           0.301 |
|                      Loss/Loss_state_metric |           0.119 |
|             Loss/Loss_state_action_to_state |         0.00159 |
|                           Loss/Act_rep_loss |          0.0159 |
|                                   SAC/Alpha |         0.00484 |
|                              SAC/LogPi_mean |           0.833 |
|                                 SAC/Q1_mean |            99.4 |
|                                 SAC/Q2_mean |            99.2 |
|                            Norm/actor_model |             203 |
|                           Norm/critic_model |             213 |
|              Norm/state_action_metric_model |            98.2 |
|                     Norm/state_metric_model |             124 |
|        Norm/state_action_state_metric_model |             107 |
|                  Metric/self_state_distance |        2.15e-05 |
|                 Metric/cross_state_distance |            1.14 |
|           Metric/self_state_action_distance |         0.00236 |
|          Metric/cross_state_action_distance |            1.21 |
|             Metric/avg_self_state_asymmetry |               0 |
|            Metric/avg_cross_state_asymmetry |          0.0154 |
|                Metric/avg_self_sa_asymmetry |               0 |
|               Metric/avg_cross_sa_asymmetry |          0.0257 |
|  Metric/self_state_action_to_state_distance |        6.71e-05 |
| Metric/cross_state_action_to_state_distance |            1.24 |
|                   Metric/h_lambda_diff_self |         0.00229 |
|                  Metric/h_lambda_diff_cross |          0.0356 |
|                                 Eval/Return |             972 |
-----------------------------------------------------------------
-----------------------------------------------------------------
|                                 Train/Steps |        3.85e+06 |
|                            Loss/Loss_critic |           0.109 |
|                             Loss/Loss_actor |           -99.2 |
|                             Loss/Loss_alpha |       -0.000457 |
|               Loss/Loss_state_action_metric |           0.378 |
|                      Loss/Loss_state_metric |           0.139 |
|             Loss/Loss_state_action_to_state |         0.00163 |
|                           Loss/Act_rep_loss |          0.0256 |
|                                   SAC/Alpha |         0.00554 |
|                              SAC/LogPi_mean |            1.14 |
|                                 SAC/Q1_mean |            99.3 |
|                                 SAC/Q2_mean |            99.3 |
|                            Norm/actor_model |             206 |
|                           Norm/critic_model |             216 |
|              Norm/state_action_metric_model |            99.7 |
|                     Norm/state_metric_model |             127 |
|        Norm/state_action_state_metric_model |             109 |
|                  Metric/self_state_distance |        0.000741 |
|                 Metric/cross_state_distance |            1.16 |
|           Metric/self_state_action_distance |         0.00109 |
|          Metric/cross_state_action_distance |            1.26 |
|             Metric/avg_self_state_asymmetry |               0 |
|            Metric/avg_cross_state_asymmetry |          0.0141 |
|                Metric/avg_self_sa_asymmetry |               0 |
|               Metric/avg_cross_sa_asymmetry |          0.0252 |
|  Metric/self_state_action_to_state_distance |        0.000163 |
| Metric/cross_state_action_to_state_distance |            1.27 |
|                   Metric/h_lambda_diff_self |          0.0011 |
|                  Metric/h_lambda_diff_cross |          0.0353 |
|                                 Eval/Return |             972 |
-----------------------------------------------------------------
-----------------------------------------------------------------
|                                 Train/Steps |        3.98e+06 |
|                            Loss/Loss_critic |          0.0397 |
|                             Loss/Loss_actor |           -99.6 |
|                             Loss/Loss_alpha |        -0.00108 |
|               Loss/Loss_state_action_metric |           0.522 |
|                      Loss/Loss_state_metric |          0.0773 |
|             Loss/Loss_state_action_to_state |           0.003 |
|                           Loss/Act_rep_loss |         0.00477 |
|                                   SAC/Alpha |         0.00535 |
|                              SAC/LogPi_mean |            1.26 |
|                                 SAC/Q1_mean |            99.6 |
|                                 SAC/Q2_mean |            99.7 |
|                            Norm/actor_model |             208 |
|                           Norm/critic_model |             219 |
|              Norm/state_action_metric_model |             101 |
|                     Norm/state_metric_model |             129 |
|        Norm/state_action_state_metric_model |             110 |
|                  Metric/self_state_distance |        0.000866 |
|                 Metric/cross_state_distance |             1.1 |
|           Metric/self_state_action_distance |         0.00114 |
|          Metric/cross_state_action_distance |             1.2 |
|             Metric/avg_self_state_asymmetry |               0 |
|            Metric/avg_cross_state_asymmetry |          0.0127 |
|                Metric/avg_self_sa_asymmetry |               0 |
|               Metric/avg_cross_sa_asymmetry |          0.0257 |
|  Metric/self_state_action_to_state_distance |        0.000234 |
| Metric/cross_state_action_to_state_distance |            1.17 |
|                   Metric/h_lambda_diff_self |         0.00114 |
|                  Metric/h_lambda_diff_cross |          0.0349 |
|                                 Eval/Return |             975 |
-----------------------------------------------------------------
-----------------------------------------------------------------
|                                 Train/Steps |         4.1e+06 |
|                            Loss/Loss_critic |          0.0329 |
|                             Loss/Loss_actor |           -99.5 |
|                             Loss/Loss_alpha |        0.000478 |
|               Loss/Loss_state_action_metric |           0.329 |
|                      Loss/Loss_state_metric |          0.0604 |
|             Loss/Loss_state_action_to_state |         0.00216 |
|                           Loss/Act_rep_loss |         0.00603 |
|                                   SAC/Alpha |         0.00298 |
|                              SAC/LogPi_mean |           0.832 |
|                                 SAC/Q1_mean |            99.5 |
|                                 SAC/Q2_mean |            99.5 |
|                            Norm/actor_model |             210 |
|                           Norm/critic_model |             221 |
|              Norm/state_action_metric_model |             102 |
|                     Norm/state_metric_model |             131 |
|        Norm/state_action_state_metric_model |             112 |
|                  Metric/self_state_distance |        0.000867 |
|                 Metric/cross_state_distance |            1.07 |
|           Metric/self_state_action_distance |         0.00563 |
|          Metric/cross_state_action_distance |            1.14 |
|             Metric/avg_self_state_asymmetry |               0 |
|            Metric/avg_cross_state_asymmetry |          0.0121 |
|                Metric/avg_self_sa_asymmetry |               0 |
|               Metric/avg_cross_sa_asymmetry |          0.0217 |
|  Metric/self_state_action_to_state_distance |        0.000901 |
| Metric/cross_state_action_to_state_distance |            1.11 |
|                   Metric/h_lambda_diff_self |         0.00524 |
|                  Metric/h_lambda_diff_cross |          0.0333 |
|                                 Eval/Return |             950 |
-----------------------------------------------------------------
[32mSaving model …[0m
[32mDone.[0m
[32mSaving model …[0m
[32mDone.[0m
-----------------------------------------------------------------
|                                 Train/Steps |        4.23e+06 |
|                            Loss/Loss_critic |          0.0313 |
|                             Loss/Loss_actor |           -99.3 |
|                             Loss/Loss_alpha |       -0.000729 |
|               Loss/Loss_state_action_metric |           0.722 |
|                      Loss/Loss_state_metric |           0.142 |
|             Loss/Loss_state_action_to_state |         0.00133 |
|                           Loss/Act_rep_loss |         0.00725 |
|                                   SAC/Alpha |         0.00266 |
|                              SAC/LogPi_mean |            1.21 |
|                                 SAC/Q1_mean |            99.4 |
|                                 SAC/Q2_mean |            99.4 |
|                            Norm/actor_model |             212 |
|                           Norm/critic_model |             223 |
|              Norm/state_action_metric_model |             104 |
|                     Norm/state_metric_model |             133 |
|        Norm/state_action_state_metric_model |             114 |
|                  Metric/self_state_distance |        0.000422 |
|                 Metric/cross_state_distance |            1.16 |
|           Metric/self_state_action_distance |         0.00268 |
|          Metric/cross_state_action_distance |            1.26 |
|             Metric/avg_self_state_asymmetry |               0 |
|            Metric/avg_cross_state_asymmetry |          0.0117 |
|                Metric/avg_self_sa_asymmetry |               0 |
|               Metric/avg_cross_sa_asymmetry |          0.0211 |
|  Metric/self_state_action_to_state_distance |        7.34e-05 |
| Metric/cross_state_action_to_state_distance |            1.24 |
|                   Metric/h_lambda_diff_self |          0.0026 |
|                  Metric/h_lambda_diff_cross |          0.0281 |
|                                 Eval/Return |             943 |
-----------------------------------------------------------------
-----------------------------------------------------------------
|                                 Train/Steps |        4.36e+06 |
|                            Loss/Loss_critic |          0.0232 |
|                             Loss/Loss_actor |           -99.5 |
|                             Loss/Loss_alpha |       -0.000436 |
|               Loss/Loss_state_action_metric |           0.455 |
|                      Loss/Loss_state_metric |            0.11 |
|             Loss/Loss_state_action_to_state |         0.00162 |
|                           Loss/Act_rep_loss |         0.00931 |
|                                   SAC/Alpha |         0.00245 |
|                              SAC/LogPi_mean |            1.05 |
|                                 SAC/Q1_mean |            99.5 |
|                                 SAC/Q2_mean |            99.6 |
|                            Norm/actor_model |             214 |
|                           Norm/critic_model |             225 |
|              Norm/state_action_metric_model |             105 |
|                     Norm/state_metric_model |             135 |
|        Norm/state_action_state_metric_model |             116 |
|                  Metric/self_state_distance |        0.000374 |
|                 Metric/cross_state_distance |            1.14 |
|           Metric/self_state_action_distance |         0.00386 |
|          Metric/cross_state_action_distance |            1.23 |
|             Metric/avg_self_state_asymmetry |               0 |
|            Metric/avg_cross_state_asymmetry |          0.0155 |
|                Metric/avg_self_sa_asymmetry |               0 |
|               Metric/avg_cross_sa_asymmetry |          0.0225 |
|  Metric/self_state_action_to_state_distance |        0.000317 |
| Metric/cross_state_action_to_state_distance |            1.23 |
|                   Metric/h_lambda_diff_self |         0.00374 |
|                  Metric/h_lambda_diff_cross |          0.0254 |
|                                 Eval/Return |             956 |
-----------------------------------------------------------------
-----------------------------------------------------------------
|                                 Train/Steps |        4.49e+06 |
|                            Loss/Loss_critic |          0.0277 |
|                             Loss/Loss_actor |           -99.6 |
|                             Loss/Loss_alpha |       -3.08e-05 |
|               Loss/Loss_state_action_metric |           0.303 |
|                      Loss/Loss_state_metric |          0.0515 |
|             Loss/Loss_state_action_to_state |        0.000902 |
|                           Loss/Act_rep_loss |          0.0165 |
|                                   SAC/Alpha |         0.00269 |
|                              SAC/LogPi_mean |           0.993 |
|                                 SAC/Q1_mean |            99.6 |
|                                 SAC/Q2_mean |            99.8 |
|                            Norm/actor_model |             216 |
|                           Norm/critic_model |             227 |
|              Norm/state_action_metric_model |             106 |
|                     Norm/state_metric_model |             137 |
|        Norm/state_action_state_metric_model |             117 |
|                  Metric/self_state_distance |        0.000432 |
|                 Metric/cross_state_distance |            1.06 |
|           Metric/self_state_action_distance |         0.00592 |
|          Metric/cross_state_action_distance |            1.11 |
|             Metric/avg_self_state_asymmetry |               0 |
|            Metric/avg_cross_state_asymmetry |          0.0111 |
|                Metric/avg_self_sa_asymmetry |               0 |
|               Metric/avg_cross_sa_asymmetry |          0.0164 |
|  Metric/self_state_action_to_state_distance |        0.000815 |
| Metric/cross_state_action_to_state_distance |             1.1 |
|                   Metric/h_lambda_diff_self |         0.00548 |
|                  Metric/h_lambda_diff_cross |            0.02 |
|                                 Eval/Return |             973 |
-----------------------------------------------------------------
-----------------------------------------------------------------
|                                 Train/Steps |        4.62e+06 |
|                            Loss/Loss_critic |         0.00873 |
|                             Loss/Loss_actor |           -99.7 |
|                             Loss/Loss_alpha |        0.000164 |
|               Loss/Loss_state_action_metric |           0.171 |
|                      Loss/Loss_state_metric |          0.0461 |
|             Loss/Loss_state_action_to_state |        0.000807 |
|                           Loss/Act_rep_loss |         0.00882 |
|                                   SAC/Alpha |         0.00211 |
|                              SAC/LogPi_mean |           0.867 |
|                                 SAC/Q1_mean |            99.8 |
|                                 SAC/Q2_mean |            99.7 |
|                            Norm/actor_model |             218 |
|                           Norm/critic_model |             229 |
|              Norm/state_action_metric_model |             108 |
|                     Norm/state_metric_model |             139 |
|        Norm/state_action_state_metric_model |             119 |
|                  Metric/self_state_distance |        0.000296 |
|                 Metric/cross_state_distance |            1.05 |
|           Metric/self_state_action_distance |         0.00518 |
|          Metric/cross_state_action_distance |            1.08 |
|             Metric/avg_self_state_asymmetry |               0 |
|            Metric/avg_cross_state_asymmetry |          0.0103 |
|                Metric/avg_self_sa_asymmetry |               0 |
|               Metric/avg_cross_sa_asymmetry |          0.0191 |
|  Metric/self_state_action_to_state_distance |        2.59e-06 |
| Metric/cross_state_action_to_state_distance |            1.08 |
|                   Metric/h_lambda_diff_self |         0.00518 |
|                  Metric/h_lambda_diff_cross |          0.0175 |
|                                 Eval/Return |             964 |
-----------------------------------------------------------------
-----------------------------------------------------------------
|                                 Train/Steps |        4.74e+06 |
|                            Loss/Loss_critic |          0.0519 |
|                             Loss/Loss_actor |           -99.3 |
|                             Loss/Loss_alpha |       -0.000313 |
|               Loss/Loss_state_action_metric |           0.219 |
|                      Loss/Loss_state_metric |           0.107 |
|             Loss/Loss_state_action_to_state |         0.00169 |
|                           Loss/Act_rep_loss |         0.00567 |
|                                   SAC/Alpha |         0.00224 |
|                              SAC/LogPi_mean |            1.13 |
|                                 SAC/Q1_mean |            99.6 |
|                                 SAC/Q2_mean |            99.3 |
|                            Norm/actor_model |             220 |
|                           Norm/critic_model |             231 |
|              Norm/state_action_metric_model |             109 |
|                     Norm/state_metric_model |             141 |
|        Norm/state_action_state_metric_model |             121 |
|                  Metric/self_state_distance |        0.000469 |
|                 Metric/cross_state_distance |            1.12 |
|           Metric/self_state_action_distance |        0.000515 |
|          Metric/cross_state_action_distance |             1.2 |
|             Metric/avg_self_state_asymmetry |               0 |
|            Metric/avg_cross_state_asymmetry |           0.011 |
|                Metric/avg_self_sa_asymmetry |               0 |
|               Metric/avg_cross_sa_asymmetry |          0.0201 |
|  Metric/self_state_action_to_state_distance |        0.000567 |
| Metric/cross_state_action_to_state_distance |            1.19 |
|                   Metric/h_lambda_diff_self |        0.000809 |
|                  Metric/h_lambda_diff_cross |          0.0189 |
|                                 Eval/Return |             959 |
-----------------------------------------------------------------
-----------------------------------------------------------------
|                                 Train/Steps |        4.87e+06 |
|                            Loss/Loss_critic |          0.0312 |
|                             Loss/Loss_actor |           -99.5 |
|                             Loss/Loss_alpha |       -0.000118 |
|               Loss/Loss_state_action_metric |           0.224 |
|                      Loss/Loss_state_metric |          0.0831 |
|             Loss/Loss_state_action_to_state |         0.00183 |
|                           Loss/Act_rep_loss |          0.0122 |
|                                   SAC/Alpha |         0.00267 |
|                              SAC/LogPi_mean |            1.04 |
|                                 SAC/Q1_mean |            99.6 |
|                                 SAC/Q2_mean |            99.5 |
|                            Norm/actor_model |             222 |
|                           Norm/critic_model |             233 |
|              Norm/state_action_metric_model |             110 |
|                     Norm/state_metric_model |             143 |
|        Norm/state_action_state_metric_model |             122 |
|                  Metric/self_state_distance |        1.99e-05 |
|                 Metric/cross_state_distance |            1.09 |
|           Metric/self_state_action_distance |         0.00269 |
|          Metric/cross_state_action_distance |            1.13 |
|             Metric/avg_self_state_asymmetry |               0 |
|            Metric/avg_cross_state_asymmetry |          0.0128 |
|                Metric/avg_self_sa_asymmetry |               0 |
|               Metric/avg_cross_sa_asymmetry |          0.0169 |
|  Metric/self_state_action_to_state_distance |        5.27e-05 |
| Metric/cross_state_action_to_state_distance |            1.13 |
|                   Metric/h_lambda_diff_self |         0.00265 |
|                  Metric/h_lambda_diff_cross |          0.0205 |
|                                 Eval/Return |             935 |
-----------------------------------------------------------------
-----------------------------------------------------------------
|                                 Train/Steps |           5e+06 |
|                            Loss/Loss_critic |          0.0162 |
|                             Loss/Loss_actor |           -99.6 |
|                             Loss/Loss_alpha |        3.74e-05 |
|               Loss/Loss_state_action_metric |           0.461 |
|                      Loss/Loss_state_metric |          0.0676 |
|             Loss/Loss_state_action_to_state |         0.00113 |
|                           Loss/Act_rep_loss |          0.0162 |
|                                   SAC/Alpha |           0.002 |
|                              SAC/LogPi_mean |           0.928 |
|                                 SAC/Q1_mean |            99.6 |
|                                 SAC/Q2_mean |            99.6 |
|                            Norm/actor_model |             223 |
|                           Norm/critic_model |             235 |
|              Norm/state_action_metric_model |             111 |
|                     Norm/state_metric_model |             145 |
|        Norm/state_action_state_metric_model |             124 |
|                  Metric/self_state_distance |        0.000229 |
|                 Metric/cross_state_distance |            1.07 |
|           Metric/self_state_action_distance |         0.00202 |
|          Metric/cross_state_action_distance |            1.12 |
|             Metric/avg_self_state_asymmetry |               0 |
|            Metric/avg_cross_state_asymmetry |          0.0108 |
|                Metric/avg_self_sa_asymmetry |               0 |
|               Metric/avg_cross_sa_asymmetry |          0.0184 |
|  Metric/self_state_action_to_state_distance |         0.00108 |
| Metric/cross_state_action_to_state_distance |            1.13 |
|                   Metric/h_lambda_diff_self |         0.00237 |
|                  Metric/h_lambda_diff_cross |          0.0192 |
|                                 Eval/Return |             961 |
-----------------------------------------------------------------
[32mSaving model …[0m
[32mDone.[0m
[32mSaving model …[0m
[32mDone.[0m
