E0902 09:02:33.929413 1218050 cuda_executor.cc:1526] Could not get kernel mode driver version: (INVALID_ARGUMENT: Version does not match the format X.Y.Z)
E0902 09:02:33.938072 1217941 cuda_executor.cc:1526] Could not get kernel mode driver version: (INVALID_ARGUMENT: Version does not match the format X.Y.Z)
[32m[harness] num_envs=128 total_env_steps=5000000 batch=512 train_per_step=8 UTD=0.0625 seed=8192 transitions log_every=128000 transitions normalize_obs=True[0m
[32m[algorithm] lr=0.001 tau=0.005 nstep=3 update_every=2 stddev=linear(1.0,0.1,500000) origin=8192 bootstrap_on_truncation=True matching_dims=True[0m
[32mStart prefilling replay buffer[0m
[32mStart DHPG training[0m
------------------------------------------------
|                Train/Steps |        1.36e+05 |
|           Loss/Loss_critic |          0.0218 |
|  Loss/Loss_abstract_critic |          0.0597 |
| Loss/Loss_lax_bisimulation |          0.0826 |
|       Loss/Loss_transition |           0.664 |
|           Loss/Loss_reward |         0.00201 |
|            Loss/Loss_actor |           -9.88 |
|         DHPG/Q_actual_mean |            3.72 |
|       DHPG/Q_abstract_mean |            5.67 |
|     DHPG/Value_equivalence |            2.45 |
|           Norm/actor_model |            34.2 |
|          Norm/critic_model |            34.8 |
| Norm/abstract_critic_model |            23.3 |
|   Norm/state_encoder_model |              52 |
|  Norm/action_encoder_model |            34.5 |
|                Eval/Return |            73.8 |
------------------------------------------------
------------------------------------------------
|                Train/Steps |        2.64e+05 |
|           Loss/Loss_critic |          0.0839 |
|  Loss/Loss_abstract_critic |           0.256 |
| Loss/Loss_lax_bisimulation |           0.134 |
|       Loss/Loss_transition |           0.655 |
|           Loss/Loss_reward |         0.00211 |
|            Loss/Loss_actor |           -12.5 |
|         DHPG/Q_actual_mean |            6.09 |
|       DHPG/Q_abstract_mean |            6.14 |
|     DHPG/Value_equivalence |            1.03 |
|           Norm/actor_model |            48.6 |
|          Norm/critic_model |              49 |
| Norm/abstract_critic_model |            29.7 |
|   Norm/state_encoder_model |              64 |
|  Norm/action_encoder_model |            45.7 |
|                Eval/Return |            85.5 |
------------------------------------------------
------------------------------------------------
|                Train/Steps |        3.92e+05 |
|           Loss/Loss_critic |            0.11 |
|  Loss/Loss_abstract_critic |             0.4 |
| Loss/Loss_lax_bisimulation |          0.0465 |
|       Loss/Loss_transition |           0.597 |
|           Loss/Loss_reward |         0.00136 |
|            Loss/Loss_actor |           -14.8 |
|         DHPG/Q_actual_mean |            8.27 |
|       DHPG/Q_abstract_mean |            6.82 |
|     DHPG/Value_equivalence |            1.92 |
|           Norm/actor_model |            58.9 |
|          Norm/critic_model |            59.4 |
| Norm/abstract_critic_model |            35.3 |
|   Norm/state_encoder_model |            73.6 |
|  Norm/action_encoder_model |              53 |
|                Eval/Return |            93.1 |
------------------------------------------------
------------------------------------------------
|                Train/Steps |         5.2e+05 |
|           Loss/Loss_critic |           0.141 |
|  Loss/Loss_abstract_critic |           0.153 |
| Loss/Loss_lax_bisimulation |          0.0383 |
|       Loss/Loss_transition |           0.604 |
|           Loss/Loss_reward |         0.00152 |
|            Loss/Loss_actor |           -15.5 |
|         DHPG/Q_actual_mean |             9.6 |
|       DHPG/Q_abstract_mean |            7.42 |
|     DHPG/Value_equivalence |            2.41 |
|           Norm/actor_model |            66.5 |
|          Norm/critic_model |            67.4 |
| Norm/abstract_critic_model |            39.8 |
|   Norm/state_encoder_model |            80.8 |
|  Norm/action_encoder_model |            59.5 |
|                Eval/Return |             119 |
------------------------------------------------
------------------------------------------------
|                Train/Steps |        6.48e+05 |
|           Loss/Loss_critic |           0.117 |
|  Loss/Loss_abstract_critic |           0.456 |
| Loss/Loss_lax_bisimulation |           0.118 |
|       Loss/Loss_transition |           0.664 |
|           Loss/Loss_reward |         0.00209 |
|            Loss/Loss_actor |           -19.8 |
|         DHPG/Q_actual_mean |              11 |
|       DHPG/Q_abstract_mean |            8.77 |
|     DHPG/Value_equivalence |            2.42 |
|           Norm/actor_model |            72.5 |
|          Norm/critic_model |            74.1 |
| Norm/abstract_critic_model |            43.1 |
|   Norm/state_encoder_model |            87.3 |
|  Norm/action_encoder_model |            65.3 |
|                Eval/Return |             104 |
------------------------------------------------
------------------------------------------------
|                Train/Steps |        7.76e+05 |
|           Loss/Loss_critic |           0.143 |
|  Loss/Loss_abstract_critic |           0.809 |
| Loss/Loss_lax_bisimulation |          0.0335 |
|       Loss/Loss_transition |           0.697 |
|           Loss/Loss_reward |         0.00209 |
|            Loss/Loss_actor |           -22.4 |
|         DHPG/Q_actual_mean |            11.8 |
|       DHPG/Q_abstract_mean |            9.35 |
|     DHPG/Value_equivalence |            2.57 |
|           Norm/actor_model |            77.6 |
|          Norm/critic_model |            80.2 |
| Norm/abstract_critic_model |            46.4 |
|   Norm/state_encoder_model |            93.1 |
|  Norm/action_encoder_model |            70.5 |
|                Eval/Return |             110 |
------------------------------------------------
------------------------------------------------
|                Train/Steps |        9.04e+05 |
|           Loss/Loss_critic |           0.159 |
|  Loss/Loss_abstract_critic |           0.504 |
| Loss/Loss_lax_bisimulation |          0.0519 |
|       Loss/Loss_transition |           0.704 |
|           Loss/Loss_reward |         0.00116 |
|            Loss/Loss_actor |           -23.7 |
|         DHPG/Q_actual_mean |              13 |
|       DHPG/Q_abstract_mean |            10.5 |
|     DHPG/Value_equivalence |             2.6 |
|           Norm/actor_model |            82.4 |
|          Norm/critic_model |            85.6 |
| Norm/abstract_critic_model |            49.1 |
|   Norm/state_encoder_model |            98.2 |
|  Norm/action_encoder_model |            75.4 |
|                Eval/Return |             179 |
------------------------------------------------
------------------------------------------------
|                Train/Steps |        1.03e+06 |
|           Loss/Loss_critic |            0.13 |
|  Loss/Loss_abstract_critic |           0.458 |
| Loss/Loss_lax_bisimulation |           0.106 |
|       Loss/Loss_transition |           0.715 |
|           Loss/Loss_reward |         0.00208 |
|            Loss/Loss_actor |             -30 |
|         DHPG/Q_actual_mean |              16 |
|       DHPG/Q_abstract_mean |              14 |
|     DHPG/Value_equivalence |            2.22 |
|           Norm/actor_model |            86.5 |
|          Norm/critic_model |            90.4 |
| Norm/abstract_critic_model |            52.2 |
|   Norm/state_encoder_model |             103 |
|  Norm/action_encoder_model |            80.2 |
|                Eval/Return |             318 |
------------------------------------------------
[32mSaving model …[0m
[32mDone.[0m
[32mSaving model …[0m
[32mDone.[0m
------------------------------------------------
|                Train/Steps |        1.16e+06 |
|           Loss/Loss_critic |           0.228 |
|  Loss/Loss_abstract_critic |           0.879 |
| Loss/Loss_lax_bisimulation |           0.102 |
|       Loss/Loss_transition |           0.814 |
|           Loss/Loss_reward |         0.00287 |
|            Loss/Loss_actor |           -34.8 |
|         DHPG/Q_actual_mean |            19.1 |
|       DHPG/Q_abstract_mean |            17.7 |
|     DHPG/Value_equivalence |            2.21 |
|           Norm/actor_model |            89.8 |
|          Norm/critic_model |            94.9 |
| Norm/abstract_critic_model |            55.1 |
|   Norm/state_encoder_model |             107 |
|  Norm/action_encoder_model |            84.8 |
|                Eval/Return |             334 |
------------------------------------------------
------------------------------------------------
|                Train/Steps |        1.29e+06 |
|           Loss/Loss_critic |           0.246 |
|  Loss/Loss_abstract_critic |           0.707 |
| Loss/Loss_lax_bisimulation |          0.0919 |
|       Loss/Loss_transition |           0.793 |
|           Loss/Loss_reward |         0.00295 |
|            Loss/Loss_actor |           -43.3 |
|         DHPG/Q_actual_mean |            21.2 |
|       DHPG/Q_abstract_mean |            18.2 |
|     DHPG/Value_equivalence |            3.47 |
|           Norm/actor_model |            92.8 |
|          Norm/critic_model |            98.8 |
| Norm/abstract_critic_model |            57.6 |
|   Norm/state_encoder_model |             112 |
|  Norm/action_encoder_model |            89.2 |
|                Eval/Return |             320 |
------------------------------------------------
------------------------------------------------
|                Train/Steps |        1.42e+06 |
|           Loss/Loss_critic |           0.196 |
|  Loss/Loss_abstract_critic |            3.69 |
| Loss/Loss_lax_bisimulation |           0.207 |
|       Loss/Loss_transition |            1.22 |
|           Loss/Loss_reward |         0.00667 |
|            Loss/Loss_actor |           -49.1 |
|         DHPG/Q_actual_mean |            26.4 |
|       DHPG/Q_abstract_mean |            22.2 |
|     DHPG/Value_equivalence |            4.63 |
|           Norm/actor_model |            95.8 |
|          Norm/critic_model |             102 |
| Norm/abstract_critic_model |            60.1 |
|   Norm/state_encoder_model |             116 |
|  Norm/action_encoder_model |            93.2 |
|                Eval/Return |             428 |
------------------------------------------------
------------------------------------------------
|                Train/Steps |        1.54e+06 |
|           Loss/Loss_critic |           0.186 |
|  Loss/Loss_abstract_critic |           0.658 |
| Loss/Loss_lax_bisimulation |           0.104 |
|       Loss/Loss_transition |            1.14 |
|           Loss/Loss_reward |         0.00199 |
|            Loss/Loss_actor |           -59.7 |
|         DHPG/Q_actual_mean |            28.4 |
|       DHPG/Q_abstract_mean |            25.9 |
|     DHPG/Value_equivalence |            3.15 |
|           Norm/actor_model |            98.6 |
|          Norm/critic_model |             106 |
| Norm/abstract_critic_model |            62.7 |
|   Norm/state_encoder_model |             120 |
|  Norm/action_encoder_model |            97.6 |
|                Eval/Return |             508 |
------------------------------------------------
------------------------------------------------
|                Train/Steps |        1.67e+06 |
|           Loss/Loss_critic |           0.186 |
|  Loss/Loss_abstract_critic |            1.11 |
| Loss/Loss_lax_bisimulation |           0.171 |
|       Loss/Loss_transition |            1.19 |
|           Loss/Loss_reward |         0.00291 |
|            Loss/Loss_actor |           -59.6 |
|         DHPG/Q_actual_mean |            28.8 |
|       DHPG/Q_abstract_mean |            25.7 |
|     DHPG/Value_equivalence |             3.6 |
|           Norm/actor_model |             101 |
|          Norm/critic_model |             109 |
| Norm/abstract_critic_model |            65.1 |
|   Norm/state_encoder_model |             125 |
|  Norm/action_encoder_model |             102 |
|                Eval/Return |             460 |
------------------------------------------------
------------------------------------------------
|                Train/Steps |         1.8e+06 |
|           Loss/Loss_critic |           0.222 |
|  Loss/Loss_abstract_critic |           0.946 |
| Loss/Loss_lax_bisimulation |           0.136 |
|       Loss/Loss_transition |            1.33 |
|           Loss/Loss_reward |         0.00369 |
|            Loss/Loss_actor |           -59.2 |
|         DHPG/Q_actual_mean |            33.2 |
|       DHPG/Q_abstract_mean |            31.3 |
|     DHPG/Value_equivalence |            2.91 |
|           Norm/actor_model |             104 |
|          Norm/critic_model |             112 |
| Norm/abstract_critic_model |            67.1 |
|   Norm/state_encoder_model |             130 |
|  Norm/action_encoder_model |             106 |
|                Eval/Return |             449 |
------------------------------------------------
------------------------------------------------
|                Train/Steps |        1.93e+06 |
|           Loss/Loss_critic |            0.36 |
|  Loss/Loss_abstract_critic |           0.771 |
| Loss/Loss_lax_bisimulation |          0.0842 |
|       Loss/Loss_transition |             1.5 |
|           Loss/Loss_reward |         0.00294 |
|            Loss/Loss_actor |           -70.7 |
|         DHPG/Q_actual_mean |            33.9 |
|       DHPG/Q_abstract_mean |            31.5 |
|     DHPG/Value_equivalence |            3.34 |
|           Norm/actor_model |             106 |
|          Norm/critic_model |             115 |
| Norm/abstract_critic_model |            68.8 |
|   Norm/state_encoder_model |             134 |
|  Norm/action_encoder_model |             110 |
|                Eval/Return |             481 |
------------------------------------------------
------------------------------------------------
|                Train/Steps |        2.06e+06 |
|           Loss/Loss_critic |           0.203 |
|  Loss/Loss_abstract_critic |           0.889 |
| Loss/Loss_lax_bisimulation |           0.171 |
|       Loss/Loss_transition |            1.43 |
|           Loss/Loss_reward |         0.00237 |
|            Loss/Loss_actor |           -72.8 |
|         DHPG/Q_actual_mean |            37.2 |
|       DHPG/Q_abstract_mean |            34.8 |
|     DHPG/Value_equivalence |            3.11 |
|           Norm/actor_model |             109 |
|          Norm/critic_model |             117 |
| Norm/abstract_critic_model |            70.4 |
|   Norm/state_encoder_model |             140 |
|  Norm/action_encoder_model |             114 |
|                Eval/Return |             422 |
------------------------------------------------
[32mSaving model …[0m
[32mDone.[0m
[32mSaving model …[0m
[32mDone.[0m
------------------------------------------------
|                Train/Steps |        2.18e+06 |
|           Loss/Loss_critic |           0.206 |
|  Loss/Loss_abstract_critic |            1.76 |
| Loss/Loss_lax_bisimulation |           0.108 |
|       Loss/Loss_transition |            2.27 |
|           Loss/Loss_reward |          0.0103 |
|            Loss/Loss_actor |           -70.8 |
|         DHPG/Q_actual_mean |            39.9 |
|       DHPG/Q_abstract_mean |            37.4 |
|     DHPG/Value_equivalence |            4.51 |
|           Norm/actor_model |             111 |
|          Norm/critic_model |             120 |
| Norm/abstract_critic_model |            72.1 |
|   Norm/state_encoder_model |             145 |
|  Norm/action_encoder_model |             117 |
|                Eval/Return |             461 |
------------------------------------------------
------------------------------------------------
|                Train/Steps |        2.31e+06 |
|           Loss/Loss_critic |           0.227 |
|  Loss/Loss_abstract_critic |            1.91 |
| Loss/Loss_lax_bisimulation |          0.0957 |
|       Loss/Loss_transition |            2.32 |
|           Loss/Loss_reward |         0.00767 |
|            Loss/Loss_actor |           -77.7 |
|         DHPG/Q_actual_mean |            41.4 |
|       DHPG/Q_abstract_mean |            37.5 |
|     DHPG/Value_equivalence |            4.89 |
|           Norm/actor_model |             113 |
|          Norm/critic_model |             122 |
| Norm/abstract_critic_model |            73.3 |
|   Norm/state_encoder_model |             146 |
|  Norm/action_encoder_model |             118 |
|                Eval/Return |             528 |
------------------------------------------------
------------------------------------------------
|                Train/Steps |        2.44e+06 |
|           Loss/Loss_critic |           0.252 |
|  Loss/Loss_abstract_critic |            1.56 |
| Loss/Loss_lax_bisimulation |           0.134 |
|       Loss/Loss_transition |            2.33 |
|           Loss/Loss_reward |          0.0102 |
|            Loss/Loss_actor |           -81.8 |
|         DHPG/Q_actual_mean |            43.3 |
|       DHPG/Q_abstract_mean |            40.2 |
|     DHPG/Value_equivalence |            4.43 |
|           Norm/actor_model |             115 |
|          Norm/critic_model |             124 |
| Norm/abstract_critic_model |            74.3 |
|   Norm/state_encoder_model |             149 |
|  Norm/action_encoder_model |             120 |
|                Eval/Return |             475 |
------------------------------------------------
------------------------------------------------
|                Train/Steps |        2.57e+06 |
|           Loss/Loss_critic |           0.196 |
|  Loss/Loss_abstract_critic |               1 |
| Loss/Loss_lax_bisimulation |           0.122 |
|       Loss/Loss_transition |            2.33 |
|           Loss/Loss_reward |         0.00479 |
|            Loss/Loss_actor |           -83.3 |
|         DHPG/Q_actual_mean |            42.5 |
|       DHPG/Q_abstract_mean |            36.5 |
|     DHPG/Value_equivalence |             6.3 |
|           Norm/actor_model |             117 |
|          Norm/critic_model |             127 |
| Norm/abstract_critic_model |            74.9 |
|   Norm/state_encoder_model |             151 |
|  Norm/action_encoder_model |             120 |
|                Eval/Return |             490 |
------------------------------------------------
------------------------------------------------
|                Train/Steps |         2.7e+06 |
|           Loss/Loss_critic |           0.144 |
|  Loss/Loss_abstract_critic |           0.628 |
| Loss/Loss_lax_bisimulation |           0.051 |
|       Loss/Loss_transition |            2.32 |
|           Loss/Loss_reward |         0.00586 |
|            Loss/Loss_actor |           -84.8 |
|         DHPG/Q_actual_mean |            44.5 |
|       DHPG/Q_abstract_mean |            36.6 |
|     DHPG/Value_equivalence |            7.88 |
|           Norm/actor_model |             120 |
|          Norm/critic_model |             129 |
| Norm/abstract_critic_model |            76.2 |
|   Norm/state_encoder_model |             153 |
|  Norm/action_encoder_model |             122 |
|                Eval/Return |             515 |
------------------------------------------------
------------------------------------------------
|                Train/Steps |        2.82e+06 |
|           Loss/Loss_critic |           0.138 |
|  Loss/Loss_abstract_critic |           0.953 |
| Loss/Loss_lax_bisimulation |          0.0849 |
|       Loss/Loss_transition |            2.33 |
|           Loss/Loss_reward |         0.00459 |
|            Loss/Loss_actor |           -80.1 |
|         DHPG/Q_actual_mean |            43.9 |
|       DHPG/Q_abstract_mean |            35.7 |
|     DHPG/Value_equivalence |             8.4 |
|           Norm/actor_model |             122 |
|          Norm/critic_model |             131 |
| Norm/abstract_critic_model |            77.6 |
|   Norm/state_encoder_model |             156 |
|  Norm/action_encoder_model |             124 |
|                Eval/Return |             508 |
------------------------------------------------
------------------------------------------------
|                Train/Steps |        2.95e+06 |
|           Loss/Loss_critic |           0.131 |
|  Loss/Loss_abstract_critic |            1.17 |
| Loss/Loss_lax_bisimulation |          0.0302 |
|       Loss/Loss_transition |            2.32 |
|           Loss/Loss_reward |         0.00716 |
|            Loss/Loss_actor |           -82.1 |
|         DHPG/Q_actual_mean |            46.4 |
|       DHPG/Q_abstract_mean |            34.5 |
|     DHPG/Value_equivalence |            11.9 |
|           Norm/actor_model |             124 |
|          Norm/critic_model |             134 |
| Norm/abstract_critic_model |            79.1 |
|   Norm/state_encoder_model |             158 |
|  Norm/action_encoder_model |             127 |
|                Eval/Return |             487 |
------------------------------------------------
------------------------------------------------
|                Train/Steps |        3.08e+06 |
|           Loss/Loss_critic |           0.154 |
|  Loss/Loss_abstract_critic |            1.38 |
| Loss/Loss_lax_bisimulation |          0.0794 |
|       Loss/Loss_transition |            2.32 |
|           Loss/Loss_reward |         0.00819 |
|            Loss/Loss_actor |           -90.7 |
|         DHPG/Q_actual_mean |            48.2 |
|       DHPG/Q_abstract_mean |            39.8 |
|     DHPG/Value_equivalence |            8.65 |
|           Norm/actor_model |             126 |
|          Norm/critic_model |             136 |
| Norm/abstract_critic_model |            79.5 |
|   Norm/state_encoder_model |             159 |
|  Norm/action_encoder_model |             127 |
|                Eval/Return |             539 |
------------------------------------------------
[32mSaving model …[0m
[32mDone.[0m
[32mSaving model …[0m
[32mDone.[0m
------------------------------------------------
|                Train/Steps |        3.21e+06 |
|           Loss/Loss_critic |           0.147 |
|  Loss/Loss_abstract_critic |            2.16 |
| Loss/Loss_lax_bisimulation |           0.275 |
|       Loss/Loss_transition |            2.33 |
|           Loss/Loss_reward |         0.00712 |
|            Loss/Loss_actor |           -90.2 |
|         DHPG/Q_actual_mean |            48.7 |
|       DHPG/Q_abstract_mean |            40.1 |
|     DHPG/Value_equivalence |            8.73 |
|           Norm/actor_model |             128 |
|          Norm/critic_model |             138 |
| Norm/abstract_critic_model |            80.2 |
|   Norm/state_encoder_model |             163 |
|  Norm/action_encoder_model |             129 |
|                Eval/Return |             494 |
------------------------------------------------
------------------------------------------------
|                Train/Steps |        3.34e+06 |
|           Loss/Loss_critic |           0.116 |
|  Loss/Loss_abstract_critic |            1.56 |
| Loss/Loss_lax_bisimulation |           0.124 |
|       Loss/Loss_transition |            2.32 |
|           Loss/Loss_reward |          0.0061 |
|            Loss/Loss_actor |           -95.5 |
|         DHPG/Q_actual_mean |            49.3 |
|       DHPG/Q_abstract_mean |              43 |
|     DHPG/Value_equivalence |            6.48 |
|           Norm/actor_model |             130 |
|          Norm/critic_model |             140 |
| Norm/abstract_critic_model |            81.3 |
|   Norm/state_encoder_model |             165 |
|  Norm/action_encoder_model |             131 |
|                Eval/Return |             503 |
------------------------------------------------
------------------------------------------------
|                Train/Steps |        3.46e+06 |
|           Loss/Loss_critic |           0.153 |
|  Loss/Loss_abstract_critic |            1.07 |
| Loss/Loss_lax_bisimulation |           0.123 |
|       Loss/Loss_transition |            2.32 |
|           Loss/Loss_reward |         0.00605 |
|            Loss/Loss_actor |           -86.7 |
|         DHPG/Q_actual_mean |            46.4 |
|       DHPG/Q_abstract_mean |            36.2 |
|     DHPG/Value_equivalence |            10.3 |
|           Norm/actor_model |             132 |
|          Norm/critic_model |             142 |
| Norm/abstract_critic_model |              82 |
|   Norm/state_encoder_model |             168 |
|  Norm/action_encoder_model |             132 |
|                Eval/Return |             505 |
------------------------------------------------
------------------------------------------------
|                Train/Steps |        3.59e+06 |
|           Loss/Loss_critic |           0.142 |
|  Loss/Loss_abstract_critic |            1.33 |
| Loss/Loss_lax_bisimulation |           0.165 |
|       Loss/Loss_transition |            2.32 |
|           Loss/Loss_reward |         0.00652 |
|            Loss/Loss_actor |             -92 |
|         DHPG/Q_actual_mean |            49.7 |
|       DHPG/Q_abstract_mean |            41.2 |
|     DHPG/Value_equivalence |            8.88 |
|           Norm/actor_model |             133 |
|          Norm/critic_model |             144 |
| Norm/abstract_critic_model |            82.7 |
|   Norm/state_encoder_model |             171 |
|  Norm/action_encoder_model |             134 |
|                Eval/Return |             535 |
------------------------------------------------
------------------------------------------------
|                Train/Steps |        3.72e+06 |
|           Loss/Loss_critic |           0.166 |
|  Loss/Loss_abstract_critic |            1.16 |
| Loss/Loss_lax_bisimulation |           0.115 |
|       Loss/Loss_transition |            2.32 |
|           Loss/Loss_reward |         0.00619 |
|            Loss/Loss_actor |           -88.6 |
|         DHPG/Q_actual_mean |            48.5 |
|       DHPG/Q_abstract_mean |              38 |
|     DHPG/Value_equivalence |            10.7 |
|           Norm/actor_model |             135 |
|          Norm/critic_model |             146 |
| Norm/abstract_critic_model |            83.7 |
|   Norm/state_encoder_model |             173 |
|  Norm/action_encoder_model |             136 |
|                Eval/Return |             587 |
------------------------------------------------
------------------------------------------------
|                Train/Steps |        3.85e+06 |
|           Loss/Loss_critic |           0.169 |
|  Loss/Loss_abstract_critic |             1.3 |
| Loss/Loss_lax_bisimulation |           0.175 |
|       Loss/Loss_transition |            2.33 |
|           Loss/Loss_reward |         0.00706 |
|            Loss/Loss_actor |           -95.4 |
|         DHPG/Q_actual_mean |            52.9 |
|       DHPG/Q_abstract_mean |            42.8 |
|     DHPG/Value_equivalence |            10.1 |
|           Norm/actor_model |             136 |
|          Norm/critic_model |             148 |
| Norm/abstract_critic_model |            84.6 |
|   Norm/state_encoder_model |             175 |
|  Norm/action_encoder_model |             138 |
|                Eval/Return |             561 |
------------------------------------------------
------------------------------------------------
|                Train/Steps |        3.98e+06 |
|           Loss/Loss_critic |           0.149 |
|  Loss/Loss_abstract_critic |            1.22 |
| Loss/Loss_lax_bisimulation |          0.0764 |
|       Loss/Loss_transition |            2.32 |
|           Loss/Loss_reward |         0.00622 |
|            Loss/Loss_actor |           -93.3 |
|         DHPG/Q_actual_mean |            50.3 |
|       DHPG/Q_abstract_mean |            40.4 |
|     DHPG/Value_equivalence |            10.2 |
|           Norm/actor_model |             138 |
|          Norm/critic_model |             150 |
| Norm/abstract_critic_model |            85.5 |
|   Norm/state_encoder_model |             178 |
|  Norm/action_encoder_model |             140 |
|                Eval/Return |             582 |
------------------------------------------------
------------------------------------------------
|                Train/Steps |         4.1e+06 |
|           Loss/Loss_critic |           0.147 |
|  Loss/Loss_abstract_critic |            1.34 |
| Loss/Loss_lax_bisimulation |          0.0959 |
|       Loss/Loss_transition |            2.33 |
|           Loss/Loss_reward |         0.00799 |
|            Loss/Loss_actor |           -94.7 |
|         DHPG/Q_actual_mean |            53.3 |
|       DHPG/Q_abstract_mean |            44.3 |
|     DHPG/Value_equivalence |            9.55 |
|           Norm/actor_model |             140 |
|          Norm/critic_model |             152 |
| Norm/abstract_critic_model |            86.2 |
|   Norm/state_encoder_model |             179 |
|  Norm/action_encoder_model |             141 |
|                Eval/Return |             556 |
------------------------------------------------
[32mSaving model …[0m
[32mDone.[0m
[32mSaving model …[0m
[32mDone.[0m
------------------------------------------------
|                Train/Steps |        4.23e+06 |
|           Loss/Loss_critic |           0.139 |
|  Loss/Loss_abstract_critic |            1.17 |
| Loss/Loss_lax_bisimulation |          0.0777 |
|       Loss/Loss_transition |            2.33 |
|           Loss/Loss_reward |         0.00641 |
|            Loss/Loss_actor |           -96.7 |
|         DHPG/Q_actual_mean |            54.9 |
|       DHPG/Q_abstract_mean |            42.2 |
|     DHPG/Value_equivalence |            13.5 |
|           Norm/actor_model |             141 |
|          Norm/critic_model |             154 |
| Norm/abstract_critic_model |            86.8 |
|   Norm/state_encoder_model |             182 |
|  Norm/action_encoder_model |             143 |
|                Eval/Return |             509 |
------------------------------------------------
------------------------------------------------
|                Train/Steps |        4.36e+06 |
|           Loss/Loss_critic |           0.125 |
|  Loss/Loss_abstract_critic |            1.27 |
| Loss/Loss_lax_bisimulation |           0.101 |
|       Loss/Loss_transition |            2.33 |
|           Loss/Loss_reward |         0.00817 |
|            Loss/Loss_actor |            -107 |
|         DHPG/Q_actual_mean |              59 |
|       DHPG/Q_abstract_mean |            51.8 |
|     DHPG/Value_equivalence |            7.36 |
|           Norm/actor_model |             143 |
|          Norm/critic_model |             155 |
| Norm/abstract_critic_model |            87.8 |
|   Norm/state_encoder_model |             184 |
|  Norm/action_encoder_model |             144 |
|                Eval/Return |             508 |
------------------------------------------------
------------------------------------------------
|                Train/Steps |        4.49e+06 |
|           Loss/Loss_critic |          0.0973 |
|  Loss/Loss_abstract_critic |           0.762 |
| Loss/Loss_lax_bisimulation |          0.0866 |
|       Loss/Loss_transition |            2.32 |
|           Loss/Loss_reward |         0.00507 |
|            Loss/Loss_actor |            -104 |
|         DHPG/Q_actual_mean |            55.6 |
|       DHPG/Q_abstract_mean |            44.6 |
|     DHPG/Value_equivalence |            11.1 |
|           Norm/actor_model |             144 |
|          Norm/critic_model |             157 |
| Norm/abstract_critic_model |            88.6 |
|   Norm/state_encoder_model |             186 |
|  Norm/action_encoder_model |             146 |
|                Eval/Return |             486 |
------------------------------------------------
------------------------------------------------
|                Train/Steps |        4.62e+06 |
|           Loss/Loss_critic |          0.0856 |
|  Loss/Loss_abstract_critic |           0.839 |
| Loss/Loss_lax_bisimulation |           0.113 |
|       Loss/Loss_transition |            2.31 |
|           Loss/Loss_reward |         0.00739 |
|            Loss/Loss_actor |            -107 |
|         DHPG/Q_actual_mean |            60.8 |
|       DHPG/Q_abstract_mean |            46.8 |
|     DHPG/Value_equivalence |            14.2 |
|           Norm/actor_model |             146 |
|          Norm/critic_model |             159 |
| Norm/abstract_critic_model |            89.4 |
|   Norm/state_encoder_model |             188 |
|  Norm/action_encoder_model |             148 |
|                Eval/Return |             562 |
------------------------------------------------
------------------------------------------------
|                Train/Steps |        4.74e+06 |
|           Loss/Loss_critic |           0.115 |
|  Loss/Loss_abstract_critic |           0.735 |
| Loss/Loss_lax_bisimulation |           0.117 |
|       Loss/Loss_transition |            2.31 |
|           Loss/Loss_reward |         0.00843 |
|            Loss/Loss_actor |            -116 |
|         DHPG/Q_actual_mean |            60.5 |
|       DHPG/Q_abstract_mean |            48.4 |
|     DHPG/Value_equivalence |            12.5 |
|           Norm/actor_model |             147 |
|          Norm/critic_model |             160 |
| Norm/abstract_critic_model |            90.1 |
|   Norm/state_encoder_model |             191 |
|  Norm/action_encoder_model |             149 |
|                Eval/Return |             416 |
------------------------------------------------
------------------------------------------------
|                Train/Steps |        4.87e+06 |
|           Loss/Loss_critic |           0.103 |
|  Loss/Loss_abstract_critic |           0.754 |
| Loss/Loss_lax_bisimulation |           0.164 |
|       Loss/Loss_transition |            2.32 |
|           Loss/Loss_reward |         0.00597 |
|            Loss/Loss_actor |            -112 |
|         DHPG/Q_actual_mean |            65.9 |
|       DHPG/Q_abstract_mean |            54.2 |
|     DHPG/Value_equivalence |            11.9 |
|           Norm/actor_model |             148 |
|          Norm/critic_model |             162 |
| Norm/abstract_critic_model |            91.1 |
|   Norm/state_encoder_model |             193 |
|  Norm/action_encoder_model |             151 |
|                Eval/Return |             496 |
------------------------------------------------
------------------------------------------------
|                Train/Steps |           5e+06 |
|           Loss/Loss_critic |           0.166 |
|  Loss/Loss_abstract_critic |           0.739 |
| Loss/Loss_lax_bisimulation |          0.0519 |
|       Loss/Loss_transition |            2.32 |
|           Loss/Loss_reward |         0.00651 |
|            Loss/Loss_actor |            -114 |
|         DHPG/Q_actual_mean |            65.1 |
|       DHPG/Q_abstract_mean |            48.7 |
|     DHPG/Value_equivalence |            16.6 |
|           Norm/actor_model |             150 |
|          Norm/critic_model |             164 |
| Norm/abstract_critic_model |            91.8 |
|   Norm/state_encoder_model |             194 |
|  Norm/action_encoder_model |             152 |
|                Eval/Return |             473 |
------------------------------------------------
[32mSaving model …[0m
[32mDone.[0m
[32mSaving model …[0m
[32mDone.[0m
