E0902 12:52:23.019980    7051 cuda_executor.cc:1526] Could not get kernel mode driver version: (INVALID_ARGUMENT: Version does not match the format X.Y.Z)
E0902 12:52:23.029693    6942 cuda_executor.cc:1526] Could not get kernel mode driver version: (INVALID_ARGUMENT: Version does not match the format X.Y.Z)
[32m[harness] num_envs=128 total_env_steps=5000000 batch=512 train_per_step=8 UTD=0.0625 seed=8192 transitions log_every=128000 transitions normalize_obs=True[0m
[32m[algorithm] lr=0.001 tau=0.005 nstep=3 update_every=2 stddev=linear(1.0,0.1,500000) origin=8192 bootstrap_on_truncation=True matching_dims=True[0m
[32mStart prefilling replay buffer[0m
[32mStart DHPG training[0m
------------------------------------------------
|                Train/Steps |        1.36e+05 |
|           Loss/Loss_critic |            1.66 |
|  Loss/Loss_abstract_critic |           0.529 |
| Loss/Loss_lax_bisimulation |           0.331 |
|       Loss/Loss_transition |            1.79 |
|           Loss/Loss_reward |           0.176 |
|            Loss/Loss_actor |           -2.65 |
|         DHPG/Q_actual_mean |            1.81 |
|       DHPG/Q_abstract_mean |           0.178 |
|     DHPG/Value_equivalence |            1.79 |
|           Norm/actor_model |            39.2 |
|          Norm/critic_model |            53.9 |
| Norm/abstract_critic_model |              22 |
|   Norm/state_encoder_model |            53.7 |
|  Norm/action_encoder_model |            34.9 |
|                Eval/Return |             173 |
------------------------------------------------
------------------------------------------------
|                Train/Steps |        2.64e+05 |
|           Loss/Loss_critic |            6.53 |
|  Loss/Loss_abstract_critic |              10 |
| Loss/Loss_lax_bisimulation |           0.491 |
|       Loss/Loss_transition |            1.74 |
|           Loss/Loss_reward |          0.0965 |
|            Loss/Loss_actor |           -25.5 |
|         DHPG/Q_actual_mean |            14.7 |
|       DHPG/Q_abstract_mean |              12 |
|     DHPG/Value_equivalence |            3.13 |
|           Norm/actor_model |            56.5 |
|          Norm/critic_model |            78.7 |
| Norm/abstract_critic_model |            26.3 |
|   Norm/state_encoder_model |            85.7 |
|  Norm/action_encoder_model |            44.5 |
|                Eval/Return |             305 |
------------------------------------------------
------------------------------------------------
|                Train/Steps |        3.92e+05 |
|           Loss/Loss_critic |            13.3 |
|  Loss/Loss_abstract_critic |              13 |
| Loss/Loss_lax_bisimulation |           0.576 |
|       Loss/Loss_transition |            1.79 |
|           Loss/Loss_reward |           0.102 |
|            Loss/Loss_actor |           -57.6 |
|         DHPG/Q_actual_mean |              33 |
|       DHPG/Q_abstract_mean |            23.5 |
|     DHPG/Value_equivalence |            9.72 |
|           Norm/actor_model |            68.2 |
|          Norm/critic_model |             103 |
| Norm/abstract_critic_model |            29.1 |
|   Norm/state_encoder_model |             104 |
|  Norm/action_encoder_model |              50 |
|                Eval/Return |             619 |
------------------------------------------------
------------------------------------------------
|                Train/Steps |         5.2e+05 |
|           Loss/Loss_critic |              11 |
|  Loss/Loss_abstract_critic |            11.2 |
| Loss/Loss_lax_bisimulation |           0.548 |
|       Loss/Loss_transition |            1.57 |
|           Loss/Loss_reward |          0.0691 |
|            Loss/Loss_actor |             -93 |
|         DHPG/Q_actual_mean |            51.9 |
|       DHPG/Q_abstract_mean |            37.6 |
|     DHPG/Value_equivalence |            14.6 |
|           Norm/actor_model |            78.3 |
|          Norm/critic_model |             122 |
| Norm/abstract_critic_model |            31.2 |
|   Norm/state_encoder_model |             120 |
|  Norm/action_encoder_model |            50.2 |
|                Eval/Return |             744 |
------------------------------------------------
------------------------------------------------
|                Train/Steps |        6.48e+05 |
|           Loss/Loss_critic |            7.67 |
|  Loss/Loss_abstract_critic |            12.9 |
| Loss/Loss_lax_bisimulation |           0.468 |
|       Loss/Loss_transition |            1.54 |
|           Loss/Loss_reward |          0.0645 |
|            Loss/Loss_actor |            -112 |
|         DHPG/Q_actual_mean |            66.3 |
|       DHPG/Q_abstract_mean |            53.4 |
|     DHPG/Value_equivalence |            14.9 |
|           Norm/actor_model |            86.9 |
|          Norm/critic_model |             134 |
| Norm/abstract_critic_model |              33 |
|   Norm/state_encoder_model |             135 |
|  Norm/action_encoder_model |            50.2 |
|                Eval/Return |             752 |
------------------------------------------------
------------------------------------------------
|                Train/Steps |        7.76e+05 |
|           Loss/Loss_critic |            12.3 |
|  Loss/Loss_abstract_critic |            18.3 |
| Loss/Loss_lax_bisimulation |           0.619 |
|       Loss/Loss_transition |            1.54 |
|           Loss/Loss_reward |          0.0691 |
|            Loss/Loss_actor |            -138 |
|         DHPG/Q_actual_mean |            72.1 |
|       DHPG/Q_abstract_mean |            56.5 |
|     DHPG/Value_equivalence |            16.1 |
|           Norm/actor_model |            94.1 |
|          Norm/critic_model |             142 |
| Norm/abstract_critic_model |            34.8 |
|   Norm/state_encoder_model |             152 |
|  Norm/action_encoder_model |            50.2 |
|                Eval/Return |             864 |
------------------------------------------------
------------------------------------------------
|                Train/Steps |        9.04e+05 |
|           Loss/Loss_critic |             9.9 |
|  Loss/Loss_abstract_critic |            20.2 |
| Loss/Loss_lax_bisimulation |           0.616 |
|       Loss/Loss_transition |            1.74 |
|           Loss/Loss_reward |          0.0611 |
|            Loss/Loss_actor |            -151 |
|         DHPG/Q_actual_mean |            80.2 |
|       DHPG/Q_abstract_mean |              67 |
|     DHPG/Value_equivalence |            13.7 |
|           Norm/actor_model |             100 |
|          Norm/critic_model |             148 |
| Norm/abstract_critic_model |            36.7 |
|   Norm/state_encoder_model |             166 |
|  Norm/action_encoder_model |            50.2 |
|                Eval/Return |             850 |
------------------------------------------------
------------------------------------------------
|                Train/Steps |        1.03e+06 |
|           Loss/Loss_critic |            6.58 |
|  Loss/Loss_abstract_critic |            14.5 |
| Loss/Loss_lax_bisimulation |           0.434 |
|       Loss/Loss_transition |            1.51 |
|           Loss/Loss_reward |          0.0392 |
|            Loss/Loss_actor |            -152 |
|         DHPG/Q_actual_mean |            85.3 |
|       DHPG/Q_abstract_mean |            68.1 |
|     DHPG/Value_equivalence |            17.2 |
|           Norm/actor_model |             106 |
|          Norm/critic_model |             154 |
| Norm/abstract_critic_model |            38.2 |
|   Norm/state_encoder_model |             178 |
|  Norm/action_encoder_model |            50.2 |
|                Eval/Return |             847 |
------------------------------------------------
[32mSaving model …[0m
[32mDone.[0m
[32mSaving model …[0m
[32mDone.[0m
------------------------------------------------
|                Train/Steps |        1.16e+06 |
|           Loss/Loss_critic |            8.07 |
|  Loss/Loss_abstract_critic |            12.6 |
| Loss/Loss_lax_bisimulation |           0.419 |
|       Loss/Loss_transition |            1.47 |
|           Loss/Loss_reward |          0.0445 |
|            Loss/Loss_actor |            -160 |
|         DHPG/Q_actual_mean |              87 |
|       DHPG/Q_abstract_mean |            66.2 |
|     DHPG/Value_equivalence |            21.1 |
|           Norm/actor_model |             110 |
|          Norm/critic_model |             158 |
| Norm/abstract_critic_model |            39.4 |
|   Norm/state_encoder_model |             187 |
|  Norm/action_encoder_model |            50.2 |
|                Eval/Return |             903 |
------------------------------------------------
------------------------------------------------
|                Train/Steps |        1.29e+06 |
|           Loss/Loss_critic |             7.3 |
|  Loss/Loss_abstract_critic |            17.1 |
| Loss/Loss_lax_bisimulation |           0.544 |
|       Loss/Loss_transition |            1.47 |
|           Loss/Loss_reward |          0.0627 |
|            Loss/Loss_actor |            -167 |
|         DHPG/Q_actual_mean |            90.6 |
|       DHPG/Q_abstract_mean |            71.7 |
|     DHPG/Value_equivalence |              19 |
|           Norm/actor_model |             115 |
|          Norm/critic_model |             162 |
| Norm/abstract_critic_model |            40.9 |
|   Norm/state_encoder_model |             194 |
|  Norm/action_encoder_model |            50.2 |
|                Eval/Return |             921 |
------------------------------------------------
------------------------------------------------
|                Train/Steps |        1.42e+06 |
|           Loss/Loss_critic |            5.11 |
|  Loss/Loss_abstract_critic |            10.3 |
| Loss/Loss_lax_bisimulation |           0.245 |
|       Loss/Loss_transition |            1.26 |
|           Loss/Loss_reward |          0.0544 |
|            Loss/Loss_actor |            -167 |
|         DHPG/Q_actual_mean |            94.6 |
|       DHPG/Q_abstract_mean |            73.2 |
|     DHPG/Value_equivalence |            21.3 |
|           Norm/actor_model |             119 |
|          Norm/critic_model |             166 |
| Norm/abstract_critic_model |            42.5 |
|   Norm/state_encoder_model |             201 |
|  Norm/action_encoder_model |            50.2 |
|                Eval/Return |             951 |
------------------------------------------------
------------------------------------------------
|                Train/Steps |        1.54e+06 |
|           Loss/Loss_critic |            5.55 |
|  Loss/Loss_abstract_critic |            8.99 |
| Loss/Loss_lax_bisimulation |           0.488 |
|       Loss/Loss_transition |            1.26 |
|           Loss/Loss_reward |          0.0472 |
|            Loss/Loss_actor |            -169 |
|         DHPG/Q_actual_mean |            93.5 |
|       DHPG/Q_abstract_mean |            68.8 |
|     DHPG/Value_equivalence |            24.8 |
|           Norm/actor_model |             122 |
|          Norm/critic_model |             170 |
| Norm/abstract_critic_model |              44 |
|   Norm/state_encoder_model |             207 |
|  Norm/action_encoder_model |            50.2 |
|                Eval/Return |             900 |
------------------------------------------------
------------------------------------------------
|                Train/Steps |        1.67e+06 |
|           Loss/Loss_critic |            4.86 |
|  Loss/Loss_abstract_critic |            9.77 |
| Loss/Loss_lax_bisimulation |           0.314 |
|       Loss/Loss_transition |            1.28 |
|           Loss/Loss_reward |          0.0282 |
|            Loss/Loss_actor |            -167 |
|         DHPG/Q_actual_mean |            95.3 |
|       DHPG/Q_abstract_mean |              75 |
|     DHPG/Value_equivalence |            20.7 |
|           Norm/actor_model |             126 |
|          Norm/critic_model |             173 |
| Norm/abstract_critic_model |            45.3 |
|   Norm/state_encoder_model |             213 |
|  Norm/action_encoder_model |            50.2 |
|                Eval/Return |             881 |
------------------------------------------------
------------------------------------------------
|                Train/Steps |         1.8e+06 |
|           Loss/Loss_critic |            4.47 |
|  Loss/Loss_abstract_critic |             5.4 |
| Loss/Loss_lax_bisimulation |           0.313 |
|       Loss/Loss_transition |            1.21 |
|           Loss/Loss_reward |          0.0373 |
|            Loss/Loss_actor |            -168 |
|         DHPG/Q_actual_mean |            94.3 |
|       DHPG/Q_abstract_mean |            72.3 |
|     DHPG/Value_equivalence |            22.2 |
|           Norm/actor_model |             129 |
|          Norm/critic_model |             177 |
| Norm/abstract_critic_model |            46.4 |
|   Norm/state_encoder_model |             218 |
|  Norm/action_encoder_model |            50.2 |
|                Eval/Return |             907 |
------------------------------------------------
------------------------------------------------
|                Train/Steps |        1.93e+06 |
|           Loss/Loss_critic |            5.08 |
|  Loss/Loss_abstract_critic |            8.76 |
| Loss/Loss_lax_bisimulation |             0.3 |
|       Loss/Loss_transition |            1.15 |
|           Loss/Loss_reward |          0.0435 |
|            Loss/Loss_actor |            -174 |
|         DHPG/Q_actual_mean |            96.7 |
|       DHPG/Q_abstract_mean |            74.9 |
|     DHPG/Value_equivalence |              22 |
|           Norm/actor_model |             133 |
|          Norm/critic_model |             180 |
| Norm/abstract_critic_model |            47.4 |
|   Norm/state_encoder_model |             222 |
|  Norm/action_encoder_model |            50.2 |
|                Eval/Return |             902 |
------------------------------------------------
------------------------------------------------
|                Train/Steps |        2.06e+06 |
|           Loss/Loss_critic |            2.82 |
|  Loss/Loss_abstract_critic |            6.06 |
| Loss/Loss_lax_bisimulation |           0.183 |
|       Loss/Loss_transition |             1.2 |
|           Loss/Loss_reward |          0.0294 |
|            Loss/Loss_actor |            -168 |
|         DHPG/Q_actual_mean |            95.2 |
|       DHPG/Q_abstract_mean |            70.6 |
|     DHPG/Value_equivalence |            24.4 |
|           Norm/actor_model |             136 |
|          Norm/critic_model |             183 |
| Norm/abstract_critic_model |            48.5 |
|   Norm/state_encoder_model |             227 |
|  Norm/action_encoder_model |            50.2 |
|                Eval/Return |             913 |
------------------------------------------------
[32mSaving model …[0m
[32mDone.[0m
[32mSaving model …[0m
[32mDone.[0m
------------------------------------------------
|                Train/Steps |        2.18e+06 |
|           Loss/Loss_critic |            3.69 |
|  Loss/Loss_abstract_critic |             7.5 |
| Loss/Loss_lax_bisimulation |           0.439 |
|       Loss/Loss_transition |           0.975 |
|           Loss/Loss_reward |          0.0553 |
|            Loss/Loss_actor |            -171 |
|         DHPG/Q_actual_mean |            96.7 |
|       DHPG/Q_abstract_mean |            72.4 |
|     DHPG/Value_equivalence |            24.4 |
|           Norm/actor_model |             140 |
|          Norm/critic_model |             186 |
| Norm/abstract_critic_model |            49.6 |
|   Norm/state_encoder_model |             231 |
|  Norm/action_encoder_model |            50.2 |
|                Eval/Return |             960 |
------------------------------------------------
------------------------------------------------
|                Train/Steps |        2.31e+06 |
|           Loss/Loss_critic |            3.21 |
|  Loss/Loss_abstract_critic |            4.21 |
| Loss/Loss_lax_bisimulation |           0.238 |
|       Loss/Loss_transition |           0.902 |
|           Loss/Loss_reward |          0.0362 |
|            Loss/Loss_actor |            -170 |
|         DHPG/Q_actual_mean |            97.2 |
|       DHPG/Q_abstract_mean |            72.6 |
|     DHPG/Value_equivalence |            24.7 |
|           Norm/actor_model |             142 |
|          Norm/critic_model |             189 |
| Norm/abstract_critic_model |            50.9 |
|   Norm/state_encoder_model |             235 |
|  Norm/action_encoder_model |            50.2 |
|                Eval/Return |             892 |
------------------------------------------------
------------------------------------------------
|                Train/Steps |        2.44e+06 |
|           Loss/Loss_critic |            2.45 |
|  Loss/Loss_abstract_critic |            4.84 |
| Loss/Loss_lax_bisimulation |           0.448 |
|       Loss/Loss_transition |           0.924 |
|           Loss/Loss_reward |           0.037 |
|            Loss/Loss_actor |            -165 |
|         DHPG/Q_actual_mean |            97.4 |
|       DHPG/Q_abstract_mean |            72.2 |
|     DHPG/Value_equivalence |            25.2 |
|           Norm/actor_model |             145 |
|          Norm/critic_model |             192 |
| Norm/abstract_critic_model |              52 |
|   Norm/state_encoder_model |             240 |
|  Norm/action_encoder_model |            50.2 |
|                Eval/Return |             963 |
------------------------------------------------
------------------------------------------------
|                Train/Steps |        2.57e+06 |
|           Loss/Loss_critic |            1.83 |
|  Loss/Loss_abstract_critic |            2.14 |
| Loss/Loss_lax_bisimulation |           0.517 |
|       Loss/Loss_transition |           0.894 |
|           Loss/Loss_reward |          0.0311 |
|            Loss/Loss_actor |            -168 |
|         DHPG/Q_actual_mean |              98 |
|       DHPG/Q_abstract_mean |            71.7 |
|     DHPG/Value_equivalence |            26.3 |
|           Norm/actor_model |             148 |
|          Norm/critic_model |             194 |
| Norm/abstract_critic_model |            53.1 |
|   Norm/state_encoder_model |             244 |
|  Norm/action_encoder_model |            50.2 |
|                Eval/Return |             916 |
------------------------------------------------
------------------------------------------------
|                Train/Steps |         2.7e+06 |
|           Loss/Loss_critic |            4.01 |
|  Loss/Loss_abstract_critic |            4.66 |
| Loss/Loss_lax_bisimulation |            0.26 |
|       Loss/Loss_transition |           0.606 |
|           Loss/Loss_reward |          0.0536 |
|            Loss/Loss_actor |            -173 |
|         DHPG/Q_actual_mean |            97.2 |
|       DHPG/Q_abstract_mean |              73 |
|     DHPG/Value_equivalence |            24.4 |
|           Norm/actor_model |             150 |
|          Norm/critic_model |             197 |
| Norm/abstract_critic_model |            54.5 |
|   Norm/state_encoder_model |             247 |
|  Norm/action_encoder_model |            50.2 |
|                Eval/Return |             948 |
------------------------------------------------
------------------------------------------------
|                Train/Steps |        2.82e+06 |
|           Loss/Loss_critic |            1.97 |
|  Loss/Loss_abstract_critic |            4.25 |
| Loss/Loss_lax_bisimulation |           0.366 |
|       Loss/Loss_transition |           0.685 |
|           Loss/Loss_reward |          0.0251 |
|            Loss/Loss_actor |            -171 |
|         DHPG/Q_actual_mean |            97.5 |
|       DHPG/Q_abstract_mean |            72.8 |
|     DHPG/Value_equivalence |            24.8 |
|           Norm/actor_model |             153 |
|          Norm/critic_model |             200 |
| Norm/abstract_critic_model |            55.8 |
|   Norm/state_encoder_model |             250 |
|  Norm/action_encoder_model |            50.2 |
|                Eval/Return |             922 |
------------------------------------------------
------------------------------------------------
|                Train/Steps |        2.95e+06 |
|           Loss/Loss_critic |            2.42 |
|  Loss/Loss_abstract_critic |            4.53 |
| Loss/Loss_lax_bisimulation |           0.436 |
|       Loss/Loss_transition |           0.755 |
|           Loss/Loss_reward |          0.0502 |
|            Loss/Loss_actor |            -172 |
|         DHPG/Q_actual_mean |            97.7 |
|       DHPG/Q_abstract_mean |            70.4 |
|     DHPG/Value_equivalence |            27.2 |
|           Norm/actor_model |             155 |
|          Norm/critic_model |             202 |
| Norm/abstract_critic_model |            57.1 |
|   Norm/state_encoder_model |             254 |
|  Norm/action_encoder_model |            50.2 |
|                Eval/Return |             882 |
------------------------------------------------
------------------------------------------------
|                Train/Steps |        3.08e+06 |
|           Loss/Loss_critic |            1.99 |
|  Loss/Loss_abstract_critic |            3.15 |
| Loss/Loss_lax_bisimulation |            0.27 |
|       Loss/Loss_transition |           0.553 |
|           Loss/Loss_reward |          0.0293 |
|            Loss/Loss_actor |            -166 |
|         DHPG/Q_actual_mean |            98.1 |
|       DHPG/Q_abstract_mean |            70.1 |
|     DHPG/Value_equivalence |            28.1 |
|           Norm/actor_model |             158 |
|          Norm/critic_model |             205 |
| Norm/abstract_critic_model |            58.3 |
|   Norm/state_encoder_model |             256 |
|  Norm/action_encoder_model |            50.2 |
|                Eval/Return |             928 |
------------------------------------------------
[32mSaving model …[0m
[32mDone.[0m
[32mSaving model …[0m
[32mDone.[0m
------------------------------------------------
|                Train/Steps |        3.21e+06 |
|           Loss/Loss_critic |            3.01 |
|  Loss/Loss_abstract_critic |            7.32 |
| Loss/Loss_lax_bisimulation |           0.199 |
|       Loss/Loss_transition |           0.776 |
|           Loss/Loss_reward |          0.0309 |
|            Loss/Loss_actor |            -168 |
|         DHPG/Q_actual_mean |            97.2 |
|       DHPG/Q_abstract_mean |            67.4 |
|     DHPG/Value_equivalence |            29.6 |
|           Norm/actor_model |             160 |
|          Norm/critic_model |             207 |
| Norm/abstract_critic_model |            59.3 |
|   Norm/state_encoder_model |             259 |
|  Norm/action_encoder_model |            50.2 |
|                Eval/Return |             935 |
------------------------------------------------
------------------------------------------------
|                Train/Steps |        3.34e+06 |
|           Loss/Loss_critic |            2.19 |
|  Loss/Loss_abstract_critic |            2.54 |
| Loss/Loss_lax_bisimulation |           0.163 |
|       Loss/Loss_transition |            0.49 |
|           Loss/Loss_reward |          0.0151 |
|            Loss/Loss_actor |            -171 |
|         DHPG/Q_actual_mean |              99 |
|       DHPG/Q_abstract_mean |            73.9 |
|     DHPG/Value_equivalence |            25.4 |
|           Norm/actor_model |             163 |
|          Norm/critic_model |             210 |
| Norm/abstract_critic_model |            60.3 |
|   Norm/state_encoder_model |             262 |
|  Norm/action_encoder_model |            50.2 |
|                Eval/Return |             921 |
------------------------------------------------
------------------------------------------------
|                Train/Steps |        3.46e+06 |
|           Loss/Loss_critic |            2.04 |
|  Loss/Loss_abstract_critic |            4.23 |
| Loss/Loss_lax_bisimulation |           0.475 |
|       Loss/Loss_transition |            1.05 |
|           Loss/Loss_reward |          0.0225 |
|            Loss/Loss_actor |            -168 |
|         DHPG/Q_actual_mean |              98 |
|       DHPG/Q_abstract_mean |            68.4 |
|     DHPG/Value_equivalence |            29.7 |
|           Norm/actor_model |             165 |
|          Norm/critic_model |             212 |
| Norm/abstract_critic_model |            61.1 |
|   Norm/state_encoder_model |             265 |
|  Norm/action_encoder_model |            50.2 |
|                Eval/Return |             931 |
------------------------------------------------
------------------------------------------------
|                Train/Steps |        3.59e+06 |
|           Loss/Loss_critic |            2.59 |
|  Loss/Loss_abstract_critic |            3.84 |
| Loss/Loss_lax_bisimulation |           0.265 |
|       Loss/Loss_transition |           0.681 |
|           Loss/Loss_reward |          0.0309 |
|            Loss/Loss_actor |            -165 |
|         DHPG/Q_actual_mean |            99.2 |
|       DHPG/Q_abstract_mean |            71.3 |
|     DHPG/Value_equivalence |            27.8 |
|           Norm/actor_model |             167 |
|          Norm/critic_model |             215 |
| Norm/abstract_critic_model |              62 |
|   Norm/state_encoder_model |             267 |
|  Norm/action_encoder_model |            50.2 |
|                Eval/Return |             931 |
------------------------------------------------
------------------------------------------------
|                Train/Steps |        3.72e+06 |
|           Loss/Loss_critic |            1.72 |
|  Loss/Loss_abstract_critic |            3.51 |
| Loss/Loss_lax_bisimulation |           0.218 |
|       Loss/Loss_transition |            1.02 |
|           Loss/Loss_reward |          0.0178 |
|            Loss/Loss_actor |            -170 |
|         DHPG/Q_actual_mean |            97.9 |
|       DHPG/Q_abstract_mean |            68.5 |
|     DHPG/Value_equivalence |            29.3 |
|           Norm/actor_model |             169 |
|          Norm/critic_model |             217 |
| Norm/abstract_critic_model |              63 |
|   Norm/state_encoder_model |             270 |
|  Norm/action_encoder_model |            50.2 |
|                Eval/Return |             920 |
------------------------------------------------
------------------------------------------------
|                Train/Steps |        3.85e+06 |
|           Loss/Loss_critic |            1.93 |
|  Loss/Loss_abstract_critic |            3.58 |
| Loss/Loss_lax_bisimulation |           0.206 |
|       Loss/Loss_transition |           0.687 |
|           Loss/Loss_reward |          0.0238 |
|            Loss/Loss_actor |            -163 |
|         DHPG/Q_actual_mean |            98.1 |
|       DHPG/Q_abstract_mean |            65.3 |
|     DHPG/Value_equivalence |              33 |
|           Norm/actor_model |             171 |
|          Norm/critic_model |             219 |
| Norm/abstract_critic_model |            63.9 |
|   Norm/state_encoder_model |             272 |
|  Norm/action_encoder_model |            50.2 |
|                Eval/Return |             923 |
------------------------------------------------
------------------------------------------------
|                Train/Steps |        3.98e+06 |
|           Loss/Loss_critic |            1.52 |
|  Loss/Loss_abstract_critic |            4.02 |
| Loss/Loss_lax_bisimulation |           0.244 |
|       Loss/Loss_transition |           0.407 |
|           Loss/Loss_reward |          0.0338 |
|            Loss/Loss_actor |            -164 |
|         DHPG/Q_actual_mean |            99.6 |
|       DHPG/Q_abstract_mean |            65.9 |
|     DHPG/Value_equivalence |            33.9 |
|           Norm/actor_model |             173 |
|          Norm/critic_model |             222 |
| Norm/abstract_critic_model |            64.8 |
|   Norm/state_encoder_model |             275 |
|  Norm/action_encoder_model |            50.2 |
|                Eval/Return |             936 |
------------------------------------------------
------------------------------------------------
|                Train/Steps |         4.1e+06 |
|           Loss/Loss_critic |            1.58 |
|  Loss/Loss_abstract_critic |            2.53 |
| Loss/Loss_lax_bisimulation |           0.271 |
|       Loss/Loss_transition |           0.334 |
|           Loss/Loss_reward |          0.0343 |
|            Loss/Loss_actor |            -165 |
|         DHPG/Q_actual_mean |            99.9 |
|       DHPG/Q_abstract_mean |            64.7 |
|     DHPG/Value_equivalence |            35.2 |
|           Norm/actor_model |             175 |
|          Norm/critic_model |             224 |
| Norm/abstract_critic_model |            65.7 |
|   Norm/state_encoder_model |             277 |
|  Norm/action_encoder_model |            50.2 |
|                Eval/Return |             893 |
------------------------------------------------
[32mSaving model …[0m
[32mDone.[0m
[32mSaving model …[0m
[32mDone.[0m
------------------------------------------------
|                Train/Steps |        4.23e+06 |
|           Loss/Loss_critic |           0.746 |
|  Loss/Loss_abstract_critic |            1.79 |
| Loss/Loss_lax_bisimulation |           0.133 |
|       Loss/Loss_transition |          0.0481 |
|           Loss/Loss_reward |         0.00195 |
|            Loss/Loss_actor |            -166 |
|         DHPG/Q_actual_mean |             101 |
|       DHPG/Q_abstract_mean |            65.1 |
|     DHPG/Value_equivalence |              36 |
|           Norm/actor_model |             177 |
|          Norm/critic_model |             226 |
| Norm/abstract_critic_model |            66.3 |
|   Norm/state_encoder_model |             279 |
|  Norm/action_encoder_model |            50.2 |
|                Eval/Return |             951 |
------------------------------------------------
------------------------------------------------
|                Train/Steps |        4.36e+06 |
|           Loss/Loss_critic |           0.589 |
|  Loss/Loss_abstract_critic |            1.91 |
| Loss/Loss_lax_bisimulation |           0.203 |
|       Loss/Loss_transition |         -0.0605 |
|           Loss/Loss_reward |           0.065 |
|            Loss/Loss_actor |            -165 |
|         DHPG/Q_actual_mean |             101 |
|       DHPG/Q_abstract_mean |              64 |
|     DHPG/Value_equivalence |            37.5 |
|           Norm/actor_model |             178 |
|          Norm/critic_model |             227 |
| Norm/abstract_critic_model |            67.3 |
|   Norm/state_encoder_model |             280 |
|  Norm/action_encoder_model |            50.2 |
|                Eval/Return |             895 |
------------------------------------------------
------------------------------------------------
|                Train/Steps |        4.49e+06 |
|           Loss/Loss_critic |           0.326 |
|  Loss/Loss_abstract_critic |            2.57 |
| Loss/Loss_lax_bisimulation |           0.156 |
|       Loss/Loss_transition |          -0.106 |
|           Loss/Loss_reward |          0.0254 |
|            Loss/Loss_actor |            -164 |
|         DHPG/Q_actual_mean |             102 |
|       DHPG/Q_abstract_mean |            61.7 |
|     DHPG/Value_equivalence |            40.2 |
|           Norm/actor_model |             180 |
|          Norm/critic_model |             228 |
| Norm/abstract_critic_model |            68.2 |
|   Norm/state_encoder_model |             281 |
|  Norm/action_encoder_model |            50.2 |
|                Eval/Return |             904 |
------------------------------------------------
------------------------------------------------
|                Train/Steps |        4.62e+06 |
|           Loss/Loss_critic |           0.235 |
|  Loss/Loss_abstract_critic |             1.9 |
| Loss/Loss_lax_bisimulation |           0.176 |
|       Loss/Loss_transition |         -0.0638 |
|           Loss/Loss_reward |          0.0108 |
|            Loss/Loss_actor |            -164 |
|         DHPG/Q_actual_mean |             102 |
|       DHPG/Q_abstract_mean |            61.9 |
|     DHPG/Value_equivalence |              40 |
|           Norm/actor_model |             181 |
|          Norm/critic_model |             229 |
| Norm/abstract_critic_model |            68.8 |
|   Norm/state_encoder_model |             282 |
|  Norm/action_encoder_model |            50.2 |
|                Eval/Return |             929 |
------------------------------------------------
------------------------------------------------
|                Train/Steps |        4.74e+06 |
|           Loss/Loss_critic |           0.171 |
|  Loss/Loss_abstract_critic |            2.04 |
| Loss/Loss_lax_bisimulation |           0.192 |
|       Loss/Loss_transition |          -0.167 |
|           Loss/Loss_reward |          0.0184 |
|            Loss/Loss_actor |            -162 |
|         DHPG/Q_actual_mean |             102 |
|       DHPG/Q_abstract_mean |            59.7 |
|     DHPG/Value_equivalence |            42.2 |
|           Norm/actor_model |             183 |
|          Norm/critic_model |             230 |
| Norm/abstract_critic_model |            69.5 |
|   Norm/state_encoder_model |             283 |
|  Norm/action_encoder_model |            50.2 |
|                Eval/Return |             914 |
------------------------------------------------
------------------------------------------------
|                Train/Steps |        4.87e+06 |
|           Loss/Loss_critic |           0.339 |
|  Loss/Loss_abstract_critic |            1.82 |
| Loss/Loss_lax_bisimulation |          0.0758 |
|       Loss/Loss_transition |          -0.477 |
|           Loss/Loss_reward |          0.0444 |
|            Loss/Loss_actor |            -162 |
|         DHPG/Q_actual_mean |             102 |
|       DHPG/Q_abstract_mean |            59.8 |
|     DHPG/Value_equivalence |              42 |
|           Norm/actor_model |             184 |
|          Norm/critic_model |             231 |
| Norm/abstract_critic_model |            70.4 |
|   Norm/state_encoder_model |             283 |
|  Norm/action_encoder_model |            50.2 |
|                Eval/Return |             944 |
------------------------------------------------
------------------------------------------------
|                Train/Steps |           5e+06 |
|           Loss/Loss_critic |           0.184 |
|  Loss/Loss_abstract_critic |            1.79 |
| Loss/Loss_lax_bisimulation |          0.0827 |
|       Loss/Loss_transition |          -0.587 |
|           Loss/Loss_reward |          0.0244 |
|            Loss/Loss_actor |            -161 |
|         DHPG/Q_actual_mean |             101 |
|       DHPG/Q_abstract_mean |            59.8 |
|     DHPG/Value_equivalence |            41.8 |
|           Norm/actor_model |             186 |
|          Norm/critic_model |             232 |
| Norm/abstract_critic_model |            71.6 |
|   Norm/state_encoder_model |             285 |
|  Norm/action_encoder_model |            50.2 |
|                Eval/Return |             925 |
------------------------------------------------
[32mSaving model …[0m
[32mDone.[0m
[32mSaving model …[0m
[32mDone.[0m
