E0902 13:24:55.971114   11920 cuda_executor.cc:1526] Could not get kernel mode driver version: (INVALID_ARGUMENT: Version does not match the format X.Y.Z)
E0902 13:24:55.979834   11810 cuda_executor.cc:1526] Could not get kernel mode driver version: (INVALID_ARGUMENT: Version does not match the format X.Y.Z)
[32m[harness] num_envs=128 total_env_steps=5000000 batch=512 train_per_step=8 UTD=0.0625 seed=8192 transitions log_every=128000 transitions normalize_obs=True[0m
[32m[algorithm] lr=0.001 tau=0.005 nstep=3 update_every=2 stddev=linear(1.0,0.1,500000) origin=8192 bootstrap_on_truncation=True matching_dims=True[0m
[32mStart prefilling replay buffer[0m
[32mStart DHPG training[0m
------------------------------------------------
|                Train/Steps |        1.36e+05 |
|           Loss/Loss_critic |            1.65 |
|  Loss/Loss_abstract_critic |           0.471 |
| Loss/Loss_lax_bisimulation |           0.713 |
|       Loss/Loss_transition |            1.59 |
|           Loss/Loss_reward |           0.102 |
|            Loss/Loss_actor |           -13.9 |
|         DHPG/Q_actual_mean |             8.4 |
|       DHPG/Q_abstract_mean |            3.13 |
|     DHPG/Value_equivalence |            6.41 |
|           Norm/actor_model |            44.2 |
|          Norm/critic_model |            65.1 |
| Norm/abstract_critic_model |            23.3 |
|   Norm/state_encoder_model |            73.9 |
|  Norm/action_encoder_model |            44.3 |
|                Eval/Return |             577 |
------------------------------------------------
------------------------------------------------
|                Train/Steps |        2.64e+05 |
|           Loss/Loss_critic |            3.57 |
|  Loss/Loss_abstract_critic |             7.3 |
| Loss/Loss_lax_bisimulation |           0.779 |
|       Loss/Loss_transition |            1.81 |
|           Loss/Loss_reward |          0.0882 |
|            Loss/Loss_actor |           -64.5 |
|         DHPG/Q_actual_mean |            36.5 |
|       DHPG/Q_abstract_mean |            26.6 |
|     DHPG/Value_equivalence |            10.6 |
|           Norm/actor_model |            60.4 |
|          Norm/critic_model |            89.8 |
| Norm/abstract_critic_model |            28.2 |
|   Norm/state_encoder_model |             101 |
|  Norm/action_encoder_model |            53.1 |
|                Eval/Return |             881 |
------------------------------------------------
------------------------------------------------
|                Train/Steps |        3.92e+05 |
|           Loss/Loss_critic |            4.15 |
|  Loss/Loss_abstract_critic |            9.88 |
| Loss/Loss_lax_bisimulation |           0.377 |
|       Loss/Loss_transition |            1.28 |
|           Loss/Loss_reward |          0.0709 |
|            Loss/Loss_actor |           -99.2 |
|         DHPG/Q_actual_mean |            58.4 |
|       DHPG/Q_abstract_mean |            41.5 |
|     DHPG/Value_equivalence |            17.2 |
|           Norm/actor_model |              70 |
|          Norm/critic_model |             104 |
| Norm/abstract_critic_model |            31.5 |
|   Norm/state_encoder_model |             116 |
|  Norm/action_encoder_model |            63.5 |
|                Eval/Return |             711 |
------------------------------------------------
------------------------------------------------
|                Train/Steps |         5.2e+05 |
|           Loss/Loss_critic |            3.92 |
|  Loss/Loss_abstract_critic |            6.41 |
| Loss/Loss_lax_bisimulation |           0.557 |
|       Loss/Loss_transition |            1.29 |
|           Loss/Loss_reward |          0.0363 |
|            Loss/Loss_actor |            -129 |
|         DHPG/Q_actual_mean |            71.7 |
|       DHPG/Q_abstract_mean |            56.8 |
|     DHPG/Value_equivalence |              15 |
|           Norm/actor_model |            77.6 |
|          Norm/critic_model |             114 |
| Norm/abstract_critic_model |            34.3 |
|   Norm/state_encoder_model |             133 |
|  Norm/action_encoder_model |            69.5 |
|                Eval/Return |             853 |
------------------------------------------------
------------------------------------------------
|                Train/Steps |        6.48e+05 |
|           Loss/Loss_critic |             3.9 |
|  Loss/Loss_abstract_critic |            10.4 |
| Loss/Loss_lax_bisimulation |           0.455 |
|       Loss/Loss_transition |             1.2 |
|           Loss/Loss_reward |          0.0873 |
|            Loss/Loss_actor |            -149 |
|         DHPG/Q_actual_mean |            80.7 |
|       DHPG/Q_abstract_mean |            64.2 |
|     DHPG/Value_equivalence |            16.6 |
|           Norm/actor_model |            84.4 |
|          Norm/critic_model |             120 |
| Norm/abstract_critic_model |            36.8 |
|   Norm/state_encoder_model |             146 |
|  Norm/action_encoder_model |            74.1 |
|                Eval/Return |             946 |
------------------------------------------------
------------------------------------------------
|                Train/Steps |        7.76e+05 |
|           Loss/Loss_critic |            2.73 |
|  Loss/Loss_abstract_critic |            4.11 |
| Loss/Loss_lax_bisimulation |           0.405 |
|       Loss/Loss_transition |            1.04 |
|           Loss/Loss_reward |          0.0536 |
|            Loss/Loss_actor |            -160 |
|         DHPG/Q_actual_mean |              86 |
|       DHPG/Q_abstract_mean |            71.5 |
|     DHPG/Value_equivalence |            14.3 |
|           Norm/actor_model |            90.3 |
|          Norm/critic_model |             126 |
| Norm/abstract_critic_model |            38.8 |
|   Norm/state_encoder_model |             160 |
|  Norm/action_encoder_model |            78.1 |
|                Eval/Return |             921 |
------------------------------------------------
------------------------------------------------
|                Train/Steps |        9.04e+05 |
|           Loss/Loss_critic |            3.06 |
|  Loss/Loss_abstract_critic |            7.39 |
| Loss/Loss_lax_bisimulation |           0.401 |
|       Loss/Loss_transition |            0.91 |
|           Loss/Loss_reward |          0.0565 |
|            Loss/Loss_actor |            -169 |
|         DHPG/Q_actual_mean |            90.9 |
|       DHPG/Q_abstract_mean |            77.7 |
|     DHPG/Value_equivalence |              13 |
|           Norm/actor_model |            95.3 |
|          Norm/critic_model |             131 |
| Norm/abstract_critic_model |            40.4 |
|   Norm/state_encoder_model |             172 |
|  Norm/action_encoder_model |            81.5 |
|                Eval/Return |             948 |
------------------------------------------------
------------------------------------------------
|                Train/Steps |        1.03e+06 |
|           Loss/Loss_critic |            2.03 |
|  Loss/Loss_abstract_critic |            4.21 |
| Loss/Loss_lax_bisimulation |           0.212 |
|       Loss/Loss_transition |           0.819 |
|           Loss/Loss_reward |          0.0227 |
|            Loss/Loss_actor |            -174 |
|         DHPG/Q_actual_mean |            92.4 |
|       DHPG/Q_abstract_mean |              80 |
|     DHPG/Value_equivalence |            12.8 |
|           Norm/actor_model |            99.8 |
|          Norm/critic_model |             135 |
| Norm/abstract_critic_model |            41.9 |
|   Norm/state_encoder_model |             182 |
|  Norm/action_encoder_model |            84.3 |
|                Eval/Return |             917 |
------------------------------------------------
[32mSaving model …[0m
[32mDone.[0m
[32mSaving model …[0m
[32mDone.[0m
------------------------------------------------
|                Train/Steps |        1.16e+06 |
|           Loss/Loss_critic |            2.09 |
|  Loss/Loss_abstract_critic |            5.65 |
| Loss/Loss_lax_bisimulation |           0.498 |
|       Loss/Loss_transition |            1.05 |
|           Loss/Loss_reward |          0.0213 |
|            Loss/Loss_actor |            -173 |
|         DHPG/Q_actual_mean |              94 |
|       DHPG/Q_abstract_mean |              80 |
|     DHPG/Value_equivalence |            13.9 |
|           Norm/actor_model |             104 |
|          Norm/critic_model |             139 |
| Norm/abstract_critic_model |            43.1 |
|   Norm/state_encoder_model |             191 |
|  Norm/action_encoder_model |            87.4 |
|                Eval/Return |             958 |
------------------------------------------------
------------------------------------------------
|                Train/Steps |        1.29e+06 |
|           Loss/Loss_critic |            1.87 |
|  Loss/Loss_abstract_critic |            8.21 |
| Loss/Loss_lax_bisimulation |           0.541 |
|       Loss/Loss_transition |            1.81 |
|           Loss/Loss_reward |          0.0401 |
|            Loss/Loss_actor |            -170 |
|         DHPG/Q_actual_mean |            93.9 |
|       DHPG/Q_abstract_mean |            73.7 |
|     DHPG/Value_equivalence |            20.6 |
|           Norm/actor_model |             108 |
|          Norm/critic_model |             143 |
| Norm/abstract_critic_model |            44.2 |
|   Norm/state_encoder_model |             198 |
|  Norm/action_encoder_model |            88.6 |
|                Eval/Return |             930 |
------------------------------------------------
------------------------------------------------
|                Train/Steps |        1.42e+06 |
|           Loss/Loss_critic |            1.34 |
|  Loss/Loss_abstract_critic |            4.59 |
| Loss/Loss_lax_bisimulation |           0.786 |
|       Loss/Loss_transition |           0.929 |
|           Loss/Loss_reward |           0.026 |
|            Loss/Loss_actor |            -166 |
|         DHPG/Q_actual_mean |            94.6 |
|       DHPG/Q_abstract_mean |            68.2 |
|     DHPG/Value_equivalence |            26.4 |
|           Norm/actor_model |             112 |
|          Norm/critic_model |             146 |
| Norm/abstract_critic_model |            45.5 |
|   Norm/state_encoder_model |             203 |
|  Norm/action_encoder_model |            91.5 |
|                Eval/Return |             958 |
------------------------------------------------
------------------------------------------------
|                Train/Steps |        1.54e+06 |
|           Loss/Loss_critic |            1.63 |
|  Loss/Loss_abstract_critic |            2.29 |
| Loss/Loss_lax_bisimulation |            0.27 |
|       Loss/Loss_transition |           0.977 |
|           Loss/Loss_reward |          0.0128 |
|            Loss/Loss_actor |            -169 |
|         DHPG/Q_actual_mean |            95.9 |
|       DHPG/Q_abstract_mean |            69.6 |
|     DHPG/Value_equivalence |            26.2 |
|           Norm/actor_model |             116 |
|          Norm/critic_model |             149 |
| Norm/abstract_critic_model |            46.9 |
|   Norm/state_encoder_model |             209 |
|  Norm/action_encoder_model |            92.6 |
|                Eval/Return |             922 |
------------------------------------------------
------------------------------------------------
|                Train/Steps |        1.67e+06 |
|           Loss/Loss_critic |            1.15 |
|  Loss/Loss_abstract_critic |            2.95 |
| Loss/Loss_lax_bisimulation |           0.531 |
|       Loss/Loss_transition |           0.844 |
|           Loss/Loss_reward |          0.0521 |
|            Loss/Loss_actor |            -167 |
|         DHPG/Q_actual_mean |            95.2 |
|       DHPG/Q_abstract_mean |            70.6 |
|     DHPG/Value_equivalence |            24.3 |
|           Norm/actor_model |             119 |
|          Norm/critic_model |             153 |
| Norm/abstract_critic_model |              48 |
|   Norm/state_encoder_model |             213 |
|  Norm/action_encoder_model |            94.6 |
|                Eval/Return |             957 |
------------------------------------------------
------------------------------------------------
|                Train/Steps |         1.8e+06 |
|           Loss/Loss_critic |           0.852 |
|  Loss/Loss_abstract_critic |            3.73 |
| Loss/Loss_lax_bisimulation |           0.253 |
|       Loss/Loss_transition |            1.66 |
|           Loss/Loss_reward |          0.0263 |
|            Loss/Loss_actor |            -175 |
|         DHPG/Q_actual_mean |            97.2 |
|       DHPG/Q_abstract_mean |            79.9 |
|     DHPG/Value_equivalence |            17.4 |
|           Norm/actor_model |             122 |
|          Norm/critic_model |             156 |
| Norm/abstract_critic_model |              49 |
|   Norm/state_encoder_model |             218 |
|  Norm/action_encoder_model |            96.6 |
|                Eval/Return |             964 |
------------------------------------------------
------------------------------------------------
|                Train/Steps |        1.93e+06 |
|           Loss/Loss_critic |             1.9 |
|  Loss/Loss_abstract_critic |            6.88 |
| Loss/Loss_lax_bisimulation |           0.255 |
|       Loss/Loss_transition |            1.31 |
|           Loss/Loss_reward |          0.0272 |
|            Loss/Loss_actor |            -178 |
|         DHPG/Q_actual_mean |            97.5 |
|       DHPG/Q_abstract_mean |            78.9 |
|     DHPG/Value_equivalence |            18.6 |
|           Norm/actor_model |             126 |
|          Norm/critic_model |             159 |
| Norm/abstract_critic_model |            50.3 |
|   Norm/state_encoder_model |             222 |
|  Norm/action_encoder_model |            97.1 |
|                Eval/Return |             966 |
------------------------------------------------
------------------------------------------------
|                Train/Steps |        2.06e+06 |
|           Loss/Loss_critic |            1.05 |
|  Loss/Loss_abstract_critic |            3.42 |
| Loss/Loss_lax_bisimulation |           0.177 |
|       Loss/Loss_transition |           0.842 |
|           Loss/Loss_reward |         0.00349 |
|            Loss/Loss_actor |            -176 |
|         DHPG/Q_actual_mean |            98.9 |
|       DHPG/Q_abstract_mean |            78.7 |
|     DHPG/Value_equivalence |            20.4 |
|           Norm/actor_model |             129 |
|          Norm/critic_model |             162 |
| Norm/abstract_critic_model |            51.4 |
|   Norm/state_encoder_model |             226 |
|  Norm/action_encoder_model |            97.9 |
|                Eval/Return |             949 |
------------------------------------------------
[32mSaving model …[0m
[32mDone.[0m
[32mSaving model …[0m
[32mDone.[0m
------------------------------------------------
|                Train/Steps |        2.18e+06 |
|           Loss/Loss_critic |            1.34 |
|  Loss/Loss_abstract_critic |            3.66 |
| Loss/Loss_lax_bisimulation |           0.264 |
|       Loss/Loss_transition |            1.68 |
|           Loss/Loss_reward |          0.0371 |
|            Loss/Loss_actor |            -177 |
|         DHPG/Q_actual_mean |            97.3 |
|       DHPG/Q_abstract_mean |            83.1 |
|     DHPG/Value_equivalence |            14.2 |
|           Norm/actor_model |             132 |
|          Norm/critic_model |             165 |
| Norm/abstract_critic_model |            52.3 |
|   Norm/state_encoder_model |             229 |
|  Norm/action_encoder_model |             100 |
|                Eval/Return |             940 |
------------------------------------------------
------------------------------------------------
|                Train/Steps |        2.31e+06 |
|           Loss/Loss_critic |           0.737 |
|  Loss/Loss_abstract_critic |            2.15 |
| Loss/Loss_lax_bisimulation |           0.379 |
|       Loss/Loss_transition |            1.14 |
|           Loss/Loss_reward |         0.00805 |
|            Loss/Loss_actor |            -170 |
|         DHPG/Q_actual_mean |            98.1 |
|       DHPG/Q_abstract_mean |            72.5 |
|     DHPG/Value_equivalence |            25.4 |
|           Norm/actor_model |             135 |
|          Norm/critic_model |             168 |
| Norm/abstract_critic_model |            53.2 |
|   Norm/state_encoder_model |             232 |
|  Norm/action_encoder_model |             100 |
|                Eval/Return |             936 |
------------------------------------------------
------------------------------------------------
|                Train/Steps |        2.44e+06 |
|           Loss/Loss_critic |           0.693 |
|  Loss/Loss_abstract_critic |            4.92 |
| Loss/Loss_lax_bisimulation |           0.228 |
|       Loss/Loss_transition |            0.86 |
|           Loss/Loss_reward |          0.0146 |
|            Loss/Loss_actor |            -177 |
|         DHPG/Q_actual_mean |            97.9 |
|       DHPG/Q_abstract_mean |            76.5 |
|     DHPG/Value_equivalence |            21.3 |
|           Norm/actor_model |             138 |
|          Norm/critic_model |             170 |
| Norm/abstract_critic_model |              54 |
|   Norm/state_encoder_model |             235 |
|  Norm/action_encoder_model |             100 |
|                Eval/Return |             949 |
------------------------------------------------
------------------------------------------------
|                Train/Steps |        2.57e+06 |
|           Loss/Loss_critic |           0.797 |
|  Loss/Loss_abstract_critic |            4.46 |
| Loss/Loss_lax_bisimulation |           0.352 |
|       Loss/Loss_transition |            1.03 |
|           Loss/Loss_reward |          0.0585 |
|            Loss/Loss_actor |            -170 |
|         DHPG/Q_actual_mean |            97.6 |
|       DHPG/Q_abstract_mean |            72.2 |
|     DHPG/Value_equivalence |            25.2 |
|           Norm/actor_model |             140 |
|          Norm/critic_model |             173 |
| Norm/abstract_critic_model |            54.6 |
|   Norm/state_encoder_model |             237 |
|  Norm/action_encoder_model |             100 |
|                Eval/Return |             930 |
------------------------------------------------
------------------------------------------------
|                Train/Steps |         2.7e+06 |
|           Loss/Loss_critic |            0.69 |
|  Loss/Loss_abstract_critic |            2.98 |
| Loss/Loss_lax_bisimulation |           0.374 |
|       Loss/Loss_transition |            1.07 |
|           Loss/Loss_reward |          0.0508 |
|            Loss/Loss_actor |            -172 |
|         DHPG/Q_actual_mean |            97.5 |
|       DHPG/Q_abstract_mean |            72.8 |
|     DHPG/Value_equivalence |            24.7 |
|           Norm/actor_model |             143 |
|          Norm/critic_model |             175 |
| Norm/abstract_critic_model |            55.3 |
|   Norm/state_encoder_model |             241 |
|  Norm/action_encoder_model |             100 |
|                Eval/Return |             954 |
------------------------------------------------
------------------------------------------------
|                Train/Steps |        2.82e+06 |
|           Loss/Loss_critic |           0.556 |
|  Loss/Loss_abstract_critic |            2.18 |
| Loss/Loss_lax_bisimulation |           0.177 |
|       Loss/Loss_transition |           0.393 |
|           Loss/Loss_reward |          0.0265 |
|            Loss/Loss_actor |            -164 |
|         DHPG/Q_actual_mean |            98.8 |
|       DHPG/Q_abstract_mean |              69 |
|     DHPG/Value_equivalence |              30 |
|           Norm/actor_model |             146 |
|          Norm/critic_model |             178 |
| Norm/abstract_critic_model |            55.9 |
|   Norm/state_encoder_model |             244 |
|  Norm/action_encoder_model |             100 |
|                Eval/Return |             929 |
------------------------------------------------
------------------------------------------------
|                Train/Steps |        2.95e+06 |
|           Loss/Loss_critic |           0.421 |
|  Loss/Loss_abstract_critic |            2.22 |
| Loss/Loss_lax_bisimulation |           0.297 |
|       Loss/Loss_transition |            1.74 |
|           Loss/Loss_reward |          0.0149 |
|            Loss/Loss_actor |            -184 |
|         DHPG/Q_actual_mean |            98.9 |
|       DHPG/Q_abstract_mean |            84.7 |
|     DHPG/Value_equivalence |            14.5 |
|           Norm/actor_model |             148 |
|          Norm/critic_model |             180 |
| Norm/abstract_critic_model |            56.7 |
|   Norm/state_encoder_model |             247 |
|  Norm/action_encoder_model |             100 |
|                Eval/Return |             955 |
------------------------------------------------
------------------------------------------------
|                Train/Steps |        3.08e+06 |
|           Loss/Loss_critic |             0.5 |
|  Loss/Loss_abstract_critic |            1.62 |
| Loss/Loss_lax_bisimulation |           0.155 |
|       Loss/Loss_transition |            2.33 |
|           Loss/Loss_reward |          0.0342 |
|            Loss/Loss_actor |            -170 |
|         DHPG/Q_actual_mean |            98.7 |
|       DHPG/Q_abstract_mean |            71.4 |
|     DHPG/Value_equivalence |            27.5 |
|           Norm/actor_model |             150 |
|          Norm/critic_model |             183 |
| Norm/abstract_critic_model |            57.3 |
|   Norm/state_encoder_model |             247 |
|  Norm/action_encoder_model |             100 |
|                Eval/Return |             904 |
------------------------------------------------
[32mSaving model …[0m
[32mDone.[0m
[32mSaving model …[0m
[32mDone.[0m
------------------------------------------------
|                Train/Steps |        3.21e+06 |
|           Loss/Loss_critic |            1.18 |
|  Loss/Loss_abstract_critic |            2.55 |
| Loss/Loss_lax_bisimulation |            0.16 |
|       Loss/Loss_transition |            2.38 |
|           Loss/Loss_reward |          0.0204 |
|            Loss/Loss_actor |            -161 |
|         DHPG/Q_actual_mean |            98.6 |
|       DHPG/Q_abstract_mean |            62.6 |
|     DHPG/Value_equivalence |            35.7 |
|           Norm/actor_model |             153 |
|          Norm/critic_model |             185 |
| Norm/abstract_critic_model |            57.9 |
|   Norm/state_encoder_model |             248 |
|  Norm/action_encoder_model |             100 |
|                Eval/Return |             932 |
------------------------------------------------
------------------------------------------------
|                Train/Steps |        3.34e+06 |
|           Loss/Loss_critic |           0.466 |
|  Loss/Loss_abstract_critic |            2.06 |
| Loss/Loss_lax_bisimulation |           0.225 |
|       Loss/Loss_transition |            2.34 |
|           Loss/Loss_reward |          0.0618 |
|            Loss/Loss_actor |            -167 |
|         DHPG/Q_actual_mean |            99.2 |
|       DHPG/Q_abstract_mean |              66 |
|     DHPG/Value_equivalence |            33.2 |
|           Norm/actor_model |             155 |
|          Norm/critic_model |             187 |
| Norm/abstract_critic_model |            58.4 |
|   Norm/state_encoder_model |             250 |
|  Norm/action_encoder_model |             100 |
|                Eval/Return |             940 |
------------------------------------------------
------------------------------------------------
|                Train/Steps |        3.46e+06 |
|           Loss/Loss_critic |           0.721 |
|  Loss/Loss_abstract_critic |            2.27 |
| Loss/Loss_lax_bisimulation |           0.164 |
|       Loss/Loss_transition |            2.34 |
|           Loss/Loss_reward |          0.0255 |
|            Loss/Loss_actor |            -164 |
|         DHPG/Q_actual_mean |            98.8 |
|       DHPG/Q_abstract_mean |            63.5 |
|     DHPG/Value_equivalence |            35.1 |
|           Norm/actor_model |             157 |
|          Norm/critic_model |             190 |
| Norm/abstract_critic_model |            59.3 |
|   Norm/state_encoder_model |             253 |
|  Norm/action_encoder_model |             100 |
|                Eval/Return |             913 |
------------------------------------------------
------------------------------------------------
|                Train/Steps |        3.59e+06 |
|           Loss/Loss_critic |           0.483 |
|  Loss/Loss_abstract_critic |            1.98 |
| Loss/Loss_lax_bisimulation |          0.0933 |
|       Loss/Loss_transition |            2.34 |
|           Loss/Loss_reward |          0.0196 |
|            Loss/Loss_actor |            -159 |
|         DHPG/Q_actual_mean |            98.9 |
|       DHPG/Q_abstract_mean |              61 |
|     DHPG/Value_equivalence |            38.2 |
|           Norm/actor_model |             159 |
|          Norm/critic_model |             192 |
| Norm/abstract_critic_model |            60.1 |
|   Norm/state_encoder_model |             256 |
|  Norm/action_encoder_model |             100 |
|                Eval/Return |             926 |
------------------------------------------------
------------------------------------------------
|                Train/Steps |        3.72e+06 |
|           Loss/Loss_critic |           0.497 |
|  Loss/Loss_abstract_critic |            2.42 |
| Loss/Loss_lax_bisimulation |          0.0874 |
|       Loss/Loss_transition |            2.34 |
|           Loss/Loss_reward |          0.0109 |
|            Loss/Loss_actor |            -160 |
|         DHPG/Q_actual_mean |            98.3 |
|       DHPG/Q_abstract_mean |            63.8 |
|     DHPG/Value_equivalence |            34.7 |
|           Norm/actor_model |             161 |
|          Norm/critic_model |             194 |
| Norm/abstract_critic_model |            60.6 |
|   Norm/state_encoder_model |             258 |
|  Norm/action_encoder_model |             100 |
|                Eval/Return |             954 |
------------------------------------------------
------------------------------------------------
|                Train/Steps |        3.85e+06 |
|           Loss/Loss_critic |           0.525 |
|  Loss/Loss_abstract_critic |            2.35 |
| Loss/Loss_lax_bisimulation |           0.124 |
|       Loss/Loss_transition |            2.35 |
|           Loss/Loss_reward |          0.0431 |
|            Loss/Loss_actor |            -162 |
|         DHPG/Q_actual_mean |            98.6 |
|       DHPG/Q_abstract_mean |            63.9 |
|     DHPG/Value_equivalence |            34.8 |
|           Norm/actor_model |             164 |
|          Norm/critic_model |             197 |
| Norm/abstract_critic_model |            61.2 |
|   Norm/state_encoder_model |             260 |
|  Norm/action_encoder_model |             100 |
|                Eval/Return |             928 |
------------------------------------------------
------------------------------------------------
|                Train/Steps |        3.98e+06 |
|           Loss/Loss_critic |           0.533 |
|  Loss/Loss_abstract_critic |            2.02 |
| Loss/Loss_lax_bisimulation |          0.0717 |
|       Loss/Loss_transition |            2.35 |
|           Loss/Loss_reward |          0.0352 |
|            Loss/Loss_actor |            -164 |
|         DHPG/Q_actual_mean |            98.8 |
|       DHPG/Q_abstract_mean |            63.7 |
|     DHPG/Value_equivalence |              35 |
|           Norm/actor_model |             166 |
|          Norm/critic_model |             199 |
| Norm/abstract_critic_model |            61.9 |
|   Norm/state_encoder_model |             263 |
|  Norm/action_encoder_model |             100 |
|                Eval/Return |             974 |
------------------------------------------------
------------------------------------------------
|                Train/Steps |         4.1e+06 |
|           Loss/Loss_critic |           0.353 |
|  Loss/Loss_abstract_critic |             1.3 |
| Loss/Loss_lax_bisimulation |           0.257 |
|       Loss/Loss_transition |            2.34 |
|           Loss/Loss_reward |          0.0359 |
|            Loss/Loss_actor |            -164 |
|         DHPG/Q_actual_mean |            99.7 |
|       DHPG/Q_abstract_mean |            63.1 |
|     DHPG/Value_equivalence |            36.7 |
|           Norm/actor_model |             168 |
|          Norm/critic_model |             200 |
| Norm/abstract_critic_model |            62.6 |
|   Norm/state_encoder_model |             265 |
|  Norm/action_encoder_model |             100 |
|                Eval/Return |             882 |
------------------------------------------------
[32mSaving model …[0m
[32mDone.[0m
[32mSaving model …[0m
[32mDone.[0m
------------------------------------------------
|                Train/Steps |        4.23e+06 |
|           Loss/Loss_critic |           0.155 |
|  Loss/Loss_abstract_critic |            1.85 |
| Loss/Loss_lax_bisimulation |           0.137 |
|       Loss/Loss_transition |            2.33 |
|           Loss/Loss_reward |          0.0385 |
|            Loss/Loss_actor |            -160 |
|         DHPG/Q_actual_mean |             101 |
|       DHPG/Q_abstract_mean |            59.1 |
|     DHPG/Value_equivalence |            41.7 |
|           Norm/actor_model |             169 |
|          Norm/critic_model |             201 |
| Norm/abstract_critic_model |            63.3 |
|   Norm/state_encoder_model |             265 |
|  Norm/action_encoder_model |             100 |
|                Eval/Return |             906 |
------------------------------------------------
------------------------------------------------
|                Train/Steps |        4.36e+06 |
|           Loss/Loss_critic |          0.0921 |
|  Loss/Loss_abstract_critic |            1.48 |
| Loss/Loss_lax_bisimulation |           0.065 |
|       Loss/Loss_transition |            2.33 |
|           Loss/Loss_reward |         0.00681 |
|            Loss/Loss_actor |            -161 |
|         DHPG/Q_actual_mean |             101 |
|       DHPG/Q_abstract_mean |            62.3 |
|     DHPG/Value_equivalence |            38.9 |
|           Norm/actor_model |             171 |
|          Norm/critic_model |             202 |
| Norm/abstract_critic_model |            63.8 |
|   Norm/state_encoder_model |             267 |
|  Norm/action_encoder_model |             100 |
|                Eval/Return |             926 |
------------------------------------------------
------------------------------------------------
|                Train/Steps |        4.49e+06 |
|           Loss/Loss_critic |           0.188 |
|  Loss/Loss_abstract_critic |            1.79 |
| Loss/Loss_lax_bisimulation |          0.0935 |
|       Loss/Loss_transition |            2.33 |
|           Loss/Loss_reward |           0.042 |
|            Loss/Loss_actor |            -164 |
|         DHPG/Q_actual_mean |             101 |
|       DHPG/Q_abstract_mean |              64 |
|     DHPG/Value_equivalence |            37.2 |
|           Norm/actor_model |             172 |
|          Norm/critic_model |             203 |
| Norm/abstract_critic_model |            64.5 |
|   Norm/state_encoder_model |             270 |
|  Norm/action_encoder_model |             100 |
|                Eval/Return |             910 |
------------------------------------------------
------------------------------------------------
|                Train/Steps |        4.62e+06 |
|           Loss/Loss_critic |            0.34 |
|  Loss/Loss_abstract_critic |            1.67 |
| Loss/Loss_lax_bisimulation |          0.0791 |
|       Loss/Loss_transition |            2.32 |
|           Loss/Loss_reward |          0.0173 |
|            Loss/Loss_actor |            -163 |
|         DHPG/Q_actual_mean |             100 |
|       DHPG/Q_abstract_mean |            62.3 |
|     DHPG/Value_equivalence |            38.3 |
|           Norm/actor_model |             174 |
|          Norm/critic_model |             204 |
| Norm/abstract_critic_model |            65.3 |
|   Norm/state_encoder_model |             271 |
|  Norm/action_encoder_model |             100 |
|                Eval/Return |             881 |
------------------------------------------------
------------------------------------------------
|                Train/Steps |        4.74e+06 |
|           Loss/Loss_critic |           0.124 |
|  Loss/Loss_abstract_critic |             1.6 |
| Loss/Loss_lax_bisimulation |          0.0716 |
|       Loss/Loss_transition |            2.33 |
|           Loss/Loss_reward |          0.0374 |
|            Loss/Loss_actor |            -157 |
|         DHPG/Q_actual_mean |             101 |
|       DHPG/Q_abstract_mean |            56.5 |
|     DHPG/Value_equivalence |            44.4 |
|           Norm/actor_model |             175 |
|          Norm/critic_model |             205 |
| Norm/abstract_critic_model |            65.6 |
|   Norm/state_encoder_model |             272 |
|  Norm/action_encoder_model |             100 |
|                Eval/Return |             804 |
------------------------------------------------
------------------------------------------------
|                Train/Steps |        4.87e+06 |
|           Loss/Loss_critic |           0.105 |
|  Loss/Loss_abstract_critic |            1.44 |
| Loss/Loss_lax_bisimulation |          0.0544 |
|       Loss/Loss_transition |            2.33 |
|           Loss/Loss_reward |          0.0269 |
|            Loss/Loss_actor |            -159 |
|         DHPG/Q_actual_mean |             101 |
|       DHPG/Q_abstract_mean |            57.8 |
|     DHPG/Value_equivalence |            42.8 |
|           Norm/actor_model |             177 |
|          Norm/critic_model |             206 |
| Norm/abstract_critic_model |            65.9 |
|   Norm/state_encoder_model |             274 |
|  Norm/action_encoder_model |             100 |
|                Eval/Return |             906 |
------------------------------------------------
------------------------------------------------
|                Train/Steps |           5e+06 |
|           Loss/Loss_critic |           0.462 |
|  Loss/Loss_abstract_critic |            2.98 |
| Loss/Loss_lax_bisimulation |           0.063 |
|       Loss/Loss_transition |            2.33 |
|           Loss/Loss_reward |          0.0145 |
|            Loss/Loss_actor |            -160 |
|         DHPG/Q_actual_mean |             100 |
|       DHPG/Q_abstract_mean |            59.5 |
|     DHPG/Value_equivalence |            40.9 |
|           Norm/actor_model |             178 |
|          Norm/critic_model |             207 |
| Norm/abstract_critic_model |            66.6 |
|   Norm/state_encoder_model |             275 |
|  Norm/action_encoder_model |             100 |
|                Eval/Return |             908 |
------------------------------------------------
[32mSaving model …[0m
[32mDone.[0m
[32mSaving model …[0m
[32mDone.[0m
