E0902 23:45:21.159372  100449 cuda_executor.cc:1526] Could not get kernel mode driver version: (INVALID_ARGUMENT: Version does not match the format X.Y.Z)
E0902 23:45:21.167879  100333 cuda_executor.cc:1526] Could not get kernel mode driver version: (INVALID_ARGUMENT: Version does not match the format X.Y.Z)
[32m[harness] num_envs=128 total_env_steps=5000000 batch=512 train_per_step=8 UTD=0.0625 seed=8192 transitions log_every=128000 transitions normalize_obs=True[0m
[32m[algorithm] lr=0.001 tau=0.005 nstep=3 update_every=2 stddev=linear(1.0,0.1,500000) origin=8192 bootstrap_on_truncation=True matching_dims=True[0m
[32mStart prefilling replay buffer[0m
[32mStart DHPG training[0m
------------------------------------------------
|                Train/Steps |        1.36e+05 |
|           Loss/Loss_critic |           0.912 |
|  Loss/Loss_abstract_critic |            7.75 |
| Loss/Loss_lax_bisimulation |           0.912 |
|       Loss/Loss_transition |            1.66 |
|           Loss/Loss_reward |          0.0403 |
|            Loss/Loss_actor |           -15.8 |
|         DHPG/Q_actual_mean |            5.12 |
|       DHPG/Q_abstract_mean |            12.1 |
|     DHPG/Value_equivalence |            8.42 |
|           Norm/actor_model |            30.6 |
|          Norm/critic_model |            61.4 |
| Norm/abstract_critic_model |            28.5 |
|   Norm/state_encoder_model |            92.7 |
|  Norm/action_encoder_model |            37.9 |
|                Eval/Return |             117 |
------------------------------------------------
------------------------------------------------
|                Train/Steps |        2.64e+05 |
|           Loss/Loss_critic |            0.34 |
|  Loss/Loss_abstract_critic |            6.32 |
| Loss/Loss_lax_bisimulation |           0.486 |
|       Loss/Loss_transition |            1.06 |
|           Loss/Loss_reward |          0.0539 |
|            Loss/Loss_actor |           -30.4 |
|         DHPG/Q_actual_mean |            8.43 |
|       DHPG/Q_abstract_mean |            20.2 |
|     DHPG/Value_equivalence |            12.9 |
|           Norm/actor_model |              43 |
|          Norm/critic_model |            77.2 |
| Norm/abstract_critic_model |            34.4 |
|   Norm/state_encoder_model |             122 |
|  Norm/action_encoder_model |            47.7 |
|                Eval/Return |             114 |
------------------------------------------------
------------------------------------------------
|                Train/Steps |        3.92e+05 |
|           Loss/Loss_critic |           0.591 |
|  Loss/Loss_abstract_critic |            0.79 |
| Loss/Loss_lax_bisimulation |            1.65 |
|       Loss/Loss_transition |            1.24 |
|           Loss/Loss_reward |           0.149 |
|            Loss/Loss_actor |           -18.7 |
|         DHPG/Q_actual_mean |            10.3 |
|       DHPG/Q_abstract_mean |             9.8 |
|     DHPG/Value_equivalence |            8.24 |
|           Norm/actor_model |              53 |
|          Norm/critic_model |            89.9 |
| Norm/abstract_critic_model |            38.9 |
|   Norm/state_encoder_model |             143 |
|  Norm/action_encoder_model |            54.1 |
|                Eval/Return |           1e+03 |
------------------------------------------------
------------------------------------------------
|                Train/Steps |         5.2e+05 |
|           Loss/Loss_critic |           0.784 |
|  Loss/Loss_abstract_critic |            1.98 |
| Loss/Loss_lax_bisimulation |            2.08 |
|       Loss/Loss_transition |            1.51 |
|           Loss/Loss_reward |          0.0657 |
|            Loss/Loss_actor |           -55.9 |
|         DHPG/Q_actual_mean |            27.4 |
|       DHPG/Q_abstract_mean |            25.3 |
|     DHPG/Value_equivalence |            7.68 |
|           Norm/actor_model |            62.2 |
|          Norm/critic_model |             103 |
| Norm/abstract_critic_model |              43 |
|   Norm/state_encoder_model |             162 |
|  Norm/action_encoder_model |            60.8 |
|                Eval/Return |           1e+03 |
------------------------------------------------
------------------------------------------------
|                Train/Steps |        6.48e+05 |
|           Loss/Loss_critic |           0.629 |
|  Loss/Loss_abstract_critic |           0.968 |
| Loss/Loss_lax_bisimulation |           0.841 |
|       Loss/Loss_transition |            1.91 |
|           Loss/Loss_reward |          0.0527 |
|            Loss/Loss_actor |           -70.7 |
|         DHPG/Q_actual_mean |            44.1 |
|       DHPG/Q_abstract_mean |            29.8 |
|     DHPG/Value_equivalence |            20.6 |
|           Norm/actor_model |            67.8 |
|          Norm/critic_model |             114 |
| Norm/abstract_critic_model |            46.8 |
|   Norm/state_encoder_model |             173 |
|  Norm/action_encoder_model |            65.3 |
|                Eval/Return |           1e+03 |
------------------------------------------------
------------------------------------------------
|                Train/Steps |        7.76e+05 |
|           Loss/Loss_critic |           0.831 |
|  Loss/Loss_abstract_critic |            1.17 |
| Loss/Loss_lax_bisimulation |           0.635 |
|       Loss/Loss_transition |               2 |
|           Loss/Loss_reward |           0.072 |
|            Loss/Loss_actor |             -93 |
|         DHPG/Q_actual_mean |            50.8 |
|       DHPG/Q_abstract_mean |            38.2 |
|     DHPG/Value_equivalence |            13.5 |
|           Norm/actor_model |              73 |
|          Norm/critic_model |             124 |
| Norm/abstract_critic_model |            50.3 |
|   Norm/state_encoder_model |             191 |
|  Norm/action_encoder_model |            69.3 |
|                Eval/Return |           1e+03 |
------------------------------------------------
------------------------------------------------
|                Train/Steps |        9.04e+05 |
|           Loss/Loss_critic |           0.359 |
|  Loss/Loss_abstract_critic |             2.4 |
| Loss/Loss_lax_bisimulation |           0.962 |
|       Loss/Loss_transition |               2 |
|           Loss/Loss_reward |          0.0529 |
|            Loss/Loss_actor |            -110 |
|         DHPG/Q_actual_mean |            57.2 |
|       DHPG/Q_abstract_mean |            54.3 |
|     DHPG/Value_equivalence |            5.65 |
|           Norm/actor_model |            77.7 |
|          Norm/critic_model |             132 |
| Norm/abstract_critic_model |            52.6 |
|   Norm/state_encoder_model |             196 |
|  Norm/action_encoder_model |            73.1 |
|                Eval/Return |           1e+03 |
------------------------------------------------
------------------------------------------------
|                Train/Steps |        1.03e+06 |
|           Loss/Loss_critic |            0.23 |
|  Loss/Loss_abstract_critic |             1.8 |
| Loss/Loss_lax_bisimulation |           0.816 |
|       Loss/Loss_transition |            2.37 |
|           Loss/Loss_reward |          0.0684 |
|            Loss/Loss_actor |           -91.2 |
|         DHPG/Q_actual_mean |            64.3 |
|       DHPG/Q_abstract_mean |            29.8 |
|     DHPG/Value_equivalence |            38.8 |
|           Norm/actor_model |            82.2 |
|          Norm/critic_model |             138 |
| Norm/abstract_critic_model |            55.7 |
|   Norm/state_encoder_model |             204 |
|  Norm/action_encoder_model |              76 |
|                Eval/Return |           1e+03 |
------------------------------------------------
[32mSaving model …[0m
[32mDone.[0m
[32mSaving model …[0m
[32mDone.[0m
------------------------------------------------
|                Train/Steps |        1.16e+06 |
|           Loss/Loss_critic |           0.452 |
|  Loss/Loss_abstract_critic |            1.31 |
| Loss/Loss_lax_bisimulation |           0.707 |
|       Loss/Loss_transition |            2.14 |
|           Loss/Loss_reward |          0.0381 |
|            Loss/Loss_actor |            -106 |
|         DHPG/Q_actual_mean |              65 |
|       DHPG/Q_abstract_mean |              41 |
|     DHPG/Value_equivalence |            24.5 |
|           Norm/actor_model |            85.4 |
|          Norm/critic_model |             143 |
| Norm/abstract_critic_model |              57 |
|   Norm/state_encoder_model |             207 |
|  Norm/action_encoder_model |            78.6 |
|                Eval/Return |           1e+03 |
------------------------------------------------
------------------------------------------------
|                Train/Steps |        1.29e+06 |
|           Loss/Loss_critic |             1.4 |
|  Loss/Loss_abstract_critic |            3.14 |
| Loss/Loss_lax_bisimulation |           0.451 |
|       Loss/Loss_transition |            2.23 |
|           Loss/Loss_reward |          0.0231 |
|            Loss/Loss_actor |            -131 |
|         DHPG/Q_actual_mean |            69.1 |
|       DHPG/Q_abstract_mean |            54.1 |
|     DHPG/Value_equivalence |            16.7 |
|           Norm/actor_model |            87.8 |
|          Norm/critic_model |             147 |
| Norm/abstract_critic_model |            60.3 |
|   Norm/state_encoder_model |             211 |
|  Norm/action_encoder_model |              80 |
|                Eval/Return |           1e+03 |
------------------------------------------------
------------------------------------------------
|                Train/Steps |        1.42e+06 |
|           Loss/Loss_critic |            0.49 |
|  Loss/Loss_abstract_critic |           0.863 |
| Loss/Loss_lax_bisimulation |            1.26 |
|       Loss/Loss_transition |            2.37 |
|           Loss/Loss_reward |          0.0242 |
|            Loss/Loss_actor |            -111 |
|         DHPG/Q_actual_mean |            75.3 |
|       DHPG/Q_abstract_mean |            33.6 |
|     DHPG/Value_equivalence |            41.9 |
|           Norm/actor_model |            90.6 |
|          Norm/critic_model |             154 |
| Norm/abstract_critic_model |            62.2 |
|   Norm/state_encoder_model |             217 |
|  Norm/action_encoder_model |            81.7 |
|                Eval/Return |           1e+03 |
------------------------------------------------
------------------------------------------------
|                Train/Steps |        1.54e+06 |
|           Loss/Loss_critic |           0.413 |
|  Loss/Loss_abstract_critic |            2.24 |
| Loss/Loss_lax_bisimulation |            1.24 |
|       Loss/Loss_transition |             2.3 |
|           Loss/Loss_reward |         0.00605 |
|            Loss/Loss_actor |            -154 |
|         DHPG/Q_actual_mean |            75.9 |
|       DHPG/Q_abstract_mean |              72 |
|     DHPG/Value_equivalence |            7.33 |
|           Norm/actor_model |              93 |
|          Norm/critic_model |             159 |
| Norm/abstract_critic_model |            65.5 |
|   Norm/state_encoder_model |             218 |
|  Norm/action_encoder_model |            83.2 |
|                Eval/Return |             996 |
------------------------------------------------
------------------------------------------------
|                Train/Steps |        1.67e+06 |
|           Loss/Loss_critic |           0.487 |
|  Loss/Loss_abstract_critic |              11 |
| Loss/Loss_lax_bisimulation |            1.86 |
|       Loss/Loss_transition |            2.33 |
|           Loss/Loss_reward |          0.0164 |
|            Loss/Loss_actor |            -191 |
|         DHPG/Q_actual_mean |            78.9 |
|       DHPG/Q_abstract_mean |             112 |
|     DHPG/Value_equivalence |            37.5 |
|           Norm/actor_model |              96 |
|          Norm/critic_model |             164 |
| Norm/abstract_critic_model |            68.3 |
|   Norm/state_encoder_model |             220 |
|  Norm/action_encoder_model |            84.2 |
|                Eval/Return |           1e+03 |
------------------------------------------------
------------------------------------------------
|                Train/Steps |         1.8e+06 |
|           Loss/Loss_critic |           0.196 |
|  Loss/Loss_abstract_critic |            6.75 |
| Loss/Loss_lax_bisimulation |            1.64 |
|       Loss/Loss_transition |            2.34 |
|           Loss/Loss_reward |          0.0225 |
|            Loss/Loss_actor |            -206 |
|         DHPG/Q_actual_mean |            78.5 |
|       DHPG/Q_abstract_mean |             121 |
|     DHPG/Value_equivalence |            44.4 |
|           Norm/actor_model |            98.6 |
|          Norm/critic_model |             169 |
| Norm/abstract_critic_model |            70.1 |
|   Norm/state_encoder_model |             224 |
|  Norm/action_encoder_model |            86.2 |
|                Eval/Return |           1e+03 |
------------------------------------------------
------------------------------------------------
|                Train/Steps |        1.93e+06 |
|           Loss/Loss_critic |            1.69 |
|  Loss/Loss_abstract_critic |            5.07 |
| Loss/Loss_lax_bisimulation |           0.734 |
|       Loss/Loss_transition |            2.34 |
|           Loss/Loss_reward |        0.000946 |
|            Loss/Loss_actor |            -170 |
|         DHPG/Q_actual_mean |            82.1 |
|       DHPG/Q_abstract_mean |            89.5 |
|     DHPG/Value_equivalence |            8.66 |
|           Norm/actor_model |             100 |
|          Norm/critic_model |             173 |
| Norm/abstract_critic_model |            70.9 |
|   Norm/state_encoder_model |             228 |
|  Norm/action_encoder_model |            87.7 |
|                Eval/Return |           1e+03 |
------------------------------------------------
------------------------------------------------
|                Train/Steps |        2.06e+06 |
|           Loss/Loss_critic |           0.316 |
|  Loss/Loss_abstract_critic |            4.43 |
| Loss/Loss_lax_bisimulation |           0.947 |
|       Loss/Loss_transition |            2.33 |
|           Loss/Loss_reward |          0.0158 |
|            Loss/Loss_actor |            -194 |
|         DHPG/Q_actual_mean |            81.1 |
|       DHPG/Q_abstract_mean |             111 |
|     DHPG/Value_equivalence |            30.5 |
|           Norm/actor_model |             103 |
|          Norm/critic_model |             177 |
| Norm/abstract_critic_model |              72 |
|   Norm/state_encoder_model |             232 |
|  Norm/action_encoder_model |            89.3 |
|                Eval/Return |           1e+03 |
------------------------------------------------
[32mSaving model …[0m
[32mDone.[0m
[32mSaving model …[0m
[32mDone.[0m
------------------------------------------------
|                Train/Steps |        2.18e+06 |
|           Loss/Loss_critic |            1.54 |
|  Loss/Loss_abstract_critic |            6.47 |
| Loss/Loss_lax_bisimulation |            1.73 |
|       Loss/Loss_transition |            2.33 |
|           Loss/Loss_reward |         0.00947 |
|            Loss/Loss_actor |            -197 |
|         DHPG/Q_actual_mean |            82.7 |
|       DHPG/Q_abstract_mean |             108 |
|     DHPG/Value_equivalence |            26.8 |
|           Norm/actor_model |             105 |
|          Norm/critic_model |             181 |
| Norm/abstract_critic_model |              73 |
|   Norm/state_encoder_model |             236 |
|  Norm/action_encoder_model |            90.5 |
|                Eval/Return |           1e+03 |
------------------------------------------------
------------------------------------------------
|                Train/Steps |        2.31e+06 |
|           Loss/Loss_critic |           0.213 |
|  Loss/Loss_abstract_critic |            3.87 |
| Loss/Loss_lax_bisimulation |            1.32 |
|       Loss/Loss_transition |            2.33 |
|           Loss/Loss_reward |         0.00419 |
|            Loss/Loss_actor |            -202 |
|         DHPG/Q_actual_mean |            86.5 |
|       DHPG/Q_abstract_mean |             121 |
|     DHPG/Value_equivalence |            34.8 |
|           Norm/actor_model |             107 |
|          Norm/critic_model |             185 |
| Norm/abstract_critic_model |            74.4 |
|   Norm/state_encoder_model |             240 |
|  Norm/action_encoder_model |            91.7 |
|                Eval/Return |           1e+03 |
------------------------------------------------
------------------------------------------------
|                Train/Steps |        2.44e+06 |
|           Loss/Loss_critic |           0.147 |
|  Loss/Loss_abstract_critic |            3.44 |
| Loss/Loss_lax_bisimulation |           0.771 |
|       Loss/Loss_transition |            2.31 |
|           Loss/Loss_reward |          0.0195 |
|            Loss/Loss_actor |            -201 |
|         DHPG/Q_actual_mean |            85.2 |
|       DHPG/Q_abstract_mean |             121 |
|     DHPG/Value_equivalence |            36.1 |
|           Norm/actor_model |             109 |
|          Norm/critic_model |             188 |
| Norm/abstract_critic_model |            76.1 |
|   Norm/state_encoder_model |             243 |
|  Norm/action_encoder_model |              93 |
|                Eval/Return |             988 |
------------------------------------------------
------------------------------------------------
|                Train/Steps |        2.57e+06 |
|           Loss/Loss_critic |           0.114 |
|  Loss/Loss_abstract_critic |            2.35 |
| Loss/Loss_lax_bisimulation |           0.829 |
|       Loss/Loss_transition |            2.34 |
|           Loss/Loss_reward |         0.00364 |
|            Loss/Loss_actor |            -203 |
|         DHPG/Q_actual_mean |              87 |
|       DHPG/Q_abstract_mean |             124 |
|     DHPG/Value_equivalence |            37.9 |
|           Norm/actor_model |             111 |
|          Norm/critic_model |             192 |
| Norm/abstract_critic_model |            77.3 |
|   Norm/state_encoder_model |             246 |
|  Norm/action_encoder_model |              94 |
|                Eval/Return |           1e+03 |
------------------------------------------------
------------------------------------------------
|                Train/Steps |         2.7e+06 |
|           Loss/Loss_critic |            0.32 |
|  Loss/Loss_abstract_critic |            2.47 |
| Loss/Loss_lax_bisimulation |           0.357 |
|       Loss/Loss_transition |            2.32 |
|           Loss/Loss_reward |        0.000697 |
|            Loss/Loss_actor |            -214 |
|         DHPG/Q_actual_mean |            88.1 |
|       DHPG/Q_abstract_mean |             118 |
|     DHPG/Value_equivalence |            31.3 |
|           Norm/actor_model |             113 |
|          Norm/critic_model |             195 |
| Norm/abstract_critic_model |            78.7 |
|   Norm/state_encoder_model |             249 |
|  Norm/action_encoder_model |            94.9 |
|                Eval/Return |             997 |
------------------------------------------------
------------------------------------------------
|                Train/Steps |        2.82e+06 |
|           Loss/Loss_critic |            2.38 |
|  Loss/Loss_abstract_critic |            11.7 |
| Loss/Loss_lax_bisimulation |           0.803 |
|       Loss/Loss_transition |            2.36 |
|           Loss/Loss_reward |          0.0023 |
|            Loss/Loss_actor |            -212 |
|         DHPG/Q_actual_mean |            88.6 |
|       DHPG/Q_abstract_mean |             125 |
|     DHPG/Value_equivalence |            37.5 |
|           Norm/actor_model |             114 |
|          Norm/critic_model |             198 |
| Norm/abstract_critic_model |              80 |
|   Norm/state_encoder_model |             252 |
|  Norm/action_encoder_model |            95.9 |
|                Eval/Return |             362 |
------------------------------------------------
------------------------------------------------
|                Train/Steps |        2.95e+06 |
|           Loss/Loss_critic |            0.22 |
|  Loss/Loss_abstract_critic |            2.25 |
| Loss/Loss_lax_bisimulation |           0.484 |
|       Loss/Loss_transition |            2.32 |
|           Loss/Loss_reward |         0.00309 |
|            Loss/Loss_actor |            -207 |
|         DHPG/Q_actual_mean |            89.8 |
|       DHPG/Q_abstract_mean |             115 |
|     DHPG/Value_equivalence |            25.5 |
|           Norm/actor_model |             116 |
|          Norm/critic_model |             201 |
| Norm/abstract_critic_model |              81 |
|   Norm/state_encoder_model |             255 |
|  Norm/action_encoder_model |            96.9 |
|                Eval/Return |           1e+03 |
------------------------------------------------
------------------------------------------------
|                Train/Steps |        3.08e+06 |
|           Loss/Loss_critic |            0.58 |
|  Loss/Loss_abstract_critic |            2.42 |
| Loss/Loss_lax_bisimulation |           0.459 |
|       Loss/Loss_transition |            2.31 |
|           Loss/Loss_reward |         0.00798 |
|            Loss/Loss_actor |            -200 |
|         DHPG/Q_actual_mean |            89.8 |
|       DHPG/Q_abstract_mean |             113 |
|     DHPG/Value_equivalence |            24.7 |
|           Norm/actor_model |             117 |
|          Norm/critic_model |             204 |
| Norm/abstract_critic_model |            81.7 |
|   Norm/state_encoder_model |             259 |
|  Norm/action_encoder_model |            98.2 |
|                Eval/Return |           1e+03 |
------------------------------------------------
[32mSaving model …[0m
[32mDone.[0m
[32mSaving model …[0m
[32mDone.[0m
------------------------------------------------
|                Train/Steps |        3.21e+06 |
|           Loss/Loss_critic |            0.25 |
|  Loss/Loss_abstract_critic |            1.29 |
| Loss/Loss_lax_bisimulation |           0.325 |
|       Loss/Loss_transition |            2.32 |
|           Loss/Loss_reward |         0.00149 |
|            Loss/Loss_actor |            -199 |
|         DHPG/Q_actual_mean |            87.6 |
|       DHPG/Q_abstract_mean |             106 |
|     DHPG/Value_equivalence |              21 |
|           Norm/actor_model |             119 |
|          Norm/critic_model |             206 |
| Norm/abstract_critic_model |            82.9 |
|   Norm/state_encoder_model |             263 |
|  Norm/action_encoder_model |            99.4 |
|                Eval/Return |           1e+03 |
------------------------------------------------
------------------------------------------------
|                Train/Steps |        3.34e+06 |
|           Loss/Loss_critic |            0.21 |
|  Loss/Loss_abstract_critic |            4.65 |
| Loss/Loss_lax_bisimulation |           0.675 |
|       Loss/Loss_transition |            2.31 |
|           Loss/Loss_reward |          0.0069 |
|            Loss/Loss_actor |            -202 |
|         DHPG/Q_actual_mean |            91.6 |
|       DHPG/Q_abstract_mean |             115 |
|     DHPG/Value_equivalence |            25.8 |
|           Norm/actor_model |             120 |
|          Norm/critic_model |             209 |
| Norm/abstract_critic_model |              84 |
|   Norm/state_encoder_model |             266 |
|  Norm/action_encoder_model |             100 |
|                Eval/Return |           1e+03 |
------------------------------------------------
------------------------------------------------
|                Train/Steps |        3.46e+06 |
|           Loss/Loss_critic |           0.322 |
|  Loss/Loss_abstract_critic |            1.58 |
| Loss/Loss_lax_bisimulation |           0.961 |
|       Loss/Loss_transition |            2.32 |
|           Loss/Loss_reward |          0.0074 |
|            Loss/Loss_actor |            -199 |
|         DHPG/Q_actual_mean |              90 |
|       DHPG/Q_abstract_mean |             104 |
|     DHPG/Value_equivalence |            16.8 |
|           Norm/actor_model |             121 |
|          Norm/critic_model |             212 |
| Norm/abstract_critic_model |            84.9 |
|   Norm/state_encoder_model |             269 |
|  Norm/action_encoder_model |             102 |
|                Eval/Return |           1e+03 |
------------------------------------------------
------------------------------------------------
|                Train/Steps |        3.59e+06 |
|           Loss/Loss_critic |           0.173 |
|  Loss/Loss_abstract_critic |            1.38 |
| Loss/Loss_lax_bisimulation |           0.462 |
|       Loss/Loss_transition |            2.32 |
|           Loss/Loss_reward |        0.000517 |
|            Loss/Loss_actor |            -192 |
|         DHPG/Q_actual_mean |            91.3 |
|       DHPG/Q_abstract_mean |             105 |
|     DHPG/Value_equivalence |            16.8 |
|           Norm/actor_model |             123 |
|          Norm/critic_model |             215 |
| Norm/abstract_critic_model |            85.8 |
|   Norm/state_encoder_model |             273 |
|  Norm/action_encoder_model |             103 |
|                Eval/Return |           1e+03 |
------------------------------------------------
------------------------------------------------
|                Train/Steps |        3.72e+06 |
|           Loss/Loss_critic |           0.231 |
|  Loss/Loss_abstract_critic |            1.77 |
| Loss/Loss_lax_bisimulation |           0.364 |
|       Loss/Loss_transition |            2.33 |
|           Loss/Loss_reward |         0.00157 |
|            Loss/Loss_actor |            -190 |
|         DHPG/Q_actual_mean |            91.1 |
|       DHPG/Q_abstract_mean |            94.4 |
|     DHPG/Value_equivalence |            6.68 |
|           Norm/actor_model |             124 |
|          Norm/critic_model |             218 |
| Norm/abstract_critic_model |            86.3 |
|   Norm/state_encoder_model |             275 |
|  Norm/action_encoder_model |             104 |
|                Eval/Return |           1e+03 |
------------------------------------------------
------------------------------------------------
|                Train/Steps |        3.85e+06 |
|           Loss/Loss_critic |            0.15 |
|  Loss/Loss_abstract_critic |            1.44 |
| Loss/Loss_lax_bisimulation |           0.262 |
|       Loss/Loss_transition |            2.32 |
|           Loss/Loss_reward |         0.00201 |
|            Loss/Loss_actor |            -182 |
|         DHPG/Q_actual_mean |            91.5 |
|       DHPG/Q_abstract_mean |            94.2 |
|     DHPG/Value_equivalence |            6.19 |
|           Norm/actor_model |             125 |
|          Norm/critic_model |             220 |
| Norm/abstract_critic_model |              87 |
|   Norm/state_encoder_model |             277 |
|  Norm/action_encoder_model |             105 |
|                Eval/Return |           1e+03 |
------------------------------------------------
------------------------------------------------
|                Train/Steps |        3.98e+06 |
|           Loss/Loss_critic |           0.139 |
|  Loss/Loss_abstract_critic |           0.649 |
| Loss/Loss_lax_bisimulation |           0.205 |
|       Loss/Loss_transition |             2.3 |
|           Loss/Loss_reward |         0.00228 |
|            Loss/Loss_actor |            -190 |
|         DHPG/Q_actual_mean |            92.9 |
|       DHPG/Q_abstract_mean |            97.3 |
|     DHPG/Value_equivalence |            6.75 |
|           Norm/actor_model |             126 |
|          Norm/critic_model |             223 |
| Norm/abstract_critic_model |            87.8 |
|   Norm/state_encoder_model |             280 |
|  Norm/action_encoder_model |             106 |
|                Eval/Return |           1e+03 |
------------------------------------------------
------------------------------------------------
|                Train/Steps |         4.1e+06 |
|           Loss/Loss_critic |           0.129 |
|  Loss/Loss_abstract_critic |            1.75 |
| Loss/Loss_lax_bisimulation |           0.163 |
|       Loss/Loss_transition |            2.32 |
|           Loss/Loss_reward |         0.00215 |
|            Loss/Loss_actor |            -192 |
|         DHPG/Q_actual_mean |            94.3 |
|       DHPG/Q_abstract_mean |            99.4 |
|     DHPG/Value_equivalence |            7.42 |
|           Norm/actor_model |             127 |
|          Norm/critic_model |             224 |
| Norm/abstract_critic_model |            88.5 |
|   Norm/state_encoder_model |             282 |
|  Norm/action_encoder_model |             106 |
|                Eval/Return |             523 |
------------------------------------------------
[32mSaving model …[0m
[32mDone.[0m
[32mSaving model …[0m
[32mDone.[0m
------------------------------------------------
|                Train/Steps |        4.23e+06 |
|           Loss/Loss_critic |          0.0634 |
|  Loss/Loss_abstract_critic |            1.63 |
| Loss/Loss_lax_bisimulation |           0.303 |
|       Loss/Loss_transition |            2.31 |
|           Loss/Loss_reward |         0.00173 |
|            Loss/Loss_actor |            -199 |
|         DHPG/Q_actual_mean |             100 |
|       DHPG/Q_abstract_mean |            99.1 |
|     DHPG/Value_equivalence |            4.53 |
|           Norm/actor_model |             128 |
|          Norm/critic_model |             228 |
| Norm/abstract_critic_model |            88.9 |
|   Norm/state_encoder_model |             285 |
|  Norm/action_encoder_model |             108 |
|                Eval/Return |           1e+03 |
------------------------------------------------
------------------------------------------------
|                Train/Steps |        4.36e+06 |
|           Loss/Loss_critic |          0.0409 |
|  Loss/Loss_abstract_critic |            1.03 |
| Loss/Loss_lax_bisimulation |            0.46 |
|       Loss/Loss_transition |            2.32 |
|           Loss/Loss_reward |        0.000507 |
|            Loss/Loss_actor |            -210 |
|         DHPG/Q_actual_mean |             100 |
|       DHPG/Q_abstract_mean |             111 |
|     DHPG/Value_equivalence |            11.5 |
|           Norm/actor_model |             129 |
|          Norm/critic_model |             231 |
| Norm/abstract_critic_model |            89.6 |
|   Norm/state_encoder_model |             288 |
|  Norm/action_encoder_model |             109 |
|                Eval/Return |           1e+03 |
------------------------------------------------
------------------------------------------------
|                Train/Steps |        4.49e+06 |
|           Loss/Loss_critic |          0.0372 |
|  Loss/Loss_abstract_critic |            1.16 |
| Loss/Loss_lax_bisimulation |           0.537 |
|       Loss/Loss_transition |            2.32 |
|           Loss/Loss_reward |         0.00325 |
|            Loss/Loss_actor |            -203 |
|         DHPG/Q_actual_mean |             101 |
|       DHPG/Q_abstract_mean |             103 |
|     DHPG/Value_equivalence |            3.67 |
|           Norm/actor_model |             130 |
|          Norm/critic_model |             234 |
| Norm/abstract_critic_model |            90.2 |
|   Norm/state_encoder_model |             291 |
|  Norm/action_encoder_model |             110 |
|                Eval/Return |           1e+03 |
------------------------------------------------
------------------------------------------------
|                Train/Steps |        4.62e+06 |
|           Loss/Loss_critic |          0.0198 |
|  Loss/Loss_abstract_critic |           0.344 |
| Loss/Loss_lax_bisimulation |           0.232 |
|       Loss/Loss_transition |            2.31 |
|           Loss/Loss_reward |        0.000171 |
|            Loss/Loss_actor |            -204 |
|         DHPG/Q_actual_mean |             103 |
|       DHPG/Q_abstract_mean |             103 |
|     DHPG/Value_equivalence |             1.9 |
|           Norm/actor_model |             130 |
|          Norm/critic_model |             235 |
| Norm/abstract_critic_model |            90.8 |
|   Norm/state_encoder_model |             294 |
|  Norm/action_encoder_model |             111 |
|                Eval/Return |           1e+03 |
------------------------------------------------
------------------------------------------------
|                Train/Steps |        4.74e+06 |
|           Loss/Loss_critic |          0.0988 |
|  Loss/Loss_abstract_critic |            2.38 |
| Loss/Loss_lax_bisimulation |           0.195 |
|       Loss/Loss_transition |            2.33 |
|           Loss/Loss_reward |         0.00278 |
|            Loss/Loss_actor |            -205 |
|         DHPG/Q_actual_mean |             101 |
|       DHPG/Q_abstract_mean |             103 |
|     DHPG/Value_equivalence |            3.16 |
|           Norm/actor_model |             131 |
|          Norm/critic_model |             236 |
| Norm/abstract_critic_model |            91.2 |
|   Norm/state_encoder_model |             297 |
|  Norm/action_encoder_model |             112 |
|                Eval/Return |           1e+03 |
------------------------------------------------
------------------------------------------------
|                Train/Steps |        4.87e+06 |
|           Loss/Loss_critic |          0.0197 |
|  Loss/Loss_abstract_critic |           0.559 |
| Loss/Loss_lax_bisimulation |           0.136 |
|       Loss/Loss_transition |            2.32 |
|           Loss/Loss_reward |        0.000114 |
|            Loss/Loss_actor |            -202 |
|         DHPG/Q_actual_mean |             101 |
|       DHPG/Q_abstract_mean |             101 |
|     DHPG/Value_equivalence |            2.06 |
|           Norm/actor_model |             132 |
|          Norm/critic_model |             238 |
| Norm/abstract_critic_model |            91.6 |
|   Norm/state_encoder_model |             300 |
|  Norm/action_encoder_model |             112 |
|                Eval/Return |           1e+03 |
------------------------------------------------
------------------------------------------------
|                Train/Steps |           5e+06 |
|           Loss/Loss_critic |          0.0398 |
|  Loss/Loss_abstract_critic |            1.08 |
| Loss/Loss_lax_bisimulation |           0.291 |
|       Loss/Loss_transition |            2.31 |
|           Loss/Loss_reward |          0.0212 |
|            Loss/Loss_actor |            -200 |
|         DHPG/Q_actual_mean |             100 |
|       DHPG/Q_abstract_mean |            97.7 |
|     DHPG/Value_equivalence |            2.77 |
|           Norm/actor_model |             132 |
|          Norm/critic_model |             240 |
| Norm/abstract_critic_model |            92.1 |
|   Norm/state_encoder_model |             301 |
|  Norm/action_encoder_model |             113 |
|                Eval/Return |           1e+03 |
------------------------------------------------
[32mSaving model …[0m
[32mDone.[0m
[32mSaving model …[0m
[32mDone.[0m
