E0902 10:09:04.285105 1227261 cuda_executor.cc:1526] Could not get kernel mode driver version: (INVALID_ARGUMENT: Version does not match the format X.Y.Z)
E0902 10:09:04.293750 1227151 cuda_executor.cc:1526] Could not get kernel mode driver version: (INVALID_ARGUMENT: Version does not match the format X.Y.Z)
[32m[harness] num_envs=128 total_env_steps=5000000 batch=512 train_per_step=8 UTD=0.0625 seed=8192 transitions log_every=128000 transitions normalize_obs=True[0m
[32m[algorithm] lr=0.001 tau=0.005 nstep=3 update_every=2 stddev=linear(1.0,0.1,500000) origin=8192 bootstrap_on_truncation=True matching_dims=True[0m
[32mStart prefilling replay buffer[0m
[32mStart DHPG training[0m
------------------------------------------------
|                Train/Steps |        1.36e+05 |
|           Loss/Loss_critic |        5.34e-06 |
|  Loss/Loss_abstract_critic |        0.000164 |
| Loss/Loss_lax_bisimulation |           0.161 |
|       Loss/Loss_transition |            0.69 |
|           Loss/Loss_reward |        2.16e-05 |
|            Loss/Loss_actor |         -0.0416 |
|         DHPG/Q_actual_mean |          0.0393 |
|       DHPG/Q_abstract_mean |         0.00618 |
|     DHPG/Value_equivalence |           0.194 |
|           Norm/actor_model |            30.1 |
|          Norm/critic_model |            21.6 |
| Norm/abstract_critic_model |            18.4 |
|   Norm/state_encoder_model |            50.9 |
|  Norm/action_encoder_model |            42.1 |
|                Eval/Return |             0.2 |
------------------------------------------------
------------------------------------------------
|                Train/Steps |        2.64e+05 |
|           Loss/Loss_critic |        5.92e-05 |
|  Loss/Loss_abstract_critic |        8.53e-05 |
| Loss/Loss_lax_bisimulation |           0.179 |
|       Loss/Loss_transition |           0.742 |
|           Loss/Loss_reward |        2.17e-05 |
|            Loss/Loss_actor |         -0.0236 |
|         DHPG/Q_actual_mean |           0.028 |
|       DHPG/Q_abstract_mean |       -0.000127 |
|     DHPG/Value_equivalence |          0.0834 |
|           Norm/actor_model |            34.4 |
|          Norm/critic_model |            27.2 |
| Norm/abstract_critic_model |            19.3 |
|   Norm/state_encoder_model |            73.1 |
|  Norm/action_encoder_model |            51.5 |
|                Eval/Return |           0.611 |
------------------------------------------------
------------------------------------------------
|                Train/Steps |        3.92e+05 |
|           Loss/Loss_critic |         0.00476 |
|  Loss/Loss_abstract_critic |         0.00278 |
| Loss/Loss_lax_bisimulation |           0.265 |
|       Loss/Loss_transition |           0.843 |
|           Loss/Loss_reward |        0.000471 |
|            Loss/Loss_actor |           -0.25 |
|         DHPG/Q_actual_mean |           0.169 |
|       DHPG/Q_abstract_mean |          0.0514 |
|     DHPG/Value_equivalence |           0.122 |
|           Norm/actor_model |            46.5 |
|          Norm/critic_model |            34.9 |
| Norm/abstract_critic_model |            22.1 |
|   Norm/state_encoder_model |              91 |
|  Norm/action_encoder_model |            59.4 |
|                Eval/Return |            3.14 |
------------------------------------------------
------------------------------------------------
|                Train/Steps |         5.2e+05 |
|           Loss/Loss_critic |          0.0166 |
|  Loss/Loss_abstract_critic |         0.00588 |
| Loss/Loss_lax_bisimulation |           0.215 |
|       Loss/Loss_transition |           0.818 |
|           Loss/Loss_reward |        0.000533 |
|            Loss/Loss_actor |           -1.03 |
|         DHPG/Q_actual_mean |           0.709 |
|       DHPG/Q_abstract_mean |            0.23 |
|     DHPG/Value_equivalence |           0.479 |
|           Norm/actor_model |            55.6 |
|          Norm/critic_model |              41 |
| Norm/abstract_critic_model |            24.1 |
|   Norm/state_encoder_model |             106 |
|  Norm/action_encoder_model |            66.7 |
|                Eval/Return |            25.1 |
------------------------------------------------
------------------------------------------------
|                Train/Steps |        6.48e+05 |
|           Loss/Loss_critic |          0.0119 |
|  Loss/Loss_abstract_critic |          0.0239 |
| Loss/Loss_lax_bisimulation |            0.33 |
|       Loss/Loss_transition |           0.907 |
|           Loss/Loss_reward |         0.00166 |
|            Loss/Loss_actor |           -1.93 |
|         DHPG/Q_actual_mean |            1.28 |
|       DHPG/Q_abstract_mean |            0.55 |
|     DHPG/Value_equivalence |           0.733 |
|           Norm/actor_model |            61.2 |
|          Norm/critic_model |            45.4 |
| Norm/abstract_critic_model |            27.2 |
|   Norm/state_encoder_model |             121 |
|  Norm/action_encoder_model |            73.6 |
|                Eval/Return |            31.5 |
------------------------------------------------
------------------------------------------------
|                Train/Steps |        7.76e+05 |
|           Loss/Loss_critic |          0.0191 |
|  Loss/Loss_abstract_critic |           0.026 |
| Loss/Loss_lax_bisimulation |           0.223 |
|       Loss/Loss_transition |           0.849 |
|           Loss/Loss_reward |         0.00662 |
|            Loss/Loss_actor |           -2.77 |
|         DHPG/Q_actual_mean |            2.14 |
|       DHPG/Q_abstract_mean |           0.682 |
|     DHPG/Value_equivalence |            1.46 |
|           Norm/actor_model |            66.4 |
|          Norm/critic_model |            48.7 |
| Norm/abstract_critic_model |            31.3 |
|   Norm/state_encoder_model |             131 |
|  Norm/action_encoder_model |            79.6 |
|                Eval/Return |            38.2 |
------------------------------------------------
------------------------------------------------
|                Train/Steps |        9.04e+05 |
|           Loss/Loss_critic |          0.0162 |
|  Loss/Loss_abstract_critic |          0.0252 |
| Loss/Loss_lax_bisimulation |           0.312 |
|       Loss/Loss_transition |           0.924 |
|           Loss/Loss_reward |         0.00611 |
|            Loss/Loss_actor |           -3.64 |
|         DHPG/Q_actual_mean |            2.81 |
|       DHPG/Q_abstract_mean |           0.899 |
|     DHPG/Value_equivalence |            1.92 |
|           Norm/actor_model |            71.5 |
|          Norm/critic_model |            51.7 |
| Norm/abstract_critic_model |            34.4 |
|   Norm/state_encoder_model |             140 |
|  Norm/action_encoder_model |            85.1 |
|                Eval/Return |            45.4 |
------------------------------------------------
------------------------------------------------
|                Train/Steps |        1.03e+06 |
|           Loss/Loss_critic |          0.0188 |
|  Loss/Loss_abstract_critic |          0.0147 |
| Loss/Loss_lax_bisimulation |           0.278 |
|       Loss/Loss_transition |            0.88 |
|           Loss/Loss_reward |         0.00522 |
|            Loss/Loss_actor |           -4.15 |
|         DHPG/Q_actual_mean |             2.9 |
|       DHPG/Q_abstract_mean |           0.739 |
|     DHPG/Value_equivalence |            2.16 |
|           Norm/actor_model |            75.7 |
|          Norm/critic_model |            54.8 |
| Norm/abstract_critic_model |            37.4 |
|   Norm/state_encoder_model |             147 |
|  Norm/action_encoder_model |            90.4 |
|                Eval/Return |            43.2 |
------------------------------------------------
[32mSaving model …[0m
[32mDone.[0m
[32mSaving model …[0m
[32mDone.[0m
------------------------------------------------
|                Train/Steps |        1.16e+06 |
|           Loss/Loss_critic |          0.0155 |
|  Loss/Loss_abstract_critic |           0.023 |
| Loss/Loss_lax_bisimulation |           0.478 |
|       Loss/Loss_transition |           0.936 |
|           Loss/Loss_reward |         0.00569 |
|            Loss/Loss_actor |           -4.65 |
|         DHPG/Q_actual_mean |            3.69 |
|       DHPG/Q_abstract_mean |            1.26 |
|     DHPG/Value_equivalence |            2.43 |
|           Norm/actor_model |            79.4 |
|          Norm/critic_model |            57.6 |
| Norm/abstract_critic_model |            40.8 |
|   Norm/state_encoder_model |             153 |
|  Norm/action_encoder_model |            95.6 |
|                Eval/Return |            42.6 |
------------------------------------------------
------------------------------------------------
|                Train/Steps |        1.29e+06 |
|           Loss/Loss_critic |          0.0207 |
|  Loss/Loss_abstract_critic |           0.059 |
| Loss/Loss_lax_bisimulation |           0.641 |
|       Loss/Loss_transition |             1.1 |
|           Loss/Loss_reward |          0.0133 |
|            Loss/Loss_actor |           -4.49 |
|         DHPG/Q_actual_mean |            3.58 |
|       DHPG/Q_abstract_mean |            1.06 |
|     DHPG/Value_equivalence |            2.54 |
|           Norm/actor_model |            82.6 |
|          Norm/critic_model |            60.3 |
| Norm/abstract_critic_model |            43.9 |
|   Norm/state_encoder_model |             158 |
|  Norm/action_encoder_model |             100 |
|                Eval/Return |              64 |
------------------------------------------------
------------------------------------------------
|                Train/Steps |        1.42e+06 |
|           Loss/Loss_critic |         0.00805 |
|  Loss/Loss_abstract_critic |          0.0183 |
| Loss/Loss_lax_bisimulation |           0.353 |
|       Loss/Loss_transition |           0.971 |
|           Loss/Loss_reward |         0.00823 |
|            Loss/Loss_actor |              -5 |
|         DHPG/Q_actual_mean |            3.78 |
|       DHPG/Q_abstract_mean |            1.12 |
|     DHPG/Value_equivalence |            2.65 |
|           Norm/actor_model |              86 |
|          Norm/critic_model |            62.9 |
| Norm/abstract_critic_model |            47.6 |
|   Norm/state_encoder_model |             162 |
|  Norm/action_encoder_model |             105 |
|                Eval/Return |            50.4 |
------------------------------------------------
------------------------------------------------
|                Train/Steps |        1.54e+06 |
|           Loss/Loss_critic |          0.0215 |
|  Loss/Loss_abstract_critic |          0.0335 |
| Loss/Loss_lax_bisimulation |           0.548 |
|       Loss/Loss_transition |            1.01 |
|           Loss/Loss_reward |          0.0109 |
|            Loss/Loss_actor |           -5.58 |
|         DHPG/Q_actual_mean |            4.22 |
|       DHPG/Q_abstract_mean |            1.25 |
|     DHPG/Value_equivalence |            2.97 |
|           Norm/actor_model |            89.6 |
|          Norm/critic_model |            65.3 |
| Norm/abstract_critic_model |            51.5 |
|   Norm/state_encoder_model |             166 |
|  Norm/action_encoder_model |             109 |
|                Eval/Return |            56.1 |
------------------------------------------------
------------------------------------------------
|                Train/Steps |        1.67e+06 |
|           Loss/Loss_critic |          0.0208 |
|  Loss/Loss_abstract_critic |          0.0598 |
| Loss/Loss_lax_bisimulation |           0.559 |
|       Loss/Loss_transition |            1.18 |
|           Loss/Loss_reward |          0.0269 |
|            Loss/Loss_actor |           -6.38 |
|         DHPG/Q_actual_mean |            4.48 |
|       DHPG/Q_abstract_mean |            1.63 |
|     DHPG/Value_equivalence |            2.87 |
|           Norm/actor_model |              93 |
|          Norm/critic_model |              68 |
| Norm/abstract_critic_model |            54.2 |
|   Norm/state_encoder_model |             169 |
|  Norm/action_encoder_model |             113 |
|                Eval/Return |            49.8 |
------------------------------------------------
------------------------------------------------
|                Train/Steps |         1.8e+06 |
|           Loss/Loss_critic |          0.0247 |
|  Loss/Loss_abstract_critic |          0.0535 |
| Loss/Loss_lax_bisimulation |           0.521 |
|       Loss/Loss_transition |            1.16 |
|           Loss/Loss_reward |          0.0209 |
|            Loss/Loss_actor |           -5.84 |
|         DHPG/Q_actual_mean |            4.73 |
|       DHPG/Q_abstract_mean |             1.7 |
|     DHPG/Value_equivalence |            3.03 |
|           Norm/actor_model |            95.9 |
|          Norm/critic_model |            70.4 |
| Norm/abstract_critic_model |            57.4 |
|   Norm/state_encoder_model |             172 |
|  Norm/action_encoder_model |             117 |
|                Eval/Return |            89.5 |
------------------------------------------------
------------------------------------------------
|                Train/Steps |        1.93e+06 |
|           Loss/Loss_critic |          0.0392 |
|  Loss/Loss_abstract_critic |          0.0754 |
| Loss/Loss_lax_bisimulation |            0.78 |
|       Loss/Loss_transition |            1.36 |
|           Loss/Loss_reward |          0.0362 |
|            Loss/Loss_actor |           -8.07 |
|         DHPG/Q_actual_mean |            5.58 |
|       DHPG/Q_abstract_mean |             1.7 |
|     DHPG/Value_equivalence |            3.94 |
|           Norm/actor_model |            98.9 |
|          Norm/critic_model |              73 |
| Norm/abstract_critic_model |            60.5 |
|   Norm/state_encoder_model |             175 |
|  Norm/action_encoder_model |             121 |
|                Eval/Return |             123 |
------------------------------------------------
------------------------------------------------
|                Train/Steps |        2.06e+06 |
|           Loss/Loss_critic |          0.0443 |
|  Loss/Loss_abstract_critic |          0.0556 |
| Loss/Loss_lax_bisimulation |            1.42 |
|       Loss/Loss_transition |            1.26 |
|           Loss/Loss_reward |           0.034 |
|            Loss/Loss_actor |           -8.53 |
|         DHPG/Q_actual_mean |            7.27 |
|       DHPG/Q_abstract_mean |            2.06 |
|     DHPG/Value_equivalence |            5.35 |
|           Norm/actor_model |             102 |
|          Norm/critic_model |            75.6 |
| Norm/abstract_critic_model |            63.3 |
|   Norm/state_encoder_model |             177 |
|  Norm/action_encoder_model |             125 |
|                Eval/Return |             130 |
------------------------------------------------
[32mSaving model …[0m
[32mDone.[0m
[32mSaving model …[0m
[32mDone.[0m
------------------------------------------------
|                Train/Steps |        2.18e+06 |
|           Loss/Loss_critic |          0.0674 |
|  Loss/Loss_abstract_critic |          0.0529 |
| Loss/Loss_lax_bisimulation |            1.07 |
|       Loss/Loss_transition |            1.14 |
|           Loss/Loss_reward |          0.0211 |
|            Loss/Loss_actor |           -10.2 |
|         DHPG/Q_actual_mean |            8.22 |
|       DHPG/Q_abstract_mean |            2.37 |
|     DHPG/Value_equivalence |            6.02 |
|           Norm/actor_model |             105 |
|          Norm/critic_model |            78.2 |
| Norm/abstract_critic_model |            66.3 |
|   Norm/state_encoder_model |             180 |
|  Norm/action_encoder_model |             129 |
|                Eval/Return |             143 |
------------------------------------------------
------------------------------------------------
|                Train/Steps |        2.31e+06 |
|           Loss/Loss_critic |          0.0659 |
|  Loss/Loss_abstract_critic |           0.083 |
| Loss/Loss_lax_bisimulation |            1.09 |
|       Loss/Loss_transition |            1.25 |
|           Loss/Loss_reward |          0.0302 |
|            Loss/Loss_actor |           -12.1 |
|         DHPG/Q_actual_mean |            9.65 |
|       DHPG/Q_abstract_mean |            2.61 |
|     DHPG/Value_equivalence |             7.2 |
|           Norm/actor_model |             107 |
|          Norm/critic_model |            80.5 |
| Norm/abstract_critic_model |            69.9 |
|   Norm/state_encoder_model |             182 |
|  Norm/action_encoder_model |             132 |
|                Eval/Return |             158 |
------------------------------------------------
------------------------------------------------
|                Train/Steps |        2.44e+06 |
|           Loss/Loss_critic |          0.0607 |
|  Loss/Loss_abstract_critic |          0.0784 |
| Loss/Loss_lax_bisimulation |            1.06 |
|       Loss/Loss_transition |            1.36 |
|           Loss/Loss_reward |          0.0339 |
|            Loss/Loss_actor |           -14.5 |
|         DHPG/Q_actual_mean |            11.1 |
|       DHPG/Q_abstract_mean |            3.14 |
|     DHPG/Value_equivalence |            8.13 |
|           Norm/actor_model |             109 |
|          Norm/critic_model |            82.4 |
| Norm/abstract_critic_model |            73.2 |
|   Norm/state_encoder_model |             184 |
|  Norm/action_encoder_model |             136 |
|                Eval/Return |             178 |
------------------------------------------------
------------------------------------------------
|                Train/Steps |        2.57e+06 |
|           Loss/Loss_critic |          0.0594 |
|  Loss/Loss_abstract_critic |           0.078 |
| Loss/Loss_lax_bisimulation |            0.91 |
|       Loss/Loss_transition |            1.43 |
|           Loss/Loss_reward |          0.0217 |
|            Loss/Loss_actor |           -14.9 |
|         DHPG/Q_actual_mean |            11.8 |
|       DHPG/Q_abstract_mean |            3.11 |
|     DHPG/Value_equivalence |            8.77 |
|           Norm/actor_model |             112 |
|          Norm/critic_model |            84.1 |
| Norm/abstract_critic_model |            76.3 |
|   Norm/state_encoder_model |             186 |
|  Norm/action_encoder_model |             139 |
|                Eval/Return |             174 |
------------------------------------------------
------------------------------------------------
|                Train/Steps |         2.7e+06 |
|           Loss/Loss_critic |          0.0915 |
|  Loss/Loss_abstract_critic |           0.151 |
| Loss/Loss_lax_bisimulation |            1.55 |
|       Loss/Loss_transition |             1.7 |
|           Loss/Loss_reward |           0.101 |
|            Loss/Loss_actor |           -15.9 |
|         DHPG/Q_actual_mean |            12.7 |
|       DHPG/Q_abstract_mean |             3.2 |
|     DHPG/Value_equivalence |            9.64 |
|           Norm/actor_model |             114 |
|          Norm/critic_model |              86 |
| Norm/abstract_critic_model |            79.3 |
|   Norm/state_encoder_model |             187 |
|  Norm/action_encoder_model |             142 |
|                Eval/Return |             183 |
------------------------------------------------
------------------------------------------------
|                Train/Steps |        2.82e+06 |
|           Loss/Loss_critic |          0.0761 |
|  Loss/Loss_abstract_critic |           0.178 |
| Loss/Loss_lax_bisimulation |            1.44 |
|       Loss/Loss_transition |            1.53 |
|           Loss/Loss_reward |          0.0421 |
|            Loss/Loss_actor |           -17.2 |
|         DHPG/Q_actual_mean |            13.3 |
|       DHPG/Q_abstract_mean |            3.74 |
|     DHPG/Value_equivalence |            9.59 |
|           Norm/actor_model |             117 |
|          Norm/critic_model |            87.9 |
| Norm/abstract_critic_model |            82.4 |
|   Norm/state_encoder_model |             189 |
|  Norm/action_encoder_model |             145 |
|                Eval/Return |             185 |
------------------------------------------------
------------------------------------------------
|                Train/Steps |        2.95e+06 |
|           Loss/Loss_critic |           0.082 |
|  Loss/Loss_abstract_critic |          0.0624 |
| Loss/Loss_lax_bisimulation |            1.72 |
|       Loss/Loss_transition |            1.48 |
|           Loss/Loss_reward |          0.0366 |
|            Loss/Loss_actor |           -17.1 |
|         DHPG/Q_actual_mean |            14.1 |
|       DHPG/Q_abstract_mean |            3.22 |
|     DHPG/Value_equivalence |              11 |
|           Norm/actor_model |             119 |
|          Norm/critic_model |            89.8 |
| Norm/abstract_critic_model |            85.6 |
|   Norm/state_encoder_model |             191 |
|  Norm/action_encoder_model |             148 |
|                Eval/Return |             189 |
------------------------------------------------
------------------------------------------------
|                Train/Steps |        3.08e+06 |
|           Loss/Loss_critic |          0.0873 |
|  Loss/Loss_abstract_critic |          0.0876 |
| Loss/Loss_lax_bisimulation |            2.83 |
|       Loss/Loss_transition |            1.56 |
|           Loss/Loss_reward |          0.0504 |
|            Loss/Loss_actor |           -18.2 |
|         DHPG/Q_actual_mean |            14.7 |
|       DHPG/Q_abstract_mean |            3.15 |
|     DHPG/Value_equivalence |            11.7 |
|           Norm/actor_model |             121 |
|          Norm/critic_model |            91.5 |
| Norm/abstract_critic_model |            88.2 |
|   Norm/state_encoder_model |             193 |
|  Norm/action_encoder_model |             150 |
|                Eval/Return |             193 |
------------------------------------------------
[32mSaving model …[0m
[32mDone.[0m
[32mSaving model …[0m
[32mDone.[0m
------------------------------------------------
|                Train/Steps |        3.21e+06 |
|           Loss/Loss_critic |           0.133 |
|  Loss/Loss_abstract_critic |           0.107 |
| Loss/Loss_lax_bisimulation |            1.59 |
|       Loss/Loss_transition |            1.68 |
|           Loss/Loss_reward |          0.0762 |
|            Loss/Loss_actor |           -19.1 |
|         DHPG/Q_actual_mean |            15.7 |
|       DHPG/Q_abstract_mean |            3.74 |
|     DHPG/Value_equivalence |            12.1 |
|           Norm/actor_model |             124 |
|          Norm/critic_model |            93.1 |
| Norm/abstract_critic_model |            91.7 |
|   Norm/state_encoder_model |             195 |
|  Norm/action_encoder_model |             152 |
|                Eval/Return |             205 |
------------------------------------------------
------------------------------------------------
|                Train/Steps |        3.34e+06 |
|           Loss/Loss_critic |           0.132 |
|  Loss/Loss_abstract_critic |          0.0828 |
| Loss/Loss_lax_bisimulation |            1.23 |
|       Loss/Loss_transition |            1.57 |
|           Loss/Loss_reward |          0.0453 |
|            Loss/Loss_actor |             -20 |
|         DHPG/Q_actual_mean |            15.8 |
|       DHPG/Q_abstract_mean |             3.8 |
|     DHPG/Value_equivalence |            12.1 |
|           Norm/actor_model |             126 |
|          Norm/critic_model |            94.7 |
| Norm/abstract_critic_model |            94.3 |
|   Norm/state_encoder_model |             197 |
|  Norm/action_encoder_model |             155 |
|                Eval/Return |             205 |
------------------------------------------------
------------------------------------------------
|                Train/Steps |        3.46e+06 |
|           Loss/Loss_critic |           0.132 |
|  Loss/Loss_abstract_critic |           0.105 |
| Loss/Loss_lax_bisimulation |           0.953 |
|       Loss/Loss_transition |            1.68 |
|           Loss/Loss_reward |          0.0675 |
|            Loss/Loss_actor |           -20.4 |
|         DHPG/Q_actual_mean |            16.1 |
|       DHPG/Q_abstract_mean |            4.25 |
|     DHPG/Value_equivalence |            12.1 |
|           Norm/actor_model |             128 |
|          Norm/critic_model |            96.2 |
| Norm/abstract_critic_model |            97.4 |
|   Norm/state_encoder_model |             199 |
|  Norm/action_encoder_model |             157 |
|                Eval/Return |             209 |
------------------------------------------------
------------------------------------------------
|                Train/Steps |        3.59e+06 |
|           Loss/Loss_critic |           0.108 |
|  Loss/Loss_abstract_critic |           0.138 |
| Loss/Loss_lax_bisimulation |            1.34 |
|       Loss/Loss_transition |             1.6 |
|           Loss/Loss_reward |           0.153 |
|            Loss/Loss_actor |             -20 |
|         DHPG/Q_actual_mean |            16.9 |
|       DHPG/Q_abstract_mean |            3.86 |
|     DHPG/Value_equivalence |              13 |
|           Norm/actor_model |             130 |
|          Norm/critic_model |            97.7 |
| Norm/abstract_critic_model |             100 |
|   Norm/state_encoder_model |             201 |
|  Norm/action_encoder_model |             159 |
|                Eval/Return |             203 |
------------------------------------------------
------------------------------------------------
|                Train/Steps |        3.72e+06 |
|           Loss/Loss_critic |          0.0951 |
|  Loss/Loss_abstract_critic |           0.109 |
| Loss/Loss_lax_bisimulation |            2.13 |
|       Loss/Loss_transition |            1.71 |
|           Loss/Loss_reward |          0.0576 |
|            Loss/Loss_actor |           -21.6 |
|         DHPG/Q_actual_mean |            17.1 |
|       DHPG/Q_abstract_mean |            4.73 |
|     DHPG/Value_equivalence |            12.4 |
|           Norm/actor_model |             132 |
|          Norm/critic_model |            99.1 |
| Norm/abstract_critic_model |             104 |
|   Norm/state_encoder_model |             203 |
|  Norm/action_encoder_model |             161 |
|                Eval/Return |             211 |
------------------------------------------------
------------------------------------------------
|                Train/Steps |        3.85e+06 |
|           Loss/Loss_critic |          0.0902 |
|  Loss/Loss_abstract_critic |           0.138 |
| Loss/Loss_lax_bisimulation |            2.27 |
|       Loss/Loss_transition |            1.77 |
|           Loss/Loss_reward |           0.121 |
|            Loss/Loss_actor |           -22.1 |
|         DHPG/Q_actual_mean |            17.5 |
|       DHPG/Q_abstract_mean |            4.89 |
|     DHPG/Value_equivalence |            12.7 |
|           Norm/actor_model |             134 |
|          Norm/critic_model |             101 |
| Norm/abstract_critic_model |             106 |
|   Norm/state_encoder_model |             205 |
|  Norm/action_encoder_model |             163 |
|                Eval/Return |             208 |
------------------------------------------------
------------------------------------------------
|                Train/Steps |        3.98e+06 |
|           Loss/Loss_critic |            0.11 |
|  Loss/Loss_abstract_critic |           0.177 |
| Loss/Loss_lax_bisimulation |            1.49 |
|       Loss/Loss_transition |            1.71 |
|           Loss/Loss_reward |           0.113 |
|            Loss/Loss_actor |           -22.7 |
|         DHPG/Q_actual_mean |            17.4 |
|       DHPG/Q_abstract_mean |             5.1 |
|     DHPG/Value_equivalence |            12.3 |
|           Norm/actor_model |             136 |
|          Norm/critic_model |             102 |
| Norm/abstract_critic_model |             108 |
|   Norm/state_encoder_model |             207 |
|  Norm/action_encoder_model |             165 |
|                Eval/Return |             216 |
------------------------------------------------
------------------------------------------------
|                Train/Steps |         4.1e+06 |
|           Loss/Loss_critic |          0.0752 |
|  Loss/Loss_abstract_critic |           0.104 |
| Loss/Loss_lax_bisimulation |            1.13 |
|       Loss/Loss_transition |            1.64 |
|           Loss/Loss_reward |          0.0806 |
|            Loss/Loss_actor |           -23.3 |
|         DHPG/Q_actual_mean |            18.2 |
|       DHPG/Q_abstract_mean |            5.15 |
|     DHPG/Value_equivalence |            13.1 |
|           Norm/actor_model |             138 |
|          Norm/critic_model |             104 |
| Norm/abstract_critic_model |             111 |
|   Norm/state_encoder_model |             209 |
|  Norm/action_encoder_model |             167 |
|                Eval/Return |             217 |
------------------------------------------------
[32mSaving model …[0m
[32mDone.[0m
[32mSaving model …[0m
[32mDone.[0m
------------------------------------------------
|                Train/Steps |        4.23e+06 |
|           Loss/Loss_critic |           0.089 |
|  Loss/Loss_abstract_critic |           0.117 |
| Loss/Loss_lax_bisimulation |           0.712 |
|       Loss/Loss_transition |             1.6 |
|           Loss/Loss_reward |          0.0528 |
|            Loss/Loss_actor |           -23.5 |
|         DHPG/Q_actual_mean |            18.1 |
|       DHPG/Q_abstract_mean |            5.11 |
|     DHPG/Value_equivalence |            13.1 |
|           Norm/actor_model |             140 |
|          Norm/critic_model |             105 |
| Norm/abstract_critic_model |             113 |
|   Norm/state_encoder_model |             210 |
|  Norm/action_encoder_model |             168 |
|                Eval/Return |             196 |
------------------------------------------------
------------------------------------------------
|                Train/Steps |        4.36e+06 |
|           Loss/Loss_critic |          0.0694 |
|  Loss/Loss_abstract_critic |           0.109 |
| Loss/Loss_lax_bisimulation |            1.43 |
|       Loss/Loss_transition |             1.7 |
|           Loss/Loss_reward |           0.049 |
|            Loss/Loss_actor |             -24 |
|         DHPG/Q_actual_mean |            18.8 |
|       DHPG/Q_abstract_mean |            5.14 |
|     DHPG/Value_equivalence |            13.7 |
|           Norm/actor_model |             141 |
|          Norm/critic_model |             106 |
| Norm/abstract_critic_model |             115 |
|   Norm/state_encoder_model |             212 |
|  Norm/action_encoder_model |             170 |
|                Eval/Return |             214 |
------------------------------------------------
------------------------------------------------
|                Train/Steps |        4.49e+06 |
|           Loss/Loss_critic |          0.0858 |
|  Loss/Loss_abstract_critic |           0.165 |
| Loss/Loss_lax_bisimulation |            3.64 |
|       Loss/Loss_transition |            1.91 |
|           Loss/Loss_reward |           0.148 |
|            Loss/Loss_actor |           -24.8 |
|         DHPG/Q_actual_mean |            19.1 |
|       DHPG/Q_abstract_mean |            5.78 |
|     DHPG/Value_equivalence |            13.4 |
|           Norm/actor_model |             143 |
|          Norm/critic_model |             108 |
| Norm/abstract_critic_model |             118 |
|   Norm/state_encoder_model |             215 |
|  Norm/action_encoder_model |             171 |
|                Eval/Return |             207 |
------------------------------------------------
------------------------------------------------
|                Train/Steps |        4.62e+06 |
|           Loss/Loss_critic |          0.0992 |
|  Loss/Loss_abstract_critic |            0.18 |
| Loss/Loss_lax_bisimulation |            1.67 |
|       Loss/Loss_transition |            1.59 |
|           Loss/Loss_reward |           0.086 |
|            Loss/Loss_actor |           -26.8 |
|         DHPG/Q_actual_mean |            19.7 |
|       DHPG/Q_abstract_mean |            6.94 |
|     DHPG/Value_equivalence |            12.9 |
|           Norm/actor_model |             145 |
|          Norm/critic_model |             109 |
| Norm/abstract_critic_model |             120 |
|   Norm/state_encoder_model |             217 |
|  Norm/action_encoder_model |             171 |
|                Eval/Return |             222 |
------------------------------------------------
------------------------------------------------
|                Train/Steps |        4.74e+06 |
|           Loss/Loss_critic |          0.0665 |
|  Loss/Loss_abstract_critic |            0.13 |
| Loss/Loss_lax_bisimulation |            1.96 |
|       Loss/Loss_transition |            1.77 |
|           Loss/Loss_reward |          0.0654 |
|            Loss/Loss_actor |           -27.9 |
|         DHPG/Q_actual_mean |            19.8 |
|       DHPG/Q_abstract_mean |            7.95 |
|     DHPG/Value_equivalence |            11.9 |
|           Norm/actor_model |             147 |
|          Norm/critic_model |             111 |
| Norm/abstract_critic_model |             123 |
|   Norm/state_encoder_model |             219 |
|  Norm/action_encoder_model |             172 |
|                Eval/Return |             229 |
------------------------------------------------
------------------------------------------------
|                Train/Steps |        4.87e+06 |
|           Loss/Loss_critic |          0.0767 |
|  Loss/Loss_abstract_critic |           0.144 |
| Loss/Loss_lax_bisimulation |            3.19 |
|       Loss/Loss_transition |            1.71 |
|           Loss/Loss_reward |          0.0778 |
|            Loss/Loss_actor |           -29.5 |
|         DHPG/Q_actual_mean |              20 |
|       DHPG/Q_abstract_mean |            8.91 |
|     DHPG/Value_equivalence |            11.1 |
|           Norm/actor_model |             149 |
|          Norm/critic_model |             112 |
| Norm/abstract_critic_model |             125 |
|   Norm/state_encoder_model |             221 |
|  Norm/action_encoder_model |             173 |
|                Eval/Return |             226 |
------------------------------------------------
------------------------------------------------
|                Train/Steps |           5e+06 |
|           Loss/Loss_critic |          0.0863 |
|  Loss/Loss_abstract_critic |           0.207 |
| Loss/Loss_lax_bisimulation |             3.3 |
|       Loss/Loss_transition |            1.72 |
|           Loss/Loss_reward |           0.206 |
|            Loss/Loss_actor |           -30.4 |
|         DHPG/Q_actual_mean |            20.8 |
|       DHPG/Q_abstract_mean |             9.6 |
|     DHPG/Value_equivalence |            11.2 |
|           Norm/actor_model |             150 |
|          Norm/critic_model |             113 |
| Norm/abstract_critic_model |             127 |
|   Norm/state_encoder_model |             223 |
|  Norm/action_encoder_model |             173 |
|                Eval/Return |             211 |
------------------------------------------------
[32mSaving model …[0m
[32mDone.[0m
[32mSaving model …[0m
[32mDone.[0m
