E0902 16:32:53.590049   34057 cuda_executor.cc:1526] Could not get kernel mode driver version: (INVALID_ARGUMENT: Version does not match the format X.Y.Z)
E0902 16:32:53.598622   33947 cuda_executor.cc:1526] Could not get kernel mode driver version: (INVALID_ARGUMENT: Version does not match the format X.Y.Z)
[32m[harness] num_envs=128 total_env_steps=5000000 batch=512 train_per_step=8 UTD=0.0625 seed=8192 transitions log_every=128000 transitions normalize_obs=True[0m
[32m[algorithm] lr=0.001 tau=0.005 nstep=1 update_every=2 stddev=linear(1.0,0.1,500000) origin=8192 bootstrap_on_truncation=True matching_dims=True[0m
[32mStart prefilling replay buffer[0m
[32mStart DHPG training[0m
------------------------------------------------
|                Train/Steps |        1.36e+05 |
|           Loss/Loss_critic |         0.00698 |
|  Loss/Loss_abstract_critic |          0.0865 |
| Loss/Loss_lax_bisimulation |            2.24 |
|       Loss/Loss_transition |            2.34 |
|           Loss/Loss_reward |           0.003 |
|            Loss/Loss_actor |            4.16 |
|         DHPG/Q_actual_mean |            1.14 |
|       DHPG/Q_abstract_mean |           -5.45 |
|     DHPG/Value_equivalence |            6.56 |
|           Norm/actor_model |            30.4 |
|          Norm/critic_model |            28.9 |
| Norm/abstract_critic_model |            21.7 |
|   Norm/state_encoder_model |            51.7 |
|  Norm/action_encoder_model |            35.3 |
|                Eval/Return |            28.1 |
------------------------------------------------
------------------------------------------------
|                Train/Steps |        2.64e+05 |
|           Loss/Loss_critic |          0.0124 |
|  Loss/Loss_abstract_critic |          0.0131 |
| Loss/Loss_lax_bisimulation |            2.17 |
|       Loss/Loss_transition |            2.39 |
|           Loss/Loss_reward |         0.00138 |
|            Loss/Loss_actor |           -1.56 |
|         DHPG/Q_actual_mean |            2.63 |
|       DHPG/Q_abstract_mean |           -1.35 |
|     DHPG/Value_equivalence |            3.97 |
|           Norm/actor_model |            37.4 |
|          Norm/critic_model |              39 |
| Norm/abstract_critic_model |            24.5 |
|   Norm/state_encoder_model |            66.5 |
|  Norm/action_encoder_model |            41.1 |
|                Eval/Return |            76.7 |
------------------------------------------------
------------------------------------------------
|                Train/Steps |        3.92e+05 |
|           Loss/Loss_critic |           0.145 |
|  Loss/Loss_abstract_critic |          0.0956 |
| Loss/Loss_lax_bisimulation |             1.3 |
|       Loss/Loss_transition |            2.34 |
|           Loss/Loss_reward |         0.00474 |
|            Loss/Loss_actor |           -7.18 |
|         DHPG/Q_actual_mean |               5 |
|       DHPG/Q_abstract_mean |            2.01 |
|     DHPG/Value_equivalence |             3.1 |
|           Norm/actor_model |            47.2 |
|          Norm/critic_model |            50.6 |
| Norm/abstract_critic_model |            29.6 |
|   Norm/state_encoder_model |            79.2 |
|  Norm/action_encoder_model |            48.8 |
|                Eval/Return |             203 |
------------------------------------------------
------------------------------------------------
|                Train/Steps |         5.2e+05 |
|           Loss/Loss_critic |           0.445 |
|  Loss/Loss_abstract_critic |           0.641 |
| Loss/Loss_lax_bisimulation |            2.49 |
|       Loss/Loss_transition |            2.37 |
|           Loss/Loss_reward |         0.00915 |
|            Loss/Loss_actor |           -22.2 |
|         DHPG/Q_actual_mean |            12.2 |
|       DHPG/Q_abstract_mean |            9.99 |
|     DHPG/Value_equivalence |            3.04 |
|           Norm/actor_model |            55.8 |
|          Norm/critic_model |            61.1 |
| Norm/abstract_critic_model |            36.8 |
|   Norm/state_encoder_model |            90.8 |
|  Norm/action_encoder_model |            55.9 |
|                Eval/Return |             745 |
------------------------------------------------
------------------------------------------------
|                Train/Steps |        6.48e+05 |
|           Loss/Loss_critic |           0.518 |
|  Loss/Loss_abstract_critic |             1.1 |
| Loss/Loss_lax_bisimulation |             2.7 |
|       Loss/Loss_transition |            2.36 |
|           Loss/Loss_reward |          0.0064 |
|            Loss/Loss_actor |           -48.9 |
|         DHPG/Q_actual_mean |            23.7 |
|       DHPG/Q_abstract_mean |            25.2 |
|     DHPG/Value_equivalence |            7.02 |
|           Norm/actor_model |            62.1 |
|          Norm/critic_model |            68.7 |
| Norm/abstract_critic_model |            42.5 |
|   Norm/state_encoder_model |             102 |
|  Norm/action_encoder_model |            62.2 |
|                Eval/Return |             940 |
------------------------------------------------
------------------------------------------------
|                Train/Steps |        7.76e+05 |
|           Loss/Loss_critic |           0.524 |
|  Loss/Loss_abstract_critic |            1.26 |
| Loss/Loss_lax_bisimulation |            2.05 |
|       Loss/Loss_transition |            2.36 |
|           Loss/Loss_reward |         0.00626 |
|            Loss/Loss_actor |           -74.5 |
|         DHPG/Q_actual_mean |            34.7 |
|       DHPG/Q_abstract_mean |            38.2 |
|     DHPG/Value_equivalence |            3.99 |
|           Norm/actor_model |            66.3 |
|          Norm/critic_model |            74.9 |
| Norm/abstract_critic_model |            44.8 |
|   Norm/state_encoder_model |             108 |
|  Norm/action_encoder_model |            67.1 |
|                Eval/Return |             941 |
------------------------------------------------
------------------------------------------------
|                Train/Steps |        9.04e+05 |
|           Loss/Loss_critic |            0.58 |
|  Loss/Loss_abstract_critic |           0.954 |
| Loss/Loss_lax_bisimulation |             2.8 |
|       Loss/Loss_transition |            2.35 |
|           Loss/Loss_reward |          0.0066 |
|            Loss/Loss_actor |           -98.1 |
|         DHPG/Q_actual_mean |            46.1 |
|       DHPG/Q_abstract_mean |              53 |
|     DHPG/Value_equivalence |             6.7 |
|           Norm/actor_model |            70.8 |
|          Norm/critic_model |            79.8 |
| Norm/abstract_critic_model |            46.8 |
|   Norm/state_encoder_model |             114 |
|  Norm/action_encoder_model |            71.4 |
|                Eval/Return |             940 |
------------------------------------------------
------------------------------------------------
|                Train/Steps |        1.03e+06 |
|           Loss/Loss_critic |           0.504 |
|  Loss/Loss_abstract_critic |           0.948 |
| Loss/Loss_lax_bisimulation |            4.65 |
|       Loss/Loss_transition |            2.36 |
|           Loss/Loss_reward |         0.00496 |
|            Loss/Loss_actor |            -113 |
|         DHPG/Q_actual_mean |              54 |
|       DHPG/Q_abstract_mean |              57 |
|     DHPG/Value_equivalence |            5.28 |
|           Norm/actor_model |            74.5 |
|          Norm/critic_model |            83.4 |
| Norm/abstract_critic_model |            48.2 |
|   Norm/state_encoder_model |             119 |
|  Norm/action_encoder_model |            75.3 |
|                Eval/Return |             900 |
------------------------------------------------
[32mSaving model …[0m
[32mDone.[0m
[32mSaving model …[0m
[32mDone.[0m
------------------------------------------------
|                Train/Steps |        1.16e+06 |
|           Loss/Loss_critic |           0.583 |
|  Loss/Loss_abstract_critic |           0.875 |
| Loss/Loss_lax_bisimulation |            3.15 |
|       Loss/Loss_transition |            2.35 |
|           Loss/Loss_reward |         0.00524 |
|            Loss/Loss_actor |            -124 |
|         DHPG/Q_actual_mean |            61.8 |
|       DHPG/Q_abstract_mean |            62.4 |
|     DHPG/Value_equivalence |            1.67 |
|           Norm/actor_model |            77.3 |
|          Norm/critic_model |            86.6 |
| Norm/abstract_critic_model |              49 |
|   Norm/state_encoder_model |             124 |
|  Norm/action_encoder_model |            78.7 |
|                Eval/Return |             949 |
------------------------------------------------
------------------------------------------------
|                Train/Steps |        1.29e+06 |
|           Loss/Loss_critic |           0.371 |
|  Loss/Loss_abstract_critic |           0.928 |
| Loss/Loss_lax_bisimulation |            3.07 |
|       Loss/Loss_transition |            2.35 |
|           Loss/Loss_reward |         0.00463 |
|            Loss/Loss_actor |            -135 |
|         DHPG/Q_actual_mean |            66.4 |
|       DHPG/Q_abstract_mean |            66.6 |
|     DHPG/Value_equivalence |             2.3 |
|           Norm/actor_model |            80.1 |
|          Norm/critic_model |            89.7 |
| Norm/abstract_critic_model |            49.8 |
|   Norm/state_encoder_model |             128 |
|  Norm/action_encoder_model |            82.1 |
|                Eval/Return |             952 |
------------------------------------------------
------------------------------------------------
|                Train/Steps |        1.42e+06 |
|           Loss/Loss_critic |           0.259 |
|  Loss/Loss_abstract_critic |           0.574 |
| Loss/Loss_lax_bisimulation |            2.67 |
|       Loss/Loss_transition |            2.35 |
|           Loss/Loss_reward |         0.00452 |
|            Loss/Loss_actor |            -145 |
|         DHPG/Q_actual_mean |            72.3 |
|       DHPG/Q_abstract_mean |            72.3 |
|     DHPG/Value_equivalence |            1.34 |
|           Norm/actor_model |              83 |
|          Norm/critic_model |              93 |
| Norm/abstract_critic_model |            50.7 |
|   Norm/state_encoder_model |             132 |
|  Norm/action_encoder_model |            85.2 |
|                Eval/Return |             966 |
------------------------------------------------
------------------------------------------------
|                Train/Steps |        1.54e+06 |
|           Loss/Loss_critic |           0.383 |
|  Loss/Loss_abstract_critic |           0.704 |
| Loss/Loss_lax_bisimulation |            2.03 |
|       Loss/Loss_transition |            2.34 |
|           Loss/Loss_reward |         0.00546 |
|            Loss/Loss_actor |            -154 |
|         DHPG/Q_actual_mean |            76.1 |
|       DHPG/Q_abstract_mean |            76.1 |
|     DHPG/Value_equivalence |            1.39 |
|           Norm/actor_model |            85.8 |
|          Norm/critic_model |            95.9 |
| Norm/abstract_critic_model |            51.6 |
|   Norm/state_encoder_model |             136 |
|  Norm/action_encoder_model |            88.3 |
|                Eval/Return |             941 |
------------------------------------------------
------------------------------------------------
|                Train/Steps |        1.67e+06 |
|           Loss/Loss_critic |           0.316 |
|  Loss/Loss_abstract_critic |           0.428 |
| Loss/Loss_lax_bisimulation |            1.99 |
|       Loss/Loss_transition |            2.34 |
|           Loss/Loss_reward |         0.00349 |
|            Loss/Loss_actor |            -160 |
|         DHPG/Q_actual_mean |            79.7 |
|       DHPG/Q_abstract_mean |            80.4 |
|     DHPG/Value_equivalence |            1.63 |
|           Norm/actor_model |            88.3 |
|          Norm/critic_model |            98.8 |
| Norm/abstract_critic_model |            52.4 |
|   Norm/state_encoder_model |             140 |
|  Norm/action_encoder_model |            91.3 |
|                Eval/Return |             935 |
------------------------------------------------
------------------------------------------------
|                Train/Steps |         1.8e+06 |
|           Loss/Loss_critic |           0.439 |
|  Loss/Loss_abstract_critic |           0.293 |
| Loss/Loss_lax_bisimulation |            1.72 |
|       Loss/Loss_transition |            2.35 |
|           Loss/Loss_reward |         0.00437 |
|            Loss/Loss_actor |            -167 |
|         DHPG/Q_actual_mean |            82.2 |
|       DHPG/Q_abstract_mean |            83.9 |
|     DHPG/Value_equivalence |            1.86 |
|           Norm/actor_model |            90.6 |
|          Norm/critic_model |             102 |
| Norm/abstract_critic_model |            52.9 |
|   Norm/state_encoder_model |             143 |
|  Norm/action_encoder_model |            93.9 |
|                Eval/Return |             966 |
------------------------------------------------
------------------------------------------------
|                Train/Steps |        1.93e+06 |
|           Loss/Loss_critic |           0.348 |
|  Loss/Loss_abstract_critic |           0.394 |
| Loss/Loss_lax_bisimulation |            3.32 |
|       Loss/Loss_transition |            2.34 |
|           Loss/Loss_reward |         0.00324 |
|            Loss/Loss_actor |            -172 |
|         DHPG/Q_actual_mean |            85.1 |
|       DHPG/Q_abstract_mean |              86 |
|     DHPG/Value_equivalence |            1.03 |
|           Norm/actor_model |            92.7 |
|          Norm/critic_model |             104 |
| Norm/abstract_critic_model |            53.4 |
|   Norm/state_encoder_model |             146 |
|  Norm/action_encoder_model |            96.5 |
|                Eval/Return |             966 |
------------------------------------------------
------------------------------------------------
|                Train/Steps |        2.06e+06 |
|           Loss/Loss_critic |           0.319 |
|  Loss/Loss_abstract_critic |           0.416 |
| Loss/Loss_lax_bisimulation |            1.14 |
|       Loss/Loss_transition |            2.35 |
|           Loss/Loss_reward |         0.00381 |
|            Loss/Loss_actor |            -174 |
|         DHPG/Q_actual_mean |            86.9 |
|       DHPG/Q_abstract_mean |            86.5 |
|     DHPG/Value_equivalence |            1.17 |
|           Norm/actor_model |            94.8 |
|          Norm/critic_model |             107 |
| Norm/abstract_critic_model |            53.9 |
|   Norm/state_encoder_model |             149 |
|  Norm/action_encoder_model |            99.1 |
|                Eval/Return |             951 |
------------------------------------------------
[32mSaving model …[0m
[32mDone.[0m
[32mSaving model …[0m
[32mDone.[0m
------------------------------------------------
|                Train/Steps |        2.18e+06 |
|           Loss/Loss_critic |           0.598 |
|  Loss/Loss_abstract_critic |           0.585 |
| Loss/Loss_lax_bisimulation |             1.8 |
|       Loss/Loss_transition |            2.35 |
|           Loss/Loss_reward |         0.00428 |
|            Loss/Loss_actor |            -177 |
|         DHPG/Q_actual_mean |              89 |
|       DHPG/Q_abstract_mean |            88.7 |
|     DHPG/Value_equivalence |           0.975 |
|           Norm/actor_model |            96.6 |
|          Norm/critic_model |             110 |
| Norm/abstract_critic_model |            54.4 |
|   Norm/state_encoder_model |             152 |
|  Norm/action_encoder_model |             102 |
|                Eval/Return |             970 |
------------------------------------------------
------------------------------------------------
|                Train/Steps |        2.31e+06 |
|           Loss/Loss_critic |           0.293 |
|  Loss/Loss_abstract_critic |           0.506 |
| Loss/Loss_lax_bisimulation |            1.48 |
|       Loss/Loss_transition |            2.32 |
|           Loss/Loss_reward |         0.00294 |
|            Loss/Loss_actor |            -179 |
|         DHPG/Q_actual_mean |            89.5 |
|       DHPG/Q_abstract_mean |            89.7 |
|     DHPG/Value_equivalence |            1.02 |
|           Norm/actor_model |            98.8 |
|          Norm/critic_model |             113 |
| Norm/abstract_critic_model |              55 |
|   Norm/state_encoder_model |             155 |
|  Norm/action_encoder_model |             104 |
|                Eval/Return |             956 |
------------------------------------------------
------------------------------------------------
|                Train/Steps |        2.44e+06 |
|           Loss/Loss_critic |           0.133 |
|  Loss/Loss_abstract_critic |           0.412 |
| Loss/Loss_lax_bisimulation |           0.888 |
|       Loss/Loss_transition |            2.34 |
|           Loss/Loss_reward |         0.00276 |
|            Loss/Loss_actor |            -183 |
|         DHPG/Q_actual_mean |            92.2 |
|       DHPG/Q_abstract_mean |            91.7 |
|     DHPG/Value_equivalence |            1.11 |
|           Norm/actor_model |             101 |
|          Norm/critic_model |             115 |
| Norm/abstract_critic_model |            55.6 |
|   Norm/state_encoder_model |             158 |
|  Norm/action_encoder_model |             106 |
|                Eval/Return |             969 |
------------------------------------------------
------------------------------------------------
|                Train/Steps |        2.57e+06 |
|           Loss/Loss_critic |           0.186 |
|  Loss/Loss_abstract_critic |           0.278 |
| Loss/Loss_lax_bisimulation |            1.67 |
|       Loss/Loss_transition |            2.33 |
|           Loss/Loss_reward |         0.00194 |
|            Loss/Loss_actor |            -186 |
|         DHPG/Q_actual_mean |            93.2 |
|       DHPG/Q_abstract_mean |            93.3 |
|     DHPG/Value_equivalence |           0.795 |
|           Norm/actor_model |             103 |
|          Norm/critic_model |             118 |
| Norm/abstract_critic_model |            56.3 |
|   Norm/state_encoder_model |             160 |
|  Norm/action_encoder_model |             109 |
|                Eval/Return |             967 |
------------------------------------------------
------------------------------------------------
|                Train/Steps |         2.7e+06 |
|           Loss/Loss_critic |           0.379 |
|  Loss/Loss_abstract_critic |           0.327 |
| Loss/Loss_lax_bisimulation |            2.67 |
|       Loss/Loss_transition |            2.34 |
|           Loss/Loss_reward |         0.00334 |
|            Loss/Loss_actor |            -188 |
|         DHPG/Q_actual_mean |            93.9 |
|       DHPG/Q_abstract_mean |            93.7 |
|     DHPG/Value_equivalence |            1.06 |
|           Norm/actor_model |             105 |
|          Norm/critic_model |             120 |
| Norm/abstract_critic_model |              57 |
|   Norm/state_encoder_model |             163 |
|  Norm/action_encoder_model |             111 |
|                Eval/Return |             970 |
------------------------------------------------
------------------------------------------------
|                Train/Steps |        2.82e+06 |
|           Loss/Loss_critic |           0.216 |
|  Loss/Loss_abstract_critic |           0.343 |
| Loss/Loss_lax_bisimulation |            1.42 |
|       Loss/Loss_transition |            2.34 |
|           Loss/Loss_reward |         0.00256 |
|            Loss/Loss_actor |            -188 |
|         DHPG/Q_actual_mean |            94.7 |
|       DHPG/Q_abstract_mean |            94.5 |
|     DHPG/Value_equivalence |            1.18 |
|           Norm/actor_model |             107 |
|          Norm/critic_model |             122 |
| Norm/abstract_critic_model |            57.7 |
|   Norm/state_encoder_model |             166 |
|  Norm/action_encoder_model |             113 |
|                Eval/Return |             968 |
------------------------------------------------
------------------------------------------------
|                Train/Steps |        2.95e+06 |
|           Loss/Loss_critic |           0.266 |
|  Loss/Loss_abstract_critic |           0.352 |
| Loss/Loss_lax_bisimulation |            1.95 |
|       Loss/Loss_transition |            2.35 |
|           Loss/Loss_reward |         0.00251 |
|            Loss/Loss_actor |            -189 |
|         DHPG/Q_actual_mean |            94.8 |
|       DHPG/Q_abstract_mean |            94.2 |
|     DHPG/Value_equivalence |            1.04 |
|           Norm/actor_model |             109 |
|          Norm/critic_model |             125 |
| Norm/abstract_critic_model |              58 |
|   Norm/state_encoder_model |             168 |
|  Norm/action_encoder_model |             115 |
|                Eval/Return |             969 |
------------------------------------------------
------------------------------------------------
|                Train/Steps |        3.08e+06 |
|           Loss/Loss_critic |           0.289 |
|  Loss/Loss_abstract_critic |           0.395 |
| Loss/Loss_lax_bisimulation |            1.84 |
|       Loss/Loss_transition |            2.34 |
|           Loss/Loss_reward |         0.00241 |
|            Loss/Loss_actor |            -190 |
|         DHPG/Q_actual_mean |            95.5 |
|       DHPG/Q_abstract_mean |            95.3 |
|     DHPG/Value_equivalence |             1.2 |
|           Norm/actor_model |             110 |
|          Norm/critic_model |             127 |
| Norm/abstract_critic_model |            58.5 |
|   Norm/state_encoder_model |             171 |
|  Norm/action_encoder_model |             117 |
|                Eval/Return |             967 |
------------------------------------------------
[32mSaving model …[0m
[32mDone.[0m
[32mSaving model …[0m
[32mDone.[0m
------------------------------------------------
|                Train/Steps |        3.21e+06 |
|           Loss/Loss_critic |           0.217 |
|  Loss/Loss_abstract_critic |           0.506 |
| Loss/Loss_lax_bisimulation |            1.02 |
|       Loss/Loss_transition |            2.34 |
|           Loss/Loss_reward |         0.00281 |
|            Loss/Loss_actor |            -192 |
|         DHPG/Q_actual_mean |            95.7 |
|       DHPG/Q_abstract_mean |              95 |
|     DHPG/Value_equivalence |            1.39 |
|           Norm/actor_model |             112 |
|          Norm/critic_model |             129 |
| Norm/abstract_critic_model |            58.9 |
|   Norm/state_encoder_model |             173 |
|  Norm/action_encoder_model |             119 |
|                Eval/Return |             971 |
------------------------------------------------
------------------------------------------------
|                Train/Steps |        3.34e+06 |
|           Loss/Loss_critic |           0.127 |
|  Loss/Loss_abstract_critic |           0.291 |
| Loss/Loss_lax_bisimulation |            1.94 |
|       Loss/Loss_transition |            2.33 |
|           Loss/Loss_reward |         0.00184 |
|            Loss/Loss_actor |            -193 |
|         DHPG/Q_actual_mean |            96.5 |
|       DHPG/Q_abstract_mean |            96.3 |
|     DHPG/Value_equivalence |           0.852 |
|           Norm/actor_model |             114 |
|          Norm/critic_model |             131 |
| Norm/abstract_critic_model |            59.3 |
|   Norm/state_encoder_model |             175 |
|  Norm/action_encoder_model |             121 |
|                Eval/Return |             972 |
------------------------------------------------
------------------------------------------------
|                Train/Steps |        3.46e+06 |
|           Loss/Loss_critic |           0.125 |
|  Loss/Loss_abstract_critic |           0.268 |
| Loss/Loss_lax_bisimulation |            1.21 |
|       Loss/Loss_transition |            2.33 |
|           Loss/Loss_reward |         0.00214 |
|            Loss/Loss_actor |            -193 |
|         DHPG/Q_actual_mean |            96.6 |
|       DHPG/Q_abstract_mean |            95.6 |
|     DHPG/Value_equivalence |            1.49 |
|           Norm/actor_model |             115 |
|          Norm/critic_model |             134 |
| Norm/abstract_critic_model |            59.7 |
|   Norm/state_encoder_model |             177 |
|  Norm/action_encoder_model |             123 |
|                Eval/Return |             951 |
------------------------------------------------
------------------------------------------------
|                Train/Steps |        3.59e+06 |
|           Loss/Loss_critic |             0.2 |
|  Loss/Loss_abstract_critic |           0.314 |
| Loss/Loss_lax_bisimulation |            1.19 |
|       Loss/Loss_transition |            2.33 |
|           Loss/Loss_reward |         0.00322 |
|            Loss/Loss_actor |            -192 |
|         DHPG/Q_actual_mean |            96.3 |
|       DHPG/Q_abstract_mean |            94.9 |
|     DHPG/Value_equivalence |            1.98 |
|           Norm/actor_model |             117 |
|          Norm/critic_model |             136 |
| Norm/abstract_critic_model |            60.1 |
|   Norm/state_encoder_model |             180 |
|  Norm/action_encoder_model |             124 |
|                Eval/Return |             971 |
------------------------------------------------
------------------------------------------------
|                Train/Steps |        3.72e+06 |
|           Loss/Loss_critic |           0.221 |
|  Loss/Loss_abstract_critic |           0.202 |
| Loss/Loss_lax_bisimulation |            1.25 |
|       Loss/Loss_transition |            2.34 |
|           Loss/Loss_reward |         0.00233 |
|            Loss/Loss_actor |            -192 |
|         DHPG/Q_actual_mean |            97.1 |
|       DHPG/Q_abstract_mean |              96 |
|     DHPG/Value_equivalence |             1.7 |
|           Norm/actor_model |             118 |
|          Norm/critic_model |             138 |
| Norm/abstract_critic_model |            60.5 |
|   Norm/state_encoder_model |             182 |
|  Norm/action_encoder_model |             126 |
|                Eval/Return |             969 |
------------------------------------------------
------------------------------------------------
|                Train/Steps |        3.85e+06 |
|           Loss/Loss_critic |           0.234 |
|  Loss/Loss_abstract_critic |           0.179 |
| Loss/Loss_lax_bisimulation |            1.38 |
|       Loss/Loss_transition |            2.34 |
|           Loss/Loss_reward |         0.00271 |
|            Loss/Loss_actor |            -194 |
|         DHPG/Q_actual_mean |            97.4 |
|       DHPG/Q_abstract_mean |            96.1 |
|     DHPG/Value_equivalence |            1.78 |
|           Norm/actor_model |             120 |
|          Norm/critic_model |             140 |
| Norm/abstract_critic_model |            60.8 |
|   Norm/state_encoder_model |             184 |
|  Norm/action_encoder_model |             128 |
|                Eval/Return |             970 |
------------------------------------------------
------------------------------------------------
|                Train/Steps |        3.98e+06 |
|           Loss/Loss_critic |           0.131 |
|  Loss/Loss_abstract_critic |           0.331 |
| Loss/Loss_lax_bisimulation |            1.27 |
|       Loss/Loss_transition |            2.33 |
|           Loss/Loss_reward |          0.0014 |
|            Loss/Loss_actor |            -194 |
|         DHPG/Q_actual_mean |            97.6 |
|       DHPG/Q_abstract_mean |            96.3 |
|     DHPG/Value_equivalence |            1.81 |
|           Norm/actor_model |             121 |
|          Norm/critic_model |             142 |
| Norm/abstract_critic_model |            61.2 |
|   Norm/state_encoder_model |             186 |
|  Norm/action_encoder_model |             129 |
|                Eval/Return |             966 |
------------------------------------------------
------------------------------------------------
|                Train/Steps |         4.1e+06 |
|           Loss/Loss_critic |           0.167 |
|  Loss/Loss_abstract_critic |           0.324 |
| Loss/Loss_lax_bisimulation |            1.67 |
|       Loss/Loss_transition |            2.33 |
|           Loss/Loss_reward |         0.00233 |
|            Loss/Loss_actor |            -196 |
|         DHPG/Q_actual_mean |            98.3 |
|       DHPG/Q_abstract_mean |            97.2 |
|     DHPG/Value_equivalence |            1.54 |
|           Norm/actor_model |             122 |
|          Norm/critic_model |             144 |
| Norm/abstract_critic_model |            61.6 |
|   Norm/state_encoder_model |             188 |
|  Norm/action_encoder_model |             131 |
|                Eval/Return |             963 |
------------------------------------------------
[32mSaving model …[0m
[32mDone.[0m
[32mSaving model …[0m
[32mDone.[0m
------------------------------------------------
|                Train/Steps |        4.23e+06 |
|           Loss/Loss_critic |           0.146 |
|  Loss/Loss_abstract_critic |           0.131 |
| Loss/Loss_lax_bisimulation |           0.742 |
|       Loss/Loss_transition |            2.33 |
|           Loss/Loss_reward |         0.00301 |
|            Loss/Loss_actor |            -197 |
|         DHPG/Q_actual_mean |            99.1 |
|       DHPG/Q_abstract_mean |            98.1 |
|     DHPG/Value_equivalence |             1.1 |
|           Norm/actor_model |             124 |
|          Norm/critic_model |             146 |
| Norm/abstract_critic_model |              62 |
|   Norm/state_encoder_model |             189 |
|  Norm/action_encoder_model |             132 |
|                Eval/Return |             957 |
------------------------------------------------
------------------------------------------------
|                Train/Steps |        4.36e+06 |
|           Loss/Loss_critic |           0.128 |
|  Loss/Loss_abstract_critic |           0.872 |
| Loss/Loss_lax_bisimulation |            0.69 |
|       Loss/Loss_transition |            2.33 |
|           Loss/Loss_reward |         0.00282 |
|            Loss/Loss_actor |            -196 |
|         DHPG/Q_actual_mean |            99.5 |
|       DHPG/Q_abstract_mean |            96.7 |
|     DHPG/Value_equivalence |            2.91 |
|           Norm/actor_model |             125 |
|          Norm/critic_model |             148 |
| Norm/abstract_critic_model |            62.8 |
|   Norm/state_encoder_model |             190 |
|  Norm/action_encoder_model |             134 |
|                Eval/Return |             546 |
------------------------------------------------
------------------------------------------------
|                Train/Steps |        4.49e+06 |
|           Loss/Loss_critic |           0.125 |
|  Loss/Loss_abstract_critic |            0.14 |
| Loss/Loss_lax_bisimulation |           0.553 |
|       Loss/Loss_transition |            2.32 |
|           Loss/Loss_reward |         0.00157 |
|            Loss/Loss_actor |            -195 |
|         DHPG/Q_actual_mean |            99.4 |
|       DHPG/Q_abstract_mean |            96.2 |
|     DHPG/Value_equivalence |            3.18 |
|           Norm/actor_model |             127 |
|          Norm/critic_model |             150 |
| Norm/abstract_critic_model |            63.7 |
|   Norm/state_encoder_model |             190 |
|  Norm/action_encoder_model |             134 |
|                Eval/Return |             854 |
------------------------------------------------
------------------------------------------------
|                Train/Steps |        4.62e+06 |
|           Loss/Loss_critic |            0.15 |
|  Loss/Loss_abstract_critic |           0.316 |
| Loss/Loss_lax_bisimulation |            1.66 |
|       Loss/Loss_transition |            2.33 |
|           Loss/Loss_reward |         0.00315 |
|            Loss/Loss_actor |            -195 |
|         DHPG/Q_actual_mean |            98.8 |
|       DHPG/Q_abstract_mean |            95.8 |
|     DHPG/Value_equivalence |            3.23 |
|           Norm/actor_model |             129 |
|          Norm/critic_model |             151 |
| Norm/abstract_critic_model |            64.2 |
|   Norm/state_encoder_model |             190 |
|  Norm/action_encoder_model |             134 |
|                Eval/Return |             876 |
------------------------------------------------
------------------------------------------------
|                Train/Steps |        4.74e+06 |
|           Loss/Loss_critic |            0.21 |
|  Loss/Loss_abstract_critic |            0.37 |
| Loss/Loss_lax_bisimulation |           0.994 |
|       Loss/Loss_transition |            2.33 |
|           Loss/Loss_reward |         0.00258 |
|            Loss/Loss_actor |            -193 |
|         DHPG/Q_actual_mean |            98.8 |
|       DHPG/Q_abstract_mean |            95.6 |
|     DHPG/Value_equivalence |             3.4 |
|           Norm/actor_model |             131 |
|          Norm/critic_model |             153 |
| Norm/abstract_critic_model |            64.6 |
|   Norm/state_encoder_model |             190 |
|  Norm/action_encoder_model |             134 |
|                Eval/Return |             937 |
------------------------------------------------
------------------------------------------------
|                Train/Steps |        4.87e+06 |
|           Loss/Loss_critic |          0.0859 |
|  Loss/Loss_abstract_critic |           0.119 |
| Loss/Loss_lax_bisimulation |           0.579 |
|       Loss/Loss_transition |            2.31 |
|           Loss/Loss_reward |         0.00271 |
|            Loss/Loss_actor |            -195 |
|         DHPG/Q_actual_mean |            99.1 |
|       DHPG/Q_abstract_mean |              96 |
|     DHPG/Value_equivalence |            3.41 |
|           Norm/actor_model |             132 |
|          Norm/critic_model |             155 |
| Norm/abstract_critic_model |            64.9 |
|   Norm/state_encoder_model |             191 |
|  Norm/action_encoder_model |             134 |
|                Eval/Return |             963 |
------------------------------------------------
------------------------------------------------
|                Train/Steps |           5e+06 |
|           Loss/Loss_critic |           0.211 |
|  Loss/Loss_abstract_critic |          0.0979 |
| Loss/Loss_lax_bisimulation |           0.263 |
|       Loss/Loss_transition |            2.32 |
|           Loss/Loss_reward |         0.00164 |
|            Loss/Loss_actor |            -195 |
|         DHPG/Q_actual_mean |            99.3 |
|       DHPG/Q_abstract_mean |              96 |
|     DHPG/Value_equivalence |            3.41 |
|           Norm/actor_model |             133 |
|          Norm/critic_model |             157 |
| Norm/abstract_critic_model |              65 |
|   Norm/state_encoder_model |             191 |
|  Norm/action_encoder_model |             135 |
|                Eval/Return |             967 |
------------------------------------------------
[32mSaving model …[0m
[32mDone.[0m
[32mSaving model …[0m
[32mDone.[0m
