E0902 05:04:08.494978 1185064 cuda_executor.cc:1526] Could not get kernel mode driver version: (INVALID_ARGUMENT: Version does not match the format X.Y.Z)
E0902 05:04:08.503555 1184955 cuda_executor.cc:1526] Could not get kernel mode driver version: (INVALID_ARGUMENT: Version does not match the format X.Y.Z)
[32m[harness] num_envs=128 total_env_steps=5000000 batch=512 train_per_step=8 UTD=0.0625 seed=8192 transitions log_every=128000 transitions normalize_obs=True[0m
[32m[algorithm] lr=0.001 tau=0.005 nstep=3 update_every=2 stddev=linear(1.0,0.1,500000) origin=8192 bootstrap_on_truncation=True matching_dims=True[0m
[32mStart prefilling replay buffer[0m
[32mStart DHPG training[0m
------------------------------------------------
|                Train/Steps |        1.36e+05 |
|           Loss/Loss_critic |          0.0426 |
|  Loss/Loss_abstract_critic |           0.158 |
| Loss/Loss_lax_bisimulation |            2.62 |
|       Loss/Loss_transition |            2.38 |
|           Loss/Loss_reward |          0.0937 |
|            Loss/Loss_actor |           -4.57 |
|         DHPG/Q_actual_mean |            7.48 |
|       DHPG/Q_abstract_mean |           -3.45 |
|     DHPG/Value_equivalence |            10.9 |
|           Norm/actor_model |            37.9 |
|          Norm/critic_model |            41.2 |
| Norm/abstract_critic_model |            21.9 |
|   Norm/state_encoder_model |            95.6 |
|  Norm/action_encoder_model |            33.8 |
|                Eval/Return |             334 |
------------------------------------------------
------------------------------------------------
|                Train/Steps |        2.64e+05 |
|           Loss/Loss_critic |           0.276 |
|  Loss/Loss_abstract_critic |            1.02 |
| Loss/Loss_lax_bisimulation |            2.61 |
|       Loss/Loss_transition |            2.39 |
|           Loss/Loss_reward |          0.0697 |
|            Loss/Loss_actor |           -46.2 |
|         DHPG/Q_actual_mean |            21.2 |
|       DHPG/Q_abstract_mean |            24.2 |
|     DHPG/Value_equivalence |            13.2 |
|           Norm/actor_model |            48.8 |
|          Norm/critic_model |            69.5 |
| Norm/abstract_critic_model |            26.2 |
|   Norm/state_encoder_model |            99.9 |
|  Norm/action_encoder_model |            45.5 |
|                Eval/Return |             435 |
------------------------------------------------
------------------------------------------------
|                Train/Steps |        3.92e+05 |
|           Loss/Loss_critic |           0.469 |
|  Loss/Loss_abstract_critic |           0.145 |
| Loss/Loss_lax_bisimulation |            2.26 |
|       Loss/Loss_transition |            2.33 |
|           Loss/Loss_reward |          0.0637 |
|            Loss/Loss_actor |           -50.9 |
|         DHPG/Q_actual_mean |            32.6 |
|       DHPG/Q_abstract_mean |            19.2 |
|     DHPG/Value_equivalence |            14.9 |
|           Norm/actor_model |            56.3 |
|          Norm/critic_model |            86.7 |
| Norm/abstract_critic_model |            30.7 |
|   Norm/state_encoder_model |             106 |
|  Norm/action_encoder_model |            55.9 |
|                Eval/Return |             733 |
------------------------------------------------
------------------------------------------------
|                Train/Steps |         5.2e+05 |
|           Loss/Loss_critic |           0.482 |
|  Loss/Loss_abstract_critic |           0.181 |
| Loss/Loss_lax_bisimulation |            1.97 |
|       Loss/Loss_transition |            2.34 |
|           Loss/Loss_reward |          0.0991 |
|            Loss/Loss_actor |           -70.4 |
|         DHPG/Q_actual_mean |            45.5 |
|       DHPG/Q_abstract_mean |            25.6 |
|     DHPG/Value_equivalence |            20.8 |
|           Norm/actor_model |            61.4 |
|          Norm/critic_model |            98.8 |
| Norm/abstract_critic_model |            32.3 |
|   Norm/state_encoder_model |             119 |
|  Norm/action_encoder_model |            61.8 |
|                Eval/Return |             669 |
------------------------------------------------
------------------------------------------------
|                Train/Steps |        6.48e+05 |
|           Loss/Loss_critic |           0.349 |
|  Loss/Loss_abstract_critic |          0.0891 |
| Loss/Loss_lax_bisimulation |            1.42 |
|       Loss/Loss_transition |            2.33 |
|           Loss/Loss_reward |           0.085 |
|            Loss/Loss_actor |           -86.9 |
|         DHPG/Q_actual_mean |            54.5 |
|       DHPG/Q_abstract_mean |            32.2 |
|     DHPG/Value_equivalence |            22.8 |
|           Norm/actor_model |            65.3 |
|          Norm/critic_model |             106 |
| Norm/abstract_critic_model |            33.5 |
|   Norm/state_encoder_model |             127 |
|  Norm/action_encoder_model |            66.9 |
|                Eval/Return |             643 |
------------------------------------------------
------------------------------------------------
|                Train/Steps |        7.76e+05 |
|           Loss/Loss_critic |           0.439 |
|  Loss/Loss_abstract_critic |           0.213 |
| Loss/Loss_lax_bisimulation |           0.888 |
|       Loss/Loss_transition |            2.33 |
|           Loss/Loss_reward |          0.0335 |
|            Loss/Loss_actor |           -99.2 |
|         DHPG/Q_actual_mean |            64.5 |
|       DHPG/Q_abstract_mean |            36.3 |
|     DHPG/Value_equivalence |            28.2 |
|           Norm/actor_model |            69.1 |
|          Norm/critic_model |             112 |
| Norm/abstract_critic_model |            34.9 |
|   Norm/state_encoder_model |             136 |
|  Norm/action_encoder_model |            72.2 |
|                Eval/Return |             826 |
------------------------------------------------
------------------------------------------------
|                Train/Steps |        9.04e+05 |
|           Loss/Loss_critic |           0.278 |
|  Loss/Loss_abstract_critic |           0.151 |
| Loss/Loss_lax_bisimulation |            1.26 |
|       Loss/Loss_transition |            2.32 |
|           Loss/Loss_reward |          0.0486 |
|            Loss/Loss_actor |            -105 |
|         DHPG/Q_actual_mean |            69.7 |
|       DHPG/Q_abstract_mean |            37.5 |
|     DHPG/Value_equivalence |              33 |
|           Norm/actor_model |            72.6 |
|          Norm/critic_model |             116 |
| Norm/abstract_critic_model |            36.6 |
|   Norm/state_encoder_model |             142 |
|  Norm/action_encoder_model |            76.6 |
|                Eval/Return |             836 |
------------------------------------------------
------------------------------------------------
|                Train/Steps |        1.03e+06 |
|           Loss/Loss_critic |           0.307 |
|  Loss/Loss_abstract_critic |           0.103 |
| Loss/Loss_lax_bisimulation |            1.38 |
|       Loss/Loss_transition |            2.32 |
|           Loss/Loss_reward |           0.056 |
|            Loss/Loss_actor |            -111 |
|         DHPG/Q_actual_mean |            69.9 |
|       DHPG/Q_abstract_mean |            39.6 |
|     DHPG/Value_equivalence |            31.6 |
|           Norm/actor_model |            75.4 |
|          Norm/critic_model |             121 |
| Norm/abstract_critic_model |            37.7 |
|   Norm/state_encoder_model |             149 |
|  Norm/action_encoder_model |            80.7 |
|                Eval/Return |             856 |
------------------------------------------------
[32mSaving model …[0m
[32mDone.[0m
[32mSaving model …[0m
[32mDone.[0m
------------------------------------------------
|                Train/Steps |        1.16e+06 |
|           Loss/Loss_critic |           0.301 |
|  Loss/Loss_abstract_critic |          0.0848 |
| Loss/Loss_lax_bisimulation |            1.28 |
|       Loss/Loss_transition |            2.34 |
|           Loss/Loss_reward |          0.0393 |
|            Loss/Loss_actor |            -113 |
|         DHPG/Q_actual_mean |            73.5 |
|       DHPG/Q_abstract_mean |            39.1 |
|     DHPG/Value_equivalence |            34.8 |
|           Norm/actor_model |            78.2 |
|          Norm/critic_model |             125 |
| Norm/abstract_critic_model |            38.8 |
|   Norm/state_encoder_model |             155 |
|  Norm/action_encoder_model |            84.4 |
|                Eval/Return |             791 |
------------------------------------------------
------------------------------------------------
|                Train/Steps |        1.29e+06 |
|           Loss/Loss_critic |           0.477 |
|  Loss/Loss_abstract_critic |          0.0889 |
| Loss/Loss_lax_bisimulation |            1.12 |
|       Loss/Loss_transition |            2.33 |
|           Loss/Loss_reward |          0.0344 |
|            Loss/Loss_actor |            -112 |
|         DHPG/Q_actual_mean |            74.5 |
|       DHPG/Q_abstract_mean |            36.7 |
|     DHPG/Value_equivalence |            38.2 |
|           Norm/actor_model |            80.6 |
|          Norm/critic_model |             129 |
| Norm/abstract_critic_model |            39.9 |
|   Norm/state_encoder_model |             162 |
|  Norm/action_encoder_model |            87.2 |
|                Eval/Return |             826 |
------------------------------------------------
------------------------------------------------
|                Train/Steps |        1.42e+06 |
|           Loss/Loss_critic |           0.377 |
|  Loss/Loss_abstract_critic |           0.136 |
| Loss/Loss_lax_bisimulation |            1.04 |
|       Loss/Loss_transition |            2.34 |
|           Loss/Loss_reward |          0.0379 |
|            Loss/Loss_actor |            -121 |
|         DHPG/Q_actual_mean |            78.7 |
|       DHPG/Q_abstract_mean |            44.4 |
|     DHPG/Value_equivalence |              34 |
|           Norm/actor_model |            83.2 |
|          Norm/critic_model |             133 |
| Norm/abstract_critic_model |            41.3 |
|   Norm/state_encoder_model |             167 |
|  Norm/action_encoder_model |            89.8 |
|                Eval/Return |             828 |
------------------------------------------------
------------------------------------------------
|                Train/Steps |        1.54e+06 |
|           Loss/Loss_critic |           0.282 |
|  Loss/Loss_abstract_critic |           0.393 |
| Loss/Loss_lax_bisimulation |           0.696 |
|       Loss/Loss_transition |            2.33 |
|           Loss/Loss_reward |          0.0819 |
|            Loss/Loss_actor |            -134 |
|         DHPG/Q_actual_mean |            78.7 |
|       DHPG/Q_abstract_mean |            52.2 |
|     DHPG/Value_equivalence |            27.4 |
|           Norm/actor_model |            85.5 |
|          Norm/critic_model |             136 |
| Norm/abstract_critic_model |              43 |
|   Norm/state_encoder_model |             174 |
|  Norm/action_encoder_model |            92.4 |
|                Eval/Return |             707 |
------------------------------------------------
------------------------------------------------
|                Train/Steps |        1.67e+06 |
|           Loss/Loss_critic |           0.204 |
|  Loss/Loss_abstract_critic |           0.344 |
| Loss/Loss_lax_bisimulation |           0.597 |
|       Loss/Loss_transition |            2.33 |
|           Loss/Loss_reward |          0.0341 |
|            Loss/Loss_actor |            -134 |
|         DHPG/Q_actual_mean |            80.9 |
|       DHPG/Q_abstract_mean |            56.5 |
|     DHPG/Value_equivalence |              25 |
|           Norm/actor_model |            87.6 |
|          Norm/critic_model |             140 |
| Norm/abstract_critic_model |              44 |
|   Norm/state_encoder_model |             179 |
|  Norm/action_encoder_model |            95.3 |
|                Eval/Return |             811 |
------------------------------------------------
------------------------------------------------
|                Train/Steps |         1.8e+06 |
|           Loss/Loss_critic |           0.325 |
|  Loss/Loss_abstract_critic |           0.466 |
| Loss/Loss_lax_bisimulation |            1.36 |
|       Loss/Loss_transition |            2.32 |
|           Loss/Loss_reward |          0.0446 |
|            Loss/Loss_actor |            -141 |
|         DHPG/Q_actual_mean |            79.4 |
|       DHPG/Q_abstract_mean |            60.4 |
|     DHPG/Value_equivalence |            19.9 |
|           Norm/actor_model |              90 |
|          Norm/critic_model |             144 |
| Norm/abstract_critic_model |            45.4 |
|   Norm/state_encoder_model |             185 |
|  Norm/action_encoder_model |              98 |
|                Eval/Return |             594 |
------------------------------------------------
------------------------------------------------
|                Train/Steps |        1.93e+06 |
|           Loss/Loss_critic |           0.195 |
|  Loss/Loss_abstract_critic |           0.162 |
| Loss/Loss_lax_bisimulation |           0.614 |
|       Loss/Loss_transition |            2.32 |
|           Loss/Loss_reward |           0.031 |
|            Loss/Loss_actor |            -130 |
|         DHPG/Q_actual_mean |            80.4 |
|       DHPG/Q_abstract_mean |            47.5 |
|     DHPG/Value_equivalence |            34.5 |
|           Norm/actor_model |              92 |
|          Norm/critic_model |             148 |
| Norm/abstract_critic_model |            46.5 |
|   Norm/state_encoder_model |             191 |
|  Norm/action_encoder_model |             100 |
|                Eval/Return |             827 |
------------------------------------------------
------------------------------------------------
|                Train/Steps |        2.06e+06 |
|           Loss/Loss_critic |          0.0959 |
|  Loss/Loss_abstract_critic |           0.206 |
| Loss/Loss_lax_bisimulation |            1.25 |
|       Loss/Loss_transition |            2.34 |
|           Loss/Loss_reward |          0.0442 |
|            Loss/Loss_actor |            -137 |
|         DHPG/Q_actual_mean |            80.8 |
|       DHPG/Q_abstract_mean |            54.7 |
|     DHPG/Value_equivalence |            26.8 |
|           Norm/actor_model |            93.4 |
|          Norm/critic_model |             151 |
| Norm/abstract_critic_model |            47.1 |
|   Norm/state_encoder_model |             196 |
|  Norm/action_encoder_model |             103 |
|                Eval/Return |             852 |
------------------------------------------------
[32mSaving model …[0m
[32mDone.[0m
[32mSaving model …[0m
[32mDone.[0m
------------------------------------------------
|                Train/Steps |        2.18e+06 |
|           Loss/Loss_critic |           0.221 |
|  Loss/Loss_abstract_critic |           0.189 |
| Loss/Loss_lax_bisimulation |            1.91 |
|       Loss/Loss_transition |            2.31 |
|           Loss/Loss_reward |          0.0281 |
|            Loss/Loss_actor |            -134 |
|         DHPG/Q_actual_mean |            81.9 |
|       DHPG/Q_abstract_mean |            51.2 |
|     DHPG/Value_equivalence |              33 |
|           Norm/actor_model |            95.4 |
|          Norm/critic_model |             154 |
| Norm/abstract_critic_model |            47.9 |
|   Norm/state_encoder_model |             200 |
|  Norm/action_encoder_model |             105 |
|                Eval/Return |             745 |
------------------------------------------------
------------------------------------------------
|                Train/Steps |        2.31e+06 |
|           Loss/Loss_critic |           0.196 |
|  Loss/Loss_abstract_critic |           0.349 |
| Loss/Loss_lax_bisimulation |           0.523 |
|       Loss/Loss_transition |            2.32 |
|           Loss/Loss_reward |          0.0453 |
|            Loss/Loss_actor |            -133 |
|         DHPG/Q_actual_mean |            81.8 |
|       DHPG/Q_abstract_mean |            49.9 |
|     DHPG/Value_equivalence |            32.2 |
|           Norm/actor_model |            97.3 |
|          Norm/critic_model |             157 |
| Norm/abstract_critic_model |            48.6 |
|   Norm/state_encoder_model |             205 |
|  Norm/action_encoder_model |             107 |
|                Eval/Return |             859 |
------------------------------------------------
------------------------------------------------
|                Train/Steps |        2.44e+06 |
|           Loss/Loss_critic |           0.239 |
|  Loss/Loss_abstract_critic |           0.238 |
| Loss/Loss_lax_bisimulation |           0.422 |
|       Loss/Loss_transition |            2.32 |
|           Loss/Loss_reward |          0.0395 |
|            Loss/Loss_actor |            -141 |
|         DHPG/Q_actual_mean |            86.2 |
|       DHPG/Q_abstract_mean |            58.6 |
|     DHPG/Value_equivalence |            28.4 |
|           Norm/actor_model |            99.3 |
|          Norm/critic_model |             161 |
| Norm/abstract_critic_model |              50 |
|   Norm/state_encoder_model |             210 |
|  Norm/action_encoder_model |             110 |
|                Eval/Return |             777 |
------------------------------------------------
------------------------------------------------
|                Train/Steps |        2.57e+06 |
|           Loss/Loss_critic |           0.186 |
|  Loss/Loss_abstract_critic |             0.4 |
| Loss/Loss_lax_bisimulation |           0.597 |
|       Loss/Loss_transition |            2.31 |
|           Loss/Loss_reward |          0.0288 |
|            Loss/Loss_actor |            -151 |
|         DHPG/Q_actual_mean |            85.5 |
|       DHPG/Q_abstract_mean |            67.4 |
|     DHPG/Value_equivalence |            20.3 |
|           Norm/actor_model |             101 |
|          Norm/critic_model |             164 |
| Norm/abstract_critic_model |            51.2 |
|   Norm/state_encoder_model |             213 |
|  Norm/action_encoder_model |             112 |
|                Eval/Return |             704 |
------------------------------------------------
------------------------------------------------
|                Train/Steps |         2.7e+06 |
|           Loss/Loss_critic |           0.137 |
|  Loss/Loss_abstract_critic |           0.226 |
| Loss/Loss_lax_bisimulation |           0.348 |
|       Loss/Loss_transition |            2.31 |
|           Loss/Loss_reward |           0.026 |
|            Loss/Loss_actor |            -145 |
|         DHPG/Q_actual_mean |              85 |
|       DHPG/Q_abstract_mean |            59.5 |
|     DHPG/Value_equivalence |            25.8 |
|           Norm/actor_model |             103 |
|          Norm/critic_model |             167 |
| Norm/abstract_critic_model |            51.9 |
|   Norm/state_encoder_model |             218 |
|  Norm/action_encoder_model |             113 |
|                Eval/Return |             586 |
------------------------------------------------
------------------------------------------------
|                Train/Steps |        2.82e+06 |
|           Loss/Loss_critic |           0.238 |
|  Loss/Loss_abstract_critic |           0.203 |
| Loss/Loss_lax_bisimulation |           0.474 |
|       Loss/Loss_transition |            2.32 |
|           Loss/Loss_reward |          0.0287 |
|            Loss/Loss_actor |            -134 |
|         DHPG/Q_actual_mean |            85.4 |
|       DHPG/Q_abstract_mean |              51 |
|     DHPG/Value_equivalence |              35 |
|           Norm/actor_model |             105 |
|          Norm/critic_model |             170 |
| Norm/abstract_critic_model |            52.5 |
|   Norm/state_encoder_model |             222 |
|  Norm/action_encoder_model |             115 |
|                Eval/Return |             594 |
------------------------------------------------
------------------------------------------------
|                Train/Steps |        2.95e+06 |
|           Loss/Loss_critic |          0.0684 |
|  Loss/Loss_abstract_critic |           0.116 |
| Loss/Loss_lax_bisimulation |           0.533 |
|       Loss/Loss_transition |            2.31 |
|           Loss/Loss_reward |          0.0309 |
|            Loss/Loss_actor |            -135 |
|         DHPG/Q_actual_mean |            84.5 |
|       DHPG/Q_abstract_mean |            52.6 |
|     DHPG/Value_equivalence |            32.6 |
|           Norm/actor_model |             106 |
|          Norm/critic_model |             173 |
| Norm/abstract_critic_model |            53.1 |
|   Norm/state_encoder_model |             224 |
|  Norm/action_encoder_model |             116 |
|                Eval/Return |             627 |
------------------------------------------------
------------------------------------------------
|                Train/Steps |        3.08e+06 |
|           Loss/Loss_critic |           0.299 |
|  Loss/Loss_abstract_critic |           0.337 |
| Loss/Loss_lax_bisimulation |           0.687 |
|       Loss/Loss_transition |            2.32 |
|           Loss/Loss_reward |          0.0632 |
|            Loss/Loss_actor |            -144 |
|         DHPG/Q_actual_mean |            86.2 |
|       DHPG/Q_abstract_mean |            61.6 |
|     DHPG/Value_equivalence |            24.9 |
|           Norm/actor_model |             108 |
|          Norm/critic_model |             176 |
| Norm/abstract_critic_model |            53.7 |
|   Norm/state_encoder_model |             228 |
|  Norm/action_encoder_model |             117 |
|                Eval/Return |             826 |
------------------------------------------------
[32mSaving model …[0m
[32mDone.[0m
[32mSaving model …[0m
[32mDone.[0m
------------------------------------------------
|                Train/Steps |        3.21e+06 |
|           Loss/Loss_critic |           0.484 |
|  Loss/Loss_abstract_critic |           0.168 |
| Loss/Loss_lax_bisimulation |           0.639 |
|       Loss/Loss_transition |            2.33 |
|           Loss/Loss_reward |          0.0476 |
|            Loss/Loss_actor |            -137 |
|         DHPG/Q_actual_mean |            85.2 |
|       DHPG/Q_abstract_mean |            50.5 |
|     DHPG/Value_equivalence |            35.1 |
|           Norm/actor_model |             109 |
|          Norm/critic_model |             179 |
| Norm/abstract_critic_model |            54.5 |
|   Norm/state_encoder_model |             232 |
|  Norm/action_encoder_model |             119 |
|                Eval/Return |             838 |
------------------------------------------------
------------------------------------------------
|                Train/Steps |        3.34e+06 |
|           Loss/Loss_critic |           0.206 |
|  Loss/Loss_abstract_critic |           0.202 |
| Loss/Loss_lax_bisimulation |           0.296 |
|       Loss/Loss_transition |            2.31 |
|           Loss/Loss_reward |          0.0258 |
|            Loss/Loss_actor |            -150 |
|         DHPG/Q_actual_mean |            87.3 |
|       DHPG/Q_abstract_mean |            61.8 |
|     DHPG/Value_equivalence |            25.4 |
|           Norm/actor_model |             110 |
|          Norm/critic_model |             182 |
| Norm/abstract_critic_model |            55.3 |
|   Norm/state_encoder_model |             235 |
|  Norm/action_encoder_model |             120 |
|                Eval/Return |             832 |
------------------------------------------------
------------------------------------------------
|                Train/Steps |        3.46e+06 |
|           Loss/Loss_critic |           0.122 |
|  Loss/Loss_abstract_critic |           0.235 |
| Loss/Loss_lax_bisimulation |           0.357 |
|       Loss/Loss_transition |            2.32 |
|           Loss/Loss_reward |          0.0359 |
|            Loss/Loss_actor |            -142 |
|         DHPG/Q_actual_mean |            86.5 |
|       DHPG/Q_abstract_mean |            55.9 |
|     DHPG/Value_equivalence |            30.7 |
|           Norm/actor_model |             112 |
|          Norm/critic_model |             184 |
| Norm/abstract_critic_model |            56.3 |
|   Norm/state_encoder_model |             238 |
|  Norm/action_encoder_model |             121 |
|                Eval/Return |             858 |
------------------------------------------------
------------------------------------------------
|                Train/Steps |        3.59e+06 |
|           Loss/Loss_critic |           0.155 |
|  Loss/Loss_abstract_critic |           0.225 |
| Loss/Loss_lax_bisimulation |           0.693 |
|       Loss/Loss_transition |            2.33 |
|           Loss/Loss_reward |          0.0291 |
|            Loss/Loss_actor |            -145 |
|         DHPG/Q_actual_mean |            84.2 |
|       DHPG/Q_abstract_mean |            56.9 |
|     DHPG/Value_equivalence |            27.8 |
|           Norm/actor_model |             113 |
|          Norm/critic_model |             187 |
| Norm/abstract_critic_model |            56.8 |
|   Norm/state_encoder_model |             242 |
|  Norm/action_encoder_model |             122 |
|                Eval/Return |             700 |
------------------------------------------------
------------------------------------------------
|                Train/Steps |        3.72e+06 |
|           Loss/Loss_critic |           0.315 |
|  Loss/Loss_abstract_critic |           0.314 |
| Loss/Loss_lax_bisimulation |            2.71 |
|       Loss/Loss_transition |            2.32 |
|           Loss/Loss_reward |          0.0334 |
|            Loss/Loss_actor |            -141 |
|         DHPG/Q_actual_mean |            86.5 |
|       DHPG/Q_abstract_mean |            56.5 |
|     DHPG/Value_equivalence |            30.4 |
|           Norm/actor_model |             115 |
|          Norm/critic_model |             190 |
| Norm/abstract_critic_model |            57.5 |
|   Norm/state_encoder_model |             244 |
|  Norm/action_encoder_model |             123 |
|                Eval/Return |             864 |
------------------------------------------------
------------------------------------------------
|                Train/Steps |        3.85e+06 |
|           Loss/Loss_critic |           0.175 |
|  Loss/Loss_abstract_critic |           0.158 |
| Loss/Loss_lax_bisimulation |           0.773 |
|       Loss/Loss_transition |            2.31 |
|           Loss/Loss_reward |          0.0487 |
|            Loss/Loss_actor |            -152 |
|         DHPG/Q_actual_mean |            86.7 |
|       DHPG/Q_abstract_mean |            63.7 |
|     DHPG/Value_equivalence |            23.7 |
|           Norm/actor_model |             116 |
|          Norm/critic_model |             192 |
| Norm/abstract_critic_model |            58.1 |
|   Norm/state_encoder_model |             247 |
|  Norm/action_encoder_model |             125 |
|                Eval/Return |             801 |
------------------------------------------------
------------------------------------------------
|                Train/Steps |        3.98e+06 |
|           Loss/Loss_critic |           0.075 |
|  Loss/Loss_abstract_critic |           0.315 |
| Loss/Loss_lax_bisimulation |           0.825 |
|       Loss/Loss_transition |            2.31 |
|           Loss/Loss_reward |          0.0258 |
|            Loss/Loss_actor |            -150 |
|         DHPG/Q_actual_mean |            85.9 |
|       DHPG/Q_abstract_mean |            64.9 |
|     DHPG/Value_equivalence |            22.7 |
|           Norm/actor_model |             117 |
|          Norm/critic_model |             195 |
| Norm/abstract_critic_model |            58.8 |
|   Norm/state_encoder_model |             251 |
|  Norm/action_encoder_model |             126 |
|                Eval/Return |             847 |
------------------------------------------------
------------------------------------------------
|                Train/Steps |         4.1e+06 |
|           Loss/Loss_critic |          0.0785 |
|  Loss/Loss_abstract_critic |            0.14 |
| Loss/Loss_lax_bisimulation |            0.41 |
|       Loss/Loss_transition |             2.3 |
|           Loss/Loss_reward |          0.0282 |
|            Loss/Loss_actor |            -148 |
|         DHPG/Q_actual_mean |            89.6 |
|       DHPG/Q_abstract_mean |            62.3 |
|     DHPG/Value_equivalence |            27.5 |
|           Norm/actor_model |             118 |
|          Norm/critic_model |             197 |
| Norm/abstract_critic_model |            59.3 |
|   Norm/state_encoder_model |             254 |
|  Norm/action_encoder_model |             127 |
|                Eval/Return |             860 |
------------------------------------------------
[32mSaving model …[0m
[32mDone.[0m
[32mSaving model …[0m
[32mDone.[0m
------------------------------------------------
|                Train/Steps |        4.23e+06 |
|           Loss/Loss_critic |          0.0165 |
|  Loss/Loss_abstract_critic |           0.113 |
| Loss/Loss_lax_bisimulation |           0.584 |
|       Loss/Loss_transition |            2.32 |
|           Loss/Loss_reward |           0.017 |
|            Loss/Loss_actor |            -145 |
|         DHPG/Q_actual_mean |            89.6 |
|       DHPG/Q_abstract_mean |            55.7 |
|     DHPG/Value_equivalence |            34.2 |
|           Norm/actor_model |             119 |
|          Norm/critic_model |             197 |
| Norm/abstract_critic_model |            59.6 |
|   Norm/state_encoder_model |             257 |
|  Norm/action_encoder_model |             128 |
|                Eval/Return |             833 |
------------------------------------------------
------------------------------------------------
|                Train/Steps |        4.36e+06 |
|           Loss/Loss_critic |          0.0151 |
|  Loss/Loss_abstract_critic |           0.086 |
| Loss/Loss_lax_bisimulation |           0.248 |
|       Loss/Loss_transition |             2.3 |
|           Loss/Loss_reward |          0.0231 |
|            Loss/Loss_actor |            -155 |
|         DHPG/Q_actual_mean |            90.3 |
|       DHPG/Q_abstract_mean |            64.4 |
|     DHPG/Value_equivalence |            26.8 |
|           Norm/actor_model |             120 |
|          Norm/critic_model |             197 |
| Norm/abstract_critic_model |            60.2 |
|   Norm/state_encoder_model |             259 |
|  Norm/action_encoder_model |             129 |
|                Eval/Return |             797 |
------------------------------------------------
------------------------------------------------
|                Train/Steps |        4.49e+06 |
|           Loss/Loss_critic |          0.0226 |
|  Loss/Loss_abstract_critic |          0.0805 |
| Loss/Loss_lax_bisimulation |           0.443 |
|       Loss/Loss_transition |            2.31 |
|           Loss/Loss_reward |          0.0202 |
|            Loss/Loss_actor |            -162 |
|         DHPG/Q_actual_mean |            90.4 |
|       DHPG/Q_abstract_mean |            71.3 |
|     DHPG/Value_equivalence |            21.8 |
|           Norm/actor_model |             121 |
|          Norm/critic_model |             198 |
| Norm/abstract_critic_model |            60.8 |
|   Norm/state_encoder_model |             262 |
|  Norm/action_encoder_model |             129 |
|                Eval/Return |             747 |
------------------------------------------------
------------------------------------------------
|                Train/Steps |        4.62e+06 |
|           Loss/Loss_critic |          0.0155 |
|  Loss/Loss_abstract_critic |          0.0824 |
| Loss/Loss_lax_bisimulation |           0.582 |
|       Loss/Loss_transition |            2.32 |
|           Loss/Loss_reward |          0.0223 |
|            Loss/Loss_actor |            -163 |
|         DHPG/Q_actual_mean |            90.4 |
|       DHPG/Q_abstract_mean |            70.9 |
|     DHPG/Value_equivalence |            23.1 |
|           Norm/actor_model |             122 |
|          Norm/critic_model |             198 |
| Norm/abstract_critic_model |              61 |
|   Norm/state_encoder_model |             264 |
|  Norm/action_encoder_model |             130 |
|                Eval/Return |             860 |
------------------------------------------------
------------------------------------------------
|                Train/Steps |        4.74e+06 |
|           Loss/Loss_critic |         0.00801 |
|  Loss/Loss_abstract_critic |          0.0587 |
| Loss/Loss_lax_bisimulation |           0.451 |
|       Loss/Loss_transition |            2.31 |
|           Loss/Loss_reward |          0.0208 |
|            Loss/Loss_actor |            -169 |
|         DHPG/Q_actual_mean |              90 |
|       DHPG/Q_abstract_mean |            77.4 |
|     DHPG/Value_equivalence |            16.7 |
|           Norm/actor_model |             123 |
|          Norm/critic_model |             198 |
| Norm/abstract_critic_model |            61.3 |
|   Norm/state_encoder_model |             266 |
|  Norm/action_encoder_model |             131 |
|                Eval/Return |             585 |
------------------------------------------------
------------------------------------------------
|                Train/Steps |        4.87e+06 |
|           Loss/Loss_critic |          0.0107 |
|  Loss/Loss_abstract_critic |          0.0976 |
| Loss/Loss_lax_bisimulation |           0.393 |
|       Loss/Loss_transition |            2.31 |
|           Loss/Loss_reward |          0.0302 |
|            Loss/Loss_actor |            -174 |
|         DHPG/Q_actual_mean |            91.2 |
|       DHPG/Q_abstract_mean |            83.2 |
|     DHPG/Value_equivalence |            13.2 |
|           Norm/actor_model |             124 |
|          Norm/critic_model |             199 |
| Norm/abstract_critic_model |            61.9 |
|   Norm/state_encoder_model |             268 |
|  Norm/action_encoder_model |             131 |
|                Eval/Return |             787 |
------------------------------------------------
------------------------------------------------
|                Train/Steps |           5e+06 |
|           Loss/Loss_critic |          0.0101 |
|  Loss/Loss_abstract_critic |           0.106 |
| Loss/Loss_lax_bisimulation |           0.722 |
|       Loss/Loss_transition |             2.3 |
|           Loss/Loss_reward |           0.025 |
|            Loss/Loss_actor |            -164 |
|         DHPG/Q_actual_mean |            90.8 |
|       DHPG/Q_abstract_mean |            73.6 |
|     DHPG/Value_equivalence |              19 |
|           Norm/actor_model |             124 |
|          Norm/critic_model |             200 |
| Norm/abstract_critic_model |            62.3 |
|   Norm/state_encoder_model |             270 |
|  Norm/action_encoder_model |             132 |
|                Eval/Return |             771 |
------------------------------------------------
[32mSaving model …[0m
[32mDone.[0m
[32mSaving model …[0m
[32mDone.[0m
