E0902 06:30:10.451283 1198338 cuda_executor.cc:1526] Could not get kernel mode driver version: (INVALID_ARGUMENT: Version does not match the format X.Y.Z)
E0902 06:30:10.459851 1198229 cuda_executor.cc:1526] Could not get kernel mode driver version: (INVALID_ARGUMENT: Version does not match the format X.Y.Z)
[32m[harness] num_envs=128 total_env_steps=5000000 batch=512 train_per_step=8 UTD=0.0625 seed=8192 transitions log_every=128000 transitions normalize_obs=True[0m
[32m[algorithm] lr=0.001 tau=0.005 nstep=3 update_every=2 stddev=linear(1.0,0.1,500000) origin=8192 bootstrap_on_truncation=True matching_dims=True[0m
[32mStart prefilling replay buffer[0m
[32mStart DHPG training[0m
------------------------------------------------
|                Train/Steps |        1.36e+05 |
|           Loss/Loss_critic |            1.11 |
|  Loss/Loss_abstract_critic |            3.18 |
| Loss/Loss_lax_bisimulation |           0.434 |
|       Loss/Loss_transition |            1.15 |
|           Loss/Loss_reward |         0.00958 |
|            Loss/Loss_actor |             -25 |
|         DHPG/Q_actual_mean |            10.3 |
|       DHPG/Q_abstract_mean |              14 |
|     DHPG/Value_equivalence |            4.04 |
|           Norm/actor_model |            39.3 |
|          Norm/critic_model |            59.3 |
| Norm/abstract_critic_model |              26 |
|   Norm/state_encoder_model |             110 |
|  Norm/action_encoder_model |            34.8 |
|                Eval/Return |             207 |
------------------------------------------------
------------------------------------------------
|                Train/Steps |        2.64e+05 |
|           Loss/Loss_critic |            4.29 |
|  Loss/Loss_abstract_critic |             3.7 |
| Loss/Loss_lax_bisimulation |           0.433 |
|       Loss/Loss_transition |            2.42 |
|           Loss/Loss_reward |          0.0173 |
|            Loss/Loss_actor |           -35.6 |
|         DHPG/Q_actual_mean |            21.9 |
|       DHPG/Q_abstract_mean |            14.3 |
|     DHPG/Value_equivalence |            9.37 |
|           Norm/actor_model |            51.4 |
|          Norm/critic_model |            78.9 |
| Norm/abstract_critic_model |            30.7 |
|   Norm/state_encoder_model |             146 |
|  Norm/action_encoder_model |            41.4 |
|                Eval/Return |             296 |
------------------------------------------------
------------------------------------------------
|                Train/Steps |        3.92e+05 |
|           Loss/Loss_critic |             2.4 |
|  Loss/Loss_abstract_critic |            4.54 |
| Loss/Loss_lax_bisimulation |            4.82 |
|       Loss/Loss_transition |            2.37 |
|           Loss/Loss_reward |         0.00735 |
|            Loss/Loss_actor |           -53.8 |
|         DHPG/Q_actual_mean |            30.7 |
|       DHPG/Q_abstract_mean |            23.9 |
|     DHPG/Value_equivalence |            7.36 |
|           Norm/actor_model |            59.8 |
|          Norm/critic_model |            90.3 |
| Norm/abstract_critic_model |            34.7 |
|   Norm/state_encoder_model |             185 |
|  Norm/action_encoder_model |            45.9 |
|                Eval/Return |             519 |
------------------------------------------------
------------------------------------------------
|                Train/Steps |         5.2e+05 |
|           Loss/Loss_critic |            4.19 |
|  Loss/Loss_abstract_critic |            9.61 |
| Loss/Loss_lax_bisimulation |           0.286 |
|       Loss/Loss_transition |            2.37 |
|           Loss/Loss_reward |         0.00218 |
|            Loss/Loss_actor |           -78.2 |
|         DHPG/Q_actual_mean |            44.8 |
|       DHPG/Q_abstract_mean |            33.3 |
|     DHPG/Value_equivalence |            11.5 |
|           Norm/actor_model |            66.5 |
|          Norm/critic_model |            97.9 |
| Norm/abstract_critic_model |            37.3 |
|   Norm/state_encoder_model |             210 |
|  Norm/action_encoder_model |            49.4 |
|                Eval/Return |             531 |
------------------------------------------------
------------------------------------------------
|                Train/Steps |        6.48e+05 |
|           Loss/Loss_critic |            8.59 |
|  Loss/Loss_abstract_critic |            23.3 |
| Loss/Loss_lax_bisimulation |           0.333 |
|       Loss/Loss_transition |            2.55 |
|           Loss/Loss_reward |          0.0369 |
|            Loss/Loss_actor |           -92.1 |
|         DHPG/Q_actual_mean |            51.8 |
|       DHPG/Q_abstract_mean |            38.2 |
|     DHPG/Value_equivalence |            15.3 |
|           Norm/actor_model |            72.4 |
|          Norm/critic_model |             104 |
| Norm/abstract_critic_model |            39.4 |
|   Norm/state_encoder_model |             235 |
|  Norm/action_encoder_model |            52.9 |
|                Eval/Return |             498 |
------------------------------------------------
------------------------------------------------
|                Train/Steps |        7.76e+05 |
|           Loss/Loss_critic |            2.28 |
|  Loss/Loss_abstract_critic |            6.75 |
| Loss/Loss_lax_bisimulation |          0.0986 |
|       Loss/Loss_transition |            2.39 |
|           Loss/Loss_reward |          0.0234 |
|            Loss/Loss_actor |           -97.6 |
|         DHPG/Q_actual_mean |            59.2 |
|       DHPG/Q_abstract_mean |            45.7 |
|     DHPG/Value_equivalence |            15.2 |
|           Norm/actor_model |            77.4 |
|          Norm/critic_model |             111 |
| Norm/abstract_critic_model |            41.3 |
|   Norm/state_encoder_model |             249 |
|  Norm/action_encoder_model |            54.6 |
|                Eval/Return |             395 |
------------------------------------------------
------------------------------------------------
|                Train/Steps |        9.04e+05 |
|           Loss/Loss_critic |            4.92 |
|  Loss/Loss_abstract_critic |            3.76 |
| Loss/Loss_lax_bisimulation |           0.308 |
|       Loss/Loss_transition |            2.34 |
|           Loss/Loss_reward |         0.00714 |
|            Loss/Loss_actor |            -107 |
|         DHPG/Q_actual_mean |            62.4 |
|       DHPG/Q_abstract_mean |            44.1 |
|     DHPG/Value_equivalence |            18.4 |
|           Norm/actor_model |            81.8 |
|          Norm/critic_model |             116 |
| Norm/abstract_critic_model |            42.9 |
|   Norm/state_encoder_model |             275 |
|  Norm/action_encoder_model |            57.3 |
|                Eval/Return |             454 |
------------------------------------------------
------------------------------------------------
|                Train/Steps |        1.03e+06 |
|           Loss/Loss_critic |            1.74 |
|  Loss/Loss_abstract_critic |            5.09 |
| Loss/Loss_lax_bisimulation |          0.0866 |
|       Loss/Loss_transition |            2.34 |
|           Loss/Loss_reward |         0.00139 |
|            Loss/Loss_actor |            -105 |
|         DHPG/Q_actual_mean |            63.8 |
|       DHPG/Q_abstract_mean |            47.9 |
|     DHPG/Value_equivalence |            16.4 |
|           Norm/actor_model |            85.8 |
|          Norm/critic_model |             122 |
| Norm/abstract_critic_model |            44.7 |
|   Norm/state_encoder_model |             296 |
|  Norm/action_encoder_model |            59.8 |
|                Eval/Return |             448 |
------------------------------------------------
[32mSaving model …[0m
[32mDone.[0m
[32mSaving model …[0m
[32mDone.[0m
------------------------------------------------
|                Train/Steps |        1.16e+06 |
|           Loss/Loss_critic |            1.79 |
|  Loss/Loss_abstract_critic |            4.52 |
| Loss/Loss_lax_bisimulation |           0.172 |
|       Loss/Loss_transition |            2.37 |
|           Loss/Loss_reward |         0.00719 |
|            Loss/Loss_actor |            -121 |
|         DHPG/Q_actual_mean |            65.5 |
|       DHPG/Q_abstract_mean |            52.6 |
|     DHPG/Value_equivalence |            13.1 |
|           Norm/actor_model |              89 |
|          Norm/critic_model |             126 |
| Norm/abstract_critic_model |            46.3 |
|   Norm/state_encoder_model |             317 |
|  Norm/action_encoder_model |            61.7 |
|                Eval/Return |             566 |
------------------------------------------------
------------------------------------------------
|                Train/Steps |        1.29e+06 |
|           Loss/Loss_critic |            2.74 |
|  Loss/Loss_abstract_critic |            7.94 |
| Loss/Loss_lax_bisimulation |           0.165 |
|       Loss/Loss_transition |            2.36 |
|           Loss/Loss_reward |           0.013 |
|            Loss/Loss_actor |            -118 |
|         DHPG/Q_actual_mean |            67.3 |
|       DHPG/Q_abstract_mean |              52 |
|     DHPG/Value_equivalence |            15.1 |
|           Norm/actor_model |            92.3 |
|          Norm/critic_model |             130 |
| Norm/abstract_critic_model |            47.8 |
|   Norm/state_encoder_model |             333 |
|  Norm/action_encoder_model |            64.1 |
|                Eval/Return |             679 |
------------------------------------------------
------------------------------------------------
|                Train/Steps |        1.42e+06 |
|           Loss/Loss_critic |            1.22 |
|  Loss/Loss_abstract_critic |            5.11 |
| Loss/Loss_lax_bisimulation |           0.232 |
|       Loss/Loss_transition |            2.37 |
|           Loss/Loss_reward |          0.0319 |
|            Loss/Loss_actor |            -121 |
|         DHPG/Q_actual_mean |            67.8 |
|       DHPG/Q_abstract_mean |            53.5 |
|     DHPG/Value_equivalence |            15.1 |
|           Norm/actor_model |            95.7 |
|          Norm/critic_model |             134 |
| Norm/abstract_critic_model |            49.3 |
|   Norm/state_encoder_model |             351 |
|  Norm/action_encoder_model |            66.4 |
|                Eval/Return |             608 |
------------------------------------------------
------------------------------------------------
|                Train/Steps |        1.54e+06 |
|           Loss/Loss_critic |            1.57 |
|  Loss/Loss_abstract_critic |             3.5 |
| Loss/Loss_lax_bisimulation |           0.227 |
|       Loss/Loss_transition |            2.34 |
|           Loss/Loss_reward |         0.00118 |
|            Loss/Loss_actor |            -131 |
|         DHPG/Q_actual_mean |            72.7 |
|       DHPG/Q_abstract_mean |            58.7 |
|     DHPG/Value_equivalence |            14.3 |
|           Norm/actor_model |            98.5 |
|          Norm/critic_model |             138 |
| Norm/abstract_critic_model |            50.8 |
|   Norm/state_encoder_model |             371 |
|  Norm/action_encoder_model |            68.9 |
|                Eval/Return |             663 |
------------------------------------------------
------------------------------------------------
|                Train/Steps |        1.67e+06 |
|           Loss/Loss_critic |             3.9 |
|  Loss/Loss_abstract_critic |            2.33 |
| Loss/Loss_lax_bisimulation |           0.178 |
|       Loss/Loss_transition |            2.34 |
|           Loss/Loss_reward |         0.00307 |
|            Loss/Loss_actor |            -135 |
|         DHPG/Q_actual_mean |            72.8 |
|       DHPG/Q_abstract_mean |            58.7 |
|     DHPG/Value_equivalence |            13.9 |
|           Norm/actor_model |             101 |
|          Norm/critic_model |             142 |
| Norm/abstract_critic_model |            52.2 |
|   Norm/state_encoder_model |             388 |
|  Norm/action_encoder_model |            70.8 |
|                Eval/Return |             628 |
------------------------------------------------
------------------------------------------------
|                Train/Steps |         1.8e+06 |
|           Loss/Loss_critic |            1.62 |
|  Loss/Loss_abstract_critic |               3 |
| Loss/Loss_lax_bisimulation |          0.0904 |
|       Loss/Loss_transition |            2.34 |
|           Loss/Loss_reward |         0.00262 |
|            Loss/Loss_actor |            -136 |
|         DHPG/Q_actual_mean |            78.1 |
|       DHPG/Q_abstract_mean |            63.5 |
|     DHPG/Value_equivalence |            14.4 |
|           Norm/actor_model |             104 |
|          Norm/critic_model |             146 |
| Norm/abstract_critic_model |            53.3 |
|   Norm/state_encoder_model |             402 |
|  Norm/action_encoder_model |            72.5 |
|                Eval/Return |             750 |
------------------------------------------------
------------------------------------------------
|                Train/Steps |        1.93e+06 |
|           Loss/Loss_critic |            1.99 |
|  Loss/Loss_abstract_critic |            4.59 |
| Loss/Loss_lax_bisimulation |           0.252 |
|       Loss/Loss_transition |            2.34 |
|           Loss/Loss_reward |         0.00336 |
|            Loss/Loss_actor |            -137 |
|         DHPG/Q_actual_mean |              78 |
|       DHPG/Q_abstract_mean |            63.6 |
|     DHPG/Value_equivalence |            14.8 |
|           Norm/actor_model |             106 |
|          Norm/critic_model |             149 |
| Norm/abstract_critic_model |            54.4 |
|   Norm/state_encoder_model |             414 |
|  Norm/action_encoder_model |            74.7 |
|                Eval/Return |             762 |
------------------------------------------------
------------------------------------------------
|                Train/Steps |        2.06e+06 |
|           Loss/Loss_critic |            5.44 |
|  Loss/Loss_abstract_critic |            2.97 |
| Loss/Loss_lax_bisimulation |           0.202 |
|       Loss/Loss_transition |            2.34 |
|           Loss/Loss_reward |           0.029 |
|            Loss/Loss_actor |            -144 |
|         DHPG/Q_actual_mean |            76.3 |
|       DHPG/Q_abstract_mean |            61.1 |
|     DHPG/Value_equivalence |            15.4 |
|           Norm/actor_model |             108 |
|          Norm/critic_model |             153 |
| Norm/abstract_critic_model |            55.6 |
|   Norm/state_encoder_model |             390 |
|  Norm/action_encoder_model |            76.5 |
|                Eval/Return |             775 |
------------------------------------------------
[32mSaving model …[0m
[32mDone.[0m
[32mSaving model …[0m
[32mDone.[0m
------------------------------------------------
|                Train/Steps |        2.18e+06 |
|           Loss/Loss_critic |            2.35 |
|  Loss/Loss_abstract_critic |            3.79 |
| Loss/Loss_lax_bisimulation |           0.164 |
|       Loss/Loss_transition |            2.33 |
|           Loss/Loss_reward |         0.00172 |
|            Loss/Loss_actor |            -144 |
|         DHPG/Q_actual_mean |            78.5 |
|       DHPG/Q_abstract_mean |            60.9 |
|     DHPG/Value_equivalence |            17.7 |
|           Norm/actor_model |             111 |
|          Norm/critic_model |             156 |
| Norm/abstract_critic_model |            56.7 |
|   Norm/state_encoder_model |             398 |
|  Norm/action_encoder_model |            78.5 |
|                Eval/Return |             751 |
------------------------------------------------
------------------------------------------------
|                Train/Steps |        2.31e+06 |
|           Loss/Loss_critic |            2.26 |
|  Loss/Loss_abstract_critic |            5.97 |
| Loss/Loss_lax_bisimulation |           0.179 |
|       Loss/Loss_transition |            2.35 |
|           Loss/Loss_reward |          0.0203 |
|            Loss/Loss_actor |            -146 |
|         DHPG/Q_actual_mean |            79.7 |
|       DHPG/Q_abstract_mean |              62 |
|     DHPG/Value_equivalence |            17.5 |
|           Norm/actor_model |             113 |
|          Norm/critic_model |             160 |
| Norm/abstract_critic_model |            57.9 |
|   Norm/state_encoder_model |             412 |
|  Norm/action_encoder_model |            80.5 |
|                Eval/Return |             765 |
------------------------------------------------
------------------------------------------------
|                Train/Steps |        2.44e+06 |
|           Loss/Loss_critic |            1.57 |
|  Loss/Loss_abstract_critic |              10 |
| Loss/Loss_lax_bisimulation |           0.301 |
|       Loss/Loss_transition |            2.37 |
|           Loss/Loss_reward |          0.0025 |
|            Loss/Loss_actor |            -147 |
|         DHPG/Q_actual_mean |            85.9 |
|       DHPG/Q_abstract_mean |            68.9 |
|     DHPG/Value_equivalence |            16.7 |
|           Norm/actor_model |             115 |
|          Norm/critic_model |             163 |
| Norm/abstract_critic_model |            58.8 |
|   Norm/state_encoder_model |             422 |
|  Norm/action_encoder_model |            82.4 |
|                Eval/Return |             941 |
------------------------------------------------
------------------------------------------------
|                Train/Steps |        2.57e+06 |
|           Loss/Loss_critic |            2.36 |
|  Loss/Loss_abstract_critic |            5.14 |
| Loss/Loss_lax_bisimulation |           0.503 |
|       Loss/Loss_transition |            2.36 |
|           Loss/Loss_reward |          0.0155 |
|            Loss/Loss_actor |            -156 |
|         DHPG/Q_actual_mean |            82.9 |
|       DHPG/Q_abstract_mean |            66.1 |
|     DHPG/Value_equivalence |            17.2 |
|           Norm/actor_model |             117 |
|          Norm/critic_model |             166 |
| Norm/abstract_critic_model |            59.7 |
|   Norm/state_encoder_model |             429 |
|  Norm/action_encoder_model |            84.1 |
|                Eval/Return |             881 |
------------------------------------------------
------------------------------------------------
|                Train/Steps |         2.7e+06 |
|           Loss/Loss_critic |            1.02 |
|  Loss/Loss_abstract_critic |            7.84 |
| Loss/Loss_lax_bisimulation |           0.357 |
|       Loss/Loss_transition |            2.39 |
|           Loss/Loss_reward |          0.0155 |
|            Loss/Loss_actor |            -158 |
|         DHPG/Q_actual_mean |            84.7 |
|       DHPG/Q_abstract_mean |              67 |
|     DHPG/Value_equivalence |            17.5 |
|           Norm/actor_model |             118 |
|          Norm/critic_model |             168 |
| Norm/abstract_critic_model |            60.7 |
|   Norm/state_encoder_model |             433 |
|  Norm/action_encoder_model |            85.3 |
|                Eval/Return |             844 |
------------------------------------------------
------------------------------------------------
|                Train/Steps |        2.82e+06 |
|           Loss/Loss_critic |            1.44 |
|  Loss/Loss_abstract_critic |            8.48 |
| Loss/Loss_lax_bisimulation |           0.322 |
|       Loss/Loss_transition |            2.39 |
|           Loss/Loss_reward |           0.011 |
|            Loss/Loss_actor |            -151 |
|         DHPG/Q_actual_mean |              87 |
|       DHPG/Q_abstract_mean |            67.6 |
|     DHPG/Value_equivalence |            19.5 |
|           Norm/actor_model |             121 |
|          Norm/critic_model |             171 |
| Norm/abstract_critic_model |            61.5 |
|   Norm/state_encoder_model |             436 |
|  Norm/action_encoder_model |            86.7 |
|                Eval/Return |             883 |
------------------------------------------------
------------------------------------------------
|                Train/Steps |        2.95e+06 |
|           Loss/Loss_critic |            2.52 |
|  Loss/Loss_abstract_critic |            6.21 |
| Loss/Loss_lax_bisimulation |           0.219 |
|       Loss/Loss_transition |            2.36 |
|           Loss/Loss_reward |         0.00634 |
|            Loss/Loss_actor |            -157 |
|         DHPG/Q_actual_mean |            85.4 |
|       DHPG/Q_abstract_mean |            69.6 |
|     DHPG/Value_equivalence |            16.1 |
|           Norm/actor_model |             123 |
|          Norm/critic_model |             173 |
| Norm/abstract_critic_model |            62.4 |
|   Norm/state_encoder_model |             440 |
|  Norm/action_encoder_model |              88 |
|                Eval/Return |             805 |
------------------------------------------------
------------------------------------------------
|                Train/Steps |        3.08e+06 |
|           Loss/Loss_critic |            1.28 |
|  Loss/Loss_abstract_critic |            1.84 |
| Loss/Loss_lax_bisimulation |           0.159 |
|       Loss/Loss_transition |            2.31 |
|           Loss/Loss_reward |          0.0045 |
|            Loss/Loss_actor |            -155 |
|         DHPG/Q_actual_mean |            85.3 |
|       DHPG/Q_abstract_mean |            67.4 |
|     DHPG/Value_equivalence |            17.8 |
|           Norm/actor_model |             125 |
|          Norm/critic_model |             176 |
| Norm/abstract_critic_model |            63.1 |
|   Norm/state_encoder_model |             445 |
|  Norm/action_encoder_model |            89.7 |
|                Eval/Return |             853 |
------------------------------------------------
[32mSaving model …[0m
[32mDone.[0m
[32mSaving model …[0m
[32mDone.[0m
------------------------------------------------
|                Train/Steps |        3.21e+06 |
|           Loss/Loss_critic |            0.99 |
|  Loss/Loss_abstract_critic |            3.78 |
| Loss/Loss_lax_bisimulation |           0.189 |
|       Loss/Loss_transition |            2.35 |
|           Loss/Loss_reward |           0.013 |
|            Loss/Loss_actor |            -161 |
|         DHPG/Q_actual_mean |            86.3 |
|       DHPG/Q_abstract_mean |            68.4 |
|     DHPG/Value_equivalence |              18 |
|           Norm/actor_model |             127 |
|          Norm/critic_model |             178 |
| Norm/abstract_critic_model |            63.9 |
|   Norm/state_encoder_model |             448 |
|  Norm/action_encoder_model |            91.6 |
|                Eval/Return |             850 |
------------------------------------------------
------------------------------------------------
|                Train/Steps |        3.34e+06 |
|           Loss/Loss_critic |             1.6 |
|  Loss/Loss_abstract_critic |            5.37 |
| Loss/Loss_lax_bisimulation |           0.246 |
|       Loss/Loss_transition |            2.36 |
|           Loss/Loss_reward |         0.00121 |
|            Loss/Loss_actor |            -161 |
|         DHPG/Q_actual_mean |            89.2 |
|       DHPG/Q_abstract_mean |            71.6 |
|     DHPG/Value_equivalence |            17.5 |
|           Norm/actor_model |             129 |
|          Norm/critic_model |             180 |
| Norm/abstract_critic_model |            64.7 |
|   Norm/state_encoder_model |             452 |
|  Norm/action_encoder_model |            93.5 |
|                Eval/Return |             893 |
------------------------------------------------
------------------------------------------------
|                Train/Steps |        3.46e+06 |
|           Loss/Loss_critic |           0.973 |
|  Loss/Loss_abstract_critic |             2.6 |
| Loss/Loss_lax_bisimulation |           0.272 |
|       Loss/Loss_transition |            2.34 |
|           Loss/Loss_reward |         0.00337 |
|            Loss/Loss_actor |            -165 |
|         DHPG/Q_actual_mean |            89.9 |
|       DHPG/Q_abstract_mean |            72.5 |
|     DHPG/Value_equivalence |            17.7 |
|           Norm/actor_model |             131 |
|          Norm/critic_model |             183 |
| Norm/abstract_critic_model |            65.5 |
|   Norm/state_encoder_model |             455 |
|  Norm/action_encoder_model |            94.9 |
|                Eval/Return |             910 |
------------------------------------------------
------------------------------------------------
|                Train/Steps |        3.59e+06 |
|           Loss/Loss_critic |            2.59 |
|  Loss/Loss_abstract_critic |            9.64 |
| Loss/Loss_lax_bisimulation |           0.331 |
|       Loss/Loss_transition |             2.4 |
|           Loss/Loss_reward |           0.046 |
|            Loss/Loss_actor |            -164 |
|         DHPG/Q_actual_mean |            89.5 |
|       DHPG/Q_abstract_mean |              72 |
|     DHPG/Value_equivalence |            17.1 |
|           Norm/actor_model |             133 |
|          Norm/critic_model |             185 |
| Norm/abstract_critic_model |            66.2 |
|   Norm/state_encoder_model |             458 |
|  Norm/action_encoder_model |            95.8 |
|                Eval/Return |             894 |
------------------------------------------------
------------------------------------------------
|                Train/Steps |        3.72e+06 |
|           Loss/Loss_critic |           0.942 |
|  Loss/Loss_abstract_critic |            2.92 |
| Loss/Loss_lax_bisimulation |           0.257 |
|       Loss/Loss_transition |            2.32 |
|           Loss/Loss_reward |        0.000375 |
|            Loss/Loss_actor |            -157 |
|         DHPG/Q_actual_mean |            91.2 |
|       DHPG/Q_abstract_mean |            71.7 |
|     DHPG/Value_equivalence |            19.7 |
|           Norm/actor_model |             135 |
|          Norm/critic_model |             188 |
| Norm/abstract_critic_model |            66.7 |
|   Norm/state_encoder_model |             462 |
|  Norm/action_encoder_model |            97.4 |
|                Eval/Return |             850 |
------------------------------------------------
------------------------------------------------
|                Train/Steps |        3.85e+06 |
|           Loss/Loss_critic |            1.31 |
|  Loss/Loss_abstract_critic |            4.33 |
| Loss/Loss_lax_bisimulation |            0.28 |
|       Loss/Loss_transition |            2.35 |
|           Loss/Loss_reward |          0.0235 |
|            Loss/Loss_actor |            -163 |
|         DHPG/Q_actual_mean |            90.8 |
|       DHPG/Q_abstract_mean |            70.1 |
|     DHPG/Value_equivalence |            21.2 |
|           Norm/actor_model |             137 |
|          Norm/critic_model |             191 |
| Norm/abstract_critic_model |            67.4 |
|   Norm/state_encoder_model |             465 |
|  Norm/action_encoder_model |              99 |
|                Eval/Return |             855 |
------------------------------------------------
------------------------------------------------
|                Train/Steps |        3.98e+06 |
|           Loss/Loss_critic |            2.12 |
|  Loss/Loss_abstract_critic |            2.94 |
| Loss/Loss_lax_bisimulation |           0.285 |
|       Loss/Loss_transition |            2.33 |
|           Loss/Loss_reward |         0.00996 |
|            Loss/Loss_actor |            -162 |
|         DHPG/Q_actual_mean |            90.9 |
|       DHPG/Q_abstract_mean |            69.8 |
|     DHPG/Value_equivalence |            20.6 |
|           Norm/actor_model |             139 |
|          Norm/critic_model |             195 |
| Norm/abstract_critic_model |            68.1 |
|   Norm/state_encoder_model |             469 |
|  Norm/action_encoder_model |             100 |
|                Eval/Return |             660 |
------------------------------------------------
------------------------------------------------
|                Train/Steps |         4.1e+06 |
|           Loss/Loss_critic |           0.601 |
|  Loss/Loss_abstract_critic |            3.19 |
| Loss/Loss_lax_bisimulation |           0.238 |
|       Loss/Loss_transition |            2.32 |
|           Loss/Loss_reward |         0.00294 |
|            Loss/Loss_actor |            -167 |
|         DHPG/Q_actual_mean |              92 |
|       DHPG/Q_abstract_mean |            74.6 |
|     DHPG/Value_equivalence |            17.1 |
|           Norm/actor_model |             141 |
|          Norm/critic_model |             198 |
| Norm/abstract_critic_model |            68.9 |
|   Norm/state_encoder_model |             472 |
|  Norm/action_encoder_model |             101 |
|                Eval/Return |             922 |
------------------------------------------------
[32mSaving model …[0m
[32mDone.[0m
[32mSaving model …[0m
[32mDone.[0m
------------------------------------------------
|                Train/Steps |        4.23e+06 |
|           Loss/Loss_critic |           0.913 |
|  Loss/Loss_abstract_critic |             1.8 |
| Loss/Loss_lax_bisimulation |           0.102 |
|       Loss/Loss_transition |            2.33 |
|           Loss/Loss_reward |          0.0194 |
|            Loss/Loss_actor |            -166 |
|         DHPG/Q_actual_mean |            93.7 |
|       DHPG/Q_abstract_mean |            73.5 |
|     DHPG/Value_equivalence |            19.8 |
|           Norm/actor_model |             142 |
|          Norm/critic_model |             200 |
| Norm/abstract_critic_model |            69.5 |
|   Norm/state_encoder_model |             475 |
|  Norm/action_encoder_model |             102 |
|                Eval/Return |             899 |
------------------------------------------------
------------------------------------------------
|                Train/Steps |        4.36e+06 |
|           Loss/Loss_critic |            0.46 |
|  Loss/Loss_abstract_critic |            2.53 |
| Loss/Loss_lax_bisimulation |           0.102 |
|       Loss/Loss_transition |            2.33 |
|           Loss/Loss_reward |        0.000499 |
|            Loss/Loss_actor |            -171 |
|         DHPG/Q_actual_mean |            95.3 |
|       DHPG/Q_abstract_mean |            73.3 |
|     DHPG/Value_equivalence |            22.3 |
|           Norm/actor_model |             144 |
|          Norm/critic_model |             203 |
| Norm/abstract_critic_model |            70.3 |
|   Norm/state_encoder_model |             478 |
|  Norm/action_encoder_model |             104 |
|                Eval/Return |             933 |
------------------------------------------------
------------------------------------------------
|                Train/Steps |        4.49e+06 |
|           Loss/Loss_critic |           0.504 |
|  Loss/Loss_abstract_critic |            2.95 |
| Loss/Loss_lax_bisimulation |           0.113 |
|       Loss/Loss_transition |            2.33 |
|           Loss/Loss_reward |         0.00153 |
|            Loss/Loss_actor |            -170 |
|         DHPG/Q_actual_mean |            96.4 |
|       DHPG/Q_abstract_mean |            76.8 |
|     DHPG/Value_equivalence |            19.3 |
|           Norm/actor_model |             146 |
|          Norm/critic_model |             205 |
| Norm/abstract_critic_model |            70.9 |
|   Norm/state_encoder_model |             480 |
|  Norm/action_encoder_model |             105 |
|                Eval/Return |             855 |
------------------------------------------------
------------------------------------------------
|                Train/Steps |        4.62e+06 |
|           Loss/Loss_critic |           0.396 |
|  Loss/Loss_abstract_critic |            1.28 |
| Loss/Loss_lax_bisimulation |           0.108 |
|       Loss/Loss_transition |            2.33 |
|           Loss/Loss_reward |         0.00204 |
|            Loss/Loss_actor |            -176 |
|         DHPG/Q_actual_mean |            97.2 |
|       DHPG/Q_abstract_mean |            78.5 |
|     DHPG/Value_equivalence |            18.8 |
|           Norm/actor_model |             148 |
|          Norm/critic_model |             207 |
| Norm/abstract_critic_model |            71.4 |
|   Norm/state_encoder_model |             482 |
|  Norm/action_encoder_model |             107 |
|                Eval/Return |             918 |
------------------------------------------------
------------------------------------------------
|                Train/Steps |        4.74e+06 |
|           Loss/Loss_critic |           0.731 |
|  Loss/Loss_abstract_critic |            2.38 |
| Loss/Loss_lax_bisimulation |           0.151 |
|       Loss/Loss_transition |            2.34 |
|           Loss/Loss_reward |          0.0398 |
|            Loss/Loss_actor |            -172 |
|         DHPG/Q_actual_mean |            96.5 |
|       DHPG/Q_abstract_mean |            76.5 |
|     DHPG/Value_equivalence |            19.9 |
|           Norm/actor_model |             149 |
|          Norm/critic_model |             209 |
| Norm/abstract_critic_model |              72 |
|   Norm/state_encoder_model |             483 |
|  Norm/action_encoder_model |             108 |
|                Eval/Return |             899 |
------------------------------------------------
------------------------------------------------
|                Train/Steps |        4.87e+06 |
|           Loss/Loss_critic |            0.52 |
|  Loss/Loss_abstract_critic |            2.92 |
| Loss/Loss_lax_bisimulation |          0.0509 |
|       Loss/Loss_transition |            2.32 |
|           Loss/Loss_reward |        0.000166 |
|            Loss/Loss_actor |            -173 |
|         DHPG/Q_actual_mean |              98 |
|       DHPG/Q_abstract_mean |            75.2 |
|     DHPG/Value_equivalence |            21.8 |
|           Norm/actor_model |             151 |
|          Norm/critic_model |             211 |
| Norm/abstract_critic_model |            72.5 |
|   Norm/state_encoder_model |             485 |
|  Norm/action_encoder_model |             110 |
|                Eval/Return |             905 |
------------------------------------------------
------------------------------------------------
|                Train/Steps |           5e+06 |
|           Loss/Loss_critic |            2.84 |
|  Loss/Loss_abstract_critic |            4.38 |
| Loss/Loss_lax_bisimulation |           0.115 |
|       Loss/Loss_transition |            2.35 |
|           Loss/Loss_reward |         0.00925 |
|            Loss/Loss_actor |            -170 |
|         DHPG/Q_actual_mean |            97.4 |
|       DHPG/Q_abstract_mean |            70.6 |
|     DHPG/Value_equivalence |            26.9 |
|           Norm/actor_model |             152 |
|          Norm/critic_model |             213 |
| Norm/abstract_critic_model |              73 |
|   Norm/state_encoder_model |             486 |
|  Norm/action_encoder_model |             111 |
|                Eval/Return |             916 |
------------------------------------------------
[32mSaving model …[0m
[32mDone.[0m
[32mSaving model …[0m
[32mDone.[0m
