E0903 00:34:48.456583  106671 cuda_executor.cc:1526] Could not get kernel mode driver version: (INVALID_ARGUMENT: Version does not match the format X.Y.Z)
E0903 00:34:48.465100  106561 cuda_executor.cc:1526] Could not get kernel mode driver version: (INVALID_ARGUMENT: Version does not match the format X.Y.Z)
[32m[harness] num_envs=128 total_env_steps=5000000 batch=512 train_per_step=8 UTD=0.0625 seed=8192 transitions log_every=128000 transitions normalize_obs=True[0m
[32m[algorithm] lr=0.001 tau=0.005 nstep=3 update_every=2 stddev=linear(1.0,0.1,500000) origin=8192 bootstrap_on_truncation=True matching_dims=True[0m
[32mStart prefilling replay buffer[0m
[32mStart DHPG training[0m
------------------------------------------------
|                Train/Steps |        1.36e+05 |
|           Loss/Loss_critic |         0.00234 |
|  Loss/Loss_abstract_critic |         0.00398 |
| Loss/Loss_lax_bisimulation |           0.143 |
|       Loss/Loss_transition |            2.32 |
|           Loss/Loss_reward |         0.00197 |
|            Loss/Loss_actor |           0.584 |
|         DHPG/Q_actual_mean |          0.0541 |
|       DHPG/Q_abstract_mean |           -0.63 |
|     DHPG/Value_equivalence |           0.684 |
|           Norm/actor_model |            26.3 |
|          Norm/critic_model |            25.3 |
| Norm/abstract_critic_model |            19.2 |
|   Norm/state_encoder_model |            64.1 |
|  Norm/action_encoder_model |            17.7 |
|                Eval/Return |               0 |
------------------------------------------------
------------------------------------------------
|                Train/Steps |        2.64e+05 |
|           Loss/Loss_critic |         0.00281 |
|  Loss/Loss_abstract_critic |          0.0202 |
| Loss/Loss_lax_bisimulation |           0.113 |
|       Loss/Loss_transition |            2.31 |
|           Loss/Loss_reward |          0.0248 |
|            Loss/Loss_actor |            1.26 |
|         DHPG/Q_actual_mean |           0.221 |
|       DHPG/Q_abstract_mean |           -1.46 |
|     DHPG/Value_equivalence |            1.68 |
|           Norm/actor_model |            39.7 |
|          Norm/critic_model |            40.3 |
| Norm/abstract_critic_model |            19.7 |
|   Norm/state_encoder_model |            73.3 |
|  Norm/action_encoder_model |            17.6 |
|                Eval/Return |             143 |
------------------------------------------------
------------------------------------------------
|                Train/Steps |        3.92e+05 |
|           Loss/Loss_critic |          0.0632 |
|  Loss/Loss_abstract_critic |          0.0192 |
| Loss/Loss_lax_bisimulation |            0.17 |
|       Loss/Loss_transition |            2.31 |
|           Loss/Loss_reward |         0.00301 |
|            Loss/Loss_actor |          -0.149 |
|         DHPG/Q_actual_mean |           0.565 |
|       DHPG/Q_abstract_mean |          -0.219 |
|     DHPG/Value_equivalence |           0.858 |
|           Norm/actor_model |            54.2 |
|          Norm/critic_model |            57.9 |
| Norm/abstract_critic_model |            21.3 |
|   Norm/state_encoder_model |            80.2 |
|  Norm/action_encoder_model |            27.6 |
|                Eval/Return |             106 |
------------------------------------------------
------------------------------------------------
|                Train/Steps |         5.2e+05 |
|           Loss/Loss_critic |           0.137 |
|  Loss/Loss_abstract_critic |             4.4 |
| Loss/Loss_lax_bisimulation |             1.2 |
|       Loss/Loss_transition |            2.32 |
|           Loss/Loss_reward |          0.0122 |
|            Loss/Loss_actor |           -9.71 |
|         DHPG/Q_actual_mean |             4.5 |
|       DHPG/Q_abstract_mean |            5.83 |
|     DHPG/Value_equivalence |             3.7 |
|           Norm/actor_model |            64.2 |
|          Norm/critic_model |            74.5 |
| Norm/abstract_critic_model |            28.2 |
|   Norm/state_encoder_model |            95.4 |
|  Norm/action_encoder_model |            47.6 |
|                Eval/Return |             326 |
------------------------------------------------
------------------------------------------------
|                Train/Steps |        6.48e+05 |
|           Loss/Loss_critic |           0.246 |
|  Loss/Loss_abstract_critic |            4.19 |
| Loss/Loss_lax_bisimulation |            2.43 |
|       Loss/Loss_transition |            2.36 |
|           Loss/Loss_reward |          0.0127 |
|            Loss/Loss_actor |           -30.4 |
|         DHPG/Q_actual_mean |            15.7 |
|       DHPG/Q_abstract_mean |            13.7 |
|     DHPG/Value_equivalence |            5.37 |
|           Norm/actor_model |            70.4 |
|          Norm/critic_model |            90.6 |
| Norm/abstract_critic_model |            31.4 |
|   Norm/state_encoder_model |             114 |
|  Norm/action_encoder_model |            55.4 |
|                Eval/Return |             716 |
------------------------------------------------
------------------------------------------------
|                Train/Steps |        7.76e+05 |
|           Loss/Loss_critic |           0.356 |
|  Loss/Loss_abstract_critic |           0.686 |
| Loss/Loss_lax_bisimulation |            3.16 |
|       Loss/Loss_transition |            2.35 |
|           Loss/Loss_reward |           0.137 |
|            Loss/Loss_actor |           -36.8 |
|         DHPG/Q_actual_mean |            24.2 |
|       DHPG/Q_abstract_mean |            12.9 |
|     DHPG/Value_equivalence |            15.1 |
|           Norm/actor_model |            76.2 |
|          Norm/critic_model |             107 |
| Norm/abstract_critic_model |            32.8 |
|   Norm/state_encoder_model |             138 |
|  Norm/action_encoder_model |            63.5 |
|                Eval/Return |             654 |
------------------------------------------------
------------------------------------------------
|                Train/Steps |        9.04e+05 |
|           Loss/Loss_critic |           0.433 |
|  Loss/Loss_abstract_critic |            2.74 |
| Loss/Loss_lax_bisimulation |            3.36 |
|       Loss/Loss_transition |            2.38 |
|           Loss/Loss_reward |           0.108 |
|            Loss/Loss_actor |           -49.3 |
|         DHPG/Q_actual_mean |            31.3 |
|       DHPG/Q_abstract_mean |            18.8 |
|     DHPG/Value_equivalence |            15.7 |
|           Norm/actor_model |            81.1 |
|          Norm/critic_model |             120 |
| Norm/abstract_critic_model |            36.2 |
|   Norm/state_encoder_model |             157 |
|  Norm/action_encoder_model |            72.4 |
|                Eval/Return |             723 |
------------------------------------------------
------------------------------------------------
|                Train/Steps |        1.03e+06 |
|           Loss/Loss_critic |           0.526 |
|  Loss/Loss_abstract_critic |            6.44 |
| Loss/Loss_lax_bisimulation |            2.04 |
|       Loss/Loss_transition |             2.4 |
|           Loss/Loss_reward |          0.0873 |
|            Loss/Loss_actor |           -79.4 |
|         DHPG/Q_actual_mean |            39.2 |
|       DHPG/Q_abstract_mean |              38 |
|     DHPG/Value_equivalence |            11.7 |
|           Norm/actor_model |            85.6 |
|          Norm/critic_model |             131 |
| Norm/abstract_critic_model |            39.3 |
|   Norm/state_encoder_model |             170 |
|  Norm/action_encoder_model |            79.1 |
|                Eval/Return |             727 |
------------------------------------------------
[32mSaving model …[0m
[32mDone.[0m
[32mSaving model …[0m
[32mDone.[0m
------------------------------------------------
|                Train/Steps |        1.16e+06 |
|           Loss/Loss_critic |           0.538 |
|  Loss/Loss_abstract_critic |            6.96 |
| Loss/Loss_lax_bisimulation |            2.86 |
|       Loss/Loss_transition |            2.39 |
|           Loss/Loss_reward |           0.102 |
|            Loss/Loss_actor |           -91.5 |
|         DHPG/Q_actual_mean |            43.5 |
|       DHPG/Q_abstract_mean |            49.5 |
|     DHPG/Value_equivalence |            14.7 |
|           Norm/actor_model |            88.8 |
|          Norm/critic_model |             140 |
| Norm/abstract_critic_model |            42.8 |
|   Norm/state_encoder_model |             182 |
|  Norm/action_encoder_model |            84.7 |
|                Eval/Return |             666 |
------------------------------------------------
------------------------------------------------
|                Train/Steps |        1.29e+06 |
|           Loss/Loss_critic |           0.896 |
|  Loss/Loss_abstract_critic |            8.32 |
| Loss/Loss_lax_bisimulation |            3.83 |
|       Loss/Loss_transition |            2.38 |
|           Loss/Loss_reward |            0.14 |
|            Loss/Loss_actor |             -99 |
|         DHPG/Q_actual_mean |            44.9 |
|       DHPG/Q_abstract_mean |            53.2 |
|     DHPG/Value_equivalence |            15.6 |
|           Norm/actor_model |            92.1 |
|          Norm/critic_model |             144 |
| Norm/abstract_critic_model |            46.5 |
|   Norm/state_encoder_model |             196 |
|  Norm/action_encoder_model |            89.7 |
|                Eval/Return |             238 |
------------------------------------------------
------------------------------------------------
|                Train/Steps |        1.42e+06 |
|           Loss/Loss_critic |           0.621 |
|  Loss/Loss_abstract_critic |            9.35 |
| Loss/Loss_lax_bisimulation |            3.29 |
|       Loss/Loss_transition |            2.42 |
|           Loss/Loss_reward |           0.178 |
|            Loss/Loss_actor |            -102 |
|         DHPG/Q_actual_mean |            49.7 |
|       DHPG/Q_abstract_mean |            55.7 |
|     DHPG/Value_equivalence |            16.6 |
|           Norm/actor_model |              95 |
|          Norm/critic_model |             150 |
| Norm/abstract_critic_model |            49.7 |
|   Norm/state_encoder_model |             209 |
|  Norm/action_encoder_model |            94.2 |
|                Eval/Return |             736 |
------------------------------------------------
------------------------------------------------
|                Train/Steps |        1.54e+06 |
|           Loss/Loss_critic |            0.53 |
|  Loss/Loss_abstract_critic |            10.1 |
| Loss/Loss_lax_bisimulation |            2.74 |
|       Loss/Loss_transition |             2.4 |
|           Loss/Loss_reward |          0.0446 |
|            Loss/Loss_actor |            -130 |
|         DHPG/Q_actual_mean |            52.3 |
|       DHPG/Q_abstract_mean |              71 |
|     DHPG/Value_equivalence |            23.8 |
|           Norm/actor_model |            97.1 |
|          Norm/critic_model |             155 |
| Norm/abstract_critic_model |            52.1 |
|   Norm/state_encoder_model |             222 |
|  Norm/action_encoder_model |              98 |
|                Eval/Return |            48.4 |
------------------------------------------------
------------------------------------------------
|                Train/Steps |        1.67e+06 |
|           Loss/Loss_critic |           0.405 |
|  Loss/Loss_abstract_critic |              14 |
| Loss/Loss_lax_bisimulation |            4.13 |
|       Loss/Loss_transition |             2.4 |
|           Loss/Loss_reward |           0.039 |
|            Loss/Loss_actor |            -110 |
|         DHPG/Q_actual_mean |            55.5 |
|       DHPG/Q_abstract_mean |            58.5 |
|     DHPG/Value_equivalence |            13.5 |
|           Norm/actor_model |            99.7 |
|          Norm/critic_model |             158 |
| Norm/abstract_critic_model |            54.8 |
|   Norm/state_encoder_model |             234 |
|  Norm/action_encoder_model |             101 |
|                Eval/Return |             747 |
------------------------------------------------
------------------------------------------------
|                Train/Steps |         1.8e+06 |
|           Loss/Loss_critic |           0.529 |
|  Loss/Loss_abstract_critic |            3.85 |
| Loss/Loss_lax_bisimulation |            4.25 |
|       Loss/Loss_transition |            2.43 |
|           Loss/Loss_reward |           0.149 |
|            Loss/Loss_actor |            -112 |
|         DHPG/Q_actual_mean |            57.4 |
|       DHPG/Q_abstract_mean |            54.1 |
|     DHPG/Value_equivalence |            21.7 |
|           Norm/actor_model |             102 |
|          Norm/critic_model |             162 |
| Norm/abstract_critic_model |            56.3 |
|   Norm/state_encoder_model |             244 |
|  Norm/action_encoder_model |             104 |
|                Eval/Return |             755 |
------------------------------------------------
------------------------------------------------
|                Train/Steps |        1.93e+06 |
|           Loss/Loss_critic |           0.285 |
|  Loss/Loss_abstract_critic |            1.89 |
| Loss/Loss_lax_bisimulation |            2.38 |
|       Loss/Loss_transition |            2.38 |
|           Loss/Loss_reward |          0.0377 |
|            Loss/Loss_actor |            -108 |
|         DHPG/Q_actual_mean |            58.2 |
|       DHPG/Q_abstract_mean |            46.8 |
|     DHPG/Value_equivalence |            25.6 |
|           Norm/actor_model |             104 |
|          Norm/critic_model |             166 |
| Norm/abstract_critic_model |            57.6 |
|   Norm/state_encoder_model |             252 |
|  Norm/action_encoder_model |             107 |
|                Eval/Return |             706 |
------------------------------------------------
------------------------------------------------
|                Train/Steps |        2.06e+06 |
|           Loss/Loss_critic |           0.588 |
|  Loss/Loss_abstract_critic |            3.69 |
| Loss/Loss_lax_bisimulation |            3.54 |
|       Loss/Loss_transition |            2.43 |
|           Loss/Loss_reward |          0.0515 |
|            Loss/Loss_actor |            -110 |
|         DHPG/Q_actual_mean |            61.6 |
|       DHPG/Q_abstract_mean |            45.7 |
|     DHPG/Value_equivalence |            22.3 |
|           Norm/actor_model |             106 |
|          Norm/critic_model |             170 |
| Norm/abstract_critic_model |            59.1 |
|   Norm/state_encoder_model |             262 |
|  Norm/action_encoder_model |             110 |
|                Eval/Return |             707 |
------------------------------------------------
[32mSaving model …[0m
[32mDone.[0m
[32mSaving model …[0m
[32mDone.[0m
------------------------------------------------
|                Train/Steps |        2.18e+06 |
|           Loss/Loss_critic |           0.445 |
|  Loss/Loss_abstract_critic |            2.09 |
| Loss/Loss_lax_bisimulation |            2.47 |
|       Loss/Loss_transition |            2.37 |
|           Loss/Loss_reward |          0.0139 |
|            Loss/Loss_actor |            -109 |
|         DHPG/Q_actual_mean |            64.2 |
|       DHPG/Q_abstract_mean |              46 |
|     DHPG/Value_equivalence |            24.5 |
|           Norm/actor_model |             108 |
|          Norm/critic_model |             174 |
| Norm/abstract_critic_model |            60.6 |
|   Norm/state_encoder_model |             271 |
|  Norm/action_encoder_model |             113 |
|                Eval/Return |             763 |
------------------------------------------------
------------------------------------------------
|                Train/Steps |        2.31e+06 |
|           Loss/Loss_critic |           0.523 |
|  Loss/Loss_abstract_critic |            2.46 |
| Loss/Loss_lax_bisimulation |            3.37 |
|       Loss/Loss_transition |            2.37 |
|           Loss/Loss_reward |         0.00634 |
|            Loss/Loss_actor |            -115 |
|         DHPG/Q_actual_mean |            61.6 |
|       DHPG/Q_abstract_mean |            52.2 |
|     DHPG/Value_equivalence |            16.2 |
|           Norm/actor_model |             110 |
|          Norm/critic_model |             179 |
| Norm/abstract_critic_model |            63.1 |
|   Norm/state_encoder_model |             279 |
|  Norm/action_encoder_model |             115 |
|                Eval/Return |             376 |
------------------------------------------------
------------------------------------------------
|                Train/Steps |        2.44e+06 |
|           Loss/Loss_critic |           0.336 |
|  Loss/Loss_abstract_critic |            1.96 |
| Loss/Loss_lax_bisimulation |            3.51 |
|       Loss/Loss_transition |            2.39 |
|           Loss/Loss_reward |          0.0159 |
|            Loss/Loss_actor |            -117 |
|         DHPG/Q_actual_mean |            69.1 |
|       DHPG/Q_abstract_mean |            51.4 |
|     DHPG/Value_equivalence |            25.8 |
|           Norm/actor_model |             112 |
|          Norm/critic_model |             183 |
| Norm/abstract_critic_model |            64.9 |
|   Norm/state_encoder_model |             291 |
|  Norm/action_encoder_model |             117 |
|                Eval/Return |             747 |
------------------------------------------------
------------------------------------------------
|                Train/Steps |        2.57e+06 |
|           Loss/Loss_critic |           0.546 |
|  Loss/Loss_abstract_critic |            1.44 |
| Loss/Loss_lax_bisimulation |            6.04 |
|       Loss/Loss_transition |            2.39 |
|           Loss/Loss_reward |          0.0273 |
|            Loss/Loss_actor |            -112 |
|         DHPG/Q_actual_mean |            71.3 |
|       DHPG/Q_abstract_mean |            47.8 |
|     DHPG/Value_equivalence |            31.1 |
|           Norm/actor_model |             114 |
|          Norm/critic_model |             188 |
| Norm/abstract_critic_model |            65.8 |
|   Norm/state_encoder_model |             299 |
|  Norm/action_encoder_model |             119 |
|                Eval/Return |             699 |
------------------------------------------------
------------------------------------------------
|                Train/Steps |         2.7e+06 |
|           Loss/Loss_critic |           0.504 |
|  Loss/Loss_abstract_critic |            1.99 |
| Loss/Loss_lax_bisimulation |            2.45 |
|       Loss/Loss_transition |            2.39 |
|           Loss/Loss_reward |           0.026 |
|            Loss/Loss_actor |            -116 |
|         DHPG/Q_actual_mean |            67.8 |
|       DHPG/Q_abstract_mean |            48.6 |
|     DHPG/Value_equivalence |              27 |
|           Norm/actor_model |             115 |
|          Norm/critic_model |             191 |
| Norm/abstract_critic_model |            66.8 |
|   Norm/state_encoder_model |             306 |
|  Norm/action_encoder_model |             121 |
|                Eval/Return |             751 |
------------------------------------------------
------------------------------------------------
|                Train/Steps |        2.82e+06 |
|           Loss/Loss_critic |           0.463 |
|  Loss/Loss_abstract_critic |            2.76 |
| Loss/Loss_lax_bisimulation |            2.85 |
|       Loss/Loss_transition |            2.41 |
|           Loss/Loss_reward |           0.056 |
|            Loss/Loss_actor |            -117 |
|         DHPG/Q_actual_mean |            68.9 |
|       DHPG/Q_abstract_mean |            53.5 |
|     DHPG/Value_equivalence |              22 |
|           Norm/actor_model |             117 |
|          Norm/critic_model |             194 |
| Norm/abstract_critic_model |            68.3 |
|   Norm/state_encoder_model |             313 |
|  Norm/action_encoder_model |             123 |
|                Eval/Return |             753 |
------------------------------------------------
------------------------------------------------
|                Train/Steps |        2.95e+06 |
|           Loss/Loss_critic |           0.508 |
|  Loss/Loss_abstract_critic |               1 |
| Loss/Loss_lax_bisimulation |            2.09 |
|       Loss/Loss_transition |            2.37 |
|           Loss/Loss_reward |           0.029 |
|            Loss/Loss_actor |            -116 |
|         DHPG/Q_actual_mean |            68.9 |
|       DHPG/Q_abstract_mean |            53.3 |
|     DHPG/Value_equivalence |            19.2 |
|           Norm/actor_model |             118 |
|          Norm/critic_model |             197 |
| Norm/abstract_critic_model |            69.7 |
|   Norm/state_encoder_model |             321 |
|  Norm/action_encoder_model |             125 |
|                Eval/Return |             753 |
------------------------------------------------
------------------------------------------------
|                Train/Steps |        3.08e+06 |
|           Loss/Loss_critic |           0.413 |
|  Loss/Loss_abstract_critic |            1.36 |
| Loss/Loss_lax_bisimulation |            2.54 |
|       Loss/Loss_transition |            2.39 |
|           Loss/Loss_reward |          0.0342 |
|            Loss/Loss_actor |            -112 |
|         DHPG/Q_actual_mean |            71.4 |
|       DHPG/Q_abstract_mean |            46.4 |
|     DHPG/Value_equivalence |            30.7 |
|           Norm/actor_model |             120 |
|          Norm/critic_model |             200 |
| Norm/abstract_critic_model |            70.6 |
|   Norm/state_encoder_model |             328 |
|  Norm/action_encoder_model |             127 |
|                Eval/Return |             748 |
------------------------------------------------
[32mSaving model …[0m
[32mDone.[0m
[32mSaving model …[0m
[32mDone.[0m
------------------------------------------------
|                Train/Steps |        3.21e+06 |
|           Loss/Loss_critic |           0.446 |
|  Loss/Loss_abstract_critic |            1.72 |
| Loss/Loss_lax_bisimulation |            3.43 |
|       Loss/Loss_transition |             2.4 |
|           Loss/Loss_reward |          0.0791 |
|            Loss/Loss_actor |            -120 |
|         DHPG/Q_actual_mean |            68.6 |
|       DHPG/Q_abstract_mean |            47.8 |
|     DHPG/Value_equivalence |            25.7 |
|           Norm/actor_model |             121 |
|          Norm/critic_model |             202 |
| Norm/abstract_critic_model |            71.3 |
|   Norm/state_encoder_model |             334 |
|  Norm/action_encoder_model |             128 |
|                Eval/Return |             743 |
------------------------------------------------
------------------------------------------------
|                Train/Steps |        3.34e+06 |
|           Loss/Loss_critic |           0.377 |
|  Loss/Loss_abstract_critic |            2.79 |
| Loss/Loss_lax_bisimulation |             2.4 |
|       Loss/Loss_transition |            2.42 |
|           Loss/Loss_reward |          0.0369 |
|            Loss/Loss_actor |            -119 |
|         DHPG/Q_actual_mean |            72.1 |
|       DHPG/Q_abstract_mean |            46.2 |
|     DHPG/Value_equivalence |            30.1 |
|           Norm/actor_model |             122 |
|          Norm/critic_model |             206 |
| Norm/abstract_critic_model |            72.4 |
|   Norm/state_encoder_model |             340 |
|  Norm/action_encoder_model |             130 |
|                Eval/Return |             626 |
------------------------------------------------
------------------------------------------------
|                Train/Steps |        3.46e+06 |
|           Loss/Loss_critic |           0.458 |
|  Loss/Loss_abstract_critic |           0.866 |
| Loss/Loss_lax_bisimulation |            2.28 |
|       Loss/Loss_transition |            2.37 |
|           Loss/Loss_reward |          0.0404 |
|            Loss/Loss_actor |            -110 |
|         DHPG/Q_actual_mean |            70.7 |
|       DHPG/Q_abstract_mean |            37.8 |
|     DHPG/Value_equivalence |            35.9 |
|           Norm/actor_model |             123 |
|          Norm/critic_model |             210 |
| Norm/abstract_critic_model |            73.3 |
|   Norm/state_encoder_model |             346 |
|  Norm/action_encoder_model |             131 |
|                Eval/Return |             687 |
------------------------------------------------
------------------------------------------------
|                Train/Steps |        3.59e+06 |
|           Loss/Loss_critic |           0.375 |
|  Loss/Loss_abstract_critic |            1.21 |
| Loss/Loss_lax_bisimulation |            1.66 |
|       Loss/Loss_transition |            2.37 |
|           Loss/Loss_reward |          0.0164 |
|            Loss/Loss_actor |            -117 |
|         DHPG/Q_actual_mean |            68.3 |
|       DHPG/Q_abstract_mean |            42.9 |
|     DHPG/Value_equivalence |            29.4 |
|           Norm/actor_model |             125 |
|          Norm/critic_model |             213 |
| Norm/abstract_critic_model |              74 |
|   Norm/state_encoder_model |             351 |
|  Norm/action_encoder_model |             133 |
|                Eval/Return |             759 |
------------------------------------------------
------------------------------------------------
|                Train/Steps |        3.72e+06 |
|           Loss/Loss_critic |           0.509 |
|  Loss/Loss_abstract_critic |            1.05 |
| Loss/Loss_lax_bisimulation |            2.54 |
|       Loss/Loss_transition |            2.38 |
|           Loss/Loss_reward |          0.0259 |
|            Loss/Loss_actor |            -106 |
|         DHPG/Q_actual_mean |            72.1 |
|       DHPG/Q_abstract_mean |            38.7 |
|     DHPG/Value_equivalence |              35 |
|           Norm/actor_model |             126 |
|          Norm/critic_model |             215 |
| Norm/abstract_critic_model |            75.4 |
|   Norm/state_encoder_model |             357 |
|  Norm/action_encoder_model |             134 |
|                Eval/Return |             357 |
------------------------------------------------
------------------------------------------------
|                Train/Steps |        3.85e+06 |
|           Loss/Loss_critic |           0.419 |
|  Loss/Loss_abstract_critic |            1.47 |
| Loss/Loss_lax_bisimulation |            3.33 |
|       Loss/Loss_transition |             2.4 |
|           Loss/Loss_reward |          0.0213 |
|            Loss/Loss_actor |            -110 |
|         DHPG/Q_actual_mean |            69.7 |
|       DHPG/Q_abstract_mean |            35.2 |
|     DHPG/Value_equivalence |            36.1 |
|           Norm/actor_model |             127 |
|          Norm/critic_model |             218 |
| Norm/abstract_critic_model |            76.1 |
|   Norm/state_encoder_model |             363 |
|  Norm/action_encoder_model |             135 |
|                Eval/Return |             756 |
------------------------------------------------
------------------------------------------------
|                Train/Steps |        3.98e+06 |
|           Loss/Loss_critic |           0.362 |
|  Loss/Loss_abstract_critic |            1.38 |
| Loss/Loss_lax_bisimulation |            3.05 |
|       Loss/Loss_transition |            2.41 |
|           Loss/Loss_reward |          0.0433 |
|            Loss/Loss_actor |            -110 |
|         DHPG/Q_actual_mean |              70 |
|       DHPG/Q_abstract_mean |            41.4 |
|     DHPG/Value_equivalence |            29.6 |
|           Norm/actor_model |             129 |
|          Norm/critic_model |             223 |
| Norm/abstract_critic_model |            77.2 |
|   Norm/state_encoder_model |             370 |
|  Norm/action_encoder_model |             137 |
|                Eval/Return |             753 |
------------------------------------------------
------------------------------------------------
|                Train/Steps |         4.1e+06 |
|           Loss/Loss_critic |           0.404 |
|  Loss/Loss_abstract_critic |            2.77 |
| Loss/Loss_lax_bisimulation |            2.09 |
|       Loss/Loss_transition |            2.37 |
|           Loss/Loss_reward |          0.0236 |
|            Loss/Loss_actor |            -131 |
|         DHPG/Q_actual_mean |            74.6 |
|       DHPG/Q_abstract_mean |            59.3 |
|     DHPG/Value_equivalence |            17.1 |
|           Norm/actor_model |             130 |
|          Norm/critic_model |             228 |
| Norm/abstract_critic_model |            78.2 |
|   Norm/state_encoder_model |             376 |
|  Norm/action_encoder_model |             138 |
|                Eval/Return |             754 |
------------------------------------------------
[32mSaving model …[0m
[32mDone.[0m
[32mSaving model …[0m
[32mDone.[0m
------------------------------------------------
|                Train/Steps |        4.23e+06 |
|           Loss/Loss_critic |            0.37 |
|  Loss/Loss_abstract_critic |            2.76 |
| Loss/Loss_lax_bisimulation |            1.69 |
|       Loss/Loss_transition |            2.41 |
|           Loss/Loss_reward |          0.0555 |
|            Loss/Loss_actor |            -115 |
|         DHPG/Q_actual_mean |            75.6 |
|       DHPG/Q_abstract_mean |            37.6 |
|     DHPG/Value_equivalence |            42.2 |
|           Norm/actor_model |             131 |
|          Norm/critic_model |             231 |
| Norm/abstract_critic_model |            80.2 |
|   Norm/state_encoder_model |             385 |
|  Norm/action_encoder_model |             139 |
|                Eval/Return |             720 |
------------------------------------------------
------------------------------------------------
|                Train/Steps |        4.36e+06 |
|           Loss/Loss_critic |           0.396 |
|  Loss/Loss_abstract_critic |               4 |
| Loss/Loss_lax_bisimulation |            2.78 |
|       Loss/Loss_transition |             2.4 |
|           Loss/Loss_reward |          0.0262 |
|            Loss/Loss_actor |            -131 |
|         DHPG/Q_actual_mean |            79.7 |
|       DHPG/Q_abstract_mean |            54.2 |
|     DHPG/Value_equivalence |            26.7 |
|           Norm/actor_model |             132 |
|          Norm/critic_model |             235 |
| Norm/abstract_critic_model |            81.1 |
|   Norm/state_encoder_model |             393 |
|  Norm/action_encoder_model |             141 |
|                Eval/Return |             316 |
------------------------------------------------
------------------------------------------------
|                Train/Steps |        4.49e+06 |
|           Loss/Loss_critic |            0.31 |
|  Loss/Loss_abstract_critic |            1.39 |
| Loss/Loss_lax_bisimulation |            1.92 |
|       Loss/Loss_transition |            2.38 |
|           Loss/Loss_reward |          0.0099 |
|            Loss/Loss_actor |            -135 |
|         DHPG/Q_actual_mean |            80.7 |
|       DHPG/Q_abstract_mean |            55.9 |
|     DHPG/Value_equivalence |            27.7 |
|           Norm/actor_model |             133 |
|          Norm/critic_model |             238 |
| Norm/abstract_critic_model |            83.1 |
|   Norm/state_encoder_model |             399 |
|  Norm/action_encoder_model |             142 |
|                Eval/Return |             708 |
------------------------------------------------
------------------------------------------------
|                Train/Steps |        4.62e+06 |
|           Loss/Loss_critic |           0.229 |
|  Loss/Loss_abstract_critic |             2.8 |
| Loss/Loss_lax_bisimulation |             2.1 |
|       Loss/Loss_transition |            2.41 |
|           Loss/Loss_reward |          0.0139 |
|            Loss/Loss_actor |            -147 |
|         DHPG/Q_actual_mean |              80 |
|       DHPG/Q_abstract_mean |            63.1 |
|     DHPG/Value_equivalence |            20.5 |
|           Norm/actor_model |             134 |
|          Norm/critic_model |             239 |
| Norm/abstract_critic_model |            84.1 |
|   Norm/state_encoder_model |             404 |
|  Norm/action_encoder_model |             144 |
|                Eval/Return |             688 |
------------------------------------------------
------------------------------------------------
|                Train/Steps |        4.74e+06 |
|           Loss/Loss_critic |           0.158 |
|  Loss/Loss_abstract_critic |            1.48 |
| Loss/Loss_lax_bisimulation |            2.79 |
|       Loss/Loss_transition |            2.38 |
|           Loss/Loss_reward |          0.0206 |
|            Loss/Loss_actor |            -132 |
|         DHPG/Q_actual_mean |            80.2 |
|       DHPG/Q_abstract_mean |            49.1 |
|     DHPG/Value_equivalence |            35.2 |
|           Norm/actor_model |             135 |
|          Norm/critic_model |             240 |
| Norm/abstract_critic_model |            84.8 |
|   Norm/state_encoder_model |             412 |
|  Norm/action_encoder_model |             145 |
|                Eval/Return |             726 |
------------------------------------------------
------------------------------------------------
|                Train/Steps |        4.87e+06 |
|           Loss/Loss_critic |           0.362 |
|  Loss/Loss_abstract_critic |            1.66 |
| Loss/Loss_lax_bisimulation |            2.57 |
|       Loss/Loss_transition |            2.36 |
|           Loss/Loss_reward |           0.015 |
|            Loss/Loss_actor |            -129 |
|         DHPG/Q_actual_mean |            82.2 |
|       DHPG/Q_abstract_mean |            48.2 |
|     DHPG/Value_equivalence |            35.9 |
|           Norm/actor_model |             136 |
|          Norm/critic_model |             242 |
| Norm/abstract_critic_model |            85.1 |
|   Norm/state_encoder_model |             418 |
|  Norm/action_encoder_model |             146 |
|                Eval/Return |             272 |
------------------------------------------------
------------------------------------------------
|                Train/Steps |           5e+06 |
|           Loss/Loss_critic |           0.483 |
|  Loss/Loss_abstract_critic |             2.3 |
| Loss/Loss_lax_bisimulation |            2.04 |
|       Loss/Loss_transition |            2.36 |
|           Loss/Loss_reward |          0.0311 |
|            Loss/Loss_actor |            -143 |
|         DHPG/Q_actual_mean |            84.8 |
|       DHPG/Q_abstract_mean |            60.1 |
|     DHPG/Value_equivalence |            27.4 |
|           Norm/actor_model |             137 |
|          Norm/critic_model |             245 |
| Norm/abstract_critic_model |            85.6 |
|   Norm/state_encoder_model |             424 |
|  Norm/action_encoder_model |             147 |
|                Eval/Return |             749 |
------------------------------------------------
[32mSaving model …[0m
[32mDone.[0m
[32mSaving model …[0m
[32mDone.[0m
