E0902 15:41:24.915557   27932 cuda_executor.cc:1526] Could not get kernel mode driver version: (INVALID_ARGUMENT: Version does not match the format X.Y.Z)
E0902 15:41:24.924315   27823 cuda_executor.cc:1526] Could not get kernel mode driver version: (INVALID_ARGUMENT: Version does not match the format X.Y.Z)
[32m[harness] num_envs=128 total_env_steps=5000000 batch=512 train_per_step=8 UTD=0.0625 seed=8192 transitions log_every=128000 transitions normalize_obs=True[0m
[32m[algorithm] lr=0.001 tau=0.005 nstep=1 update_every=2 stddev=linear(1.0,0.1,500000) origin=8192 bootstrap_on_truncation=True matching_dims=True[0m
[32mStart prefilling replay buffer[0m
[32mStart DHPG training[0m
------------------------------------------------
|                Train/Steps |        1.36e+05 |
|           Loss/Loss_critic |           0.202 |
|  Loss/Loss_abstract_critic |          0.0551 |
| Loss/Loss_lax_bisimulation |           0.299 |
|       Loss/Loss_transition |            2.33 |
|           Loss/Loss_reward |         0.00953 |
|            Loss/Loss_actor |           -10.1 |
|         DHPG/Q_actual_mean |             6.4 |
|       DHPG/Q_abstract_mean |            3.44 |
|     DHPG/Value_equivalence |             3.4 |
|           Norm/actor_model |            40.5 |
|          Norm/critic_model |            33.3 |
| Norm/abstract_critic_model |            20.7 |
|   Norm/state_encoder_model |              48 |
|  Norm/action_encoder_model |            30.4 |
|                Eval/Return |             206 |
------------------------------------------------
------------------------------------------------
|                Train/Steps |        2.64e+05 |
|           Loss/Loss_critic |           0.227 |
|  Loss/Loss_abstract_critic |           0.164 |
| Loss/Loss_lax_bisimulation |           0.606 |
|       Loss/Loss_transition |            2.33 |
|           Loss/Loss_reward |         0.00758 |
|            Loss/Loss_actor |           -20.5 |
|         DHPG/Q_actual_mean |            15.2 |
|       DHPG/Q_abstract_mean |            4.72 |
|     DHPG/Value_equivalence |            10.6 |
|           Norm/actor_model |            51.4 |
|          Norm/critic_model |            43.6 |
| Norm/abstract_critic_model |              26 |
|   Norm/state_encoder_model |            68.1 |
|  Norm/action_encoder_model |            35.2 |
|                Eval/Return |             485 |
------------------------------------------------
------------------------------------------------
|                Train/Steps |        3.92e+05 |
|           Loss/Loss_critic |           0.323 |
|  Loss/Loss_abstract_critic |           0.519 |
| Loss/Loss_lax_bisimulation |           0.473 |
|       Loss/Loss_transition |            2.37 |
|           Loss/Loss_reward |         0.00612 |
|            Loss/Loss_actor |           -34.5 |
|         DHPG/Q_actual_mean |            25.7 |
|       DHPG/Q_abstract_mean |            8.85 |
|     DHPG/Value_equivalence |              17 |
|           Norm/actor_model |            58.6 |
|          Norm/critic_model |            50.3 |
| Norm/abstract_critic_model |            33.8 |
|   Norm/state_encoder_model |            80.7 |
|  Norm/action_encoder_model |            40.3 |
|                Eval/Return |             943 |
------------------------------------------------
------------------------------------------------
|                Train/Steps |         5.2e+05 |
|           Loss/Loss_critic |           0.191 |
|  Loss/Loss_abstract_critic |           0.737 |
| Loss/Loss_lax_bisimulation |           0.844 |
|       Loss/Loss_transition |            2.36 |
|           Loss/Loss_reward |         0.00843 |
|            Loss/Loss_actor |           -56.8 |
|         DHPG/Q_actual_mean |            35.9 |
|       DHPG/Q_abstract_mean |            18.9 |
|     DHPG/Value_equivalence |            17.4 |
|           Norm/actor_model |            64.6 |
|          Norm/critic_model |            55.9 |
| Norm/abstract_critic_model |            39.8 |
|   Norm/state_encoder_model |            90.3 |
|  Norm/action_encoder_model |            45.2 |
|                Eval/Return |             948 |
------------------------------------------------
------------------------------------------------
|                Train/Steps |        6.48e+05 |
|           Loss/Loss_critic |           0.202 |
|  Loss/Loss_abstract_critic |            0.61 |
| Loss/Loss_lax_bisimulation |            1.16 |
|       Loss/Loss_transition |            2.36 |
|           Loss/Loss_reward |           0.014 |
|            Loss/Loss_actor |           -73.8 |
|         DHPG/Q_actual_mean |            43.8 |
|       DHPG/Q_abstract_mean |            27.3 |
|     DHPG/Value_equivalence |            16.6 |
|           Norm/actor_model |            69.2 |
|          Norm/critic_model |            60.4 |
| Norm/abstract_critic_model |            45.6 |
|   Norm/state_encoder_model |            98.6 |
|  Norm/action_encoder_model |            49.7 |
|                Eval/Return |             952 |
------------------------------------------------
------------------------------------------------
|                Train/Steps |        7.76e+05 |
|           Loss/Loss_critic |           0.342 |
|  Loss/Loss_abstract_critic |            1.14 |
| Loss/Loss_lax_bisimulation |            1.17 |
|       Loss/Loss_transition |            2.36 |
|           Loss/Loss_reward |         0.00898 |
|            Loss/Loss_actor |           -89.4 |
|         DHPG/Q_actual_mean |            51.9 |
|       DHPG/Q_abstract_mean |            35.9 |
|     DHPG/Value_equivalence |            16.3 |
|           Norm/actor_model |            72.7 |
|          Norm/critic_model |              65 |
| Norm/abstract_critic_model |            49.7 |
|   Norm/state_encoder_model |             107 |
|  Norm/action_encoder_model |            53.8 |
|                Eval/Return |             951 |
------------------------------------------------
------------------------------------------------
|                Train/Steps |        9.04e+05 |
|           Loss/Loss_critic |           0.235 |
|  Loss/Loss_abstract_critic |           0.861 |
| Loss/Loss_lax_bisimulation |            1.12 |
|       Loss/Loss_transition |            2.36 |
|           Loss/Loss_reward |         0.00894 |
|            Loss/Loss_actor |            -112 |
|         DHPG/Q_actual_mean |            59.1 |
|       DHPG/Q_abstract_mean |            50.8 |
|     DHPG/Value_equivalence |             9.4 |
|           Norm/actor_model |              76 |
|          Norm/critic_model |            69.1 |
| Norm/abstract_critic_model |            52.9 |
|   Norm/state_encoder_model |             113 |
|  Norm/action_encoder_model |            57.4 |
|                Eval/Return |             977 |
------------------------------------------------
------------------------------------------------
|                Train/Steps |        1.03e+06 |
|           Loss/Loss_critic |           0.343 |
|  Loss/Loss_abstract_critic |            1.48 |
| Loss/Loss_lax_bisimulation |            1.31 |
|       Loss/Loss_transition |            2.36 |
|           Loss/Loss_reward |         0.00824 |
|            Loss/Loss_actor |            -131 |
|         DHPG/Q_actual_mean |            64.4 |
|       DHPG/Q_abstract_mean |            64.8 |
|     DHPG/Value_equivalence |            7.87 |
|           Norm/actor_model |              79 |
|          Norm/critic_model |            72.5 |
| Norm/abstract_critic_model |            55.6 |
|   Norm/state_encoder_model |             119 |
|  Norm/action_encoder_model |            60.6 |
|                Eval/Return |             972 |
------------------------------------------------
[32mSaving model …[0m
[32mDone.[0m
[32mSaving model …[0m
[32mDone.[0m
------------------------------------------------
|                Train/Steps |        1.16e+06 |
|           Loss/Loss_critic |           0.161 |
|  Loss/Loss_abstract_critic |            1.63 |
| Loss/Loss_lax_bisimulation |            1.95 |
|       Loss/Loss_transition |            2.38 |
|           Loss/Loss_reward |         0.00508 |
|            Loss/Loss_actor |            -148 |
|         DHPG/Q_actual_mean |              69 |
|       DHPG/Q_abstract_mean |            78.2 |
|     DHPG/Value_equivalence |            10.3 |
|           Norm/actor_model |            82.1 |
|          Norm/critic_model |            75.9 |
| Norm/abstract_critic_model |            58.1 |
|   Norm/state_encoder_model |             125 |
|  Norm/action_encoder_model |            63.7 |
|                Eval/Return |             971 |
------------------------------------------------
------------------------------------------------
|                Train/Steps |        1.29e+06 |
|           Loss/Loss_critic |           0.248 |
|  Loss/Loss_abstract_critic |            2.05 |
| Loss/Loss_lax_bisimulation |            1.37 |
|       Loss/Loss_transition |            2.37 |
|           Loss/Loss_reward |         0.00455 |
|            Loss/Loss_actor |            -165 |
|         DHPG/Q_actual_mean |            72.5 |
|       DHPG/Q_abstract_mean |            92.1 |
|     DHPG/Value_equivalence |            19.7 |
|           Norm/actor_model |            84.7 |
|          Norm/critic_model |            79.4 |
| Norm/abstract_critic_model |            60.4 |
|   Norm/state_encoder_model |             130 |
|  Norm/action_encoder_model |            66.8 |
|                Eval/Return |             956 |
------------------------------------------------
------------------------------------------------
|                Train/Steps |        1.42e+06 |
|           Loss/Loss_critic |           0.236 |
|  Loss/Loss_abstract_critic |            1.77 |
| Loss/Loss_lax_bisimulation |            2.19 |
|       Loss/Loss_transition |            2.37 |
|           Loss/Loss_reward |         0.00703 |
|            Loss/Loss_actor |            -175 |
|         DHPG/Q_actual_mean |            75.9 |
|       DHPG/Q_abstract_mean |            97.4 |
|     DHPG/Value_equivalence |            21.6 |
|           Norm/actor_model |            87.6 |
|          Norm/critic_model |              83 |
| Norm/abstract_critic_model |            62.4 |
|   Norm/state_encoder_model |             135 |
|  Norm/action_encoder_model |              70 |
|                Eval/Return |             971 |
------------------------------------------------
------------------------------------------------
|                Train/Steps |        1.54e+06 |
|           Loss/Loss_critic |           0.183 |
|  Loss/Loss_abstract_critic |            1.39 |
| Loss/Loss_lax_bisimulation |            1.55 |
|       Loss/Loss_transition |            2.35 |
|           Loss/Loss_reward |         0.00475 |
|            Loss/Loss_actor |            -191 |
|         DHPG/Q_actual_mean |            79.2 |
|       DHPG/Q_abstract_mean |             110 |
|     DHPG/Value_equivalence |            30.4 |
|           Norm/actor_model |            89.7 |
|          Norm/critic_model |            86.2 |
| Norm/abstract_critic_model |            64.4 |
|   Norm/state_encoder_model |             139 |
|  Norm/action_encoder_model |            73.2 |
|                Eval/Return |             939 |
------------------------------------------------
------------------------------------------------
|                Train/Steps |        1.67e+06 |
|           Loss/Loss_critic |           0.217 |
|  Loss/Loss_abstract_critic |            1.54 |
| Loss/Loss_lax_bisimulation |            1.44 |
|       Loss/Loss_transition |            2.35 |
|           Loss/Loss_reward |         0.00436 |
|            Loss/Loss_actor |            -199 |
|         DHPG/Q_actual_mean |            81.6 |
|       DHPG/Q_abstract_mean |             115 |
|     DHPG/Value_equivalence |            33.5 |
|           Norm/actor_model |              92 |
|          Norm/critic_model |            89.2 |
| Norm/abstract_critic_model |              66 |
|   Norm/state_encoder_model |             143 |
|  Norm/action_encoder_model |            76.3 |
|                Eval/Return |             978 |
------------------------------------------------
------------------------------------------------
|                Train/Steps |         1.8e+06 |
|           Loss/Loss_critic |           0.228 |
|  Loss/Loss_abstract_critic |            2.05 |
| Loss/Loss_lax_bisimulation |             1.4 |
|       Loss/Loss_transition |            2.36 |
|           Loss/Loss_reward |         0.00467 |
|            Loss/Loss_actor |            -209 |
|         DHPG/Q_actual_mean |            84.3 |
|       DHPG/Q_abstract_mean |             126 |
|     DHPG/Value_equivalence |            41.5 |
|           Norm/actor_model |            94.7 |
|          Norm/critic_model |            92.2 |
| Norm/abstract_critic_model |            67.6 |
|   Norm/state_encoder_model |             147 |
|  Norm/action_encoder_model |            79.3 |
|                Eval/Return |             974 |
------------------------------------------------
------------------------------------------------
|                Train/Steps |        1.93e+06 |
|           Loss/Loss_critic |           0.147 |
|  Loss/Loss_abstract_critic |            1.88 |
| Loss/Loss_lax_bisimulation |             2.6 |
|       Loss/Loss_transition |            2.35 |
|           Loss/Loss_reward |         0.00145 |
|            Loss/Loss_actor |            -222 |
|         DHPG/Q_actual_mean |            85.1 |
|       DHPG/Q_abstract_mean |             133 |
|     DHPG/Value_equivalence |              48 |
|           Norm/actor_model |              97 |
|          Norm/critic_model |            95.1 |
| Norm/abstract_critic_model |            68.8 |
|   Norm/state_encoder_model |             151 |
|  Norm/action_encoder_model |            82.2 |
|                Eval/Return |             979 |
------------------------------------------------
------------------------------------------------
|                Train/Steps |        2.06e+06 |
|           Loss/Loss_critic |            0.14 |
|  Loss/Loss_abstract_critic |            1.64 |
| Loss/Loss_lax_bisimulation |            1.57 |
|       Loss/Loss_transition |            2.35 |
|           Loss/Loss_reward |         0.00382 |
|            Loss/Loss_actor |            -228 |
|         DHPG/Q_actual_mean |            87.6 |
|       DHPG/Q_abstract_mean |             141 |
|     DHPG/Value_equivalence |            52.8 |
|           Norm/actor_model |            99.3 |
|          Norm/critic_model |            97.8 |
| Norm/abstract_critic_model |              70 |
|   Norm/state_encoder_model |             155 |
|  Norm/action_encoder_model |              85 |
|                Eval/Return |             979 |
------------------------------------------------
[32mSaving model …[0m
[32mDone.[0m
[32mSaving model …[0m
[32mDone.[0m
------------------------------------------------
|                Train/Steps |        2.18e+06 |
|           Loss/Loss_critic |           0.213 |
|  Loss/Loss_abstract_critic |            1.57 |
| Loss/Loss_lax_bisimulation |            1.51 |
|       Loss/Loss_transition |            2.36 |
|           Loss/Loss_reward |         0.00465 |
|            Loss/Loss_actor |            -230 |
|         DHPG/Q_actual_mean |            88.7 |
|       DHPG/Q_abstract_mean |             141 |
|     DHPG/Value_equivalence |            52.9 |
|           Norm/actor_model |             101 |
|          Norm/critic_model |             100 |
| Norm/abstract_critic_model |            71.3 |
|   Norm/state_encoder_model |             158 |
|  Norm/action_encoder_model |            87.5 |
|                Eval/Return |             977 |
------------------------------------------------
------------------------------------------------
|                Train/Steps |        2.31e+06 |
|           Loss/Loss_critic |           0.151 |
|  Loss/Loss_abstract_critic |             1.6 |
| Loss/Loss_lax_bisimulation |            1.25 |
|       Loss/Loss_transition |            2.36 |
|           Loss/Loss_reward |         0.00352 |
|            Loss/Loss_actor |            -232 |
|         DHPG/Q_actual_mean |            90.8 |
|       DHPG/Q_abstract_mean |             142 |
|     DHPG/Value_equivalence |            51.6 |
|           Norm/actor_model |             103 |
|          Norm/critic_model |             103 |
| Norm/abstract_critic_model |            72.3 |
|   Norm/state_encoder_model |             161 |
|  Norm/action_encoder_model |            90.1 |
|                Eval/Return |             904 |
------------------------------------------------
------------------------------------------------
|                Train/Steps |        2.44e+06 |
|           Loss/Loss_critic |           0.211 |
|  Loss/Loss_abstract_critic |           0.753 |
| Loss/Loss_lax_bisimulation |            1.22 |
|       Loss/Loss_transition |            2.36 |
|           Loss/Loss_reward |         0.00258 |
|            Loss/Loss_actor |            -232 |
|         DHPG/Q_actual_mean |            91.7 |
|       DHPG/Q_abstract_mean |             140 |
|     DHPG/Value_equivalence |            48.1 |
|           Norm/actor_model |             105 |
|          Norm/critic_model |             106 |
| Norm/abstract_critic_model |            72.8 |
|   Norm/state_encoder_model |             164 |
|  Norm/action_encoder_model |            92.8 |
|                Eval/Return |             980 |
------------------------------------------------
------------------------------------------------
|                Train/Steps |        2.57e+06 |
|           Loss/Loss_critic |           0.219 |
|  Loss/Loss_abstract_critic |             2.1 |
| Loss/Loss_lax_bisimulation |           0.955 |
|       Loss/Loss_transition |            2.36 |
|           Loss/Loss_reward |         0.00537 |
|            Loss/Loss_actor |            -231 |
|         DHPG/Q_actual_mean |            92.1 |
|       DHPG/Q_abstract_mean |             137 |
|     DHPG/Value_equivalence |              45 |
|           Norm/actor_model |             107 |
|          Norm/critic_model |             108 |
| Norm/abstract_critic_model |            73.6 |
|   Norm/state_encoder_model |             167 |
|  Norm/action_encoder_model |            95.3 |
|                Eval/Return |             935 |
------------------------------------------------
------------------------------------------------
|                Train/Steps |         2.7e+06 |
|           Loss/Loss_critic |           0.215 |
|  Loss/Loss_abstract_critic |            1.02 |
| Loss/Loss_lax_bisimulation |             1.3 |
|       Loss/Loss_transition |            2.35 |
|           Loss/Loss_reward |         0.00353 |
|            Loss/Loss_actor |            -231 |
|         DHPG/Q_actual_mean |            92.3 |
|       DHPG/Q_abstract_mean |             138 |
|     DHPG/Value_equivalence |              46 |
|           Norm/actor_model |             109 |
|          Norm/critic_model |             111 |
| Norm/abstract_critic_model |            74.5 |
|   Norm/state_encoder_model |             170 |
|  Norm/action_encoder_model |            97.6 |
|                Eval/Return |             967 |
------------------------------------------------
------------------------------------------------
|                Train/Steps |        2.82e+06 |
|           Loss/Loss_critic |            0.16 |
|  Loss/Loss_abstract_critic |           0.986 |
| Loss/Loss_lax_bisimulation |            1.61 |
|       Loss/Loss_transition |            2.36 |
|           Loss/Loss_reward |         0.00292 |
|            Loss/Loss_actor |            -234 |
|         DHPG/Q_actual_mean |            93.2 |
|       DHPG/Q_abstract_mean |             140 |
|     DHPG/Value_equivalence |            46.9 |
|           Norm/actor_model |             111 |
|          Norm/critic_model |             113 |
| Norm/abstract_critic_model |            75.3 |
|   Norm/state_encoder_model |             173 |
|  Norm/action_encoder_model |            99.9 |
|                Eval/Return |             976 |
------------------------------------------------
------------------------------------------------
|                Train/Steps |        2.95e+06 |
|           Loss/Loss_critic |           0.124 |
|  Loss/Loss_abstract_critic |           0.741 |
| Loss/Loss_lax_bisimulation |             1.2 |
|       Loss/Loss_transition |            2.34 |
|           Loss/Loss_reward |         0.00242 |
|            Loss/Loss_actor |            -233 |
|         DHPG/Q_actual_mean |            94.2 |
|       DHPG/Q_abstract_mean |             138 |
|     DHPG/Value_equivalence |            44.1 |
|           Norm/actor_model |             113 |
|          Norm/critic_model |             115 |
| Norm/abstract_critic_model |            76.2 |
|   Norm/state_encoder_model |             176 |
|  Norm/action_encoder_model |             102 |
|                Eval/Return |             982 |
------------------------------------------------
------------------------------------------------
|                Train/Steps |        3.08e+06 |
|           Loss/Loss_critic |           0.111 |
|  Loss/Loss_abstract_critic |           0.877 |
| Loss/Loss_lax_bisimulation |            1.25 |
|       Loss/Loss_transition |            2.35 |
|           Loss/Loss_reward |         0.00296 |
|            Loss/Loss_actor |            -234 |
|         DHPG/Q_actual_mean |            95.4 |
|       DHPG/Q_abstract_mean |             139 |
|     DHPG/Value_equivalence |              44 |
|           Norm/actor_model |             114 |
|          Norm/critic_model |             117 |
| Norm/abstract_critic_model |            77.2 |
|   Norm/state_encoder_model |             179 |
|  Norm/action_encoder_model |             104 |
|                Eval/Return |             979 |
------------------------------------------------
[32mSaving model …[0m
[32mDone.[0m
[32mSaving model …[0m
[32mDone.[0m
------------------------------------------------
|                Train/Steps |        3.21e+06 |
|           Loss/Loss_critic |           0.148 |
|  Loss/Loss_abstract_critic |           0.705 |
| Loss/Loss_lax_bisimulation |            1.11 |
|       Loss/Loss_transition |            2.35 |
|           Loss/Loss_reward |         0.00378 |
|            Loss/Loss_actor |            -232 |
|         DHPG/Q_actual_mean |            95.7 |
|       DHPG/Q_abstract_mean |             137 |
|     DHPG/Value_equivalence |            41.2 |
|           Norm/actor_model |             116 |
|          Norm/critic_model |             120 |
| Norm/abstract_critic_model |            78.3 |
|   Norm/state_encoder_model |             182 |
|  Norm/action_encoder_model |             107 |
|                Eval/Return |             982 |
------------------------------------------------
------------------------------------------------
|                Train/Steps |        3.34e+06 |
|           Loss/Loss_critic |           0.148 |
|  Loss/Loss_abstract_critic |           0.807 |
| Loss/Loss_lax_bisimulation |           0.969 |
|       Loss/Loss_transition |            2.35 |
|           Loss/Loss_reward |          0.0017 |
|            Loss/Loss_actor |            -234 |
|         DHPG/Q_actual_mean |            96.2 |
|       DHPG/Q_abstract_mean |             137 |
|     DHPG/Value_equivalence |            40.8 |
|           Norm/actor_model |             118 |
|          Norm/critic_model |             122 |
| Norm/abstract_critic_model |            79.3 |
|   Norm/state_encoder_model |             185 |
|  Norm/action_encoder_model |             109 |
|                Eval/Return |             974 |
------------------------------------------------
------------------------------------------------
|                Train/Steps |        3.46e+06 |
|           Loss/Loss_critic |           0.103 |
|  Loss/Loss_abstract_critic |           0.944 |
| Loss/Loss_lax_bisimulation |            1.24 |
|       Loss/Loss_transition |            2.34 |
|           Loss/Loss_reward |         0.00198 |
|            Loss/Loss_actor |            -231 |
|         DHPG/Q_actual_mean |            95.6 |
|       DHPG/Q_abstract_mean |             135 |
|     DHPG/Value_equivalence |            39.6 |
|           Norm/actor_model |             120 |
|          Norm/critic_model |             124 |
| Norm/abstract_critic_model |            80.4 |
|   Norm/state_encoder_model |             187 |
|  Norm/action_encoder_model |             111 |
|                Eval/Return |             978 |
------------------------------------------------
------------------------------------------------
|                Train/Steps |        3.59e+06 |
|           Loss/Loss_critic |           0.196 |
|  Loss/Loss_abstract_critic |            1.83 |
| Loss/Loss_lax_bisimulation |            1.03 |
|       Loss/Loss_transition |            2.35 |
|           Loss/Loss_reward |         0.00402 |
|            Loss/Loss_actor |            -234 |
|         DHPG/Q_actual_mean |            95.8 |
|       DHPG/Q_abstract_mean |             140 |
|     DHPG/Value_equivalence |            44.4 |
|           Norm/actor_model |             122 |
|          Norm/critic_model |             126 |
| Norm/abstract_critic_model |            81.4 |
|   Norm/state_encoder_model |             190 |
|  Norm/action_encoder_model |             113 |
|                Eval/Return |             980 |
------------------------------------------------
------------------------------------------------
|                Train/Steps |        3.72e+06 |
|           Loss/Loss_critic |           0.106 |
|  Loss/Loss_abstract_critic |           0.738 |
| Loss/Loss_lax_bisimulation |            1.24 |
|       Loss/Loss_transition |            2.33 |
|           Loss/Loss_reward |         0.00134 |
|            Loss/Loss_actor |            -235 |
|         DHPG/Q_actual_mean |            95.6 |
|       DHPG/Q_abstract_mean |             139 |
|     DHPG/Value_equivalence |            43.6 |
|           Norm/actor_model |             123 |
|          Norm/critic_model |             128 |
| Norm/abstract_critic_model |            82.3 |
|   Norm/state_encoder_model |             192 |
|  Norm/action_encoder_model |             115 |
|                Eval/Return |             978 |
------------------------------------------------
------------------------------------------------
|                Train/Steps |        3.85e+06 |
|           Loss/Loss_critic |           0.112 |
|  Loss/Loss_abstract_critic |            1.14 |
| Loss/Loss_lax_bisimulation |            1.19 |
|       Loss/Loss_transition |            2.35 |
|           Loss/Loss_reward |         0.00505 |
|            Loss/Loss_actor |            -238 |
|         DHPG/Q_actual_mean |            95.9 |
|       DHPG/Q_abstract_mean |             141 |
|     DHPG/Value_equivalence |            45.6 |
|           Norm/actor_model |             124 |
|          Norm/critic_model |             130 |
| Norm/abstract_critic_model |            83.3 |
|   Norm/state_encoder_model |             195 |
|  Norm/action_encoder_model |             117 |
|                Eval/Return |             980 |
------------------------------------------------
------------------------------------------------
|                Train/Steps |        3.98e+06 |
|           Loss/Loss_critic |           0.186 |
|  Loss/Loss_abstract_critic |           0.981 |
| Loss/Loss_lax_bisimulation |           0.926 |
|       Loss/Loss_transition |            2.35 |
|           Loss/Loss_reward |         0.00211 |
|            Loss/Loss_actor |            -238 |
|         DHPG/Q_actual_mean |              96 |
|       DHPG/Q_abstract_mean |             141 |
|     DHPG/Value_equivalence |            44.8 |
|           Norm/actor_model |             126 |
|          Norm/critic_model |             132 |
| Norm/abstract_critic_model |            84.5 |
|   Norm/state_encoder_model |             197 |
|  Norm/action_encoder_model |             119 |
|                Eval/Return |             976 |
------------------------------------------------
------------------------------------------------
|                Train/Steps |         4.1e+06 |
|           Loss/Loss_critic |           0.115 |
|  Loss/Loss_abstract_critic |           0.571 |
| Loss/Loss_lax_bisimulation |            0.96 |
|       Loss/Loss_transition |            2.36 |
|           Loss/Loss_reward |         0.00247 |
|            Loss/Loss_actor |            -233 |
|         DHPG/Q_actual_mean |            97.5 |
|       DHPG/Q_abstract_mean |             135 |
|     DHPG/Value_equivalence |            37.7 |
|           Norm/actor_model |             127 |
|          Norm/critic_model |             134 |
| Norm/abstract_critic_model |            85.1 |
|   Norm/state_encoder_model |             199 |
|  Norm/action_encoder_model |             120 |
|                Eval/Return |             976 |
------------------------------------------------
[32mSaving model …[0m
[32mDone.[0m
[32mSaving model …[0m
[32mDone.[0m
------------------------------------------------
|                Train/Steps |        4.23e+06 |
|           Loss/Loss_critic |          0.0834 |
|  Loss/Loss_abstract_critic |           0.789 |
| Loss/Loss_lax_bisimulation |            1.08 |
|       Loss/Loss_transition |            2.35 |
|           Loss/Loss_reward |         0.00249 |
|            Loss/Loss_actor |            -235 |
|         DHPG/Q_actual_mean |            98.5 |
|       DHPG/Q_abstract_mean |             136 |
|     DHPG/Value_equivalence |            37.1 |
|           Norm/actor_model |             127 |
|          Norm/critic_model |             136 |
| Norm/abstract_critic_model |            85.5 |
|   Norm/state_encoder_model |             202 |
|  Norm/action_encoder_model |             122 |
|                Eval/Return |             980 |
------------------------------------------------
------------------------------------------------
|                Train/Steps |        4.36e+06 |
|           Loss/Loss_critic |          0.0703 |
|  Loss/Loss_abstract_critic |           0.455 |
| Loss/Loss_lax_bisimulation |           0.681 |
|       Loss/Loss_transition |            2.34 |
|           Loss/Loss_reward |         0.00203 |
|            Loss/Loss_actor |            -237 |
|         DHPG/Q_actual_mean |            99.3 |
|       DHPG/Q_abstract_mean |             137 |
|     DHPG/Value_equivalence |            37.8 |
|           Norm/actor_model |             128 |
|          Norm/critic_model |             138 |
| Norm/abstract_critic_model |            86.1 |
|   Norm/state_encoder_model |             204 |
|  Norm/action_encoder_model |             123 |
|                Eval/Return |             980 |
------------------------------------------------
------------------------------------------------
|                Train/Steps |        4.49e+06 |
|           Loss/Loss_critic |           0.102 |
|  Loss/Loss_abstract_critic |            0.81 |
| Loss/Loss_lax_bisimulation |           0.709 |
|       Loss/Loss_transition |            2.35 |
|           Loss/Loss_reward |         0.00186 |
|            Loss/Loss_actor |            -240 |
|         DHPG/Q_actual_mean |            99.4 |
|       DHPG/Q_abstract_mean |             140 |
|     DHPG/Value_equivalence |            40.7 |
|           Norm/actor_model |             130 |
|          Norm/critic_model |             140 |
| Norm/abstract_critic_model |            86.8 |
|   Norm/state_encoder_model |             207 |
|  Norm/action_encoder_model |             125 |
|                Eval/Return |             975 |
------------------------------------------------
------------------------------------------------
|                Train/Steps |        4.62e+06 |
|           Loss/Loss_critic |          0.0963 |
|  Loss/Loss_abstract_critic |           0.729 |
| Loss/Loss_lax_bisimulation |           0.855 |
|       Loss/Loss_transition |            2.34 |
|           Loss/Loss_reward |          0.0015 |
|            Loss/Loss_actor |            -243 |
|         DHPG/Q_actual_mean |            99.2 |
|       DHPG/Q_abstract_mean |             144 |
|     DHPG/Value_equivalence |            45.1 |
|           Norm/actor_model |             131 |
|          Norm/critic_model |             141 |
| Norm/abstract_critic_model |            87.6 |
|   Norm/state_encoder_model |             209 |
|  Norm/action_encoder_model |             127 |
|                Eval/Return |             975 |
------------------------------------------------
------------------------------------------------
|                Train/Steps |        4.74e+06 |
|           Loss/Loss_critic |           0.206 |
|  Loss/Loss_abstract_critic |            1.11 |
| Loss/Loss_lax_bisimulation |           0.534 |
|       Loss/Loss_transition |            2.33 |
|           Loss/Loss_reward |         0.00265 |
|            Loss/Loss_actor |            -246 |
|         DHPG/Q_actual_mean |            99.7 |
|       DHPG/Q_abstract_mean |             146 |
|     DHPG/Value_equivalence |            46.6 |
|           Norm/actor_model |             132 |
|          Norm/critic_model |             143 |
| Norm/abstract_critic_model |            88.5 |
|   Norm/state_encoder_model |             212 |
|  Norm/action_encoder_model |             129 |
|                Eval/Return |             958 |
------------------------------------------------
------------------------------------------------
|                Train/Steps |        4.87e+06 |
|           Loss/Loss_critic |            0.06 |
|  Loss/Loss_abstract_critic |             1.3 |
| Loss/Loss_lax_bisimulation |           0.777 |
|       Loss/Loss_transition |            2.34 |
|           Loss/Loss_reward |         0.00159 |
|            Loss/Loss_actor |            -250 |
|         DHPG/Q_actual_mean |            99.3 |
|       DHPG/Q_abstract_mean |             151 |
|     DHPG/Value_equivalence |            51.5 |
|           Norm/actor_model |             134 |
|          Norm/critic_model |             145 |
| Norm/abstract_critic_model |            89.5 |
|   Norm/state_encoder_model |             215 |
|  Norm/action_encoder_model |             131 |
|                Eval/Return |             951 |
------------------------------------------------
------------------------------------------------
|                Train/Steps |           5e+06 |
|           Loss/Loss_critic |          0.0491 |
|  Loss/Loss_abstract_critic |           0.887 |
| Loss/Loss_lax_bisimulation |           0.648 |
|       Loss/Loss_transition |            2.34 |
|           Loss/Loss_reward |         0.00236 |
|            Loss/Loss_actor |            -251 |
|         DHPG/Q_actual_mean |            99.2 |
|       DHPG/Q_abstract_mean |             151 |
|     DHPG/Value_equivalence |            51.5 |
|           Norm/actor_model |             135 |
|          Norm/critic_model |             147 |
| Norm/abstract_critic_model |            91.2 |
|   Norm/state_encoder_model |             217 |
|  Norm/action_encoder_model |             133 |
|                Eval/Return |             960 |
------------------------------------------------
[32mSaving model …[0m
[32mDone.[0m
[32mSaving model …[0m
[32mDone.[0m
