[2026-09-04 01:32:22] starting mico_2_AcrobotSwingup_seed0
[2026-09-04 01:35:50] finished mico_2_AcrobotSwingup_seed0
[2026-09-04 01:35:50] starting mico_2_AcrobotSwingup_seed1
[2026-09-04 01:39:18] finished mico_2_AcrobotSwingup_seed1
[2026-09-04 01:39:18] starting mico_2_AcrobotSwingup_seed2
[2026-09-04 01:42:47] finished mico_2_AcrobotSwingup_seed2
[2026-09-04 01:42:47] starting mico_2_AcrobotSwingupSparse_seed0
[2026-09-04 01:46:15] finished mico_2_AcrobotSwingupSparse_seed0
[2026-09-04 01:46:15] starting mico_2_AcrobotSwingupSparse_seed1
[2026-09-04 01:49:44] finished mico_2_AcrobotSwingupSparse_seed1
[2026-09-04 01:49:44] starting mico_2_AcrobotSwingupSparse_seed2
[2026-09-04 01:53:12] finished mico_2_AcrobotSwingupSparse_seed2
[2026-09-04 01:53:12] starting mico_2_BallInCup_seed0
[2026-09-04 02:00:14] finished mico_2_BallInCup_seed0
[2026-09-04 02:00:14] starting mico_2_BallInCup_seed1
[2026-09-04 02:07:16] finished mico_2_BallInCup_seed1
[2026-09-04 02:07:16] starting mico_2_BallInCup_seed2
[2026-09-04 02:14:18] finished mico_2_BallInCup_seed2
[2026-09-04 02:14:18] starting mico_2_CartpoleBalanceSparse_seed0
[2026-09-04 02:17:44] finished mico_2_CartpoleBalanceSparse_seed0
[2026-09-04 02:17:44] starting mico_2_CartpoleBalanceSparse_seed1
[2026-09-04 02:21:10] finished mico_2_CartpoleBalanceSparse_seed1
[2026-09-04 02:21:10] starting mico_2_CartpoleBalanceSparse_seed2
[2026-09-04 02:24:37] finished mico_2_CartpoleBalanceSparse_seed2
[2026-09-04 02:24:37] starting mico_2_CartpoleSwingup_seed0
[2026-09-04 02:28:03] finished mico_2_CartpoleSwingup_seed0
[2026-09-04 02:28:03] starting mico_2_CartpoleSwingup_seed1
[2026-09-04 02:31:30] finished mico_2_CartpoleSwingup_seed1
[2026-09-04 02:31:30] starting mico_2_CartpoleSwingup_seed2
[2026-09-04 02:34:57] finished mico_2_CartpoleSwingup_seed2
[2026-09-04 02:34:57] starting mico_2_CartpoleSwingupSparse_seed0
[2026-09-04 02:38:23] finished mico_2_CartpoleSwingupSparse_seed0
[2026-09-04 02:38:23] starting mico_2_CartpoleSwingupSparse_seed1
[2026-09-04 02:41:50] finished mico_2_CartpoleSwingupSparse_seed1
[2026-09-04 02:41:50] starting mico_2_CartpoleSwingupSparse_seed2
[2026-09-04 02:45:16] finished mico_2_CartpoleSwingupSparse_seed2
[2026-09-04 02:45:16] starting mico_2_CheetahRun_seed0
[2026-09-04 02:51:22] finished mico_2_CheetahRun_seed0
[2026-09-04 02:51:22] starting mico_2_CheetahRun_seed1
[2026-09-04 02:57:27] finished mico_2_CheetahRun_seed1
[2026-09-04 02:57:27] starting mico_2_CheetahRun_seed2
[2026-09-04 03:03:32] finished mico_2_CheetahRun_seed2
[2026-09-04 03:03:32] starting mico_2_FingerSpin_seed0
[2026-09-04 03:11:02] finished mico_2_FingerSpin_seed0
[2026-09-04 03:11:02] starting mico_2_FingerSpin_seed1
[2026-09-04 03:18:32] finished mico_2_FingerSpin_seed1
[2026-09-04 03:18:32] starting mico_2_FingerSpin_seed2
[2026-09-04 03:26:06] finished mico_2_FingerSpin_seed2
[2026-09-04 03:26:06] starting mico_2_FingerTurnEasy_seed0
[2026-09-04 03:33:46] finished mico_2_FingerTurnEasy_seed0
[2026-09-04 03:33:46] starting mico_2_FingerTurnEasy_seed1
[2026-09-04 03:41:27] finished mico_2_FingerTurnEasy_seed1
[2026-09-04 03:41:27] starting mico_2_FingerTurnEasy_seed2
[2026-09-04 03:49:08] finished mico_2_FingerTurnEasy_seed2
[2026-09-04 03:49:08] starting mico_2_FingerTurnHard_seed0
[2026-09-04 03:56:49] finished mico_2_FingerTurnHard_seed0
[2026-09-04 03:56:49] starting mico_2_FingerTurnHard_seed1
[2026-09-04 04:04:29] finished mico_2_FingerTurnHard_seed1
[2026-09-04 04:04:29] starting mico_2_FingerTurnHard_seed2
[2026-09-04 04:12:09] finished mico_2_FingerTurnHard_seed2
[2026-09-04 04:12:09] starting mico_2_FishSwim_seed0
[2026-09-04 04:35:29] finished mico_2_FishSwim_seed0
[2026-09-04 04:35:29] starting mico_2_FishSwim_seed1
[2026-09-04 04:58:35] finished mico_2_FishSwim_seed1
[2026-09-04 04:58:35] starting mico_2_FishSwim_seed2
[2026-09-04 05:21:57] finished mico_2_FishSwim_seed2
[2026-09-04 05:21:57] starting mico_2_HopperHop_seed0
[2026-09-04 05:30:37] finished mico_2_HopperHop_seed0
[2026-09-04 05:30:37] starting mico_2_HopperHop_seed1
[2026-09-04 05:39:17] finished mico_2_HopperHop_seed1
[2026-09-04 05:39:17] starting mico_2_HopperHop_seed2
[2026-09-04 05:47:56] finished mico_2_HopperHop_seed2
[2026-09-04 05:47:56] starting mico_2_HopperStand_seed0
[2026-09-04 05:56:20] finished mico_2_HopperStand_seed0
[2026-09-04 05:56:20] starting mico_2_HopperStand_seed1
[2026-09-04 06:04:49] finished mico_2_HopperStand_seed1
[2026-09-04 06:04:49] starting mico_2_HopperStand_seed2
[2026-09-04 06:13:18] finished mico_2_HopperStand_seed2
[2026-09-04 06:13:18] starting mico_2_ReacherEasy_seed0
[2026-09-04 06:17:56] finished mico_2_ReacherEasy_seed0
[2026-09-04 06:17:56] starting mico_2_ReacherEasy_seed1
[2026-09-04 06:22:34] finished mico_2_ReacherEasy_seed1
[2026-09-04 06:22:34] starting mico_2_ReacherEasy_seed2
[2026-09-04 06:27:12] finished mico_2_ReacherEasy_seed2
[2026-09-04 06:27:12] starting mico_2_ReacherHard_seed0
[2026-09-04 06:31:50] finished mico_2_ReacherHard_seed0
[2026-09-04 06:31:50] starting mico_2_ReacherHard_seed1
[2026-09-04 06:36:27] finished mico_2_ReacherHard_seed1
[2026-09-04 06:36:27] starting mico_2_ReacherHard_seed2
[2026-09-04 06:41:05] finished mico_2_ReacherHard_seed2
[2026-09-04 06:41:05] starting mico_2_WalkerRun_seed0
[2026-09-04 06:55:20] finished mico_2_WalkerRun_seed0
[2026-09-04 06:55:20] starting mico_2_WalkerRun_seed1
[2026-09-04 07:09:35] finished mico_2_WalkerRun_seed1
[2026-09-04 07:09:35] starting mico_2_WalkerRun_seed2
[2026-09-04 07:23:52] finished mico_2_WalkerRun_seed2
[2026-09-04 07:23:52] starting mico_2_WalkerStand_seed0
[2026-09-04 07:37:46] finished mico_2_WalkerStand_seed0
[2026-09-04 07:37:46] starting mico_2_WalkerStand_seed1
[2026-09-04 07:51:43] finished mico_2_WalkerStand_seed1
[2026-09-04 07:51:43] starting mico_2_WalkerStand_seed2
[2026-09-04 08:05:40] finished mico_2_WalkerStand_seed2
[2026-09-04 08:05:40] starting mico_2_WalkerWalk_seed0
[2026-09-04 08:19:55] finished mico_2_WalkerWalk_seed0
[2026-09-04 08:19:55] starting mico_2_WalkerWalk_seed1
[2026-09-04 08:34:10] finished mico_2_WalkerWalk_seed1
[2026-09-04 08:34:10] starting mico_2_WalkerWalk_seed2
[2026-09-04 08:48:26] finished mico_2_WalkerWalk_seed2
